[1m[92m   Unpacking[0m base64 v0.22.1 (registry `/home/runner/work/rustwright/rustwright/target/release-check/registry-d945f7c1cb372c76`)
[1m[92m   Unpacking[0m block-buffer v0.12.1 (registry `/home/runner/work/rustwright/rustwright/target/release-check/registry-d945f7c1cb372c76`)
[1m[92m   Unpacking[0m bytes v1.12.1 (registry `/home/runner/work/rustwright/rustwright/target/release-check/registry-d945f7c1cb372c76`)
[1m[92m   Unpacking[0m cfg-if v1.0.5 (registry `/home/runner/work/rustwright/rustwright/target/release-check/registry-d945f7c1cb372c76`)
[1m[92m   Unpacking[0m chacha20 v0.10.2 (registry `/home/runner/work/rustwright/rustwright/target/release-check/registry-d945f7c1cb372c76`)
[1m[92m   Unpacking[0m const-oid v0.10.2 (registry `/home/runner/work/rustwright/rustwright/target/release-check/registry-d945f7c1cb372c76`)
[1m[92m   Unpacking[0m cpufeatures v0.3.1 (registry `/home/runner/work/rustwright/rustwright/target/release-check/registry-d945f7c1cb372c76`)
[1m[92m   Unpacking[0m crypto-common v0.2.2 (registry `/home/runner/work/rustwright/rustwright/target/release-check/registry-d945f7c1cb372c76`)
[1m[92m   Unpacking[0m data-encoding v2.11.1 (registry `/home/runner/work/rustwright/rustwright/target/release-check/registry-d945f7c1cb372c76`)
[1m[92m   Unpacking[0m digest v0.11.3 (registry `/home/runner/work/rustwright/rustwright/target/release-check/registry-d945f7c1cb372c76`)
[1m[92m   Unpacking[0m errno v0.3.14 (registry `/home/runner/work/rustwright/rustwright/target/release-check/registry-d945f7c1cb372c76`)
[1m[92m   Unpacking[0m futures-core v0.3.34 (registry `/home/runner/work/rustwright/rustwright/target/release-check/registry-d945f7c1cb372c76`)
[1m[92m   Unpacking[0m futures-macro v0.3.34 (registry `/home/runner/work/rustwright/rustwright/target/release-check/registry-d945f7c1cb372c76`)
[1m[92m   Unpacking[0m futures-sink v0.3.34 (registry `/home/runner/work/rustwright/rustwright/target/release-check/registry-d945f7c1cb372c76`)
[1m[92m   Unpacking[0m futures-task v0.3.34 (registry `/home/runner/work/rustwright/rustwright/target/release-check/registry-d945f7c1cb372c76`)
[1m[92m   Unpacking[0m futures-util v0.3.34 (registry `/home/runner/work/rustwright/rustwright/target/release-check/registry-d945f7c1cb372c76`)
[1m[92m   Unpacking[0m getrandom v0.4.3 (registry `/home/runner/work/rustwright/rustwright/target/release-check/registry-d945f7c1cb372c76`)
[1m[92m   Unpacking[0m http v1.5.0 (registry `/home/runner/work/rustwright/rustwright/target/release-check/registry-d945f7c1cb372c76`)
[1m[92m   Unpacking[0m httparse v1.10.1 (registry `/home/runner/work/rustwright/rustwright/target/release-check/registry-d945f7c1cb372c76`)
[1m[92m   Unpacking[0m hybrid-array v0.4.15 (registry `/home/runner/work/rustwright/rustwright/target/release-check/registry-d945f7c1cb372c76`)
[1m[92m   Unpacking[0m itoa v1.0.18 (registry `/home/runner/work/rustwright/rustwright/target/release-check/registry-d945f7c1cb372c76`)
[1m[92m   Unpacking[0m libc v0.2.189 (registry `/home/runner/work/rustwright/rustwright/target/release-check/registry-d945f7c1cb372c76`)
[1m[92m   Unpacking[0m log v0.4.34 (registry `/home/runner/work/rustwright/rustwright/target/release-check/registry-d945f7c1cb372c76`)
[1m[92m   Unpacking[0m memchr v2.8.3 (registry `/home/runner/work/rustwright/rustwright/target/release-check/registry-d945f7c1cb372c76`)
[1m[92m   Unpacking[0m mio v1.2.3 (registry `/home/runner/work/rustwright/rustwright/target/release-check/registry-d945f7c1cb372c76`)
[1m[92m   Unpacking[0m once_cell v1.21.4 (registry `/home/runner/work/rustwright/rustwright/target/release-check/registry-d945f7c1cb372c76`)
[1m[92m   Unpacking[0m pin-project-lite v0.2.17 (registry `/home/runner/work/rustwright/rustwright/target/release-check/registry-d945f7c1cb372c76`)
[1m[92m   Unpacking[0m proc-macro2 v1.0.107 (registry `/home/runner/work/rustwright/rustwright/target/release-check/registry-d945f7c1cb372c76`)
[1m[92m   Unpacking[0m quote v1.0.47 (registry `/home/runner/work/rustwright/rustwright/target/release-check/registry-d945f7c1cb372c76`)
[1m[92m   Unpacking[0m rand v0.10.2 (registry `/home/runner/work/rustwright/rustwright/target/release-check/registry-d945f7c1cb372c76`)
[1m[92m   Unpacking[0m rand_core v0.10.1 (registry `/home/runner/work/rustwright/rustwright/target/release-check/registry-d945f7c1cb372c76`)
[1m[92m   Unpacking[0m rustwright v0.1.0 (registry `/home/runner/work/rustwright/rustwright/target/release-check/registry-d945f7c1cb372c76`)
[1m[92m   Unpacking[0m rustwright-bidi v0.1.0 (registry `/home/runner/work/rustwright/rustwright/target/release-check/registry-d945f7c1cb372c76`)
[1m[92m   Unpacking[0m rustwright-browser v0.1.0 (registry `/home/runner/work/rustwright/rustwright/target/release-check/registry-d945f7c1cb372c76`)
[1m[92m   Unpacking[0m rustwright-cdp v0.1.0 (registry `/home/runner/work/rustwright/rustwright/target/release-check/registry-d945f7c1cb372c76`)
[1m[92m   Unpacking[0m rustwright-common v0.1.0 (registry `/home/runner/work/rustwright/rustwright/target/release-check/registry-d945f7c1cb372c76`)
[1m[92m   Unpacking[0m rustwright-core v0.1.0 (registry `/home/runner/work/rustwright/rustwright/target/release-check/registry-d945f7c1cb372c76`)
[1m[92m   Unpacking[0m rustwright-test v0.1.0 (registry `/home/runner/work/rustwright/rustwright/target/release-check/registry-d945f7c1cb372c76`)
[1m[92m   Unpacking[0m rustwright-test-macros v0.1.0 (registry `/home/runner/work/rustwright/rustwright/target/release-check/registry-d945f7c1cb372c76`)
[1m[92m   Unpacking[0m serde v1.0.229 (registry `/home/runner/work/rustwright/rustwright/target/release-check/registry-d945f7c1cb372c76`)
[1m[92m   Unpacking[0m serde_core v1.0.229 (registry `/home/runner/work/rustwright/rustwright/target/release-check/registry-d945f7c1cb372c76`)
[1m[92m   Unpacking[0m serde_derive v1.0.229 (registry `/home/runner/work/rustwright/rustwright/target/release-check/registry-d945f7c1cb372c76`)
[1m[92m   Unpacking[0m serde_json v1.0.151 (registry `/home/runner/work/rustwright/rustwright/target/release-check/registry-d945f7c1cb372c76`)
[1m[92m   Unpacking[0m sha1 v0.11.0 (registry `/home/runner/work/rustwright/rustwright/target/release-check/registry-d945f7c1cb372c76`)
[1m[92m   Unpacking[0m signal-hook-registry v1.4.8 (registry `/home/runner/work/rustwright/rustwright/target/release-check/registry-d945f7c1cb372c76`)
[1m[92m   Unpacking[0m slab v0.4.12 (registry `/home/runner/work/rustwright/rustwright/target/release-check/registry-d945f7c1cb372c76`)
[1m[92m   Unpacking[0m socket2 v0.6.5 (registry `/home/runner/work/rustwright/rustwright/target/release-check/registry-d945f7c1cb372c76`)
[1m[92m   Unpacking[0m syn v2.0.119 (registry `/home/runner/work/rustwright/rustwright/target/release-check/registry-d945f7c1cb372c76`)
[1m[92m   Unpacking[0m syn v3.0.6 (registry `/home/runner/work/rustwright/rustwright/target/release-check/registry-d945f7c1cb372c76`)
[1m[92m   Unpacking[0m thiserror v2.0.20 (registry `/home/runner/work/rustwright/rustwright/target/release-check/registry-d945f7c1cb372c76`)
[1m[92m   Unpacking[0m thiserror-impl v2.0.20 (registry `/home/runner/work/rustwright/rustwright/target/release-check/registry-d945f7c1cb372c76`)
[1m[92m   Unpacking[0m tokio v1.53.1 (registry `/home/runner/work/rustwright/rustwright/target/release-check/registry-d945f7c1cb372c76`)
[1m[92m   Unpacking[0m tokio-macros v2.7.2 (registry `/home/runner/work/rustwright/rustwright/target/release-check/registry-d945f7c1cb372c76`)
[1m[92m   Unpacking[0m tokio-tungstenite v0.30.0 (registry `/home/runner/work/rustwright/rustwright/target/release-check/registry-d945f7c1cb372c76`)
[1m[92m   Unpacking[0m tracing v0.1.44 (registry `/home/runner/work/rustwright/rustwright/target/release-check/registry-d945f7c1cb372c76`)
[1m[92m   Unpacking[0m tracing-attributes v0.1.31 (registry `/home/runner/work/rustwright/rustwright/target/release-check/registry-d945f7c1cb372c76`)
[1m[92m   Unpacking[0m tracing-core v0.1.36 (registry `/home/runner/work/rustwright/rustwright/target/release-check/registry-d945f7c1cb372c76`)
[1m[92m   Unpacking[0m tungstenite v0.30.0 (registry `/home/runner/work/rustwright/rustwright/target/release-check/registry-d945f7c1cb372c76`)
[1m[92m   Unpacking[0m typenum v1.20.1 (registry `/home/runner/work/rustwright/rustwright/target/release-check/registry-d945f7c1cb372c76`)
[1m[92m   Unpacking[0m unicode-ident v1.0.26 (registry `/home/runner/work/rustwright/rustwright/target/release-check/registry-d945f7c1cb372c76`)
[1m[92m   Unpacking[0m zmij v1.0.23 (registry `/home/runner/work/rustwright/rustwright/target/release-check/registry-d945f7c1cb372c76`)
[1m[92m   Compiling[0m proc-macro2 v1.0.107
[1m[92m   Compiling[0m unicode-ident v1.0.26
[1m[92m   Compiling[0m quote v1.0.47
[1m[92m   Compiling[0m libc v0.2.189
[1m[92m   Compiling[0m typenum v1.20.1
[1m[92m   Compiling[0m cfg-if v1.0.5
[1m[92m   Compiling[0m rand_core v0.10.1
[1m[92m   Compiling[0m cpufeatures v0.3.1
[1m[92m   Compiling[0m itoa v1.0.18
[1m[92m   Compiling[0m getrandom v0.4.3
[1m[92m   Compiling[0m serde_core v1.0.229
[1m[92m   Compiling[0m thiserror v2.0.20
[1m[92m   Compiling[0m syn v3.0.6
[1m[92m   Compiling[0m hybrid-array v0.4.15
[1m[92m   Compiling[0m bytes v1.12.1
[1m[92m   Compiling[0m zmij v1.0.23
[1m[92m   Compiling[0m httparse v1.10.1
[1m[92m   Compiling[0m crypto-common v0.2.2
[1m[92m   Compiling[0m block-buffer v0.12.1
[1m[92m   Compiling[0m const-oid v0.10.2
[1m[92m   Compiling[0m pin-project-lite v0.2.17
[1m[92m   Compiling[0m errno v0.3.14
[1m[92m   Compiling[0m syn v2.0.119
[1m[92m   Compiling[0m digest v0.11.3
[1m[92m   Compiling[0m chacha20 v0.10.2
[1m[92m   Compiling[0m serde_json v1.0.151
[1m[92m   Compiling[0m rand v0.10.2
[1m[92m   Compiling[0m sha1 v0.11.0
[1m[92m   Compiling[0m signal-hook-registry v1.4.8
[1m[92m   Compiling[0m http v1.5.0
[1m[92m   Compiling[0m mio v1.2.3
[1m[92m   Compiling[0m thiserror-impl v2.0.20
[1m[92m   Compiling[0m tokio-macros v2.7.2
[1m[92m   Compiling[0m futures-macro v0.3.34
[1m[92m   Compiling[0m socket2 v0.6.5
[1m[92m   Compiling[0m data-encoding v2.11.1
[1m[92m   Compiling[0m serde v1.0.229
[1m[92m   Compiling[0m slab v0.4.12
[1m[92m   Compiling[0m log v0.4.34
[1m[92m   Compiling[0m memchr v2.8.3
[1m[92m   Compiling[0m once_cell v1.21.4
[1m[92m   Compiling[0m futures-core v0.3.34
[1m[92m   Compiling[0m futures-task v0.3.34
[1m[92m   Compiling[0m futures-sink v0.3.34
[1m[92m   Compiling[0m tracing-attributes v0.1.31
[1m[92m   Compiling[0m futures-util v0.3.34
[1m[92m   Compiling[0m tracing-core v0.1.36
[1m[92m   Compiling[0m tungstenite v0.30.0
[1m[92m   Compiling[0m tokio v1.53.1
[1m[92m   Compiling[0m serde_derive v1.0.229
[1m[92m   Compiling[0m tracing v0.1.44
[1m[92m   Compiling[0m rustwright-common v0.1.0
[1m[92m   Compiling[0m base64 v0.22.1
[1m[92m   Compiling[0m rustwright-test-macros v0.1.0
[1m[92m   Compiling[0m tokio-tungstenite v0.30.0
[1m[92m   Compiling[0m rustwright-cdp v0.1.0
[1m[92m   Compiling[0m rustwright-browser v0.1.0
[1m[92m   Compiling[0m rustwright-bidi v0.1.0
[1m[92m   Compiling[0m rustwright-core v0.1.0
[1m[92m   Compiling[0m rustwright v0.1.0
[1m[92m   Compiling[0m rustwright-test v0.1.0
[1m[92m   Compiling[0m rustwright-release-consumer v0.0.0 (/home/runner/work/rustwright/rustwright/target/release-check/consumer)
[1m[33mwarning[0m[1m: function `fill_and_read` is never used[0m
 [1m[94m--> [0mtests/../src/readme_generic.rs:3:14
  [1m[94m|[0m
[1m[94m3[0m [1m[94m|[0m pub async fn fill_and_read<P>(page: &P, url: &str, text: &str) -> std::result::Result<String, P::Error>
  [1m[94m|[0m              [1m[33m^^^^^^^^^^^^^[0m
  [1m[94m|[0m
  [1m[94m= [0m[1mnote[0m: `#[warn(dead_code)]` (part of `#[warn(unused)]`) on by default

[1m[33mwarning[0m: `rustwright-release-consumer` (test "readme_compile") generated 1 warning
[1m[92m    Finished[0m `test` profile [unoptimized + debuginfo] target(s) in 19.92s
[1m[92m  Executable[0m unittests src/bin/readme_firefox.rs (/home/runner/work/rustwright/rustwright/target/release-check/consumer-target-stable/debug/deps/readme_firefox-d68055643e166ccb)
[1m[92m  Executable[0m unittests src/bin/readme_quickstart.rs (/home/runner/work/rustwright/rustwright/target/release-check/consumer-target-stable/debug/deps/readme_quickstart-376f453453500179)
[1m[92m  Executable[0m unittests src/main.rs (/home/runner/work/rustwright/rustwright/target/release-check/consumer-target-stable/debug/deps/rustwright_release_consumer-88844d9dddd698e5)
[1m[92m  Executable[0m tests/browser.rs (/home/runner/work/rustwright/rustwright/target/release-check/consumer-target-stable/debug/deps/browser-a48408479796c969)
[1m[92m  Executable[0m tests/macro_compile.rs (/home/runner/work/rustwright/rustwright/target/release-check/consumer-target-stable/debug/deps/macro_compile-ad513e7fc60e2a3a)
[1m[92m  Executable[0m tests/readme_compile.rs (/home/runner/work/rustwright/rustwright/target/release-check/consumer-target-stable/debug/deps/readme_compile-0c0dc75e21dfe6ca)
