[1m[92m    Finished[0m `test` profile [unoptimized + debuginfo] target(s) in 0.03s
[1m[92m     Running[0m http_actionability.rs (target/debug/deps/http_actionability-7b7ec9f2bab7c717)

running 12 tests
test chrome_blocked_prepare_timeout ... Requested browser mode: headless=true
Chrome version: Chrome/151.0.7922.138
ok
test chrome_disabled_aria_ancestor ... Requested browser mode: headless=true
Chrome version: Chrome/151.0.7922.138
ok
test chrome_disabled_fieldset ... Requested browser mode: headless=true
Chrome version: Chrome/151.0.7922.138
ok
test chrome_disabled_timeout ... Requested browser mode: headless=true
Chrome version: Chrome/151.0.7922.138
ok
test chrome_move_on_hover ... Requested browser mode: headless=true
Chrome version: Chrome/151.0.7922.138
ok
test chrome_transient_overlay ... Requested browser mode: headless=true
Chrome version: Chrome/151.0.7922.138
ok
test firefox_blocked_prepare_timeout ... Requested browser mode: headless=true
Firefox version: Some("153.4.0")
ok
test firefox_disabled_aria_ancestor ... Requested browser mode: headless=true
Firefox version: Some("153.4.0")
ok
test firefox_disabled_fieldset ... Requested browser mode: headless=true
Firefox version: Some("153.4.0")
ok
test firefox_disabled_timeout ... Requested browser mode: headless=true
Firefox version: Some("153.4.0")
ok
test firefox_move_on_hover ... Requested browser mode: headless=true
Firefox version: Some("153.4.0")
ok
test firefox_transient_overlay ... Requested browser mode: headless=true
Firefox version: Some("153.4.0")
ok

test result: ok. 12 passed; 0 failed; 0 ignored; 0 measured; 0 filtered out; finished in 19.47s

