   Unpacking base64 v0.22.1 (registry `/workspace/rustwright/target/ci-followup-package/registry-c57ce063f28217ae`)
   Unpacking block-buffer v0.12.1 (registry `/workspace/rustwright/target/ci-followup-package/registry-c57ce063f28217ae`)
   Unpacking bytes v1.12.1 (registry `/workspace/rustwright/target/ci-followup-package/registry-c57ce063f28217ae`)
   Unpacking cfg-if v1.0.5 (registry `/workspace/rustwright/target/ci-followup-package/registry-c57ce063f28217ae`)
   Unpacking chacha20 v0.10.2 (registry `/workspace/rustwright/target/ci-followup-package/registry-c57ce063f28217ae`)
   Unpacking const-oid v0.10.2 (registry `/workspace/rustwright/target/ci-followup-package/registry-c57ce063f28217ae`)
   Unpacking cpufeatures v0.3.1 (registry `/workspace/rustwright/target/ci-followup-package/registry-c57ce063f28217ae`)
   Unpacking crypto-common v0.2.2 (registry `/workspace/rustwright/target/ci-followup-package/registry-c57ce063f28217ae`)
   Unpacking data-encoding v2.11.1 (registry `/workspace/rustwright/target/ci-followup-package/registry-c57ce063f28217ae`)
   Unpacking digest v0.11.3 (registry `/workspace/rustwright/target/ci-followup-package/registry-c57ce063f28217ae`)
   Unpacking errno v0.3.14 (registry `/workspace/rustwright/target/ci-followup-package/registry-c57ce063f28217ae`)
   Unpacking futures-core v0.3.34 (registry `/workspace/rustwright/target/ci-followup-package/registry-c57ce063f28217ae`)
   Unpacking futures-macro v0.3.34 (registry `/workspace/rustwright/target/ci-followup-package/registry-c57ce063f28217ae`)
   Unpacking futures-sink v0.3.34 (registry `/workspace/rustwright/target/ci-followup-package/registry-c57ce063f28217ae`)
   Unpacking futures-task v0.3.34 (registry `/workspace/rustwright/target/ci-followup-package/registry-c57ce063f28217ae`)
   Unpacking futures-util v0.3.34 (registry `/workspace/rustwright/target/ci-followup-package/registry-c57ce063f28217ae`)
   Unpacking getrandom v0.4.3 (registry `/workspace/rustwright/target/ci-followup-package/registry-c57ce063f28217ae`)
   Unpacking http v1.5.0 (registry `/workspace/rustwright/target/ci-followup-package/registry-c57ce063f28217ae`)
   Unpacking httparse v1.10.1 (registry `/workspace/rustwright/target/ci-followup-package/registry-c57ce063f28217ae`)
   Unpacking hybrid-array v0.4.15 (registry `/workspace/rustwright/target/ci-followup-package/registry-c57ce063f28217ae`)
   Unpacking itoa v1.0.18 (registry `/workspace/rustwright/target/ci-followup-package/registry-c57ce063f28217ae`)
   Unpacking libc v0.2.189 (registry `/workspace/rustwright/target/ci-followup-package/registry-c57ce063f28217ae`)
   Unpacking log v0.4.34 (registry `/workspace/rustwright/target/ci-followup-package/registry-c57ce063f28217ae`)
   Unpacking memchr v2.8.3 (registry `/workspace/rustwright/target/ci-followup-package/registry-c57ce063f28217ae`)
   Unpacking mio v1.2.3 (registry `/workspace/rustwright/target/ci-followup-package/registry-c57ce063f28217ae`)
   Unpacking once_cell v1.21.4 (registry `/workspace/rustwright/target/ci-followup-package/registry-c57ce063f28217ae`)
   Unpacking pin-project-lite v0.2.17 (registry `/workspace/rustwright/target/ci-followup-package/registry-c57ce063f28217ae`)
   Unpacking proc-macro2 v1.0.107 (registry `/workspace/rustwright/target/ci-followup-package/registry-c57ce063f28217ae`)
   Unpacking quote v1.0.47 (registry `/workspace/rustwright/target/ci-followup-package/registry-c57ce063f28217ae`)
   Unpacking rand v0.10.2 (registry `/workspace/rustwright/target/ci-followup-package/registry-c57ce063f28217ae`)
   Unpacking rand_core v0.10.1 (registry `/workspace/rustwright/target/ci-followup-package/registry-c57ce063f28217ae`)
   Unpacking rustwright v0.1.0 (registry `/workspace/rustwright/target/ci-followup-package/registry-c57ce063f28217ae`)
   Unpacking rustwright-bidi v0.1.0 (registry `/workspace/rustwright/target/ci-followup-package/registry-c57ce063f28217ae`)
   Unpacking rustwright-browser v0.1.0 (registry `/workspace/rustwright/target/ci-followup-package/registry-c57ce063f28217ae`)
   Unpacking rustwright-cdp v0.1.0 (registry `/workspace/rustwright/target/ci-followup-package/registry-c57ce063f28217ae`)
   Unpacking rustwright-common v0.1.0 (registry `/workspace/rustwright/target/ci-followup-package/registry-c57ce063f28217ae`)
   Unpacking rustwright-core v0.1.0 (registry `/workspace/rustwright/target/ci-followup-package/registry-c57ce063f28217ae`)
   Unpacking rustwright-test v0.1.0 (registry `/workspace/rustwright/target/ci-followup-package/registry-c57ce063f28217ae`)
   Unpacking rustwright-test-macros v0.1.0 (registry `/workspace/rustwright/target/ci-followup-package/registry-c57ce063f28217ae`)
   Unpacking serde v1.0.229 (registry `/workspace/rustwright/target/ci-followup-package/registry-c57ce063f28217ae`)
   Unpacking serde_core v1.0.229 (registry `/workspace/rustwright/target/ci-followup-package/registry-c57ce063f28217ae`)
   Unpacking serde_derive v1.0.229 (registry `/workspace/rustwright/target/ci-followup-package/registry-c57ce063f28217ae`)
   Unpacking serde_json v1.0.151 (registry `/workspace/rustwright/target/ci-followup-package/registry-c57ce063f28217ae`)
   Unpacking sha1 v0.11.0 (registry `/workspace/rustwright/target/ci-followup-package/registry-c57ce063f28217ae`)
   Unpacking signal-hook-registry v1.4.8 (registry `/workspace/rustwright/target/ci-followup-package/registry-c57ce063f28217ae`)
   Unpacking slab v0.4.12 (registry `/workspace/rustwright/target/ci-followup-package/registry-c57ce063f28217ae`)
   Unpacking socket2 v0.6.5 (registry `/workspace/rustwright/target/ci-followup-package/registry-c57ce063f28217ae`)
   Unpacking syn v2.0.119 (registry `/workspace/rustwright/target/ci-followup-package/registry-c57ce063f28217ae`)
   Unpacking syn v3.0.6 (registry `/workspace/rustwright/target/ci-followup-package/registry-c57ce063f28217ae`)
   Unpacking thiserror v2.0.20 (registry `/workspace/rustwright/target/ci-followup-package/registry-c57ce063f28217ae`)
   Unpacking thiserror-impl v2.0.20 (registry `/workspace/rustwright/target/ci-followup-package/registry-c57ce063f28217ae`)
   Unpacking tokio v1.53.1 (registry `/workspace/rustwright/target/ci-followup-package/registry-c57ce063f28217ae`)
   Unpacking tokio-macros v2.7.2 (registry `/workspace/rustwright/target/ci-followup-package/registry-c57ce063f28217ae`)
   Unpacking tokio-tungstenite v0.30.0 (registry `/workspace/rustwright/target/ci-followup-package/registry-c57ce063f28217ae`)
   Unpacking tracing v0.1.44 (registry `/workspace/rustwright/target/ci-followup-package/registry-c57ce063f28217ae`)
   Unpacking tracing-attributes v0.1.31 (registry `/workspace/rustwright/target/ci-followup-package/registry-c57ce063f28217ae`)
   Unpacking tracing-core v0.1.36 (registry `/workspace/rustwright/target/ci-followup-package/registry-c57ce063f28217ae`)
   Unpacking tungstenite v0.30.0 (registry `/workspace/rustwright/target/ci-followup-package/registry-c57ce063f28217ae`)
   Unpacking typenum v1.20.1 (registry `/workspace/rustwright/target/ci-followup-package/registry-c57ce063f28217ae`)
   Unpacking unicode-ident v1.0.26 (registry `/workspace/rustwright/target/ci-followup-package/registry-c57ce063f28217ae`)
   Unpacking zmij v1.0.23 (registry `/workspace/rustwright/target/ci-followup-package/registry-c57ce063f28217ae`)
   Compiling proc-macro2 v1.0.107
   Compiling quote v1.0.47
   Compiling unicode-ident v1.0.26
   Compiling libc v0.2.189
   Compiling typenum v1.20.1
   Compiling cfg-if v1.0.5
   Compiling getrandom v0.4.3
   Compiling serde_core v1.0.229
   Compiling rand_core v0.10.1
   Compiling cpufeatures v0.3.1
   Compiling itoa v1.0.18
   Compiling hybrid-array v0.4.15
   Compiling syn v3.0.6
   Compiling zmij v1.0.23
   Compiling crypto-common v0.2.2
   Compiling block-buffer v0.12.1
   Compiling httparse v1.10.1
   Compiling const-oid v0.10.2
   Compiling pin-project-lite v0.2.17
   Compiling thiserror v2.0.20
   Compiling bytes v1.12.1
   Compiling digest v0.11.3
   Compiling errno v0.3.14
   Compiling syn v2.0.119
   Compiling chacha20 v0.10.2
   Compiling serde_json v1.0.151
   Compiling rand v0.10.2
   Compiling http v1.5.0
   Compiling signal-hook-registry v1.4.8
   Compiling sha1 v0.11.0
   Compiling mio v1.2.3
   Compiling socket2 v0.6.5
   Compiling slab v0.4.12
   Compiling memchr v2.8.3
   Compiling thiserror-impl v2.0.20
   Compiling tokio-macros v2.7.2
   Compiling futures-macro v0.3.34
   Compiling once_cell v1.21.4
   Compiling futures-task v0.3.34
   Compiling futures-sink v0.3.34
   Compiling serde v1.0.229
   Compiling data-encoding v2.11.1
   Compiling futures-core v0.3.34
   Compiling log v0.4.34
   Compiling futures-util v0.3.34
   Compiling tungstenite v0.30.0
   Compiling tracing-core v0.1.36
   Compiling tokio v1.53.1
   Compiling tracing-attributes v0.1.31
   Compiling serde_derive v1.0.229
   Compiling rustwright-common v0.1.0
   Compiling tracing v0.1.44
   Compiling base64 v0.22.1
   Compiling rustwright-test-macros v0.1.0
   Compiling tokio-tungstenite v0.30.0
   Compiling rustwright-cdp v0.1.0
   Compiling rustwright-browser v0.1.0
   Compiling rustwright-core v0.1.0
   Compiling rustwright-bidi v0.1.0
   Compiling rustwright v0.1.0
   Compiling rustwright-test v0.1.0
   Compiling rustwright-release-consumer v0.0.0 (/workspace/rustwright/target/ci-followup-package/consumer)
warning: function `fill_and_read` is never used
 --> tests/../src/readme_generic.rs:3:14
  |
3 | pub async fn fill_and_read<P>(page: &P, url: &str, text: &str) -> std::result::Result<String, P::Error>
  |              ^^^^^^^^^^^^^
  |
  = note: `#[warn(dead_code)]` (part of `#[warn(unused)]`) on by default

warning: `rustwright-release-consumer` (test "readme_compile") generated 1 warning
    Finished `test` profile [unoptimized + debuginfo] target(s) in 30.65s
  Executable unittests src/bin/readme_firefox.rs (/workspace/rustwright/target/ci-followup-package/consumer-target-stable/debug/deps/readme_firefox-a0a678fc208cae66)
  Executable unittests src/bin/readme_quickstart.rs (/workspace/rustwright/target/ci-followup-package/consumer-target-stable/debug/deps/readme_quickstart-6cacd45bda7b4297)
  Executable unittests src/main.rs (/workspace/rustwright/target/ci-followup-package/consumer-target-stable/debug/deps/rustwright_release_consumer-844d100569def5d7)
  Executable tests/browser.rs (/workspace/rustwright/target/ci-followup-package/consumer-target-stable/debug/deps/browser-94ef854b62397889)
  Executable tests/macro_compile.rs (/workspace/rustwright/target/ci-followup-package/consumer-target-stable/debug/deps/macro_compile-cc7dcf1c1bd2964c)
  Executable tests/readme_compile.rs (/workspace/rustwright/target/ci-followup-package/consumer-target-stable/debug/deps/readme_compile-2ff675bbcefb0e2e)
