[2875:2875:1009/234711.336627:FATAL:content/browser/zygote_host/zygote_host_impl_linux.cc:130] No usable sandbox! If you are running on Ubuntu 23.10+ or another Linux distro that has disabled unprivileged user namespaces with AppArmor, see https://chromium.googlesource.com/chromium/src/+/main/docs/security/apparmor-userns-restrictions.md. Otherwise see https://chromium.googlesource.com/chromium/src/+/main/docs/linux/suid_sandbox_development.md for more information on developing with the (older) SUID sandbox. If you want to live dangerously and need an immediate workaround, you can try using --no-sandbox.
[1009/234711.344099:ERROR:third_party/crashpad/crashpad/util/file/file_io_posix.cc:145] open /sys/devices/system/cpu/cpu0/cpufreq/scaling_cur_freq: No such file or directory (2)
[1009/234711.344137:ERROR:third_party/crashpad/crashpad/util/file/file_io_posix.cc:145] open /sys/devices/system/cpu/cpu0/cpufreq/scaling_max_freq: No such file or directory (2)
Received signal 6
#0 0x5610cfe5afc3 (/opt/hostedtoolcache/setup-chrome/chrome/155.0.8059.39/x64/chrome+0x6aecfc2)
#1 0x5610d4e29174 (/opt/hostedtoolcache/setup-chrome/chrome/155.0.8059.39/x64/chrome+0xbabb173)
#2 0x7f9fe9245330 (/usr/lib/x86_64-linux-gnu/libc.so.6+0x4532f)
#3 0x7f9fe924527e (/usr/lib/x86_64-linux-gnu/libc.so.6+0x4527d)
#4 0x7f9fe92288ff (/usr/lib/x86_64-linux-gnu/libc.so.6+0x288fe)
#5 0x5610d4e1fed5 (/opt/hostedtoolcache/setup-chrome/chrome/155.0.8059.39/x64/chrome+0xbab1ed4)
#6 0x5610d4ddfb8d (/opt/hostedtoolcache/setup-chrome/chrome/155.0.8059.39/x64/chrome+0xba71b8c)
#7 0x5610d4ddfadd (/opt/hostedtoolcache/setup-chrome/chrome/155.0.8059.39/x64/chrome+0xba71adc)
#8 0x5610cfb24c12 (/opt/hostedtoolcache/setup-chrome/chrome/155.0.8059.39/x64/chrome+0x67b6c11)
#9 0x5610cf24b829 (/opt/hostedtoolcache/setup-chrome/chrome/155.0.8059.39/x64/chrome+0x5edd828)
#10 0x5610ced83f58 (/opt/hostedtoolcache/setup-chrome/chrome/155.0.8059.39/x64/chrome+0x5a15f57)
#11 0x5610d42f274f (/opt/hostedtoolcache/setup-chrome/chrome/155.0.8059.39/x64/chrome+0xaf8474e)
#12 0x5610cf29490c (/opt/hostedtoolcache/setup-chrome/chrome/155.0.8059.39/x64/chrome+0x5f2690b)
#13 0x5610cf294060 (/opt/hostedtoolcache/setup-chrome/chrome/155.0.8059.39/x64/chrome+0x5f2605f)
#14 0x7f9fe922a1ca (/usr/lib/x86_64-linux-gnu/libc.so.6+0x2a1c9)
#15 0x7f9fe922a28b (/usr/lib/x86_64-linux-gnu/libc.so.6+0x2a28a)
#16 0x5610d011436a (/opt/hostedtoolcache/setup-chrome/chrome/155.0.8059.39/x64/chrome+0x6da6369)
  r8: 00001d48000a8263  r9: 0000000000000001 r10: 0000000000000008 r11: 0000000000000246
 r12: 0000000000000006 r13: 00001d48000a8000 r14: 0000000000000016 r15: 00007ffe202163f8
  di: 0000000000000b3b  si: 0000000000000b3b  bp: 00007ffe20215d70  bx: 0000000000000b3b
  dx: 0000000000000006  ax: 0000000000000000  cx: 00007f9fe929ec0c  sp: 00007ffe20215d30
  ip: 00007f9fe929ec0c efl: 0000000000000246 cgf: 002b000000000033 erf: 0000000000000000
 trp: 0000000000000000 msk: 0000000000000000 cr2: 0000000000000000
[end of stack trace]
