    Finished `test` profile [unoptimized + debuginfo] target(s) in 0.04s
     Running http_compat.rs (target/debug/deps/http_compat-13835e7b87cc4bc8)

running 12 tests
test chrome_cancelled_wait_recovers ... Chrome version: Chrome/155.0.8059.39
ok
test chrome_closing_page_wakes_wait ... Chrome version: Chrome/155.0.8059.39
ok
test chrome_delayed_and_absent_elements ... Chrome version: Chrome/155.0.8059.39
ok
test chrome_disconnect_wakes_wait ... Chrome version: Chrome/155.0.8059.39
ok
test chrome_frame_click ... Chrome version: Chrome/155.0.8059.39
ok
test chrome_frame_hover_and_keyboard ... Chrome version: Chrome/155.0.8059.39
ok
test chrome_frame_reload ... Chrome version: Chrome/155.0.8059.39
ok
test chrome_isolated_popup_ownership ... Chrome version: Chrome/155.0.8059.39
ok
test chrome_isolated_storage ... Chrome version: Chrome/155.0.8059.39
ok
test chrome_javascript_exceptions ... Chrome version: Chrome/155.0.8059.39
ok
test chrome_navigation_and_forms ... Chrome version: Chrome/155.0.8059.39
ok
test chrome_wait_deadline ... Chrome version: Chrome/155.0.8059.39
ok

test result: ok. 12 passed; 0 failed; 0 ignored; 0 measured; 12 filtered out; finished in 9.34s

