   Compiling rustwright-integration-tests v0.1.0 (/workspace/rustwright/tests)
    Finished `test` profile [unoptimized + debuginfo] target(s) in 2.93s
     Running http_intercept_lifecycle.rs (target/debug/deps/http_intercept_lifecycle-f9239ae13a2862ff)

running 4 tests
test firefox_intercept_cancellation_preserves_live_requests_and_prior_rules ... {"cycle":1,"known_intercept_ids":["8fdef318-dfe3-4742-a764-88f11fdad44b"],"known_intercepts_absent":true,"mode":"cancel-add-with-blocked-request","pending":0,"version":"157.0.1"}
{"cycle":1,"known_intercept_ids":["ba6ba3f3-375c-48f7-b7bb-c968dadfb98c"],"known_intercepts_absent":true,"mode":"cancel-clear","pending":0,"version":"157.0.1"}
{"cycle":1,"known_intercept_ids":["c7e94bed-3340-4403-a1c8-db44f930120c","7c59118a-496a-451a-86a3-fb95868be9c5","d228f0bb-cd43-4c34-b189-b3432ce1fb35"],"known_intercepts_absent":true,"mode":"cancel-phase-upgrade","pending":0,"version":"157.0.1"}
{"cycle":2,"known_intercept_ids":["72bc3463-ccaa-4412-9fad-6d3ce57bfb3a"],"known_intercepts_absent":true,"mode":"cancel-add-with-blocked-request","pending":0,"version":"157.0.1"}
{"cycle":2,"known_intercept_ids":["31085ecb-175c-4a9c-b631-27509b96584f"],"known_intercepts_absent":true,"mode":"cancel-clear","pending":0,"version":"157.0.1"}
{"cycle":2,"known_intercept_ids":["85050fc8-6b60-4ca2-8c39-252cbcca0d68","a8a5e89d-8ea8-4c88-865c-aaf94fc3719d","752f0343-7859-4d7d-8b89-85089777abcd"],"known_intercepts_absent":true,"mode":"cancel-phase-upgrade","pending":0,"version":"157.0.1"}
{"cycle":3,"known_intercept_ids":["72825a9b-8e79-4737-85a6-a2a30d43dabc"],"known_intercepts_absent":true,"mode":"cancel-add-with-blocked-request","pending":0,"version":"157.0.1"}
{"cycle":3,"known_intercept_ids":["0aad0632-1657-4fd5-ba66-fc432e01eaa5"],"known_intercepts_absent":true,"mode":"cancel-clear","pending":0,"version":"157.0.1"}
{"cycle":3,"known_intercept_ids":["b10ea94d-5fca-4c91-9348-270cf4e3232a","e75f12df-645a-47c2-883f-4074e09f3fe9","e09ae69b-b828-4fd0-9217-b3d0fb2b64ce"],"known_intercepts_absent":true,"mode":"cancel-phase-upgrade","pending":0,"version":"157.0.1"}
{"cycle":4,"known_intercept_ids":["c486cf9a-3fc0-40b6-8212-05db12e4ddc8"],"known_intercepts_absent":true,"mode":"cancel-add-with-blocked-request","pending":0,"version":"157.0.1"}
{"cycle":4,"known_intercept_ids":["a70a2703-2c24-41d4-8705-5cb1fad46242"],"known_intercepts_absent":true,"mode":"cancel-clear","pending":0,"version":"157.0.1"}
{"cycle":4,"known_intercept_ids":["7fcaba6c-63ed-446e-8389-5dd2dedeace9","cb07a7d9-9bd0-48ef-b775-82a68044ae23","be7a39d3-c2ab-4014-82d5-ccd4c07cacac"],"known_intercepts_absent":true,"mode":"cancel-phase-upgrade","pending":0,"version":"157.0.1"}
{"cycle":5,"known_intercept_ids":["f339c4cc-8c55-4b24-8c4c-ca8c9b59721e"],"known_intercepts_absent":true,"mode":"cancel-add-with-blocked-request","pending":0,"version":"157.0.1"}
{"cycle":5,"known_intercept_ids":["fa3771f1-9186-4cee-8782-1714337e322f"],"known_intercepts_absent":true,"mode":"cancel-clear","pending":0,"version":"157.0.1"}
{"cycle":5,"known_intercept_ids":["57f6dd55-106c-4e36-a467-f9bd6594fa75","6de9a436-b284-4198-a077-bc14cc354e18","405cb69b-6ee8-45ed-8d39-48e428aa1ea2"],"known_intercepts_absent":true,"mode":"cancel-phase-upgrade","pending":0,"version":"157.0.1"}
{"cycle":6,"known_intercept_ids":["89120a42-8abd-4585-9192-eba956247741"],"known_intercepts_absent":true,"mode":"cancel-add-with-blocked-request","pending":0,"version":"157.0.1"}
{"cycle":6,"known_intercept_ids":["b4c4f132-8691-46a2-8510-e5b9b920b6c3"],"known_intercepts_absent":true,"mode":"cancel-clear","pending":0,"version":"157.0.1"}
{"cycle":6,"known_intercept_ids":["2547e332-1f25-4970-abf5-f69691324611","a6bff7be-8e31-4664-9651-33ba8fd9468f","8443c6d1-2327-4911-a0ad-580680e38a9b"],"known_intercepts_absent":true,"mode":"cancel-phase-upgrade","pending":0,"version":"157.0.1"}
{"cycle":7,"known_intercept_ids":["1ec90594-e5a6-4c37-be04-461fb3a883e7"],"known_intercepts_absent":true,"mode":"cancel-add-with-blocked-request","pending":0,"version":"157.0.1"}
{"cycle":7,"known_intercept_ids":["f0a50625-a743-4726-af5f-cbec366beab1"],"known_intercepts_absent":true,"mode":"cancel-clear","pending":0,"version":"157.0.1"}
{"cycle":7,"known_intercept_ids":["0b884190-8d7d-48de-8cdc-dfa4c33b1dbe","adf96d6f-1353-4c2c-8fec-6bb1e847903d","08904789-7bee-439e-a8f1-ba521349ba7e"],"known_intercepts_absent":true,"mode":"cancel-phase-upgrade","pending":0,"version":"157.0.1"}
{"cycle":8,"known_intercept_ids":["1db9de04-4efc-4a1f-a754-51b7c0ee6eb8"],"known_intercepts_absent":true,"mode":"cancel-add-with-blocked-request","pending":0,"version":"157.0.1"}
{"cycle":8,"known_intercept_ids":["0d0842e0-7b03-4a95-8a17-3fe9fcc4c22c"],"known_intercepts_absent":true,"mode":"cancel-clear","pending":0,"version":"157.0.1"}
{"cycle":8,"known_intercept_ids":["f6c6a17e-9e78-4ee3-b991-2eec134daf47","8567249e-d35a-408f-b028-4a72966a2bf9","21199811-89c7-4ecf-a5da-0e9677ebcde7"],"known_intercepts_absent":true,"mode":"cancel-phase-upgrade","pending":0,"version":"157.0.1"}
{"cycle":9,"known_intercept_ids":["c9404a7b-345e-438a-8114-f5d4a213b7e1"],"known_intercepts_absent":true,"mode":"cancel-add-with-blocked-request","pending":0,"version":"157.0.1"}
{"cycle":9,"known_intercept_ids":["7eaf04ef-0fdd-445e-bd84-c2ee739d1a9e"],"known_intercepts_absent":true,"mode":"cancel-clear","pending":0,"version":"157.0.1"}
{"cycle":9,"known_intercept_ids":["f4d8cb24-5ed4-4888-9f1d-a8c5ab992af1","50ef3071-79f8-40bf-bb4e-aa8a9bda424a","e613bddf-780d-4521-8d78-5cd5573f2ace"],"known_intercepts_absent":true,"mode":"cancel-phase-upgrade","pending":0,"version":"157.0.1"}
{"cycle":10,"known_intercept_ids":["35511c65-4969-44d5-8f3b-904a8f3da941"],"known_intercepts_absent":true,"mode":"cancel-add-with-blocked-request","pending":0,"version":"157.0.1"}
{"cycle":10,"known_intercept_ids":["96e1b9e2-b21e-4674-83c4-4aeec4f49575"],"known_intercepts_absent":true,"mode":"cancel-clear","pending":0,"version":"157.0.1"}
{"cycle":10,"known_intercept_ids":["31e1538c-13d9-4bb4-ab5a-6bc0203f07d8","2c0dc6de-e0eb-4e8c-bce9-27f006127ef9","515ed66d-5f5a-463e-8720-98456d84f4a8"],"known_intercepts_absent":true,"mode":"cancel-phase-upgrade","pending":0,"version":"157.0.1"}
ok
test firefox_phase_expansion_keeps_prior_rules_usable_before_acknowledgment ... {"cycle":1,"known_intercept_ids":["3558803a-e676-4814-bb05-1506a2ba7809","db3391c5-bc1d-4eec-aa52-5dadb4f4b2f0"],"known_intercepts_absent":true,"mode":"active-rules-during-phase-upgrade","pending":0,"version":"157.0.1"}
{"cycle":2,"known_intercept_ids":["1f46a52a-a31a-42fc-9870-c399115ee34a","0ae6faa9-ef66-4d07-9b2c-ad954d420184"],"known_intercepts_absent":true,"mode":"active-rules-during-phase-upgrade","pending":0,"version":"157.0.1"}
{"cycle":3,"known_intercept_ids":["768d9cd6-b2eb-4aa8-af88-46e4465334d9","1e9c1459-1167-47a4-973c-bf37e09de485"],"known_intercepts_absent":true,"mode":"active-rules-during-phase-upgrade","pending":0,"version":"157.0.1"}
{"cycle":4,"known_intercept_ids":["b27334d5-d7e6-49ee-a4a3-170884a66133","9fbd836d-c861-4ab8-988b-70ec43664323"],"known_intercepts_absent":true,"mode":"active-rules-during-phase-upgrade","pending":0,"version":"157.0.1"}
{"cycle":5,"known_intercept_ids":["dd191569-73a1-4006-90cf-cc26e41663cb","6e92a199-0e4d-422d-93eb-96420d0c3f98"],"known_intercepts_absent":true,"mode":"active-rules-during-phase-upgrade","pending":0,"version":"157.0.1"}
{"cycle":6,"known_intercept_ids":["277170d0-9a0f-455c-a507-6792f3a6d193","27d0a085-22e1-4ca5-8602-dfa7fef158cb"],"known_intercepts_absent":true,"mode":"active-rules-during-phase-upgrade","pending":0,"version":"157.0.1"}
{"cycle":7,"known_intercept_ids":["56ab195f-6bc7-41a7-a682-915e1435bdd4","7bd22221-bf29-4255-bd53-4b94193c77c9"],"known_intercepts_absent":true,"mode":"active-rules-during-phase-upgrade","pending":0,"version":"157.0.1"}
{"cycle":8,"known_intercept_ids":["153e6406-5727-4ad0-a315-5e05157bad54","7102156e-c820-4f39-8b91-b93f49ff89af"],"known_intercepts_absent":true,"mode":"active-rules-during-phase-upgrade","pending":0,"version":"157.0.1"}
{"cycle":9,"known_intercept_ids":["62a7deb8-2a78-4ba7-9ca4-f4cf7f3bec7b","97cc4150-91a5-4f10-8196-7a827885cd5a"],"known_intercepts_absent":true,"mode":"active-rules-during-phase-upgrade","pending":0,"version":"157.0.1"}
{"cycle":10,"known_intercept_ids":["9d42ab66-8b01-49ef-ad86-d4e52386ef47","868eb1c6-c0a9-454d-a8aa-41b6a600772d"],"known_intercepts_absent":true,"mode":"active-rules-during-phase-upgrade","pending":0,"version":"157.0.1"}
ok
test firefox_routing_phases_and_child_frame_requests_remain_functional ... {"cycle":1,"known_intercept_ids":["af031983-474e-4192-bc40-a4b929024610","2387340f-0d6e-49d9-a9b5-b5aeabd0fc24"],"known_intercepts_absent":true,"mode":"request-response-child-frame","pending":0,"version":"157.0.1"}
ok
test firefox_shared_handles_drop_and_close_retire_only_owned_intercepts ... {"cycle":1,"known_intercept_ids":["eaea09e1-e527-43a6-a124-557addb989a6"],"known_intercepts_absent":true,"mode":"shared-handles-final-drop","pending":0,"version":"157.0.1"}
{"cycle":1,"known_intercept_ids":["464b0c5f-7b51-4bc0-b7f9-cc35dba9085b"],"known_intercepts_absent":true,"mode":"page-close-retained-handles","pending":0,"version":"157.0.1"}
{"cycle":1,"known_intercept_ids":["0768e401-85fe-46ee-8a54-6bdc394960ea","493cc68d-4e62-4847-aaa1-52b0f76e8591"],"known_intercepts_absent":true,"mode":"user-context-close-retained-pages","pending":0,"version":"157.0.1"}
{"cycle":2,"known_intercept_ids":["3442d6a5-865b-420a-a87e-3e46cda63825"],"known_intercepts_absent":true,"mode":"shared-handles-final-drop","pending":0,"version":"157.0.1"}
{"cycle":2,"known_intercept_ids":["b80238f8-05d3-4593-8157-14e667f781cc"],"known_intercepts_absent":true,"mode":"page-close-retained-handles","pending":0,"version":"157.0.1"}
{"cycle":2,"known_intercept_ids":["f30bc8c0-e3d7-45e2-b9f3-bee9ba94f3ce","bf139969-eb7e-4b38-9022-c3989d676744"],"known_intercepts_absent":true,"mode":"user-context-close-retained-pages","pending":0,"version":"157.0.1"}
{"cycle":3,"known_intercept_ids":["a34ff858-509c-4eea-a1b4-80ec4707f873"],"known_intercepts_absent":true,"mode":"shared-handles-final-drop","pending":0,"version":"157.0.1"}
{"cycle":3,"known_intercept_ids":["813b90ca-7f0a-454d-963a-3fc12a1f7257"],"known_intercepts_absent":true,"mode":"page-close-retained-handles","pending":0,"version":"157.0.1"}
{"cycle":3,"known_intercept_ids":["49d38678-387e-4006-b0a1-7b6e40905c72","15cb2160-5b13-477a-90b4-344e68ba4489"],"known_intercepts_absent":true,"mode":"user-context-close-retained-pages","pending":0,"version":"157.0.1"}
{"cycle":4,"known_intercept_ids":["4d9d6f35-bdcc-4cf3-9825-08abef69b515"],"known_intercepts_absent":true,"mode":"shared-handles-final-drop","pending":0,"version":"157.0.1"}
{"cycle":4,"known_intercept_ids":["cea31022-9265-4f7e-a358-7259fdc842bf"],"known_intercepts_absent":true,"mode":"page-close-retained-handles","pending":0,"version":"157.0.1"}
{"cycle":4,"known_intercept_ids":["bca87851-c1ab-4cb9-bc6b-6846468c67b4","7da0acb5-a891-47b3-a8e8-b533e07f94d3"],"known_intercepts_absent":true,"mode":"user-context-close-retained-pages","pending":0,"version":"157.0.1"}
{"cycle":5,"known_intercept_ids":["e9cbf530-2849-496e-8eb1-3259659792fb"],"known_intercepts_absent":true,"mode":"shared-handles-final-drop","pending":0,"version":"157.0.1"}
{"cycle":5,"known_intercept_ids":["572d522e-fefe-47a1-94b7-c8a61f6c22c9"],"known_intercepts_absent":true,"mode":"page-close-retained-handles","pending":0,"version":"157.0.1"}
{"cycle":5,"known_intercept_ids":["ec45f855-83fb-4eb1-b550-be74504c9a8e","988fafe5-1f87-4b49-a65d-d15d33a15e68"],"known_intercepts_absent":true,"mode":"user-context-close-retained-pages","pending":0,"version":"157.0.1"}
{"cycle":6,"known_intercept_ids":["f76dedbf-d84a-46a0-9777-f84068b8ce7d"],"known_intercepts_absent":true,"mode":"shared-handles-final-drop","pending":0,"version":"157.0.1"}
{"cycle":6,"known_intercept_ids":["b7b39ce6-8539-44c4-a314-2235c6aecfe7"],"known_intercepts_absent":true,"mode":"page-close-retained-handles","pending":0,"version":"157.0.1"}
{"cycle":6,"known_intercept_ids":["fa4088f1-ce00-406e-88fb-5f6138f3e48c","0c805d33-f689-440c-b0a9-acc25303f378"],"known_intercepts_absent":true,"mode":"user-context-close-retained-pages","pending":0,"version":"157.0.1"}
{"cycle":7,"known_intercept_ids":["cf290554-579b-4fe1-825a-30a853878612"],"known_intercepts_absent":true,"mode":"shared-handles-final-drop","pending":0,"version":"157.0.1"}
{"cycle":7,"known_intercept_ids":["79fba696-f3e5-4093-b2e4-376d01e7ceaf"],"known_intercepts_absent":true,"mode":"page-close-retained-handles","pending":0,"version":"157.0.1"}
{"cycle":7,"known_intercept_ids":["fe6a4aab-296f-4213-b48f-f0830aed1422","4897e385-8258-48a9-a305-ff042a9c3dfb"],"known_intercepts_absent":true,"mode":"user-context-close-retained-pages","pending":0,"version":"157.0.1"}
{"cycle":8,"known_intercept_ids":["aed15aaa-2d59-44ce-9844-1062fdfb70cb"],"known_intercepts_absent":true,"mode":"shared-handles-final-drop","pending":0,"version":"157.0.1"}
{"cycle":8,"known_intercept_ids":["50d6e9c9-3310-4c53-8882-656fc5a2864b"],"known_intercepts_absent":true,"mode":"page-close-retained-handles","pending":0,"version":"157.0.1"}
{"cycle":8,"known_intercept_ids":["98b518d7-45cf-4f31-ac6d-06582d4e30fa","859e2b37-7385-46e2-9cb9-ff6f71bb1c2b"],"known_intercepts_absent":true,"mode":"user-context-close-retained-pages","pending":0,"version":"157.0.1"}
{"cycle":9,"known_intercept_ids":["fcc01869-fa6a-4215-9108-72afd367b7fd"],"known_intercepts_absent":true,"mode":"shared-handles-final-drop","pending":0,"version":"157.0.1"}
{"cycle":9,"known_intercept_ids":["86330e8d-7150-4edf-8a36-b374b24c9a29"],"known_intercepts_absent":true,"mode":"page-close-retained-handles","pending":0,"version":"157.0.1"}
{"cycle":9,"known_intercept_ids":["2a3e3452-04f7-4733-8801-65b352963b80","8893ab51-cb5b-423c-9d4c-b9a1339dbb48"],"known_intercepts_absent":true,"mode":"user-context-close-retained-pages","pending":0,"version":"157.0.1"}
{"cycle":10,"known_intercept_ids":["be7ea4cb-862f-44ca-8edd-2a3062018ed5"],"known_intercepts_absent":true,"mode":"shared-handles-final-drop","pending":0,"version":"157.0.1"}
{"cycle":10,"known_intercept_ids":["62000aa3-eef7-48f4-9574-0f705c3795a9"],"known_intercepts_absent":true,"mode":"page-close-retained-handles","pending":0,"version":"157.0.1"}
{"cycle":10,"known_intercept_ids":["f5e8f0a1-a58b-476d-b888-ad5a56733182","3d012f02-5bfa-4384-9d2d-3f725475e1a0"],"known_intercepts_absent":true,"mode":"user-context-close-retained-pages","pending":0,"version":"157.0.1"}
ok

test result: ok. 4 passed; 0 failed; 0 ignored; 0 measured; 0 filtered out; finished in 23.73s

