   Compiling rustwright-integration-tests v0.1.0 (/workspace/rustwright/tests)
    Finished `test` profile [unoptimized + debuginfo] target(s) in 1.38s
     Running http_disconnect.rs (target/debug/deps/http_disconnect-c07d6c39e224a143)

running 2 tests
test chrome_process_loss_and_manual_restart ... {"cleanup_ms":12.012436,"cycle":1,"engine":"chrome","event_channel_closed":true,"pending_after_loss":0,"pid":1467207,"root_exited":true,"version":"Chrome/151.0.7922.173","wake_ms":11.882992999999999}
{"cleanup_ms":6.526182,"cycle":2,"engine":"chrome","event_channel_closed":true,"pending_after_loss":0,"pid":1467335,"root_exited":true,"version":"Chrome/151.0.7922.173","wake_ms":6.427911}
{"cleanup_ms":15.531591,"cycle":3,"engine":"chrome","event_channel_closed":true,"pending_after_loss":0,"pid":1467465,"root_exited":true,"version":"Chrome/151.0.7922.173","wake_ms":15.431868}
{"cleanup_ms":8.539026,"cycle":4,"engine":"chrome","event_channel_closed":true,"pending_after_loss":0,"pid":1467596,"root_exited":true,"version":"Chrome/151.0.7922.173","wake_ms":8.423987}
{"cleanup_ms":6.477598,"cycle":5,"engine":"chrome","event_channel_closed":true,"pending_after_loss":0,"pid":1467726,"root_exited":true,"version":"Chrome/151.0.7922.173","wake_ms":6.338926}
{"cleanup_ms":13.416686,"cycle":6,"engine":"chrome","event_channel_closed":true,"pending_after_loss":0,"pid":1467856,"root_exited":true,"version":"Chrome/151.0.7922.173","wake_ms":13.316984}
{"cleanup_ms":19.690079,"cycle":7,"engine":"chrome","event_channel_closed":true,"pending_after_loss":0,"pid":1467986,"root_exited":true,"version":"Chrome/151.0.7922.173","wake_ms":19.547115}
{"cleanup_ms":17.292559,"cycle":8,"engine":"chrome","event_channel_closed":true,"pending_after_loss":0,"pid":1468117,"root_exited":true,"version":"Chrome/151.0.7922.173","wake_ms":17.187764}
{"cleanup_ms":15.700245000000002,"cycle":9,"engine":"chrome","event_channel_closed":true,"pending_after_loss":0,"pid":1468250,"root_exited":true,"version":"Chrome/151.0.7922.173","wake_ms":15.597757999999999}
{"cleanup_ms":15.695809000000002,"cycle":10,"engine":"chrome","event_channel_closed":true,"pending_after_loss":0,"pid":1468399,"root_exited":true,"version":"Chrome/151.0.7922.173","wake_ms":15.577378}
{"cleanup_ms":17.440967,"cycle":11,"engine":"chrome","event_channel_closed":true,"pending_after_loss":0,"pid":1468527,"root_exited":true,"version":"Chrome/151.0.7922.173","wake_ms":17.338861}
{"cleanup_ms":14.902439,"cycle":12,"engine":"chrome","event_channel_closed":true,"pending_after_loss":0,"pid":1468659,"root_exited":true,"version":"Chrome/151.0.7922.173","wake_ms":14.802153}
{"cleanup_ms":12.718181,"cycle":13,"engine":"chrome","event_channel_closed":true,"pending_after_loss":0,"pid":1468788,"root_exited":true,"version":"Chrome/151.0.7922.173","wake_ms":12.563495}
{"cleanup_ms":26.185203,"cycle":14,"engine":"chrome","event_channel_closed":true,"pending_after_loss":0,"pid":1468919,"root_exited":true,"version":"Chrome/151.0.7922.173","wake_ms":26.084073999999998}
{"cleanup_ms":34.307786,"cycle":15,"engine":"chrome","event_channel_closed":true,"pending_after_loss":0,"pid":1469050,"root_exited":true,"version":"Chrome/151.0.7922.173","wake_ms":34.182375}
{"cleanup_ms":15.662740000000001,"cycle":16,"engine":"chrome","event_channel_closed":true,"pending_after_loss":0,"pid":1469179,"root_exited":true,"version":"Chrome/151.0.7922.173","wake_ms":15.557625}
{"cleanup_ms":9.07441,"cycle":17,"engine":"chrome","event_channel_closed":true,"pending_after_loss":0,"pid":1469309,"root_exited":true,"version":"Chrome/151.0.7922.173","wake_ms":8.974301}
{"cleanup_ms":11.316583,"cycle":18,"engine":"chrome","event_channel_closed":true,"pending_after_loss":0,"pid":1469440,"root_exited":true,"version":"Chrome/151.0.7922.173","wake_ms":11.199061}
{"cleanup_ms":17.660769,"cycle":19,"engine":"chrome","event_channel_closed":true,"pending_after_loss":0,"pid":1469570,"root_exited":true,"version":"Chrome/151.0.7922.173","wake_ms":17.498309}
{"cleanup_ms":6.272762999999999,"cycle":20,"engine":"chrome","event_channel_closed":true,"pending_after_loss":0,"pid":1469702,"root_exited":true,"version":"Chrome/151.0.7922.173","wake_ms":5.897901}
{"cleanup_ms":6.326532,"cycle":21,"engine":"chrome","event_channel_closed":true,"pending_after_loss":0,"pid":1469833,"root_exited":true,"version":"Chrome/151.0.7922.173","wake_ms":6.221184999999999}
{"cleanup_ms":18.240116,"cycle":22,"engine":"chrome","event_channel_closed":true,"pending_after_loss":0,"pid":1469964,"root_exited":true,"version":"Chrome/151.0.7922.173","wake_ms":18.136286000000002}
{"cleanup_ms":14.517564,"cycle":23,"engine":"chrome","event_channel_closed":true,"pending_after_loss":0,"pid":1470093,"root_exited":true,"version":"Chrome/151.0.7922.173","wake_ms":14.413652}
{"cleanup_ms":9.957785,"cycle":24,"engine":"chrome","event_channel_closed":true,"pending_after_loss":0,"pid":1470227,"root_exited":true,"version":"Chrome/151.0.7922.173","wake_ms":9.855403}
{"cleanup_ms":19.369148,"cycle":25,"engine":"chrome","event_channel_closed":true,"pending_after_loss":0,"pid":1470357,"root_exited":true,"version":"Chrome/151.0.7922.173","wake_ms":19.200716}
ok
test firefox_process_loss_and_manual_restart ... {"cleanup_ms":31.506614000000003,"cycle":1,"engine":"firefox","event_channel_closed":true,"pending_after_loss":0,"pid":1470488,"root_exited":true,"version":"157.0.1","wake_ms":31.387382}
{"cleanup_ms":64.679418,"cycle":2,"engine":"firefox","event_channel_closed":true,"pending_after_loss":0,"pid":1470744,"root_exited":true,"version":"157.0.1","wake_ms":64.557714}
{"cleanup_ms":18.767891,"cycle":3,"engine":"firefox","event_channel_closed":true,"pending_after_loss":0,"pid":1471050,"root_exited":true,"version":"157.0.1","wake_ms":18.611553999999998}
{"cleanup_ms":18.228022,"cycle":4,"engine":"firefox","event_channel_closed":true,"pending_after_loss":0,"pid":1471356,"root_exited":true,"version":"157.0.1","wake_ms":18.083705}
{"cleanup_ms":31.114248,"cycle":5,"engine":"firefox","event_channel_closed":true,"pending_after_loss":0,"pid":1471668,"root_exited":true,"version":"157.0.1","wake_ms":30.911250000000003}
{"cleanup_ms":11.890642999999999,"cycle":6,"engine":"firefox","event_channel_closed":true,"pending_after_loss":0,"pid":1471920,"root_exited":true,"version":"157.0.1","wake_ms":11.735005}
{"cleanup_ms":17.490041,"cycle":7,"engine":"firefox","event_channel_closed":true,"pending_after_loss":0,"pid":1472173,"root_exited":true,"version":"157.0.1","wake_ms":17.251114}
{"cleanup_ms":25.120086,"cycle":8,"engine":"firefox","event_channel_closed":true,"pending_after_loss":0,"pid":1472484,"root_exited":true,"version":"157.0.1","wake_ms":24.969286}
{"cleanup_ms":44.038517999999996,"cycle":9,"engine":"firefox","event_channel_closed":true,"pending_after_loss":0,"pid":1472733,"root_exited":true,"version":"157.0.1","wake_ms":43.912698999999996}
{"cleanup_ms":32.103301,"cycle":10,"engine":"firefox","event_channel_closed":true,"pending_after_loss":0,"pid":1472994,"root_exited":true,"version":"157.0.1","wake_ms":31.966450000000002}
{"cleanup_ms":18.398979999999998,"cycle":11,"engine":"firefox","event_channel_closed":true,"pending_after_loss":0,"pid":1473292,"root_exited":true,"version":"157.0.1","wake_ms":18.094113}
{"cleanup_ms":27.470732,"cycle":12,"engine":"firefox","event_channel_closed":true,"pending_after_loss":0,"pid":1473600,"root_exited":true,"version":"157.0.1","wake_ms":27.121252}
{"cleanup_ms":36.110206999999996,"cycle":13,"engine":"firefox","event_channel_closed":true,"pending_after_loss":0,"pid":1473876,"root_exited":true,"version":"157.0.1","wake_ms":35.487235999999996}
{"cleanup_ms":20.296789,"cycle":14,"engine":"firefox","event_channel_closed":true,"pending_after_loss":0,"pid":1474147,"root_exited":true,"version":"157.0.1","wake_ms":19.933692}
{"cleanup_ms":19.904403000000002,"cycle":15,"engine":"firefox","event_channel_closed":true,"pending_after_loss":0,"pid":1474409,"root_exited":true,"version":"157.0.1","wake_ms":19.243282999999998}
{"cleanup_ms":19.523836,"cycle":16,"engine":"firefox","event_channel_closed":true,"pending_after_loss":0,"pid":1474659,"root_exited":true,"version":"157.0.1","wake_ms":19.123173}
{"cleanup_ms":13.435803,"cycle":17,"engine":"firefox","event_channel_closed":true,"pending_after_loss":0,"pid":1474902,"root_exited":true,"version":"157.0.1","wake_ms":13.207545}
{"cleanup_ms":24.051762,"cycle":18,"engine":"firefox","event_channel_closed":true,"pending_after_loss":0,"pid":1475156,"root_exited":true,"version":"157.0.1","wake_ms":23.811174}
{"cleanup_ms":19.885038,"cycle":19,"engine":"firefox","event_channel_closed":true,"pending_after_loss":0,"pid":1475455,"root_exited":true,"version":"157.0.1","wake_ms":19.668872}
{"cleanup_ms":32.990371999999994,"cycle":20,"engine":"firefox","event_channel_closed":true,"pending_after_loss":0,"pid":1475757,"root_exited":true,"version":"157.0.1","wake_ms":32.864521}
{"cleanup_ms":29.371316,"cycle":21,"engine":"firefox","event_channel_closed":true,"pending_after_loss":0,"pid":1476055,"root_exited":true,"version":"157.0.1","wake_ms":29.179686}
{"cleanup_ms":27.64188,"cycle":22,"engine":"firefox","event_channel_closed":true,"pending_after_loss":0,"pid":1476361,"root_exited":true,"version":"157.0.1","wake_ms":27.437034}
{"cleanup_ms":21.167039,"cycle":23,"engine":"firefox","event_channel_closed":true,"pending_after_loss":0,"pid":1476714,"root_exited":true,"version":"157.0.1","wake_ms":21.011125}
{"cleanup_ms":32.052141999999996,"cycle":24,"engine":"firefox","event_channel_closed":true,"pending_after_loss":0,"pid":1477024,"root_exited":true,"version":"157.0.1","wake_ms":31.899497}
{"cleanup_ms":51.096129999999995,"cycle":25,"engine":"firefox","event_channel_closed":true,"pending_after_loss":0,"pid":1477342,"root_exited":true,"version":"157.0.1","wake_ms":50.928965}
ok

test result: ok. 2 passed; 0 failed; 0 ignored; 0 measured; 0 filtered out; finished in 60.01s

