[1m[93mwarning[0m[1m[97m: function `find_on_path` is never used[0m
   [1m[96m--> [0mcrates\rustwright-browser\src\discovery.rs:179:8
    [1m[96m|[0m
[1m[96m179[0m [1m[96m|[0m pub fn find_on_path(name: &str) -> Vec<PathBuf> {
    [1m[96m|[0m        [1m[93m^^^^^^^^^^^^[0m
    [1m[96m|[0m
    [1m[96m= [0m[1m[97mnote[0m: `#[warn(dead_code)]` (part of `#[warn(unused)]`) on by default

[1m[93mwarning[0m[1m[97m: function `executable_name` is never used[0m
   [1m[96m--> [0mcrates\rustwright-browser\src\discovery.rs:197:4
    [1m[96m|[0m
[1m[96m197[0m [1m[96m|[0m fn executable_name(name: &str) -> String {
    [1m[96m|[0m    [1m[93m^^^^^^^^^^^^^^^[0m

[1m[93mwarning[0m: `rustwright-browser` (lib) generated 2 warnings
[1m[92m   Compiling[0m rustwright-integration-tests v0.1.0 (D:\a\rustwright\rustwright\tests)
[1m[92m    Finished[0m `test` profile [unoptimized + debuginfo] target(s) in 2.59s
[1m[92m     Running[0m http_clipped_control.rs (target\debug\deps\http_clipped_control-2439bd1cffc88e7a.exe)

running 10 tests
test chrome_fixed_control_escapes_clip ... Chrome version: Chrome/155.0.8059.39
width=60 nested=false click=Ok(()) observed=[1,true,0] geometry={"clip":{"bottom":160,"height":60,"left":100,"right":160,"top":100,"width":60,"x":100,"y":100},"hit":"","rect":{"bottom":250,"height":50,"left":300,"right":700,"top":200,"width":400,"x":300,"y":200},"scroll":0}
ok
test chrome_narrow_overflow_control ... Chrome version: Chrome/155.0.8059.39
width=3 nested=false click=Ok(()) observed=[1,true,0] geometry={"clip":{"bottom":160,"height":60,"left":100,"right":103,"top":100,"width":3,"x":100,"y":100},"hit":"go","rect":{"bottom":150,"height":50,"left":-99,"right":301,"top":100,"width":400,"x":-99,"y":100},"scroll":199}
ok
test chrome_nested_overflow_control ... Chrome version: Chrome/155.0.8059.39
width=60 nested=true click=Ok(()) observed=[1,true,0] geometry={"clip":{"bottom":160,"height":60,"left":80,"right":140,"top":100,"width":60,"x":80,"y":100},"hit":"go","rect":{"bottom":150,"height":50,"left":-90,"right":310,"top":100,"width":400,"x":-90,"y":100},"scroll":170}
ok
test chrome_overflow_hidden_control ... Chrome version: Chrome/155.0.8059.39
width=60 nested=false click=Ok(()) observed=[1,true,0] geometry={"clip":{"bottom":160,"height":60,"left":100,"right":160,"top":100,"width":60,"x":100,"y":100},"hit":"go","rect":{"bottom":150,"height":50,"left":-70,"right":330,"top":100,"width":400,"x":-70,"y":100},"scroll":170}
ok
test chrome_scrolled_overflow_control ... Chrome version: Chrome/155.0.8059.39
width=60 nested=false click=Ok(()) observed=[1,true,0] geometry={"clip":{"bottom":249,"height":60,"left":352,"right":412,"top":189,"width":60,"x":352,"y":189},"hit":"","rect":{"bottom":239,"height":50,"left":182,"right":582,"top":189,"width":400,"x":182,"y":189},"scroll":170}
ok
test firefox_fixed_control_escapes_clip ... Firefox version: Some("157.0.1")
width=60 nested=false click=Ok(()) observed=[1,true,0] geometry={"clip":{"bottom":160,"height":60,"left":100,"right":160,"top":100,"width":60,"x":100,"y":100},"hit":"","rect":{"bottom":250,"height":50,"left":300,"right":700,"top":200,"width":400,"x":300,"y":200},"scroll":0}
ok
test firefox_narrow_overflow_control ... Firefox version: Some("157.0.1")
width=3 nested=false click=Ok(()) observed=[1,true,0] geometry={"clip":{"bottom":160,"height":60,"left":100,"right":103,"top":100,"width":3,"x":100,"y":100},"hit":"go","rect":{"bottom":150,"height":50,"left":-98.5,"right":301.5,"top":100,"width":400,"x":-98.5,"y":100},"scroll":198.5}
ok
test firefox_nested_overflow_control ... Firefox version: Some("157.0.1")
width=60 nested=true click=Ok(()) observed=[1,true,0] geometry={"clip":{"bottom":160,"height":60,"left":80,"right":140,"top":100,"width":60,"x":80,"y":100},"hit":"go","rect":{"bottom":150,"height":50,"left":-90,"right":310,"top":100,"width":400,"x":-90,"y":100},"scroll":170}
ok
test firefox_overflow_hidden_control ... Firefox version: Some("157.0.1")
width=60 nested=false click=Ok(()) observed=[1,true,0] geometry={"clip":{"bottom":160,"height":60,"left":100,"right":160,"top":100,"width":60,"x":100,"y":100},"hit":"go","rect":{"bottom":150,"height":50,"left":-70,"right":330,"top":100,"width":400,"x":-70,"y":100},"scroll":170}
ok
test firefox_scrolled_overflow_control ... Firefox version: Some("157.0.1")
width=60 nested=false click=Ok(()) observed=[1,true,0] geometry={"clip":{"bottom":376,"height":60,"left":653,"right":713,"top":316,"width":60,"x":653,"y":316},"hit":"","rect":{"bottom":366,"height":50,"left":483,"right":883,"top":316,"width":400,"x":483,"y":316},"scroll":170}
ok

test result: ok. 10 passed; 0 failed; 0 ignored; 0 measured; 0 filtered out; finished in 30.37s

