   Compiling rustwright-integration-tests v0.1.0 (/workspace/rustwright/tests)
    Finished `test` profile [unoptimized + debuginfo] target(s) in 9.19s
     Running http_actionability.rs (target/debug/deps/http_actionability-4979319a40142347)

running 12 tests
test chrome_blocked_prepare_timeout ... Chrome version: Chrome/151.0.7922.173
ok
test chrome_disabled_aria_ancestor ... Chrome version: Chrome/151.0.7922.173
ok
test chrome_disabled_fieldset ... Chrome version: Chrome/151.0.7922.173
ok
test chrome_disabled_timeout ... Chrome version: Chrome/151.0.7922.173
ok
test chrome_move_on_hover ... Chrome version: Chrome/151.0.7922.173
ok
test chrome_transient_overlay ... Chrome version: Chrome/151.0.7922.173
ok
test firefox_blocked_prepare_timeout ... Firefox version: Some("157.0.1")
ok
test firefox_disabled_aria_ancestor ... Firefox version: Some("157.0.1")
ok
test firefox_disabled_fieldset ... Firefox version: Some("157.0.1")
ok
test firefox_disabled_timeout ... Firefox version: Some("157.0.1")
ok
test firefox_move_on_hover ... Firefox version: Some("157.0.1")
ok
test firefox_transient_overlay ... Firefox version: Some("157.0.1")
ok

test result: ok. 12 passed; 0 failed; 0 ignored; 0 measured; 0 filtered out; finished in 18.93s

     Running http_clipped_control.rs (target/debug/deps/http_clipped_control-ff90287c6e7ffd1d)

running 10 tests
test chrome_fixed_control_escapes_clip ... Chrome version: Chrome/151.0.7922.173
width=60 nested=false click=Ok(()) observed=[1,true,0] geometry={"clip":{"bottom":160,"height":60,"left":100,"right":160,"top":100,"width":60,"x":100,"y":100},"hit":"","rect":{"bottom":250,"height":50,"left":300,"right":700,"top":200,"width":400,"x":300,"y":200},"scroll":0}
ok
test chrome_narrow_overflow_control ... Chrome version: Chrome/151.0.7922.173
width=3 nested=false click=Ok(()) observed=[1,true,0] geometry={"clip":{"bottom":160,"height":60,"left":100,"right":103,"top":100,"width":3,"x":100,"y":100},"hit":"go","rect":{"bottom":150,"height":50,"left":-99,"right":301,"top":100,"width":400,"x":-99,"y":100},"scroll":199}
ok
test chrome_nested_overflow_control ... Chrome version: Chrome/151.0.7922.173
width=60 nested=true click=Ok(()) observed=[1,true,0] geometry={"clip":{"bottom":160,"height":60,"left":80,"right":140,"top":100,"width":60,"x":80,"y":100},"hit":"go","rect":{"bottom":150,"height":50,"left":-90,"right":310,"top":100,"width":400,"x":-90,"y":100},"scroll":170}
ok
test chrome_overflow_hidden_control ... Chrome version: Chrome/151.0.7922.173
width=60 nested=false click=Ok(()) observed=[1,true,0] geometry={"clip":{"bottom":160,"height":60,"left":100,"right":160,"top":100,"width":60,"x":100,"y":100},"hit":"go","rect":{"bottom":150,"height":50,"left":-70,"right":330,"top":100,"width":400,"x":-70,"y":100},"scroll":170}
ok
test chrome_scrolled_overflow_control ... Chrome version: Chrome/151.0.7922.173
width=60 nested=false click=Ok(()) observed=[1,true,0] geometry={"clip":{"bottom":281,"height":60,"left":360,"right":420,"top":221,"width":60,"x":360,"y":221},"hit":"","rect":{"bottom":271,"height":50,"left":190,"right":590,"top":221,"width":400,"x":190,"y":221},"scroll":170}
ok
test firefox_fixed_control_escapes_clip ... Firefox version: Some("157.0.1")
width=60 nested=false click=Ok(()) observed=[1,true,0] geometry={"clip":{"bottom":160,"height":60,"left":100,"right":160,"top":100,"width":60,"x":100,"y":100},"hit":"","rect":{"bottom":250,"height":50,"left":300,"right":700,"top":200,"width":400,"x":300,"y":200},"scroll":0}
ok
test firefox_narrow_overflow_control ... Firefox version: Some("157.0.1")
width=3 nested=false click=Ok(()) observed=[1,true,0] geometry={"clip":{"bottom":160,"height":60,"left":100,"right":103,"top":100,"width":3,"x":100,"y":100},"hit":"go","rect":{"bottom":150,"height":50,"left":-98.5,"right":301.5,"top":100,"width":400,"x":-98.5,"y":100},"scroll":198.5}
ok
test firefox_nested_overflow_control ... Firefox version: Some("157.0.1")
width=60 nested=true click=Ok(()) observed=[1,true,0] geometry={"clip":{"bottom":160,"height":60,"left":80,"right":140,"top":100,"width":60,"x":80,"y":100},"hit":"go","rect":{"bottom":150,"height":50,"left":-90,"right":310,"top":100,"width":400,"x":-90,"y":100},"scroll":170}
ok
test firefox_overflow_hidden_control ... Firefox version: Some("157.0.1")
width=60 nested=false click=Ok(()) observed=[1,true,0] geometry={"clip":{"bottom":160,"height":60,"left":100,"right":160,"top":100,"width":60,"x":100,"y":100},"hit":"go","rect":{"bottom":150,"height":50,"left":-70,"right":330,"top":100,"width":400,"x":-70,"y":100},"scroll":170}
ok
test firefox_scrolled_overflow_control ... Firefox version: Some("157.0.1")
width=60 nested=false click=Ok(()) observed=[1,true,0] geometry={"clip":{"bottom":349,"height":60,"left":647,"right":707,"top":289,"width":60,"x":647,"y":289},"hit":"","rect":{"bottom":339,"height":50,"left":477,"right":877,"top":289,"width":400,"x":477,"y":289},"scroll":170}
ok

test result: ok. 10 passed; 0 failed; 0 ignored; 0 measured; 0 filtered out; finished in 10.55s

     Running http_compat.rs (target/debug/deps/http_compat-13835e7b87cc4bc8)

running 24 tests
test chrome_cancelled_wait_recovers ... Chrome version: Chrome/151.0.7922.173
ok
test chrome_closing_page_wakes_wait ... Chrome version: Chrome/151.0.7922.173
ok
test chrome_delayed_and_absent_elements ... Chrome version: Chrome/151.0.7922.173
ok
test chrome_disconnect_wakes_wait ... Chrome version: Chrome/151.0.7922.173
ok
test chrome_frame_click ... Chrome version: Chrome/151.0.7922.173
ok
test chrome_frame_hover_and_keyboard ... Chrome version: Chrome/151.0.7922.173
ok
test chrome_frame_reload ... Chrome version: Chrome/151.0.7922.173
ok
test chrome_isolated_popup_ownership ... Chrome version: Chrome/151.0.7922.173
ok
test chrome_isolated_storage ... Chrome version: Chrome/151.0.7922.173
ok
test chrome_javascript_exceptions ... Chrome version: Chrome/151.0.7922.173
ok
test chrome_navigation_and_forms ... Chrome version: Chrome/151.0.7922.173
ok
test chrome_wait_deadline ... Chrome version: Chrome/151.0.7922.173
ok
test firefox_cancelled_wait_recovers ... Firefox version: Some("157.0.1")
ok
test firefox_closing_page_wakes_wait ... Firefox version: Some("157.0.1")
ok
test firefox_delayed_and_absent_elements ... Firefox version: Some("157.0.1")
ok
test firefox_disconnect_wakes_wait ... Firefox version: Some("157.0.1")
ok
test firefox_frame_click ... Firefox version: Some("157.0.1")
ok
test firefox_frame_hover_and_keyboard ... Firefox version: Some("157.0.1")
ok
test firefox_frame_reload ... Firefox version: Some("157.0.1")
ok
test firefox_isolated_popup_ownership ... Firefox version: Some("157.0.1")
ok
test firefox_isolated_storage ... Firefox version: Some("157.0.1")
ok
test firefox_javascript_exceptions ... Firefox version: Some("157.0.1")
ok
test firefox_navigation_and_forms ... Firefox version: Some("157.0.1")
ok
test firefox_wait_deadline ... Firefox version: Some("157.0.1")
ok

test result: ok. 24 passed; 0 failed; 0 ignored; 0 measured; 0 filtered out; finished in 27.35s

     Running http_contexts.rs (target/debug/deps/http_contexts-7790aada98a9b338)

running 10 tests
test browser_disconnect_wakes_a_pending_page_wait ... ok
test cancelled_popup_wait_does_not_stop_future_discovery ... ok
test closed_pages_are_removed_from_the_context_list ... ok
test concurrent_refresh_shares_one_page_session_and_route_state ... ok
test concurrent_waiters_adopt_distinct_popups ... ok
test connected_browser_excludes_another_clients_isolated_context ... ok
test context_close_wakes_a_pending_page_wait ... ok
test default_discovery_does_not_adopt_isolated_pages ... ok
test default_popup_wait_ignores_isolated_target_created_events ... ok
test isolated_popup_wait_ignores_default_and_other_isolated_contexts ... ok

test result: ok. 10 passed; 0 failed; 0 ignored; 0 measured; 0 filtered out; finished in 6.11s

     Running http_creation.rs (target/debug/deps/http_creation-56c8e51711cc4f3c)

running 2 tests
test chrome_cancelled_creation_releases_native_resources ... {"context_ids":[],"contexts":0,"cycle":1,"engine":"chrome","existing_page_preserved":true,"helper_preloads":null,"mode":"context","page_ids":["0FC5A89865053C47A5A7D8B4EBBD47C2","83B009771BFB39EF2F2F235CCCD3B1F8"],"pages":2,"pending":0,"subsequent_page_usable":true,"version":"Chrome/151.0.7922.173"}
{"context_ids":[],"contexts":0,"cycle":2,"engine":"chrome","existing_page_preserved":true,"helper_preloads":null,"mode":"context","page_ids":["0FC5A89865053C47A5A7D8B4EBBD47C2","83B009771BFB39EF2F2F235CCCD3B1F8"],"pages":2,"pending":0,"subsequent_page_usable":true,"version":"Chrome/151.0.7922.173"}
{"context_ids":[],"contexts":0,"cycle":3,"engine":"chrome","existing_page_preserved":true,"helper_preloads":null,"mode":"context","page_ids":["0FC5A89865053C47A5A7D8B4EBBD47C2","83B009771BFB39EF2F2F235CCCD3B1F8"],"pages":2,"pending":0,"subsequent_page_usable":true,"version":"Chrome/151.0.7922.173"}
{"context_ids":[],"contexts":0,"cycle":4,"engine":"chrome","existing_page_preserved":true,"helper_preloads":null,"mode":"context","page_ids":["0FC5A89865053C47A5A7D8B4EBBD47C2","83B009771BFB39EF2F2F235CCCD3B1F8"],"pages":2,"pending":0,"subsequent_page_usable":true,"version":"Chrome/151.0.7922.173"}
{"context_ids":[],"contexts":0,"cycle":5,"engine":"chrome","existing_page_preserved":true,"helper_preloads":null,"mode":"context","page_ids":["0FC5A89865053C47A5A7D8B4EBBD47C2","83B009771BFB39EF2F2F235CCCD3B1F8"],"pages":2,"pending":0,"subsequent_page_usable":true,"version":"Chrome/151.0.7922.173"}
{"context_ids":[],"contexts":0,"cycle":6,"engine":"chrome","existing_page_preserved":true,"helper_preloads":null,"mode":"context","page_ids":["0FC5A89865053C47A5A7D8B4EBBD47C2","83B009771BFB39EF2F2F235CCCD3B1F8"],"pages":2,"pending":0,"subsequent_page_usable":true,"version":"Chrome/151.0.7922.173"}
{"context_ids":[],"contexts":0,"cycle":7,"engine":"chrome","existing_page_preserved":true,"helper_preloads":null,"mode":"context","page_ids":["0FC5A89865053C47A5A7D8B4EBBD47C2","83B009771BFB39EF2F2F235CCCD3B1F8"],"pages":2,"pending":0,"subsequent_page_usable":true,"version":"Chrome/151.0.7922.173"}
{"context_ids":[],"contexts":0,"cycle":8,"engine":"chrome","existing_page_preserved":true,"helper_preloads":null,"mode":"context","page_ids":["0FC5A89865053C47A5A7D8B4EBBD47C2","83B009771BFB39EF2F2F235CCCD3B1F8"],"pages":2,"pending":0,"subsequent_page_usable":true,"version":"Chrome/151.0.7922.173"}
{"context_ids":[],"contexts":0,"cycle":9,"engine":"chrome","existing_page_preserved":true,"helper_preloads":null,"mode":"context","page_ids":["0FC5A89865053C47A5A7D8B4EBBD47C2","83B009771BFB39EF2F2F235CCCD3B1F8"],"pages":2,"pending":0,"subsequent_page_usable":true,"version":"Chrome/151.0.7922.173"}
{"context_ids":[],"contexts":0,"cycle":10,"engine":"chrome","existing_page_preserved":true,"helper_preloads":null,"mode":"context","page_ids":["0FC5A89865053C47A5A7D8B4EBBD47C2","83B009771BFB39EF2F2F235CCCD3B1F8"],"pages":2,"pending":0,"subsequent_page_usable":true,"version":"Chrome/151.0.7922.173"}
{"context_ids":[],"contexts":0,"cycle":1,"engine":"chrome","existing_page_preserved":true,"helper_preloads":null,"mode":"default-create","page_ids":["0FC5A89865053C47A5A7D8B4EBBD47C2","83B009771BFB39EF2F2F235CCCD3B1F8"],"pages":2,"pending":0,"subsequent_page_usable":true,"version":"Chrome/151.0.7922.173"}
{"context_ids":[],"contexts":0,"cycle":2,"engine":"chrome","existing_page_preserved":true,"helper_preloads":null,"mode":"default-create","page_ids":["0FC5A89865053C47A5A7D8B4EBBD47C2","83B009771BFB39EF2F2F235CCCD3B1F8"],"pages":2,"pending":0,"subsequent_page_usable":true,"version":"Chrome/151.0.7922.173"}
{"context_ids":[],"contexts":0,"cycle":3,"engine":"chrome","existing_page_preserved":true,"helper_preloads":null,"mode":"default-create","page_ids":["0FC5A89865053C47A5A7D8B4EBBD47C2","83B009771BFB39EF2F2F235CCCD3B1F8"],"pages":2,"pending":0,"subsequent_page_usable":true,"version":"Chrome/151.0.7922.173"}
{"context_ids":[],"contexts":0,"cycle":4,"engine":"chrome","existing_page_preserved":true,"helper_preloads":null,"mode":"default-create","page_ids":["0FC5A89865053C47A5A7D8B4EBBD47C2","83B009771BFB39EF2F2F235CCCD3B1F8"],"pages":2,"pending":0,"subsequent_page_usable":true,"version":"Chrome/151.0.7922.173"}
{"context_ids":[],"contexts":0,"cycle":5,"engine":"chrome","existing_page_preserved":true,"helper_preloads":null,"mode":"default-create","page_ids":["0FC5A89865053C47A5A7D8B4EBBD47C2","83B009771BFB39EF2F2F235CCCD3B1F8"],"pages":2,"pending":0,"subsequent_page_usable":true,"version":"Chrome/151.0.7922.173"}
{"context_ids":[],"contexts":0,"cycle":6,"engine":"chrome","existing_page_preserved":true,"helper_preloads":null,"mode":"default-create","page_ids":["0FC5A89865053C47A5A7D8B4EBBD47C2","83B009771BFB39EF2F2F235CCCD3B1F8"],"pages":2,"pending":0,"subsequent_page_usable":true,"version":"Chrome/151.0.7922.173"}
{"context_ids":[],"contexts":0,"cycle":7,"engine":"chrome","existing_page_preserved":true,"helper_preloads":null,"mode":"default-create","page_ids":["0FC5A89865053C47A5A7D8B4EBBD47C2","83B009771BFB39EF2F2F235CCCD3B1F8"],"pages":2,"pending":0,"subsequent_page_usable":true,"version":"Chrome/151.0.7922.173"}
{"context_ids":[],"contexts":0,"cycle":8,"engine":"chrome","existing_page_preserved":true,"helper_preloads":null,"mode":"default-create","page_ids":["0FC5A89865053C47A5A7D8B4EBBD47C2","83B009771BFB39EF2F2F235CCCD3B1F8"],"pages":2,"pending":0,"subsequent_page_usable":true,"version":"Chrome/151.0.7922.173"}
{"context_ids":[],"contexts":0,"cycle":9,"engine":"chrome","existing_page_preserved":true,"helper_preloads":null,"mode":"default-create","page_ids":["0FC5A89865053C47A5A7D8B4EBBD47C2","83B009771BFB39EF2F2F235CCCD3B1F8"],"pages":2,"pending":0,"subsequent_page_usable":true,"version":"Chrome/151.0.7922.173"}
{"context_ids":[],"contexts":0,"cycle":10,"engine":"chrome","existing_page_preserved":true,"helper_preloads":null,"mode":"default-create","page_ids":["0FC5A89865053C47A5A7D8B4EBBD47C2","83B009771BFB39EF2F2F235CCCD3B1F8"],"pages":2,"pending":0,"subsequent_page_usable":true,"version":"Chrome/151.0.7922.173"}
{"context_ids":[],"contexts":0,"cycle":1,"engine":"chrome","existing_page_preserved":true,"helper_preloads":null,"mode":"default-init","page_ids":["0FC5A89865053C47A5A7D8B4EBBD47C2","83B009771BFB39EF2F2F235CCCD3B1F8"],"pages":2,"pending":0,"subsequent_page_usable":true,"version":"Chrome/151.0.7922.173"}
{"context_ids":[],"contexts":0,"cycle":2,"engine":"chrome","existing_page_preserved":true,"helper_preloads":null,"mode":"default-init","page_ids":["0FC5A89865053C47A5A7D8B4EBBD47C2","83B009771BFB39EF2F2F235CCCD3B1F8"],"pages":2,"pending":0,"subsequent_page_usable":true,"version":"Chrome/151.0.7922.173"}
{"context_ids":[],"contexts":0,"cycle":3,"engine":"chrome","existing_page_preserved":true,"helper_preloads":null,"mode":"default-init","page_ids":["0FC5A89865053C47A5A7D8B4EBBD47C2","83B009771BFB39EF2F2F235CCCD3B1F8"],"pages":2,"pending":0,"subsequent_page_usable":true,"version":"Chrome/151.0.7922.173"}
{"context_ids":[],"contexts":0,"cycle":4,"engine":"chrome","existing_page_preserved":true,"helper_preloads":null,"mode":"default-init","page_ids":["0FC5A89865053C47A5A7D8B4EBBD47C2","83B009771BFB39EF2F2F235CCCD3B1F8"],"pages":2,"pending":0,"subsequent_page_usable":true,"version":"Chrome/151.0.7922.173"}
{"context_ids":[],"contexts":0,"cycle":5,"engine":"chrome","existing_page_preserved":true,"helper_preloads":null,"mode":"default-init","page_ids":["0FC5A89865053C47A5A7D8B4EBBD47C2","83B009771BFB39EF2F2F235CCCD3B1F8"],"pages":2,"pending":0,"subsequent_page_usable":true,"version":"Chrome/151.0.7922.173"}
{"context_ids":[],"contexts":0,"cycle":6,"engine":"chrome","existing_page_preserved":true,"helper_preloads":null,"mode":"default-init","page_ids":["0FC5A89865053C47A5A7D8B4EBBD47C2","83B009771BFB39EF2F2F235CCCD3B1F8"],"pages":2,"pending":0,"subsequent_page_usable":true,"version":"Chrome/151.0.7922.173"}
{"context_ids":[],"contexts":0,"cycle":7,"engine":"chrome","existing_page_preserved":true,"helper_preloads":null,"mode":"default-init","page_ids":["0FC5A89865053C47A5A7D8B4EBBD47C2","83B009771BFB39EF2F2F235CCCD3B1F8"],"pages":2,"pending":0,"subsequent_page_usable":true,"version":"Chrome/151.0.7922.173"}
{"context_ids":[],"contexts":0,"cycle":8,"engine":"chrome","existing_page_preserved":true,"helper_preloads":null,"mode":"default-init","page_ids":["0FC5A89865053C47A5A7D8B4EBBD47C2","83B009771BFB39EF2F2F235CCCD3B1F8"],"pages":2,"pending":0,"subsequent_page_usable":true,"version":"Chrome/151.0.7922.173"}
{"context_ids":[],"contexts":0,"cycle":9,"engine":"chrome","existing_page_preserved":true,"helper_preloads":null,"mode":"default-init","page_ids":["0FC5A89865053C47A5A7D8B4EBBD47C2","83B009771BFB39EF2F2F235CCCD3B1F8"],"pages":2,"pending":0,"subsequent_page_usable":true,"version":"Chrome/151.0.7922.173"}
{"context_ids":[],"contexts":0,"cycle":10,"engine":"chrome","existing_page_preserved":true,"helper_preloads":null,"mode":"default-init","page_ids":["0FC5A89865053C47A5A7D8B4EBBD47C2","83B009771BFB39EF2F2F235CCCD3B1F8"],"pages":2,"pending":0,"subsequent_page_usable":true,"version":"Chrome/151.0.7922.173"}
{"context_ids":["964AC99CC7BAA9E7A3FEF254FA8C1AA6"],"contexts":1,"cycle":1,"engine":"chrome","existing_page_preserved":true,"helper_preloads":null,"mode":"isolated-create","page_ids":["0FC5A89865053C47A5A7D8B4EBBD47C2","83B009771BFB39EF2F2F235CCCD3B1F8"],"pages":2,"pending":0,"subsequent_page_usable":true,"version":"Chrome/151.0.7922.173"}
{"context_ids":["964AC99CC7BAA9E7A3FEF254FA8C1AA6"],"contexts":1,"cycle":2,"engine":"chrome","existing_page_preserved":true,"helper_preloads":null,"mode":"isolated-create","page_ids":["0FC5A89865053C47A5A7D8B4EBBD47C2","83B009771BFB39EF2F2F235CCCD3B1F8"],"pages":2,"pending":0,"subsequent_page_usable":true,"version":"Chrome/151.0.7922.173"}
{"context_ids":["964AC99CC7BAA9E7A3FEF254FA8C1AA6"],"contexts":1,"cycle":3,"engine":"chrome","existing_page_preserved":true,"helper_preloads":null,"mode":"isolated-create","page_ids":["0FC5A89865053C47A5A7D8B4EBBD47C2","83B009771BFB39EF2F2F235CCCD3B1F8"],"pages":2,"pending":0,"subsequent_page_usable":true,"version":"Chrome/151.0.7922.173"}
{"context_ids":["964AC99CC7BAA9E7A3FEF254FA8C1AA6"],"contexts":1,"cycle":4,"engine":"chrome","existing_page_preserved":true,"helper_preloads":null,"mode":"isolated-create","page_ids":["0FC5A89865053C47A5A7D8B4EBBD47C2","83B009771BFB39EF2F2F235CCCD3B1F8"],"pages":2,"pending":0,"subsequent_page_usable":true,"version":"Chrome/151.0.7922.173"}
{"context_ids":["964AC99CC7BAA9E7A3FEF254FA8C1AA6"],"contexts":1,"cycle":5,"engine":"chrome","existing_page_preserved":true,"helper_preloads":null,"mode":"isolated-create","page_ids":["0FC5A89865053C47A5A7D8B4EBBD47C2","83B009771BFB39EF2F2F235CCCD3B1F8"],"pages":2,"pending":0,"subsequent_page_usable":true,"version":"Chrome/151.0.7922.173"}
{"context_ids":["964AC99CC7BAA9E7A3FEF254FA8C1AA6"],"contexts":1,"cycle":6,"engine":"chrome","existing_page_preserved":true,"helper_preloads":null,"mode":"isolated-create","page_ids":["0FC5A89865053C47A5A7D8B4EBBD47C2","83B009771BFB39EF2F2F235CCCD3B1F8"],"pages":2,"pending":0,"subsequent_page_usable":true,"version":"Chrome/151.0.7922.173"}
{"context_ids":["964AC99CC7BAA9E7A3FEF254FA8C1AA6"],"contexts":1,"cycle":7,"engine":"chrome","existing_page_preserved":true,"helper_preloads":null,"mode":"isolated-create","page_ids":["0FC5A89865053C47A5A7D8B4EBBD47C2","83B009771BFB39EF2F2F235CCCD3B1F8"],"pages":2,"pending":0,"subsequent_page_usable":true,"version":"Chrome/151.0.7922.173"}
{"context_ids":["964AC99CC7BAA9E7A3FEF254FA8C1AA6"],"contexts":1,"cycle":8,"engine":"chrome","existing_page_preserved":true,"helper_preloads":null,"mode":"isolated-create","page_ids":["0FC5A89865053C47A5A7D8B4EBBD47C2","83B009771BFB39EF2F2F235CCCD3B1F8"],"pages":2,"pending":0,"subsequent_page_usable":true,"version":"Chrome/151.0.7922.173"}
{"context_ids":["964AC99CC7BAA9E7A3FEF254FA8C1AA6"],"contexts":1,"cycle":9,"engine":"chrome","existing_page_preserved":true,"helper_preloads":null,"mode":"isolated-create","page_ids":["0FC5A89865053C47A5A7D8B4EBBD47C2","83B009771BFB39EF2F2F235CCCD3B1F8"],"pages":2,"pending":0,"subsequent_page_usable":true,"version":"Chrome/151.0.7922.173"}
{"context_ids":["964AC99CC7BAA9E7A3FEF254FA8C1AA6"],"contexts":1,"cycle":10,"engine":"chrome","existing_page_preserved":true,"helper_preloads":null,"mode":"isolated-create","page_ids":["0FC5A89865053C47A5A7D8B4EBBD47C2","83B009771BFB39EF2F2F235CCCD3B1F8"],"pages":2,"pending":0,"subsequent_page_usable":true,"version":"Chrome/151.0.7922.173"}
{"context_ids":["87B5C999BB1DBAE863E55406D49E3B1E"],"contexts":1,"cycle":1,"engine":"chrome","existing_page_preserved":true,"helper_preloads":null,"mode":"isolated-init","page_ids":["0FC5A89865053C47A5A7D8B4EBBD47C2","83B009771BFB39EF2F2F235CCCD3B1F8"],"pages":2,"pending":0,"subsequent_page_usable":true,"version":"Chrome/151.0.7922.173"}
{"context_ids":["87B5C999BB1DBAE863E55406D49E3B1E"],"contexts":1,"cycle":2,"engine":"chrome","existing_page_preserved":true,"helper_preloads":null,"mode":"isolated-init","page_ids":["0FC5A89865053C47A5A7D8B4EBBD47C2","83B009771BFB39EF2F2F235CCCD3B1F8"],"pages":2,"pending":0,"subsequent_page_usable":true,"version":"Chrome/151.0.7922.173"}
{"context_ids":["87B5C999BB1DBAE863E55406D49E3B1E"],"contexts":1,"cycle":3,"engine":"chrome","existing_page_preserved":true,"helper_preloads":null,"mode":"isolated-init","page_ids":["0FC5A89865053C47A5A7D8B4EBBD47C2","83B009771BFB39EF2F2F235CCCD3B1F8"],"pages":2,"pending":0,"subsequent_page_usable":true,"version":"Chrome/151.0.7922.173"}
{"context_ids":["87B5C999BB1DBAE863E55406D49E3B1E"],"contexts":1,"cycle":4,"engine":"chrome","existing_page_preserved":true,"helper_preloads":null,"mode":"isolated-init","page_ids":["0FC5A89865053C47A5A7D8B4EBBD47C2","83B009771BFB39EF2F2F235CCCD3B1F8"],"pages":2,"pending":0,"subsequent_page_usable":true,"version":"Chrome/151.0.7922.173"}
{"context_ids":["87B5C999BB1DBAE863E55406D49E3B1E"],"contexts":1,"cycle":5,"engine":"chrome","existing_page_preserved":true,"helper_preloads":null,"mode":"isolated-init","page_ids":["0FC5A89865053C47A5A7D8B4EBBD47C2","83B009771BFB39EF2F2F235CCCD3B1F8"],"pages":2,"pending":0,"subsequent_page_usable":true,"version":"Chrome/151.0.7922.173"}
{"context_ids":["87B5C999BB1DBAE863E55406D49E3B1E"],"contexts":1,"cycle":6,"engine":"chrome","existing_page_preserved":true,"helper_preloads":null,"mode":"isolated-init","page_ids":["0FC5A89865053C47A5A7D8B4EBBD47C2","83B009771BFB39EF2F2F235CCCD3B1F8"],"pages":2,"pending":0,"subsequent_page_usable":true,"version":"Chrome/151.0.7922.173"}
{"context_ids":["87B5C999BB1DBAE863E55406D49E3B1E"],"contexts":1,"cycle":7,"engine":"chrome","existing_page_preserved":true,"helper_preloads":null,"mode":"isolated-init","page_ids":["0FC5A89865053C47A5A7D8B4EBBD47C2","83B009771BFB39EF2F2F235CCCD3B1F8"],"pages":2,"pending":0,"subsequent_page_usable":true,"version":"Chrome/151.0.7922.173"}
{"context_ids":["87B5C999BB1DBAE863E55406D49E3B1E"],"contexts":1,"cycle":8,"engine":"chrome","existing_page_preserved":true,"helper_preloads":null,"mode":"isolated-init","page_ids":["0FC5A89865053C47A5A7D8B4EBBD47C2","83B009771BFB39EF2F2F235CCCD3B1F8"],"pages":2,"pending":0,"subsequent_page_usable":true,"version":"Chrome/151.0.7922.173"}
{"context_ids":["87B5C999BB1DBAE863E55406D49E3B1E"],"contexts":1,"cycle":9,"engine":"chrome","existing_page_preserved":true,"helper_preloads":null,"mode":"isolated-init","page_ids":["0FC5A89865053C47A5A7D8B4EBBD47C2","83B009771BFB39EF2F2F235CCCD3B1F8"],"pages":2,"pending":0,"subsequent_page_usable":true,"version":"Chrome/151.0.7922.173"}
{"context_ids":["87B5C999BB1DBAE863E55406D49E3B1E"],"contexts":1,"cycle":10,"engine":"chrome","existing_page_preserved":true,"helper_preloads":null,"mode":"isolated-init","page_ids":["0FC5A89865053C47A5A7D8B4EBBD47C2","83B009771BFB39EF2F2F235CCCD3B1F8"],"pages":2,"pending":0,"subsequent_page_usable":true,"version":"Chrome/151.0.7922.173"}
ok
test firefox_cancelled_creation_releases_native_resources ... {"context_ids":["98b3680a-00fc-4aa7-8862-305189424a32","b291b1f7-8e92-4c13-b906-9b8d0431111e","d652486f-61b4-4934-b1f2-c4fa2ad4b3ed","deee7380-78a7-4a58-89c8-e5e976cff0ea","default"],"contexts":5,"cycle":1,"engine":"firefox","existing_page_preserved":true,"helper_preloads":1,"mode":"context","page_ids":["3dde2a12-294b-4a94-bcff-11729a3b9c1f","c4ba039b-9c38-4cd1-8178-40badb1ab1f2"],"pages":2,"pending":0,"subsequent_page_usable":true,"version":"157.0.1"}
{"context_ids":["98b3680a-00fc-4aa7-8862-305189424a32","b291b1f7-8e92-4c13-b906-9b8d0431111e","d652486f-61b4-4934-b1f2-c4fa2ad4b3ed","deee7380-78a7-4a58-89c8-e5e976cff0ea","default"],"contexts":5,"cycle":2,"engine":"firefox","existing_page_preserved":true,"helper_preloads":1,"mode":"context","page_ids":["3dde2a12-294b-4a94-bcff-11729a3b9c1f","c4ba039b-9c38-4cd1-8178-40badb1ab1f2"],"pages":2,"pending":0,"subsequent_page_usable":true,"version":"157.0.1"}
{"context_ids":["98b3680a-00fc-4aa7-8862-305189424a32","b291b1f7-8e92-4c13-b906-9b8d0431111e","d652486f-61b4-4934-b1f2-c4fa2ad4b3ed","deee7380-78a7-4a58-89c8-e5e976cff0ea","default"],"contexts":5,"cycle":3,"engine":"firefox","existing_page_preserved":true,"helper_preloads":1,"mode":"context","page_ids":["3dde2a12-294b-4a94-bcff-11729a3b9c1f","c4ba039b-9c38-4cd1-8178-40badb1ab1f2"],"pages":2,"pending":0,"subsequent_page_usable":true,"version":"157.0.1"}
{"context_ids":["98b3680a-00fc-4aa7-8862-305189424a32","b291b1f7-8e92-4c13-b906-9b8d0431111e","d652486f-61b4-4934-b1f2-c4fa2ad4b3ed","deee7380-78a7-4a58-89c8-e5e976cff0ea","default"],"contexts":5,"cycle":4,"engine":"firefox","existing_page_preserved":true,"helper_preloads":1,"mode":"context","page_ids":["3dde2a12-294b-4a94-bcff-11729a3b9c1f","c4ba039b-9c38-4cd1-8178-40badb1ab1f2"],"pages":2,"pending":0,"subsequent_page_usable":true,"version":"157.0.1"}
{"context_ids":["98b3680a-00fc-4aa7-8862-305189424a32","b291b1f7-8e92-4c13-b906-9b8d0431111e","d652486f-61b4-4934-b1f2-c4fa2ad4b3ed","deee7380-78a7-4a58-89c8-e5e976cff0ea","default"],"contexts":5,"cycle":5,"engine":"firefox","existing_page_preserved":true,"helper_preloads":1,"mode":"context","page_ids":["3dde2a12-294b-4a94-bcff-11729a3b9c1f","c4ba039b-9c38-4cd1-8178-40badb1ab1f2"],"pages":2,"pending":0,"subsequent_page_usable":true,"version":"157.0.1"}
{"context_ids":["98b3680a-00fc-4aa7-8862-305189424a32","b291b1f7-8e92-4c13-b906-9b8d0431111e","d652486f-61b4-4934-b1f2-c4fa2ad4b3ed","deee7380-78a7-4a58-89c8-e5e976cff0ea","default"],"contexts":5,"cycle":6,"engine":"firefox","existing_page_preserved":true,"helper_preloads":1,"mode":"context","page_ids":["3dde2a12-294b-4a94-bcff-11729a3b9c1f","c4ba039b-9c38-4cd1-8178-40badb1ab1f2"],"pages":2,"pending":0,"subsequent_page_usable":true,"version":"157.0.1"}
{"context_ids":["98b3680a-00fc-4aa7-8862-305189424a32","b291b1f7-8e92-4c13-b906-9b8d0431111e","d652486f-61b4-4934-b1f2-c4fa2ad4b3ed","deee7380-78a7-4a58-89c8-e5e976cff0ea","default"],"contexts":5,"cycle":7,"engine":"firefox","existing_page_preserved":true,"helper_preloads":1,"mode":"context","page_ids":["3dde2a12-294b-4a94-bcff-11729a3b9c1f","c4ba039b-9c38-4cd1-8178-40badb1ab1f2"],"pages":2,"pending":0,"subsequent_page_usable":true,"version":"157.0.1"}
{"context_ids":["98b3680a-00fc-4aa7-8862-305189424a32","b291b1f7-8e92-4c13-b906-9b8d0431111e","d652486f-61b4-4934-b1f2-c4fa2ad4b3ed","deee7380-78a7-4a58-89c8-e5e976cff0ea","default"],"contexts":5,"cycle":8,"engine":"firefox","existing_page_preserved":true,"helper_preloads":1,"mode":"context","page_ids":["3dde2a12-294b-4a94-bcff-11729a3b9c1f","c4ba039b-9c38-4cd1-8178-40badb1ab1f2"],"pages":2,"pending":0,"subsequent_page_usable":true,"version":"157.0.1"}
{"context_ids":["98b3680a-00fc-4aa7-8862-305189424a32","b291b1f7-8e92-4c13-b906-9b8d0431111e","d652486f-61b4-4934-b1f2-c4fa2ad4b3ed","deee7380-78a7-4a58-89c8-e5e976cff0ea","default"],"contexts":5,"cycle":9,"engine":"firefox","existing_page_preserved":true,"helper_preloads":1,"mode":"context","page_ids":["3dde2a12-294b-4a94-bcff-11729a3b9c1f","c4ba039b-9c38-4cd1-8178-40badb1ab1f2"],"pages":2,"pending":0,"subsequent_page_usable":true,"version":"157.0.1"}
{"context_ids":["98b3680a-00fc-4aa7-8862-305189424a32","b291b1f7-8e92-4c13-b906-9b8d0431111e","d652486f-61b4-4934-b1f2-c4fa2ad4b3ed","deee7380-78a7-4a58-89c8-e5e976cff0ea","default"],"contexts":5,"cycle":10,"engine":"firefox","existing_page_preserved":true,"helper_preloads":1,"mode":"context","page_ids":["3dde2a12-294b-4a94-bcff-11729a3b9c1f","c4ba039b-9c38-4cd1-8178-40badb1ab1f2"],"pages":2,"pending":0,"subsequent_page_usable":true,"version":"157.0.1"}
{"context_ids":["98b3680a-00fc-4aa7-8862-305189424a32","b291b1f7-8e92-4c13-b906-9b8d0431111e","d652486f-61b4-4934-b1f2-c4fa2ad4b3ed","deee7380-78a7-4a58-89c8-e5e976cff0ea","default"],"contexts":5,"cycle":1,"engine":"firefox","existing_page_preserved":true,"helper_preloads":1,"mode":"default-create","page_ids":["3dde2a12-294b-4a94-bcff-11729a3b9c1f","c4ba039b-9c38-4cd1-8178-40badb1ab1f2"],"pages":2,"pending":0,"subsequent_page_usable":true,"version":"157.0.1"}
{"context_ids":["98b3680a-00fc-4aa7-8862-305189424a32","b291b1f7-8e92-4c13-b906-9b8d0431111e","d652486f-61b4-4934-b1f2-c4fa2ad4b3ed","deee7380-78a7-4a58-89c8-e5e976cff0ea","default"],"contexts":5,"cycle":2,"engine":"firefox","existing_page_preserved":true,"helper_preloads":1,"mode":"default-create","page_ids":["3dde2a12-294b-4a94-bcff-11729a3b9c1f","c4ba039b-9c38-4cd1-8178-40badb1ab1f2"],"pages":2,"pending":0,"subsequent_page_usable":true,"version":"157.0.1"}
{"context_ids":["98b3680a-00fc-4aa7-8862-305189424a32","b291b1f7-8e92-4c13-b906-9b8d0431111e","d652486f-61b4-4934-b1f2-c4fa2ad4b3ed","deee7380-78a7-4a58-89c8-e5e976cff0ea","default"],"contexts":5,"cycle":3,"engine":"firefox","existing_page_preserved":true,"helper_preloads":1,"mode":"default-create","page_ids":["3dde2a12-294b-4a94-bcff-11729a3b9c1f","c4ba039b-9c38-4cd1-8178-40badb1ab1f2"],"pages":2,"pending":0,"subsequent_page_usable":true,"version":"157.0.1"}
{"context_ids":["98b3680a-00fc-4aa7-8862-305189424a32","b291b1f7-8e92-4c13-b906-9b8d0431111e","d652486f-61b4-4934-b1f2-c4fa2ad4b3ed","deee7380-78a7-4a58-89c8-e5e976cff0ea","default"],"contexts":5,"cycle":4,"engine":"firefox","existing_page_preserved":true,"helper_preloads":1,"mode":"default-create","page_ids":["3dde2a12-294b-4a94-bcff-11729a3b9c1f","c4ba039b-9c38-4cd1-8178-40badb1ab1f2"],"pages":2,"pending":0,"subsequent_page_usable":true,"version":"157.0.1"}
{"context_ids":["98b3680a-00fc-4aa7-8862-305189424a32","b291b1f7-8e92-4c13-b906-9b8d0431111e","d652486f-61b4-4934-b1f2-c4fa2ad4b3ed","deee7380-78a7-4a58-89c8-e5e976cff0ea","default"],"contexts":5,"cycle":5,"engine":"firefox","existing_page_preserved":true,"helper_preloads":1,"mode":"default-create","page_ids":["3dde2a12-294b-4a94-bcff-11729a3b9c1f","c4ba039b-9c38-4cd1-8178-40badb1ab1f2"],"pages":2,"pending":0,"subsequent_page_usable":true,"version":"157.0.1"}
{"context_ids":["98b3680a-00fc-4aa7-8862-305189424a32","b291b1f7-8e92-4c13-b906-9b8d0431111e","d652486f-61b4-4934-b1f2-c4fa2ad4b3ed","deee7380-78a7-4a58-89c8-e5e976cff0ea","default"],"contexts":5,"cycle":6,"engine":"firefox","existing_page_preserved":true,"helper_preloads":1,"mode":"default-create","page_ids":["3dde2a12-294b-4a94-bcff-11729a3b9c1f","c4ba039b-9c38-4cd1-8178-40badb1ab1f2"],"pages":2,"pending":0,"subsequent_page_usable":true,"version":"157.0.1"}
{"context_ids":["98b3680a-00fc-4aa7-8862-305189424a32","b291b1f7-8e92-4c13-b906-9b8d0431111e","d652486f-61b4-4934-b1f2-c4fa2ad4b3ed","deee7380-78a7-4a58-89c8-e5e976cff0ea","default"],"contexts":5,"cycle":7,"engine":"firefox","existing_page_preserved":true,"helper_preloads":1,"mode":"default-create","page_ids":["3dde2a12-294b-4a94-bcff-11729a3b9c1f","c4ba039b-9c38-4cd1-8178-40badb1ab1f2"],"pages":2,"pending":0,"subsequent_page_usable":true,"version":"157.0.1"}
{"context_ids":["98b3680a-00fc-4aa7-8862-305189424a32","b291b1f7-8e92-4c13-b906-9b8d0431111e","d652486f-61b4-4934-b1f2-c4fa2ad4b3ed","deee7380-78a7-4a58-89c8-e5e976cff0ea","default"],"contexts":5,"cycle":8,"engine":"firefox","existing_page_preserved":true,"helper_preloads":1,"mode":"default-create","page_ids":["3dde2a12-294b-4a94-bcff-11729a3b9c1f","c4ba039b-9c38-4cd1-8178-40badb1ab1f2"],"pages":2,"pending":0,"subsequent_page_usable":true,"version":"157.0.1"}
{"context_ids":["98b3680a-00fc-4aa7-8862-305189424a32","b291b1f7-8e92-4c13-b906-9b8d0431111e","d652486f-61b4-4934-b1f2-c4fa2ad4b3ed","deee7380-78a7-4a58-89c8-e5e976cff0ea","default"],"contexts":5,"cycle":9,"engine":"firefox","existing_page_preserved":true,"helper_preloads":1,"mode":"default-create","page_ids":["3dde2a12-294b-4a94-bcff-11729a3b9c1f","c4ba039b-9c38-4cd1-8178-40badb1ab1f2"],"pages":2,"pending":0,"subsequent_page_usable":true,"version":"157.0.1"}
{"context_ids":["98b3680a-00fc-4aa7-8862-305189424a32","b291b1f7-8e92-4c13-b906-9b8d0431111e","d652486f-61b4-4934-b1f2-c4fa2ad4b3ed","deee7380-78a7-4a58-89c8-e5e976cff0ea","default"],"contexts":5,"cycle":10,"engine":"firefox","existing_page_preserved":true,"helper_preloads":1,"mode":"default-create","page_ids":["3dde2a12-294b-4a94-bcff-11729a3b9c1f","c4ba039b-9c38-4cd1-8178-40badb1ab1f2"],"pages":2,"pending":0,"subsequent_page_usable":true,"version":"157.0.1"}
{"context_ids":["98b3680a-00fc-4aa7-8862-305189424a32","b291b1f7-8e92-4c13-b906-9b8d0431111e","d652486f-61b4-4934-b1f2-c4fa2ad4b3ed","deee7380-78a7-4a58-89c8-e5e976cff0ea","default"],"contexts":5,"cycle":1,"engine":"firefox","existing_page_preserved":true,"helper_preloads":1,"mode":"default-init","page_ids":["3dde2a12-294b-4a94-bcff-11729a3b9c1f","c4ba039b-9c38-4cd1-8178-40badb1ab1f2"],"pages":2,"pending":0,"subsequent_page_usable":true,"version":"157.0.1"}
{"context_ids":["98b3680a-00fc-4aa7-8862-305189424a32","b291b1f7-8e92-4c13-b906-9b8d0431111e","d652486f-61b4-4934-b1f2-c4fa2ad4b3ed","deee7380-78a7-4a58-89c8-e5e976cff0ea","default"],"contexts":5,"cycle":2,"engine":"firefox","existing_page_preserved":true,"helper_preloads":1,"mode":"default-init","page_ids":["3dde2a12-294b-4a94-bcff-11729a3b9c1f","c4ba039b-9c38-4cd1-8178-40badb1ab1f2"],"pages":2,"pending":0,"subsequent_page_usable":true,"version":"157.0.1"}
{"context_ids":["98b3680a-00fc-4aa7-8862-305189424a32","b291b1f7-8e92-4c13-b906-9b8d0431111e","d652486f-61b4-4934-b1f2-c4fa2ad4b3ed","deee7380-78a7-4a58-89c8-e5e976cff0ea","default"],"contexts":5,"cycle":3,"engine":"firefox","existing_page_preserved":true,"helper_preloads":1,"mode":"default-init","page_ids":["3dde2a12-294b-4a94-bcff-11729a3b9c1f","c4ba039b-9c38-4cd1-8178-40badb1ab1f2"],"pages":2,"pending":0,"subsequent_page_usable":true,"version":"157.0.1"}
{"context_ids":["98b3680a-00fc-4aa7-8862-305189424a32","b291b1f7-8e92-4c13-b906-9b8d0431111e","d652486f-61b4-4934-b1f2-c4fa2ad4b3ed","deee7380-78a7-4a58-89c8-e5e976cff0ea","default"],"contexts":5,"cycle":4,"engine":"firefox","existing_page_preserved":true,"helper_preloads":1,"mode":"default-init","page_ids":["3dde2a12-294b-4a94-bcff-11729a3b9c1f","c4ba039b-9c38-4cd1-8178-40badb1ab1f2"],"pages":2,"pending":0,"subsequent_page_usable":true,"version":"157.0.1"}
{"context_ids":["98b3680a-00fc-4aa7-8862-305189424a32","b291b1f7-8e92-4c13-b906-9b8d0431111e","d652486f-61b4-4934-b1f2-c4fa2ad4b3ed","deee7380-78a7-4a58-89c8-e5e976cff0ea","default"],"contexts":5,"cycle":5,"engine":"firefox","existing_page_preserved":true,"helper_preloads":1,"mode":"default-init","page_ids":["3dde2a12-294b-4a94-bcff-11729a3b9c1f","c4ba039b-9c38-4cd1-8178-40badb1ab1f2"],"pages":2,"pending":0,"subsequent_page_usable":true,"version":"157.0.1"}
{"context_ids":["98b3680a-00fc-4aa7-8862-305189424a32","b291b1f7-8e92-4c13-b906-9b8d0431111e","d652486f-61b4-4934-b1f2-c4fa2ad4b3ed","deee7380-78a7-4a58-89c8-e5e976cff0ea","default"],"contexts":5,"cycle":6,"engine":"firefox","existing_page_preserved":true,"helper_preloads":1,"mode":"default-init","page_ids":["3dde2a12-294b-4a94-bcff-11729a3b9c1f","c4ba039b-9c38-4cd1-8178-40badb1ab1f2"],"pages":2,"pending":0,"subsequent_page_usable":true,"version":"157.0.1"}
{"context_ids":["98b3680a-00fc-4aa7-8862-305189424a32","b291b1f7-8e92-4c13-b906-9b8d0431111e","d652486f-61b4-4934-b1f2-c4fa2ad4b3ed","deee7380-78a7-4a58-89c8-e5e976cff0ea","default"],"contexts":5,"cycle":7,"engine":"firefox","existing_page_preserved":true,"helper_preloads":1,"mode":"default-init","page_ids":["3dde2a12-294b-4a94-bcff-11729a3b9c1f","c4ba039b-9c38-4cd1-8178-40badb1ab1f2"],"pages":2,"pending":0,"subsequent_page_usable":true,"version":"157.0.1"}
{"context_ids":["98b3680a-00fc-4aa7-8862-305189424a32","b291b1f7-8e92-4c13-b906-9b8d0431111e","d652486f-61b4-4934-b1f2-c4fa2ad4b3ed","deee7380-78a7-4a58-89c8-e5e976cff0ea","default"],"contexts":5,"cycle":8,"engine":"firefox","existing_page_preserved":true,"helper_preloads":1,"mode":"default-init","page_ids":["3dde2a12-294b-4a94-bcff-11729a3b9c1f","c4ba039b-9c38-4cd1-8178-40badb1ab1f2"],"pages":2,"pending":0,"subsequent_page_usable":true,"version":"157.0.1"}
{"context_ids":["98b3680a-00fc-4aa7-8862-305189424a32","b291b1f7-8e92-4c13-b906-9b8d0431111e","d652486f-61b4-4934-b1f2-c4fa2ad4b3ed","deee7380-78a7-4a58-89c8-e5e976cff0ea","default"],"contexts":5,"cycle":9,"engine":"firefox","existing_page_preserved":true,"helper_preloads":1,"mode":"default-init","page_ids":["3dde2a12-294b-4a94-bcff-11729a3b9c1f","c4ba039b-9c38-4cd1-8178-40badb1ab1f2"],"pages":2,"pending":0,"subsequent_page_usable":true,"version":"157.0.1"}
{"context_ids":["98b3680a-00fc-4aa7-8862-305189424a32","b291b1f7-8e92-4c13-b906-9b8d0431111e","d652486f-61b4-4934-b1f2-c4fa2ad4b3ed","deee7380-78a7-4a58-89c8-e5e976cff0ea","default"],"contexts":5,"cycle":10,"engine":"firefox","existing_page_preserved":true,"helper_preloads":1,"mode":"default-init","page_ids":["3dde2a12-294b-4a94-bcff-11729a3b9c1f","c4ba039b-9c38-4cd1-8178-40badb1ab1f2"],"pages":2,"pending":0,"subsequent_page_usable":true,"version":"157.0.1"}
{"context_ids":["5ff4e422-bc12-4ab5-918c-ceb8c0ea04d6","98b3680a-00fc-4aa7-8862-305189424a32","b291b1f7-8e92-4c13-b906-9b8d0431111e","d652486f-61b4-4934-b1f2-c4fa2ad4b3ed","deee7380-78a7-4a58-89c8-e5e976cff0ea","default"],"contexts":6,"cycle":1,"engine":"firefox","existing_page_preserved":true,"helper_preloads":1,"mode":"isolated-create","page_ids":["3dde2a12-294b-4a94-bcff-11729a3b9c1f","c4ba039b-9c38-4cd1-8178-40badb1ab1f2"],"pages":2,"pending":0,"subsequent_page_usable":true,"version":"157.0.1"}
{"context_ids":["5ff4e422-bc12-4ab5-918c-ceb8c0ea04d6","98b3680a-00fc-4aa7-8862-305189424a32","b291b1f7-8e92-4c13-b906-9b8d0431111e","d652486f-61b4-4934-b1f2-c4fa2ad4b3ed","deee7380-78a7-4a58-89c8-e5e976cff0ea","default"],"contexts":6,"cycle":2,"engine":"firefox","existing_page_preserved":true,"helper_preloads":1,"mode":"isolated-create","page_ids":["3dde2a12-294b-4a94-bcff-11729a3b9c1f","c4ba039b-9c38-4cd1-8178-40badb1ab1f2"],"pages":2,"pending":0,"subsequent_page_usable":true,"version":"157.0.1"}
{"context_ids":["5ff4e422-bc12-4ab5-918c-ceb8c0ea04d6","98b3680a-00fc-4aa7-8862-305189424a32","b291b1f7-8e92-4c13-b906-9b8d0431111e","d652486f-61b4-4934-b1f2-c4fa2ad4b3ed","deee7380-78a7-4a58-89c8-e5e976cff0ea","default"],"contexts":6,"cycle":3,"engine":"firefox","existing_page_preserved":true,"helper_preloads":1,"mode":"isolated-create","page_ids":["3dde2a12-294b-4a94-bcff-11729a3b9c1f","c4ba039b-9c38-4cd1-8178-40badb1ab1f2"],"pages":2,"pending":0,"subsequent_page_usable":true,"version":"157.0.1"}
{"context_ids":["5ff4e422-bc12-4ab5-918c-ceb8c0ea04d6","98b3680a-00fc-4aa7-8862-305189424a32","b291b1f7-8e92-4c13-b906-9b8d0431111e","d652486f-61b4-4934-b1f2-c4fa2ad4b3ed","deee7380-78a7-4a58-89c8-e5e976cff0ea","default"],"contexts":6,"cycle":4,"engine":"firefox","existing_page_preserved":true,"helper_preloads":1,"mode":"isolated-create","page_ids":["3dde2a12-294b-4a94-bcff-11729a3b9c1f","c4ba039b-9c38-4cd1-8178-40badb1ab1f2"],"pages":2,"pending":0,"subsequent_page_usable":true,"version":"157.0.1"}
{"context_ids":["5ff4e422-bc12-4ab5-918c-ceb8c0ea04d6","98b3680a-00fc-4aa7-8862-305189424a32","b291b1f7-8e92-4c13-b906-9b8d0431111e","d652486f-61b4-4934-b1f2-c4fa2ad4b3ed","deee7380-78a7-4a58-89c8-e5e976cff0ea","default"],"contexts":6,"cycle":5,"engine":"firefox","existing_page_preserved":true,"helper_preloads":1,"mode":"isolated-create","page_ids":["3dde2a12-294b-4a94-bcff-11729a3b9c1f","c4ba039b-9c38-4cd1-8178-40badb1ab1f2"],"pages":2,"pending":0,"subsequent_page_usable":true,"version":"157.0.1"}
{"context_ids":["5ff4e422-bc12-4ab5-918c-ceb8c0ea04d6","98b3680a-00fc-4aa7-8862-305189424a32","b291b1f7-8e92-4c13-b906-9b8d0431111e","d652486f-61b4-4934-b1f2-c4fa2ad4b3ed","deee7380-78a7-4a58-89c8-e5e976cff0ea","default"],"contexts":6,"cycle":6,"engine":"firefox","existing_page_preserved":true,"helper_preloads":1,"mode":"isolated-create","page_ids":["3dde2a12-294b-4a94-bcff-11729a3b9c1f","c4ba039b-9c38-4cd1-8178-40badb1ab1f2"],"pages":2,"pending":0,"subsequent_page_usable":true,"version":"157.0.1"}
{"context_ids":["5ff4e422-bc12-4ab5-918c-ceb8c0ea04d6","98b3680a-00fc-4aa7-8862-305189424a32","b291b1f7-8e92-4c13-b906-9b8d0431111e","d652486f-61b4-4934-b1f2-c4fa2ad4b3ed","deee7380-78a7-4a58-89c8-e5e976cff0ea","default"],"contexts":6,"cycle":7,"engine":"firefox","existing_page_preserved":true,"helper_preloads":1,"mode":"isolated-create","page_ids":["3dde2a12-294b-4a94-bcff-11729a3b9c1f","c4ba039b-9c38-4cd1-8178-40badb1ab1f2"],"pages":2,"pending":0,"subsequent_page_usable":true,"version":"157.0.1"}
{"context_ids":["5ff4e422-bc12-4ab5-918c-ceb8c0ea04d6","98b3680a-00fc-4aa7-8862-305189424a32","b291b1f7-8e92-4c13-b906-9b8d0431111e","d652486f-61b4-4934-b1f2-c4fa2ad4b3ed","deee7380-78a7-4a58-89c8-e5e976cff0ea","default"],"contexts":6,"cycle":8,"engine":"firefox","existing_page_preserved":true,"helper_preloads":1,"mode":"isolated-create","page_ids":["3dde2a12-294b-4a94-bcff-11729a3b9c1f","c4ba039b-9c38-4cd1-8178-40badb1ab1f2"],"pages":2,"pending":0,"subsequent_page_usable":true,"version":"157.0.1"}
{"context_ids":["5ff4e422-bc12-4ab5-918c-ceb8c0ea04d6","98b3680a-00fc-4aa7-8862-305189424a32","b291b1f7-8e92-4c13-b906-9b8d0431111e","d652486f-61b4-4934-b1f2-c4fa2ad4b3ed","deee7380-78a7-4a58-89c8-e5e976cff0ea","default"],"contexts":6,"cycle":9,"engine":"firefox","existing_page_preserved":true,"helper_preloads":1,"mode":"isolated-create","page_ids":["3dde2a12-294b-4a94-bcff-11729a3b9c1f","c4ba039b-9c38-4cd1-8178-40badb1ab1f2"],"pages":2,"pending":0,"subsequent_page_usable":true,"version":"157.0.1"}
{"context_ids":["5ff4e422-bc12-4ab5-918c-ceb8c0ea04d6","98b3680a-00fc-4aa7-8862-305189424a32","b291b1f7-8e92-4c13-b906-9b8d0431111e","d652486f-61b4-4934-b1f2-c4fa2ad4b3ed","deee7380-78a7-4a58-89c8-e5e976cff0ea","default"],"contexts":6,"cycle":10,"engine":"firefox","existing_page_preserved":true,"helper_preloads":1,"mode":"isolated-create","page_ids":["3dde2a12-294b-4a94-bcff-11729a3b9c1f","c4ba039b-9c38-4cd1-8178-40badb1ab1f2"],"pages":2,"pending":0,"subsequent_page_usable":true,"version":"157.0.1"}
{"context_ids":["47bd2da1-f66b-4332-92e3-7720cde09a9c","98b3680a-00fc-4aa7-8862-305189424a32","b291b1f7-8e92-4c13-b906-9b8d0431111e","d652486f-61b4-4934-b1f2-c4fa2ad4b3ed","deee7380-78a7-4a58-89c8-e5e976cff0ea","default"],"contexts":6,"cycle":1,"engine":"firefox","existing_page_preserved":true,"helper_preloads":1,"mode":"isolated-init","page_ids":["3dde2a12-294b-4a94-bcff-11729a3b9c1f","c4ba039b-9c38-4cd1-8178-40badb1ab1f2"],"pages":2,"pending":0,"subsequent_page_usable":true,"version":"157.0.1"}
{"context_ids":["47bd2da1-f66b-4332-92e3-7720cde09a9c","98b3680a-00fc-4aa7-8862-305189424a32","b291b1f7-8e92-4c13-b906-9b8d0431111e","d652486f-61b4-4934-b1f2-c4fa2ad4b3ed","deee7380-78a7-4a58-89c8-e5e976cff0ea","default"],"contexts":6,"cycle":2,"engine":"firefox","existing_page_preserved":true,"helper_preloads":1,"mode":"isolated-init","page_ids":["3dde2a12-294b-4a94-bcff-11729a3b9c1f","c4ba039b-9c38-4cd1-8178-40badb1ab1f2"],"pages":2,"pending":0,"subsequent_page_usable":true,"version":"157.0.1"}
{"context_ids":["47bd2da1-f66b-4332-92e3-7720cde09a9c","98b3680a-00fc-4aa7-8862-305189424a32","b291b1f7-8e92-4c13-b906-9b8d0431111e","d652486f-61b4-4934-b1f2-c4fa2ad4b3ed","deee7380-78a7-4a58-89c8-e5e976cff0ea","default"],"contexts":6,"cycle":3,"engine":"firefox","existing_page_preserved":true,"helper_preloads":1,"mode":"isolated-init","page_ids":["3dde2a12-294b-4a94-bcff-11729a3b9c1f","c4ba039b-9c38-4cd1-8178-40badb1ab1f2"],"pages":2,"pending":0,"subsequent_page_usable":true,"version":"157.0.1"}
{"context_ids":["47bd2da1-f66b-4332-92e3-7720cde09a9c","98b3680a-00fc-4aa7-8862-305189424a32","b291b1f7-8e92-4c13-b906-9b8d0431111e","d652486f-61b4-4934-b1f2-c4fa2ad4b3ed","deee7380-78a7-4a58-89c8-e5e976cff0ea","default"],"contexts":6,"cycle":4,"engine":"firefox","existing_page_preserved":true,"helper_preloads":1,"mode":"isolated-init","page_ids":["3dde2a12-294b-4a94-bcff-11729a3b9c1f","c4ba039b-9c38-4cd1-8178-40badb1ab1f2"],"pages":2,"pending":0,"subsequent_page_usable":true,"version":"157.0.1"}
{"context_ids":["47bd2da1-f66b-4332-92e3-7720cde09a9c","98b3680a-00fc-4aa7-8862-305189424a32","b291b1f7-8e92-4c13-b906-9b8d0431111e","d652486f-61b4-4934-b1f2-c4fa2ad4b3ed","deee7380-78a7-4a58-89c8-e5e976cff0ea","default"],"contexts":6,"cycle":5,"engine":"firefox","existing_page_preserved":true,"helper_preloads":1,"mode":"isolated-init","page_ids":["3dde2a12-294b-4a94-bcff-11729a3b9c1f","c4ba039b-9c38-4cd1-8178-40badb1ab1f2"],"pages":2,"pending":0,"subsequent_page_usable":true,"version":"157.0.1"}
{"context_ids":["47bd2da1-f66b-4332-92e3-7720cde09a9c","98b3680a-00fc-4aa7-8862-305189424a32","b291b1f7-8e92-4c13-b906-9b8d0431111e","d652486f-61b4-4934-b1f2-c4fa2ad4b3ed","deee7380-78a7-4a58-89c8-e5e976cff0ea","default"],"contexts":6,"cycle":6,"engine":"firefox","existing_page_preserved":true,"helper_preloads":1,"mode":"isolated-init","page_ids":["3dde2a12-294b-4a94-bcff-11729a3b9c1f","c4ba039b-9c38-4cd1-8178-40badb1ab1f2"],"pages":2,"pending":0,"subsequent_page_usable":true,"version":"157.0.1"}
{"context_ids":["47bd2da1-f66b-4332-92e3-7720cde09a9c","98b3680a-00fc-4aa7-8862-305189424a32","b291b1f7-8e92-4c13-b906-9b8d0431111e","d652486f-61b4-4934-b1f2-c4fa2ad4b3ed","deee7380-78a7-4a58-89c8-e5e976cff0ea","default"],"contexts":6,"cycle":7,"engine":"firefox","existing_page_preserved":true,"helper_preloads":1,"mode":"isolated-init","page_ids":["3dde2a12-294b-4a94-bcff-11729a3b9c1f","c4ba039b-9c38-4cd1-8178-40badb1ab1f2"],"pages":2,"pending":0,"subsequent_page_usable":true,"version":"157.0.1"}
{"context_ids":["47bd2da1-f66b-4332-92e3-7720cde09a9c","98b3680a-00fc-4aa7-8862-305189424a32","b291b1f7-8e92-4c13-b906-9b8d0431111e","d652486f-61b4-4934-b1f2-c4fa2ad4b3ed","deee7380-78a7-4a58-89c8-e5e976cff0ea","default"],"contexts":6,"cycle":8,"engine":"firefox","existing_page_preserved":true,"helper_preloads":1,"mode":"isolated-init","page_ids":["3dde2a12-294b-4a94-bcff-11729a3b9c1f","c4ba039b-9c38-4cd1-8178-40badb1ab1f2"],"pages":2,"pending":0,"subsequent_page_usable":true,"version":"157.0.1"}
{"context_ids":["47bd2da1-f66b-4332-92e3-7720cde09a9c","98b3680a-00fc-4aa7-8862-305189424a32","b291b1f7-8e92-4c13-b906-9b8d0431111e","d652486f-61b4-4934-b1f2-c4fa2ad4b3ed","deee7380-78a7-4a58-89c8-e5e976cff0ea","default"],"contexts":6,"cycle":9,"engine":"firefox","existing_page_preserved":true,"helper_preloads":1,"mode":"isolated-init","page_ids":["3dde2a12-294b-4a94-bcff-11729a3b9c1f","c4ba039b-9c38-4cd1-8178-40badb1ab1f2"],"pages":2,"pending":0,"subsequent_page_usable":true,"version":"157.0.1"}
{"context_ids":["47bd2da1-f66b-4332-92e3-7720cde09a9c","98b3680a-00fc-4aa7-8862-305189424a32","b291b1f7-8e92-4c13-b906-9b8d0431111e","d652486f-61b4-4934-b1f2-c4fa2ad4b3ed","deee7380-78a7-4a58-89c8-e5e976cff0ea","default"],"contexts":6,"cycle":10,"engine":"firefox","existing_page_preserved":true,"helper_preloads":1,"mode":"isolated-init","page_ids":["3dde2a12-294b-4a94-bcff-11729a3b9c1f","c4ba039b-9c38-4cd1-8178-40badb1ab1f2"],"pages":2,"pending":0,"subsequent_page_usable":true,"version":"157.0.1"}
ok

test result: ok. 2 passed; 0 failed; 0 ignored; 0 measured; 0 filtered out; finished in 32.76s

     Running http_disconnect.rs (target/debug/deps/http_disconnect-c07d6c39e224a143)

running 2 tests
test chrome_process_loss_and_manual_restart ... {"cleanup_ms":15.173732000000001,"cycle":1,"engine":"chrome","event_channel_closed":true,"pending_after_loss":0,"pid":1154199,"root_exited":true,"version":"Chrome/151.0.7922.173","wake_ms":14.971686}
{"cleanup_ms":12.466731999999999,"cycle":2,"engine":"chrome","event_channel_closed":true,"pending_after_loss":0,"pid":1154329,"root_exited":true,"version":"Chrome/151.0.7922.173","wake_ms":12.268816}
{"cleanup_ms":92.035476,"cycle":3,"engine":"chrome","event_channel_closed":true,"pending_after_loss":0,"pid":1154460,"root_exited":true,"version":"Chrome/151.0.7922.173","wake_ms":91.779255}
{"cleanup_ms":7.132018,"cycle":4,"engine":"chrome","event_channel_closed":true,"pending_after_loss":0,"pid":1154593,"root_exited":true,"version":"Chrome/151.0.7922.173","wake_ms":7.0056270000000005}
{"cleanup_ms":14.198086,"cycle":5,"engine":"chrome","event_channel_closed":true,"pending_after_loss":0,"pid":1154726,"root_exited":true,"version":"Chrome/151.0.7922.173","wake_ms":14.062058}
{"cleanup_ms":12.381480999999999,"cycle":6,"engine":"chrome","event_channel_closed":true,"pending_after_loss":0,"pid":1154858,"root_exited":true,"version":"Chrome/151.0.7922.173","wake_ms":12.220566}
{"cleanup_ms":11.51249,"cycle":7,"engine":"chrome","event_channel_closed":true,"pending_after_loss":0,"pid":1154989,"root_exited":true,"version":"Chrome/151.0.7922.173","wake_ms":11.397143999999999}
{"cleanup_ms":109.801873,"cycle":8,"engine":"chrome","event_channel_closed":true,"pending_after_loss":0,"pid":1155121,"root_exited":true,"version":"Chrome/151.0.7922.173","wake_ms":109.676018}
{"cleanup_ms":43.67529,"cycle":9,"engine":"chrome","event_channel_closed":true,"pending_after_loss":0,"pid":1155251,"root_exited":true,"version":"Chrome/151.0.7922.173","wake_ms":43.547078000000006}
{"cleanup_ms":18.041316000000002,"cycle":10,"engine":"chrome","event_channel_closed":true,"pending_after_loss":0,"pid":1155381,"root_exited":true,"version":"Chrome/151.0.7922.173","wake_ms":17.929047}
{"cleanup_ms":13.466446,"cycle":11,"engine":"chrome","event_channel_closed":true,"pending_after_loss":0,"pid":1155512,"root_exited":true,"version":"Chrome/151.0.7922.173","wake_ms":13.343021}
{"cleanup_ms":9.922145,"cycle":12,"engine":"chrome","event_channel_closed":true,"pending_after_loss":0,"pid":1155643,"root_exited":true,"version":"Chrome/151.0.7922.173","wake_ms":9.770031}
{"cleanup_ms":12.483419000000001,"cycle":13,"engine":"chrome","event_channel_closed":true,"pending_after_loss":0,"pid":1155773,"root_exited":true,"version":"Chrome/151.0.7922.173","wake_ms":12.364329999999999}
{"cleanup_ms":11.310021,"cycle":14,"engine":"chrome","event_channel_closed":true,"pending_after_loss":0,"pid":1155903,"root_exited":true,"version":"Chrome/151.0.7922.173","wake_ms":11.204128}
{"cleanup_ms":12.565372,"cycle":15,"engine":"chrome","event_channel_closed":true,"pending_after_loss":0,"pid":1156033,"root_exited":true,"version":"Chrome/151.0.7922.173","wake_ms":12.466391999999999}
{"cleanup_ms":9.201754,"cycle":16,"engine":"chrome","event_channel_closed":true,"pending_after_loss":0,"pid":1156164,"root_exited":true,"version":"Chrome/151.0.7922.173","wake_ms":9.087872}
{"cleanup_ms":29.118966999999998,"cycle":17,"engine":"chrome","event_channel_closed":true,"pending_after_loss":0,"pid":1156292,"root_exited":true,"version":"Chrome/151.0.7922.173","wake_ms":28.989337}
{"cleanup_ms":87.290322,"cycle":18,"engine":"chrome","event_channel_closed":true,"pending_after_loss":0,"pid":1156427,"root_exited":true,"version":"Chrome/151.0.7922.173","wake_ms":87.157613}
{"cleanup_ms":6.472523,"cycle":19,"engine":"chrome","event_channel_closed":true,"pending_after_loss":0,"pid":1156558,"root_exited":true,"version":"Chrome/151.0.7922.173","wake_ms":6.328937}
{"cleanup_ms":16.494743,"cycle":20,"engine":"chrome","event_channel_closed":true,"pending_after_loss":0,"pid":1156692,"root_exited":true,"version":"Chrome/151.0.7922.173","wake_ms":16.385469}
{"cleanup_ms":13.319346,"cycle":21,"engine":"chrome","event_channel_closed":true,"pending_after_loss":0,"pid":1156824,"root_exited":true,"version":"Chrome/151.0.7922.173","wake_ms":13.140373}
{"cleanup_ms":37.12948,"cycle":22,"engine":"chrome","event_channel_closed":true,"pending_after_loss":0,"pid":1156955,"root_exited":true,"version":"Chrome/151.0.7922.173","wake_ms":36.979769000000005}
{"cleanup_ms":67.72563099999999,"cycle":23,"engine":"chrome","event_channel_closed":true,"pending_after_loss":0,"pid":1157087,"root_exited":true,"version":"Chrome/151.0.7922.173","wake_ms":67.617996}
{"cleanup_ms":15.103807,"cycle":24,"engine":"chrome","event_channel_closed":true,"pending_after_loss":0,"pid":1157218,"root_exited":true,"version":"Chrome/151.0.7922.173","wake_ms":14.993627}
{"cleanup_ms":33.553608,"cycle":25,"engine":"chrome","event_channel_closed":true,"pending_after_loss":0,"pid":1157349,"root_exited":true,"version":"Chrome/151.0.7922.173","wake_ms":33.450188}
ok
test firefox_process_loss_and_manual_restart ... {"cleanup_ms":14.781673,"cycle":1,"engine":"firefox","event_channel_closed":true,"pending_after_loss":0,"pid":1157478,"root_exited":true,"version":"157.0.1","wake_ms":14.518428}
{"cleanup_ms":23.71361,"cycle":2,"engine":"firefox","event_channel_closed":true,"pending_after_loss":0,"pid":1157735,"root_exited":true,"version":"157.0.1","wake_ms":23.577626000000002}
{"cleanup_ms":36.925267999999996,"cycle":3,"engine":"firefox","event_channel_closed":true,"pending_after_loss":0,"pid":1158036,"root_exited":true,"version":"157.0.1","wake_ms":36.822112999999995}
{"cleanup_ms":18.027966,"cycle":4,"engine":"firefox","event_channel_closed":true,"pending_after_loss":0,"pid":1158314,"root_exited":true,"version":"157.0.1","wake_ms":17.916488}
{"cleanup_ms":15.841268,"cycle":5,"engine":"firefox","event_channel_closed":true,"pending_after_loss":0,"pid":1158562,"root_exited":true,"version":"157.0.1","wake_ms":15.660836000000002}
{"cleanup_ms":24.081190999999997,"cycle":6,"engine":"firefox","event_channel_closed":true,"pending_after_loss":0,"pid":1158858,"root_exited":true,"version":"157.0.1","wake_ms":23.991886}
{"cleanup_ms":25.461149,"cycle":7,"engine":"firefox","event_channel_closed":true,"pending_after_loss":0,"pid":1159109,"root_exited":true,"version":"157.0.1","wake_ms":25.348338000000002}
{"cleanup_ms":22.268562,"cycle":8,"engine":"firefox","event_channel_closed":true,"pending_after_loss":0,"pid":1159358,"root_exited":true,"version":"157.0.1","wake_ms":22.149437000000002}
{"cleanup_ms":107.136997,"cycle":9,"engine":"firefox","event_channel_closed":true,"pending_after_loss":0,"pid":1159662,"root_exited":true,"version":"157.0.1","wake_ms":106.99835300000001}
{"cleanup_ms":23.202283,"cycle":10,"engine":"firefox","event_channel_closed":true,"pending_after_loss":0,"pid":1159962,"root_exited":true,"version":"157.0.1","wake_ms":23.091627}
{"cleanup_ms":16.630107000000002,"cycle":11,"engine":"firefox","event_channel_closed":true,"pending_after_loss":0,"pid":1160265,"root_exited":true,"version":"157.0.1","wake_ms":16.527883}
{"cleanup_ms":15.32822,"cycle":12,"engine":"firefox","event_channel_closed":true,"pending_after_loss":0,"pid":1160514,"root_exited":true,"version":"157.0.1","wake_ms":15.238932}
{"cleanup_ms":72.966853,"cycle":13,"engine":"firefox","event_channel_closed":true,"pending_after_loss":0,"pid":1160781,"root_exited":true,"version":"157.0.1","wake_ms":72.861131}
{"cleanup_ms":38.171466,"cycle":14,"engine":"firefox","event_channel_closed":true,"pending_after_loss":0,"pid":1161033,"root_exited":true,"version":"157.0.1","wake_ms":38.059885}
{"cleanup_ms":40.497243000000005,"cycle":15,"engine":"firefox","event_channel_closed":true,"pending_after_loss":0,"pid":1161331,"root_exited":true,"version":"157.0.1","wake_ms":40.352643}
{"cleanup_ms":16.450558,"cycle":16,"engine":"firefox","event_channel_closed":true,"pending_after_loss":0,"pid":1161625,"root_exited":true,"version":"157.0.1","wake_ms":16.366563}
{"cleanup_ms":16.03593,"cycle":17,"engine":"firefox","event_channel_closed":true,"pending_after_loss":0,"pid":1161914,"root_exited":true,"version":"157.0.1","wake_ms":15.929470000000002}
{"cleanup_ms":17.282967,"cycle":18,"engine":"firefox","event_channel_closed":true,"pending_after_loss":0,"pid":1162167,"root_exited":true,"version":"157.0.1","wake_ms":17.148935}
{"cleanup_ms":42.911378,"cycle":19,"engine":"firefox","event_channel_closed":true,"pending_after_loss":0,"pid":1162484,"root_exited":true,"version":"157.0.1","wake_ms":42.819224000000006}
{"cleanup_ms":100.220066,"cycle":20,"engine":"firefox","event_channel_closed":true,"pending_after_loss":0,"pid":1162802,"root_exited":true,"version":"157.0.1","wake_ms":99.620385}
{"cleanup_ms":26.831025,"cycle":21,"engine":"firefox","event_channel_closed":true,"pending_after_loss":0,"pid":1163085,"root_exited":true,"version":"157.0.1","wake_ms":26.725365}
{"cleanup_ms":22.559725,"cycle":22,"engine":"firefox","event_channel_closed":true,"pending_after_loss":0,"pid":1163349,"root_exited":true,"version":"157.0.1","wake_ms":22.439439}
{"cleanup_ms":15.970168999999999,"cycle":23,"engine":"firefox","event_channel_closed":true,"pending_after_loss":0,"pid":1163653,"root_exited":true,"version":"157.0.1","wake_ms":15.709648999999999}
{"cleanup_ms":47.98584,"cycle":24,"engine":"firefox","event_channel_closed":true,"pending_after_loss":0,"pid":1163970,"root_exited":true,"version":"157.0.1","wake_ms":47.897387}
{"cleanup_ms":19.101681,"cycle":25,"engine":"firefox","event_channel_closed":true,"pending_after_loss":0,"pid":1164281,"root_exited":true,"version":"157.0.1","wake_ms":18.980629}
ok

test result: ok. 2 passed; 0 failed; 0 ignored; 0 measured; 0 filtered out; finished in 73.39s

     Running http_frame_helpers.rs (target/debug/deps/http_frame_helpers-5b01ac4ac75ecc18)

running 2 tests
test firefox_helper_presence_tracks_current_frame_document ... Firefox version: Some("157.0.1")
ok
test firefox_same_page_reuses_helpers_across_1000_destroyed_frames ... Firefox version: Some("157.0.1")
{"counts":{"helpers":1,"pages":[["64f859c6-ee14-4160-8274-f80cc13b3ea2",0],["c5dfe5ec-b5ca-493c-830c-a0a4723dd97d",0]],"users":["65f948cf-8231-41d7-a61f-502e2fe5d33f","ad2a3a45-f5ee-4fc4-af72-11230d15c022","ba5e742c-025a-4a5c-bb29-c50b283741bd","dd837751-dd8a-49b6-90db-f2c67c680a12","default"]},"cycle":100,"frame_ids_seen":100,"kind":"frame-churn","pending":0}
{"counts":{"helpers":1,"pages":[["64f859c6-ee14-4160-8274-f80cc13b3ea2",0],["c5dfe5ec-b5ca-493c-830c-a0a4723dd97d",0]],"users":["65f948cf-8231-41d7-a61f-502e2fe5d33f","ad2a3a45-f5ee-4fc4-af72-11230d15c022","ba5e742c-025a-4a5c-bb29-c50b283741bd","dd837751-dd8a-49b6-90db-f2c67c680a12","default"]},"cycle":200,"frame_ids_seen":200,"kind":"frame-churn","pending":0}
{"counts":{"helpers":1,"pages":[["64f859c6-ee14-4160-8274-f80cc13b3ea2",0],["c5dfe5ec-b5ca-493c-830c-a0a4723dd97d",0]],"users":["65f948cf-8231-41d7-a61f-502e2fe5d33f","ad2a3a45-f5ee-4fc4-af72-11230d15c022","ba5e742c-025a-4a5c-bb29-c50b283741bd","dd837751-dd8a-49b6-90db-f2c67c680a12","default"]},"cycle":300,"frame_ids_seen":300,"kind":"frame-churn","pending":0}
{"counts":{"helpers":1,"pages":[["64f859c6-ee14-4160-8274-f80cc13b3ea2",0],["c5dfe5ec-b5ca-493c-830c-a0a4723dd97d",0]],"users":["65f948cf-8231-41d7-a61f-502e2fe5d33f","ad2a3a45-f5ee-4fc4-af72-11230d15c022","ba5e742c-025a-4a5c-bb29-c50b283741bd","dd837751-dd8a-49b6-90db-f2c67c680a12","default"]},"cycle":400,"frame_ids_seen":400,"kind":"frame-churn","pending":0}
{"counts":{"helpers":1,"pages":[["64f859c6-ee14-4160-8274-f80cc13b3ea2",0],["c5dfe5ec-b5ca-493c-830c-a0a4723dd97d",0]],"users":["65f948cf-8231-41d7-a61f-502e2fe5d33f","ad2a3a45-f5ee-4fc4-af72-11230d15c022","ba5e742c-025a-4a5c-bb29-c50b283741bd","dd837751-dd8a-49b6-90db-f2c67c680a12","default"]},"cycle":500,"frame_ids_seen":500,"kind":"frame-churn","pending":0}
{"counts":{"helpers":1,"pages":[["64f859c6-ee14-4160-8274-f80cc13b3ea2",0],["c5dfe5ec-b5ca-493c-830c-a0a4723dd97d",0]],"users":["65f948cf-8231-41d7-a61f-502e2fe5d33f","ad2a3a45-f5ee-4fc4-af72-11230d15c022","ba5e742c-025a-4a5c-bb29-c50b283741bd","dd837751-dd8a-49b6-90db-f2c67c680a12","default"]},"cycle":600,"frame_ids_seen":600,"kind":"frame-churn","pending":0}
{"counts":{"helpers":1,"pages":[["64f859c6-ee14-4160-8274-f80cc13b3ea2",0],["c5dfe5ec-b5ca-493c-830c-a0a4723dd97d",0]],"users":["65f948cf-8231-41d7-a61f-502e2fe5d33f","ad2a3a45-f5ee-4fc4-af72-11230d15c022","ba5e742c-025a-4a5c-bb29-c50b283741bd","dd837751-dd8a-49b6-90db-f2c67c680a12","default"]},"cycle":700,"frame_ids_seen":700,"kind":"frame-churn","pending":0}
{"counts":{"helpers":1,"pages":[["64f859c6-ee14-4160-8274-f80cc13b3ea2",0],["c5dfe5ec-b5ca-493c-830c-a0a4723dd97d",0]],"users":["65f948cf-8231-41d7-a61f-502e2fe5d33f","ad2a3a45-f5ee-4fc4-af72-11230d15c022","ba5e742c-025a-4a5c-bb29-c50b283741bd","dd837751-dd8a-49b6-90db-f2c67c680a12","default"]},"cycle":800,"frame_ids_seen":800,"kind":"frame-churn","pending":0}
{"counts":{"helpers":1,"pages":[["64f859c6-ee14-4160-8274-f80cc13b3ea2",0],["c5dfe5ec-b5ca-493c-830c-a0a4723dd97d",0]],"users":["65f948cf-8231-41d7-a61f-502e2fe5d33f","ad2a3a45-f5ee-4fc4-af72-11230d15c022","ba5e742c-025a-4a5c-bb29-c50b283741bd","dd837751-dd8a-49b6-90db-f2c67c680a12","default"]},"cycle":900,"frame_ids_seen":900,"kind":"frame-churn","pending":0}
{"counts":{"helpers":1,"pages":[["64f859c6-ee14-4160-8274-f80cc13b3ea2",0],["c5dfe5ec-b5ca-493c-830c-a0a4723dd97d",0]],"users":["65f948cf-8231-41d7-a61f-502e2fe5d33f","ad2a3a45-f5ee-4fc4-af72-11230d15c022","ba5e742c-025a-4a5c-bb29-c50b283741bd","dd837751-dd8a-49b6-90db-f2c67c680a12","default"]},"cycle":1000,"frame_ids_seen":1000,"kind":"frame-churn","pending":0}
ok

test result: ok. 2 passed; 0 failed; 0 ignored; 0 measured; 0 filtered out; finished in 52.16s

     Running http_frames.rs (target/debug/deps/http_frames-3007310b5bae71f1)

running 67 tests
test checkbox_actions_wait_for_the_same_click_checks ... ok
test click_accepts_descendants_and_native_fieldset_legend_exceptions ... ok
test click_deadline_bounds_a_stalled_preparation_promise ... ok
test click_deadline_includes_a_missing_frame ... ok
test click_does_not_intercept_an_overlay_above_the_iframe ... ok
test click_handles_a_one_pixel_target ... ok
test click_maps_an_offscreen_iframe_to_root_viewport_coordinates ... ok
test click_preserves_javascript_and_closed_page_errors ... ok
test click_rechecks_overlay_created_on_hover ... ok
test click_reresolves_target_replaced_on_hover ... ok
test click_scrolls_an_offscreen_target_into_view ... ok
test click_timeout_reports_disabled_and_intercepted_targets_without_clicking ... ok
test click_waits_until_aria_disabled_ancestor_is_enabled ... ok
test click_waits_until_button_is_enabled ... ok
test click_waits_until_button_stops_moving ... ok
test click_waits_until_overlay_disappears ... ok
test click_waits_until_parent_fieldset_is_enabled ... ok
test cross_origin_frame_with_another_port_fills_and_submits ... ok
test cross_site_already_loaded_frame_is_initialized_when_connecting ... ok
test cross_site_click_checks_parent_overlays_and_transformed_scrolled_coordinates ... ok
test cross_site_click_retries_when_its_renderer_detaches_during_preparation ... ok
test cross_site_frame_fills_and_submits ... ok
test cross_site_frame_keeps_working_after_reload_and_swaps_back_to_the_parent_site ... ok
test cross_site_frame_removal_cleans_up_and_a_new_frame_can_be_resolved ... ok
test cross_site_frame_wait_survives_a_process_swap ... ok
test cross_site_isolated_worlds_do_not_replace_default_context_and_errors_propagate ... ok
test cross_site_nested_renderer_click_maps_both_frame_boundaries ... ok
test cross_site_network_block_is_inherited_and_clear_restores_requests ... ok
test cross_site_network_diagnostics_capture_initial_request_and_response_body ... ok
test cross_site_network_diagnostics_capture_mocked_responses_and_blocked_failures ... ok
test cross_site_network_diagnostics_capture_nested_renderer_bodies ... ok
test cross_site_network_diagnostics_follow_reloads_and_repeated_process_swaps ... ok
test cross_site_network_diagnostics_keep_concurrent_parent_and_child_bodies_separate ... ok
test cross_site_network_diagnostics_retain_detached_requests_without_reusing_the_parent_session ... ok
test cross_site_network_existing_child_adds_clears_and_readds_mocks ... ok
test cross_site_network_gate_blocks_the_first_request_on_return_to_parent ... ok
test cross_site_network_gate_changes_the_first_response_header_on_return_to_parent ... ok
test cross_site_network_gate_covers_fetch_and_xhr_on_repeated_returns_without_server_access ... ok
test cross_site_network_gate_restores_the_first_request_when_nested_child_returns_to_outer ... ok
test cross_site_network_gate_resumes_application_debugger_statements_and_clears_cleanly ... ok
test cross_site_network_mock_is_inherited_before_child_scripts_run ... ok
test cross_site_network_mock_overrides_previously_cached_responses ... ok
test cross_site_network_nested_child_inherits_routes_and_clear_reaches_every_renderer ... ok
test cross_site_network_request_headers_apply_to_child_without_losing_original_headers ... ok
test cross_site_network_response_stage_upgrades_existing_and_new_children ... ok
test cross_site_network_route_changes_and_child_attachment_are_serialized ... ok
test cross_site_network_rules_cover_first_script_requests_after_process_swaps ... ok
test cross_site_sibling_sessions_do_not_mix_contexts ... ok
test fills_and_clicks_in_a_frame_added_after_the_action_starts ... ok
test frame_wait_deadline_also_bounds_the_child_element_wait ... ok
test frame_wait_includes_iframe_resolution_in_its_deadline ... ok
test frame_wait_preserves_javascript_errors ... ok
test frame_wait_propagates_closed_page_errors_without_waiting_for_timeout ... ok
test geometry_click_finds_an_uncovered_point_away_from_the_center ... ok
test geometry_click_handles_a_clip_path_with_an_occluded_center ... ok
test geometry_click_handles_a_rotated_element_clipped_by_the_viewport ... ok
test geometry_click_handles_a_transformed_iframe ... ok
test geometry_click_handles_overflow_clipping ... ok
test geometry_click_handles_perspective_transforms ... ok
test geometry_click_selects_an_uncovered_point_on_a_rotated_target ... ok
test geometry_click_uses_an_uncovered_inline_fragment ... ok
test geometry_click_waits_for_transform_changes_with_identical_bounding_rects ... ok
test network_gate_cancelled_updates_finish_before_later_cleanup_or_reconfiguration ... ok
test network_gate_is_inert_for_other_debuggers_after_routes_are_cleared ... ok
test network_gate_keeps_cached_resources_mocked_across_navigation_and_frame_returns ... ok
test waiting_locator_survives_frame_navigation ... ok
test waits_for_the_frame_document_to_load ... ok

test result: ok. 67 passed; 0 failed; 0 ignored; 0 measured; 0 filtered out; finished in 64.44s

     Running http_navigation.rs (target/debug/deps/http_navigation-ef29bf3a90cb572b)

running 14 tests
test another_document_interrupts_an_older_navigation_waiter ... ok
test browser_disconnect_wakes_pending_waiters ... ok
test cancelled_navigation_does_not_corrupt_the_next_navigation ... ok
test click_navigation_does_not_reuse_the_previous_documents_load ... ok
test closing_a_page_wakes_pending_load_waiters ... ok
test closing_a_page_wakes_pending_url_waiters ... ok
test fragment_navigation_preserves_the_document_load_state ... ok
test goto_timeout_covers_headers_and_document_load_together ... ok
test redirected_goto_reports_the_committed_url ... ok
test reload_waits_for_the_new_document_and_its_resources ... ok
test same_document_history_and_full_document_history_finish ... ok
test timeout_before_commit_allows_a_new_navigation_and_ignores_the_old_response ... ok
test url_wait_observes_a_matching_url_even_if_it_changes_again_immediately ... ok
test url_wait_observes_push_state_and_hash_changes ... ok

test result: ok. 14 passed; 0 failed; 0 ignored; 0 measured; 0 filtered out; finished in 10.39s

     Running http_network_idle.rs (target/debug/deps/http_network_idle-fee690056236f8cf)

running 10 tests
test aborted_fetch_and_cancelled_idle_wait_leave_no_pending_activity ... ok
test closing_during_the_quiet_timer_wakes_the_idle_waiter ... ok
test concurrent_requests_and_a_second_burst_restart_the_quiet_window ... ok
test mocked_blocked_and_redirected_requests_finish_without_stale_counts ... ok
test new_main_document_does_not_wait_for_old_keepalive_or_child_requests ... ok
test remote_frame_fetch_prevents_parent_network_idle ... ok
test remote_frame_reload_and_return_do_not_leave_stale_pending_requests ... ok
test removing_a_same_process_frame_releases_its_pending_requests ... ok
test removing_nested_renderer_frames_releases_the_entire_subtree ... ok
test restarted_fetch_waits_for_the_body_and_a_new_quiet_window ... ok

test result: ok. 10 passed; 0 failed; 0 ignored; 0 measured; 0 filtered out; finished in 18.94s

     Running http_shutdown.rs (target/debug/deps/http_shutdown-ff3050712ec6fed4)

running 3 tests
test chrome_cancelled_shutdown_completes_native_cleanup ... {"concurrent_close_waited":true,"context_ids":[],"cycle":1,"engine":"chrome","helper_preloads":null,"keeper_preserved":true,"mode":"context-page-response","page_ids":["362C65F4D8EB7CF01E2F855D13ACB86F","471CDF8434380741848CADA213B54180"],"pending":0,"retained_closed_handles":2,"subsequent_context_usable":true,"version":"Chrome/151.0.7922.173"}
{"concurrent_close_waited":true,"context_ids":[],"cycle":2,"engine":"chrome","helper_preloads":null,"keeper_preserved":true,"mode":"context-page-response","page_ids":["362C65F4D8EB7CF01E2F855D13ACB86F","471CDF8434380741848CADA213B54180"],"pending":0,"retained_closed_handles":2,"subsequent_context_usable":true,"version":"Chrome/151.0.7922.173"}
{"concurrent_close_waited":true,"context_ids":[],"cycle":3,"engine":"chrome","helper_preloads":null,"keeper_preserved":true,"mode":"context-page-response","page_ids":["362C65F4D8EB7CF01E2F855D13ACB86F","471CDF8434380741848CADA213B54180"],"pending":0,"retained_closed_handles":2,"subsequent_context_usable":true,"version":"Chrome/151.0.7922.173"}
{"concurrent_close_waited":true,"context_ids":[],"cycle":4,"engine":"chrome","helper_preloads":null,"keeper_preserved":true,"mode":"context-page-response","page_ids":["362C65F4D8EB7CF01E2F855D13ACB86F","471CDF8434380741848CADA213B54180"],"pending":0,"retained_closed_handles":2,"subsequent_context_usable":true,"version":"Chrome/151.0.7922.173"}
{"concurrent_close_waited":true,"context_ids":[],"cycle":5,"engine":"chrome","helper_preloads":null,"keeper_preserved":true,"mode":"context-page-response","page_ids":["362C65F4D8EB7CF01E2F855D13ACB86F","471CDF8434380741848CADA213B54180"],"pending":0,"retained_closed_handles":2,"subsequent_context_usable":true,"version":"Chrome/151.0.7922.173"}
{"concurrent_close_waited":true,"context_ids":[],"cycle":6,"engine":"chrome","helper_preloads":null,"keeper_preserved":true,"mode":"context-page-response","page_ids":["362C65F4D8EB7CF01E2F855D13ACB86F","471CDF8434380741848CADA213B54180"],"pending":0,"retained_closed_handles":2,"subsequent_context_usable":true,"version":"Chrome/151.0.7922.173"}
{"concurrent_close_waited":true,"context_ids":[],"cycle":7,"engine":"chrome","helper_preloads":null,"keeper_preserved":true,"mode":"context-page-response","page_ids":["362C65F4D8EB7CF01E2F855D13ACB86F","471CDF8434380741848CADA213B54180"],"pending":0,"retained_closed_handles":2,"subsequent_context_usable":true,"version":"Chrome/151.0.7922.173"}
{"concurrent_close_waited":true,"context_ids":[],"cycle":8,"engine":"chrome","helper_preloads":null,"keeper_preserved":true,"mode":"context-page-response","page_ids":["362C65F4D8EB7CF01E2F855D13ACB86F","471CDF8434380741848CADA213B54180"],"pending":0,"retained_closed_handles":2,"subsequent_context_usable":true,"version":"Chrome/151.0.7922.173"}
{"concurrent_close_waited":true,"context_ids":[],"cycle":9,"engine":"chrome","helper_preloads":null,"keeper_preserved":true,"mode":"context-page-response","page_ids":["362C65F4D8EB7CF01E2F855D13ACB86F","471CDF8434380741848CADA213B54180"],"pending":0,"retained_closed_handles":2,"subsequent_context_usable":true,"version":"Chrome/151.0.7922.173"}
{"concurrent_close_waited":true,"context_ids":[],"cycle":10,"engine":"chrome","helper_preloads":null,"keeper_preserved":true,"mode":"context-page-response","page_ids":["362C65F4D8EB7CF01E2F855D13ACB86F","471CDF8434380741848CADA213B54180"],"pending":0,"retained_closed_handles":2,"subsequent_context_usable":true,"version":"Chrome/151.0.7922.173"}
{"concurrent_close_waited":true,"context_ids":[],"cycle":1,"engine":"chrome","helper_preloads":null,"keeper_preserved":true,"mode":"context-response","page_ids":["362C65F4D8EB7CF01E2F855D13ACB86F","471CDF8434380741848CADA213B54180"],"pending":0,"retained_closed_handles":2,"subsequent_context_usable":true,"version":"Chrome/151.0.7922.173"}
{"concurrent_close_waited":true,"context_ids":[],"cycle":2,"engine":"chrome","helper_preloads":null,"keeper_preserved":true,"mode":"context-response","page_ids":["362C65F4D8EB7CF01E2F855D13ACB86F","471CDF8434380741848CADA213B54180"],"pending":0,"retained_closed_handles":2,"subsequent_context_usable":true,"version":"Chrome/151.0.7922.173"}
{"concurrent_close_waited":true,"context_ids":[],"cycle":3,"engine":"chrome","helper_preloads":null,"keeper_preserved":true,"mode":"context-response","page_ids":["362C65F4D8EB7CF01E2F855D13ACB86F","471CDF8434380741848CADA213B54180"],"pending":0,"retained_closed_handles":2,"subsequent_context_usable":true,"version":"Chrome/151.0.7922.173"}
{"concurrent_close_waited":true,"context_ids":[],"cycle":4,"engine":"chrome","helper_preloads":null,"keeper_preserved":true,"mode":"context-response","page_ids":["362C65F4D8EB7CF01E2F855D13ACB86F","471CDF8434380741848CADA213B54180"],"pending":0,"retained_closed_handles":2,"subsequent_context_usable":true,"version":"Chrome/151.0.7922.173"}
{"concurrent_close_waited":true,"context_ids":[],"cycle":5,"engine":"chrome","helper_preloads":null,"keeper_preserved":true,"mode":"context-response","page_ids":["362C65F4D8EB7CF01E2F855D13ACB86F","471CDF8434380741848CADA213B54180"],"pending":0,"retained_closed_handles":2,"subsequent_context_usable":true,"version":"Chrome/151.0.7922.173"}
{"concurrent_close_waited":true,"context_ids":[],"cycle":6,"engine":"chrome","helper_preloads":null,"keeper_preserved":true,"mode":"context-response","page_ids":["362C65F4D8EB7CF01E2F855D13ACB86F","471CDF8434380741848CADA213B54180"],"pending":0,"retained_closed_handles":2,"subsequent_context_usable":true,"version":"Chrome/151.0.7922.173"}
{"concurrent_close_waited":true,"context_ids":[],"cycle":7,"engine":"chrome","helper_preloads":null,"keeper_preserved":true,"mode":"context-response","page_ids":["362C65F4D8EB7CF01E2F855D13ACB86F","471CDF8434380741848CADA213B54180"],"pending":0,"retained_closed_handles":2,"subsequent_context_usable":true,"version":"Chrome/151.0.7922.173"}
{"concurrent_close_waited":true,"context_ids":[],"cycle":8,"engine":"chrome","helper_preloads":null,"keeper_preserved":true,"mode":"context-response","page_ids":["362C65F4D8EB7CF01E2F855D13ACB86F","471CDF8434380741848CADA213B54180"],"pending":0,"retained_closed_handles":2,"subsequent_context_usable":true,"version":"Chrome/151.0.7922.173"}
{"concurrent_close_waited":true,"context_ids":[],"cycle":9,"engine":"chrome","helper_preloads":null,"keeper_preserved":true,"mode":"context-response","page_ids":["362C65F4D8EB7CF01E2F855D13ACB86F","471CDF8434380741848CADA213B54180"],"pending":0,"retained_closed_handles":2,"subsequent_context_usable":true,"version":"Chrome/151.0.7922.173"}
{"concurrent_close_waited":true,"context_ids":[],"cycle":10,"engine":"chrome","helper_preloads":null,"keeper_preserved":true,"mode":"context-response","page_ids":["362C65F4D8EB7CF01E2F855D13ACB86F","471CDF8434380741848CADA213B54180"],"pending":0,"retained_closed_handles":2,"subsequent_context_usable":true,"version":"Chrome/151.0.7922.173"}
ok
test firefox_cancelled_monitor_setup_still_waits_for_subscription ... ok
test firefox_cancelled_shutdown_completes_native_cleanup ... {"concurrent_close_waited":true,"context_ids":["9bb8b493-20b3-446c-b991-667311a0b2ef","c7c1c3ea-9800-404a-9e12-b76bfdea414f","default","e24cf8ce-5af3-4e98-968d-d377a677be6d","e33f011c-1d48-4f7e-888c-fbdcf56dff52"],"cycle":1,"engine":"firefox","helper_preloads":1,"keeper_preserved":true,"mode":"context-response","page_ids":["22badb59-7337-4813-bb74-a14f01ed9c7f","fc229da9-41af-4a99-812c-0f5717520cea"],"pending":0,"retained_closed_handles":2,"subsequent_context_usable":true,"version":"157.0.1"}
{"concurrent_close_waited":true,"context_ids":["9bb8b493-20b3-446c-b991-667311a0b2ef","c7c1c3ea-9800-404a-9e12-b76bfdea414f","default","e24cf8ce-5af3-4e98-968d-d377a677be6d","e33f011c-1d48-4f7e-888c-fbdcf56dff52"],"cycle":2,"engine":"firefox","helper_preloads":1,"keeper_preserved":true,"mode":"context-response","page_ids":["22badb59-7337-4813-bb74-a14f01ed9c7f","fc229da9-41af-4a99-812c-0f5717520cea"],"pending":0,"retained_closed_handles":2,"subsequent_context_usable":true,"version":"157.0.1"}
{"concurrent_close_waited":true,"context_ids":["9bb8b493-20b3-446c-b991-667311a0b2ef","c7c1c3ea-9800-404a-9e12-b76bfdea414f","default","e24cf8ce-5af3-4e98-968d-d377a677be6d","e33f011c-1d48-4f7e-888c-fbdcf56dff52"],"cycle":3,"engine":"firefox","helper_preloads":1,"keeper_preserved":true,"mode":"context-response","page_ids":["22badb59-7337-4813-bb74-a14f01ed9c7f","fc229da9-41af-4a99-812c-0f5717520cea"],"pending":0,"retained_closed_handles":2,"subsequent_context_usable":true,"version":"157.0.1"}
{"concurrent_close_waited":true,"context_ids":["9bb8b493-20b3-446c-b991-667311a0b2ef","c7c1c3ea-9800-404a-9e12-b76bfdea414f","default","e24cf8ce-5af3-4e98-968d-d377a677be6d","e33f011c-1d48-4f7e-888c-fbdcf56dff52"],"cycle":4,"engine":"firefox","helper_preloads":1,"keeper_preserved":true,"mode":"context-response","page_ids":["22badb59-7337-4813-bb74-a14f01ed9c7f","fc229da9-41af-4a99-812c-0f5717520cea"],"pending":0,"retained_closed_handles":2,"subsequent_context_usable":true,"version":"157.0.1"}
{"concurrent_close_waited":true,"context_ids":["9bb8b493-20b3-446c-b991-667311a0b2ef","c7c1c3ea-9800-404a-9e12-b76bfdea414f","default","e24cf8ce-5af3-4e98-968d-d377a677be6d","e33f011c-1d48-4f7e-888c-fbdcf56dff52"],"cycle":5,"engine":"firefox","helper_preloads":1,"keeper_preserved":true,"mode":"context-response","page_ids":["22badb59-7337-4813-bb74-a14f01ed9c7f","fc229da9-41af-4a99-812c-0f5717520cea"],"pending":0,"retained_closed_handles":2,"subsequent_context_usable":true,"version":"157.0.1"}
{"concurrent_close_waited":true,"context_ids":["9bb8b493-20b3-446c-b991-667311a0b2ef","c7c1c3ea-9800-404a-9e12-b76bfdea414f","default","e24cf8ce-5af3-4e98-968d-d377a677be6d","e33f011c-1d48-4f7e-888c-fbdcf56dff52"],"cycle":6,"engine":"firefox","helper_preloads":1,"keeper_preserved":true,"mode":"context-response","page_ids":["22badb59-7337-4813-bb74-a14f01ed9c7f","fc229da9-41af-4a99-812c-0f5717520cea"],"pending":0,"retained_closed_handles":2,"subsequent_context_usable":true,"version":"157.0.1"}
{"concurrent_close_waited":true,"context_ids":["9bb8b493-20b3-446c-b991-667311a0b2ef","c7c1c3ea-9800-404a-9e12-b76bfdea414f","default","e24cf8ce-5af3-4e98-968d-d377a677be6d","e33f011c-1d48-4f7e-888c-fbdcf56dff52"],"cycle":7,"engine":"firefox","helper_preloads":1,"keeper_preserved":true,"mode":"context-response","page_ids":["22badb59-7337-4813-bb74-a14f01ed9c7f","fc229da9-41af-4a99-812c-0f5717520cea"],"pending":0,"retained_closed_handles":2,"subsequent_context_usable":true,"version":"157.0.1"}
{"concurrent_close_waited":true,"context_ids":["9bb8b493-20b3-446c-b991-667311a0b2ef","c7c1c3ea-9800-404a-9e12-b76bfdea414f","default","e24cf8ce-5af3-4e98-968d-d377a677be6d","e33f011c-1d48-4f7e-888c-fbdcf56dff52"],"cycle":8,"engine":"firefox","helper_preloads":1,"keeper_preserved":true,"mode":"context-response","page_ids":["22badb59-7337-4813-bb74-a14f01ed9c7f","fc229da9-41af-4a99-812c-0f5717520cea"],"pending":0,"retained_closed_handles":2,"subsequent_context_usable":true,"version":"157.0.1"}
{"concurrent_close_waited":true,"context_ids":["9bb8b493-20b3-446c-b991-667311a0b2ef","c7c1c3ea-9800-404a-9e12-b76bfdea414f","default","e24cf8ce-5af3-4e98-968d-d377a677be6d","e33f011c-1d48-4f7e-888c-fbdcf56dff52"],"cycle":9,"engine":"firefox","helper_preloads":1,"keeper_preserved":true,"mode":"context-response","page_ids":["22badb59-7337-4813-bb74-a14f01ed9c7f","fc229da9-41af-4a99-812c-0f5717520cea"],"pending":0,"retained_closed_handles":2,"subsequent_context_usable":true,"version":"157.0.1"}
{"concurrent_close_waited":true,"context_ids":["9bb8b493-20b3-446c-b991-667311a0b2ef","c7c1c3ea-9800-404a-9e12-b76bfdea414f","default","e24cf8ce-5af3-4e98-968d-d377a677be6d","e33f011c-1d48-4f7e-888c-fbdcf56dff52"],"cycle":10,"engine":"firefox","helper_preloads":1,"keeper_preserved":true,"mode":"context-response","page_ids":["22badb59-7337-4813-bb74-a14f01ed9c7f","fc229da9-41af-4a99-812c-0f5717520cea"],"pending":0,"retained_closed_handles":2,"subsequent_context_usable":true,"version":"157.0.1"}
{"concurrent_close_waited":true,"context_ids":["9bb8b493-20b3-446c-b991-667311a0b2ef","c7c1c3ea-9800-404a-9e12-b76bfdea414f","default","e24cf8ce-5af3-4e98-968d-d377a677be6d","e33f011c-1d48-4f7e-888c-fbdcf56dff52"],"cycle":1,"engine":"firefox","helper_preloads":1,"keeper_preserved":true,"mode":"context-helper","page_ids":["22badb59-7337-4813-bb74-a14f01ed9c7f","fc229da9-41af-4a99-812c-0f5717520cea"],"pending":0,"retained_closed_handles":2,"subsequent_context_usable":true,"version":"157.0.1"}
{"concurrent_close_waited":true,"context_ids":["9bb8b493-20b3-446c-b991-667311a0b2ef","c7c1c3ea-9800-404a-9e12-b76bfdea414f","default","e24cf8ce-5af3-4e98-968d-d377a677be6d","e33f011c-1d48-4f7e-888c-fbdcf56dff52"],"cycle":2,"engine":"firefox","helper_preloads":1,"keeper_preserved":true,"mode":"context-helper","page_ids":["22badb59-7337-4813-bb74-a14f01ed9c7f","fc229da9-41af-4a99-812c-0f5717520cea"],"pending":0,"retained_closed_handles":2,"subsequent_context_usable":true,"version":"157.0.1"}
{"concurrent_close_waited":true,"context_ids":["9bb8b493-20b3-446c-b991-667311a0b2ef","c7c1c3ea-9800-404a-9e12-b76bfdea414f","default","e24cf8ce-5af3-4e98-968d-d377a677be6d","e33f011c-1d48-4f7e-888c-fbdcf56dff52"],"cycle":3,"engine":"firefox","helper_preloads":1,"keeper_preserved":true,"mode":"context-helper","page_ids":["22badb59-7337-4813-bb74-a14f01ed9c7f","fc229da9-41af-4a99-812c-0f5717520cea"],"pending":0,"retained_closed_handles":2,"subsequent_context_usable":true,"version":"157.0.1"}
{"concurrent_close_waited":true,"context_ids":["9bb8b493-20b3-446c-b991-667311a0b2ef","c7c1c3ea-9800-404a-9e12-b76bfdea414f","default","e24cf8ce-5af3-4e98-968d-d377a677be6d","e33f011c-1d48-4f7e-888c-fbdcf56dff52"],"cycle":4,"engine":"firefox","helper_preloads":1,"keeper_preserved":true,"mode":"context-helper","page_ids":["22badb59-7337-4813-bb74-a14f01ed9c7f","fc229da9-41af-4a99-812c-0f5717520cea"],"pending":0,"retained_closed_handles":2,"subsequent_context_usable":true,"version":"157.0.1"}
{"concurrent_close_waited":true,"context_ids":["9bb8b493-20b3-446c-b991-667311a0b2ef","c7c1c3ea-9800-404a-9e12-b76bfdea414f","default","e24cf8ce-5af3-4e98-968d-d377a677be6d","e33f011c-1d48-4f7e-888c-fbdcf56dff52"],"cycle":5,"engine":"firefox","helper_preloads":1,"keeper_preserved":true,"mode":"context-helper","page_ids":["22badb59-7337-4813-bb74-a14f01ed9c7f","fc229da9-41af-4a99-812c-0f5717520cea"],"pending":0,"retained_closed_handles":2,"subsequent_context_usable":true,"version":"157.0.1"}
{"concurrent_close_waited":true,"context_ids":["9bb8b493-20b3-446c-b991-667311a0b2ef","c7c1c3ea-9800-404a-9e12-b76bfdea414f","default","e24cf8ce-5af3-4e98-968d-d377a677be6d","e33f011c-1d48-4f7e-888c-fbdcf56dff52"],"cycle":6,"engine":"firefox","helper_preloads":1,"keeper_preserved":true,"mode":"context-helper","page_ids":["22badb59-7337-4813-bb74-a14f01ed9c7f","fc229da9-41af-4a99-812c-0f5717520cea"],"pending":0,"retained_closed_handles":2,"subsequent_context_usable":true,"version":"157.0.1"}
{"concurrent_close_waited":true,"context_ids":["9bb8b493-20b3-446c-b991-667311a0b2ef","c7c1c3ea-9800-404a-9e12-b76bfdea414f","default","e24cf8ce-5af3-4e98-968d-d377a677be6d","e33f011c-1d48-4f7e-888c-fbdcf56dff52"],"cycle":7,"engine":"firefox","helper_preloads":1,"keeper_preserved":true,"mode":"context-helper","page_ids":["22badb59-7337-4813-bb74-a14f01ed9c7f","fc229da9-41af-4a99-812c-0f5717520cea"],"pending":0,"retained_closed_handles":2,"subsequent_context_usable":true,"version":"157.0.1"}
{"concurrent_close_waited":true,"context_ids":["9bb8b493-20b3-446c-b991-667311a0b2ef","c7c1c3ea-9800-404a-9e12-b76bfdea414f","default","e24cf8ce-5af3-4e98-968d-d377a677be6d","e33f011c-1d48-4f7e-888c-fbdcf56dff52"],"cycle":8,"engine":"firefox","helper_preloads":1,"keeper_preserved":true,"mode":"context-helper","page_ids":["22badb59-7337-4813-bb74-a14f01ed9c7f","fc229da9-41af-4a99-812c-0f5717520cea"],"pending":0,"retained_closed_handles":2,"subsequent_context_usable":true,"version":"157.0.1"}
{"concurrent_close_waited":true,"context_ids":["9bb8b493-20b3-446c-b991-667311a0b2ef","c7c1c3ea-9800-404a-9e12-b76bfdea414f","default","e24cf8ce-5af3-4e98-968d-d377a677be6d","e33f011c-1d48-4f7e-888c-fbdcf56dff52"],"cycle":9,"engine":"firefox","helper_preloads":1,"keeper_preserved":true,"mode":"context-helper","page_ids":["22badb59-7337-4813-bb74-a14f01ed9c7f","fc229da9-41af-4a99-812c-0f5717520cea"],"pending":0,"retained_closed_handles":2,"subsequent_context_usable":true,"version":"157.0.1"}
{"concurrent_close_waited":true,"context_ids":["9bb8b493-20b3-446c-b991-667311a0b2ef","c7c1c3ea-9800-404a-9e12-b76bfdea414f","default","e24cf8ce-5af3-4e98-968d-d377a677be6d","e33f011c-1d48-4f7e-888c-fbdcf56dff52"],"cycle":10,"engine":"firefox","helper_preloads":1,"keeper_preserved":true,"mode":"context-helper","page_ids":["22badb59-7337-4813-bb74-a14f01ed9c7f","fc229da9-41af-4a99-812c-0f5717520cea"],"pending":0,"retained_closed_handles":2,"subsequent_context_usable":true,"version":"157.0.1"}
{"concurrent_close_waited":true,"context_ids":["9bb8b493-20b3-446c-b991-667311a0b2ef","c7c1c3ea-9800-404a-9e12-b76bfdea414f","default","e24cf8ce-5af3-4e98-968d-d377a677be6d","e33f011c-1d48-4f7e-888c-fbdcf56dff52"],"cycle":1,"engine":"firefox","helper_preloads":1,"keeper_preserved":true,"mode":"page-helper","page_ids":["22badb59-7337-4813-bb74-a14f01ed9c7f","fc229da9-41af-4a99-812c-0f5717520cea"],"pending":0,"retained_closed_handles":2,"subsequent_context_usable":true,"version":"157.0.1"}
{"concurrent_close_waited":true,"context_ids":["9bb8b493-20b3-446c-b991-667311a0b2ef","c7c1c3ea-9800-404a-9e12-b76bfdea414f","default","e24cf8ce-5af3-4e98-968d-d377a677be6d","e33f011c-1d48-4f7e-888c-fbdcf56dff52"],"cycle":2,"engine":"firefox","helper_preloads":1,"keeper_preserved":true,"mode":"page-helper","page_ids":["22badb59-7337-4813-bb74-a14f01ed9c7f","fc229da9-41af-4a99-812c-0f5717520cea"],"pending":0,"retained_closed_handles":2,"subsequent_context_usable":true,"version":"157.0.1"}
{"concurrent_close_waited":true,"context_ids":["9bb8b493-20b3-446c-b991-667311a0b2ef","c7c1c3ea-9800-404a-9e12-b76bfdea414f","default","e24cf8ce-5af3-4e98-968d-d377a677be6d","e33f011c-1d48-4f7e-888c-fbdcf56dff52"],"cycle":3,"engine":"firefox","helper_preloads":1,"keeper_preserved":true,"mode":"page-helper","page_ids":["22badb59-7337-4813-bb74-a14f01ed9c7f","fc229da9-41af-4a99-812c-0f5717520cea"],"pending":0,"retained_closed_handles":2,"subsequent_context_usable":true,"version":"157.0.1"}
{"concurrent_close_waited":true,"context_ids":["9bb8b493-20b3-446c-b991-667311a0b2ef","c7c1c3ea-9800-404a-9e12-b76bfdea414f","default","e24cf8ce-5af3-4e98-968d-d377a677be6d","e33f011c-1d48-4f7e-888c-fbdcf56dff52"],"cycle":4,"engine":"firefox","helper_preloads":1,"keeper_preserved":true,"mode":"page-helper","page_ids":["22badb59-7337-4813-bb74-a14f01ed9c7f","fc229da9-41af-4a99-812c-0f5717520cea"],"pending":0,"retained_closed_handles":2,"subsequent_context_usable":true,"version":"157.0.1"}
{"concurrent_close_waited":true,"context_ids":["9bb8b493-20b3-446c-b991-667311a0b2ef","c7c1c3ea-9800-404a-9e12-b76bfdea414f","default","e24cf8ce-5af3-4e98-968d-d377a677be6d","e33f011c-1d48-4f7e-888c-fbdcf56dff52"],"cycle":5,"engine":"firefox","helper_preloads":1,"keeper_preserved":true,"mode":"page-helper","page_ids":["22badb59-7337-4813-bb74-a14f01ed9c7f","fc229da9-41af-4a99-812c-0f5717520cea"],"pending":0,"retained_closed_handles":2,"subsequent_context_usable":true,"version":"157.0.1"}
{"concurrent_close_waited":true,"context_ids":["9bb8b493-20b3-446c-b991-667311a0b2ef","c7c1c3ea-9800-404a-9e12-b76bfdea414f","default","e24cf8ce-5af3-4e98-968d-d377a677be6d","e33f011c-1d48-4f7e-888c-fbdcf56dff52"],"cycle":6,"engine":"firefox","helper_preloads":1,"keeper_preserved":true,"mode":"page-helper","page_ids":["22badb59-7337-4813-bb74-a14f01ed9c7f","fc229da9-41af-4a99-812c-0f5717520cea"],"pending":0,"retained_closed_handles":2,"subsequent_context_usable":true,"version":"157.0.1"}
{"concurrent_close_waited":true,"context_ids":["9bb8b493-20b3-446c-b991-667311a0b2ef","c7c1c3ea-9800-404a-9e12-b76bfdea414f","default","e24cf8ce-5af3-4e98-968d-d377a677be6d","e33f011c-1d48-4f7e-888c-fbdcf56dff52"],"cycle":7,"engine":"firefox","helper_preloads":1,"keeper_preserved":true,"mode":"page-helper","page_ids":["22badb59-7337-4813-bb74-a14f01ed9c7f","fc229da9-41af-4a99-812c-0f5717520cea"],"pending":0,"retained_closed_handles":2,"subsequent_context_usable":true,"version":"157.0.1"}
{"concurrent_close_waited":true,"context_ids":["9bb8b493-20b3-446c-b991-667311a0b2ef","c7c1c3ea-9800-404a-9e12-b76bfdea414f","default","e24cf8ce-5af3-4e98-968d-d377a677be6d","e33f011c-1d48-4f7e-888c-fbdcf56dff52"],"cycle":8,"engine":"firefox","helper_preloads":1,"keeper_preserved":true,"mode":"page-helper","page_ids":["22badb59-7337-4813-bb74-a14f01ed9c7f","fc229da9-41af-4a99-812c-0f5717520cea"],"pending":0,"retained_closed_handles":2,"subsequent_context_usable":true,"version":"157.0.1"}
{"concurrent_close_waited":true,"context_ids":["9bb8b493-20b3-446c-b991-667311a0b2ef","c7c1c3ea-9800-404a-9e12-b76bfdea414f","default","e24cf8ce-5af3-4e98-968d-d377a677be6d","e33f011c-1d48-4f7e-888c-fbdcf56dff52"],"cycle":9,"engine":"firefox","helper_preloads":1,"keeper_preserved":true,"mode":"page-helper","page_ids":["22badb59-7337-4813-bb74-a14f01ed9c7f","fc229da9-41af-4a99-812c-0f5717520cea"],"pending":0,"retained_closed_handles":2,"subsequent_context_usable":true,"version":"157.0.1"}
{"concurrent_close_waited":true,"context_ids":["9bb8b493-20b3-446c-b991-667311a0b2ef","c7c1c3ea-9800-404a-9e12-b76bfdea414f","default","e24cf8ce-5af3-4e98-968d-d377a677be6d","e33f011c-1d48-4f7e-888c-fbdcf56dff52"],"cycle":10,"engine":"firefox","helper_preloads":1,"keeper_preserved":true,"mode":"page-helper","page_ids":["22badb59-7337-4813-bb74-a14f01ed9c7f","fc229da9-41af-4a99-812c-0f5717520cea"],"pending":0,"retained_closed_handles":2,"subsequent_context_usable":true,"version":"157.0.1"}
ok

test result: ok. 3 passed; 0 failed; 0 ignored; 0 measured; 0 filtered out; finished in 50.75s

