   Compiling rustwright-bidi v0.1.0 (/workspace/rustwright/crates/rustwright-bidi)
   Compiling rustwright v0.1.0 (/workspace/rustwright/crates/rustwright)
   Compiling rustwright-integration-tests v0.1.0 (/workspace/rustwright/tests)
    Finished `test` profile [unoptimized + debuginfo] target(s) in 4.13s
     Running http_frame_helpers.rs (target/debug/deps/http_frame_helpers-5b01ac4ac75ecc18)

running 2 tests
test firefox_helper_presence_tracks_current_frame_document ... Firefox version: Some("157.0.1")
ok
test firefox_same_page_reuses_helpers_across_1000_destroyed_frames ... Firefox version: Some("157.0.1")
{"counts":{"helpers":1,"pages":[["3d349f0a-8913-4eea-af18-c7581738d271",0],["92fa7e6d-7b21-49eb-9bd8-5de85296dc24",0]],"users":["16ff4fc2-a7bc-49d0-bb57-878bc220db6a","67847355-6e53-43d4-8e21-a230c41f53aa","9952504f-c661-47e7-93fe-6fa9556e9599","dcaacf37-1d3a-49b9-9226-aebf43d9373a","default"]},"cycle":100,"frame_ids_seen":100,"kind":"frame-churn","pending":0}
{"counts":{"helpers":1,"pages":[["3d349f0a-8913-4eea-af18-c7581738d271",0],["92fa7e6d-7b21-49eb-9bd8-5de85296dc24",0]],"users":["16ff4fc2-a7bc-49d0-bb57-878bc220db6a","67847355-6e53-43d4-8e21-a230c41f53aa","9952504f-c661-47e7-93fe-6fa9556e9599","dcaacf37-1d3a-49b9-9226-aebf43d9373a","default"]},"cycle":200,"frame_ids_seen":200,"kind":"frame-churn","pending":0}
{"counts":{"helpers":1,"pages":[["3d349f0a-8913-4eea-af18-c7581738d271",0],["92fa7e6d-7b21-49eb-9bd8-5de85296dc24",0]],"users":["16ff4fc2-a7bc-49d0-bb57-878bc220db6a","67847355-6e53-43d4-8e21-a230c41f53aa","9952504f-c661-47e7-93fe-6fa9556e9599","dcaacf37-1d3a-49b9-9226-aebf43d9373a","default"]},"cycle":300,"frame_ids_seen":300,"kind":"frame-churn","pending":0}
{"counts":{"helpers":1,"pages":[["3d349f0a-8913-4eea-af18-c7581738d271",0],["92fa7e6d-7b21-49eb-9bd8-5de85296dc24",0]],"users":["16ff4fc2-a7bc-49d0-bb57-878bc220db6a","67847355-6e53-43d4-8e21-a230c41f53aa","9952504f-c661-47e7-93fe-6fa9556e9599","dcaacf37-1d3a-49b9-9226-aebf43d9373a","default"]},"cycle":400,"frame_ids_seen":400,"kind":"frame-churn","pending":0}
{"counts":{"helpers":1,"pages":[["3d349f0a-8913-4eea-af18-c7581738d271",0],["92fa7e6d-7b21-49eb-9bd8-5de85296dc24",0]],"users":["16ff4fc2-a7bc-49d0-bb57-878bc220db6a","67847355-6e53-43d4-8e21-a230c41f53aa","9952504f-c661-47e7-93fe-6fa9556e9599","dcaacf37-1d3a-49b9-9226-aebf43d9373a","default"]},"cycle":500,"frame_ids_seen":500,"kind":"frame-churn","pending":0}
{"counts":{"helpers":1,"pages":[["3d349f0a-8913-4eea-af18-c7581738d271",0],["92fa7e6d-7b21-49eb-9bd8-5de85296dc24",0]],"users":["16ff4fc2-a7bc-49d0-bb57-878bc220db6a","67847355-6e53-43d4-8e21-a230c41f53aa","9952504f-c661-47e7-93fe-6fa9556e9599","dcaacf37-1d3a-49b9-9226-aebf43d9373a","default"]},"cycle":600,"frame_ids_seen":600,"kind":"frame-churn","pending":0}
{"counts":{"helpers":1,"pages":[["3d349f0a-8913-4eea-af18-c7581738d271",0],["92fa7e6d-7b21-49eb-9bd8-5de85296dc24",0]],"users":["16ff4fc2-a7bc-49d0-bb57-878bc220db6a","67847355-6e53-43d4-8e21-a230c41f53aa","9952504f-c661-47e7-93fe-6fa9556e9599","dcaacf37-1d3a-49b9-9226-aebf43d9373a","default"]},"cycle":700,"frame_ids_seen":700,"kind":"frame-churn","pending":0}
{"counts":{"helpers":1,"pages":[["3d349f0a-8913-4eea-af18-c7581738d271",0],["92fa7e6d-7b21-49eb-9bd8-5de85296dc24",0]],"users":["16ff4fc2-a7bc-49d0-bb57-878bc220db6a","67847355-6e53-43d4-8e21-a230c41f53aa","9952504f-c661-47e7-93fe-6fa9556e9599","dcaacf37-1d3a-49b9-9226-aebf43d9373a","default"]},"cycle":800,"frame_ids_seen":800,"kind":"frame-churn","pending":0}
{"counts":{"helpers":1,"pages":[["3d349f0a-8913-4eea-af18-c7581738d271",0],["92fa7e6d-7b21-49eb-9bd8-5de85296dc24",0]],"users":["16ff4fc2-a7bc-49d0-bb57-878bc220db6a","67847355-6e53-43d4-8e21-a230c41f53aa","9952504f-c661-47e7-93fe-6fa9556e9599","dcaacf37-1d3a-49b9-9226-aebf43d9373a","default"]},"cycle":900,"frame_ids_seen":900,"kind":"frame-churn","pending":0}
{"counts":{"helpers":1,"pages":[["3d349f0a-8913-4eea-af18-c7581738d271",0],["92fa7e6d-7b21-49eb-9bd8-5de85296dc24",0]],"users":["16ff4fc2-a7bc-49d0-bb57-878bc220db6a","67847355-6e53-43d4-8e21-a230c41f53aa","9952504f-c661-47e7-93fe-6fa9556e9599","dcaacf37-1d3a-49b9-9226-aebf43d9373a","default"]},"cycle":1000,"frame_ids_seen":1000,"kind":"frame-churn","pending":0}
ok

test result: ok. 2 passed; 0 failed; 0 ignored; 0 measured; 0 filtered out; finished in 47.13s

