2026-10-09T23:42:47.9949001Z Current runner version: '2.337.0'
2026-10-09T23:42:48.0000717Z ##[group]Runner Image Provisioner
2026-10-09T23:42:48.0002001Z Hosted Compute Agent
2026-10-09T23:42:48.0002627Z Version: 20261002.596
2026-10-09T23:42:48.0003284Z Commit: c3d12f3313a95f25162a1503be624f3b0617f8c0
2026-10-09T23:42:48.0004088Z Build Date: 2026-10-02T22:28:27Z
2026-10-09T23:42:48.0004790Z Worker ID: {a8b351be-eef8-4b28-8fdc-601654c5ca81}
2026-10-09T23:42:48.0005555Z Region: eastus
2026-10-09T23:42:48.0006123Z Cloud: Azure
2026-10-09T23:42:48.0006651Z ##[endgroup]
2026-10-09T23:42:48.0008206Z ##[group]Operating System
2026-10-09T23:42:48.0008845Z Ubuntu
2026-10-09T23:42:48.0009391Z 24.04.5
2026-10-09T23:42:48.0010007Z LTS
2026-10-09T23:42:48.0010593Z ##[endgroup]
2026-10-09T23:42:48.0011611Z ##[group]Runner Image
2026-10-09T23:42:48.0012259Z Image: ubuntu-24.04
2026-10-09T23:42:48.0012896Z Version: 20261004.327.1
2026-10-09T23:42:48.0014191Z Included Software: https://github.com/actions/runner-images/blob/ubuntu24/20261004.327/images/ubuntu/Ubuntu2404-Readme.md
2026-10-09T23:42:48.0015769Z Image Release: https://github.com/actions/runner-images/releases/tag/ubuntu24%2F20261004.327
2026-10-09T23:42:48.0016770Z ##[endgroup]
2026-10-09T23:42:48.0017898Z ##[group]GITHUB_TOKEN Permissions
2026-10-09T23:42:48.0019858Z Contents: read
2026-10-09T23:42:48.0020563Z Metadata: read
2026-10-09T23:42:48.0021374Z ##[endgroup]
2026-10-09T23:42:48.0023542Z Secret source: Actions
2026-10-09T23:42:48.0024603Z Cache mode: write
2026-10-09T23:42:48.0025289Z Prepare workflow directory
2026-10-09T23:42:48.0585125Z Prepare all required actions
2026-10-09T23:42:48.0635557Z Getting action download info
2026-10-09T23:42:48.2548440Z Download action repository 'actions/checkout@v5' (SHA:fbc6f3992d24b796d5a048ff273f7fcc4a7b6c09)
2026-10-09T23:42:48.3445917Z Download action repository 'dtolnay/rust-toolchain@1.85.0' (SHA:69084b241933c14c2fa24234c4596f11a2655339)
2026-10-09T23:42:48.4256252Z Download action repository 'Swatinem/rust-cache@v2' (SHA:6323deb102c322ba6fcbdcafc7e3dddab59af2b6)
2026-10-09T23:42:48.7054896Z Complete job name: Rust 1.85.0 / locked workspace
2026-10-09T23:42:48.7814663Z ##[group]Run actions/checkout@v5
2026-10-09T23:42:48.7815562Z with:
2026-10-09T23:42:48.7816027Z   repository: rsasaki0109/rustwright
2026-10-09T23:42:48.7820078Z   token: ***
2026-10-09T23:42:48.7820525Z   ssh-strict: true
2026-10-09T23:42:48.7821230Z   ssh-user: git
2026-10-09T23:42:48.7821689Z   persist-credentials: true
2026-10-09T23:42:48.7822180Z   clean: true
2026-10-09T23:42:48.7822636Z   sparse-checkout-cone-mode: true
2026-10-09T23:42:48.7823167Z   fetch-depth: 1
2026-10-09T23:42:48.7823601Z   fetch-tags: false
2026-10-09T23:42:48.7824046Z   show-progress: true
2026-10-09T23:42:48.7824521Z   lfs: false
2026-10-09T23:42:48.7824937Z   submodules: false
2026-10-09T23:42:48.7825388Z   set-safe-directory: true
2026-10-09T23:42:48.7825905Z   allow-unsafe-pr-checkout: false
2026-10-09T23:42:48.7826704Z env:
2026-10-09T23:42:48.7827143Z   CARGO_TERM_COLOR: always
2026-10-09T23:42:48.7827665Z   RUST_BACKTRACE: 1
2026-10-09T23:42:48.7828218Z   RUSTWRIGHT_CI_OUTPUT: rustwright-ci-38005723888-1
2026-10-09T23:42:48.7828824Z ##[endgroup]
2026-10-09T23:42:48.8865010Z Syncing repository: rsasaki0109/rustwright
2026-10-09T23:42:48.8867698Z ##[group]Getting Git version info
2026-10-09T23:42:48.8868872Z Working directory is '/home/runner/work/rustwright/rustwright'
2026-10-09T23:42:48.8870615Z [command]/usr/bin/git version
2026-10-09T23:42:48.8955434Z git version 2.55.0
2026-10-09T23:42:48.8980627Z ##[endgroup]
2026-10-09T23:42:48.8997295Z Temporarily overriding HOME='/home/runner/work/_temp/7027f4de-67ba-4ec0-a816-91aff31b42a8' before making global git config changes
2026-10-09T23:42:48.8999820Z Adding repository directory to the temporary git global config as a safe directory
2026-10-09T23:42:48.9004765Z [command]/usr/bin/git config --global --add safe.directory /home/runner/work/rustwright/rustwright
2026-10-09T23:42:48.9058535Z Deleting the contents of '/home/runner/work/rustwright/rustwright'
2026-10-09T23:42:48.9063753Z ##[group]Initializing the repository
2026-10-09T23:42:48.9069085Z [command]/usr/bin/git init /home/runner/work/rustwright/rustwright
2026-10-09T23:42:48.9192262Z hint: Using 'master' as the name for the initial branch. This default branch name
2026-10-09T23:42:48.9193955Z hint: will change to "main" in Git 3.0. To configure the initial branch name
2026-10-09T23:42:48.9194996Z hint: to use in all of your new repositories, which will suppress this warning,
2026-10-09T23:42:48.9195772Z hint: call:
2026-10-09T23:42:48.9196207Z hint:
2026-10-09T23:42:48.9197032Z hint: 	git config --global init.defaultBranch <name>
2026-10-09T23:42:48.9198091Z hint:
2026-10-09T23:42:48.9198794Z hint: Names commonly chosen instead of 'master' are 'main', 'trunk' and
2026-10-09T23:42:48.9199750Z hint: 'development'. The just-created branch can be renamed via this command:
2026-10-09T23:42:48.9200507Z hint:
2026-10-09T23:42:48.9201309Z hint: 	git branch -m <name>
2026-10-09T23:42:48.9202137Z hint:
2026-10-09T23:42:48.9203155Z hint: Disable this message with "git config set advice.defaultBranchName false"
2026-10-09T23:42:48.9204346Z Initialized empty Git repository in /home/runner/work/rustwright/rustwright/.git/
2026-10-09T23:42:48.9209398Z [command]/usr/bin/git remote add origin https://github.com/rsasaki0109/rustwright
2026-10-09T23:42:48.9262352Z ##[endgroup]
2026-10-09T23:42:48.9263261Z ##[group]Disabling automatic garbage collection
2026-10-09T23:42:48.9266908Z [command]/usr/bin/git config --local gc.auto 0
2026-10-09T23:42:48.9304126Z ##[endgroup]
2026-10-09T23:42:48.9304988Z ##[group]Setting up auth
2026-10-09T23:42:48.9312984Z [command]/usr/bin/git config --local --name-only --get-regexp core\.sshCommand
2026-10-09T23:42:48.9353704Z [command]/usr/bin/git submodule foreach --recursive sh -c "git config --local --name-only --get-regexp 'core\.sshCommand' && git config --local --unset-all 'core.sshCommand' || :"
2026-10-09T23:42:48.9807210Z [command]/usr/bin/git config --local --name-only --get-regexp http\.https\:\/\/github\.com\/\.extraheader
2026-10-09T23:42:48.9855490Z [command]/usr/bin/git submodule foreach --recursive sh -c "git config --local --name-only --get-regexp 'http\.https\:\/\/github\.com\/\.extraheader' && git config --local --unset-all 'http.https://github.com/.extraheader' || :"
2026-10-09T23:42:49.0121225Z [command]/usr/bin/git config --local --name-only --get-regexp ^includeIf\.gitdir:
2026-10-09T23:42:49.0162919Z [command]/usr/bin/git submodule foreach --recursive git config --local --show-origin --name-only --get-regexp remote.origin.url
2026-10-09T23:42:49.0427239Z [command]/usr/bin/git config --local http.https://github.com/.extraheader AUTHORIZATION: basic ***
2026-10-09T23:42:49.0478513Z ##[endgroup]
2026-10-09T23:42:49.0479803Z ##[group]Fetching the repository
2026-10-09T23:42:49.0495808Z [command]/usr/bin/git -c protocol.version=2 fetch --no-tags --prune --no-recurse-submodules --depth=1 origin +87f6180e4922ca860e10f91701e6032e6cb85390:refs/remotes/pull/1/merge
2026-10-09T23:42:50.8281298Z From https://github.com/rsasaki0109/rustwright
2026-10-09T23:42:50.8283416Z  * [new ref]         87f6180e4922ca860e10f91701e6032e6cb85390 -> pull/1/merge
2026-10-09T23:42:50.8287199Z ##[endgroup]
2026-10-09T23:42:50.8288861Z ##[group]Determining the checkout info
2026-10-09T23:42:50.8290640Z ##[endgroup]
2026-10-09T23:42:50.8298246Z [command]/usr/bin/git sparse-checkout disable
2026-10-09T23:42:50.8358501Z [command]/usr/bin/git config --local --unset-all extensions.worktreeConfig
2026-10-09T23:42:50.8393795Z ##[group]Checking out the ref
2026-10-09T23:42:50.8398869Z [command]/usr/bin/git checkout --progress --force refs/remotes/pull/1/merge
2026-10-09T23:42:51.1718469Z Note: switching to 'refs/remotes/pull/1/merge'.
2026-10-09T23:42:51.1719437Z 
2026-10-09T23:42:51.1720210Z You are in 'detached HEAD' state. You can look around, make experimental
2026-10-09T23:42:51.1722255Z changes and commit them, and you can discard any commits you make in this
2026-10-09T23:42:51.1723964Z state without impacting any branches by switching back to a branch.
2026-10-09T23:42:51.1725373Z 
2026-10-09T23:42:51.1726125Z If you want to create a new branch to retain commits you create, you may
2026-10-09T23:42:51.1727695Z do so (now or later) by using -c with the switch command. Example:
2026-10-09T23:42:51.1728555Z 
2026-10-09T23:42:51.1729052Z   git switch -c <new-branch-name>
2026-10-09T23:42:51.1729736Z 
2026-10-09T23:42:51.1730207Z Or undo this operation with:
2026-10-09T23:42:51.1730763Z 
2026-10-09T23:42:51.1731372Z   git switch -
2026-10-09T23:42:51.1731837Z 
2026-10-09T23:42:51.1732476Z Turn off this advice by setting config variable advice.detachedHead to false
2026-10-09T23:42:51.1733383Z 
2026-10-09T23:42:51.1734321Z HEAD is now at 87f6180 Merge fadb3463297fb611915cc8fc92a4b1a91f196f15 into 91e72af388d000266c9b4e7567a3e1fe4007fc33
2026-10-09T23:42:51.1751238Z ##[endgroup]
2026-10-09T23:42:51.1802545Z [command]/usr/bin/git log -1 --format=%H
2026-10-09T23:42:51.1831675Z 87f6180e4922ca860e10f91701e6032e6cb85390
2026-10-09T23:42:51.2213579Z ##[group]Run dtolnay/rust-toolchain@1.85.0
2026-10-09T23:42:51.2214021Z with:
2026-10-09T23:42:51.2214293Z env:
2026-10-09T23:42:51.2214581Z   CARGO_TERM_COLOR: always
2026-10-09T23:42:51.2214903Z   RUST_BACKTRACE: 1
2026-10-09T23:42:51.2215249Z   RUSTWRIGHT_CI_OUTPUT: rustwright-ci-38005723888-1
2026-10-09T23:42:51.2215655Z ##[endgroup]
2026-10-09T23:42:51.2281199Z ##[start-action display=Parse toolchain version;id=__dtolnay_rust-toolchain.parse]
2026-10-09T23:42:51.2339294Z ##[group]Run if [[ -z $toolchain ]]; then
2026-10-09T23:42:51.2339803Z [36;1mif [[ -z $toolchain ]]; then[0m
2026-10-09T23:42:51.2340457Z [36;1m  # GitHub does not enforce `required: true` inputs itself. https://github.com/actions/runner/issues/1070[0m
2026-10-09T23:42:51.2341463Z [36;1m  echo "'toolchain' is a required input" >&2[0m
2026-10-09T23:42:51.2341868Z [36;1m  exit 1[0m
2026-10-09T23:42:51.2342295Z [36;1melif [[ $toolchain =~ ^stable' '[0-9]+' '(year|month|week|day)s?' 'ago$ ]]; then[0m
2026-10-09T23:42:51.2342888Z [36;1m  if [[ Linux == macOS ]]; then[0m
2026-10-09T23:42:51.2343537Z [36;1m    echo "toolchain=1.$((($(date -v-$(sed 's/stable \([0-9]*\) \(.\).*/\1\2/' <<< $toolchain) +%s)/60/60/24-16569)/7/6))" >> $GITHUB_OUTPUT[0m
2026-10-09T23:42:51.2344183Z [36;1m  else[0m
2026-10-09T23:42:51.2344687Z [36;1m    echo "toolchain=1.$((($(date --date "${toolchain#stable }" +%s)/60/60/24-16569)/7/6))" >> $GITHUB_OUTPUT[0m
2026-10-09T23:42:51.2345262Z [36;1m  fi[0m
2026-10-09T23:42:51.2345656Z [36;1melif [[ $toolchain =~ ^stable' 'minus' '[0-9]+' 'releases?$ ]]; then[0m
2026-10-09T23:42:51.2346310Z [36;1m  echo "toolchain=1.$((($(date +%s)/60/60/24-16569)/7/6-${toolchain//[^0-9]/}))" >> $GITHUB_OUTPUT[0m
2026-10-09T23:42:51.2346902Z [36;1melif [[ $toolchain =~ ^1\.[0-9]+$ ]]; then[0m
2026-10-09T23:42:51.2347555Z [36;1m  echo "toolchain=1.$((i=${toolchain#1.}, c=($(date +%s)/60/60/24-16569)/7/6, i+9*i*(10*i<=c)+90*i*(100*i<=c)))" >> $GITHUB_OUTPUT[0m
2026-10-09T23:42:51.2348174Z [36;1melse[0m
2026-10-09T23:42:51.2348464Z [36;1m  delimiter=EOF[0m
2026-10-09T23:42:51.2348870Z [36;1m  while [[ $toolchain == *$delimiter* ]]; do delimiter+=_; done[0m
2026-10-09T23:42:51.2349498Z [36;1m  printf 'toolchain<<%s\n%s\n%s\n' "$delimiter" "$toolchain" "$delimiter" >> $GITHUB_OUTPUT[0m
2026-10-09T23:42:51.2350023Z [36;1mfi[0m
2026-10-09T23:42:51.2624008Z shell: /usr/bin/bash --noprofile --norc -e -o pipefail {0}
2026-10-09T23:42:51.2624504Z env:
2026-10-09T23:42:51.2624818Z   CARGO_TERM_COLOR: always
2026-10-09T23:42:51.2625163Z   RUST_BACKTRACE: 1
2026-10-09T23:42:51.2625535Z   RUSTWRIGHT_CI_OUTPUT: rustwright-ci-38005723888-1
2026-10-09T23:42:51.2625972Z   toolchain: 1.85.0
2026-10-09T23:42:51.2626276Z ##[endgroup]
2026-10-09T23:42:51.2765528Z ##[end-action id=__dtolnay_rust-toolchain.parse;outcome=success;conclusion=success;duration_ms=48]
2026-10-09T23:42:51.2771481Z ##[start-action display=Set $CARGO_HOME;id=__dtolnay_rust-toolchain.__run]
2026-10-09T23:42:51.2815201Z ##[group]Run echo CARGO_HOME=${CARGO_HOME:-"$HOME/.cargo"} >> $GITHUB_ENV
2026-10-09T23:42:51.2816003Z [36;1mecho CARGO_HOME=${CARGO_HOME:-"$HOME/.cargo"} >> $GITHUB_ENV[0m
2026-10-09T23:42:51.2878157Z shell: /usr/bin/bash --noprofile --norc -e -o pipefail {0}
2026-10-09T23:42:51.2878644Z env:
2026-10-09T23:42:51.2878956Z   CARGO_TERM_COLOR: always
2026-10-09T23:42:51.2879310Z   RUST_BACKTRACE: 1
2026-10-09T23:42:51.2879697Z   RUSTWRIGHT_CI_OUTPUT: rustwright-ci-38005723888-1
2026-10-09T23:42:51.2880139Z ##[endgroup]
2026-10-09T23:42:51.2970223Z ##[end-action id=__dtolnay_rust-toolchain.__run;outcome=success;conclusion=success;duration_ms=19]
2026-10-09T23:42:51.2973678Z ##[start-action display=Install rustup if needed;id=__dtolnay_rust-toolchain.__run_2]
2026-10-09T23:42:51.3012010Z ##[group]Run if ! command -v rustup &>/dev/null; then
2026-10-09T23:42:51.3012516Z [36;1mif ! command -v rustup &>/dev/null; then[0m
2026-10-09T23:42:51.3013683Z [36;1m  curl --proto '=https' --tlsv1.2 --retry 10 --retry-connrefused --location --silent --show-error --fail https://sh.rustup.rs | sh -s -- --default-toolchain none -y[0m
2026-10-09T23:42:51.3014652Z [36;1m  echo "$CARGO_HOME/bin" >> $GITHUB_PATH[0m
2026-10-09T23:42:51.3015068Z [36;1mfi[0m
2026-10-09T23:42:51.3072212Z shell: /usr/bin/bash --noprofile --norc -e -o pipefail {0}
2026-10-09T23:42:51.3072698Z env:
2026-10-09T23:42:51.3073008Z   CARGO_TERM_COLOR: always
2026-10-09T23:42:51.3073360Z   RUST_BACKTRACE: 1
2026-10-09T23:42:51.3073737Z   RUSTWRIGHT_CI_OUTPUT: rustwright-ci-38005723888-1
2026-10-09T23:42:51.3074189Z   CARGO_HOME: /home/runner/.cargo
2026-10-09T23:42:51.3074555Z ##[endgroup]
2026-10-09T23:42:51.3161410Z ##[end-action id=__dtolnay_rust-toolchain.__run_2;outcome=success;conclusion=success;duration_ms=18]
2026-10-09T23:42:51.3164408Z ##[start-action display=Install rustup if needed on windows;id=__dtolnay_rust-toolchain.__run_3]
2026-10-09T23:42:51.3172424Z ##[end-action id=__dtolnay_rust-toolchain.__run_3;outcome=skipped;conclusion=skipped;duration_ms=0]
2026-10-09T23:42:51.3188436Z ##[start-action display=rustup toolchain install 1.85.0;id=__dtolnay_rust-toolchain.__run_4]
2026-10-09T23:42:51.3217780Z ##[group]Run set -f  # split targets and components on commas and whitespace, without glob expansion
2026-10-09T23:42:51.3218623Z [36;1mset -f  # split targets and components on commas and whitespace, without glob expansion[0m
2026-10-09T23:42:51.3219204Z [36;1mflags=()[0m
2026-10-09T23:42:51.3219603Z [36;1mfor t in ${targets//,/ }; do flags+=(--target "$t"); done[0m
2026-10-09T23:42:51.3220154Z [36;1mfor c in ${components//,/ }; do flags+=(--component "$c"); done[0m
2026-10-09T23:42:51.3220806Z [36;1mif [[ $toolchain == nightly && -n $components ]]; then flags+=(--allow-downgrade); fi[0m
2026-10-09T23:42:51.3221683Z [36;1mlog=$(mktemp)[0m
2026-10-09T23:42:51.3222027Z [36;1mtrap 'rm -f "$log"' EXIT[0m
2026-10-09T23:42:51.3222404Z [36;1mfor attempt in 1 2 3 4 5; do[0m
2026-10-09T23:42:51.3223138Z [36;1m  if rustup toolchain install "$toolchain" "${flags[@]}" --profile minimal --no-self-update --force-non-host 2>&1 | tee "$log"; then[0m
2026-10-09T23:42:51.3223862Z [36;1m    break[0m
2026-10-09T23:42:51.3224161Z [36;1m  else[0m
2026-10-09T23:42:51.3224464Z [36;1m    status=$?[0m
2026-10-09T23:42:51.3224785Z [36;1m  fi[0m
2026-10-09T23:42:51.3225196Z [36;1m  if [[ $attempt == 5 ]] || ! grep -Fq 'checksum failed for ' "$log" \[0m
2026-10-09T23:42:51.3225910Z [36;1m      || ! grep -Fq 'this is likely due to an ongoing update of the official release server' "$log"; then[0m
2026-10-09T23:42:51.3226513Z [36;1m    exit "$status"[0m
2026-10-09T23:42:51.3226846Z [36;1m  fi[0m
2026-10-09T23:42:51.3227327Z [36;1m  echo "Retrying rustup toolchain install in 30 seconds (retry $attempt of 4)" >&2[0m
2026-10-09T23:42:51.3227874Z [36;1m  sleep 30[0m
2026-10-09T23:42:51.3228181Z [36;1mdone[0m
2026-10-09T23:42:51.3286280Z shell: /usr/bin/bash --noprofile --norc -e -o pipefail {0}
2026-10-09T23:42:51.3286748Z env:
2026-10-09T23:42:51.3287065Z   CARGO_TERM_COLOR: always
2026-10-09T23:42:51.3287641Z   RUST_BACKTRACE: 1
2026-10-09T23:42:51.3288011Z   RUSTWRIGHT_CI_OUTPUT: rustwright-ci-38005723888-1
2026-10-09T23:42:51.3288464Z   CARGO_HOME: /home/runner/.cargo
2026-10-09T23:42:51.3288822Z   toolchain: 1.85.0
2026-10-09T23:42:51.3289126Z   targets: 
2026-10-09T23:42:51.3289418Z   components: 
2026-10-09T23:42:51.3289764Z   RUSTUP_PERMIT_COPY_RENAME: 1
2026-10-09T23:42:51.3290125Z ##[endgroup]
2026-10-09T23:42:51.3875366Z info: syncing channel updates for 1.85.0-x86_64-unknown-linux-gnu
2026-10-09T23:42:51.5139544Z info: latest update on 2025-02-20 for version 1.85.0 (4d91de4e4 2025-02-17)
2026-10-09T23:42:51.5140314Z info: downloading 3 components
2026-10-09T23:42:58.3283889Z 
2026-10-09T23:42:58.3359277Z   1.85.0-x86_64-unknown-linux-gnu installed - rustc 1.85.0 (4d91de4e4 2025-02-17)
2026-10-09T23:42:58.3360019Z 
2026-10-09T23:42:58.3436783Z ##[end-action id=__dtolnay_rust-toolchain.__run_4;outcome=success;conclusion=success;duration_ms=7024]
2026-10-09T23:42:58.3447564Z ##[start-action display=rustup default 1.85.0;id=__dtolnay_rust-toolchain.__run_5]
2026-10-09T23:42:58.3484216Z ##[group]Run rustup default "$toolchain" --force-non-host
2026-10-09T23:42:58.3484674Z [36;1mrustup default "$toolchain" --force-non-host[0m
2026-10-09T23:42:58.3552121Z shell: /usr/bin/bash --noprofile --norc -e -o pipefail {0}
2026-10-09T23:42:58.3552518Z env:
2026-10-09T23:42:58.3552761Z   CARGO_TERM_COLOR: always
2026-10-09T23:42:58.3553037Z   RUST_BACKTRACE: 1
2026-10-09T23:42:58.3553348Z   RUSTWRIGHT_CI_OUTPUT: rustwright-ci-38005723888-1
2026-10-09T23:42:58.3553728Z   CARGO_HOME: /home/runner/.cargo
2026-10-09T23:42:58.3554024Z   toolchain: 1.85.0
2026-10-09T23:42:58.3554285Z ##[endgroup]
2026-10-09T23:42:58.3686188Z info: using existing install for 1.85.0-x86_64-unknown-linux-gnu
2026-10-09T23:42:58.3694506Z info: default toolchain set to 1.85.0-x86_64-unknown-linux-gnu
2026-10-09T23:42:58.3695031Z 
2026-10-09T23:42:58.3766042Z   1.85.0-x86_64-unknown-linux-gnu unchanged - rustc 1.85.0 (4d91de4e4 2025-02-17)
2026-10-09T23:42:58.3766691Z 
2026-10-09T23:42:58.3808113Z ##[end-action id=__dtolnay_rust-toolchain.__run_5;outcome=success;conclusion=success;duration_ms=35]
2026-10-09T23:42:58.3813215Z ##[start-action display=Create cachekey;id=__dtolnay_rust-toolchain.rustc-version]
2026-10-09T23:42:58.3899466Z ##[group]Run DATE=$(rustc +"$toolchain" --version --verbose | sed -ne 's/^commit-date: \(20[0-9][0-9]\)-\([01][0-9]\)-\([0-3][0-9]\)$/\1\2\3/p')
2026-10-09T23:42:58.3900414Z [36;1mDATE=$(rustc +"$toolchain" --version --verbose | sed -ne 's/^commit-date: \(20[0-9][0-9]\)-\([01][0-9]\)-\([0-3][0-9]\)$/\1\2\3/p')[0m
2026-10-09T23:42:58.3901475Z [36;1mHASH=$(rustc +"$toolchain" --version --verbose | sed -ne 's/^commit-hash: //p')[0m
2026-10-09T23:42:58.3902048Z [36;1mecho "cachekey=$(echo $DATE$HASH | head -c12)" >> $GITHUB_OUTPUT[0m
2026-10-09T23:42:58.3969459Z shell: /usr/bin/bash --noprofile --norc -e -o pipefail {0}
2026-10-09T23:42:58.3969862Z env:
2026-10-09T23:42:58.3970137Z   CARGO_TERM_COLOR: always
2026-10-09T23:42:58.3970446Z   RUST_BACKTRACE: 1
2026-10-09T23:42:58.3970805Z   RUSTWRIGHT_CI_OUTPUT: rustwright-ci-38005723888-1
2026-10-09T23:42:58.3971408Z   CARGO_HOME: /home/runner/.cargo
2026-10-09T23:42:58.3971707Z   toolchain: 1.85.0
2026-10-09T23:42:58.3971960Z ##[endgroup]
2026-10-09T23:42:58.4336710Z ##[end-action id=__dtolnay_rust-toolchain.rustc-version;outcome=success;conclusion=success;duration_ms=52]
2026-10-09T23:42:58.4339778Z ##[start-action display=Disable incremental compilation;id=__dtolnay_rust-toolchain.__run_6]
2026-10-09T23:42:58.4373721Z ##[group]Run if [ -z "${CARGO_INCREMENTAL+set}" ]; then
2026-10-09T23:42:58.4374149Z [36;1mif [ -z "${CARGO_INCREMENTAL+set}" ]; then[0m
2026-10-09T23:42:58.4374536Z [36;1m  echo CARGO_INCREMENTAL=0 >> $GITHUB_ENV[0m
2026-10-09T23:42:58.4374880Z [36;1mfi[0m
2026-10-09T23:42:58.4446419Z shell: /usr/bin/bash --noprofile --norc -e -o pipefail {0}
2026-10-09T23:42:58.4446813Z env:
2026-10-09T23:42:58.4447070Z   CARGO_TERM_COLOR: always
2026-10-09T23:42:58.4447538Z   RUST_BACKTRACE: 1
2026-10-09T23:42:58.4447842Z   RUSTWRIGHT_CI_OUTPUT: rustwright-ci-38005723888-1
2026-10-09T23:42:58.4448211Z   CARGO_HOME: /home/runner/.cargo
2026-10-09T23:42:58.4448504Z ##[endgroup]
2026-10-09T23:42:58.4545232Z ##[end-action id=__dtolnay_rust-toolchain.__run_6;outcome=success;conclusion=success;duration_ms=20]
2026-10-09T23:42:58.4547793Z ##[start-action display=Enable colors in Cargo output;id=__dtolnay_rust-toolchain.__run_7]
2026-10-09T23:42:58.4582338Z ##[group]Run if [ -z "${CARGO_TERM_COLOR+set}" ]; then
2026-10-09T23:42:58.4582760Z [36;1mif [ -z "${CARGO_TERM_COLOR+set}" ]; then[0m
2026-10-09T23:42:58.4583144Z [36;1m  echo CARGO_TERM_COLOR=always >> $GITHUB_ENV[0m
2026-10-09T23:42:58.4583482Z [36;1mfi[0m
2026-10-09T23:42:58.4649762Z shell: /usr/bin/bash --noprofile --norc -e -o pipefail {0}
2026-10-09T23:42:58.4650162Z env:
2026-10-09T23:42:58.4650406Z   CARGO_TERM_COLOR: always
2026-10-09T23:42:58.4651127Z   RUST_BACKTRACE: 1
2026-10-09T23:42:58.4651495Z   RUSTWRIGHT_CI_OUTPUT: rustwright-ci-38005723888-1
2026-10-09T23:42:58.4651872Z   CARGO_HOME: /home/runner/.cargo
2026-10-09T23:42:58.4652174Z   CARGO_INCREMENTAL: 0
2026-10-09T23:42:58.4652440Z ##[endgroup]
2026-10-09T23:42:58.4747475Z ##[end-action id=__dtolnay_rust-toolchain.__run_7;outcome=success;conclusion=success;duration_ms=19]
2026-10-09T23:42:58.4752188Z ##[start-action display=Enable Cargo sparse registry;id=__dtolnay_rust-toolchain.__run_8]
2026-10-09T23:42:58.4786711Z ##[group]Run # implemented in 1.66, stabilized in 1.68, made default in 1.70
2026-10-09T23:42:58.4787289Z [36;1m# implemented in 1.66, stabilized in 1.68, made default in 1.70[0m
2026-10-09T23:42:58.4788061Z [36;1mif [ -z "${CARGO_REGISTRIES_CRATES_IO_PROTOCOL+set}" -o -f "/home/runner/work/_temp"/.implicit_cargo_registries_crates_io_protocol ]; then[0m
2026-10-09T23:42:58.4788885Z [36;1m  if rustc +"$toolchain" --version --verbose | grep -q '^release: 1\.6[89]\.'; then[0m
2026-10-09T23:42:58.4789581Z [36;1m    touch "/home/runner/work/_temp"/.implicit_cargo_registries_crates_io_protocol || true[0m
2026-10-09T23:42:58.4790182Z [36;1m    echo CARGO_REGISTRIES_CRATES_IO_PROTOCOL=sparse >> $GITHUB_ENV[0m
2026-10-09T23:42:58.4790753Z [36;1m  elif rustc +"$toolchain" --version --verbose | grep -q '^release: 1\.6[67]\.'; then[0m
2026-10-09T23:42:58.4791680Z [36;1m    touch "/home/runner/work/_temp"/.implicit_cargo_registries_crates_io_protocol || true[0m
2026-10-09T23:42:58.4792270Z [36;1m    echo CARGO_REGISTRIES_CRATES_IO_PROTOCOL=git >> $GITHUB_ENV[0m
2026-10-09T23:42:58.4792672Z [36;1m  fi[0m
2026-10-09T23:42:58.4792909Z [36;1mfi[0m
2026-10-09T23:42:58.4859310Z shell: /usr/bin/bash --noprofile --norc -e -o pipefail {0}
2026-10-09T23:42:58.4859698Z env:
2026-10-09T23:42:58.4859946Z   CARGO_TERM_COLOR: always
2026-10-09T23:42:58.4860233Z   RUST_BACKTRACE: 1
2026-10-09T23:42:58.4860551Z   RUSTWRIGHT_CI_OUTPUT: rustwright-ci-38005723888-1
2026-10-09T23:42:58.4861165Z   CARGO_HOME: /home/runner/.cargo
2026-10-09T23:42:58.4861484Z   CARGO_INCREMENTAL: 0
2026-10-09T23:42:58.4861747Z   toolchain: 1.85.0
2026-10-09T23:42:58.4862004Z ##[endgroup]
2026-10-09T23:42:58.5203030Z ##[end-action id=__dtolnay_rust-toolchain.__run_8;outcome=success;conclusion=success;duration_ms=44]
2026-10-09T23:42:58.5207664Z ##[start-action display=Work around spurious network errors in curl 8.0;id=__dtolnay_rust-toolchain.__run_9]
2026-10-09T23:42:58.5242856Z ##[group]Run # https://rust-lang.zulipchat.com/#narrow/stream/246057-t-cargo/topic/timeout.20investigation
2026-10-09T23:42:58.5243680Z [36;1m# https://rust-lang.zulipchat.com/#narrow/stream/246057-t-cargo/topic/timeout.20investigation[0m
2026-10-09T23:42:58.5244390Z [36;1mif rustc +"$toolchain" --version --verbose | grep -q '^release: 1\.7[01]\.'; then[0m
2026-10-09T23:42:58.5244942Z [36;1m  echo CARGO_HTTP_MULTIPLEXING=false >> $GITHUB_ENV[0m
2026-10-09T23:42:58.5245304Z [36;1mfi[0m
2026-10-09T23:42:58.5316488Z shell: /usr/bin/bash --noprofile --norc -e -o pipefail {0}
2026-10-09T23:42:58.5317067Z env:
2026-10-09T23:42:58.5317310Z   CARGO_TERM_COLOR: always
2026-10-09T23:42:58.5317584Z   RUST_BACKTRACE: 1
2026-10-09T23:42:58.5317884Z   RUSTWRIGHT_CI_OUTPUT: rustwright-ci-38005723888-1
2026-10-09T23:42:58.5318263Z   CARGO_HOME: /home/runner/.cargo
2026-10-09T23:42:58.5318603Z   CARGO_INCREMENTAL: 0
2026-10-09T23:42:58.5318863Z   toolchain: 1.85.0
2026-10-09T23:42:58.5319110Z ##[endgroup]
2026-10-09T23:42:58.5540397Z ##[end-action id=__dtolnay_rust-toolchain.__run_9;outcome=success;conclusion=success;duration_ms=33]
2026-10-09T23:42:58.5546361Z ##[start-action display=rustc +1.85.0 --version --verbose;id=__dtolnay_rust-toolchain.__run_10]
2026-10-09T23:42:58.5577760Z ##[group]Run rustc +"$toolchain" --version --verbose
2026-10-09T23:42:58.5578187Z [36;1mrustc +"$toolchain" --version --verbose[0m
2026-10-09T23:42:58.5647822Z shell: /usr/bin/bash --noprofile --norc -e -o pipefail {0}
2026-10-09T23:42:58.5648216Z env:
2026-10-09T23:42:58.5648636Z   CARGO_TERM_COLOR: always
2026-10-09T23:42:58.5648939Z   RUST_BACKTRACE: 1
2026-10-09T23:42:58.5649255Z   RUSTWRIGHT_CI_OUTPUT: rustwright-ci-38005723888-1
2026-10-09T23:42:58.5649629Z   CARGO_HOME: /home/runner/.cargo
2026-10-09T23:42:58.5649923Z   CARGO_INCREMENTAL: 0
2026-10-09T23:42:58.5650184Z   toolchain: 1.85.0
2026-10-09T23:42:58.5650435Z ##[endgroup]
2026-10-09T23:42:58.5848925Z rustc 1.85.0 (4d91de4e4 2025-02-17)
2026-10-09T23:42:58.5849742Z binary: rustc
2026-10-09T23:42:58.5850283Z commit-hash: 4d91de4e48198da2e33413efdcd9cd2cc0c46688
2026-10-09T23:42:58.5851209Z commit-date: 2025-02-17
2026-10-09T23:42:58.5851682Z host: x86_64-unknown-linux-gnu
2026-10-09T23:42:58.5851976Z release: 1.85.0
2026-10-09T23:42:58.5852221Z LLVM version: 19.1.7
2026-10-09T23:42:58.5868369Z ##[end-action id=__dtolnay_rust-toolchain.__run_10;outcome=success;conclusion=success;duration_ms=32]
2026-10-09T23:42:58.6009981Z ##[group]Run Swatinem/rust-cache@v2
2026-10-09T23:42:58.6010324Z with:
2026-10-09T23:42:58.6010570Z   prefix-key: v0-rust
2026-10-09T23:42:58.6011116Z   add-job-id-key: true
2026-10-09T23:42:58.6011424Z   add-rust-environment-hash-key: true
2026-10-09T23:42:58.6011740Z   cache-targets: true
2026-10-09T23:42:58.6012000Z   cache-all-crates: false
2026-10-09T23:42:58.6012281Z   cache-workspace-crates: false
2026-10-09T23:42:58.6012570Z   save-if: true
2026-10-09T23:42:58.6012813Z   cache-provider: github
2026-10-09T23:42:58.6013075Z   cache-bin: true
2026-10-09T23:42:58.6013320Z   lookup-only: false
2026-10-09T23:42:58.6013566Z   cmd-format: {0}
2026-10-09T23:42:58.6013798Z env:
2026-10-09T23:42:58.6014026Z   CARGO_TERM_COLOR: always
2026-10-09T23:42:58.6014287Z   RUST_BACKTRACE: 1
2026-10-09T23:42:58.6014576Z   RUSTWRIGHT_CI_OUTPUT: rustwright-ci-38005723888-1
2026-10-09T23:42:58.6014935Z   CARGO_HOME: /home/runner/.cargo
2026-10-09T23:42:58.6015236Z   CARGO_INCREMENTAL: 0
2026-10-09T23:42:58.6015540Z ##[endgroup]
2026-10-09T23:42:59.3988857Z ##[group]Cache Configuration
2026-10-09T23:42:59.3989421Z Cache Provider:
2026-10-09T23:42:59.3989823Z     github
2026-10-09T23:42:59.3990163Z Workspaces:
2026-10-09T23:42:59.3990569Z     /home/runner/work/rustwright/rustwright
2026-10-09T23:42:59.3991364Z Cache Paths:
2026-10-09T23:42:59.3991738Z     /home/runner/.cargo/bin
2026-10-09T23:42:59.3992191Z     /home/runner/.cargo/.crates.toml
2026-10-09T23:42:59.3992686Z     /home/runner/.cargo/.crates2.json
2026-10-09T23:42:59.3993184Z     /home/runner/.cargo/registry
2026-10-09T23:42:59.3993650Z     /home/runner/.cargo/git
2026-10-09T23:42:59.3994157Z     /home/runner/work/rustwright/rustwright/target
2026-10-09T23:42:59.3994704Z Restore Key:
2026-10-09T23:42:59.3995078Z     v0-rust-msrv-Linux-x64-b46ad40d
2026-10-09T23:42:59.3995494Z Cache Key:
2026-10-09T23:42:59.3995929Z     v0-rust-msrv-Linux-x64-b46ad40d-f6e92162
2026-10-09T23:42:59.3996442Z .. Prefix:
2026-10-09T23:42:59.3996858Z   - v0-rust-msrv-Linux-x64
2026-10-09T23:42:59.3997342Z .. Environment considered:
2026-10-09T23:42:59.3997769Z   - Rust Versions:
2026-10-09T23:42:59.3998365Z     - 1.85.0 x86_64-unknown-linux-gnu 4d91de4e48198da2e33413efdcd9cd2cc0c46688
2026-10-09T23:42:59.3999733Z     - 1.99.0 x86_64-unknown-linux-gnu b940084d7eb6a299eb4bfeb8e34901bc051e7ac4
2026-10-09T23:42:59.4000432Z   - CARGO_HOME
2026-10-09T23:42:59.4000796Z   - CARGO_INCREMENTAL
2026-10-09T23:42:59.4001507Z   - CARGO_TERM_COLOR
2026-10-09T23:42:59.4001864Z   - RUST_BACKTRACE
2026-10-09T23:42:59.4002212Z   - RUSTWRIGHT_CI_OUTPUT
2026-10-09T23:42:59.4002593Z .. Lockfiles considered:
2026-10-09T23:42:59.4003059Z   - /home/runner/work/rustwright/rustwright/Cargo.lock
2026-10-09T23:42:59.4003960Z   - /home/runner/work/rustwright/rustwright/crates/rustwright-bidi/Cargo.toml
2026-10-09T23:42:59.4005020Z   - /home/runner/work/rustwright/rustwright/crates/rustwright-browser/Cargo.toml
2026-10-09T23:42:59.4006056Z   - /home/runner/work/rustwright/rustwright/crates/rustwright-cdp/Cargo.toml
2026-10-09T23:42:59.4007076Z   - /home/runner/work/rustwright/rustwright/crates/rustwright-common/Cargo.toml
2026-10-09T23:42:59.4008106Z   - /home/runner/work/rustwright/rustwright/crates/rustwright-core/Cargo.toml
2026-10-09T23:42:59.4009134Z   - /home/runner/work/rustwright/rustwright/crates/rustwright-test-macros/Cargo.toml
2026-10-09T23:42:59.4010208Z   - /home/runner/work/rustwright/rustwright/crates/rustwright-test/Cargo.toml
2026-10-09T23:42:59.4011423Z   - /home/runner/work/rustwright/rustwright/crates/rustwright/Cargo.toml
2026-10-09T23:42:59.4012711Z   - /home/runner/work/rustwright/rustwright/docs/ci/results/firefox-network-idle/local/release/consumer/.cargo/config.toml
2026-10-09T23:42:59.4014344Z   - /home/runner/work/rustwright/rustwright/docs/ci/results/reliability-95/local/distribution/consumer/.cargo/config.toml
2026-10-09T23:42:59.4015985Z   - /home/runner/work/rustwright/rustwright/docs/ci/results/remote-20261009/followup-local/consumer/.cargo/config.toml
2026-10-09T23:42:59.4017938Z   - /home/runner/work/rustwright/rustwright/docs/ci/results/required-browser/release/consumer/.cargo/config.toml
2026-10-09T23:42:59.4019414Z   - /home/runner/work/rustwright/rustwright/docs/release/results/local-package/consumer/.cargo/config.toml
2026-10-09T23:42:59.4020478Z   - /home/runner/work/rustwright/rustwright/examples/Cargo.toml
2026-10-09T23:42:59.4021463Z   - /home/runner/work/rustwright/rustwright/tests/Cargo.toml
2026-10-09T23:42:59.4022377Z ##[endgroup]
2026-10-09T23:42:59.4022579Z 
2026-10-09T23:42:59.4022726Z ... Restoring cache ...
2026-10-09T23:42:59.4487797Z No cache found.
2026-10-09T23:42:59.4596418Z ##[group]Run cargo check --locked --workspace --all-targets
2026-10-09T23:42:59.4596868Z [36;1mcargo check --locked --workspace --all-targets[0m
2026-10-09T23:42:59.4661038Z shell: /usr/bin/bash -e {0}
2026-10-09T23:42:59.4661346Z env:
2026-10-09T23:42:59.4661542Z   CARGO_TERM_COLOR: always
2026-10-09T23:42:59.4661777Z   RUST_BACKTRACE: 1
2026-10-09T23:42:59.4662034Z   RUSTWRIGHT_CI_OUTPUT: rustwright-ci-38005723888-1
2026-10-09T23:42:59.4662360Z   CARGO_HOME: /home/runner/.cargo
2026-10-09T23:42:59.4662609Z   CARGO_INCREMENTAL: 0
2026-10-09T23:42:59.4662852Z   CACHE_ON_FAILURE: false
2026-10-09T23:42:59.4663071Z ##[endgroup]
2026-10-09T23:42:59.5078424Z [1m[32m    Updating[0m crates.io index
2026-10-09T23:42:59.6535002Z [1m[32m Downloading[0m crates ...
2026-10-09T23:42:59.6968530Z [1m[32m  Downloaded[0m chacha20 v0.10.2
2026-10-09T23:42:59.7017821Z [1m[32m  Downloaded[0m block-buffer v0.12.1
2026-10-09T23:42:59.7042591Z [1m[32m  Downloaded[0m base64 v0.22.1
2026-10-09T23:42:59.7111569Z [1m[32m  Downloaded[0m futures-sink v0.3.34
2026-10-09T23:42:59.7125520Z [1m[32m  Downloaded[0m crypto-common v0.2.2
2026-10-09T23:42:59.7146222Z [1m[32m  Downloaded[0m cpufeatures v0.3.1
2026-10-09T23:42:59.7172907Z [1m[32m  Downloaded[0m itoa v1.0.18
2026-10-09T23:42:59.7203592Z [1m[32m  Downloaded[0m const-oid v0.10.2
2026-10-09T23:42:59.7252437Z [1m[32m  Downloaded[0m tokio-macros v2.7.2
2026-10-09T23:42:59.7275579Z [1m[32m  Downloaded[0m futures-core v0.3.34
2026-10-09T23:42:59.7303939Z [1m[32m  Downloaded[0m cfg-if v1.0.5
2026-10-09T23:42:59.7330376Z [1m[32m  Downloaded[0m thiserror-impl v2.0.20
2026-10-09T23:42:59.7360620Z [1m[32m  Downloaded[0m unicode-ident v1.0.26
2026-10-09T23:42:59.7413181Z [1m[32m  Downloaded[0m tracing-core v0.1.36
2026-10-09T23:42:59.7469153Z [1m[32m  Downloaded[0m zmij v1.0.23
2026-10-09T23:42:59.7506333Z [1m[32m  Downloaded[0m signal-hook-registry v1.4.8
2026-10-09T23:42:59.7530305Z [1m[32m  Downloaded[0m futures-task v0.3.34
2026-10-09T23:42:59.7554328Z [1m[32m  Downloaded[0m tungstenite v0.30.0
2026-10-09T23:42:59.7621621Z [1m[32m  Downloaded[0m tokio-tungstenite v0.30.0
2026-10-09T23:42:59.7660506Z [1m[32m  Downloaded[0m tracing-attributes v0.1.31
2026-10-09T23:42:59.7712874Z [1m[32m  Downloaded[0m pin-project-lite v0.2.17
2026-10-09T23:42:59.7810046Z [1m[32m  Downloaded[0m sha1 v0.11.0
2026-10-09T23:42:59.7835971Z [1m[32m  Downloaded[0m http v1.5.0
2026-10-09T23:42:59.7886775Z [1m[32m  Downloaded[0m typenum v1.20.1
2026-10-09T23:42:59.7935594Z [1m[32m  Downloaded[0m once_cell v1.21.4
2026-10-09T23:42:59.7968840Z [1m[32m  Downloaded[0m futures-macro v0.3.34
2026-10-09T23:42:59.7983845Z [1m[32m  Downloaded[0m rand v0.10.2
2026-10-09T23:42:59.8035919Z [1m[32m  Downloaded[0m digest v0.11.3
2026-10-09T23:42:59.8066363Z [1m[32m  Downloaded[0m memchr v2.8.3
2026-10-09T23:42:59.8133677Z [1m[32m  Downloaded[0m futures-util v0.3.34
2026-10-09T23:42:59.8283860Z [1m[32m  Downloaded[0m getrandom v0.4.3
2026-10-09T23:42:59.8328851Z [1m[32m  Downloaded[0m syn v2.0.119
2026-10-09T23:42:59.8460242Z [1m[32m  Downloaded[0m serde_json v1.0.151
2026-10-09T23:42:59.8548495Z [1m[32m  Downloaded[0m httparse v1.10.1
2026-10-09T23:42:59.8579597Z [1m[32m  Downloaded[0m mio v1.2.3
2026-10-09T23:42:59.8664241Z [1m[32m  Downloaded[0m syn v3.0.6
2026-10-09T23:42:59.8843856Z [1m[32m  Downloaded[0m socket2 v0.6.5
2026-10-09T23:42:59.8875801Z [1m[32m  Downloaded[0m slab v0.4.12
2026-10-09T23:42:59.8899033Z [1m[32m  Downloaded[0m hybrid-array v0.4.15
2026-10-09T23:42:59.8932559Z [1m[32m  Downloaded[0m serde v1.0.229
2026-10-09T23:42:59.8992316Z [1m[32m  Downloaded[0m errno v0.3.14
2026-10-09T23:42:59.9022010Z [1m[32m  Downloaded[0m bytes v1.12.1
2026-10-09T23:42:59.9074115Z [1m[32m  Downloaded[0m serde_derive v1.0.229
2026-10-09T23:42:59.9126157Z [1m[32m  Downloaded[0m serde_core v1.0.229
2026-10-09T23:42:59.9170762Z [1m[32m  Downloaded[0m tracing v0.1.44
2026-10-09T23:42:59.9389945Z [1m[32m  Downloaded[0m proc-macro2 v1.0.107
2026-10-09T23:42:59.9428518Z [1m[32m  Downloaded[0m data-encoding v2.11.1
2026-10-09T23:42:59.9441113Z [1m[32m  Downloaded[0m thiserror v2.0.20
2026-10-09T23:42:59.9517588Z [1m[32m  Downloaded[0m quote v1.0.47
2026-10-09T23:42:59.9551356Z [1m[32m  Downloaded[0m log v0.4.34
2026-10-09T23:42:59.9582578Z [1m[32m  Downloaded[0m rand_core v0.10.1
2026-10-09T23:42:59.9629682Z [1m[32m  Downloaded[0m libc v0.2.189
2026-10-09T23:43:00.0221354Z [1m[32m  Downloaded[0m tokio v1.53.1
2026-10-09T23:43:00.4836652Z [1m[32m   Compiling[0m proc-macro2 v1.0.107
2026-10-09T23:43:00.4851828Z [1m[32m   Compiling[0m quote v1.0.47
2026-10-09T23:43:00.4852770Z [1m[32m   Compiling[0m unicode-ident v1.0.26
2026-10-09T23:43:00.4853525Z [1m[32m   Compiling[0m libc v0.2.189
2026-10-09T23:43:00.5532427Z [1m[32m    Checking[0m typenum v1.20.1
2026-10-09T23:43:01.0942272Z [1m[32m    Checking[0m hybrid-array v0.4.15
2026-10-09T23:43:01.2743465Z [1m[32m    Checking[0m itoa v1.0.18
2026-10-09T23:43:01.3612277Z [1m[32m    Checking[0m cfg-if v1.0.5
2026-10-09T23:43:01.3852371Z [1m[32m   Compiling[0m serde_core v1.0.229
2026-10-09T23:43:01.6212957Z [1m[32m   Compiling[0m getrandom v0.4.3
2026-10-09T23:43:01.6494332Z [1m[32m   Compiling[0m zmij v1.0.23
2026-10-09T23:43:01.8772597Z [1m[32m    Checking[0m rand_core v0.10.1
2026-10-09T23:43:01.9434608Z [1m[32m    Checking[0m cpufeatures v0.3.1
2026-10-09T23:43:01.9695385Z [1m[32m   Compiling[0m syn v3.0.6
2026-10-09T23:43:02.0332054Z [1m[32m    Checking[0m crypto-common v0.2.2
2026-10-09T23:43:02.2942490Z [1m[32m    Checking[0m block-buffer v0.12.1
2026-10-09T23:43:02.3782444Z [1m[32m    Checking[0m pin-project-lite v0.2.17
2026-10-09T23:43:02.4092566Z [1m[32m    Checking[0m bytes v1.12.1
2026-10-09T23:43:02.8472367Z [1m[32m   Compiling[0m httparse v1.10.1
2026-10-09T23:43:02.8692574Z [1m[32m    Checking[0m const-oid v0.10.2
2026-10-09T23:43:02.9552977Z [1m[32m   Compiling[0m thiserror v2.0.20
2026-10-09T23:43:03.1522253Z [1m[32m   Compiling[0m serde_json v1.0.151
2026-10-09T23:43:03.3169666Z [1m[32m    Checking[0m digest v0.11.3
2026-10-09T23:43:03.4112562Z [1m[32m    Checking[0m errno v0.3.14
2026-10-09T23:43:03.4642884Z [1m[32m    Checking[0m chacha20 v0.10.2
2026-10-09T23:43:03.6105618Z [1m[32m   Compiling[0m syn v2.0.119
2026-10-09T23:43:03.6802697Z [1m[32m    Checking[0m memchr v2.8.3
2026-10-09T23:43:03.9519789Z [1m[32m    Checking[0m rand v0.10.2
2026-10-09T23:43:04.4322594Z [1m[32m    Checking[0m signal-hook-registry v1.4.8
2026-10-09T23:43:04.5522529Z [1m[32m    Checking[0m sha1 v0.11.0
2026-10-09T23:43:04.7723017Z [1m[32m    Checking[0m http v1.5.0
2026-10-09T23:43:04.8272429Z [1m[32m    Checking[0m socket2 v0.6.5
2026-10-09T23:43:05.0742504Z [1m[32m    Checking[0m mio v1.2.3
2026-10-09T23:43:05.3554898Z [1m[32m   Compiling[0m serde v1.0.229
2026-10-09T23:43:05.3653134Z [1m[32m    Checking[0m futures-sink v0.3.34
2026-10-09T23:43:05.4032554Z [1m[32m    Checking[0m once_cell v1.21.4
2026-10-09T23:43:05.5095769Z [1m[32m    Checking[0m data-encoding v2.11.1
2026-10-09T23:43:05.6113838Z [1m[32m    Checking[0m log v0.4.34
2026-10-09T23:43:05.6967355Z [1m[32m    Checking[0m futures-task v0.3.34
2026-10-09T23:43:05.7568983Z [1m[32m    Checking[0m futures-core v0.3.34
2026-10-09T23:43:05.7762514Z [1m[32m    Checking[0m slab v0.4.12
2026-10-09T23:43:05.8292528Z [1m[32m    Checking[0m tracing-core v0.1.36
2026-10-09T23:43:05.8721986Z [1m[32m    Checking[0m rustwright-common v0.1.0 (/home/runner/work/rustwright/rustwright/crates/rustwright-common)
2026-10-09T23:43:05.9502714Z [1m[32m    Checking[0m base64 v0.22.1
2026-10-09T23:43:06.1927513Z [1m[32m   Compiling[0m thiserror-impl v2.0.20
2026-10-09T23:43:06.2362229Z [1m[32m   Compiling[0m tokio-macros v2.7.2
2026-10-09T23:43:06.4676183Z [1m[32m   Compiling[0m futures-macro v0.3.34
2026-10-09T23:43:07.0783149Z [1m[32m    Checking[0m tokio v1.53.1
2026-10-09T23:43:07.4122648Z [1m[32m    Checking[0m futures-util v0.3.34
2026-10-09T23:43:07.7349739Z [1m[32m    Checking[0m tungstenite v0.30.0
2026-10-09T23:43:08.1482857Z [1m[32m   Compiling[0m serde_derive v1.0.229
2026-10-09T23:43:08.9402606Z [1m[32m   Compiling[0m tracing-attributes v0.1.31
2026-10-09T23:43:09.4162910Z [1m[32m   Compiling[0m rustwright-test-macros v0.1.0 (/home/runner/work/rustwright/rustwright/crates/rustwright-test-macros)
2026-10-09T23:43:10.3962478Z [1m[32m    Checking[0m tracing v0.1.44
2026-10-09T23:43:10.6912939Z [1m[32m    Checking[0m tokio-tungstenite v0.30.0
2026-10-09T23:43:11.4588306Z [1m[32m    Checking[0m rustwright-cdp v0.1.0 (/home/runner/work/rustwright/rustwright/crates/rustwright-cdp)
2026-10-09T23:43:12.6783248Z [1m[32m    Checking[0m rustwright-browser v0.1.0 (/home/runner/work/rustwright/rustwright/crates/rustwright-browser)
2026-10-09T23:43:12.8381948Z [1m[32m    Checking[0m rustwright-bidi v0.1.0 (/home/runner/work/rustwright/rustwright/crates/rustwright-bidi)
2026-10-09T23:43:12.8383722Z [1m[32m    Checking[0m rustwright-core v0.1.0 (/home/runner/work/rustwright/rustwright/crates/rustwright-core)
2026-10-09T23:43:14.3037259Z [1m[32m    Checking[0m rustwright v0.1.0 (/home/runner/work/rustwright/rustwright/crates/rustwright)
2026-10-09T23:43:14.4783829Z [1m[32m    Checking[0m rustwright-test v0.1.0 (/home/runner/work/rustwright/rustwright/crates/rustwright-test)
2026-10-09T23:43:14.4785890Z [1m[32m    Checking[0m rustwright-integration-tests v0.1.0 (/home/runner/work/rustwright/rustwright/tests)
2026-10-09T23:43:14.8208540Z [1m[32m    Checking[0m rustwright-examples v0.1.0 (/home/runner/work/rustwright/rustwright/examples)
2026-10-09T23:43:16.7051867Z [1m[32m    Finished[0m `dev` profile [unoptimized + debuginfo] target(s) in 17.22s
2026-10-09T23:43:16.7384734Z Post job cleanup.
2026-10-09T23:43:16.8676139Z ##[group]Cache Configuration
2026-10-09T23:43:16.8676937Z Cache Provider:
2026-10-09T23:43:16.8677273Z     github
2026-10-09T23:43:16.8677609Z Workspaces:
2026-10-09T23:43:16.8677992Z     /home/runner/work/rustwright/rustwright
2026-10-09T23:43:16.8678561Z Cache Paths:
2026-10-09T23:43:16.8678976Z     /home/runner/.cargo/bin
2026-10-09T23:43:16.8679470Z     /home/runner/.cargo/.crates.toml
2026-10-09T23:43:16.8679956Z     /home/runner/.cargo/.crates2.json
2026-10-09T23:43:16.8680433Z     /home/runner/.cargo/registry
2026-10-09T23:43:16.8681055Z     /home/runner/.cargo/git
2026-10-09T23:43:16.8681544Z     /home/runner/work/rustwright/rustwright/target
2026-10-09T23:43:16.8682078Z Restore Key:
2026-10-09T23:43:16.8682444Z     v0-rust-msrv-Linux-x64-b46ad40d
2026-10-09T23:43:16.8682877Z Cache Key:
2026-10-09T23:43:16.8683253Z     v0-rust-msrv-Linux-x64-b46ad40d-f6e92162
2026-10-09T23:43:16.8683733Z .. Prefix:
2026-10-09T23:43:16.8684192Z   - v0-rust-msrv-Linux-x64
2026-10-09T23:43:16.8684612Z .. Environment considered:
2026-10-09T23:43:16.8685001Z   - Rust Versions:
2026-10-09T23:43:16.8685556Z     - 1.85.0 x86_64-unknown-linux-gnu 4d91de4e48198da2e33413efdcd9cd2cc0c46688
2026-10-09T23:43:16.8686405Z     - 1.99.0 x86_64-unknown-linux-gnu b940084d7eb6a299eb4bfeb8e34901bc051e7ac4
2026-10-09T23:43:16.8687070Z   - CARGO_HOME
2026-10-09T23:43:16.8687407Z   - CARGO_INCREMENTAL
2026-10-09T23:43:16.8687769Z   - CARGO_TERM_COLOR
2026-10-09T23:43:16.8688127Z   - RUST_BACKTRACE
2026-10-09T23:43:16.8688488Z   - RUSTWRIGHT_CI_OUTPUT
2026-10-09T23:43:16.8688883Z .. Lockfiles considered:
2026-10-09T23:43:16.8689372Z   - /home/runner/work/rustwright/rustwright/Cargo.lock
2026-10-09T23:43:16.8689882Z   - /home/runner/work/rustwright/rustwright/crates/rustwright-bidi/Cargo.toml
2026-10-09T23:43:16.8690430Z   - /home/runner/work/rustwright/rustwright/crates/rustwright-browser/Cargo.toml
2026-10-09T23:43:16.8691122Z   - /home/runner/work/rustwright/rustwright/crates/rustwright-cdp/Cargo.toml
2026-10-09T23:43:16.8691643Z   - /home/runner/work/rustwright/rustwright/crates/rustwright-common/Cargo.toml
2026-10-09T23:43:16.8692154Z   - /home/runner/work/rustwright/rustwright/crates/rustwright-core/Cargo.toml
2026-10-09T23:43:16.8692681Z   - /home/runner/work/rustwright/rustwright/crates/rustwright-test-macros/Cargo.toml
2026-10-09T23:43:16.8693231Z   - /home/runner/work/rustwright/rustwright/crates/rustwright-test/Cargo.toml
2026-10-09T23:43:16.8693718Z   - /home/runner/work/rustwright/rustwright/crates/rustwright/Cargo.toml
2026-10-09T23:43:16.8694374Z   - /home/runner/work/rustwright/rustwright/docs/ci/results/firefox-network-idle/local/release/consumer/.cargo/config.toml
2026-10-09T23:43:16.8695223Z   - /home/runner/work/rustwright/rustwright/docs/ci/results/reliability-95/local/distribution/consumer/.cargo/config.toml
2026-10-09T23:43:16.8696051Z   - /home/runner/work/rustwright/rustwright/docs/ci/results/remote-20261009/followup-local/consumer/.cargo/config.toml
2026-10-09T23:43:16.8696846Z   - /home/runner/work/rustwright/rustwright/docs/ci/results/required-browser/release/consumer/.cargo/config.toml
2026-10-09T23:43:16.8697589Z   - /home/runner/work/rustwright/rustwright/docs/release/results/local-package/consumer/.cargo/config.toml
2026-10-09T23:43:16.8698165Z   - /home/runner/work/rustwright/rustwright/examples/Cargo.toml
2026-10-09T23:43:16.8698563Z   - /home/runner/work/rustwright/rustwright/tests/Cargo.toml
2026-10-09T23:43:16.8699094Z ##[endgroup]
2026-10-09T23:43:16.8699211Z 
2026-10-09T23:43:17.1150196Z ... Cleaning /home/runner/work/rustwright/rustwright/target ...
2026-10-09T23:43:17.1688842Z ... Cleaning cargo registry (cache-all-crates: false) ...
2026-10-09T23:43:17.3699242Z ... Cleaning cargo/bin ...
2026-10-09T23:43:17.3721469Z ... Cleaning cargo git cache ...
2026-10-09T23:43:17.3725701Z ... Saving cache ...
2026-10-09T23:43:17.3909996Z [command]/usr/bin/tar --posix -cf cache.tzst --exclude cache.tzst -P -C /home/runner/work/rustwright/rustwright --files-from manifest.txt --use-compress-program zstdmt
2026-10-09T23:43:18.3966135Z Sent 50961316 of 50961316 (100.0%), 97.8 MBs/sec
2026-10-09T23:43:18.5271771Z Post job cleanup.
2026-10-09T23:43:18.6126671Z [command]/usr/bin/git version
2026-10-09T23:43:18.6173251Z git version 2.55.0
2026-10-09T23:43:18.6217302Z Temporarily overriding HOME='/home/runner/work/_temp/bfc5b111-50fa-4a78-82fd-93e36c35385a' before making global git config changes
2026-10-09T23:43:18.6218746Z Adding repository directory to the temporary git global config as a safe directory
2026-10-09T23:43:18.6223901Z [command]/usr/bin/git config --global --add safe.directory /home/runner/work/rustwright/rustwright
2026-10-09T23:43:18.6262695Z [command]/usr/bin/git config --local --name-only --get-regexp core\.sshCommand
2026-10-09T23:43:18.6297763Z [command]/usr/bin/git submodule foreach --recursive sh -c "git config --local --name-only --get-regexp 'core\.sshCommand' && git config --local --unset-all 'core.sshCommand' || :"
2026-10-09T23:43:18.6559186Z [command]/usr/bin/git config --local --name-only --get-regexp http\.https\:\/\/github\.com\/\.extraheader
2026-10-09T23:43:18.6589341Z http.https://github.com/.extraheader
2026-10-09T23:43:18.6601649Z [command]/usr/bin/git config --local --unset-all http.https://github.com/.extraheader
2026-10-09T23:43:18.6636385Z [command]/usr/bin/git submodule foreach --recursive sh -c "git config --local --name-only --get-regexp 'http\.https\:\/\/github\.com\/\.extraheader' && git config --local --unset-all 'http.https://github.com/.extraheader' || :"
2026-10-09T23:43:18.6906627Z [command]/usr/bin/git config --local --name-only --get-regexp ^includeIf\.gitdir:
2026-10-09T23:43:18.6950853Z [command]/usr/bin/git submodule foreach --recursive git config --local --show-origin --name-only --get-regexp remote.origin.url
2026-10-09T23:43:18.7372953Z Cleaning up orphan processes
