2026-10-09T23:42:58.7242760Z Current runner version: '2.337.0'
2026-10-09T23:42:58.7260170Z ##[group]Runner Image Provisioner
2026-10-09T23:42:58.7260750Z Hosted Compute Agent
2026-10-09T23:42:58.7261150Z Version: 20260828.587
2026-10-09T23:42:58.7261660Z Commit: abac92662cab4cc7352de4f9f9d2e2419aad9c29
2026-10-09T23:42:58.7262280Z Build Date: 2026-08-28T16:44:25Z
2026-10-09T23:42:58.7262940Z Worker ID: {e33273ba-b4ca-4610-ad45-d092194d02c4}
2026-10-09T23:42:58.7263410Z Azure Region: westus
2026-10-09T23:42:58.7264120Z ##[endgroup]
2026-10-09T23:42:58.7265360Z ##[group]Operating System
2026-10-09T23:42:58.7265780Z macOS
2026-10-09T23:42:58.7266230Z 26.6.2
2026-10-09T23:42:58.7266640Z 25G83
2026-10-09T23:42:58.7266990Z ##[endgroup]
2026-10-09T23:42:58.7267410Z ##[group]Runner Image
2026-10-09T23:42:58.7267830Z Image: macos-26-arm64
2026-10-09T23:42:58.7268370Z Version: 20260907.0351.1
2026-10-09T23:42:58.7269290Z Included Software: https://github.com/actions/runner-images/blob/macos-26-arm64/20260907.0351/images/macos/macos-26-arm64-Readme.md
2026-10-09T23:42:58.7272720Z Image Release: https://github.com/actions/runner-images/releases/tag/macos-26-arm64%2F20260907.0351
2026-10-09T23:42:58.7274760Z ##[endgroup]
2026-10-09T23:42:58.7276870Z ##[group]GITHUB_TOKEN Permissions
2026-10-09T23:42:58.7280680Z Contents: read
2026-10-09T23:42:58.7281880Z Metadata: read
2026-10-09T23:42:58.7282860Z ##[endgroup]
2026-10-09T23:42:58.7286790Z Secret source: Actions
2026-10-09T23:42:58.7288830Z Cache mode: write
2026-10-09T23:42:58.7290090Z Prepare workflow directory
2026-10-09T23:42:58.7927350Z Prepare all required actions
2026-10-09T23:42:58.7964700Z Getting action download info
2026-10-09T23:42:58.9775170Z Download action repository 'actions/checkout@v5' (SHA:fbc6f3992d24b796d5a048ff273f7fcc4a7b6c09)
2026-10-09T23:42:59.4102130Z Download action repository 'dtolnay/rust-toolchain@stable' (SHA:686976e191b89faba57d3206551f0f330d8cb249)
2026-10-09T23:42:59.8409790Z Download action repository 'Swatinem/rust-cache@v2' (SHA:6323deb102c322ba6fcbdcafc7e3dddab59af2b6)
2026-10-09T23:43:00.6470650Z Download action repository 'actions/setup-python@v6' (SHA:ece7cb06caefa5fff74198d8649806c4678c61a1)
2026-10-09T23:43:00.7781400Z Download action repository 'browser-actions/setup-chrome@v2' (SHA:48ad923757ca74d66703209fe939badbdf80f2f4)
2026-10-09T23:43:01.4236280Z Download action repository 'browser-actions/setup-firefox@v1' (SHA:0bc507ddf224827e3b1af68e014d5e42ab93e795)
2026-10-09T23:43:02.0261790Z Download action repository 'actions/upload-artifact@v4' (SHA:ea165f8d65b6e75b540449e92b4886f43607fa02)
2026-10-09T23:43:02.4525540Z Complete job name: Required Chrome + Firefox / macos-latest
2026-10-09T23:43:02.5315340Z ##[group]Run actions/checkout@v5
2026-10-09T23:43:02.5316590Z with:
2026-10-09T23:43:02.5317130Z   repository: rsasaki0109/rustwright
2026-10-09T23:43:02.5323060Z   token: ***
2026-10-09T23:43:02.5323660Z   ssh-strict: true
2026-10-09T23:43:02.5324180Z   ssh-user: git
2026-10-09T23:43:02.5324710Z   persist-credentials: true
2026-10-09T23:43:02.5325290Z   clean: true
2026-10-09T23:43:02.5325960Z   sparse-checkout-cone-mode: true
2026-10-09T23:43:02.5326580Z   fetch-depth: 1
2026-10-09T23:43:02.5327100Z   fetch-tags: false
2026-10-09T23:43:02.5327610Z   show-progress: true
2026-10-09T23:43:02.5328130Z   lfs: false
2026-10-09T23:43:02.5328630Z   submodules: false
2026-10-09T23:43:02.5329170Z   set-safe-directory: true
2026-10-09T23:43:02.5329770Z   allow-unsafe-pr-checkout: false
2026-10-09T23:43:02.5331080Z env:
2026-10-09T23:43:02.5331630Z   CARGO_TERM_COLOR: always
2026-10-09T23:43:02.5332230Z   RUST_BACKTRACE: 1
2026-10-09T23:43:02.5359090Z   RUSTWRIGHT_CI_OUTPUT: rustwright-ci-38005723888-1
2026-10-09T23:43:02.5360000Z ##[endgroup]
2026-10-09T23:43:03.0757820Z Syncing repository: rsasaki0109/rustwright
2026-10-09T23:43:03.0760070Z ##[group]Getting Git version info
2026-10-09T23:43:03.0760920Z Working directory is '/Users/runner/work/rustwright/rustwright'
2026-10-09T23:43:03.0762200Z [command]/opt/homebrew/bin/git version
2026-10-09T23:43:03.1486800Z git version 2.55.0
2026-10-09T23:43:03.1524570Z ##[endgroup]
2026-10-09T23:43:03.1596670Z Copying '/Users/runner/.gitconfig' to '/Users/runner/work/_temp/f7813658-0841-4b7e-bfe2-5e367b452f51/.gitconfig'
2026-10-09T23:43:03.1606850Z Temporarily overriding HOME='/Users/runner/work/_temp/f7813658-0841-4b7e-bfe2-5e367b452f51' before making global git config changes
2026-10-09T23:43:03.1610600Z Adding repository directory to the temporary git global config as a safe directory
2026-10-09T23:43:03.1631720Z [command]/opt/homebrew/bin/git config --global --add safe.directory /Users/runner/work/rustwright/rustwright
2026-10-09T23:43:03.1886640Z Deleting the contents of '/Users/runner/work/rustwright/rustwright'
2026-10-09T23:43:03.1909120Z ##[group]Initializing the repository
2026-10-09T23:43:03.1922990Z [command]/opt/homebrew/bin/git init /Users/runner/work/rustwright/rustwright
2026-10-09T23:43:03.2634330Z hint: Using 'master' as the name for the initial branch. This default branch name
2026-10-09T23:43:03.2640900Z hint: will change to "main" in Git 3.0. To configure the initial branch name
2026-10-09T23:43:03.2643180Z hint: to use in all of your new repositories, which will suppress this warning,
2026-10-09T23:43:03.2644360Z hint: call:
2026-10-09T23:43:03.2645190Z hint:
2026-10-09T23:43:03.2652000Z hint: 	git config --global init.defaultBranch <name>
2026-10-09T23:43:03.2655630Z hint:
2026-10-09T23:43:03.2657970Z hint: Names commonly chosen instead of 'master' are 'main', 'trunk' and
2026-10-09T23:43:03.2661130Z hint: 'development'. The just-created branch can be renamed via this command:
2026-10-09T23:43:03.2663690Z hint:
2026-10-09T23:43:03.2665260Z hint: 	git branch -m <name>
2026-10-09T23:43:03.2666850Z hint:
2026-10-09T23:43:03.2668850Z hint: Disable this message with "git config set advice.defaultBranchName false"
2026-10-09T23:43:03.2672370Z Initialized empty Git repository in /Users/runner/work/rustwright/rustwright/.git/
2026-10-09T23:43:03.2678240Z [command]/opt/homebrew/bin/git remote add origin https://github.com/rsasaki0109/rustwright
2026-10-09T23:43:03.2867970Z ##[endgroup]
2026-10-09T23:43:03.2869090Z ##[group]Disabling automatic garbage collection
2026-10-09T23:43:03.2881670Z [command]/opt/homebrew/bin/git config --local gc.auto 0
2026-10-09T23:43:03.3110590Z ##[endgroup]
2026-10-09T23:43:03.3111970Z ##[group]Setting up auth
2026-10-09T23:43:03.3116900Z [command]/opt/homebrew/bin/git config --local --name-only --get-regexp core\.sshCommand
2026-10-09T23:43:03.3251210Z [command]/opt/homebrew/bin/git submodule foreach --recursive sh -c "git config --local --name-only --get-regexp 'core\.sshCommand' && git config --local --unset-all 'core.sshCommand' || :"
2026-10-09T23:43:03.4989400Z [command]/opt/homebrew/bin/git config --local --name-only --get-regexp http\.https\:\/\/github\.com\/\.extraheader
2026-10-09T23:43:03.5106000Z [command]/opt/homebrew/bin/git submodule foreach --recursive sh -c "git config --local --name-only --get-regexp 'http\.https\:\/\/github\.com\/\.extraheader' && git config --local --unset-all 'http.https://github.com/.extraheader' || :"
2026-10-09T23:43:03.6505850Z [command]/opt/homebrew/bin/git config --local --name-only --get-regexp ^includeIf\.gitdir:
2026-10-09T23:43:03.6577640Z [command]/opt/homebrew/bin/git submodule foreach --recursive git config --local --show-origin --name-only --get-regexp remote.origin.url
2026-10-09T23:43:03.7861610Z [command]/opt/homebrew/bin/git config --local http.https://github.com/.extraheader AUTHORIZATION: basic ***
2026-10-09T23:43:03.8056320Z ##[endgroup]
2026-10-09T23:43:03.8077230Z ##[group]Fetching the repository
2026-10-09T23:43:03.8083200Z [command]/opt/homebrew/bin/git -c protocol.version=2 fetch --no-tags --prune --no-recurse-submodules --depth=1 origin +87f6180e4922ca860e10f91701e6032e6cb85390:refs/remotes/pull/1/merge
2026-10-09T23:43:06.7367200Z From https://github.com/rsasaki0109/rustwright
2026-10-09T23:43:06.7368170Z  * [new ref]         87f6180e4922ca860e10f91701e6032e6cb85390 -> pull/1/merge
2026-10-09T23:43:06.7371990Z ##[endgroup]
2026-10-09T23:43:06.7373690Z ##[group]Determining the checkout info
2026-10-09T23:43:06.7374440Z ##[endgroup]
2026-10-09T23:43:06.7381570Z [command]/opt/homebrew/bin/git sparse-checkout disable
2026-10-09T23:43:06.7635490Z [command]/opt/homebrew/bin/git config --local --unset-all extensions.worktreeConfig
2026-10-09T23:43:06.7728430Z ##[group]Checking out the ref
2026-10-09T23:43:06.7735260Z [command]/opt/homebrew/bin/git checkout --progress --force refs/remotes/pull/1/merge
2026-10-09T23:43:07.8012200Z HEAD is now at 87f6180 Merge fadb3463297fb611915cc8fc92a4b1a91f196f15 into 91e72af388d000266c9b4e7567a3e1fe4007fc33
2026-10-09T23:43:07.8044250Z ##[endgroup]
2026-10-09T23:43:07.8207470Z [command]/opt/homebrew/bin/git log -1 --format=%H
2026-10-09T23:43:07.8447620Z 87f6180e4922ca860e10f91701e6032e6cb85390
2026-10-09T23:43:07.9323110Z ##[group]Run dtolnay/rust-toolchain@stable
2026-10-09T23:43:07.9323390Z with:
2026-10-09T23:43:07.9323550Z   toolchain: stable
2026-10-09T23:43:07.9323690Z env:
2026-10-09T23:43:07.9323890Z   CARGO_TERM_COLOR: always
2026-10-09T23:43:07.9324390Z   RUST_BACKTRACE: 1
2026-10-09T23:43:07.9324630Z   RUSTWRIGHT_CI_OUTPUT: rustwright-ci-38005723888-1
2026-10-09T23:43:07.9324880Z ##[endgroup]
2026-10-09T23:43:07.9395300Z ##[start-action display=Parse toolchain version;id=__dtolnay_rust-toolchain.parse]
2026-10-09T23:43:07.9555050Z ##[group]Run if [[ -z $toolchain ]]; then
2026-10-09T23:43:07.9556000Z [36;1mif [[ -z $toolchain ]]; then[0m
2026-10-09T23:43:07.9557120Z [36;1m  # GitHub does not enforce `required: true` inputs itself. https://github.com/actions/runner/issues/1070[0m
2026-10-09T23:43:07.9558420Z [36;1m  echo "'toolchain' is a required input" >&2[0m
2026-10-09T23:43:07.9559170Z [36;1m  exit 1[0m
2026-10-09T23:43:07.9560350Z [36;1melif [[ $toolchain =~ ^stable' '[0-9]+' '(year|month|week|day)s?' 'ago$ ]]; then[0m
2026-10-09T23:43:07.9561360Z [36;1m  if [[ macOS == macOS ]]; then[0m
2026-10-09T23:43:07.9562550Z [36;1m    echo "toolchain=1.$((($(date -v-$(sed 's/stable \([0-9]*\) \(.\).*/\1\2/' <<< $toolchain) +%s)/60/60/24-16569)/7/6))" >> $GITHUB_OUTPUT[0m
2026-10-09T23:43:07.9563860Z [36;1m  else[0m
2026-10-09T23:43:07.9564730Z [36;1m    echo "toolchain=1.$((($(date --date "${toolchain#stable }" +%s)/60/60/24-16569)/7/6))" >> $GITHUB_OUTPUT[0m
2026-10-09T23:43:07.9565790Z [36;1m  fi[0m
2026-10-09T23:43:07.9566530Z [36;1melif [[ $toolchain =~ ^stable' 'minus' '[0-9]+' 'releases?$ ]]; then[0m
2026-10-09T23:43:07.9567810Z [36;1m  echo "toolchain=1.$((($(date +%s)/60/60/24-16569)/7/6-${toolchain//[^0-9]/}))" >> $GITHUB_OUTPUT[0m
2026-10-09T23:43:07.9568870Z [36;1melif [[ $toolchain =~ ^1\.[0-9]+$ ]]; then[0m
2026-10-09T23:43:07.9570010Z [36;1m  echo "toolchain=1.$((i=${toolchain#1.}, c=($(date +%s)/60/60/24-16569)/7/6, i+9*i*(10*i<=c)+90*i*(100*i<=c)))" >> $GITHUB_OUTPUT[0m
2026-10-09T23:43:07.9571590Z [36;1melse[0m
2026-10-09T23:43:07.9572090Z [36;1m  delimiter=EOF[0m
2026-10-09T23:43:07.9572730Z [36;1m  while [[ $toolchain == *$delimiter* ]]; do delimiter+=_; done[0m
2026-10-09T23:43:07.9573980Z [36;1m  printf 'toolchain<<%s\n%s\n%s\n' "$delimiter" "$toolchain" "$delimiter" >> $GITHUB_OUTPUT[0m
2026-10-09T23:43:07.9574880Z [36;1mfi[0m
2026-10-09T23:43:07.9743140Z shell: /bin/bash --noprofile --norc -e -o pipefail {0}
2026-10-09T23:43:07.9743570Z env:
2026-10-09T23:43:07.9743780Z   CARGO_TERM_COLOR: always
2026-10-09T23:43:07.9744000Z   RUST_BACKTRACE: 1
2026-10-09T23:43:07.9744250Z   RUSTWRIGHT_CI_OUTPUT: rustwright-ci-38005723888-1
2026-10-09T23:43:07.9744490Z   toolchain: stable
2026-10-09T23:43:07.9744640Z ##[endgroup]
2026-10-09T23:43:08.0973750Z ##[end-action id=__dtolnay_rust-toolchain.parse;outcome=success;conclusion=success;duration_ms=157]
2026-10-09T23:43:08.0983620Z ##[start-action display=Set $CARGO_HOME;id=__dtolnay_rust-toolchain.__run]
2026-10-09T23:43:08.1059840Z ##[group]Run echo CARGO_HOME=${CARGO_HOME:-"$HOME/.cargo"} >> $GITHUB_ENV
2026-10-09T23:43:08.1061060Z [36;1mecho CARGO_HOME=${CARGO_HOME:-"$HOME/.cargo"} >> $GITHUB_ENV[0m
2026-10-09T23:43:08.1159840Z shell: /bin/bash --noprofile --norc -e -o pipefail {0}
2026-10-09T23:43:08.1160660Z env:
2026-10-09T23:43:08.1161110Z   CARGO_TERM_COLOR: always
2026-10-09T23:43:08.1161660Z   RUST_BACKTRACE: 1
2026-10-09T23:43:08.1162290Z   RUSTWRIGHT_CI_OUTPUT: rustwright-ci-38005723888-1
2026-10-09T23:43:08.1163210Z ##[endgroup]
2026-10-09T23:43:08.2143600Z ##[end-action id=__dtolnay_rust-toolchain.__run;outcome=success;conclusion=success;duration_ms=115]
2026-10-09T23:43:08.2153290Z ##[start-action display=Install rustup if needed;id=__dtolnay_rust-toolchain.__run_2]
2026-10-09T23:43:08.2283920Z ##[group]Run if ! command -v rustup &>/dev/null; then
2026-10-09T23:43:08.2284330Z [36;1mif ! command -v rustup &>/dev/null; then[0m
2026-10-09T23:43:08.2285510Z [36;1m  curl --proto '=https' --tlsv1.2 --retry 10 --retry-connrefused --location --silent --show-error --fail https://sh.rustup.rs | sh -s -- --default-toolchain none -y[0m
2026-10-09T23:43:08.2286180Z [36;1m  echo "$CARGO_HOME/bin" >> $GITHUB_PATH[0m
2026-10-09T23:43:08.2286530Z [36;1mfi[0m
2026-10-09T23:43:08.2390520Z shell: /bin/bash --noprofile --norc -e -o pipefail {0}
2026-10-09T23:43:08.2391350Z env:
2026-10-09T23:43:08.2391810Z   CARGO_TERM_COLOR: always
2026-10-09T23:43:08.2392330Z   RUST_BACKTRACE: 1
2026-10-09T23:43:08.2392950Z   RUSTWRIGHT_CI_OUTPUT: rustwright-ci-38005723888-1
2026-10-09T23:43:08.2393660Z   CARGO_HOME: /Users/runner/.cargo
2026-10-09T23:43:08.2394250Z ##[endgroup]
2026-10-09T23:43:08.3020200Z ##[end-action id=__dtolnay_rust-toolchain.__run_2;outcome=success;conclusion=success;duration_ms=86]
2026-10-09T23:43:08.3023480Z ##[start-action display=Install rustup if needed on windows;id=__dtolnay_rust-toolchain.__run_3]
2026-10-09T23:43:08.3037200Z ##[end-action id=__dtolnay_rust-toolchain.__run_3;outcome=skipped;conclusion=skipped;duration_ms=0]
2026-10-09T23:43:08.3065960Z ##[start-action display=rustup toolchain install stable;id=__dtolnay_rust-toolchain.__run_4]
2026-10-09T23:43:08.3113180Z ##[group]Run set -f  # split targets and components on commas and whitespace, without glob expansion
2026-10-09T23:43:08.3114100Z [36;1mset -f  # split targets and components on commas and whitespace, without glob expansion[0m
2026-10-09T23:43:08.3114530Z [36;1mflags=()[0m
2026-10-09T23:43:08.3114860Z [36;1mfor t in ${targets//,/ }; do flags+=(--target "$t"); done[0m
2026-10-09T23:43:08.3115310Z [36;1mfor c in ${components//,/ }; do flags+=(--component "$c"); done[0m
2026-10-09T23:43:08.3115840Z [36;1mif [[ $toolchain == nightly && -n $components ]]; then flags+=(--allow-downgrade); fi[0m
2026-10-09T23:43:08.3116210Z [36;1mlog=$(mktemp)[0m
2026-10-09T23:43:08.3116450Z [36;1mtrap 'rm -f "$log"' EXIT[0m
2026-10-09T23:43:08.3116730Z [36;1mfor attempt in 1 2 3 4 5; do[0m
2026-10-09T23:43:08.3117360Z [36;1m  if rustup toolchain install "$toolchain" "${flags[@]}" --profile minimal --no-self-update --force-non-host 2>&1 | tee "$log"; then[0m
2026-10-09T23:43:08.3117930Z [36;1m    break[0m
2026-10-09T23:43:08.3118120Z [36;1m  else[0m
2026-10-09T23:43:08.3118330Z [36;1m    status=$?[0m
2026-10-09T23:43:08.3118520Z [36;1m  fi[0m
2026-10-09T23:43:08.3118860Z [36;1m  if [[ $attempt == 5 ]] || ! grep -Fq 'checksum failed for ' "$log" \[0m
2026-10-09T23:43:08.3119410Z [36;1m      || ! grep -Fq 'this is likely due to an ongoing update of the official release server' "$log"; then[0m
2026-10-09T23:43:08.3119870Z [36;1m    exit "$status"[0m
2026-10-09T23:43:08.3120090Z [36;1m  fi[0m
2026-10-09T23:43:08.3120390Z [36;1m  echo "Retrying rustup toolchain install in 30 seconds (retry $attempt of 4)" >&2[0m
2026-10-09T23:43:08.3120740Z [36;1m  sleep 30[0m
2026-10-09T23:43:08.3120930Z [36;1mdone[0m
2026-10-09T23:43:08.3176050Z shell: /bin/bash --noprofile --norc -e -o pipefail {0}
2026-10-09T23:43:08.3176410Z env:
2026-10-09T23:43:08.3176680Z   CARGO_TERM_COLOR: always
2026-10-09T23:43:08.3176880Z   RUST_BACKTRACE: 1
2026-10-09T23:43:08.3177150Z   RUSTWRIGHT_CI_OUTPUT: rustwright-ci-38005723888-1
2026-10-09T23:43:08.3177510Z   CARGO_HOME: /Users/runner/.cargo
2026-10-09T23:43:08.3178080Z   toolchain: stable
2026-10-09T23:43:08.3178270Z   targets: 
2026-10-09T23:43:08.3178830Z   components: 
2026-10-09T23:43:08.3179060Z   RUSTUP_PERMIT_COPY_RENAME: 1
2026-10-09T23:43:08.3179310Z ##[endgroup]
2026-10-09T23:43:09.2071540Z info: syncing channel updates for stable-aarch64-apple-darwin
2026-10-09T23:43:09.3524560Z info: latest update on 2026-10-01 for version 1.99.0 (b940084d7 2026-09-28)
2026-10-09T23:43:09.3656240Z info: removing previous version of component clippy
2026-10-09T23:43:09.3697280Z info: removing previous version of component rustfmt
2026-10-09T23:43:09.3717150Z info: removing previous version of component cargo
2026-10-09T23:43:09.3796130Z info: removing previous version of component rust-std
2026-10-09T23:43:09.3904700Z info: removing previous version of component rustc
2026-10-09T23:43:09.4011590Z info: downloading 5 components
2026-10-09T23:43:16.2879450Z 
2026-10-09T23:43:16.3900110Z   stable-aarch64-apple-darwin updated - rustc 1.99.0 (b940084d7 2026-09-28) (from rustc 1.98.1 (48a229cea 2026-09-01))
2026-10-09T23:43:16.3906710Z 
2026-10-09T23:43:16.3906870Z info: self-update is disabled for this build of rustup
2026-10-09T23:43:16.3907440Z info: any updates to rustup will need to be fetched with your system package manager
2026-10-09T23:43:16.4270580Z ##[end-action id=__dtolnay_rust-toolchain.__run_4;outcome=success;conclusion=success;duration_ms=8116]
2026-10-09T23:43:16.4283820Z ##[start-action display=rustup default stable;id=__dtolnay_rust-toolchain.__run_5]
2026-10-09T23:43:16.4345200Z ##[group]Run rustup default "$toolchain" --force-non-host
2026-10-09T23:43:16.4345750Z [36;1mrustup default "$toolchain" --force-non-host[0m
2026-10-09T23:43:16.4387850Z shell: /bin/bash --noprofile --norc -e -o pipefail {0}
2026-10-09T23:43:16.4388290Z env:
2026-10-09T23:43:16.4388500Z   CARGO_TERM_COLOR: always
2026-10-09T23:43:16.4388810Z   RUST_BACKTRACE: 1
2026-10-09T23:43:16.4389000Z   RUSTWRIGHT_CI_OUTPUT: rustwright-ci-38005723888-1
2026-10-09T23:43:16.4389320Z   CARGO_HOME: /Users/runner/.cargo
2026-10-09T23:43:16.4389570Z   toolchain: stable
2026-10-09T23:43:16.4389870Z ##[endgroup]
2026-10-09T23:43:16.5610750Z info: using existing install for stable-aarch64-apple-darwin
2026-10-09T23:43:16.5683450Z info: default toolchain set to stable-aarch64-apple-darwin
2026-10-09T23:43:16.5684420Z 
2026-10-09T23:43:16.5928460Z   stable-aarch64-apple-darwin unchanged - rustc 1.99.0 (b940084d7 2026-09-28)
2026-10-09T23:43:16.5928960Z 
2026-10-09T23:43:16.5951130Z ##[end-action id=__dtolnay_rust-toolchain.__run_5;outcome=success;conclusion=success;duration_ms=166]
2026-10-09T23:43:16.5958810Z ##[start-action display=Create cachekey;id=__dtolnay_rust-toolchain.rustc-version]
2026-10-09T23:43:16.5986470Z ##[group]Run DATE=$(rustc +"$toolchain" --version --verbose | sed -ne 's/^commit-date: \(20[0-9][0-9]\)-\([01][0-9]\)-\([0-3][0-9]\)$/\1\2\3/p')
2026-10-09T23:43:16.5987380Z [36;1mDATE=$(rustc +"$toolchain" --version --verbose | sed -ne 's/^commit-date: \(20[0-9][0-9]\)-\([01][0-9]\)-\([0-3][0-9]\)$/\1\2\3/p')[0m
2026-10-09T23:43:16.5988040Z [36;1mHASH=$(rustc +"$toolchain" --version --verbose | sed -ne 's/^commit-hash: //p')[0m
2026-10-09T23:43:16.5988710Z [36;1mecho "cachekey=$(echo $DATE$HASH | head -c12)" >> $GITHUB_OUTPUT[0m
2026-10-09T23:43:16.6024840Z shell: /bin/bash --noprofile --norc -e -o pipefail {0}
2026-10-09T23:43:16.6025280Z env:
2026-10-09T23:43:16.6025510Z   CARGO_TERM_COLOR: always
2026-10-09T23:43:16.6025840Z   RUST_BACKTRACE: 1
2026-10-09T23:43:16.6026120Z   RUSTWRIGHT_CI_OUTPUT: rustwright-ci-38005723888-1
2026-10-09T23:43:16.6026450Z   CARGO_HOME: /Users/runner/.cargo
2026-10-09T23:43:16.6026760Z   toolchain: stable
2026-10-09T23:43:16.6027010Z ##[endgroup]
2026-10-09T23:43:16.7688550Z ##[end-action id=__dtolnay_rust-toolchain.rustc-version;outcome=success;conclusion=success;duration_ms=172]
2026-10-09T23:43:16.7694750Z ##[start-action display=Disable incremental compilation;id=__dtolnay_rust-toolchain.__run_6]
2026-10-09T23:43:16.7803880Z ##[group]Run if [ -z "${CARGO_INCREMENTAL+set}" ]; then
2026-10-09T23:43:16.7805750Z [36;1mif [ -z "${CARGO_INCREMENTAL+set}" ]; then[0m
2026-10-09T23:43:16.7806670Z [36;1m  echo CARGO_INCREMENTAL=0 >> $GITHUB_ENV[0m
2026-10-09T23:43:16.7808640Z [36;1mfi[0m
2026-10-09T23:43:16.7847470Z shell: /bin/bash --noprofile --norc -e -o pipefail {0}
2026-10-09T23:43:16.7847740Z env:
2026-10-09T23:43:16.7848040Z   CARGO_TERM_COLOR: always
2026-10-09T23:43:16.7848220Z   RUST_BACKTRACE: 1
2026-10-09T23:43:16.7848490Z   RUSTWRIGHT_CI_OUTPUT: rustwright-ci-38005723888-1
2026-10-09T23:43:16.7848780Z   CARGO_HOME: /Users/runner/.cargo
2026-10-09T23:43:16.7848990Z ##[endgroup]
2026-10-09T23:43:16.8314450Z ##[end-action id=__dtolnay_rust-toolchain.__run_6;outcome=success;conclusion=success;duration_ms=61]
2026-10-09T23:43:16.8317180Z ##[start-action display=Enable colors in Cargo output;id=__dtolnay_rust-toolchain.__run_7]
2026-10-09T23:43:16.8354870Z ##[group]Run if [ -z "${CARGO_TERM_COLOR+set}" ]; then
2026-10-09T23:43:16.8355280Z [36;1mif [ -z "${CARGO_TERM_COLOR+set}" ]; then[0m
2026-10-09T23:43:16.8355550Z [36;1m  echo CARGO_TERM_COLOR=always >> $GITHUB_ENV[0m
2026-10-09T23:43:16.8355790Z [36;1mfi[0m
2026-10-09T23:43:16.8387180Z shell: /bin/bash --noprofile --norc -e -o pipefail {0}
2026-10-09T23:43:16.8387450Z env:
2026-10-09T23:43:16.8387610Z   CARGO_TERM_COLOR: always
2026-10-09T23:43:16.8387790Z   RUST_BACKTRACE: 1
2026-10-09T23:43:16.8388150Z   RUSTWRIGHT_CI_OUTPUT: rustwright-ci-38005723888-1
2026-10-09T23:43:16.8388480Z   CARGO_HOME: /Users/runner/.cargo
2026-10-09T23:43:16.8388690Z   CARGO_INCREMENTAL: 0
2026-10-09T23:43:16.8388840Z ##[endgroup]
2026-10-09T23:43:16.9029580Z ##[end-action id=__dtolnay_rust-toolchain.__run_7;outcome=success;conclusion=success;duration_ms=71]
2026-10-09T23:43:16.9033900Z ##[start-action display=Enable Cargo sparse registry;id=__dtolnay_rust-toolchain.__run_8]
2026-10-09T23:43:16.9056340Z ##[group]Run # implemented in 1.66, stabilized in 1.68, made default in 1.70
2026-10-09T23:43:16.9056860Z [36;1m# implemented in 1.66, stabilized in 1.68, made default in 1.70[0m
2026-10-09T23:43:16.9057540Z [36;1mif [ -z "${CARGO_REGISTRIES_CRATES_IO_PROTOCOL+set}" -o -f "/Users/runner/work/_temp"/.implicit_cargo_registries_crates_io_protocol ]; then[0m
2026-10-09T23:43:16.9058230Z [36;1m  if rustc +"$toolchain" --version --verbose | grep -q '^release: 1\.6[89]\.'; then[0m
2026-10-09T23:43:16.9058710Z [36;1m    touch "/Users/runner/work/_temp"/.implicit_cargo_registries_crates_io_protocol || true[0m
2026-10-09T23:43:16.9059170Z [36;1m    echo CARGO_REGISTRIES_CRATES_IO_PROTOCOL=sparse >> $GITHUB_ENV[0m
2026-10-09T23:43:16.9059590Z [36;1m  elif rustc +"$toolchain" --version --verbose | grep -q '^release: 1\.6[67]\.'; then[0m
2026-10-09T23:43:16.9060080Z [36;1m    touch "/Users/runner/work/_temp"/.implicit_cargo_registries_crates_io_protocol || true[0m
2026-10-09T23:43:16.9060510Z [36;1m    echo CARGO_REGISTRIES_CRATES_IO_PROTOCOL=git >> $GITHUB_ENV[0m
2026-10-09T23:43:16.9060790Z [36;1m  fi[0m
2026-10-09T23:43:16.9060940Z [36;1mfi[0m
2026-10-09T23:43:16.9092900Z shell: /bin/bash --noprofile --norc -e -o pipefail {0}
2026-10-09T23:43:16.9093230Z env:
2026-10-09T23:43:16.9093400Z   CARGO_TERM_COLOR: always
2026-10-09T23:43:16.9093580Z   RUST_BACKTRACE: 1
2026-10-09T23:43:16.9093790Z   RUSTWRIGHT_CI_OUTPUT: rustwright-ci-38005723888-1
2026-10-09T23:43:16.9094050Z   CARGO_HOME: /Users/runner/.cargo
2026-10-09T23:43:16.9094260Z   CARGO_INCREMENTAL: 0
2026-10-09T23:43:16.9094420Z   toolchain: stable
2026-10-09T23:43:16.9094590Z ##[endgroup]
2026-10-09T23:43:17.0224770Z ##[end-action id=__dtolnay_rust-toolchain.__run_8;outcome=success;conclusion=success;duration_ms=118]
2026-10-09T23:43:17.0227730Z ##[start-action display=Work around spurious network errors in curl 8.0;id=__dtolnay_rust-toolchain.__run_9]
2026-10-09T23:43:17.0248050Z ##[group]Run # https://rust-lang.zulipchat.com/#narrow/stream/246057-t-cargo/topic/timeout.20investigation
2026-10-09T23:43:17.0248700Z [36;1m# https://rust-lang.zulipchat.com/#narrow/stream/246057-t-cargo/topic/timeout.20investigation[0m
2026-10-09T23:43:17.0249500Z [36;1mif rustc +"$toolchain" --version --verbose | grep -q '^release: 1\.7[01]\.'; then[0m
2026-10-09T23:43:17.0249890Z [36;1m  echo CARGO_HTTP_MULTIPLEXING=false >> $GITHUB_ENV[0m
2026-10-09T23:43:17.0250160Z [36;1mfi[0m
2026-10-09T23:43:17.0283430Z shell: /bin/bash --noprofile --norc -e -o pipefail {0}
2026-10-09T23:43:17.0283750Z env:
2026-10-09T23:43:17.0283910Z   CARGO_TERM_COLOR: always
2026-10-09T23:43:17.0284110Z   RUST_BACKTRACE: 1
2026-10-09T23:43:17.0284340Z   RUSTWRIGHT_CI_OUTPUT: rustwright-ci-38005723888-1
2026-10-09T23:43:17.0284660Z   CARGO_HOME: /Users/runner/.cargo
2026-10-09T23:43:17.0284930Z   CARGO_INCREMENTAL: 0
2026-10-09T23:43:17.0285410Z   toolchain: stable
2026-10-09T23:43:17.0285610Z ##[endgroup]
2026-10-09T23:43:17.1126930Z ##[end-action id=__dtolnay_rust-toolchain.__run_9;outcome=success;conclusion=success;duration_ms=89]
2026-10-09T23:43:17.1130310Z ##[start-action display=rustc +stable --version --verbose;id=__dtolnay_rust-toolchain.__run_10]
2026-10-09T23:43:17.1165930Z ##[group]Run rustc +"$toolchain" --version --verbose
2026-10-09T23:43:17.1166470Z [36;1mrustc +"$toolchain" --version --verbose[0m
2026-10-09T23:43:17.1254860Z shell: /bin/bash --noprofile --norc -e -o pipefail {0}
2026-10-09T23:43:17.1255790Z env:
2026-10-09T23:43:17.1256260Z   CARGO_TERM_COLOR: always
2026-10-09T23:43:17.1256810Z   RUST_BACKTRACE: 1
2026-10-09T23:43:17.1257360Z   RUSTWRIGHT_CI_OUTPUT: rustwright-ci-38005723888-1
2026-10-09T23:43:17.1258140Z   CARGO_HOME: /Users/runner/.cargo
2026-10-09T23:43:17.1259750Z   CARGO_INCREMENTAL: 0
2026-10-09T23:43:17.1260750Z   toolchain: stable
2026-10-09T23:43:17.1266970Z ##[endgroup]
2026-10-09T23:43:17.2255100Z rustc 1.99.0 (b940084d7 2026-09-28)
2026-10-09T23:43:17.2256280Z binary: rustc
2026-10-09T23:43:17.2257290Z commit-hash: b940084d7eb6a299eb4bfeb8e34901bc051e7ac4
2026-10-09T23:43:17.2258500Z commit-date: 2026-09-28
2026-10-09T23:43:17.2259680Z host: aarch64-apple-darwin
2026-10-09T23:43:17.2260260Z release: 1.99.0
2026-10-09T23:43:17.2260720Z LLVM version: 23.1.1
2026-10-09T23:43:17.2284370Z ##[end-action id=__dtolnay_rust-toolchain.__run_10;outcome=success;conclusion=success;duration_ms=115]
2026-10-09T23:43:17.2410700Z ##[group]Run Swatinem/rust-cache@v2
2026-10-09T23:43:17.2410940Z with:
2026-10-09T23:43:17.2411090Z   prefix-key: v0-rust
2026-10-09T23:43:17.2411270Z   add-job-id-key: true
2026-10-09T23:43:17.2411470Z   add-rust-environment-hash-key: true
2026-10-09T23:43:17.2411680Z   cache-targets: true
2026-10-09T23:43:17.2411850Z   cache-all-crates: false
2026-10-09T23:43:17.2412040Z   cache-workspace-crates: false
2026-10-09T23:43:17.2412230Z   save-if: true
2026-10-09T23:43:17.2412390Z   cache-provider: github
2026-10-09T23:43:17.2412570Z   cache-bin: true
2026-10-09T23:43:17.2412720Z   lookup-only: false
2026-10-09T23:43:17.2412880Z   cmd-format: {0}
2026-10-09T23:43:17.2413020Z env:
2026-10-09T23:43:17.2413170Z   CARGO_TERM_COLOR: always
2026-10-09T23:43:17.2413370Z   RUST_BACKTRACE: 1
2026-10-09T23:43:17.2413560Z   RUSTWRIGHT_CI_OUTPUT: rustwright-ci-38005723888-1
2026-10-09T23:43:17.2413820Z   CARGO_HOME: /Users/runner/.cargo
2026-10-09T23:43:17.2414010Z   CARGO_INCREMENTAL: 0
2026-10-09T23:43:17.2426600Z ##[endgroup]
2026-10-09T23:43:18.0817850Z ##[group]Cache Configuration
2026-10-09T23:43:18.0818690Z Cache Provider:
2026-10-09T23:43:18.0819120Z     github
2026-10-09T23:43:18.0819590Z Workspaces:
2026-10-09T23:43:18.0820100Z     /Users/runner/work/rustwright/rustwright
2026-10-09T23:43:18.0820700Z Cache Paths:
2026-10-09T23:43:18.0821200Z     /Users/runner/.cargo/bin
2026-10-09T23:43:18.0821780Z     /Users/runner/.cargo/.crates.toml
2026-10-09T23:43:18.0822420Z     /Users/runner/.cargo/.crates2.json
2026-10-09T23:43:18.0823120Z     /Users/runner/.cargo/registry
2026-10-09T23:43:18.0823680Z     /Users/runner/.cargo/git
2026-10-09T23:43:18.0824620Z     /Users/runner/work/rustwright/rustwright/target
2026-10-09T23:43:18.0826660Z Restore Key:
2026-10-09T23:43:18.0827200Z     v0-rust-browser-compat-Darwin-arm64-052dbdee
2026-10-09T23:43:18.0827950Z Cache Key:
2026-10-09T23:43:18.0828610Z     v0-rust-browser-compat-Darwin-arm64-052dbdee-f6e92162
2026-10-09T23:43:18.0829530Z .. Prefix:
2026-10-09T23:43:18.0830060Z   - v0-rust-browser-compat-Darwin-arm64
2026-10-09T23:43:18.0830710Z .. Environment considered:
2026-10-09T23:43:18.0831400Z   - Rust Versions:
2026-10-09T23:43:18.0832210Z     - 1.99.0 aarch64-apple-darwin b940084d7eb6a299eb4bfeb8e34901bc051e7ac4
2026-10-09T23:43:18.0833000Z   - CARGO_HOME
2026-10-09T23:43:18.0833810Z   - CARGO_INCREMENTAL
2026-10-09T23:43:18.0834270Z   - CARGO_TERM_COLOR
2026-10-09T23:43:18.0834960Z   - RUST_BACKTRACE
2026-10-09T23:43:18.0835510Z   - RUSTWRIGHT_CI_OUTPUT
2026-10-09T23:43:18.0836060Z .. Lockfiles considered:
2026-10-09T23:43:18.0836680Z   - /Users/runner/work/rustwright/rustwright/Cargo.lock
2026-10-09T23:43:18.0837930Z   - /Users/runner/work/rustwright/rustwright/crates/rustwright-bidi/Cargo.toml
2026-10-09T23:43:18.0839310Z   - /Users/runner/work/rustwright/rustwright/crates/rustwright-browser/Cargo.toml
2026-10-09T23:43:18.0840610Z   - /Users/runner/work/rustwright/rustwright/crates/rustwright-cdp/Cargo.toml
2026-10-09T23:43:18.0842350Z   - /Users/runner/work/rustwright/rustwright/crates/rustwright-common/Cargo.toml
2026-10-09T23:43:18.0844230Z   - /Users/runner/work/rustwright/rustwright/crates/rustwright-core/Cargo.toml
2026-10-09T23:43:18.0845470Z   - /Users/runner/work/rustwright/rustwright/crates/rustwright-test-macros/Cargo.toml
2026-10-09T23:43:18.0846740Z   - /Users/runner/work/rustwright/rustwright/crates/rustwright-test/Cargo.toml
2026-10-09T23:43:18.0848050Z   - /Users/runner/work/rustwright/rustwright/crates/rustwright/Cargo.toml
2026-10-09T23:43:18.0849570Z   - /Users/runner/work/rustwright/rustwright/docs/ci/results/firefox-network-idle/local/release/consumer/.cargo/config.toml
2026-10-09T23:43:18.0851500Z   - /Users/runner/work/rustwright/rustwright/docs/ci/results/reliability-95/local/distribution/consumer/.cargo/config.toml
2026-10-09T23:43:18.0853410Z   - /Users/runner/work/rustwright/rustwright/docs/ci/results/remote-20261009/followup-local/consumer/.cargo/config.toml
2026-10-09T23:43:18.0856700Z   - /Users/runner/work/rustwright/rustwright/docs/ci/results/required-browser/release/consumer/.cargo/config.toml
2026-10-09T23:43:18.0858780Z   - /Users/runner/work/rustwright/rustwright/docs/release/results/local-package/consumer/.cargo/config.toml
2026-10-09T23:43:18.0860100Z   - /Users/runner/work/rustwright/rustwright/examples/Cargo.toml
2026-10-09T23:43:18.0861000Z   - /Users/runner/work/rustwright/rustwright/tests/Cargo.toml
2026-10-09T23:43:18.0862430Z ##[endgroup]
2026-10-09T23:43:18.0862700Z 
2026-10-09T23:43:18.0862880Z ... Restoring cache ...
2026-10-09T23:43:18.1667780Z No cache found.
2026-10-09T23:43:18.1766540Z ##[group]Run actions/setup-python@v6
2026-10-09T23:43:18.1766820Z with:
2026-10-09T23:43:18.1766980Z   python-version: 3.11
2026-10-09T23:43:18.1767160Z   check-latest: false
2026-10-09T23:43:18.1769280Z   token: ***
2026-10-09T23:43:18.1769470Z   update-environment: true
2026-10-09T23:43:18.1769660Z   allow-prereleases: false
2026-10-09T23:43:18.1769860Z   freethreaded: false
2026-10-09T23:43:18.1770030Z env:
2026-10-09T23:43:18.1770190Z   CARGO_TERM_COLOR: always
2026-10-09T23:43:18.1770370Z   RUST_BACKTRACE: 1
2026-10-09T23:43:18.1770580Z   RUSTWRIGHT_CI_OUTPUT: rustwright-ci-38005723888-1
2026-10-09T23:43:18.1770840Z   CARGO_HOME: /Users/runner/.cargo
2026-10-09T23:43:18.1771060Z   CARGO_INCREMENTAL: 0
2026-10-09T23:43:18.1771250Z   CACHE_ON_FAILURE: false
2026-10-09T23:43:18.1771420Z ##[endgroup]
2026-10-09T23:43:18.3212390Z ##[group]Installed versions
2026-10-09T23:43:18.3454770Z Successfully set up CPython (3.11.9)
2026-10-09T23:43:18.3455410Z ##[endgroup]
2026-10-09T23:43:18.3543800Z ##[group]Run python - <<'PY'
2026-10-09T23:43:18.3544080Z [36;1mpython - <<'PY'[0m
2026-10-09T23:43:18.3544270Z [36;1mimport os, pathlib[0m
2026-10-09T23:43:18.3544610Z [36;1moutput = pathlib.Path(os.environ['RUNNER_TEMP']) / os.environ['RUSTWRIGHT_CI_OUTPUT'][0m
2026-10-09T23:43:18.3545340Z [36;1moutput.mkdir(parents=True, exist_ok=False)[0m
2026-10-09T23:43:18.3545680Z [36;1mwith open(os.environ['GITHUB_ENV'], 'a', encoding='utf-8') as stream:[0m
2026-10-09T23:43:18.3546050Z [36;1m    stream.write(f'RUSTWRIGHT_CI_OUTPUT={output}\n')[0m
2026-10-09T23:43:18.3546300Z [36;1mPY[0m
2026-10-09T23:43:18.3633340Z shell: /bin/bash --noprofile --norc -e -o pipefail {0}
2026-10-09T23:43:18.3633660Z env:
2026-10-09T23:43:18.3633860Z   CARGO_TERM_COLOR: always
2026-10-09T23:43:18.3634050Z   RUST_BACKTRACE: 1
2026-10-09T23:43:18.3634270Z   RUSTWRIGHT_CI_OUTPUT: rustwright-ci-38005723888-1
2026-10-09T23:43:18.3634540Z   CARGO_HOME: /Users/runner/.cargo
2026-10-09T23:43:18.3634810Z   CARGO_INCREMENTAL: 0
2026-10-09T23:43:18.3634990Z   CACHE_ON_FAILURE: false
2026-10-09T23:43:18.3635260Z   pythonLocation: /Users/runner/hostedtoolcache/Python/3.11.9/arm64
2026-10-09T23:43:18.3635680Z   PKG_CONFIG_PATH: /Users/runner/hostedtoolcache/Python/3.11.9/arm64/lib/pkgconfig
2026-10-09T23:43:18.3636100Z   Python_ROOT_DIR: /Users/runner/hostedtoolcache/Python/3.11.9/arm64
2026-10-09T23:43:18.3636550Z   Python2_ROOT_DIR: /Users/runner/hostedtoolcache/Python/3.11.9/arm64
2026-10-09T23:43:18.3636900Z   Python3_ROOT_DIR: /Users/runner/hostedtoolcache/Python/3.11.9/arm64
2026-10-09T23:43:18.3637240Z ##[endgroup]
2026-10-09T23:43:18.8326900Z ##[group]Run browser-actions/setup-chrome@v2
2026-10-09T23:43:18.8327280Z with:
2026-10-09T23:43:18.8327470Z   chrome-version: stable
2026-10-09T23:43:18.8327710Z   install-dependencies: true
2026-10-09T23:43:18.8327930Z   install-chromedriver: false
2026-10-09T23:43:18.8328140Z   no-sudo: false
2026-10-09T23:43:18.8328330Z env:
2026-10-09T23:43:18.8328510Z   CARGO_TERM_COLOR: always
2026-10-09T23:43:18.8328710Z   RUST_BACKTRACE: 1
2026-10-09T23:43:18.8328980Z   RUSTWRIGHT_CI_OUTPUT: /Users/runner/work/_temp/rustwright-ci-38005723888-1
2026-10-09T23:43:18.8329340Z   CARGO_HOME: /Users/runner/.cargo
2026-10-09T23:43:18.8329660Z   CARGO_INCREMENTAL: 0
2026-10-09T23:43:18.8329850Z   CACHE_ON_FAILURE: false
2026-10-09T23:43:18.8330110Z   pythonLocation: /Users/runner/hostedtoolcache/Python/3.11.9/arm64
2026-10-09T23:43:18.8330530Z   PKG_CONFIG_PATH: /Users/runner/hostedtoolcache/Python/3.11.9/arm64/lib/pkgconfig
2026-10-09T23:43:18.8330970Z   Python_ROOT_DIR: /Users/runner/hostedtoolcache/Python/3.11.9/arm64
2026-10-09T23:43:18.8331350Z   Python2_ROOT_DIR: /Users/runner/hostedtoolcache/Python/3.11.9/arm64
2026-10-09T23:43:18.8331720Z   Python3_ROOT_DIR: /Users/runner/hostedtoolcache/Python/3.11.9/arm64
2026-10-09T23:43:18.8331990Z ##[endgroup]
2026-10-09T23:43:18.9454740Z Installing dependencies
2026-10-09T23:43:18.9489960Z ##[warning]install-dependencies is only supported on Linux, but current platform is darwin
2026-10-09T23:43:18.9495160Z Setup chrome stable
2026-10-09T23:43:18.9495650Z Attempting to download chrome stable...
2026-10-09T23:43:18.9876230Z Acquiring chrome stable from https://storage.googleapis.com/chrome-for-testing-public/155.0.8059.39/mac-arm64/chrome-mac-arm64.zip
2026-10-09T23:43:22.8645560Z Installing chrome...
2026-10-09T23:43:22.8721790Z [command]/usr/bin/unzip -o -q /Users/runner/work/_temp/f1075c90-1dcd-40cd-9123-02c81f09ef01
2026-10-09T23:43:28.6506640Z Successfully Installed chrome to /Users/runner/hostedtoolcache/setup-chrome/chrome/stable/arm64
2026-10-09T23:43:28.6513370Z [command]/Users/runner/hostedtoolcache/setup-chrome/chrome/stable/arm64/Contents/MacOS/Google Chrome for Testing --version
2026-10-09T23:43:28.8222920Z Google Chrome for Testing 155.0.8059.39 
2026-10-09T23:43:28.8252380Z Successfully setup chrome 155.0.8059.39
2026-10-09T23:43:28.8494800Z ##[group]Run browser-actions/setup-firefox@v1
2026-10-09T23:43:28.8495040Z with:
2026-10-09T23:43:28.8495290Z   firefox-version: 157.0.1
2026-10-09T23:43:28.8495570Z env:
2026-10-09T23:43:28.8495790Z   CARGO_TERM_COLOR: always
2026-10-09T23:43:28.8496100Z   RUST_BACKTRACE: 1
2026-10-09T23:43:28.8497520Z   RUSTWRIGHT_CI_OUTPUT: /Users/runner/work/_temp/rustwright-ci-38005723888-1
2026-10-09T23:43:28.8498030Z   CARGO_HOME: /Users/runner/.cargo
2026-10-09T23:43:28.8498230Z   CARGO_INCREMENTAL: 0
2026-10-09T23:43:28.8498560Z   CACHE_ON_FAILURE: false
2026-10-09T23:43:28.8498840Z   pythonLocation: /Users/runner/hostedtoolcache/Python/3.11.9/arm64
2026-10-09T23:43:28.8499310Z   PKG_CONFIG_PATH: /Users/runner/hostedtoolcache/Python/3.11.9/arm64/lib/pkgconfig
2026-10-09T23:43:28.8499690Z   Python_ROOT_DIR: /Users/runner/hostedtoolcache/Python/3.11.9/arm64
2026-10-09T23:43:28.8500120Z   Python2_ROOT_DIR: /Users/runner/hostedtoolcache/Python/3.11.9/arm64
2026-10-09T23:43:28.8500650Z   Python3_ROOT_DIR: /Users/runner/hostedtoolcache/Python/3.11.9/arm64
2026-10-09T23:43:28.8500960Z ##[endgroup]
2026-10-09T23:43:28.9913070Z Setup firefox 157.0.1 (en-US)
2026-10-09T23:43:28.9917360Z Attempting to download firefox 157.0.1...
2026-10-09T23:43:28.9918250Z This is the version number:157
2026-10-09T23:43:28.9918890Z Acquiring 157.0.1 from https://ftp.mozilla.org/pub/firefox/releases/157.0.1/mac/en-US/Firefox%20157.0.1.dmg
2026-10-09T23:43:29.9344810Z Extracting Firefox...
2026-10-09T23:43:29.9392640Z [command]/usr/bin/hdiutil attach -quiet -noautofsck -noautoopen -mountpoint /Volumes/453f2e3d-ed35-4c92-a296-ee640db923ab /Users/runner/work/_temp/453f2e3d-ed35-4c92-a296-ee640db923ab
2026-10-09T23:43:39.7131380Z Successfully extracted firefox 157.0.1 to /Volumes/453f2e3d-ed35-4c92-a296-ee640db923ab/Firefox.app
2026-10-09T23:43:39.7240460Z Adding to the cache ...
2026-10-09T23:43:52.3260010Z Successfully cached firefox 157.0.1 to /Users/runner/hostedtoolcache/firefox/157.0.1/arm64
2026-10-09T23:43:52.3267350Z [command]/Users/runner/hostedtoolcache/firefox/157.0.1/arm64/Contents/MacOS/firefox --version
2026-10-09T23:43:53.5474980Z Mozilla Firefox 157.0.1
2026-10-09T23:43:53.5492670Z Successfully setup firefox version 157.0.1
2026-10-09T23:43:53.5818450Z ##[group]Run python - <<'PY'
2026-10-09T23:43:53.5818900Z [36;1mpython - <<'PY'[0m
2026-10-09T23:43:53.5819530Z [36;1mimport hashlib, json, os, pathlib, plistlib, re, subprocess, tempfile[0m
2026-10-09T23:43:53.5819930Z [36;1mversion = os.environ['CHROME_VERSION'][0m
2026-10-09T23:43:53.5820330Z [36;1mif not re.fullmatch(r'\d+\.\d+\.\d+\.\d+', version):[0m
2026-10-09T23:43:53.5820900Z [36;1m    raise ValueError(f'Expected the exact installed Chrome version: {version!r}')[0m
2026-10-09T23:43:53.5821500Z [36;1mplatform = {'ARM64': 'mac-arm64', 'X64': 'mac-x64'}[os.environ['RUNNER_ARCH']][0m
2026-10-09T23:43:53.5822140Z [36;1mwork = pathlib.Path(tempfile.mkdtemp(prefix='rustwright-chrome-', dir=os.environ['RUNNER_TEMP']))[0m
2026-10-09T23:43:53.5822700Z [36;1marchive = work / 'chrome.zip'[0m
2026-10-09T23:43:53.5823290Z [36;1murl = f'https://storage.googleapis.com/chrome-for-testing-public/{version}/{platform}/chrome-{platform}.zip'[0m
2026-10-09T23:43:53.5824370Z [36;1msubprocess.run(['curl', '--fail', '--location', '--silent', '--show-error', '--max-time', '120', '--output', str(archive), url], check=True)[0m
2026-10-09T23:43:53.5825230Z [36;1m# Re-extract the same engine with its original .app and relative links.[0m
2026-10-09T23:43:53.5851400Z [36;1m# Copying only .app contents into a toolcache breaks sandbox identity.[0m
2026-10-09T23:43:53.5851970Z [36;1msubprocess.run(['ditto', '-x', '-k', str(archive), str(work)], check=True)[0m
2026-10-09T23:43:53.5852480Z [36;1mbundle = work / f'chrome-{platform}' / 'Google Chrome for Testing.app'[0m
2026-10-09T23:43:53.5853040Z [36;1mexecutable = bundle / 'Contents/MacOS/Google Chrome for Testing'[0m
2026-10-09T23:43:53.5853350Z [36;1mif not executable.is_file():[0m
2026-10-09T23:43:53.5853670Z [36;1m    raise FileNotFoundError(executable)[0m
2026-10-09T23:43:53.5854200Z [36;1msignature = subprocess.run(['codesign', '--verify', '--deep', '--strict', str(bundle)], capture_output=True, text=True)[0m
2026-10-09T23:43:53.5854960Z [36;1mwith (bundle / 'Contents/Info.plist').open('rb') as stream:[0m
2026-10-09T23:43:53.5863840Z [36;1m    identifier = plistlib.load(stream)['CFBundleIdentifier'][0m
2026-10-09T23:43:53.5864240Z [36;1mwith archive.open('rb') as stream:[0m
2026-10-09T23:43:53.5864680Z [36;1m    digest = hashlib.file_digest(stream, 'sha256').hexdigest()[0m
2026-10-09T23:43:53.5865330Z [36;1mlinks = {str(p.relative_to(bundle)): os.readlink(p) for p in bundle.glob('Contents/Frameworks/*.framework/Versions/Current') if p.is_symlink()}[0m
2026-10-09T23:43:53.5866660Z [36;1mrecord = {'version': version, 'url': url, 'archive_sha256': digest, 'bundle_identifier': identifier, 'framework_links': links, 'executable': str(executable), 'signature_verification': {'exit_code': signature.returncode, 'stdout': signature.stdout, 'stderr': signature.stderr}}[0m
2026-10-09T23:43:53.5867740Z [36;1moutput = pathlib.Path(os.environ['RUSTWRIGHT_CI_OUTPUT']) / 'native/chrome-macos-setup.json'[0m
2026-10-09T23:43:53.5868230Z [36;1moutput.parent.mkdir(parents=True, exist_ok=True)[0m
2026-10-09T23:43:53.5868710Z [36;1moutput.write_text(json.dumps(record, indent=2) + '\n', encoding='utf-8')[0m
2026-10-09T23:43:53.5869040Z [36;1mprint(json.dumps(record, indent=2))[0m
2026-10-09T23:43:53.5869480Z [36;1msubprocess.run([str(executable), '--version'], check=True)[0m
2026-10-09T23:43:53.5869850Z [36;1mwith open(os.environ['GITHUB_OUTPUT'], 'a', encoding='utf-8') as stream:[0m
2026-10-09T23:43:53.5870260Z [36;1m    stream.write(f'chrome-path={executable}\n')[0m
2026-10-09T23:43:53.5870610Z [36;1mPY[0m
2026-10-09T23:43:53.6109740Z shell: /bin/bash --noprofile --norc -e -o pipefail {0}
2026-10-09T23:43:53.6110160Z env:
2026-10-09T23:43:53.6110440Z   CARGO_TERM_COLOR: always
2026-10-09T23:43:53.6110700Z   RUST_BACKTRACE: 1
2026-10-09T23:43:53.6111150Z   RUSTWRIGHT_CI_OUTPUT: /Users/runner/work/_temp/rustwright-ci-38005723888-1
2026-10-09T23:43:53.6111510Z   CARGO_HOME: /Users/runner/.cargo
2026-10-09T23:43:53.6112340Z   CARGO_INCREMENTAL: 0
2026-10-09T23:43:53.6112610Z   CACHE_ON_FAILURE: false
2026-10-09T23:43:53.6113030Z   pythonLocation: /Users/runner/hostedtoolcache/Python/3.11.9/arm64
2026-10-09T23:43:53.6113500Z   PKG_CONFIG_PATH: /Users/runner/hostedtoolcache/Python/3.11.9/arm64/lib/pkgconfig
2026-10-09T23:43:53.6114080Z   Python_ROOT_DIR: /Users/runner/hostedtoolcache/Python/3.11.9/arm64
2026-10-09T23:43:53.6114560Z   Python2_ROOT_DIR: /Users/runner/hostedtoolcache/Python/3.11.9/arm64
2026-10-09T23:43:53.6114980Z   Python3_ROOT_DIR: /Users/runner/hostedtoolcache/Python/3.11.9/arm64
2026-10-09T23:43:53.6115350Z   CHROME_VERSION: 155.0.8059.39
2026-10-09T23:43:53.6115520Z ##[endgroup]
2026-10-09T23:44:00.0334420Z Google Chrome for Testing 155.0.8059.39 
2026-10-09T23:44:00.0346960Z {
2026-10-09T23:44:00.0347570Z   "version": "155.0.8059.39",
2026-10-09T23:44:00.0354320Z   "url": "https://storage.googleapis.com/chrome-for-testing-public/155.0.8059.39/mac-arm64/chrome-mac-arm64.zip",
2026-10-09T23:44:00.0355510Z   "archive_sha256": "529a71bd61aaa2ef266a4d4bd300ae9572ba6a3468a8d55c3023ffeffb5b6b4e",
2026-10-09T23:44:00.0356660Z   "bundle_identifier": "com.google.chrome.for.testing",
2026-10-09T23:44:00.0357190Z   "framework_links": {
2026-10-09T23:44:00.0357850Z     "Contents/Frameworks/Google Chrome for Testing Framework.framework/Versions/Current": "155.0.8059.39"
2026-10-09T23:44:00.0358500Z   },
2026-10-09T23:44:00.0359360Z   "executable": "/Users/runner/work/_temp/rustwright-chrome-5bozluzw/chrome-mac-arm64/Google Chrome for Testing.app/Contents/MacOS/Google Chrome for Testing",
2026-10-09T23:44:00.0360130Z   "signature_verification": {
2026-10-09T23:44:00.0360670Z     "exit_code": 1,
2026-10-09T23:44:00.0361110Z     "stdout": "",
2026-10-09T23:44:00.0361970Z     "stderr": "/Users/runner/work/_temp/rustwright-chrome-5bozluzw/chrome-mac-arm64/Google Chrome for Testing.app: code has no resources but signature indicates they must be present\n"
2026-10-09T23:44:00.0362840Z   }
2026-10-09T23:44:00.0363130Z }
2026-10-09T23:44:00.0711360Z ##[group]Run echo "Chrome: $CHROME_VERSION"
2026-10-09T23:44:00.0712610Z [36;1mecho "Chrome: $CHROME_VERSION"[0m
2026-10-09T23:44:00.0723950Z [36;1mecho "Firefox: $FIREFOX_VERSION"[0m
2026-10-09T23:44:00.0815080Z shell: /bin/bash --noprofile --norc -e -o pipefail {0}
2026-10-09T23:44:00.0815620Z env:
2026-10-09T23:44:00.0815860Z   CARGO_TERM_COLOR: always
2026-10-09T23:44:00.0816220Z   RUST_BACKTRACE: 1
2026-10-09T23:44:00.0816640Z   RUSTWRIGHT_CI_OUTPUT: /Users/runner/work/_temp/rustwright-ci-38005723888-1
2026-10-09T23:44:00.0817160Z   CARGO_HOME: /Users/runner/.cargo
2026-10-09T23:44:00.0817500Z   CARGO_INCREMENTAL: 0
2026-10-09T23:44:00.0817890Z   CACHE_ON_FAILURE: false
2026-10-09T23:44:00.0818270Z   pythonLocation: /Users/runner/hostedtoolcache/Python/3.11.9/arm64
2026-10-09T23:44:00.0818950Z   PKG_CONFIG_PATH: /Users/runner/hostedtoolcache/Python/3.11.9/arm64/lib/pkgconfig
2026-10-09T23:44:00.0820480Z   Python_ROOT_DIR: /Users/runner/hostedtoolcache/Python/3.11.9/arm64
2026-10-09T23:44:00.0821340Z   Python2_ROOT_DIR: /Users/runner/hostedtoolcache/Python/3.11.9/arm64
2026-10-09T23:44:00.0822060Z   Python3_ROOT_DIR: /Users/runner/hostedtoolcache/Python/3.11.9/arm64
2026-10-09T23:44:00.0822600Z   CHROME_VERSION: 155.0.8059.39
2026-10-09T23:44:00.0823020Z   FIREFOX_VERSION: 157.0.1
2026-10-09T23:44:00.0823280Z ##[endgroup]
2026-10-09T23:44:00.1590330Z Chrome: 155.0.8059.39
2026-10-09T23:44:00.1591500Z Firefox: 157.0.1
2026-10-09T23:44:00.1644480Z ##[group]Run python scripts/ci/browser_checks.py --suite portable --output "$RUSTWRIGHT_CI_OUTPUT/native/portable"
2026-10-09T23:44:00.1645560Z [36;1mpython scripts/ci/browser_checks.py --suite portable --output "$RUSTWRIGHT_CI_OUTPUT/native/portable"[0m
2026-10-09T23:44:00.1681720Z shell: /bin/bash --noprofile --norc -e -o pipefail {0}
2026-10-09T23:44:00.1682160Z env:
2026-10-09T23:44:00.1682540Z   CARGO_TERM_COLOR: always
2026-10-09T23:44:00.1682820Z   RUST_BACKTRACE: 1
2026-10-09T23:44:00.1683240Z   RUSTWRIGHT_CI_OUTPUT: /Users/runner/work/_temp/rustwright-ci-38005723888-1
2026-10-09T23:44:00.1683660Z   CARGO_HOME: /Users/runner/.cargo
2026-10-09T23:44:00.1684140Z   CARGO_INCREMENTAL: 0
2026-10-09T23:44:00.1684370Z   CACHE_ON_FAILURE: false
2026-10-09T23:44:00.1684780Z   pythonLocation: /Users/runner/hostedtoolcache/Python/3.11.9/arm64
2026-10-09T23:44:00.1685430Z   PKG_CONFIG_PATH: /Users/runner/hostedtoolcache/Python/3.11.9/arm64/lib/pkgconfig
2026-10-09T23:44:00.1703750Z   Python_ROOT_DIR: /Users/runner/hostedtoolcache/Python/3.11.9/arm64
2026-10-09T23:44:00.1704350Z   Python2_ROOT_DIR: /Users/runner/hostedtoolcache/Python/3.11.9/arm64
2026-10-09T23:44:00.1704990Z   Python3_ROOT_DIR: /Users/runner/hostedtoolcache/Python/3.11.9/arm64
2026-10-09T23:44:00.1705760Z   RUSTWRIGHT_CHROME: /Users/runner/work/_temp/rustwright-chrome-5bozluzw/chrome-mac-arm64/Google Chrome for Testing.app/Contents/MacOS/Google Chrome for Testing
2026-10-09T23:44:00.1706690Z   RUSTWRIGHT_FIREFOX: /Users/runner/hostedtoolcache/firefox/157.0.1/arm64/Contents/MacOS/firefox
2026-10-09T23:44:00.1707660Z ##[endgroup]
2026-10-09T23:44:00.4608960Z Running http_compat; log: /Users/runner/work/_temp/rustwright-ci-38005723888-1/native/portable/http_compat.log
2026-10-09T23:45:52.4168420Z Running http_actionability; log: /Users/runner/work/_temp/rustwright-ci-38005723888-1/native/portable/http_actionability.log
2026-10-09T23:46:37.9296670Z Running http_clipped_control; log: /Users/runner/work/_temp/rustwright-ci-38005723888-1/native/portable/http_clipped_control.log
2026-10-09T23:47:15.6002310Z Running http_bidi_navigation; log: /Users/runner/work/_temp/rustwright-ci-38005723888-1/native/portable/http_bidi_navigation.log
2026-10-09T23:47:46.8841920Z Running http_network_idle_parity; log: /Users/runner/work/_temp/rustwright-ci-38005723888-1/native/portable/http_network_idle_parity.log
2026-10-09T23:50:23.9964710Z Native HTTP portable: 79 passed, no skips
2026-10-09T23:50:24.0511200Z ##[group]Run actions/upload-artifact@v4
2026-10-09T23:50:24.0511430Z with:
2026-10-09T23:50:24.0511660Z   name: native-http-macos-latest
2026-10-09T23:50:24.0511930Z   path: /Users/runner/work/_temp/rustwright-ci-38005723888-1/native/
2026-10-09T23:50:24.0517960Z   if-no-files-found: error
2026-10-09T23:50:24.0518150Z   compression-level: 6
2026-10-09T23:50:24.0518310Z   overwrite: false
2026-10-09T23:50:24.0518540Z   include-hidden-files: false
2026-10-09T23:50:24.0518780Z env:
2026-10-09T23:50:24.0519030Z   CARGO_TERM_COLOR: always
2026-10-09T23:50:24.0519260Z   RUST_BACKTRACE: 1
2026-10-09T23:50:24.0519640Z   RUSTWRIGHT_CI_OUTPUT: /Users/runner/work/_temp/rustwright-ci-38005723888-1
2026-10-09T23:50:24.0520010Z   CARGO_HOME: /Users/runner/.cargo
2026-10-09T23:50:24.0520190Z   CARGO_INCREMENTAL: 0
2026-10-09T23:50:24.0520340Z   CACHE_ON_FAILURE: false
2026-10-09T23:50:24.0520590Z   pythonLocation: /Users/runner/hostedtoolcache/Python/3.11.9/arm64
2026-10-09T23:50:24.0521050Z   PKG_CONFIG_PATH: /Users/runner/hostedtoolcache/Python/3.11.9/arm64/lib/pkgconfig
2026-10-09T23:50:24.0521500Z   Python_ROOT_DIR: /Users/runner/hostedtoolcache/Python/3.11.9/arm64
2026-10-09T23:50:24.0521970Z   Python2_ROOT_DIR: /Users/runner/hostedtoolcache/Python/3.11.9/arm64
2026-10-09T23:50:24.0522410Z   Python3_ROOT_DIR: /Users/runner/hostedtoolcache/Python/3.11.9/arm64
2026-10-09T23:50:24.0522730Z ##[endgroup]
2026-10-09T23:50:24.8668290Z (node:12028) [DEP0040] DeprecationWarning: The `punycode` module is deprecated. Please use a userland alternative instead.
2026-10-09T23:50:24.8668990Z (Use `node --trace-deprecation ...` to show where the warning was created)
2026-10-09T23:50:24.8789920Z With the provided path, there will be 7 files uploaded
2026-10-09T23:50:24.8797280Z Artifact name is valid!
2026-10-09T23:50:24.8798520Z Root directory input is valid!
2026-10-09T23:50:25.1445600Z (node:12028) [DEP0169] DeprecationWarning: `url.parse()` behavior is not standardized and prone to errors that have security implications. Use the WHATWG URL API instead. CVEs are not issued for `url.parse()` vulnerabilities.
2026-10-09T23:50:25.1451570Z Beginning upload of artifact content to blob storage
2026-10-09T23:50:25.1919720Z Uploaded bytes 8737
2026-10-09T23:50:25.2107520Z Finished uploading artifact content to blob storage!
2026-10-09T23:50:25.2108620Z SHA256 digest of uploaded artifact zip is 8468413ab0afc6b38b894cb6cd0f6bac161b0c35c850f30573355cd0227779fa
2026-10-09T23:50:25.2109280Z Finalizing artifact upload
2026-10-09T23:50:25.4404110Z Artifact native-http-macos-latest.zip successfully finalized. Artifact ID 11650798426
2026-10-09T23:50:25.4405080Z Artifact native-http-macos-latest has been successfully uploaded! Final size is 8737 bytes. Artifact ID is 11650798426
2026-10-09T23:50:25.4406030Z Artifact download URL: https://github.com/rsasaki0109/rustwright/actions/runs/38005723888/artifacts/11650798426
2026-10-09T23:50:25.4569860Z Post job cleanup.
2026-10-09T23:50:25.7137830Z Post job cleanup.
2026-10-09T23:50:26.0229570Z ##[group]Cache Configuration
2026-10-09T23:50:26.0258790Z Cache Provider:
2026-10-09T23:50:26.0259170Z     github
2026-10-09T23:50:26.0259420Z Workspaces:
2026-10-09T23:50:26.0260140Z     /Users/runner/work/rustwright/rustwright
2026-10-09T23:50:26.0261230Z Cache Paths:
2026-10-09T23:50:26.0261530Z     /Users/runner/.cargo/bin
2026-10-09T23:50:26.0261860Z     /Users/runner/.cargo/.crates.toml
2026-10-09T23:50:26.0262140Z     /Users/runner/.cargo/.crates2.json
2026-10-09T23:50:26.0262480Z     /Users/runner/.cargo/registry
2026-10-09T23:50:26.0262930Z     /Users/runner/.cargo/git
2026-10-09T23:50:26.0275450Z     /Users/runner/work/rustwright/rustwright/target
2026-10-09T23:50:26.0275920Z Restore Key:
2026-10-09T23:50:26.0276390Z     v0-rust-browser-compat-Darwin-arm64-052dbdee
2026-10-09T23:50:26.0278530Z Cache Key:
2026-10-09T23:50:26.0281780Z     v0-rust-browser-compat-Darwin-arm64-052dbdee-f6e92162
2026-10-09T23:50:26.0283290Z .. Prefix:
2026-10-09T23:50:26.0283910Z   - v0-rust-browser-compat-Darwin-arm64
2026-10-09T23:50:26.0310390Z .. Environment considered:
2026-10-09T23:50:26.0320520Z   - Rust Versions:
2026-10-09T23:50:26.0320930Z     - 1.99.0 aarch64-apple-darwin b940084d7eb6a299eb4bfeb8e34901bc051e7ac4
2026-10-09T23:50:26.0323950Z   - CARGO_HOME
2026-10-09T23:50:26.0324230Z   - CARGO_INCREMENTAL
2026-10-09T23:50:26.0325160Z   - CARGO_TERM_COLOR
2026-10-09T23:50:26.0325470Z   - RUST_BACKTRACE
2026-10-09T23:50:26.0325700Z   - RUSTWRIGHT_CI_OUTPUT
2026-10-09T23:50:26.0325940Z .. Lockfiles considered:
2026-10-09T23:50:26.0326270Z   - /Users/runner/work/rustwright/rustwright/Cargo.lock
2026-10-09T23:50:26.0326790Z   - /Users/runner/work/rustwright/rustwright/crates/rustwright-bidi/Cargo.toml
2026-10-09T23:50:26.0327330Z   - /Users/runner/work/rustwright/rustwright/crates/rustwright-browser/Cargo.toml
2026-10-09T23:50:26.0328030Z   - /Users/runner/work/rustwright/rustwright/crates/rustwright-cdp/Cargo.toml
2026-10-09T23:50:26.0340690Z   - /Users/runner/work/rustwright/rustwright/crates/rustwright-common/Cargo.toml
2026-10-09T23:50:26.0341480Z   - /Users/runner/work/rustwright/rustwright/crates/rustwright-core/Cargo.toml
2026-10-09T23:50:26.0342180Z   - /Users/runner/work/rustwright/rustwright/crates/rustwright-test-macros/Cargo.toml
2026-10-09T23:50:26.0345800Z   - /Users/runner/work/rustwright/rustwright/crates/rustwright-test/Cargo.toml
2026-10-09T23:50:26.0346840Z   - /Users/runner/work/rustwright/rustwright/crates/rustwright/Cargo.toml
2026-10-09T23:50:26.0364050Z   - /Users/runner/work/rustwright/rustwright/docs/ci/results/firefox-network-idle/local/release/consumer/.cargo/config.toml
2026-10-09T23:50:26.0365120Z   - /Users/runner/work/rustwright/rustwright/docs/ci/results/reliability-95/local/distribution/consumer/.cargo/config.toml
2026-10-09T23:50:26.0366080Z   - /Users/runner/work/rustwright/rustwright/docs/ci/results/remote-20261009/followup-local/consumer/.cargo/config.toml
2026-10-09T23:50:26.0366940Z   - /Users/runner/work/rustwright/rustwright/docs/ci/results/required-browser/release/consumer/.cargo/config.toml
2026-10-09T23:50:26.0367840Z   - /Users/runner/work/rustwright/rustwright/docs/release/results/local-package/consumer/.cargo/config.toml
2026-10-09T23:50:26.0368500Z   - /Users/runner/work/rustwright/rustwright/examples/Cargo.toml
2026-10-09T23:50:26.0368960Z   - /Users/runner/work/rustwright/rustwright/tests/Cargo.toml
2026-10-09T23:50:26.0369620Z ##[endgroup]
2026-10-09T23:50:26.0369810Z 
2026-10-09T23:50:29.4307480Z ... Cleaning /Users/runner/work/rustwright/rustwright/target ...
2026-10-09T23:50:29.6179360Z ... Cleaning cargo registry (cache-all-crates: false) ...
2026-10-09T23:50:29.9625770Z ... Cleaning cargo/bin ...
2026-10-09T23:50:29.9628120Z ... Cleaning cargo git cache ...
2026-10-09T23:50:29.9633100Z ... Saving cache ...
2026-10-09T23:50:30.0076560Z [command]/opt/homebrew/bin/gtar --posix -cf cache.tzst --exclude cache.tzst -P -C /Users/runner/work/rustwright/rustwright --files-from manifest.txt --delay-directory-restore --use-compress-program zstdmt
2026-10-09T23:50:32.8175410Z Sent 56754176 of 56817240 (99.9%), 54.0 MBs/sec
2026-10-09T23:50:32.9177150Z Sent 56817240 of 56817240 (100.0%), 48.6 MBs/sec
2026-10-09T23:50:33.0591610Z Post job cleanup.
2026-10-09T23:50:33.5991520Z [command]/opt/homebrew/bin/git version
2026-10-09T23:50:33.6382190Z git version 2.55.0
2026-10-09T23:50:33.6453310Z Copying '/Users/runner/.gitconfig' to '/Users/runner/work/_temp/8abbe941-ae5d-40ce-bf39-85c404580e00/.gitconfig'
2026-10-09T23:50:33.6454750Z Temporarily overriding HOME='/Users/runner/work/_temp/8abbe941-ae5d-40ce-bf39-85c404580e00' before making global git config changes
2026-10-09T23:50:33.6455920Z Adding repository directory to the temporary git global config as a safe directory
2026-10-09T23:50:33.6458760Z [command]/opt/homebrew/bin/git config --global --add safe.directory /Users/runner/work/rustwright/rustwright
2026-10-09T23:50:33.6610510Z [command]/opt/homebrew/bin/git config --local --name-only --get-regexp core\.sshCommand
2026-10-09T23:50:33.6713070Z [command]/opt/homebrew/bin/git submodule foreach --recursive sh -c "git config --local --name-only --get-regexp 'core\.sshCommand' && git config --local --unset-all 'core.sshCommand' || :"
2026-10-09T23:50:33.9218710Z [command]/opt/homebrew/bin/git config --local --name-only --get-regexp http\.https\:\/\/github\.com\/\.extraheader
2026-10-09T23:50:33.9368620Z http.https://github.com/.extraheader
2026-10-09T23:50:33.9388120Z [command]/opt/homebrew/bin/git config --local --unset-all http.https://github.com/.extraheader
2026-10-09T23:50:33.9540470Z [command]/opt/homebrew/bin/git submodule foreach --recursive sh -c "git config --local --name-only --get-regexp 'http\.https\:\/\/github\.com\/\.extraheader' && git config --local --unset-all 'http.https://github.com/.extraheader' || :"
2026-10-09T23:50:34.2093150Z [command]/opt/homebrew/bin/git config --local --name-only --get-regexp ^includeIf\.gitdir:
2026-10-09T23:50:34.2396880Z [command]/opt/homebrew/bin/git submodule foreach --recursive git config --local --show-origin --name-only --get-regexp remote.origin.url
2026-10-09T23:50:34.4865660Z Cleaning up orphan processes
2026-10-09T23:50:41.8173800Z Terminate orphan process: pid (1554) (diskimages-help)
2026-10-09T23:50:42.3194830Z ##[warning]Node.js 20 is deprecated. The following actions target Node.js 20 but are being forced to run on Node.js 24: actions/upload-artifact@v4. For more information see: https://github.blog/changelog/2025-09-19-deprecation-of-node-20-on-github-actions-runners/
