[1m[92m   Compiling[0m rustwright-integration-tests v0.1.0 (/home/runner/work/rustwright/rustwright/tests)
[1m[92m    Finished[0m `test` profile [unoptimized + debuginfo] target(s) in 1.98s
[1m[92m     Running[0m http_intercept_lifecycle.rs (target/debug/deps/http_intercept_lifecycle-e4f04b177e9dceb5)

running 4 tests
test firefox_intercept_cancellation_preserves_live_requests_and_prior_rules ... {"cycle":1,"known_intercept_ids":["5c96f497-af23-4690-a8f0-d6279fd9607b"],"known_intercepts_absent":true,"mode":"cancel-add-with-blocked-request","pending":0,"version":"157.0.1"}
{"cycle":1,"known_intercept_ids":["7bdce04e-e5b5-4820-990a-7a11f16db534"],"known_intercepts_absent":true,"mode":"cancel-clear","pending":0,"version":"157.0.1"}
{"cycle":1,"known_intercept_ids":["ce28812e-e1be-4473-9ba1-b45941ffa606","6e400886-4c3c-4f76-8465-c6e8683abbf3","d831be29-cde1-4e45-a478-d3ec4a2ff5ce"],"known_intercepts_absent":true,"mode":"cancel-phase-upgrade","pending":0,"version":"157.0.1"}
{"cycle":2,"known_intercept_ids":["473582fd-7857-4f8f-9acf-73ed2a5a2ebc"],"known_intercepts_absent":true,"mode":"cancel-add-with-blocked-request","pending":0,"version":"157.0.1"}
{"cycle":2,"known_intercept_ids":["5cb289cf-62fd-40d0-83a2-4f7d9a03a7f0"],"known_intercepts_absent":true,"mode":"cancel-clear","pending":0,"version":"157.0.1"}
{"cycle":2,"known_intercept_ids":["8cd35f54-63e3-4999-afb7-3f4a3ed884bb","440c65cc-5f14-4d29-ba0b-ae8207e9da7c","dec271a4-330d-4909-b59a-931eb45c289e"],"known_intercepts_absent":true,"mode":"cancel-phase-upgrade","pending":0,"version":"157.0.1"}
{"cycle":3,"known_intercept_ids":["1be89493-b1ac-4672-9998-a2aff9090a95"],"known_intercepts_absent":true,"mode":"cancel-add-with-blocked-request","pending":0,"version":"157.0.1"}
{"cycle":3,"known_intercept_ids":["da36c325-c18c-4f27-a04e-5c133d7b339c"],"known_intercepts_absent":true,"mode":"cancel-clear","pending":0,"version":"157.0.1"}
{"cycle":3,"known_intercept_ids":["d9863315-dd42-4dfa-83b8-38a859ece985","af47c848-4461-4d37-8145-e6170eaf92bc","b045f87e-2adf-4919-a73d-d116832aedca"],"known_intercepts_absent":true,"mode":"cancel-phase-upgrade","pending":0,"version":"157.0.1"}
{"cycle":4,"known_intercept_ids":["67241762-c0be-4dfe-9f2a-e38b7ad4ae65"],"known_intercepts_absent":true,"mode":"cancel-add-with-blocked-request","pending":0,"version":"157.0.1"}
{"cycle":4,"known_intercept_ids":["483ab749-ce64-4732-a381-c359345bad42"],"known_intercepts_absent":true,"mode":"cancel-clear","pending":0,"version":"157.0.1"}
{"cycle":4,"known_intercept_ids":["d4ba528b-5b75-4474-a25a-414fbf406723","31cff0bf-01cc-426c-bc06-75a2e41aac08","b229eb24-59c1-46f8-9ebd-559109ad7153"],"known_intercepts_absent":true,"mode":"cancel-phase-upgrade","pending":0,"version":"157.0.1"}
{"cycle":5,"known_intercept_ids":["1ba04d40-d14d-4add-ae29-5616c21f4657"],"known_intercepts_absent":true,"mode":"cancel-add-with-blocked-request","pending":0,"version":"157.0.1"}
{"cycle":5,"known_intercept_ids":["1298e5b0-f14b-447e-ab76-6d73afeb7340"],"known_intercepts_absent":true,"mode":"cancel-clear","pending":0,"version":"157.0.1"}
{"cycle":5,"known_intercept_ids":["6e54b07d-26fc-4546-a5d9-6b90c9769436","c43d5599-03da-4268-9617-1ed019cb73c9","1084eed7-883d-437f-ac6b-7f3dd3af38c8"],"known_intercepts_absent":true,"mode":"cancel-phase-upgrade","pending":0,"version":"157.0.1"}
{"cycle":6,"known_intercept_ids":["6a2803f3-0d74-468c-87c7-f0e1230c6442"],"known_intercepts_absent":true,"mode":"cancel-add-with-blocked-request","pending":0,"version":"157.0.1"}
{"cycle":6,"known_intercept_ids":["0bde3ce8-84d5-4bba-a0d7-f27e3fe3e3dd"],"known_intercepts_absent":true,"mode":"cancel-clear","pending":0,"version":"157.0.1"}
{"cycle":6,"known_intercept_ids":["bb87d438-e825-47a0-932e-25a0625d9e3b","538915de-af84-4a6e-a84c-d2a20971c092","bc30bae5-49a8-4191-b0fc-0e11230ef2b8"],"known_intercepts_absent":true,"mode":"cancel-phase-upgrade","pending":0,"version":"157.0.1"}
{"cycle":7,"known_intercept_ids":["52ff8b89-29ca-4c9e-9b9e-68e0eb0c0361"],"known_intercepts_absent":true,"mode":"cancel-add-with-blocked-request","pending":0,"version":"157.0.1"}
{"cycle":7,"known_intercept_ids":["5767716f-5f29-44a4-a77d-0fb32b09e5fe"],"known_intercepts_absent":true,"mode":"cancel-clear","pending":0,"version":"157.0.1"}
{"cycle":7,"known_intercept_ids":["8ab309c4-808a-44a0-8db8-30408da1858f","a81aed19-f69c-4b2c-8850-4bf1b6a65fa2","e91da419-3592-46a2-b266-8a2b9d7ef8ff"],"known_intercepts_absent":true,"mode":"cancel-phase-upgrade","pending":0,"version":"157.0.1"}
{"cycle":8,"known_intercept_ids":["a21eaf48-6c44-46d7-ae05-280e8a94c0b6"],"known_intercepts_absent":true,"mode":"cancel-add-with-blocked-request","pending":0,"version":"157.0.1"}
{"cycle":8,"known_intercept_ids":["84409c71-7b2c-40dc-9af1-555c30fd4ef2"],"known_intercepts_absent":true,"mode":"cancel-clear","pending":0,"version":"157.0.1"}
{"cycle":8,"known_intercept_ids":["e5090b05-c751-4b2d-aeb5-ba5304ac69e6","46d03a87-0bce-47f9-8058-999e9b941bb2","2c307ebe-d0d1-464c-b828-3c222cd092df"],"known_intercepts_absent":true,"mode":"cancel-phase-upgrade","pending":0,"version":"157.0.1"}
{"cycle":9,"known_intercept_ids":["0c9eca1e-1655-4f36-82e2-ae66cfe1b058"],"known_intercepts_absent":true,"mode":"cancel-add-with-blocked-request","pending":0,"version":"157.0.1"}
{"cycle":9,"known_intercept_ids":["2527570a-e975-4c23-9b10-8712f4e529d0"],"known_intercepts_absent":true,"mode":"cancel-clear","pending":0,"version":"157.0.1"}
{"cycle":9,"known_intercept_ids":["9fdbe595-d261-4e25-85d2-7dd668e7139c","e9641486-c14b-4bf9-ac3f-958baec77e72","ac44e848-5de8-4974-99a4-2758d0b5238f"],"known_intercepts_absent":true,"mode":"cancel-phase-upgrade","pending":0,"version":"157.0.1"}
{"cycle":10,"known_intercept_ids":["a28b90e3-c5b2-4d07-b754-9ae1c05c59a0"],"known_intercepts_absent":true,"mode":"cancel-add-with-blocked-request","pending":0,"version":"157.0.1"}
{"cycle":10,"known_intercept_ids":["a0f3c58e-64a9-41ee-a18e-e025c157fd62"],"known_intercepts_absent":true,"mode":"cancel-clear","pending":0,"version":"157.0.1"}
{"cycle":10,"known_intercept_ids":["d56744c6-d7f5-4d82-b2b0-6a3bdbfba0df","98a114f7-b25f-4ecb-9dd6-b1c1b9c3634b","8928d400-c613-46e2-b0de-816a701dd6b3"],"known_intercepts_absent":true,"mode":"cancel-phase-upgrade","pending":0,"version":"157.0.1"}
ok
test firefox_phase_expansion_keeps_prior_rules_usable_before_acknowledgment ... {"cycle":1,"known_intercept_ids":["c2c44cc6-f5ee-4ccb-8af5-2351649e7603","f6259372-94fd-4561-83f2-27a8e808795c"],"known_intercepts_absent":true,"mode":"active-rules-during-phase-upgrade","pending":0,"version":"157.0.1"}
{"cycle":2,"known_intercept_ids":["56d50b05-07f6-4e4d-9b59-6f1c76a2021d","8d2a3770-a8bd-4672-b42e-49e6b4c977f0"],"known_intercepts_absent":true,"mode":"active-rules-during-phase-upgrade","pending":0,"version":"157.0.1"}
{"cycle":3,"known_intercept_ids":["a3bc5d43-6b86-4532-b9c4-3fe82406865b","49b40157-7de8-4fba-a7bc-cf3111bad97b"],"known_intercepts_absent":true,"mode":"active-rules-during-phase-upgrade","pending":0,"version":"157.0.1"}
{"cycle":4,"known_intercept_ids":["a9c2f3e6-64ac-4c0e-91da-4ccbf183c092","9a2b5346-2426-4a54-bd9a-2a47bfcd9379"],"known_intercepts_absent":true,"mode":"active-rules-during-phase-upgrade","pending":0,"version":"157.0.1"}
{"cycle":5,"known_intercept_ids":["3ba1fcc4-4788-4886-8d52-992dfb2cfbc8","46eeb8c8-3704-46d8-84f3-418e50db4380"],"known_intercepts_absent":true,"mode":"active-rules-during-phase-upgrade","pending":0,"version":"157.0.1"}
{"cycle":6,"known_intercept_ids":["32192330-ccab-4e52-bc2c-a5f479fc52a7","ab307d78-02fd-4f1a-93ef-e91d703fe10b"],"known_intercepts_absent":true,"mode":"active-rules-during-phase-upgrade","pending":0,"version":"157.0.1"}
{"cycle":7,"known_intercept_ids":["0828af95-8b79-422d-bdbb-b1b31a3bea82","bd319c1b-dd46-4622-808f-0e320676a35e"],"known_intercepts_absent":true,"mode":"active-rules-during-phase-upgrade","pending":0,"version":"157.0.1"}
{"cycle":8,"known_intercept_ids":["6151ceb7-8239-474d-b8e5-b99216881900","d9ea62c7-4721-4ef8-9736-f4cea62d8dfd"],"known_intercepts_absent":true,"mode":"active-rules-during-phase-upgrade","pending":0,"version":"157.0.1"}
{"cycle":9,"known_intercept_ids":["ae8b6f95-b0be-41f6-bfc7-195e8ab43d55","9f5eca75-c3e6-4ace-9c87-7cb6ffdf1c84"],"known_intercepts_absent":true,"mode":"active-rules-during-phase-upgrade","pending":0,"version":"157.0.1"}
{"cycle":10,"known_intercept_ids":["6723b9a2-2275-4e77-818f-30ddcf85c9bb","91745d75-f800-4de0-9033-c29b50c27162"],"known_intercepts_absent":true,"mode":"active-rules-during-phase-upgrade","pending":0,"version":"157.0.1"}
ok
test firefox_routing_phases_and_child_frame_requests_remain_functional ... {"cycle":1,"known_intercept_ids":["76080de7-dfb7-4119-a917-544ff5bfd8e5","db20c3a8-8b23-4f11-bd1f-ea174753d702"],"known_intercepts_absent":true,"mode":"request-response-child-frame","pending":0,"version":"157.0.1"}
ok
test firefox_shared_handles_drop_and_close_retire_only_owned_intercepts ... {"cycle":1,"known_intercept_ids":["0f201712-cd12-4398-803a-1b973cb82db9"],"known_intercepts_absent":true,"mode":"shared-handles-final-drop","pending":0,"version":"157.0.1"}
{"cycle":1,"known_intercept_ids":["b1475050-7454-450b-b048-cd4d12192ef9"],"known_intercepts_absent":true,"mode":"page-close-retained-handles","pending":0,"version":"157.0.1"}
{"cycle":1,"known_intercept_ids":["c007079e-5b16-4892-bca5-b9b9d71f5af4","7b4cab4b-5645-41bf-a42b-c433b91be780"],"known_intercepts_absent":true,"mode":"user-context-close-retained-pages","pending":0,"version":"157.0.1"}
{"cycle":2,"known_intercept_ids":["dc47f8f6-6cd3-41cc-b11e-f423d5f22d07"],"known_intercepts_absent":true,"mode":"shared-handles-final-drop","pending":0,"version":"157.0.1"}
{"cycle":2,"known_intercept_ids":["11007926-2d4e-4452-b389-c135e134e05b"],"known_intercepts_absent":true,"mode":"page-close-retained-handles","pending":0,"version":"157.0.1"}
{"cycle":2,"known_intercept_ids":["665fdfa2-5dda-43fe-bb67-24d56be9020d","1442c1a1-1503-4171-b6f8-db3cc02fb51e"],"known_intercepts_absent":true,"mode":"user-context-close-retained-pages","pending":0,"version":"157.0.1"}
{"cycle":3,"known_intercept_ids":["c04d69dd-7a20-41c3-a644-a2916158d2a1"],"known_intercepts_absent":true,"mode":"shared-handles-final-drop","pending":0,"version":"157.0.1"}
{"cycle":3,"known_intercept_ids":["c317ce1b-47ea-4eca-8016-2b86d66e2046"],"known_intercepts_absent":true,"mode":"page-close-retained-handles","pending":0,"version":"157.0.1"}
{"cycle":3,"known_intercept_ids":["599867f6-3d6e-4fd3-811c-91c556a18802","0df2ead2-d828-4142-875f-27bc19e7cbc6"],"known_intercepts_absent":true,"mode":"user-context-close-retained-pages","pending":0,"version":"157.0.1"}
{"cycle":4,"known_intercept_ids":["94f91fb6-319d-49de-aabc-4b58ecf39ff4"],"known_intercepts_absent":true,"mode":"shared-handles-final-drop","pending":0,"version":"157.0.1"}
{"cycle":4,"known_intercept_ids":["0315cb9b-db71-4201-9579-139ccdb08d73"],"known_intercepts_absent":true,"mode":"page-close-retained-handles","pending":0,"version":"157.0.1"}
{"cycle":4,"known_intercept_ids":["507d83b0-9aaa-471e-8d41-a6041cc68ac7","234eaf36-d996-4db1-860c-72463ec64b61"],"known_intercepts_absent":true,"mode":"user-context-close-retained-pages","pending":0,"version":"157.0.1"}
{"cycle":5,"known_intercept_ids":["32128307-382d-4b13-a65c-a610ea65a983"],"known_intercepts_absent":true,"mode":"shared-handles-final-drop","pending":0,"version":"157.0.1"}
{"cycle":5,"known_intercept_ids":["92aedc61-df12-4c5a-8c5d-15a8fb55d33f"],"known_intercepts_absent":true,"mode":"page-close-retained-handles","pending":0,"version":"157.0.1"}
{"cycle":5,"known_intercept_ids":["661ba17c-1759-4be4-9c88-c6a0731004e8","1bdcb2c9-68b1-44a1-9319-13e79026277c"],"known_intercepts_absent":true,"mode":"user-context-close-retained-pages","pending":0,"version":"157.0.1"}
{"cycle":6,"known_intercept_ids":["37ddea4f-ab9d-40cc-b5cc-931f0f77c437"],"known_intercepts_absent":true,"mode":"shared-handles-final-drop","pending":0,"version":"157.0.1"}
{"cycle":6,"known_intercept_ids":["03211bc2-08aa-4570-8347-efebedf22fc5"],"known_intercepts_absent":true,"mode":"page-close-retained-handles","pending":0,"version":"157.0.1"}
{"cycle":6,"known_intercept_ids":["af4a9ce0-5dbf-434a-8d47-0a01b8861604","9c91ea99-2c8c-4d97-8e19-898d9b18b0a7"],"known_intercepts_absent":true,"mode":"user-context-close-retained-pages","pending":0,"version":"157.0.1"}
{"cycle":7,"known_intercept_ids":["eb1b0dde-6d81-4f0f-851b-3d69a82e46ea"],"known_intercepts_absent":true,"mode":"shared-handles-final-drop","pending":0,"version":"157.0.1"}
{"cycle":7,"known_intercept_ids":["38187472-69cf-46c3-8bd3-48978d7e2f1c"],"known_intercepts_absent":true,"mode":"page-close-retained-handles","pending":0,"version":"157.0.1"}
{"cycle":7,"known_intercept_ids":["ec27a4f8-6727-4b3f-a13c-5fc410d23147","a3fea303-d61b-4cf2-ab78-2d91f8cd8aa2"],"known_intercepts_absent":true,"mode":"user-context-close-retained-pages","pending":0,"version":"157.0.1"}
{"cycle":8,"known_intercept_ids":["2c223212-2f00-4e29-abec-ad78ef267ed7"],"known_intercepts_absent":true,"mode":"shared-handles-final-drop","pending":0,"version":"157.0.1"}
{"cycle":8,"known_intercept_ids":["3b87a128-f3a1-4d2d-a9a4-3d520cfd7e03"],"known_intercepts_absent":true,"mode":"page-close-retained-handles","pending":0,"version":"157.0.1"}
{"cycle":8,"known_intercept_ids":["512c9dbc-39cd-4d3a-a0d3-31e3761acc2d","6a0530ff-cdcf-4563-87e4-fc8cf9b9a114"],"known_intercepts_absent":true,"mode":"user-context-close-retained-pages","pending":0,"version":"157.0.1"}
{"cycle":9,"known_intercept_ids":["03168067-a109-4805-801d-7c956307fe85"],"known_intercepts_absent":true,"mode":"shared-handles-final-drop","pending":0,"version":"157.0.1"}
{"cycle":9,"known_intercept_ids":["fb5a40d2-0934-441d-b7b1-cd498c687eb0"],"known_intercepts_absent":true,"mode":"page-close-retained-handles","pending":0,"version":"157.0.1"}
{"cycle":9,"known_intercept_ids":["2bc1f433-7f0f-4585-9202-eca9e7d651ff","71d934a1-2818-4d6a-831c-a63e63d20521"],"known_intercepts_absent":true,"mode":"user-context-close-retained-pages","pending":0,"version":"157.0.1"}
{"cycle":10,"known_intercept_ids":["cd8948cc-0f4e-45e3-a34f-f9e561c89561"],"known_intercepts_absent":true,"mode":"shared-handles-final-drop","pending":0,"version":"157.0.1"}
{"cycle":10,"known_intercept_ids":["5e9d4af7-df92-429e-9780-3ac4b40fa7ec"],"known_intercepts_absent":true,"mode":"page-close-retained-handles","pending":0,"version":"157.0.1"}
{"cycle":10,"known_intercept_ids":["84efe681-7597-4de5-8185-2bb430653a2e","085be5b7-bc4e-46c3-8e0a-fdf3a66228d6"],"known_intercepts_absent":true,"mode":"user-context-close-retained-pages","pending":0,"version":"157.0.1"}
ok

test result: ok. 4 passed; 0 failed; 0 ignored; 0 measured; 0 filtered out; finished in 28.31s

