Chrome before: {"phase": "before", "command": ["/workspace/.rustwright-env/chrome155/chrome-linux64/chrome", "--no-first-run", "--no-default-browser-check", "--user-data-dir=/workspace/rustwright/target/linux-sandbox-review/local-final/before-profile-826hbinb", "--headless=new", "--disable-gpu", "--hide-scrollbars", "--mute-audio", "--dump-dom", "http://127.0.0.1:44899/"], "exit_code": -6, "timed_out": false, "stdout": "/workspace/rustwright/target/linux-sandbox-review/local-final/before-stdout.log", "stderr": "/workspace/rustwright/target/linux-sandbox-review/local-final/before-stderr.log", "document_rendered": false, "passed": false}
[1512770:1512770:1009/181450.555584:ERROR:third_party/crashpad/crashpad/util/file/filesystem_posix.cc:63] mkdir : No such file or directory (2)
chrome_crashpad_handler: --database is required
Try 'chrome_crashpad_handler --help' for more information.
[1512770:1512770:1009/181450.557329:FATAL:content/browser/zygote_host/zygote_host_impl_linux.cc:130] No usable sandbox! If you are running on Ubuntu 23.10+ or another Linux distro that has disabled unprivileged user namespaces with AppArmor, see https://chromium.googlesource.com/chromium/src/+/main/docs/security/apparmor-userns-restrictions.md. Otherwise see https://chromium.googlesource.com/chromium/src/+/main/docs/linux/suid_sandbox_development.md for more information on developing with the (older) SUID sandbox. If you want to live dangerously and need an immediate workaround, you can try using --no-sandbox.
Received signal 6
#0 0x5611b27b5fc3 (/workspace/.rustwright-env/chrome155/chrome-linux64/chrome+0x6aecfc2)
#1 0x5611b7784174 (/workspace/.rustwright-env/chrome155/chrome-linux64/chrome+0xbabb173)
#2 0x7f819fe6fdf0 (/usr/lib/x86_64-linux-gnu/libc.so.6+0x3fdef)
#3 0x5611b773ab8d (/workspace/.rustwright-env/chrome155/chrome-linux64/chrome+0xba71b8c)
#4 0x5611b773aadd (/workspace/.rustwright-env/chrome155/chrome-linux64/chrome+0xba71adc)
#5 0x5611b247fc12 (/workspace/.rustwright-env/chrome155/chrome-linux64/chrome+0x67b6c11)
#6 0x5611b1ba6829 (/workspace/.rustwright-env/chrome155/chrome-linux64/chrome+0x5edd828)
#7 0x5611b16def58 (/workspace/.rustwright-env/chrome155/chrome-linux64/chrome+0x5a15f57)
#8 0x5611b6c4d74f (/workspace/.rustwright-env/chrome155/chrome-linux64/chrome+0xaf8474e)
#9 0x5611b1bef90c (/workspace/.rustwright-env/chrome155/chrome-linux64/chrome+0x5f2690b)
#10 0x5611b1bef060 (/workspace/.rustwright-env/chrome155/chrome-linux64/chrome+0x5f2605f)
#11 0x7f819fe59ca8 (/usr/lib/x86_64-linux-gnu/libc.so.6+0x29ca7)
  r8: 0000296000130269  r9: 0000000000000001 r10: 0000296000130269 r11: 0000000000000246
 r12: 00007ffc1ba40e88 r13: 0000000000000006 r14: 0000000000000269 r15: 00007ffc1ba413b8
  di: 0000000000171542  si: 0000000000171542  bp: 00007ffc1ba40e20  bx: 0000000000171542
  dx: 0000000000000006  ax: 0000000000000000  cx: 00007f819fec495c  sp: 00007ffc1ba40d10
  ip: 00007f819fec495c efl: 0000000000000246 cgf: 002b000000000033 erf: 0000000000000000
 trp: 0000000000000000 msk: 0000000000000000 cr2: 0000000000000000
[end of stack trace]

Sandbox installation requires the non-root GitHub Linux runner
