[3601:3601:1009/221816.267504:FATAL:content/browser/zygote_host/zygote_host_impl_linux.cc:128] No usable sandbox! If you are running on Ubuntu 23.10+ or another Linux distro that has disabled unprivileged user namespaces with AppArmor, see https://chromium.googlesource.com/chromium/src/+/main/docs/security/apparmor-userns-restrictions.md. Otherwise see https://chromium.googlesource.com/chromium/src/+/main/docs/linux/suid_sandbox_development.md for more information on developing with the (older) SUID sandbox. If you want to live dangerously and need an immediate workaround, you can try using --no-sandbox.
[1009/221816.273891:ERROR:third_party/crashpad/crashpad/util/file/file_io_posix.cc:145] open /sys/devices/system/cpu/cpu0/cpufreq/scaling_cur_freq: No such file or directory (2)
[1009/221816.273930:ERROR:third_party/crashpad/crashpad/util/file/file_io_posix.cc:145] open /sys/devices/system/cpu/cpu0/cpufreq/scaling_max_freq: No such file or directory (2)
Received signal 6
#0 0x55b17415be33 (/opt/hostedtoolcache/setup-chrome/chrome/151.0.7922.138/x64/chrome+0x6a7fe32)
#1 0x55b178bf4964 (/opt/hostedtoolcache/setup-chrome/chrome/151.0.7922.138/x64/chrome+0xb518963)
#2 0x7f64ca445330 (/usr/lib/x86_64-linux-gnu/libc.so.6+0x4532f)
#3 0x7f64ca44527e (/usr/lib/x86_64-linux-gnu/libc.so.6+0x4527d)
#4 0x7f64ca4288ff (/usr/lib/x86_64-linux-gnu/libc.so.6+0x288fe)
#5 0x55b178bec875 (/opt/hostedtoolcache/setup-chrome/chrome/151.0.7922.138/x64/chrome+0xb510874)
#6 0x55b178bb017d (/opt/hostedtoolcache/setup-chrome/chrome/151.0.7922.138/x64/chrome+0xb4d417c)
#7 0x55b178bb010e (/opt/hostedtoolcache/setup-chrome/chrome/151.0.7922.138/x64/chrome+0xb4d410d)
#8 0x55b173e400d8 (/opt/hostedtoolcache/setup-chrome/chrome/151.0.7922.138/x64/chrome+0x67640d7)
#9 0x55b1728c6b29 (/opt/hostedtoolcache/setup-chrome/chrome/151.0.7922.138/x64/chrome+0x51eab28)
#10 0x55b17269c3fb (/opt/hostedtoolcache/setup-chrome/chrome/151.0.7922.138/x64/chrome+0x4fc03fa)
#11 0x55b177fe48fc (/opt/hostedtoolcache/setup-chrome/chrome/151.0.7922.138/x64/chrome+0xa9088fb)
#12 0x55b172e4d90c (/opt/hostedtoolcache/setup-chrome/chrome/151.0.7922.138/x64/chrome+0x577190b)
#13 0x55b172e4e375 (/opt/hostedtoolcache/setup-chrome/chrome/151.0.7922.138/x64/chrome+0x5772374)
#14 0x7f64ca42a1ca (/usr/lib/x86_64-linux-gnu/libc.so.6+0x2a1c9)
#15 0x7f64ca42a28b (/usr/lib/x86_64-linux-gnu/libc.so.6+0x2a28a)
#16 0x55b17439bd9a (/opt/hostedtoolcache/setup-chrome/chrome/151.0.7922.138/x64/chrome+0x6cbfd99)
  r8: 00000188000b4263  r9: 0000000000000001 r10: 0000000000000008 r11: 0000000000000246
 r12: 0000000000000006 r13: 0000000000000264 r14: 0000000000000016 r15: 00007fffa11ab638
  di: 0000000000000e11  si: 0000000000000e11  bp: 00007fffa11aafb0  bx: 0000000000000e11
  dx: 0000000000000006  ax: 0000000000000000  cx: 00007f64ca49ec0c  sp: 00007fffa11aaf70
  ip: 00007f64ca49ec0c efl: 0000000000000246 cgf: 002b000000000033 erf: 0000000000000000
 trp: 0000000000000000 msk: 0000000000000000 cr2: 0000000000000000
[end of stack trace]
