[2835:2835:1009/232912.714249:FATAL:content/browser/zygote_host/zygote_host_impl_linux.cc:130] No usable sandbox! If you are running on Ubuntu 23.10+ or another Linux distro that has disabled unprivileged user namespaces with AppArmor, see https://chromium.googlesource.com/chromium/src/+/main/docs/security/apparmor-userns-restrictions.md. Otherwise see https://chromium.googlesource.com/chromium/src/+/main/docs/linux/suid_sandbox_development.md for more information on developing with the (older) SUID sandbox. If you want to live dangerously and need an immediate workaround, you can try using --no-sandbox.
[1009/232912.721720:ERROR:third_party/crashpad/crashpad/util/file/file_io_posix.cc:145] open /sys/devices/system/cpu/cpu0/cpufreq/scaling_cur_freq: No such file or directory (2)
[1009/232912.721754:ERROR:third_party/crashpad/crashpad/util/file/file_io_posix.cc:145] open /sys/devices/system/cpu/cpu0/cpufreq/scaling_max_freq: No such file or directory (2)
Received signal 6
#0 0x56256f4a9fc3 (/opt/hostedtoolcache/setup-chrome/chrome/stable/x64/chrome+0x6aecfc2)
#1 0x562574478174 (/opt/hostedtoolcache/setup-chrome/chrome/stable/x64/chrome+0xbabb173)
#2 0x7fc09a445330 (/usr/lib/x86_64-linux-gnu/libc.so.6+0x4532f)
#3 0x7fc09a44527e (/usr/lib/x86_64-linux-gnu/libc.so.6+0x4527d)
#4 0x7fc09a4288ff (/usr/lib/x86_64-linux-gnu/libc.so.6+0x288fe)
#5 0x56257446eed5 (/opt/hostedtoolcache/setup-chrome/chrome/stable/x64/chrome+0xbab1ed4)
#6 0x56257442eb8d (/opt/hostedtoolcache/setup-chrome/chrome/stable/x64/chrome+0xba71b8c)
#7 0x56257442eadd (/opt/hostedtoolcache/setup-chrome/chrome/stable/x64/chrome+0xba71adc)
#8 0x56256f173c12 (/opt/hostedtoolcache/setup-chrome/chrome/stable/x64/chrome+0x67b6c11)
#9 0x56256e89a829 (/opt/hostedtoolcache/setup-chrome/chrome/stable/x64/chrome+0x5edd828)
#10 0x56256e3d2f58 (/opt/hostedtoolcache/setup-chrome/chrome/stable/x64/chrome+0x5a15f57)
#11 0x56257394174f (/opt/hostedtoolcache/setup-chrome/chrome/stable/x64/chrome+0xaf8474e)
#12 0x56256e8e390c (/opt/hostedtoolcache/setup-chrome/chrome/stable/x64/chrome+0x5f2690b)
#13 0x56256e8e3060 (/opt/hostedtoolcache/setup-chrome/chrome/stable/x64/chrome+0x5f2605f)
#14 0x7fc09a42a1ca (/usr/lib/x86_64-linux-gnu/libc.so.6+0x2a1c9)
#15 0x7fc09a42a28b (/usr/lib/x86_64-linux-gnu/libc.so.6+0x2a28a)
#16 0x56256f76336a (/opt/hostedtoolcache/setup-chrome/chrome/stable/x64/chrome+0x6da6369)
  r8: 00003d780013c263  r9: 0000000000000001 r10: 0000000000000008 r11: 0000000000000246
 r12: 0000000000000006 r13: 00003d780013c000 r14: 0000000000000016 r15: 00007ffc06f049c8
  di: 0000000000000b13  si: 0000000000000b13  bp: 00007ffc06f04340  bx: 0000000000000b13
  dx: 0000000000000006  ax: 0000000000000000  cx: 00007fc09a49ec0c  sp: 00007ffc06f04300
  ip: 00007fc09a49ec0c efl: 0000000000000246 cgf: 002b000000000033 erf: 0000000000000000
 trp: 0000000000000000 msk: 0000000000000000 cr2: 0000000000000000
[end of stack trace]
