[2707:2707:1009/212822.733308:FATAL:content/browser/zygote_host/zygote_host_impl_linux.cc:130] No usable sandbox! If you are running on Ubuntu 23.10+ or another Linux distro that has disabled unprivileged user namespaces with AppArmor, see https://chromium.googlesource.com/chromium/src/+/main/docs/security/apparmor-userns-restrictions.md. Otherwise see https://chromium.googlesource.com/chromium/src/+/main/docs/linux/suid_sandbox_development.md for more information on developing with the (older) SUID sandbox. If you want to live dangerously and need an immediate workaround, you can try using --no-sandbox.
Received signal 6
#0 0x55ba75008fc3 (/opt/hostedtoolcache/setup-chrome/chrome/stable/x64/chrome+0x6aecfc2)
#1 0x55ba79fd7174 (/opt/hostedtoolcache/setup-chrome/chrome/stable/x64/chrome+0xbabb173)
#2 0x7f7b23845330 (/usr/lib/x86_64-linux-gnu/libc.so.6+0x4532f)
#3 0x7f7b2384527e (/usr/lib/x86_64-linux-gnu/libc.so.6+0x4527d)
#4 0x7f7b238288ff (/usr/lib/x86_64-linux-gnu/libc.so.6+0x288fe)
#5 0x55ba79fcded5 (/opt/hostedtoolcache/setup-chrome/chrome/stable/x64/chrome+0xbab1ed4)
#6 0x55ba79f8db8d (/opt/hostedtoolcache/setup-chrome/chrome/stable/x64/chrome+0xba71b8c)
#7 0x55ba79f8dadd (/opt/hostedtoolcache/setup-chrome/chrome/stable/x64/chrome+0xba71adc)
#8 0x55ba74cd2c12 (/opt/hostedtoolcache/setup-chrome/chrome/stable/x64/chrome+0x67b6c11)
#9 0x55ba743f9829 (/opt/hostedtoolcache/setup-chrome/chrome/stable/x64/chrome+0x5edd828)
#10 0x55ba73f31f58 (/opt/hostedtoolcache/setup-chrome/chrome/stable/x64/chrome+0x5a15f57)
#11 0x55ba794a074f (/opt/hostedtoolcache/setup-chrome/chrome/stable/x64/chrome+0xaf8474e)
#12 0x55ba7444290c (/opt/hostedtoolcache/setup-chrome/chrome/stable/x64/chrome+0x5f2690b)
#13 0x55ba74442060 (/opt/hostedtoolcache/setup-chrome/chrome/stable/x64/chrome+0x5f2605f)
#14 0x7f7b2382a1ca (/usr/lib/x86_64-linux-gnu/libc.so.6+0x2a1c9)
#15 0x7f7b2382a28b (/usr/lib/x86_64-linux-gnu/libc.so.6+0x2a28a)
#16 0x55ba752c236a (/opt/hostedtoolcache/setup-chrome/chrome/stable/x64/chrome+0x6da6369)
  r8: 000022900013c263  r9: 0000000000000001 r10: 0000000000000008 r11: 0000000000000246
 r12: 0000000000000006 r13: 000022900013c000 r14: 0000000000000016 r15: 00007ffd9541b118
  di: 0000000000000a93  si: 0000000000000a93  bp: 00007ffd9541aa90  bx: 0000000000000a93
  dx: 0000000000000006  ax: 0000000000000000  cx: 00007f7b2389ec0c  sp: 00007ffd9541aa50
  ip: 00007f7b2389ec0c efl: 0000000000000246 cgf: 002b000000000033 erf: 0000000000000000
 trp: 0000000000000000 msk: 0000000000000000 cr2: 0000000000000000
[end of stack trace]
