[1m[92m   Compiling[0m rustwright-integration-tests v0.1.0 (/home/runner/work/rustwright/rustwright/tests)
[1m[92m    Finished[0m `test` profile [unoptimized + debuginfo] target(s) in 2.06s
[1m[92m     Running[0m http_network_idle_parity.rs (target/debug/deps/http_network_idle_parity-0a12434806582463)

running 26 tests
test chrome_abort ... backend=chrome version=Chrome/155.0.8059.39
ok
test chrome_body_timeout_reuse ... backend=chrome version=Chrome/155.0.8059.39
ok
test chrome_browser_closure ... backend=chrome version=Chrome/155.0.8059.39
ok
test chrome_cancelled_waiter ... backend=chrome version=Chrome/155.0.8059.39
ok
test chrome_child_removal ... backend=chrome version=Chrome/155.0.8059.39
ok
test chrome_cross_origin_child ... backend=chrome version=Chrome/155.0.8059.39
ok
test chrome_document_replacement ... backend=chrome version=Chrome/155.0.8059.39
ok
test chrome_foreign_tab ... backend=chrome version=Chrome/155.0.8059.39
ok
test chrome_interrupted_quiet ... backend=chrome version=Chrome/155.0.8059.39
ok
test chrome_nested_children ... backend=chrome version=Chrome/155.0.8059.39
ok
test chrome_page_closure ... backend=chrome version=Chrome/155.0.8059.39
ok
test chrome_partial_body ... backend=chrome version=Chrome/155.0.8059.39
ok
test chrome_redirects ... backend=chrome version=Chrome/155.0.8059.39
ok
test firefox_abort ... backend=firefox version=Some("157.0.1")
ok
test firefox_body_timeout_reuse ... backend=firefox version=Some("157.0.1")
ok
test firefox_browser_closure ... backend=firefox version=Some("157.0.1")
ok
test firefox_cancelled_waiter ... backend=firefox version=Some("157.0.1")
ok
test firefox_child_removal ... backend=firefox version=Some("157.0.1")
ok
test firefox_cross_origin_child ... backend=firefox version=Some("157.0.1")
ok
test firefox_document_replacement ... backend=firefox version=Some("157.0.1")
ok
test firefox_foreign_tab ... backend=firefox version=Some("157.0.1")
ok
test firefox_interrupted_quiet ... backend=firefox version=Some("157.0.1")
ok
test firefox_nested_children ... backend=firefox version=Some("157.0.1")
ok
test firefox_page_closure ... backend=firefox version=Some("157.0.1")
ok
test firefox_partial_body ... backend=firefox version=Some("157.0.1")
ok
test firefox_redirects ... backend=firefox version=Some("157.0.1")
ok

test result: ok. 26 passed; 0 failed; 0 ignored; 0 measured; 0 filtered out; finished in 81.27s

