[1m[92m   Compiling[0m rustwright-integration-tests v0.1.0 (/home/runner/work/rustwright/rustwright/tests)
[1m[92m    Finished[0m `test` profile [unoptimized + debuginfo] target(s) in 1.22s
[1m[92m     Running[0m http_clipped_control.rs (target/debug/deps/http_clipped_control-c65cc53e7d62ede0)

running 10 tests
test chrome_fixed_control_escapes_clip ... Requested browser mode: headless=true
Chrome version: Chrome/155.0.8059.39
width=60 nested=false click=Ok(()) observed=[1,true,0] geometry={"clip":{"bottom":160,"height":60,"left":100,"right":160,"top":100,"width":60,"x":100,"y":100},"hit":"","rect":{"bottom":250,"height":50,"left":300,"right":700,"top":200,"width":400,"x":300,"y":200},"scroll":0}
ok
test chrome_narrow_overflow_control ... Requested browser mode: headless=true
Chrome version: Chrome/155.0.8059.39
width=3 nested=false click=Ok(()) observed=[1,true,0] geometry={"clip":{"bottom":160,"height":60,"left":100,"right":103,"top":100,"width":3,"x":100,"y":100},"hit":"go","rect":{"bottom":150,"height":50,"left":-99,"right":301,"top":100,"width":400,"x":-99,"y":100},"scroll":199}
ok
test chrome_nested_overflow_control ... Requested browser mode: headless=true
Chrome version: Chrome/155.0.8059.39
width=60 nested=true click=Ok(()) observed=[1,true,0] geometry={"clip":{"bottom":160,"height":60,"left":80,"right":140,"top":100,"width":60,"x":80,"y":100},"hit":"go","rect":{"bottom":150,"height":50,"left":-90,"right":310,"top":100,"width":400,"x":-90,"y":100},"scroll":170}
ok
test chrome_overflow_hidden_control ... Requested browser mode: headless=true
Chrome version: Chrome/155.0.8059.39
width=60 nested=false click=Ok(()) observed=[1,true,0] geometry={"clip":{"bottom":160,"height":60,"left":100,"right":160,"top":100,"width":60,"x":100,"y":100},"hit":"go","rect":{"bottom":150,"height":50,"left":-70,"right":330,"top":100,"width":400,"x":-70,"y":100},"scroll":170}
ok
test chrome_scrolled_overflow_control ... Requested browser mode: headless=true
Chrome version: Chrome/155.0.8059.39
width=60 nested=false click=Ok(()) observed=[1,true,0] geometry={"clip":{"bottom":253,"height":60,"left":360,"right":420,"top":193,"width":60,"x":360,"y":193},"hit":"","rect":{"bottom":243,"height":50,"left":190,"right":590,"top":193,"width":400,"x":190,"y":193},"scroll":170}
ok
test firefox_fixed_control_escapes_clip ... Requested browser mode: headless=true
Firefox version: Some("157.0.1")
width=60 nested=false click=Ok(()) observed=[1,true,0] geometry={"clip":{"bottom":160,"height":60,"left":100,"right":160,"top":100,"width":60,"x":100,"y":100},"hit":"","rect":{"bottom":250,"height":50,"left":300,"right":700,"top":200,"width":400,"x":300,"y":200},"scroll":0}
ok
test firefox_narrow_overflow_control ... Requested browser mode: headless=true
Firefox version: Some("157.0.1")
width=3 nested=false click=Ok(()) observed=[1,true,0] geometry={"clip":{"bottom":160,"height":60,"left":100,"right":103,"top":100,"width":3,"x":100,"y":100},"hit":"go","rect":{"bottom":150,"height":50,"left":-98.5,"right":301.5,"top":100,"width":400,"x":-98.5,"y":100},"scroll":198.5}
ok
test firefox_nested_overflow_control ... Requested browser mode: headless=true
Firefox version: Some("157.0.1")
width=60 nested=true click=Ok(()) observed=[1,true,0] geometry={"clip":{"bottom":160,"height":60,"left":80,"right":140,"top":100,"width":60,"x":80,"y":100},"hit":"go","rect":{"bottom":150,"height":50,"left":-90,"right":310,"top":100,"width":400,"x":-90,"y":100},"scroll":170}
ok
test firefox_overflow_hidden_control ... Requested browser mode: headless=true
Firefox version: Some("157.0.1")
width=60 nested=false click=Ok(()) observed=[1,true,0] geometry={"clip":{"bottom":160,"height":60,"left":100,"right":160,"top":100,"width":60,"x":100,"y":100},"hit":"go","rect":{"bottom":150,"height":50,"left":-70,"right":330,"top":100,"width":400,"x":-70,"y":100},"scroll":170}
ok
test firefox_scrolled_overflow_control ... Requested browser mode: headless=true
Firefox version: Some("157.0.1")
width=60 nested=false click=Ok(()) observed=[1,true,0] geometry={"clip":{"bottom":370,"height":60,"left":647,"right":707,"top":310,"width":60,"x":647,"y":310},"hit":"","rect":{"bottom":360,"height":50,"left":477,"right":877,"top":310,"width":400,"x":477,"y":310},"scroll":170}
ok

test result: ok. 10 passed; 0 failed; 0 ignored; 0 measured; 0 filtered out; finished in 12.49s

