   Compiling rustwright-integration-tests v0.1.0 (/workspace/rustwright/tests)
    Finished `test` profile [unoptimized + debuginfo] target(s) in 13.92s
     Running http_actionability.rs (target/debug/deps/http_actionability-4979319a40142347)

running 12 tests
test chrome_blocked_prepare_timeout ... Chrome version: Chrome/151.0.7922.173
ok
test chrome_disabled_aria_ancestor ... Chrome version: Chrome/151.0.7922.173
ok
test chrome_disabled_fieldset ... Chrome version: Chrome/151.0.7922.173
ok
test chrome_disabled_timeout ... Chrome version: Chrome/151.0.7922.173
ok
test chrome_move_on_hover ... Chrome version: Chrome/151.0.7922.173
ok
test chrome_transient_overlay ... Chrome version: Chrome/151.0.7922.173
ok
test firefox_blocked_prepare_timeout ... Firefox version: Some("157.0.1")
ok
test firefox_disabled_aria_ancestor ... Firefox version: Some("157.0.1")
ok
test firefox_disabled_fieldset ... Firefox version: Some("157.0.1")
ok
test firefox_disabled_timeout ... Firefox version: Some("157.0.1")
ok
test firefox_move_on_hover ... Firefox version: Some("157.0.1")
ok
test firefox_transient_overlay ... Firefox version: Some("157.0.1")
ok

test result: ok. 12 passed; 0 failed; 0 ignored; 0 measured; 0 filtered out; finished in 25.47s

     Running http_clipped_control.rs (target/debug/deps/http_clipped_control-ff90287c6e7ffd1d)

running 10 tests
test chrome_fixed_control_escapes_clip ... Chrome version: Chrome/151.0.7922.173
width=60 nested=false click=Ok(()) observed=[1,true,0] geometry={"clip":{"bottom":160,"height":60,"left":100,"right":160,"top":100,"width":60,"x":100,"y":100},"hit":"","rect":{"bottom":250,"height":50,"left":300,"right":700,"top":200,"width":400,"x":300,"y":200},"scroll":0}
ok
test chrome_narrow_overflow_control ... Chrome version: Chrome/151.0.7922.173
width=3 nested=false click=Ok(()) observed=[1,true,0] geometry={"clip":{"bottom":160,"height":60,"left":100,"right":103,"top":100,"width":3,"x":100,"y":100},"hit":"go","rect":{"bottom":150,"height":50,"left":-99,"right":301,"top":100,"width":400,"x":-99,"y":100},"scroll":199}
ok
test chrome_nested_overflow_control ... Chrome version: Chrome/151.0.7922.173
width=60 nested=true click=Ok(()) observed=[1,true,0] geometry={"clip":{"bottom":160,"height":60,"left":80,"right":140,"top":100,"width":60,"x":80,"y":100},"hit":"go","rect":{"bottom":150,"height":50,"left":-90,"right":310,"top":100,"width":400,"x":-90,"y":100},"scroll":170}
ok
test chrome_overflow_hidden_control ... Chrome version: Chrome/151.0.7922.173
width=60 nested=false click=Ok(()) observed=[1,true,0] geometry={"clip":{"bottom":160,"height":60,"left":100,"right":160,"top":100,"width":60,"x":100,"y":100},"hit":"go","rect":{"bottom":150,"height":50,"left":-70,"right":330,"top":100,"width":400,"x":-70,"y":100},"scroll":170}
ok
test chrome_scrolled_overflow_control ... Chrome version: Chrome/151.0.7922.173
width=60 nested=false click=Ok(()) observed=[1,true,0] geometry={"clip":{"bottom":281,"height":60,"left":360,"right":420,"top":221,"width":60,"x":360,"y":221},"hit":"","rect":{"bottom":271,"height":50,"left":190,"right":590,"top":221,"width":400,"x":190,"y":221},"scroll":170}
ok
test firefox_fixed_control_escapes_clip ... Firefox version: Some("157.0.1")
width=60 nested=false click=Ok(()) observed=[1,true,0] geometry={"clip":{"bottom":160,"height":60,"left":100,"right":160,"top":100,"width":60,"x":100,"y":100},"hit":"","rect":{"bottom":250,"height":50,"left":300,"right":700,"top":200,"width":400,"x":300,"y":200},"scroll":0}
ok
test firefox_narrow_overflow_control ... Firefox version: Some("157.0.1")
width=3 nested=false click=Ok(()) observed=[1,true,0] geometry={"clip":{"bottom":160,"height":60,"left":100,"right":103,"top":100,"width":3,"x":100,"y":100},"hit":"go","rect":{"bottom":150,"height":50,"left":-98.5,"right":301.5,"top":100,"width":400,"x":-98.5,"y":100},"scroll":198.5}
ok
test firefox_nested_overflow_control ... Firefox version: Some("157.0.1")
width=60 nested=true click=Ok(()) observed=[1,true,0] geometry={"clip":{"bottom":160,"height":60,"left":80,"right":140,"top":100,"width":60,"x":80,"y":100},"hit":"go","rect":{"bottom":150,"height":50,"left":-90,"right":310,"top":100,"width":400,"x":-90,"y":100},"scroll":170}
ok
test firefox_overflow_hidden_control ... Firefox version: Some("157.0.1")
width=60 nested=false click=Ok(()) observed=[1,true,0] geometry={"clip":{"bottom":160,"height":60,"left":100,"right":160,"top":100,"width":60,"x":100,"y":100},"hit":"go","rect":{"bottom":150,"height":50,"left":-70,"right":330,"top":100,"width":400,"x":-70,"y":100},"scroll":170}
ok
test firefox_scrolled_overflow_control ... Firefox version: Some("157.0.1")
width=60 nested=false click=Ok(()) observed=[1,true,0] geometry={"clip":{"bottom":349,"height":60,"left":647,"right":707,"top":289,"width":60,"x":647,"y":289},"hit":"","rect":{"bottom":339,"height":50,"left":477,"right":877,"top":289,"width":400,"x":477,"y":289},"scroll":170}
ok

test result: ok. 10 passed; 0 failed; 0 ignored; 0 measured; 0 filtered out; finished in 19.43s

     Running http_compat.rs (target/debug/deps/http_compat-13835e7b87cc4bc8)

running 24 tests
test chrome_cancelled_wait_recovers ... Chrome version: Chrome/151.0.7922.173
ok
test chrome_closing_page_wakes_wait ... Chrome version: Chrome/151.0.7922.173
ok
test chrome_delayed_and_absent_elements ... Chrome version: Chrome/151.0.7922.173
ok
test chrome_disconnect_wakes_wait ... Chrome version: Chrome/151.0.7922.173
ok
test chrome_frame_click ... Chrome version: Chrome/151.0.7922.173
ok
test chrome_frame_hover_and_keyboard ... Chrome version: Chrome/151.0.7922.173
ok
test chrome_frame_reload ... Chrome version: Chrome/151.0.7922.173
ok
test chrome_isolated_popup_ownership ... Chrome version: Chrome/151.0.7922.173
ok
test chrome_isolated_storage ... Chrome version: Chrome/151.0.7922.173
ok
test chrome_javascript_exceptions ... Chrome version: Chrome/151.0.7922.173
ok
test chrome_navigation_and_forms ... Chrome version: Chrome/151.0.7922.173
ok
test chrome_wait_deadline ... Chrome version: Chrome/151.0.7922.173
ok
test firefox_cancelled_wait_recovers ... Firefox version: Some("157.0.1")
ok
test firefox_closing_page_wakes_wait ... Firefox version: Some("157.0.1")
ok
test firefox_delayed_and_absent_elements ... Firefox version: Some("157.0.1")
ok
test firefox_disconnect_wakes_wait ... Firefox version: Some("157.0.1")
ok
test firefox_frame_click ... Firefox version: Some("157.0.1")
ok
test firefox_frame_hover_and_keyboard ... Firefox version: Some("157.0.1")
ok
test firefox_frame_reload ... Firefox version: Some("157.0.1")
ok
test firefox_isolated_popup_ownership ... Firefox version: Some("157.0.1")
ok
test firefox_isolated_storage ... Firefox version: Some("157.0.1")
ok
test firefox_javascript_exceptions ... Firefox version: Some("157.0.1")
ok
test firefox_navigation_and_forms ... Firefox version: Some("157.0.1")
ok
test firefox_wait_deadline ... Firefox version: Some("157.0.1")
ok

test result: ok. 24 passed; 0 failed; 0 ignored; 0 measured; 0 filtered out; finished in 47.04s

     Running http_contexts.rs (target/debug/deps/http_contexts-7790aada98a9b338)

running 10 tests
test browser_disconnect_wakes_a_pending_page_wait ... ok
test cancelled_popup_wait_does_not_stop_future_discovery ... ok
test closed_pages_are_removed_from_the_context_list ... ok
test concurrent_refresh_shares_one_page_session_and_route_state ... ok
test concurrent_waiters_adopt_distinct_popups ... ok
test connected_browser_excludes_another_clients_isolated_context ... ok
test context_close_wakes_a_pending_page_wait ... ok
test default_discovery_does_not_adopt_isolated_pages ... ok
test default_popup_wait_ignores_isolated_target_created_events ... ok
test isolated_popup_wait_ignores_default_and_other_isolated_contexts ... ok

test result: ok. 10 passed; 0 failed; 0 ignored; 0 measured; 0 filtered out; finished in 10.99s

     Running http_creation.rs (target/debug/deps/http_creation-56c8e51711cc4f3c)

running 2 tests
test chrome_cancelled_creation_releases_native_resources ... {"context_ids":[],"contexts":0,"cycle":1,"engine":"chrome","existing_page_preserved":true,"helper_preloads":null,"mode":"context","page_ids":["9627474AF4AED08A670E580DD66DF664","ED2699DCB6EC4B54D26B8C82C4BEE2B8"],"pages":2,"pending":0,"subsequent_page_usable":true,"version":"Chrome/151.0.7922.173"}
{"context_ids":[],"contexts":0,"cycle":2,"engine":"chrome","existing_page_preserved":true,"helper_preloads":null,"mode":"context","page_ids":["9627474AF4AED08A670E580DD66DF664","ED2699DCB6EC4B54D26B8C82C4BEE2B8"],"pages":2,"pending":0,"subsequent_page_usable":true,"version":"Chrome/151.0.7922.173"}
{"context_ids":[],"contexts":0,"cycle":3,"engine":"chrome","existing_page_preserved":true,"helper_preloads":null,"mode":"context","page_ids":["9627474AF4AED08A670E580DD66DF664","ED2699DCB6EC4B54D26B8C82C4BEE2B8"],"pages":2,"pending":0,"subsequent_page_usable":true,"version":"Chrome/151.0.7922.173"}
{"context_ids":[],"contexts":0,"cycle":4,"engine":"chrome","existing_page_preserved":true,"helper_preloads":null,"mode":"context","page_ids":["9627474AF4AED08A670E580DD66DF664","ED2699DCB6EC4B54D26B8C82C4BEE2B8"],"pages":2,"pending":0,"subsequent_page_usable":true,"version":"Chrome/151.0.7922.173"}
{"context_ids":[],"contexts":0,"cycle":5,"engine":"chrome","existing_page_preserved":true,"helper_preloads":null,"mode":"context","page_ids":["9627474AF4AED08A670E580DD66DF664","ED2699DCB6EC4B54D26B8C82C4BEE2B8"],"pages":2,"pending":0,"subsequent_page_usable":true,"version":"Chrome/151.0.7922.173"}
{"context_ids":[],"contexts":0,"cycle":6,"engine":"chrome","existing_page_preserved":true,"helper_preloads":null,"mode":"context","page_ids":["9627474AF4AED08A670E580DD66DF664","ED2699DCB6EC4B54D26B8C82C4BEE2B8"],"pages":2,"pending":0,"subsequent_page_usable":true,"version":"Chrome/151.0.7922.173"}
{"context_ids":[],"contexts":0,"cycle":7,"engine":"chrome","existing_page_preserved":true,"helper_preloads":null,"mode":"context","page_ids":["9627474AF4AED08A670E580DD66DF664","ED2699DCB6EC4B54D26B8C82C4BEE2B8"],"pages":2,"pending":0,"subsequent_page_usable":true,"version":"Chrome/151.0.7922.173"}
{"context_ids":[],"contexts":0,"cycle":8,"engine":"chrome","existing_page_preserved":true,"helper_preloads":null,"mode":"context","page_ids":["9627474AF4AED08A670E580DD66DF664","ED2699DCB6EC4B54D26B8C82C4BEE2B8"],"pages":2,"pending":0,"subsequent_page_usable":true,"version":"Chrome/151.0.7922.173"}
{"context_ids":[],"contexts":0,"cycle":9,"engine":"chrome","existing_page_preserved":true,"helper_preloads":null,"mode":"context","page_ids":["9627474AF4AED08A670E580DD66DF664","ED2699DCB6EC4B54D26B8C82C4BEE2B8"],"pages":2,"pending":0,"subsequent_page_usable":true,"version":"Chrome/151.0.7922.173"}
{"context_ids":[],"contexts":0,"cycle":10,"engine":"chrome","existing_page_preserved":true,"helper_preloads":null,"mode":"context","page_ids":["9627474AF4AED08A670E580DD66DF664","ED2699DCB6EC4B54D26B8C82C4BEE2B8"],"pages":2,"pending":0,"subsequent_page_usable":true,"version":"Chrome/151.0.7922.173"}
{"context_ids":[],"contexts":0,"cycle":1,"engine":"chrome","existing_page_preserved":true,"helper_preloads":null,"mode":"default-create","page_ids":["9627474AF4AED08A670E580DD66DF664","ED2699DCB6EC4B54D26B8C82C4BEE2B8"],"pages":2,"pending":0,"subsequent_page_usable":true,"version":"Chrome/151.0.7922.173"}
{"context_ids":[],"contexts":0,"cycle":2,"engine":"chrome","existing_page_preserved":true,"helper_preloads":null,"mode":"default-create","page_ids":["9627474AF4AED08A670E580DD66DF664","ED2699DCB6EC4B54D26B8C82C4BEE2B8"],"pages":2,"pending":0,"subsequent_page_usable":true,"version":"Chrome/151.0.7922.173"}
{"context_ids":[],"contexts":0,"cycle":3,"engine":"chrome","existing_page_preserved":true,"helper_preloads":null,"mode":"default-create","page_ids":["9627474AF4AED08A670E580DD66DF664","ED2699DCB6EC4B54D26B8C82C4BEE2B8"],"pages":2,"pending":0,"subsequent_page_usable":true,"version":"Chrome/151.0.7922.173"}
{"context_ids":[],"contexts":0,"cycle":4,"engine":"chrome","existing_page_preserved":true,"helper_preloads":null,"mode":"default-create","page_ids":["9627474AF4AED08A670E580DD66DF664","ED2699DCB6EC4B54D26B8C82C4BEE2B8"],"pages":2,"pending":0,"subsequent_page_usable":true,"version":"Chrome/151.0.7922.173"}
{"context_ids":[],"contexts":0,"cycle":5,"engine":"chrome","existing_page_preserved":true,"helper_preloads":null,"mode":"default-create","page_ids":["9627474AF4AED08A670E580DD66DF664","ED2699DCB6EC4B54D26B8C82C4BEE2B8"],"pages":2,"pending":0,"subsequent_page_usable":true,"version":"Chrome/151.0.7922.173"}
{"context_ids":[],"contexts":0,"cycle":6,"engine":"chrome","existing_page_preserved":true,"helper_preloads":null,"mode":"default-create","page_ids":["9627474AF4AED08A670E580DD66DF664","ED2699DCB6EC4B54D26B8C82C4BEE2B8"],"pages":2,"pending":0,"subsequent_page_usable":true,"version":"Chrome/151.0.7922.173"}
{"context_ids":[],"contexts":0,"cycle":7,"engine":"chrome","existing_page_preserved":true,"helper_preloads":null,"mode":"default-create","page_ids":["9627474AF4AED08A670E580DD66DF664","ED2699DCB6EC4B54D26B8C82C4BEE2B8"],"pages":2,"pending":0,"subsequent_page_usable":true,"version":"Chrome/151.0.7922.173"}
{"context_ids":[],"contexts":0,"cycle":8,"engine":"chrome","existing_page_preserved":true,"helper_preloads":null,"mode":"default-create","page_ids":["9627474AF4AED08A670E580DD66DF664","ED2699DCB6EC4B54D26B8C82C4BEE2B8"],"pages":2,"pending":0,"subsequent_page_usable":true,"version":"Chrome/151.0.7922.173"}
{"context_ids":[],"contexts":0,"cycle":9,"engine":"chrome","existing_page_preserved":true,"helper_preloads":null,"mode":"default-create","page_ids":["9627474AF4AED08A670E580DD66DF664","ED2699DCB6EC4B54D26B8C82C4BEE2B8"],"pages":2,"pending":0,"subsequent_page_usable":true,"version":"Chrome/151.0.7922.173"}
{"context_ids":[],"contexts":0,"cycle":10,"engine":"chrome","existing_page_preserved":true,"helper_preloads":null,"mode":"default-create","page_ids":["9627474AF4AED08A670E580DD66DF664","ED2699DCB6EC4B54D26B8C82C4BEE2B8"],"pages":2,"pending":0,"subsequent_page_usable":true,"version":"Chrome/151.0.7922.173"}
{"context_ids":[],"contexts":0,"cycle":1,"engine":"chrome","existing_page_preserved":true,"helper_preloads":null,"mode":"default-init","page_ids":["9627474AF4AED08A670E580DD66DF664","ED2699DCB6EC4B54D26B8C82C4BEE2B8"],"pages":2,"pending":0,"subsequent_page_usable":true,"version":"Chrome/151.0.7922.173"}
{"context_ids":[],"contexts":0,"cycle":2,"engine":"chrome","existing_page_preserved":true,"helper_preloads":null,"mode":"default-init","page_ids":["9627474AF4AED08A670E580DD66DF664","ED2699DCB6EC4B54D26B8C82C4BEE2B8"],"pages":2,"pending":0,"subsequent_page_usable":true,"version":"Chrome/151.0.7922.173"}
{"context_ids":[],"contexts":0,"cycle":3,"engine":"chrome","existing_page_preserved":true,"helper_preloads":null,"mode":"default-init","page_ids":["9627474AF4AED08A670E580DD66DF664","ED2699DCB6EC4B54D26B8C82C4BEE2B8"],"pages":2,"pending":0,"subsequent_page_usable":true,"version":"Chrome/151.0.7922.173"}
{"context_ids":[],"contexts":0,"cycle":4,"engine":"chrome","existing_page_preserved":true,"helper_preloads":null,"mode":"default-init","page_ids":["9627474AF4AED08A670E580DD66DF664","ED2699DCB6EC4B54D26B8C82C4BEE2B8"],"pages":2,"pending":0,"subsequent_page_usable":true,"version":"Chrome/151.0.7922.173"}
{"context_ids":[],"contexts":0,"cycle":5,"engine":"chrome","existing_page_preserved":true,"helper_preloads":null,"mode":"default-init","page_ids":["9627474AF4AED08A670E580DD66DF664","ED2699DCB6EC4B54D26B8C82C4BEE2B8"],"pages":2,"pending":0,"subsequent_page_usable":true,"version":"Chrome/151.0.7922.173"}
{"context_ids":[],"contexts":0,"cycle":6,"engine":"chrome","existing_page_preserved":true,"helper_preloads":null,"mode":"default-init","page_ids":["9627474AF4AED08A670E580DD66DF664","ED2699DCB6EC4B54D26B8C82C4BEE2B8"],"pages":2,"pending":0,"subsequent_page_usable":true,"version":"Chrome/151.0.7922.173"}
{"context_ids":[],"contexts":0,"cycle":7,"engine":"chrome","existing_page_preserved":true,"helper_preloads":null,"mode":"default-init","page_ids":["9627474AF4AED08A670E580DD66DF664","ED2699DCB6EC4B54D26B8C82C4BEE2B8"],"pages":2,"pending":0,"subsequent_page_usable":true,"version":"Chrome/151.0.7922.173"}
{"context_ids":[],"contexts":0,"cycle":8,"engine":"chrome","existing_page_preserved":true,"helper_preloads":null,"mode":"default-init","page_ids":["9627474AF4AED08A670E580DD66DF664","ED2699DCB6EC4B54D26B8C82C4BEE2B8"],"pages":2,"pending":0,"subsequent_page_usable":true,"version":"Chrome/151.0.7922.173"}
{"context_ids":[],"contexts":0,"cycle":9,"engine":"chrome","existing_page_preserved":true,"helper_preloads":null,"mode":"default-init","page_ids":["9627474AF4AED08A670E580DD66DF664","ED2699DCB6EC4B54D26B8C82C4BEE2B8"],"pages":2,"pending":0,"subsequent_page_usable":true,"version":"Chrome/151.0.7922.173"}
{"context_ids":[],"contexts":0,"cycle":10,"engine":"chrome","existing_page_preserved":true,"helper_preloads":null,"mode":"default-init","page_ids":["9627474AF4AED08A670E580DD66DF664","ED2699DCB6EC4B54D26B8C82C4BEE2B8"],"pages":2,"pending":0,"subsequent_page_usable":true,"version":"Chrome/151.0.7922.173"}
{"context_ids":["02672B17D6E6A9C009EA3B56152ABFDA"],"contexts":1,"cycle":1,"engine":"chrome","existing_page_preserved":true,"helper_preloads":null,"mode":"isolated-create","page_ids":["9627474AF4AED08A670E580DD66DF664","ED2699DCB6EC4B54D26B8C82C4BEE2B8"],"pages":2,"pending":0,"subsequent_page_usable":true,"version":"Chrome/151.0.7922.173"}
{"context_ids":["02672B17D6E6A9C009EA3B56152ABFDA"],"contexts":1,"cycle":2,"engine":"chrome","existing_page_preserved":true,"helper_preloads":null,"mode":"isolated-create","page_ids":["9627474AF4AED08A670E580DD66DF664","ED2699DCB6EC4B54D26B8C82C4BEE2B8"],"pages":2,"pending":0,"subsequent_page_usable":true,"version":"Chrome/151.0.7922.173"}
{"context_ids":["02672B17D6E6A9C009EA3B56152ABFDA"],"contexts":1,"cycle":3,"engine":"chrome","existing_page_preserved":true,"helper_preloads":null,"mode":"isolated-create","page_ids":["9627474AF4AED08A670E580DD66DF664","ED2699DCB6EC4B54D26B8C82C4BEE2B8"],"pages":2,"pending":0,"subsequent_page_usable":true,"version":"Chrome/151.0.7922.173"}
{"context_ids":["02672B17D6E6A9C009EA3B56152ABFDA"],"contexts":1,"cycle":4,"engine":"chrome","existing_page_preserved":true,"helper_preloads":null,"mode":"isolated-create","page_ids":["9627474AF4AED08A670E580DD66DF664","ED2699DCB6EC4B54D26B8C82C4BEE2B8"],"pages":2,"pending":0,"subsequent_page_usable":true,"version":"Chrome/151.0.7922.173"}
{"context_ids":["02672B17D6E6A9C009EA3B56152ABFDA"],"contexts":1,"cycle":5,"engine":"chrome","existing_page_preserved":true,"helper_preloads":null,"mode":"isolated-create","page_ids":["9627474AF4AED08A670E580DD66DF664","ED2699DCB6EC4B54D26B8C82C4BEE2B8"],"pages":2,"pending":0,"subsequent_page_usable":true,"version":"Chrome/151.0.7922.173"}
{"context_ids":["02672B17D6E6A9C009EA3B56152ABFDA"],"contexts":1,"cycle":6,"engine":"chrome","existing_page_preserved":true,"helper_preloads":null,"mode":"isolated-create","page_ids":["9627474AF4AED08A670E580DD66DF664","ED2699DCB6EC4B54D26B8C82C4BEE2B8"],"pages":2,"pending":0,"subsequent_page_usable":true,"version":"Chrome/151.0.7922.173"}
{"context_ids":["02672B17D6E6A9C009EA3B56152ABFDA"],"contexts":1,"cycle":7,"engine":"chrome","existing_page_preserved":true,"helper_preloads":null,"mode":"isolated-create","page_ids":["9627474AF4AED08A670E580DD66DF664","ED2699DCB6EC4B54D26B8C82C4BEE2B8"],"pages":2,"pending":0,"subsequent_page_usable":true,"version":"Chrome/151.0.7922.173"}
{"context_ids":["02672B17D6E6A9C009EA3B56152ABFDA"],"contexts":1,"cycle":8,"engine":"chrome","existing_page_preserved":true,"helper_preloads":null,"mode":"isolated-create","page_ids":["9627474AF4AED08A670E580DD66DF664","ED2699DCB6EC4B54D26B8C82C4BEE2B8"],"pages":2,"pending":0,"subsequent_page_usable":true,"version":"Chrome/151.0.7922.173"}
{"context_ids":["02672B17D6E6A9C009EA3B56152ABFDA"],"contexts":1,"cycle":9,"engine":"chrome","existing_page_preserved":true,"helper_preloads":null,"mode":"isolated-create","page_ids":["9627474AF4AED08A670E580DD66DF664","ED2699DCB6EC4B54D26B8C82C4BEE2B8"],"pages":2,"pending":0,"subsequent_page_usable":true,"version":"Chrome/151.0.7922.173"}
{"context_ids":["02672B17D6E6A9C009EA3B56152ABFDA"],"contexts":1,"cycle":10,"engine":"chrome","existing_page_preserved":true,"helper_preloads":null,"mode":"isolated-create","page_ids":["9627474AF4AED08A670E580DD66DF664","ED2699DCB6EC4B54D26B8C82C4BEE2B8"],"pages":2,"pending":0,"subsequent_page_usable":true,"version":"Chrome/151.0.7922.173"}
{"context_ids":["803A41D06750B97A138AF16CBB0208B3"],"contexts":1,"cycle":1,"engine":"chrome","existing_page_preserved":true,"helper_preloads":null,"mode":"isolated-init","page_ids":["9627474AF4AED08A670E580DD66DF664","ED2699DCB6EC4B54D26B8C82C4BEE2B8"],"pages":2,"pending":0,"subsequent_page_usable":true,"version":"Chrome/151.0.7922.173"}
{"context_ids":["803A41D06750B97A138AF16CBB0208B3"],"contexts":1,"cycle":2,"engine":"chrome","existing_page_preserved":true,"helper_preloads":null,"mode":"isolated-init","page_ids":["9627474AF4AED08A670E580DD66DF664","ED2699DCB6EC4B54D26B8C82C4BEE2B8"],"pages":2,"pending":0,"subsequent_page_usable":true,"version":"Chrome/151.0.7922.173"}
{"context_ids":["803A41D06750B97A138AF16CBB0208B3"],"contexts":1,"cycle":3,"engine":"chrome","existing_page_preserved":true,"helper_preloads":null,"mode":"isolated-init","page_ids":["9627474AF4AED08A670E580DD66DF664","ED2699DCB6EC4B54D26B8C82C4BEE2B8"],"pages":2,"pending":0,"subsequent_page_usable":true,"version":"Chrome/151.0.7922.173"}
{"context_ids":["803A41D06750B97A138AF16CBB0208B3"],"contexts":1,"cycle":4,"engine":"chrome","existing_page_preserved":true,"helper_preloads":null,"mode":"isolated-init","page_ids":["9627474AF4AED08A670E580DD66DF664","ED2699DCB6EC4B54D26B8C82C4BEE2B8"],"pages":2,"pending":0,"subsequent_page_usable":true,"version":"Chrome/151.0.7922.173"}
{"context_ids":["803A41D06750B97A138AF16CBB0208B3"],"contexts":1,"cycle":5,"engine":"chrome","existing_page_preserved":true,"helper_preloads":null,"mode":"isolated-init","page_ids":["9627474AF4AED08A670E580DD66DF664","ED2699DCB6EC4B54D26B8C82C4BEE2B8"],"pages":2,"pending":0,"subsequent_page_usable":true,"version":"Chrome/151.0.7922.173"}
{"context_ids":["803A41D06750B97A138AF16CBB0208B3"],"contexts":1,"cycle":6,"engine":"chrome","existing_page_preserved":true,"helper_preloads":null,"mode":"isolated-init","page_ids":["9627474AF4AED08A670E580DD66DF664","ED2699DCB6EC4B54D26B8C82C4BEE2B8"],"pages":2,"pending":0,"subsequent_page_usable":true,"version":"Chrome/151.0.7922.173"}
{"context_ids":["803A41D06750B97A138AF16CBB0208B3"],"contexts":1,"cycle":7,"engine":"chrome","existing_page_preserved":true,"helper_preloads":null,"mode":"isolated-init","page_ids":["9627474AF4AED08A670E580DD66DF664","ED2699DCB6EC4B54D26B8C82C4BEE2B8"],"pages":2,"pending":0,"subsequent_page_usable":true,"version":"Chrome/151.0.7922.173"}
{"context_ids":["803A41D06750B97A138AF16CBB0208B3"],"contexts":1,"cycle":8,"engine":"chrome","existing_page_preserved":true,"helper_preloads":null,"mode":"isolated-init","page_ids":["9627474AF4AED08A670E580DD66DF664","ED2699DCB6EC4B54D26B8C82C4BEE2B8"],"pages":2,"pending":0,"subsequent_page_usable":true,"version":"Chrome/151.0.7922.173"}
{"context_ids":["803A41D06750B97A138AF16CBB0208B3"],"contexts":1,"cycle":9,"engine":"chrome","existing_page_preserved":true,"helper_preloads":null,"mode":"isolated-init","page_ids":["9627474AF4AED08A670E580DD66DF664","ED2699DCB6EC4B54D26B8C82C4BEE2B8"],"pages":2,"pending":0,"subsequent_page_usable":true,"version":"Chrome/151.0.7922.173"}
{"context_ids":["803A41D06750B97A138AF16CBB0208B3"],"contexts":1,"cycle":10,"engine":"chrome","existing_page_preserved":true,"helper_preloads":null,"mode":"isolated-init","page_ids":["9627474AF4AED08A670E580DD66DF664","ED2699DCB6EC4B54D26B8C82C4BEE2B8"],"pages":2,"pending":0,"subsequent_page_usable":true,"version":"Chrome/151.0.7922.173"}
ok
test firefox_cancelled_creation_releases_native_resources ... {"context_ids":["1323abbf-daee-4fe8-b76b-d8cb813c264a","2466aea8-4462-4387-88ce-33b6515ed85d","af0cad4f-c8fa-43f7-a6af-cb1a6effdf8e","default","f2f9f2ad-63e3-4672-ba22-b863d13b39fc"],"contexts":5,"cycle":1,"engine":"firefox","existing_page_preserved":true,"helper_preloads":1,"mode":"context","page_ids":["3a70b45c-206c-4225-b1fc-f658ef65af36","fa2e1ed2-5bbf-49a7-bfd5-8b4f888f66f9"],"pages":2,"pending":0,"subsequent_page_usable":true,"version":"157.0.1"}
{"context_ids":["1323abbf-daee-4fe8-b76b-d8cb813c264a","2466aea8-4462-4387-88ce-33b6515ed85d","af0cad4f-c8fa-43f7-a6af-cb1a6effdf8e","default","f2f9f2ad-63e3-4672-ba22-b863d13b39fc"],"contexts":5,"cycle":2,"engine":"firefox","existing_page_preserved":true,"helper_preloads":1,"mode":"context","page_ids":["3a70b45c-206c-4225-b1fc-f658ef65af36","fa2e1ed2-5bbf-49a7-bfd5-8b4f888f66f9"],"pages":2,"pending":0,"subsequent_page_usable":true,"version":"157.0.1"}
{"context_ids":["1323abbf-daee-4fe8-b76b-d8cb813c264a","2466aea8-4462-4387-88ce-33b6515ed85d","af0cad4f-c8fa-43f7-a6af-cb1a6effdf8e","default","f2f9f2ad-63e3-4672-ba22-b863d13b39fc"],"contexts":5,"cycle":3,"engine":"firefox","existing_page_preserved":true,"helper_preloads":1,"mode":"context","page_ids":["3a70b45c-206c-4225-b1fc-f658ef65af36","fa2e1ed2-5bbf-49a7-bfd5-8b4f888f66f9"],"pages":2,"pending":0,"subsequent_page_usable":true,"version":"157.0.1"}
{"context_ids":["1323abbf-daee-4fe8-b76b-d8cb813c264a","2466aea8-4462-4387-88ce-33b6515ed85d","af0cad4f-c8fa-43f7-a6af-cb1a6effdf8e","default","f2f9f2ad-63e3-4672-ba22-b863d13b39fc"],"contexts":5,"cycle":4,"engine":"firefox","existing_page_preserved":true,"helper_preloads":1,"mode":"context","page_ids":["3a70b45c-206c-4225-b1fc-f658ef65af36","fa2e1ed2-5bbf-49a7-bfd5-8b4f888f66f9"],"pages":2,"pending":0,"subsequent_page_usable":true,"version":"157.0.1"}
{"context_ids":["1323abbf-daee-4fe8-b76b-d8cb813c264a","2466aea8-4462-4387-88ce-33b6515ed85d","af0cad4f-c8fa-43f7-a6af-cb1a6effdf8e","default","f2f9f2ad-63e3-4672-ba22-b863d13b39fc"],"contexts":5,"cycle":5,"engine":"firefox","existing_page_preserved":true,"helper_preloads":1,"mode":"context","page_ids":["3a70b45c-206c-4225-b1fc-f658ef65af36","fa2e1ed2-5bbf-49a7-bfd5-8b4f888f66f9"],"pages":2,"pending":0,"subsequent_page_usable":true,"version":"157.0.1"}
{"context_ids":["1323abbf-daee-4fe8-b76b-d8cb813c264a","2466aea8-4462-4387-88ce-33b6515ed85d","af0cad4f-c8fa-43f7-a6af-cb1a6effdf8e","default","f2f9f2ad-63e3-4672-ba22-b863d13b39fc"],"contexts":5,"cycle":6,"engine":"firefox","existing_page_preserved":true,"helper_preloads":1,"mode":"context","page_ids":["3a70b45c-206c-4225-b1fc-f658ef65af36","fa2e1ed2-5bbf-49a7-bfd5-8b4f888f66f9"],"pages":2,"pending":0,"subsequent_page_usable":true,"version":"157.0.1"}
{"context_ids":["1323abbf-daee-4fe8-b76b-d8cb813c264a","2466aea8-4462-4387-88ce-33b6515ed85d","af0cad4f-c8fa-43f7-a6af-cb1a6effdf8e","default","f2f9f2ad-63e3-4672-ba22-b863d13b39fc"],"contexts":5,"cycle":7,"engine":"firefox","existing_page_preserved":true,"helper_preloads":1,"mode":"context","page_ids":["3a70b45c-206c-4225-b1fc-f658ef65af36","fa2e1ed2-5bbf-49a7-bfd5-8b4f888f66f9"],"pages":2,"pending":0,"subsequent_page_usable":true,"version":"157.0.1"}
{"context_ids":["1323abbf-daee-4fe8-b76b-d8cb813c264a","2466aea8-4462-4387-88ce-33b6515ed85d","af0cad4f-c8fa-43f7-a6af-cb1a6effdf8e","default","f2f9f2ad-63e3-4672-ba22-b863d13b39fc"],"contexts":5,"cycle":8,"engine":"firefox","existing_page_preserved":true,"helper_preloads":1,"mode":"context","page_ids":["3a70b45c-206c-4225-b1fc-f658ef65af36","fa2e1ed2-5bbf-49a7-bfd5-8b4f888f66f9"],"pages":2,"pending":0,"subsequent_page_usable":true,"version":"157.0.1"}
{"context_ids":["1323abbf-daee-4fe8-b76b-d8cb813c264a","2466aea8-4462-4387-88ce-33b6515ed85d","af0cad4f-c8fa-43f7-a6af-cb1a6effdf8e","default","f2f9f2ad-63e3-4672-ba22-b863d13b39fc"],"contexts":5,"cycle":9,"engine":"firefox","existing_page_preserved":true,"helper_preloads":1,"mode":"context","page_ids":["3a70b45c-206c-4225-b1fc-f658ef65af36","fa2e1ed2-5bbf-49a7-bfd5-8b4f888f66f9"],"pages":2,"pending":0,"subsequent_page_usable":true,"version":"157.0.1"}
{"context_ids":["1323abbf-daee-4fe8-b76b-d8cb813c264a","2466aea8-4462-4387-88ce-33b6515ed85d","af0cad4f-c8fa-43f7-a6af-cb1a6effdf8e","default","f2f9f2ad-63e3-4672-ba22-b863d13b39fc"],"contexts":5,"cycle":10,"engine":"firefox","existing_page_preserved":true,"helper_preloads":1,"mode":"context","page_ids":["3a70b45c-206c-4225-b1fc-f658ef65af36","fa2e1ed2-5bbf-49a7-bfd5-8b4f888f66f9"],"pages":2,"pending":0,"subsequent_page_usable":true,"version":"157.0.1"}
{"context_ids":["1323abbf-daee-4fe8-b76b-d8cb813c264a","2466aea8-4462-4387-88ce-33b6515ed85d","af0cad4f-c8fa-43f7-a6af-cb1a6effdf8e","default","f2f9f2ad-63e3-4672-ba22-b863d13b39fc"],"contexts":5,"cycle":1,"engine":"firefox","existing_page_preserved":true,"helper_preloads":1,"mode":"default-create","page_ids":["3a70b45c-206c-4225-b1fc-f658ef65af36","fa2e1ed2-5bbf-49a7-bfd5-8b4f888f66f9"],"pages":2,"pending":0,"subsequent_page_usable":true,"version":"157.0.1"}
{"context_ids":["1323abbf-daee-4fe8-b76b-d8cb813c264a","2466aea8-4462-4387-88ce-33b6515ed85d","af0cad4f-c8fa-43f7-a6af-cb1a6effdf8e","default","f2f9f2ad-63e3-4672-ba22-b863d13b39fc"],"contexts":5,"cycle":2,"engine":"firefox","existing_page_preserved":true,"helper_preloads":1,"mode":"default-create","page_ids":["3a70b45c-206c-4225-b1fc-f658ef65af36","fa2e1ed2-5bbf-49a7-bfd5-8b4f888f66f9"],"pages":2,"pending":0,"subsequent_page_usable":true,"version":"157.0.1"}
{"context_ids":["1323abbf-daee-4fe8-b76b-d8cb813c264a","2466aea8-4462-4387-88ce-33b6515ed85d","af0cad4f-c8fa-43f7-a6af-cb1a6effdf8e","default","f2f9f2ad-63e3-4672-ba22-b863d13b39fc"],"contexts":5,"cycle":3,"engine":"firefox","existing_page_preserved":true,"helper_preloads":1,"mode":"default-create","page_ids":["3a70b45c-206c-4225-b1fc-f658ef65af36","fa2e1ed2-5bbf-49a7-bfd5-8b4f888f66f9"],"pages":2,"pending":0,"subsequent_page_usable":true,"version":"157.0.1"}
{"context_ids":["1323abbf-daee-4fe8-b76b-d8cb813c264a","2466aea8-4462-4387-88ce-33b6515ed85d","af0cad4f-c8fa-43f7-a6af-cb1a6effdf8e","default","f2f9f2ad-63e3-4672-ba22-b863d13b39fc"],"contexts":5,"cycle":4,"engine":"firefox","existing_page_preserved":true,"helper_preloads":1,"mode":"default-create","page_ids":["3a70b45c-206c-4225-b1fc-f658ef65af36","fa2e1ed2-5bbf-49a7-bfd5-8b4f888f66f9"],"pages":2,"pending":0,"subsequent_page_usable":true,"version":"157.0.1"}
{"context_ids":["1323abbf-daee-4fe8-b76b-d8cb813c264a","2466aea8-4462-4387-88ce-33b6515ed85d","af0cad4f-c8fa-43f7-a6af-cb1a6effdf8e","default","f2f9f2ad-63e3-4672-ba22-b863d13b39fc"],"contexts":5,"cycle":5,"engine":"firefox","existing_page_preserved":true,"helper_preloads":1,"mode":"default-create","page_ids":["3a70b45c-206c-4225-b1fc-f658ef65af36","fa2e1ed2-5bbf-49a7-bfd5-8b4f888f66f9"],"pages":2,"pending":0,"subsequent_page_usable":true,"version":"157.0.1"}
{"context_ids":["1323abbf-daee-4fe8-b76b-d8cb813c264a","2466aea8-4462-4387-88ce-33b6515ed85d","af0cad4f-c8fa-43f7-a6af-cb1a6effdf8e","default","f2f9f2ad-63e3-4672-ba22-b863d13b39fc"],"contexts":5,"cycle":6,"engine":"firefox","existing_page_preserved":true,"helper_preloads":1,"mode":"default-create","page_ids":["3a70b45c-206c-4225-b1fc-f658ef65af36","fa2e1ed2-5bbf-49a7-bfd5-8b4f888f66f9"],"pages":2,"pending":0,"subsequent_page_usable":true,"version":"157.0.1"}
{"context_ids":["1323abbf-daee-4fe8-b76b-d8cb813c264a","2466aea8-4462-4387-88ce-33b6515ed85d","af0cad4f-c8fa-43f7-a6af-cb1a6effdf8e","default","f2f9f2ad-63e3-4672-ba22-b863d13b39fc"],"contexts":5,"cycle":7,"engine":"firefox","existing_page_preserved":true,"helper_preloads":1,"mode":"default-create","page_ids":["3a70b45c-206c-4225-b1fc-f658ef65af36","fa2e1ed2-5bbf-49a7-bfd5-8b4f888f66f9"],"pages":2,"pending":0,"subsequent_page_usable":true,"version":"157.0.1"}
{"context_ids":["1323abbf-daee-4fe8-b76b-d8cb813c264a","2466aea8-4462-4387-88ce-33b6515ed85d","af0cad4f-c8fa-43f7-a6af-cb1a6effdf8e","default","f2f9f2ad-63e3-4672-ba22-b863d13b39fc"],"contexts":5,"cycle":8,"engine":"firefox","existing_page_preserved":true,"helper_preloads":1,"mode":"default-create","page_ids":["3a70b45c-206c-4225-b1fc-f658ef65af36","fa2e1ed2-5bbf-49a7-bfd5-8b4f888f66f9"],"pages":2,"pending":0,"subsequent_page_usable":true,"version":"157.0.1"}
{"context_ids":["1323abbf-daee-4fe8-b76b-d8cb813c264a","2466aea8-4462-4387-88ce-33b6515ed85d","af0cad4f-c8fa-43f7-a6af-cb1a6effdf8e","default","f2f9f2ad-63e3-4672-ba22-b863d13b39fc"],"contexts":5,"cycle":9,"engine":"firefox","existing_page_preserved":true,"helper_preloads":1,"mode":"default-create","page_ids":["3a70b45c-206c-4225-b1fc-f658ef65af36","fa2e1ed2-5bbf-49a7-bfd5-8b4f888f66f9"],"pages":2,"pending":0,"subsequent_page_usable":true,"version":"157.0.1"}
{"context_ids":["1323abbf-daee-4fe8-b76b-d8cb813c264a","2466aea8-4462-4387-88ce-33b6515ed85d","af0cad4f-c8fa-43f7-a6af-cb1a6effdf8e","default","f2f9f2ad-63e3-4672-ba22-b863d13b39fc"],"contexts":5,"cycle":10,"engine":"firefox","existing_page_preserved":true,"helper_preloads":1,"mode":"default-create","page_ids":["3a70b45c-206c-4225-b1fc-f658ef65af36","fa2e1ed2-5bbf-49a7-bfd5-8b4f888f66f9"],"pages":2,"pending":0,"subsequent_page_usable":true,"version":"157.0.1"}
{"context_ids":["1323abbf-daee-4fe8-b76b-d8cb813c264a","2466aea8-4462-4387-88ce-33b6515ed85d","af0cad4f-c8fa-43f7-a6af-cb1a6effdf8e","default","f2f9f2ad-63e3-4672-ba22-b863d13b39fc"],"contexts":5,"cycle":1,"engine":"firefox","existing_page_preserved":true,"helper_preloads":1,"mode":"default-init","page_ids":["3a70b45c-206c-4225-b1fc-f658ef65af36","fa2e1ed2-5bbf-49a7-bfd5-8b4f888f66f9"],"pages":2,"pending":0,"subsequent_page_usable":true,"version":"157.0.1"}
{"context_ids":["1323abbf-daee-4fe8-b76b-d8cb813c264a","2466aea8-4462-4387-88ce-33b6515ed85d","af0cad4f-c8fa-43f7-a6af-cb1a6effdf8e","default","f2f9f2ad-63e3-4672-ba22-b863d13b39fc"],"contexts":5,"cycle":2,"engine":"firefox","existing_page_preserved":true,"helper_preloads":1,"mode":"default-init","page_ids":["3a70b45c-206c-4225-b1fc-f658ef65af36","fa2e1ed2-5bbf-49a7-bfd5-8b4f888f66f9"],"pages":2,"pending":0,"subsequent_page_usable":true,"version":"157.0.1"}
{"context_ids":["1323abbf-daee-4fe8-b76b-d8cb813c264a","2466aea8-4462-4387-88ce-33b6515ed85d","af0cad4f-c8fa-43f7-a6af-cb1a6effdf8e","default","f2f9f2ad-63e3-4672-ba22-b863d13b39fc"],"contexts":5,"cycle":3,"engine":"firefox","existing_page_preserved":true,"helper_preloads":1,"mode":"default-init","page_ids":["3a70b45c-206c-4225-b1fc-f658ef65af36","fa2e1ed2-5bbf-49a7-bfd5-8b4f888f66f9"],"pages":2,"pending":0,"subsequent_page_usable":true,"version":"157.0.1"}
{"context_ids":["1323abbf-daee-4fe8-b76b-d8cb813c264a","2466aea8-4462-4387-88ce-33b6515ed85d","af0cad4f-c8fa-43f7-a6af-cb1a6effdf8e","default","f2f9f2ad-63e3-4672-ba22-b863d13b39fc"],"contexts":5,"cycle":4,"engine":"firefox","existing_page_preserved":true,"helper_preloads":1,"mode":"default-init","page_ids":["3a70b45c-206c-4225-b1fc-f658ef65af36","fa2e1ed2-5bbf-49a7-bfd5-8b4f888f66f9"],"pages":2,"pending":0,"subsequent_page_usable":true,"version":"157.0.1"}
{"context_ids":["1323abbf-daee-4fe8-b76b-d8cb813c264a","2466aea8-4462-4387-88ce-33b6515ed85d","af0cad4f-c8fa-43f7-a6af-cb1a6effdf8e","default","f2f9f2ad-63e3-4672-ba22-b863d13b39fc"],"contexts":5,"cycle":5,"engine":"firefox","existing_page_preserved":true,"helper_preloads":1,"mode":"default-init","page_ids":["3a70b45c-206c-4225-b1fc-f658ef65af36","fa2e1ed2-5bbf-49a7-bfd5-8b4f888f66f9"],"pages":2,"pending":0,"subsequent_page_usable":true,"version":"157.0.1"}
{"context_ids":["1323abbf-daee-4fe8-b76b-d8cb813c264a","2466aea8-4462-4387-88ce-33b6515ed85d","af0cad4f-c8fa-43f7-a6af-cb1a6effdf8e","default","f2f9f2ad-63e3-4672-ba22-b863d13b39fc"],"contexts":5,"cycle":6,"engine":"firefox","existing_page_preserved":true,"helper_preloads":1,"mode":"default-init","page_ids":["3a70b45c-206c-4225-b1fc-f658ef65af36","fa2e1ed2-5bbf-49a7-bfd5-8b4f888f66f9"],"pages":2,"pending":0,"subsequent_page_usable":true,"version":"157.0.1"}
{"context_ids":["1323abbf-daee-4fe8-b76b-d8cb813c264a","2466aea8-4462-4387-88ce-33b6515ed85d","af0cad4f-c8fa-43f7-a6af-cb1a6effdf8e","default","f2f9f2ad-63e3-4672-ba22-b863d13b39fc"],"contexts":5,"cycle":7,"engine":"firefox","existing_page_preserved":true,"helper_preloads":1,"mode":"default-init","page_ids":["3a70b45c-206c-4225-b1fc-f658ef65af36","fa2e1ed2-5bbf-49a7-bfd5-8b4f888f66f9"],"pages":2,"pending":0,"subsequent_page_usable":true,"version":"157.0.1"}
{"context_ids":["1323abbf-daee-4fe8-b76b-d8cb813c264a","2466aea8-4462-4387-88ce-33b6515ed85d","af0cad4f-c8fa-43f7-a6af-cb1a6effdf8e","default","f2f9f2ad-63e3-4672-ba22-b863d13b39fc"],"contexts":5,"cycle":8,"engine":"firefox","existing_page_preserved":true,"helper_preloads":1,"mode":"default-init","page_ids":["3a70b45c-206c-4225-b1fc-f658ef65af36","fa2e1ed2-5bbf-49a7-bfd5-8b4f888f66f9"],"pages":2,"pending":0,"subsequent_page_usable":true,"version":"157.0.1"}
{"context_ids":["1323abbf-daee-4fe8-b76b-d8cb813c264a","2466aea8-4462-4387-88ce-33b6515ed85d","af0cad4f-c8fa-43f7-a6af-cb1a6effdf8e","default","f2f9f2ad-63e3-4672-ba22-b863d13b39fc"],"contexts":5,"cycle":9,"engine":"firefox","existing_page_preserved":true,"helper_preloads":1,"mode":"default-init","page_ids":["3a70b45c-206c-4225-b1fc-f658ef65af36","fa2e1ed2-5bbf-49a7-bfd5-8b4f888f66f9"],"pages":2,"pending":0,"subsequent_page_usable":true,"version":"157.0.1"}
{"context_ids":["1323abbf-daee-4fe8-b76b-d8cb813c264a","2466aea8-4462-4387-88ce-33b6515ed85d","af0cad4f-c8fa-43f7-a6af-cb1a6effdf8e","default","f2f9f2ad-63e3-4672-ba22-b863d13b39fc"],"contexts":5,"cycle":10,"engine":"firefox","existing_page_preserved":true,"helper_preloads":1,"mode":"default-init","page_ids":["3a70b45c-206c-4225-b1fc-f658ef65af36","fa2e1ed2-5bbf-49a7-bfd5-8b4f888f66f9"],"pages":2,"pending":0,"subsequent_page_usable":true,"version":"157.0.1"}
{"context_ids":["1323abbf-daee-4fe8-b76b-d8cb813c264a","2466aea8-4462-4387-88ce-33b6515ed85d","af0cad4f-c8fa-43f7-a6af-cb1a6effdf8e","default","e0202dbf-5ecb-48ce-b220-b3e2976b7f36","f2f9f2ad-63e3-4672-ba22-b863d13b39fc"],"contexts":6,"cycle":1,"engine":"firefox","existing_page_preserved":true,"helper_preloads":1,"mode":"isolated-create","page_ids":["3a70b45c-206c-4225-b1fc-f658ef65af36","fa2e1ed2-5bbf-49a7-bfd5-8b4f888f66f9"],"pages":2,"pending":0,"subsequent_page_usable":true,"version":"157.0.1"}
{"context_ids":["1323abbf-daee-4fe8-b76b-d8cb813c264a","2466aea8-4462-4387-88ce-33b6515ed85d","af0cad4f-c8fa-43f7-a6af-cb1a6effdf8e","default","e0202dbf-5ecb-48ce-b220-b3e2976b7f36","f2f9f2ad-63e3-4672-ba22-b863d13b39fc"],"contexts":6,"cycle":2,"engine":"firefox","existing_page_preserved":true,"helper_preloads":1,"mode":"isolated-create","page_ids":["3a70b45c-206c-4225-b1fc-f658ef65af36","fa2e1ed2-5bbf-49a7-bfd5-8b4f888f66f9"],"pages":2,"pending":0,"subsequent_page_usable":true,"version":"157.0.1"}
{"context_ids":["1323abbf-daee-4fe8-b76b-d8cb813c264a","2466aea8-4462-4387-88ce-33b6515ed85d","af0cad4f-c8fa-43f7-a6af-cb1a6effdf8e","default","e0202dbf-5ecb-48ce-b220-b3e2976b7f36","f2f9f2ad-63e3-4672-ba22-b863d13b39fc"],"contexts":6,"cycle":3,"engine":"firefox","existing_page_preserved":true,"helper_preloads":1,"mode":"isolated-create","page_ids":["3a70b45c-206c-4225-b1fc-f658ef65af36","fa2e1ed2-5bbf-49a7-bfd5-8b4f888f66f9"],"pages":2,"pending":0,"subsequent_page_usable":true,"version":"157.0.1"}
{"context_ids":["1323abbf-daee-4fe8-b76b-d8cb813c264a","2466aea8-4462-4387-88ce-33b6515ed85d","af0cad4f-c8fa-43f7-a6af-cb1a6effdf8e","default","e0202dbf-5ecb-48ce-b220-b3e2976b7f36","f2f9f2ad-63e3-4672-ba22-b863d13b39fc"],"contexts":6,"cycle":4,"engine":"firefox","existing_page_preserved":true,"helper_preloads":1,"mode":"isolated-create","page_ids":["3a70b45c-206c-4225-b1fc-f658ef65af36","fa2e1ed2-5bbf-49a7-bfd5-8b4f888f66f9"],"pages":2,"pending":0,"subsequent_page_usable":true,"version":"157.0.1"}
{"context_ids":["1323abbf-daee-4fe8-b76b-d8cb813c264a","2466aea8-4462-4387-88ce-33b6515ed85d","af0cad4f-c8fa-43f7-a6af-cb1a6effdf8e","default","e0202dbf-5ecb-48ce-b220-b3e2976b7f36","f2f9f2ad-63e3-4672-ba22-b863d13b39fc"],"contexts":6,"cycle":5,"engine":"firefox","existing_page_preserved":true,"helper_preloads":1,"mode":"isolated-create","page_ids":["3a70b45c-206c-4225-b1fc-f658ef65af36","fa2e1ed2-5bbf-49a7-bfd5-8b4f888f66f9"],"pages":2,"pending":0,"subsequent_page_usable":true,"version":"157.0.1"}
{"context_ids":["1323abbf-daee-4fe8-b76b-d8cb813c264a","2466aea8-4462-4387-88ce-33b6515ed85d","af0cad4f-c8fa-43f7-a6af-cb1a6effdf8e","default","e0202dbf-5ecb-48ce-b220-b3e2976b7f36","f2f9f2ad-63e3-4672-ba22-b863d13b39fc"],"contexts":6,"cycle":6,"engine":"firefox","existing_page_preserved":true,"helper_preloads":1,"mode":"isolated-create","page_ids":["3a70b45c-206c-4225-b1fc-f658ef65af36","fa2e1ed2-5bbf-49a7-bfd5-8b4f888f66f9"],"pages":2,"pending":0,"subsequent_page_usable":true,"version":"157.0.1"}
{"context_ids":["1323abbf-daee-4fe8-b76b-d8cb813c264a","2466aea8-4462-4387-88ce-33b6515ed85d","af0cad4f-c8fa-43f7-a6af-cb1a6effdf8e","default","e0202dbf-5ecb-48ce-b220-b3e2976b7f36","f2f9f2ad-63e3-4672-ba22-b863d13b39fc"],"contexts":6,"cycle":7,"engine":"firefox","existing_page_preserved":true,"helper_preloads":1,"mode":"isolated-create","page_ids":["3a70b45c-206c-4225-b1fc-f658ef65af36","fa2e1ed2-5bbf-49a7-bfd5-8b4f888f66f9"],"pages":2,"pending":0,"subsequent_page_usable":true,"version":"157.0.1"}
{"context_ids":["1323abbf-daee-4fe8-b76b-d8cb813c264a","2466aea8-4462-4387-88ce-33b6515ed85d","af0cad4f-c8fa-43f7-a6af-cb1a6effdf8e","default","e0202dbf-5ecb-48ce-b220-b3e2976b7f36","f2f9f2ad-63e3-4672-ba22-b863d13b39fc"],"contexts":6,"cycle":8,"engine":"firefox","existing_page_preserved":true,"helper_preloads":1,"mode":"isolated-create","page_ids":["3a70b45c-206c-4225-b1fc-f658ef65af36","fa2e1ed2-5bbf-49a7-bfd5-8b4f888f66f9"],"pages":2,"pending":0,"subsequent_page_usable":true,"version":"157.0.1"}
{"context_ids":["1323abbf-daee-4fe8-b76b-d8cb813c264a","2466aea8-4462-4387-88ce-33b6515ed85d","af0cad4f-c8fa-43f7-a6af-cb1a6effdf8e","default","e0202dbf-5ecb-48ce-b220-b3e2976b7f36","f2f9f2ad-63e3-4672-ba22-b863d13b39fc"],"contexts":6,"cycle":9,"engine":"firefox","existing_page_preserved":true,"helper_preloads":1,"mode":"isolated-create","page_ids":["3a70b45c-206c-4225-b1fc-f658ef65af36","fa2e1ed2-5bbf-49a7-bfd5-8b4f888f66f9"],"pages":2,"pending":0,"subsequent_page_usable":true,"version":"157.0.1"}
{"context_ids":["1323abbf-daee-4fe8-b76b-d8cb813c264a","2466aea8-4462-4387-88ce-33b6515ed85d","af0cad4f-c8fa-43f7-a6af-cb1a6effdf8e","default","e0202dbf-5ecb-48ce-b220-b3e2976b7f36","f2f9f2ad-63e3-4672-ba22-b863d13b39fc"],"contexts":6,"cycle":10,"engine":"firefox","existing_page_preserved":true,"helper_preloads":1,"mode":"isolated-create","page_ids":["3a70b45c-206c-4225-b1fc-f658ef65af36","fa2e1ed2-5bbf-49a7-bfd5-8b4f888f66f9"],"pages":2,"pending":0,"subsequent_page_usable":true,"version":"157.0.1"}
{"context_ids":["1323abbf-daee-4fe8-b76b-d8cb813c264a","2466aea8-4462-4387-88ce-33b6515ed85d","8b25095c-9f06-4b64-9a03-904ed735d2c8","af0cad4f-c8fa-43f7-a6af-cb1a6effdf8e","default","f2f9f2ad-63e3-4672-ba22-b863d13b39fc"],"contexts":6,"cycle":1,"engine":"firefox","existing_page_preserved":true,"helper_preloads":1,"mode":"isolated-init","page_ids":["3a70b45c-206c-4225-b1fc-f658ef65af36","fa2e1ed2-5bbf-49a7-bfd5-8b4f888f66f9"],"pages":2,"pending":0,"subsequent_page_usable":true,"version":"157.0.1"}
{"context_ids":["1323abbf-daee-4fe8-b76b-d8cb813c264a","2466aea8-4462-4387-88ce-33b6515ed85d","8b25095c-9f06-4b64-9a03-904ed735d2c8","af0cad4f-c8fa-43f7-a6af-cb1a6effdf8e","default","f2f9f2ad-63e3-4672-ba22-b863d13b39fc"],"contexts":6,"cycle":2,"engine":"firefox","existing_page_preserved":true,"helper_preloads":1,"mode":"isolated-init","page_ids":["3a70b45c-206c-4225-b1fc-f658ef65af36","fa2e1ed2-5bbf-49a7-bfd5-8b4f888f66f9"],"pages":2,"pending":0,"subsequent_page_usable":true,"version":"157.0.1"}
{"context_ids":["1323abbf-daee-4fe8-b76b-d8cb813c264a","2466aea8-4462-4387-88ce-33b6515ed85d","8b25095c-9f06-4b64-9a03-904ed735d2c8","af0cad4f-c8fa-43f7-a6af-cb1a6effdf8e","default","f2f9f2ad-63e3-4672-ba22-b863d13b39fc"],"contexts":6,"cycle":3,"engine":"firefox","existing_page_preserved":true,"helper_preloads":1,"mode":"isolated-init","page_ids":["3a70b45c-206c-4225-b1fc-f658ef65af36","fa2e1ed2-5bbf-49a7-bfd5-8b4f888f66f9"],"pages":2,"pending":0,"subsequent_page_usable":true,"version":"157.0.1"}
{"context_ids":["1323abbf-daee-4fe8-b76b-d8cb813c264a","2466aea8-4462-4387-88ce-33b6515ed85d","8b25095c-9f06-4b64-9a03-904ed735d2c8","af0cad4f-c8fa-43f7-a6af-cb1a6effdf8e","default","f2f9f2ad-63e3-4672-ba22-b863d13b39fc"],"contexts":6,"cycle":4,"engine":"firefox","existing_page_preserved":true,"helper_preloads":1,"mode":"isolated-init","page_ids":["3a70b45c-206c-4225-b1fc-f658ef65af36","fa2e1ed2-5bbf-49a7-bfd5-8b4f888f66f9"],"pages":2,"pending":0,"subsequent_page_usable":true,"version":"157.0.1"}
{"context_ids":["1323abbf-daee-4fe8-b76b-d8cb813c264a","2466aea8-4462-4387-88ce-33b6515ed85d","8b25095c-9f06-4b64-9a03-904ed735d2c8","af0cad4f-c8fa-43f7-a6af-cb1a6effdf8e","default","f2f9f2ad-63e3-4672-ba22-b863d13b39fc"],"contexts":6,"cycle":5,"engine":"firefox","existing_page_preserved":true,"helper_preloads":1,"mode":"isolated-init","page_ids":["3a70b45c-206c-4225-b1fc-f658ef65af36","fa2e1ed2-5bbf-49a7-bfd5-8b4f888f66f9"],"pages":2,"pending":0,"subsequent_page_usable":true,"version":"157.0.1"}
{"context_ids":["1323abbf-daee-4fe8-b76b-d8cb813c264a","2466aea8-4462-4387-88ce-33b6515ed85d","8b25095c-9f06-4b64-9a03-904ed735d2c8","af0cad4f-c8fa-43f7-a6af-cb1a6effdf8e","default","f2f9f2ad-63e3-4672-ba22-b863d13b39fc"],"contexts":6,"cycle":6,"engine":"firefox","existing_page_preserved":true,"helper_preloads":1,"mode":"isolated-init","page_ids":["3a70b45c-206c-4225-b1fc-f658ef65af36","fa2e1ed2-5bbf-49a7-bfd5-8b4f888f66f9"],"pages":2,"pending":0,"subsequent_page_usable":true,"version":"157.0.1"}
{"context_ids":["1323abbf-daee-4fe8-b76b-d8cb813c264a","2466aea8-4462-4387-88ce-33b6515ed85d","8b25095c-9f06-4b64-9a03-904ed735d2c8","af0cad4f-c8fa-43f7-a6af-cb1a6effdf8e","default","f2f9f2ad-63e3-4672-ba22-b863d13b39fc"],"contexts":6,"cycle":7,"engine":"firefox","existing_page_preserved":true,"helper_preloads":1,"mode":"isolated-init","page_ids":["3a70b45c-206c-4225-b1fc-f658ef65af36","fa2e1ed2-5bbf-49a7-bfd5-8b4f888f66f9"],"pages":2,"pending":0,"subsequent_page_usable":true,"version":"157.0.1"}
{"context_ids":["1323abbf-daee-4fe8-b76b-d8cb813c264a","2466aea8-4462-4387-88ce-33b6515ed85d","8b25095c-9f06-4b64-9a03-904ed735d2c8","af0cad4f-c8fa-43f7-a6af-cb1a6effdf8e","default","f2f9f2ad-63e3-4672-ba22-b863d13b39fc"],"contexts":6,"cycle":8,"engine":"firefox","existing_page_preserved":true,"helper_preloads":1,"mode":"isolated-init","page_ids":["3a70b45c-206c-4225-b1fc-f658ef65af36","fa2e1ed2-5bbf-49a7-bfd5-8b4f888f66f9"],"pages":2,"pending":0,"subsequent_page_usable":true,"version":"157.0.1"}
{"context_ids":["1323abbf-daee-4fe8-b76b-d8cb813c264a","2466aea8-4462-4387-88ce-33b6515ed85d","8b25095c-9f06-4b64-9a03-904ed735d2c8","af0cad4f-c8fa-43f7-a6af-cb1a6effdf8e","default","f2f9f2ad-63e3-4672-ba22-b863d13b39fc"],"contexts":6,"cycle":9,"engine":"firefox","existing_page_preserved":true,"helper_preloads":1,"mode":"isolated-init","page_ids":["3a70b45c-206c-4225-b1fc-f658ef65af36","fa2e1ed2-5bbf-49a7-bfd5-8b4f888f66f9"],"pages":2,"pending":0,"subsequent_page_usable":true,"version":"157.0.1"}
{"context_ids":["1323abbf-daee-4fe8-b76b-d8cb813c264a","2466aea8-4462-4387-88ce-33b6515ed85d","8b25095c-9f06-4b64-9a03-904ed735d2c8","af0cad4f-c8fa-43f7-a6af-cb1a6effdf8e","default","f2f9f2ad-63e3-4672-ba22-b863d13b39fc"],"contexts":6,"cycle":10,"engine":"firefox","existing_page_preserved":true,"helper_preloads":1,"mode":"isolated-init","page_ids":["3a70b45c-206c-4225-b1fc-f658ef65af36","fa2e1ed2-5bbf-49a7-bfd5-8b4f888f66f9"],"pages":2,"pending":0,"subsequent_page_usable":true,"version":"157.0.1"}
ok

test result: ok. 2 passed; 0 failed; 0 ignored; 0 measured; 0 filtered out; finished in 45.67s

     Running http_disconnect.rs (target/debug/deps/http_disconnect-c07d6c39e224a143)

running 2 tests
test chrome_process_loss_and_manual_restart ... {"cleanup_ms":5.936953,"cycle":1,"engine":"chrome","event_channel_closed":true,"pending_after_loss":0,"pid":888665,"root_exited":true,"version":"Chrome/151.0.7922.173","wake_ms":5.794479}
{"cleanup_ms":5.957394000000001,"cycle":2,"engine":"chrome","event_channel_closed":true,"pending_after_loss":0,"pid":888795,"root_exited":true,"version":"Chrome/151.0.7922.173","wake_ms":5.8495680000000005}
{"cleanup_ms":7.072381,"cycle":3,"engine":"chrome","event_channel_closed":true,"pending_after_loss":0,"pid":888927,"root_exited":true,"version":"Chrome/151.0.7922.173","wake_ms":6.92603}
{"cleanup_ms":32.795251,"cycle":4,"engine":"chrome","event_channel_closed":true,"pending_after_loss":0,"pid":889056,"root_exited":true,"version":"Chrome/151.0.7922.173","wake_ms":32.687808}
{"cleanup_ms":7.891578,"cycle":5,"engine":"chrome","event_channel_closed":true,"pending_after_loss":0,"pid":889189,"root_exited":true,"version":"Chrome/151.0.7922.173","wake_ms":7.720986}
{"cleanup_ms":17.158034,"cycle":6,"engine":"chrome","event_channel_closed":true,"pending_after_loss":0,"pid":889320,"root_exited":true,"version":"Chrome/151.0.7922.173","wake_ms":17.028921}
{"cleanup_ms":16.25936,"cycle":7,"engine":"chrome","event_channel_closed":true,"pending_after_loss":0,"pid":889451,"root_exited":true,"version":"Chrome/151.0.7922.173","wake_ms":16.026432}
{"cleanup_ms":15.728636,"cycle":8,"engine":"chrome","event_channel_closed":true,"pending_after_loss":0,"pid":889585,"root_exited":true,"version":"Chrome/151.0.7922.173","wake_ms":15.572245}
{"cleanup_ms":18.283535,"cycle":9,"engine":"chrome","event_channel_closed":true,"pending_after_loss":0,"pid":889715,"root_exited":true,"version":"Chrome/151.0.7922.173","wake_ms":18.173479}
{"cleanup_ms":10.523463,"cycle":10,"engine":"chrome","event_channel_closed":true,"pending_after_loss":0,"pid":889846,"root_exited":true,"version":"Chrome/151.0.7922.173","wake_ms":10.418718}
{"cleanup_ms":9.125852,"cycle":11,"engine":"chrome","event_channel_closed":true,"pending_after_loss":0,"pid":889977,"root_exited":true,"version":"Chrome/151.0.7922.173","wake_ms":9.021848}
{"cleanup_ms":6.2513559999999995,"cycle":12,"engine":"chrome","event_channel_closed":true,"pending_after_loss":0,"pid":890108,"root_exited":true,"version":"Chrome/151.0.7922.173","wake_ms":6.134123}
{"cleanup_ms":10.652771999999999,"cycle":13,"engine":"chrome","event_channel_closed":true,"pending_after_loss":0,"pid":890240,"root_exited":true,"version":"Chrome/151.0.7922.173","wake_ms":10.524554}
{"cleanup_ms":46.994679,"cycle":14,"engine":"chrome","event_channel_closed":true,"pending_after_loss":0,"pid":890372,"root_exited":true,"version":"Chrome/151.0.7922.173","wake_ms":46.881860999999994}
{"cleanup_ms":19.891471,"cycle":15,"engine":"chrome","event_channel_closed":true,"pending_after_loss":0,"pid":890503,"root_exited":true,"version":"Chrome/151.0.7922.173","wake_ms":19.731374}
{"cleanup_ms":16.877927,"cycle":16,"engine":"chrome","event_channel_closed":true,"pending_after_loss":0,"pid":890635,"root_exited":true,"version":"Chrome/151.0.7922.173","wake_ms":16.773714}
{"cleanup_ms":54.677623000000004,"cycle":17,"engine":"chrome","event_channel_closed":true,"pending_after_loss":0,"pid":890764,"root_exited":true,"version":"Chrome/151.0.7922.173","wake_ms":54.566326}
{"cleanup_ms":17.151982999999998,"cycle":18,"engine":"chrome","event_channel_closed":true,"pending_after_loss":0,"pid":890895,"root_exited":true,"version":"Chrome/151.0.7922.173","wake_ms":17.031536}
{"cleanup_ms":20.854916000000003,"cycle":19,"engine":"chrome","event_channel_closed":true,"pending_after_loss":0,"pid":891027,"root_exited":true,"version":"Chrome/151.0.7922.173","wake_ms":20.6651}
{"cleanup_ms":19.238723999999998,"cycle":20,"engine":"chrome","event_channel_closed":true,"pending_after_loss":0,"pid":891159,"root_exited":true,"version":"Chrome/151.0.7922.173","wake_ms":19.079120000000003}
{"cleanup_ms":35.511016,"cycle":21,"engine":"chrome","event_channel_closed":true,"pending_after_loss":0,"pid":891291,"root_exited":true,"version":"Chrome/151.0.7922.173","wake_ms":35.39066}
{"cleanup_ms":21.539498000000002,"cycle":22,"engine":"chrome","event_channel_closed":true,"pending_after_loss":0,"pid":891422,"root_exited":true,"version":"Chrome/151.0.7922.173","wake_ms":21.428161000000003}
{"cleanup_ms":10.697282000000001,"cycle":23,"engine":"chrome","event_channel_closed":true,"pending_after_loss":0,"pid":891550,"root_exited":true,"version":"Chrome/151.0.7922.173","wake_ms":10.548904}
{"cleanup_ms":11.133792999999999,"cycle":24,"engine":"chrome","event_channel_closed":true,"pending_after_loss":0,"pid":891683,"root_exited":true,"version":"Chrome/151.0.7922.173","wake_ms":11.027861}
{"cleanup_ms":122.993424,"cycle":25,"engine":"chrome","event_channel_closed":true,"pending_after_loss":0,"pid":891815,"root_exited":true,"version":"Chrome/151.0.7922.173","wake_ms":122.878951}
ok
test firefox_process_loss_and_manual_restart ... {"cleanup_ms":28.776439,"cycle":1,"engine":"firefox","event_channel_closed":true,"pending_after_loss":0,"pid":891966,"root_exited":true,"version":"157.0.1","wake_ms":28.627895}
{"cleanup_ms":103.459306,"cycle":2,"engine":"firefox","event_channel_closed":true,"pending_after_loss":0,"pid":892285,"root_exited":true,"version":"157.0.1","wake_ms":103.36098000000001}
{"cleanup_ms":45.463485999999996,"cycle":3,"engine":"firefox","event_channel_closed":true,"pending_after_loss":0,"pid":892577,"root_exited":true,"version":"157.0.1","wake_ms":45.352826}
{"cleanup_ms":17.848246000000003,"cycle":4,"engine":"firefox","event_channel_closed":true,"pending_after_loss":0,"pid":892899,"root_exited":true,"version":"157.0.1","wake_ms":17.656264}
{"cleanup_ms":45.998138000000004,"cycle":5,"engine":"firefox","event_channel_closed":true,"pending_after_loss":0,"pid":893186,"root_exited":true,"version":"157.0.1","wake_ms":45.849835999999996}
{"cleanup_ms":35.758314999999996,"cycle":6,"engine":"firefox","event_channel_closed":true,"pending_after_loss":0,"pid":893473,"root_exited":true,"version":"157.0.1","wake_ms":35.616703}
{"cleanup_ms":28.203028,"cycle":7,"engine":"firefox","event_channel_closed":true,"pending_after_loss":0,"pid":893781,"root_exited":true,"version":"157.0.1","wake_ms":28.106672}
{"cleanup_ms":31.993878000000002,"cycle":8,"engine":"firefox","event_channel_closed":true,"pending_after_loss":0,"pid":894092,"root_exited":true,"version":"157.0.1","wake_ms":31.895038}
{"cleanup_ms":37.359755,"cycle":9,"engine":"firefox","event_channel_closed":true,"pending_after_loss":0,"pid":894354,"root_exited":true,"version":"157.0.1","wake_ms":37.230857}
{"cleanup_ms":34.178148,"cycle":10,"engine":"firefox","event_channel_closed":true,"pending_after_loss":0,"pid":894638,"root_exited":true,"version":"157.0.1","wake_ms":34.02226400000001}
{"cleanup_ms":58.740491,"cycle":11,"engine":"firefox","event_channel_closed":true,"pending_after_loss":0,"pid":894983,"root_exited":true,"version":"157.0.1","wake_ms":58.607685}
{"cleanup_ms":16.256646999999997,"cycle":12,"engine":"firefox","event_channel_closed":true,"pending_after_loss":0,"pid":895293,"root_exited":true,"version":"157.0.1","wake_ms":16.10048}
{"cleanup_ms":306.48542000000003,"cycle":13,"engine":"firefox","event_channel_closed":true,"pending_after_loss":0,"pid":895601,"root_exited":true,"version":"157.0.1","wake_ms":306.224071}
{"cleanup_ms":16.86071,"cycle":14,"engine":"firefox","event_channel_closed":true,"pending_after_loss":0,"pid":895895,"root_exited":true,"version":"157.0.1","wake_ms":16.685995}
{"cleanup_ms":34.968234,"cycle":15,"engine":"firefox","event_channel_closed":true,"pending_after_loss":0,"pid":896211,"root_exited":true,"version":"157.0.1","wake_ms":34.862833}
{"cleanup_ms":133.18144600000002,"cycle":16,"engine":"firefox","event_channel_closed":true,"pending_after_loss":0,"pid":896473,"root_exited":true,"version":"157.0.1","wake_ms":132.78992200000002}
{"cleanup_ms":37.213228,"cycle":17,"engine":"firefox","event_channel_closed":true,"pending_after_loss":0,"pid":896752,"root_exited":true,"version":"157.0.1","wake_ms":37.066373}
{"cleanup_ms":23.957788,"cycle":18,"engine":"firefox","event_channel_closed":true,"pending_after_loss":0,"pid":897031,"root_exited":true,"version":"157.0.1","wake_ms":23.866356}
{"cleanup_ms":59.958545,"cycle":19,"engine":"firefox","event_channel_closed":true,"pending_after_loss":0,"pid":897342,"root_exited":true,"version":"157.0.1","wake_ms":59.850827}
{"cleanup_ms":54.965147,"cycle":20,"engine":"firefox","event_channel_closed":true,"pending_after_loss":0,"pid":897600,"root_exited":true,"version":"157.0.1","wake_ms":54.825309000000004}
{"cleanup_ms":21.434214,"cycle":21,"engine":"firefox","event_channel_closed":true,"pending_after_loss":0,"pid":897874,"root_exited":true,"version":"157.0.1","wake_ms":21.273314000000003}
{"cleanup_ms":28.616860000000003,"cycle":22,"engine":"firefox","event_channel_closed":true,"pending_after_loss":0,"pid":898193,"root_exited":true,"version":"157.0.1","wake_ms":28.491465}
{"cleanup_ms":23.807309,"cycle":23,"engine":"firefox","event_channel_closed":true,"pending_after_loss":0,"pid":898508,"root_exited":true,"version":"157.0.1","wake_ms":23.688777}
{"cleanup_ms":43.154365999999996,"cycle":24,"engine":"firefox","event_channel_closed":true,"pending_after_loss":0,"pid":898825,"root_exited":true,"version":"157.0.1","wake_ms":43.021917}
{"cleanup_ms":41.255689,"cycle":25,"engine":"firefox","event_channel_closed":true,"pending_after_loss":0,"pid":899115,"root_exited":true,"version":"157.0.1","wake_ms":41.047764}
ok

test result: ok. 2 passed; 0 failed; 0 ignored; 0 measured; 0 filtered out; finished in 70.99s

     Running http_frames.rs (target/debug/deps/http_frames-3007310b5bae71f1)

running 67 tests
test checkbox_actions_wait_for_the_same_click_checks ... ok
test click_accepts_descendants_and_native_fieldset_legend_exceptions ... ok
test click_deadline_bounds_a_stalled_preparation_promise ... ok
test click_deadline_includes_a_missing_frame ... ok
test click_does_not_intercept_an_overlay_above_the_iframe ... ok
test click_handles_a_one_pixel_target ... ok
test click_maps_an_offscreen_iframe_to_root_viewport_coordinates ... ok
test click_preserves_javascript_and_closed_page_errors ... ok
test click_rechecks_overlay_created_on_hover ... ok
test click_reresolves_target_replaced_on_hover ... ok
test click_scrolls_an_offscreen_target_into_view ... ok
test click_timeout_reports_disabled_and_intercepted_targets_without_clicking ... ok
test click_waits_until_aria_disabled_ancestor_is_enabled ... ok
test click_waits_until_button_is_enabled ... ok
test click_waits_until_button_stops_moving ... ok
test click_waits_until_overlay_disappears ... ok
test click_waits_until_parent_fieldset_is_enabled ... ok
test cross_origin_frame_with_another_port_fills_and_submits ... ok
test cross_site_already_loaded_frame_is_initialized_when_connecting ... ok
test cross_site_click_checks_parent_overlays_and_transformed_scrolled_coordinates ... ok
test cross_site_click_retries_when_its_renderer_detaches_during_preparation ... ok
test cross_site_frame_fills_and_submits ... ok
test cross_site_frame_keeps_working_after_reload_and_swaps_back_to_the_parent_site ... ok
test cross_site_frame_removal_cleans_up_and_a_new_frame_can_be_resolved ... ok
test cross_site_frame_wait_survives_a_process_swap ... ok
test cross_site_isolated_worlds_do_not_replace_default_context_and_errors_propagate ... ok
test cross_site_nested_renderer_click_maps_both_frame_boundaries ... ok
test cross_site_network_block_is_inherited_and_clear_restores_requests ... ok
test cross_site_network_diagnostics_capture_initial_request_and_response_body ... ok
test cross_site_network_diagnostics_capture_mocked_responses_and_blocked_failures ... ok
test cross_site_network_diagnostics_capture_nested_renderer_bodies ... ok
test cross_site_network_diagnostics_follow_reloads_and_repeated_process_swaps ... ok
test cross_site_network_diagnostics_keep_concurrent_parent_and_child_bodies_separate ... ok
test cross_site_network_diagnostics_retain_detached_requests_without_reusing_the_parent_session ... ok
test cross_site_network_existing_child_adds_clears_and_readds_mocks ... ok
test cross_site_network_gate_blocks_the_first_request_on_return_to_parent ... ok
test cross_site_network_gate_changes_the_first_response_header_on_return_to_parent ... ok
test cross_site_network_gate_covers_fetch_and_xhr_on_repeated_returns_without_server_access ... ok
test cross_site_network_gate_restores_the_first_request_when_nested_child_returns_to_outer ... ok
test cross_site_network_gate_resumes_application_debugger_statements_and_clears_cleanly ... ok
test cross_site_network_mock_is_inherited_before_child_scripts_run ... ok
test cross_site_network_mock_overrides_previously_cached_responses ... ok
test cross_site_network_nested_child_inherits_routes_and_clear_reaches_every_renderer ... ok
test cross_site_network_request_headers_apply_to_child_without_losing_original_headers ... ok
test cross_site_network_response_stage_upgrades_existing_and_new_children ... ok
test cross_site_network_route_changes_and_child_attachment_are_serialized ... ok
test cross_site_network_rules_cover_first_script_requests_after_process_swaps ... ok
test cross_site_sibling_sessions_do_not_mix_contexts ... ok
test fills_and_clicks_in_a_frame_added_after_the_action_starts ... ok
test frame_wait_deadline_also_bounds_the_child_element_wait ... ok
test frame_wait_includes_iframe_resolution_in_its_deadline ... ok
test frame_wait_preserves_javascript_errors ... ok
test frame_wait_propagates_closed_page_errors_without_waiting_for_timeout ... ok
test geometry_click_finds_an_uncovered_point_away_from_the_center ... ok
test geometry_click_handles_a_clip_path_with_an_occluded_center ... ok
test geometry_click_handles_a_rotated_element_clipped_by_the_viewport ... ok
test geometry_click_handles_a_transformed_iframe ... ok
test geometry_click_handles_overflow_clipping ... ok
test geometry_click_handles_perspective_transforms ... ok
test geometry_click_selects_an_uncovered_point_on_a_rotated_target ... ok
test geometry_click_uses_an_uncovered_inline_fragment ... ok
test geometry_click_waits_for_transform_changes_with_identical_bounding_rects ... ok
test network_gate_cancelled_updates_finish_before_later_cleanup_or_reconfiguration ... ok
test network_gate_is_inert_for_other_debuggers_after_routes_are_cleared ... ok
test network_gate_keeps_cached_resources_mocked_across_navigation_and_frame_returns ... ok
test waiting_locator_survives_frame_navigation ... ok
test waits_for_the_frame_document_to_load ... ok

test result: ok. 67 passed; 0 failed; 0 ignored; 0 measured; 0 filtered out; finished in 60.19s

     Running http_navigation.rs (target/debug/deps/http_navigation-ef29bf3a90cb572b)

running 14 tests
test another_document_interrupts_an_older_navigation_waiter ... ok
test browser_disconnect_wakes_pending_waiters ... ok
test cancelled_navigation_does_not_corrupt_the_next_navigation ... ok
test click_navigation_does_not_reuse_the_previous_documents_load ... ok
test closing_a_page_wakes_pending_load_waiters ... ok
test closing_a_page_wakes_pending_url_waiters ... ok
test fragment_navigation_preserves_the_document_load_state ... ok
test goto_timeout_covers_headers_and_document_load_together ... ok
test redirected_goto_reports_the_committed_url ... ok
test reload_waits_for_the_new_document_and_its_resources ... ok
test same_document_history_and_full_document_history_finish ... ok
test timeout_before_commit_allows_a_new_navigation_and_ignores_the_old_response ... ok
test url_wait_observes_a_matching_url_even_if_it_changes_again_immediately ... ok
test url_wait_observes_push_state_and_hash_changes ... ok

test result: ok. 14 passed; 0 failed; 0 ignored; 0 measured; 0 filtered out; finished in 9.03s

     Running http_network_idle.rs (target/debug/deps/http_network_idle-fee690056236f8cf)

running 10 tests
test aborted_fetch_and_cancelled_idle_wait_leave_no_pending_activity ... ok
test closing_during_the_quiet_timer_wakes_the_idle_waiter ... ok
test concurrent_requests_and_a_second_burst_restart_the_quiet_window ... ok
test mocked_blocked_and_redirected_requests_finish_without_stale_counts ... ok
test new_main_document_does_not_wait_for_old_keepalive_or_child_requests ... ok
test remote_frame_fetch_prevents_parent_network_idle ... ok
test remote_frame_reload_and_return_do_not_leave_stale_pending_requests ... ok
test removing_a_same_process_frame_releases_its_pending_requests ... ok
test removing_nested_renderer_frames_releases_the_entire_subtree ... ok
test restarted_fetch_waits_for_the_body_and_a_new_quiet_window ... ok

test result: ok. 10 passed; 0 failed; 0 ignored; 0 measured; 0 filtered out; finished in 19.06s

     Running http_shutdown.rs (target/debug/deps/http_shutdown-ff3050712ec6fed4)

running 2 tests
test chrome_cancelled_shutdown_completes_native_cleanup ... {"concurrent_close_waited":true,"context_ids":[],"cycle":1,"engine":"chrome","helper_preloads":null,"keeper_preserved":true,"mode":"context-page-response","page_ids":["868AEEE790113B89CFE0A279FBBB691E","C6A59BDF589C6B43FE6DC35013E5F58C"],"pending":0,"retained_closed_handles":2,"subsequent_context_usable":true,"version":"Chrome/151.0.7922.173"}
{"concurrent_close_waited":true,"context_ids":[],"cycle":2,"engine":"chrome","helper_preloads":null,"keeper_preserved":true,"mode":"context-page-response","page_ids":["868AEEE790113B89CFE0A279FBBB691E","C6A59BDF589C6B43FE6DC35013E5F58C"],"pending":0,"retained_closed_handles":2,"subsequent_context_usable":true,"version":"Chrome/151.0.7922.173"}
{"concurrent_close_waited":true,"context_ids":[],"cycle":3,"engine":"chrome","helper_preloads":null,"keeper_preserved":true,"mode":"context-page-response","page_ids":["868AEEE790113B89CFE0A279FBBB691E","C6A59BDF589C6B43FE6DC35013E5F58C"],"pending":0,"retained_closed_handles":2,"subsequent_context_usable":true,"version":"Chrome/151.0.7922.173"}
{"concurrent_close_waited":true,"context_ids":[],"cycle":4,"engine":"chrome","helper_preloads":null,"keeper_preserved":true,"mode":"context-page-response","page_ids":["868AEEE790113B89CFE0A279FBBB691E","C6A59BDF589C6B43FE6DC35013E5F58C"],"pending":0,"retained_closed_handles":2,"subsequent_context_usable":true,"version":"Chrome/151.0.7922.173"}
{"concurrent_close_waited":true,"context_ids":[],"cycle":5,"engine":"chrome","helper_preloads":null,"keeper_preserved":true,"mode":"context-page-response","page_ids":["868AEEE790113B89CFE0A279FBBB691E","C6A59BDF589C6B43FE6DC35013E5F58C"],"pending":0,"retained_closed_handles":2,"subsequent_context_usable":true,"version":"Chrome/151.0.7922.173"}
{"concurrent_close_waited":true,"context_ids":[],"cycle":6,"engine":"chrome","helper_preloads":null,"keeper_preserved":true,"mode":"context-page-response","page_ids":["868AEEE790113B89CFE0A279FBBB691E","C6A59BDF589C6B43FE6DC35013E5F58C"],"pending":0,"retained_closed_handles":2,"subsequent_context_usable":true,"version":"Chrome/151.0.7922.173"}
{"concurrent_close_waited":true,"context_ids":[],"cycle":7,"engine":"chrome","helper_preloads":null,"keeper_preserved":true,"mode":"context-page-response","page_ids":["868AEEE790113B89CFE0A279FBBB691E","C6A59BDF589C6B43FE6DC35013E5F58C"],"pending":0,"retained_closed_handles":2,"subsequent_context_usable":true,"version":"Chrome/151.0.7922.173"}
{"concurrent_close_waited":true,"context_ids":[],"cycle":8,"engine":"chrome","helper_preloads":null,"keeper_preserved":true,"mode":"context-page-response","page_ids":["868AEEE790113B89CFE0A279FBBB691E","C6A59BDF589C6B43FE6DC35013E5F58C"],"pending":0,"retained_closed_handles":2,"subsequent_context_usable":true,"version":"Chrome/151.0.7922.173"}
{"concurrent_close_waited":true,"context_ids":[],"cycle":9,"engine":"chrome","helper_preloads":null,"keeper_preserved":true,"mode":"context-page-response","page_ids":["868AEEE790113B89CFE0A279FBBB691E","C6A59BDF589C6B43FE6DC35013E5F58C"],"pending":0,"retained_closed_handles":2,"subsequent_context_usable":true,"version":"Chrome/151.0.7922.173"}
{"concurrent_close_waited":true,"context_ids":[],"cycle":10,"engine":"chrome","helper_preloads":null,"keeper_preserved":true,"mode":"context-page-response","page_ids":["868AEEE790113B89CFE0A279FBBB691E","C6A59BDF589C6B43FE6DC35013E5F58C"],"pending":0,"retained_closed_handles":2,"subsequent_context_usable":true,"version":"Chrome/151.0.7922.173"}
{"concurrent_close_waited":true,"context_ids":[],"cycle":1,"engine":"chrome","helper_preloads":null,"keeper_preserved":true,"mode":"context-response","page_ids":["868AEEE790113B89CFE0A279FBBB691E","C6A59BDF589C6B43FE6DC35013E5F58C"],"pending":0,"retained_closed_handles":2,"subsequent_context_usable":true,"version":"Chrome/151.0.7922.173"}
{"concurrent_close_waited":true,"context_ids":[],"cycle":2,"engine":"chrome","helper_preloads":null,"keeper_preserved":true,"mode":"context-response","page_ids":["868AEEE790113B89CFE0A279FBBB691E","C6A59BDF589C6B43FE6DC35013E5F58C"],"pending":0,"retained_closed_handles":2,"subsequent_context_usable":true,"version":"Chrome/151.0.7922.173"}
{"concurrent_close_waited":true,"context_ids":[],"cycle":3,"engine":"chrome","helper_preloads":null,"keeper_preserved":true,"mode":"context-response","page_ids":["868AEEE790113B89CFE0A279FBBB691E","C6A59BDF589C6B43FE6DC35013E5F58C"],"pending":0,"retained_closed_handles":2,"subsequent_context_usable":true,"version":"Chrome/151.0.7922.173"}
{"concurrent_close_waited":true,"context_ids":[],"cycle":4,"engine":"chrome","helper_preloads":null,"keeper_preserved":true,"mode":"context-response","page_ids":["868AEEE790113B89CFE0A279FBBB691E","C6A59BDF589C6B43FE6DC35013E5F58C"],"pending":0,"retained_closed_handles":2,"subsequent_context_usable":true,"version":"Chrome/151.0.7922.173"}
{"concurrent_close_waited":true,"context_ids":[],"cycle":5,"engine":"chrome","helper_preloads":null,"keeper_preserved":true,"mode":"context-response","page_ids":["868AEEE790113B89CFE0A279FBBB691E","C6A59BDF589C6B43FE6DC35013E5F58C"],"pending":0,"retained_closed_handles":2,"subsequent_context_usable":true,"version":"Chrome/151.0.7922.173"}
{"concurrent_close_waited":true,"context_ids":[],"cycle":6,"engine":"chrome","helper_preloads":null,"keeper_preserved":true,"mode":"context-response","page_ids":["868AEEE790113B89CFE0A279FBBB691E","C6A59BDF589C6B43FE6DC35013E5F58C"],"pending":0,"retained_closed_handles":2,"subsequent_context_usable":true,"version":"Chrome/151.0.7922.173"}
{"concurrent_close_waited":true,"context_ids":[],"cycle":7,"engine":"chrome","helper_preloads":null,"keeper_preserved":true,"mode":"context-response","page_ids":["868AEEE790113B89CFE0A279FBBB691E","C6A59BDF589C6B43FE6DC35013E5F58C"],"pending":0,"retained_closed_handles":2,"subsequent_context_usable":true,"version":"Chrome/151.0.7922.173"}
{"concurrent_close_waited":true,"context_ids":[],"cycle":8,"engine":"chrome","helper_preloads":null,"keeper_preserved":true,"mode":"context-response","page_ids":["868AEEE790113B89CFE0A279FBBB691E","C6A59BDF589C6B43FE6DC35013E5F58C"],"pending":0,"retained_closed_handles":2,"subsequent_context_usable":true,"version":"Chrome/151.0.7922.173"}
{"concurrent_close_waited":true,"context_ids":[],"cycle":9,"engine":"chrome","helper_preloads":null,"keeper_preserved":true,"mode":"context-response","page_ids":["868AEEE790113B89CFE0A279FBBB691E","C6A59BDF589C6B43FE6DC35013E5F58C"],"pending":0,"retained_closed_handles":2,"subsequent_context_usable":true,"version":"Chrome/151.0.7922.173"}
{"concurrent_close_waited":true,"context_ids":[],"cycle":10,"engine":"chrome","helper_preloads":null,"keeper_preserved":true,"mode":"context-response","page_ids":["868AEEE790113B89CFE0A279FBBB691E","C6A59BDF589C6B43FE6DC35013E5F58C"],"pending":0,"retained_closed_handles":2,"subsequent_context_usable":true,"version":"Chrome/151.0.7922.173"}
ok
test firefox_cancelled_shutdown_completes_native_cleanup ... {"concurrent_close_waited":true,"context_ids":["27ce21f8-1448-4e50-98f3-c186f78abde4","4d3faf9a-7bac-4313-8364-e42d27e92426","506d6292-9907-4cb9-b33c-e4f86806ba78","default","e76873b7-f81c-44b3-b824-818106a4a831"],"cycle":1,"engine":"firefox","helper_preloads":1,"keeper_preserved":true,"mode":"context-response","page_ids":["13b8f46e-0d48-4fb8-b418-691cdcb27c1d","b1549bb9-17bf-4484-9433-c49f916d8d3c"],"pending":0,"retained_closed_handles":2,"subsequent_context_usable":true,"version":"157.0.1"}
{"concurrent_close_waited":true,"context_ids":["27ce21f8-1448-4e50-98f3-c186f78abde4","4d3faf9a-7bac-4313-8364-e42d27e92426","506d6292-9907-4cb9-b33c-e4f86806ba78","default","e76873b7-f81c-44b3-b824-818106a4a831"],"cycle":2,"engine":"firefox","helper_preloads":1,"keeper_preserved":true,"mode":"context-response","page_ids":["13b8f46e-0d48-4fb8-b418-691cdcb27c1d","b1549bb9-17bf-4484-9433-c49f916d8d3c"],"pending":0,"retained_closed_handles":2,"subsequent_context_usable":true,"version":"157.0.1"}
{"concurrent_close_waited":true,"context_ids":["27ce21f8-1448-4e50-98f3-c186f78abde4","4d3faf9a-7bac-4313-8364-e42d27e92426","506d6292-9907-4cb9-b33c-e4f86806ba78","default","e76873b7-f81c-44b3-b824-818106a4a831"],"cycle":3,"engine":"firefox","helper_preloads":1,"keeper_preserved":true,"mode":"context-response","page_ids":["13b8f46e-0d48-4fb8-b418-691cdcb27c1d","b1549bb9-17bf-4484-9433-c49f916d8d3c"],"pending":0,"retained_closed_handles":2,"subsequent_context_usable":true,"version":"157.0.1"}
{"concurrent_close_waited":true,"context_ids":["27ce21f8-1448-4e50-98f3-c186f78abde4","4d3faf9a-7bac-4313-8364-e42d27e92426","506d6292-9907-4cb9-b33c-e4f86806ba78","default","e76873b7-f81c-44b3-b824-818106a4a831"],"cycle":4,"engine":"firefox","helper_preloads":1,"keeper_preserved":true,"mode":"context-response","page_ids":["13b8f46e-0d48-4fb8-b418-691cdcb27c1d","b1549bb9-17bf-4484-9433-c49f916d8d3c"],"pending":0,"retained_closed_handles":2,"subsequent_context_usable":true,"version":"157.0.1"}
{"concurrent_close_waited":true,"context_ids":["27ce21f8-1448-4e50-98f3-c186f78abde4","4d3faf9a-7bac-4313-8364-e42d27e92426","506d6292-9907-4cb9-b33c-e4f86806ba78","default","e76873b7-f81c-44b3-b824-818106a4a831"],"cycle":5,"engine":"firefox","helper_preloads":1,"keeper_preserved":true,"mode":"context-response","page_ids":["13b8f46e-0d48-4fb8-b418-691cdcb27c1d","b1549bb9-17bf-4484-9433-c49f916d8d3c"],"pending":0,"retained_closed_handles":2,"subsequent_context_usable":true,"version":"157.0.1"}
{"concurrent_close_waited":true,"context_ids":["27ce21f8-1448-4e50-98f3-c186f78abde4","4d3faf9a-7bac-4313-8364-e42d27e92426","506d6292-9907-4cb9-b33c-e4f86806ba78","default","e76873b7-f81c-44b3-b824-818106a4a831"],"cycle":6,"engine":"firefox","helper_preloads":1,"keeper_preserved":true,"mode":"context-response","page_ids":["13b8f46e-0d48-4fb8-b418-691cdcb27c1d","b1549bb9-17bf-4484-9433-c49f916d8d3c"],"pending":0,"retained_closed_handles":2,"subsequent_context_usable":true,"version":"157.0.1"}
{"concurrent_close_waited":true,"context_ids":["27ce21f8-1448-4e50-98f3-c186f78abde4","4d3faf9a-7bac-4313-8364-e42d27e92426","506d6292-9907-4cb9-b33c-e4f86806ba78","default","e76873b7-f81c-44b3-b824-818106a4a831"],"cycle":7,"engine":"firefox","helper_preloads":1,"keeper_preserved":true,"mode":"context-response","page_ids":["13b8f46e-0d48-4fb8-b418-691cdcb27c1d","b1549bb9-17bf-4484-9433-c49f916d8d3c"],"pending":0,"retained_closed_handles":2,"subsequent_context_usable":true,"version":"157.0.1"}
{"concurrent_close_waited":true,"context_ids":["27ce21f8-1448-4e50-98f3-c186f78abde4","4d3faf9a-7bac-4313-8364-e42d27e92426","506d6292-9907-4cb9-b33c-e4f86806ba78","default","e76873b7-f81c-44b3-b824-818106a4a831"],"cycle":8,"engine":"firefox","helper_preloads":1,"keeper_preserved":true,"mode":"context-response","page_ids":["13b8f46e-0d48-4fb8-b418-691cdcb27c1d","b1549bb9-17bf-4484-9433-c49f916d8d3c"],"pending":0,"retained_closed_handles":2,"subsequent_context_usable":true,"version":"157.0.1"}
{"concurrent_close_waited":true,"context_ids":["27ce21f8-1448-4e50-98f3-c186f78abde4","4d3faf9a-7bac-4313-8364-e42d27e92426","506d6292-9907-4cb9-b33c-e4f86806ba78","default","e76873b7-f81c-44b3-b824-818106a4a831"],"cycle":9,"engine":"firefox","helper_preloads":1,"keeper_preserved":true,"mode":"context-response","page_ids":["13b8f46e-0d48-4fb8-b418-691cdcb27c1d","b1549bb9-17bf-4484-9433-c49f916d8d3c"],"pending":0,"retained_closed_handles":2,"subsequent_context_usable":true,"version":"157.0.1"}
{"concurrent_close_waited":true,"context_ids":["27ce21f8-1448-4e50-98f3-c186f78abde4","4d3faf9a-7bac-4313-8364-e42d27e92426","506d6292-9907-4cb9-b33c-e4f86806ba78","default","e76873b7-f81c-44b3-b824-818106a4a831"],"cycle":10,"engine":"firefox","helper_preloads":1,"keeper_preserved":true,"mode":"context-response","page_ids":["13b8f46e-0d48-4fb8-b418-691cdcb27c1d","b1549bb9-17bf-4484-9433-c49f916d8d3c"],"pending":0,"retained_closed_handles":2,"subsequent_context_usable":true,"version":"157.0.1"}
{"concurrent_close_waited":true,"context_ids":["27ce21f8-1448-4e50-98f3-c186f78abde4","4d3faf9a-7bac-4313-8364-e42d27e92426","506d6292-9907-4cb9-b33c-e4f86806ba78","default","e76873b7-f81c-44b3-b824-818106a4a831"],"cycle":1,"engine":"firefox","helper_preloads":1,"keeper_preserved":true,"mode":"context-helper","page_ids":["13b8f46e-0d48-4fb8-b418-691cdcb27c1d","b1549bb9-17bf-4484-9433-c49f916d8d3c"],"pending":0,"retained_closed_handles":2,"subsequent_context_usable":true,"version":"157.0.1"}
{"concurrent_close_waited":true,"context_ids":["27ce21f8-1448-4e50-98f3-c186f78abde4","4d3faf9a-7bac-4313-8364-e42d27e92426","506d6292-9907-4cb9-b33c-e4f86806ba78","default","e76873b7-f81c-44b3-b824-818106a4a831"],"cycle":2,"engine":"firefox","helper_preloads":1,"keeper_preserved":true,"mode":"context-helper","page_ids":["13b8f46e-0d48-4fb8-b418-691cdcb27c1d","b1549bb9-17bf-4484-9433-c49f916d8d3c"],"pending":0,"retained_closed_handles":2,"subsequent_context_usable":true,"version":"157.0.1"}
{"concurrent_close_waited":true,"context_ids":["27ce21f8-1448-4e50-98f3-c186f78abde4","4d3faf9a-7bac-4313-8364-e42d27e92426","506d6292-9907-4cb9-b33c-e4f86806ba78","default","e76873b7-f81c-44b3-b824-818106a4a831"],"cycle":3,"engine":"firefox","helper_preloads":1,"keeper_preserved":true,"mode":"context-helper","page_ids":["13b8f46e-0d48-4fb8-b418-691cdcb27c1d","b1549bb9-17bf-4484-9433-c49f916d8d3c"],"pending":0,"retained_closed_handles":2,"subsequent_context_usable":true,"version":"157.0.1"}
{"concurrent_close_waited":true,"context_ids":["27ce21f8-1448-4e50-98f3-c186f78abde4","4d3faf9a-7bac-4313-8364-e42d27e92426","506d6292-9907-4cb9-b33c-e4f86806ba78","default","e76873b7-f81c-44b3-b824-818106a4a831"],"cycle":4,"engine":"firefox","helper_preloads":1,"keeper_preserved":true,"mode":"context-helper","page_ids":["13b8f46e-0d48-4fb8-b418-691cdcb27c1d","b1549bb9-17bf-4484-9433-c49f916d8d3c"],"pending":0,"retained_closed_handles":2,"subsequent_context_usable":true,"version":"157.0.1"}
{"concurrent_close_waited":true,"context_ids":["27ce21f8-1448-4e50-98f3-c186f78abde4","4d3faf9a-7bac-4313-8364-e42d27e92426","506d6292-9907-4cb9-b33c-e4f86806ba78","default","e76873b7-f81c-44b3-b824-818106a4a831"],"cycle":5,"engine":"firefox","helper_preloads":1,"keeper_preserved":true,"mode":"context-helper","page_ids":["13b8f46e-0d48-4fb8-b418-691cdcb27c1d","b1549bb9-17bf-4484-9433-c49f916d8d3c"],"pending":0,"retained_closed_handles":2,"subsequent_context_usable":true,"version":"157.0.1"}
{"concurrent_close_waited":true,"context_ids":["27ce21f8-1448-4e50-98f3-c186f78abde4","4d3faf9a-7bac-4313-8364-e42d27e92426","506d6292-9907-4cb9-b33c-e4f86806ba78","default","e76873b7-f81c-44b3-b824-818106a4a831"],"cycle":6,"engine":"firefox","helper_preloads":1,"keeper_preserved":true,"mode":"context-helper","page_ids":["13b8f46e-0d48-4fb8-b418-691cdcb27c1d","b1549bb9-17bf-4484-9433-c49f916d8d3c"],"pending":0,"retained_closed_handles":2,"subsequent_context_usable":true,"version":"157.0.1"}
{"concurrent_close_waited":true,"context_ids":["27ce21f8-1448-4e50-98f3-c186f78abde4","4d3faf9a-7bac-4313-8364-e42d27e92426","506d6292-9907-4cb9-b33c-e4f86806ba78","default","e76873b7-f81c-44b3-b824-818106a4a831"],"cycle":7,"engine":"firefox","helper_preloads":1,"keeper_preserved":true,"mode":"context-helper","page_ids":["13b8f46e-0d48-4fb8-b418-691cdcb27c1d","b1549bb9-17bf-4484-9433-c49f916d8d3c"],"pending":0,"retained_closed_handles":2,"subsequent_context_usable":true,"version":"157.0.1"}
{"concurrent_close_waited":true,"context_ids":["27ce21f8-1448-4e50-98f3-c186f78abde4","4d3faf9a-7bac-4313-8364-e42d27e92426","506d6292-9907-4cb9-b33c-e4f86806ba78","default","e76873b7-f81c-44b3-b824-818106a4a831"],"cycle":8,"engine":"firefox","helper_preloads":1,"keeper_preserved":true,"mode":"context-helper","page_ids":["13b8f46e-0d48-4fb8-b418-691cdcb27c1d","b1549bb9-17bf-4484-9433-c49f916d8d3c"],"pending":0,"retained_closed_handles":2,"subsequent_context_usable":true,"version":"157.0.1"}
{"concurrent_close_waited":true,"context_ids":["27ce21f8-1448-4e50-98f3-c186f78abde4","4d3faf9a-7bac-4313-8364-e42d27e92426","506d6292-9907-4cb9-b33c-e4f86806ba78","default","e76873b7-f81c-44b3-b824-818106a4a831"],"cycle":9,"engine":"firefox","helper_preloads":1,"keeper_preserved":true,"mode":"context-helper","page_ids":["13b8f46e-0d48-4fb8-b418-691cdcb27c1d","b1549bb9-17bf-4484-9433-c49f916d8d3c"],"pending":0,"retained_closed_handles":2,"subsequent_context_usable":true,"version":"157.0.1"}
{"concurrent_close_waited":true,"context_ids":["27ce21f8-1448-4e50-98f3-c186f78abde4","4d3faf9a-7bac-4313-8364-e42d27e92426","506d6292-9907-4cb9-b33c-e4f86806ba78","default","e76873b7-f81c-44b3-b824-818106a4a831"],"cycle":10,"engine":"firefox","helper_preloads":1,"keeper_preserved":true,"mode":"context-helper","page_ids":["13b8f46e-0d48-4fb8-b418-691cdcb27c1d","b1549bb9-17bf-4484-9433-c49f916d8d3c"],"pending":0,"retained_closed_handles":2,"subsequent_context_usable":true,"version":"157.0.1"}
{"concurrent_close_waited":true,"context_ids":["27ce21f8-1448-4e50-98f3-c186f78abde4","4d3faf9a-7bac-4313-8364-e42d27e92426","506d6292-9907-4cb9-b33c-e4f86806ba78","default","e76873b7-f81c-44b3-b824-818106a4a831"],"cycle":1,"engine":"firefox","helper_preloads":1,"keeper_preserved":true,"mode":"page-helper","page_ids":["13b8f46e-0d48-4fb8-b418-691cdcb27c1d","b1549bb9-17bf-4484-9433-c49f916d8d3c"],"pending":0,"retained_closed_handles":2,"subsequent_context_usable":true,"version":"157.0.1"}
{"concurrent_close_waited":true,"context_ids":["27ce21f8-1448-4e50-98f3-c186f78abde4","4d3faf9a-7bac-4313-8364-e42d27e92426","506d6292-9907-4cb9-b33c-e4f86806ba78","default","e76873b7-f81c-44b3-b824-818106a4a831"],"cycle":2,"engine":"firefox","helper_preloads":1,"keeper_preserved":true,"mode":"page-helper","page_ids":["13b8f46e-0d48-4fb8-b418-691cdcb27c1d","b1549bb9-17bf-4484-9433-c49f916d8d3c"],"pending":0,"retained_closed_handles":2,"subsequent_context_usable":true,"version":"157.0.1"}
{"concurrent_close_waited":true,"context_ids":["27ce21f8-1448-4e50-98f3-c186f78abde4","4d3faf9a-7bac-4313-8364-e42d27e92426","506d6292-9907-4cb9-b33c-e4f86806ba78","default","e76873b7-f81c-44b3-b824-818106a4a831"],"cycle":3,"engine":"firefox","helper_preloads":1,"keeper_preserved":true,"mode":"page-helper","page_ids":["13b8f46e-0d48-4fb8-b418-691cdcb27c1d","b1549bb9-17bf-4484-9433-c49f916d8d3c"],"pending":0,"retained_closed_handles":2,"subsequent_context_usable":true,"version":"157.0.1"}
{"concurrent_close_waited":true,"context_ids":["27ce21f8-1448-4e50-98f3-c186f78abde4","4d3faf9a-7bac-4313-8364-e42d27e92426","506d6292-9907-4cb9-b33c-e4f86806ba78","default","e76873b7-f81c-44b3-b824-818106a4a831"],"cycle":4,"engine":"firefox","helper_preloads":1,"keeper_preserved":true,"mode":"page-helper","page_ids":["13b8f46e-0d48-4fb8-b418-691cdcb27c1d","b1549bb9-17bf-4484-9433-c49f916d8d3c"],"pending":0,"retained_closed_handles":2,"subsequent_context_usable":true,"version":"157.0.1"}
{"concurrent_close_waited":true,"context_ids":["27ce21f8-1448-4e50-98f3-c186f78abde4","4d3faf9a-7bac-4313-8364-e42d27e92426","506d6292-9907-4cb9-b33c-e4f86806ba78","default","e76873b7-f81c-44b3-b824-818106a4a831"],"cycle":5,"engine":"firefox","helper_preloads":1,"keeper_preserved":true,"mode":"page-helper","page_ids":["13b8f46e-0d48-4fb8-b418-691cdcb27c1d","b1549bb9-17bf-4484-9433-c49f916d8d3c"],"pending":0,"retained_closed_handles":2,"subsequent_context_usable":true,"version":"157.0.1"}
{"concurrent_close_waited":true,"context_ids":["27ce21f8-1448-4e50-98f3-c186f78abde4","4d3faf9a-7bac-4313-8364-e42d27e92426","506d6292-9907-4cb9-b33c-e4f86806ba78","default","e76873b7-f81c-44b3-b824-818106a4a831"],"cycle":6,"engine":"firefox","helper_preloads":1,"keeper_preserved":true,"mode":"page-helper","page_ids":["13b8f46e-0d48-4fb8-b418-691cdcb27c1d","b1549bb9-17bf-4484-9433-c49f916d8d3c"],"pending":0,"retained_closed_handles":2,"subsequent_context_usable":true,"version":"157.0.1"}
{"concurrent_close_waited":true,"context_ids":["27ce21f8-1448-4e50-98f3-c186f78abde4","4d3faf9a-7bac-4313-8364-e42d27e92426","506d6292-9907-4cb9-b33c-e4f86806ba78","default","e76873b7-f81c-44b3-b824-818106a4a831"],"cycle":7,"engine":"firefox","helper_preloads":1,"keeper_preserved":true,"mode":"page-helper","page_ids":["13b8f46e-0d48-4fb8-b418-691cdcb27c1d","b1549bb9-17bf-4484-9433-c49f916d8d3c"],"pending":0,"retained_closed_handles":2,"subsequent_context_usable":true,"version":"157.0.1"}
{"concurrent_close_waited":true,"context_ids":["27ce21f8-1448-4e50-98f3-c186f78abde4","4d3faf9a-7bac-4313-8364-e42d27e92426","506d6292-9907-4cb9-b33c-e4f86806ba78","default","e76873b7-f81c-44b3-b824-818106a4a831"],"cycle":8,"engine":"firefox","helper_preloads":1,"keeper_preserved":true,"mode":"page-helper","page_ids":["13b8f46e-0d48-4fb8-b418-691cdcb27c1d","b1549bb9-17bf-4484-9433-c49f916d8d3c"],"pending":0,"retained_closed_handles":2,"subsequent_context_usable":true,"version":"157.0.1"}
{"concurrent_close_waited":true,"context_ids":["27ce21f8-1448-4e50-98f3-c186f78abde4","4d3faf9a-7bac-4313-8364-e42d27e92426","506d6292-9907-4cb9-b33c-e4f86806ba78","default","e76873b7-f81c-44b3-b824-818106a4a831"],"cycle":9,"engine":"firefox","helper_preloads":1,"keeper_preserved":true,"mode":"page-helper","page_ids":["13b8f46e-0d48-4fb8-b418-691cdcb27c1d","b1549bb9-17bf-4484-9433-c49f916d8d3c"],"pending":0,"retained_closed_handles":2,"subsequent_context_usable":true,"version":"157.0.1"}
{"concurrent_close_waited":true,"context_ids":["27ce21f8-1448-4e50-98f3-c186f78abde4","4d3faf9a-7bac-4313-8364-e42d27e92426","506d6292-9907-4cb9-b33c-e4f86806ba78","default","e76873b7-f81c-44b3-b824-818106a4a831"],"cycle":10,"engine":"firefox","helper_preloads":1,"keeper_preserved":true,"mode":"page-helper","page_ids":["13b8f46e-0d48-4fb8-b418-691cdcb27c1d","b1549bb9-17bf-4484-9433-c49f916d8d3c"],"pending":0,"retained_closed_handles":2,"subsequent_context_usable":true,"version":"157.0.1"}
ok

test result: ok. 2 passed; 0 failed; 0 ignored; 0 measured; 0 filtered out; finished in 37.74s

