[1260:1276:1009/200952.801622:ERROR:dbus/bus.cc:405] Failed to connect to the bus: Failed to connect to socket /run/dbus/system_bus_socket: No such file or directory
[1260:1276:1009/200952.801712:ERROR:dbus/bus.cc:405] Failed to connect to the bus: Could not parse server address: Unknown address type (examples of valid types are "tcp" and on UNIX "unix")
[1260:1276:1009/200952.849679:ERROR:dbus/bus.cc:405] Failed to connect to the bus: Failed to connect to socket /run/dbus/system_bus_socket: No such file or directory
[1260:1276:1009/200952.849880:ERROR:dbus/bus.cc:405] Failed to connect to the bus: Failed to connect to socket /run/dbus/system_bus_socket: No such file or directory
[1260:1276:1009/200952.850012:ERROR:dbus/bus.cc:405] Failed to connect to the bus: Failed to connect to socket /run/dbus/system_bus_socket: No such file or directory
[1260:1276:1009/200952.850030:ERROR:dbus/bus.cc:405] Failed to connect to the bus: Could not parse server address: Unknown address type (examples of valid types are "tcp" and on UNIX "unix")
[1260:1276:1009/200952.850106:ERROR:dbus/bus.cc:405] Failed to connect to the bus: Could not parse server address: Unknown address type (examples of valid types are "tcp" and on UNIX "unix")
[1260:1276:1009/200952.851829:ERROR:dbus/bus.cc:405] Failed to connect to the bus: Could not parse server address: Unknown address type (examples of valid types are "tcp" and on UNIX "unix")
[1260:1276:1009/200952.876608:ERROR:dbus/bus.cc:405] Failed to connect to the bus: Could not parse server address: Unknown address type (examples of valid types are "tcp" and on UNIX "unix")

DevTools listening on ws://127.0.0.1:33721/devtools/browser/9ff7c45b-014f-4646-b276-5e23da88fe71
Failed to create /workspace/.rustwright-env/xdg-cache for shader cache (Permission denied)---disabling.
Failed to create /workspace/.rustwright-env/xdg-cache for shader cache (Permission denied)---disabling.
[1260:1276:1009/200952.922952:ERROR:dbus/bus.cc:405] Failed to connect to the bus: Could not parse server address: Unknown address type (examples of valid types are "tcp" and on UNIX "unix")
[1260:1276:1009/200952.922969:ERROR:dbus/bus.cc:405] Failed to connect to the bus: Could not parse server address: Unknown address type (examples of valid types are "tcp" and on UNIX "unix")
[1260:1260:1009/200952.977538:ERROR:dbus/object_proxy.cc:572] Failed to call method: org.freedesktop.DBus.NameHasOwner: object_path= /org/freedesktop/DBus: unknown error type: 
[1260:1260:1009/200952.977664:ERROR:dbus/object_proxy.cc:572] Failed to call method: org.freedesktop.DBus.NameHasOwner: object_path= /org/freedesktop/DBus: unknown error type: 
[1260:1260:1009/200952.977809:ERROR:dbus/object_proxy.cc:572] Failed to call method: org.freedesktop.DBus.NameHasOwner: object_path= /org/freedesktop/DBus: unknown error type: 
[1260:1276:1009/200952.978376:ERROR:dbus/bus.cc:405] Failed to connect to the bus: Could not parse server address: Unknown address type (examples of valid types are "tcp" and on UNIX "unix")
[1260:1276:1009/200952.978396:ERROR:dbus/bus.cc:405] Failed to connect to the bus: Could not parse server address: Unknown address type (examples of valid types are "tcp" and on UNIX "unix")
[1260:1260:1009/200952.980757:ERROR:dbus/object_proxy.cc:572] Failed to call method: org.freedesktop.DBus.NameHasOwner: object_path= /org/freedesktop/DBus: unknown error type: 
[1260:1276:1009/200952.980845:ERROR:dbus/bus.cc:405] Failed to connect to the bus: Could not parse server address: Unknown address type (examples of valid types are "tcp" and on UNIX "unix")
[1260:1276:1009/200952.993265:ERROR:dbus/bus.cc:405] Failed to connect to the bus: Failed to connect to socket /run/dbus/system_bus_socket: No such file or directory
[1260:1276:1009/200952.993309:ERROR:dbus/bus.cc:405] Failed to connect to the bus: Failed to connect to socket /run/dbus/system_bus_socket: No such file or directory
[1260:1260:1009/200952.993346:ERROR:dbus/object_proxy.cc:572] Failed to call method: org.freedesktop.DBus.NameHasOwner: object_path= /org/freedesktop/DBus: unknown error type: 
[1260:1260:1009/200952.993570:ERROR:dbus/object_proxy.cc:572] Failed to call method: org.freedesktop.DBus.NameHasOwner: object_path= /org/freedesktop/DBus: unknown error type: 
[1260:1260:1009/200952.993880:ERROR:dbus/object_proxy.cc:572] Failed to call method: org.freedesktop.DBus.NameHasOwner: object_path= /org/freedesktop/DBus: unknown error type: 
[1260:1276:1009/200952.993914:ERROR:dbus/bus.cc:405] Failed to connect to the bus: Could not parse server address: Unknown address type (examples of valid types are "tcp" and on UNIX "unix")
[1260:1260:1009/200953.001449:ERROR:dbus/object_proxy.cc:572] Failed to call method: org.freedesktop.DBus.Properties.GetAll: object_path= /org/freedesktop/UPower/devices/DisplayDevice: unknown error type: 
[1260:1260:1009/200953.002321:ERROR:dbus/object_proxy.cc:572] Failed to call method: org.freedesktop.DBus.NameHasOwner: object_path= /org/freedesktop/DBus: unknown error type: 
[1260:1276:1009/200953.002675:ERROR:dbus/bus.cc:405] Failed to connect to the bus: Could not parse server address: Unknown address type (examples of valid types are "tcp" and on UNIX "unix")
[1260:1260:1009/200953.008116:ERROR:dbus/object_proxy.cc:572] Failed to call method: org.freedesktop.DBus.NameHasOwner: object_path= /org/freedesktop/DBus: unknown error type: 
[1260:1276:1009/200953.009965:ERROR:dbus/bus.cc:405] Failed to connect to the bus: Could not parse server address: Unknown address type (examples of valid types are "tcp" and on UNIX "unix")
[1260:1276:1009/200953.028753:ERROR:dbus/bus.cc:405] Failed to connect to the bus: Failed to connect to socket /run/dbus/system_bus_socket: No such file or directory
[1260:1260:1009/200953.036445:ERROR:dbus/object_proxy.cc:572] Failed to call method: org.freedesktop.DBus.NameHasOwner: object_path= /org/freedesktop/DBus: unknown error type: 
[1260:1260:1009/200953.064177:ERROR:dbus/object_proxy.cc:572] Failed to call method: org.freedesktop.NetworkManager.GetDevices: object_path= /org/freedesktop/NetworkManager: unknown error type: 
[1429:1437:1009/200953.223451:ERROR:base/threading/platform_thread_posix.cc:162] pthread_create: Resource temporarily unavailable (11)
[1429:1437:1009/200953.223645:ERROR:base/threading/platform_thread_posix.cc:162] pthread_create: Resource temporarily unavailable (11)
[1441:1441:1009/200953.222953:ERROR:base/threading/platform_thread_posix.cc:162] pthread_create: Resource temporarily unavailable (11)
[1441:1441:1009/200953.229608:ERROR:base/threading/platform_thread_posix.cc:162] pthread_create: Resource temporarily unavailable (11)
[1441:1441:1009/200953.229923:ERROR:base/threading/platform_thread_posix.cc:162] pthread_create: Resource temporarily unavailable (11)
[1441:1441:1009/200953.230454:ERROR:base/threading/platform_thread_posix.cc:162] pthread_create: Resource temporarily unavailable (11)
[1429:1433:1009/200953.231009:ERROR:base/threading/platform_thread_posix.cc:162] pthread_create: Resource temporarily unavailable (11)
[1429:1433:1009/200953.233456:ERROR:base/threading/platform_thread_posix.cc:162] pthread_create: Resource temporarily unavailable (11)
[1429:1433:1009/200953.233694:ERROR:base/threading/platform_thread_posix.cc:162] pthread_create: Resource temporarily unavailable (11)
[1429:1433:1009/200953.234385:ERROR:base/threading/platform_thread_posix.cc:162] pthread_create: Resource temporarily unavailable (11)
[1429:1433:1009/200953.234690:ERROR:base/threading/platform_thread_posix.cc:162] pthread_create: Resource temporarily unavailable (11)
[1429:1437:1009/200953.234819:ERROR:base/threading/platform_thread_posix.cc:162] pthread_create: Resource temporarily unavailable (11)
[1429:1437:1009/200953.235104:ERROR:base/threading/platform_thread_posix.cc:162] pthread_create: Resource temporarily unavailable (11)
[1429:1433:1009/200953.235446:ERROR:base/threading/platform_thread_posix.cc:162] pthread_create: Resource temporarily unavailable (11)
[1429:1433:1009/200953.235855:ERROR:base/threading/platform_thread_posix.cc:162] pthread_create: Resource temporarily unavailable (11)
[1429:1433:1009/200953.235982:ERROR:base/threading/platform_thread_posix.cc:162] pthread_create: Resource temporarily unavailable (11)
[1429:1433:1009/200953.236169:ERROR:base/threading/platform_thread_posix.cc:162] pthread_create: Resource temporarily unavailable (11)
[1429:1437:1009/200953.236183:ERROR:base/threading/platform_thread_posix.cc:162] pthread_create: Resource temporarily unavailable (11)
[1429:1433:1009/200953.236274:ERROR:base/threading/platform_thread_posix.cc:162] pthread_create: Resource temporarily unavailable (11)
[1429:1437:1009/200953.236404:ERROR:base/threading/platform_thread_posix.cc:162] pthread_create: Resource temporarily unavailable (11)
[1429:1437:1009/200953.236474:ERROR:base/threading/platform_thread_posix.cc:162] pthread_create: Resource temporarily unavailable (11)
[1429:1437:1009/200953.236580:ERROR:base/threading/platform_thread_posix.cc:162] pthread_create: Resource temporarily unavailable (11)
[1429:1437:1009/200953.236663:ERROR:base/threading/platform_thread_posix.cc:162] pthread_create: Resource temporarily unavailable (11)
[1429:1437:1009/200953.236749:ERROR:base/threading/platform_thread_posix.cc:162] pthread_create: Resource temporarily unavailable (11)
[1429:1437:1009/200953.237298:ERROR:base/threading/platform_thread_posix.cc:162] pthread_create: Resource temporarily unavailable (11)
[1429:1437:1009/200953.237584:ERROR:base/threading/platform_thread_posix.cc:162] pthread_create: Resource temporarily unavailable (11)
[1009/200953.237467:ERROR:third_party/crashpad/crashpad/util/file/file_io_posix.cc:145] open /sys/devices/system/cpu/cpu0/cpufreq/scaling_cur_freq: No such file or directory (2)
[1009/200953.237689:ERROR:third_party/crashpad/crashpad/util/file/file_io_posix.cc:145] open /sys/devices/system/cpu/cpu0/cpufreq/scaling_max_freq: No such file or directory (2)
[1429:1437:1009/200953.237973:ERROR:base/threading/platform_thread_posix.cc:162] pthread_create: Resource temporarily unavailable (11)
[1429:1437:1009/200953.238121:ERROR:base/threading/platform_thread_posix.cc:162] pthread_create: Resource temporarily unavailable (11)
[1429:1437:1009/200953.238234:ERROR:base/threading/platform_thread_posix.cc:162] pthread_create: Resource temporarily unavailable (11)
[1429:1437:1009/200953.238361:ERROR:base/threading/platform_thread_posix.cc:162] pthread_create: Resource temporarily unavailable (11)
[1429:1437:1009/200953.238478:ERROR:base/threading/platform_thread_posix.cc:162] pthread_create: Resource temporarily unavailable (11)
[1429:1437:1009/200953.238541:ERROR:base/threading/platform_thread_posix.cc:162] pthread_create: Resource temporarily unavailable (11)
[1429:1437:1009/200953.245487:ERROR:base/threading/platform_thread_posix.cc:162] pthread_create: Resource temporarily unavailable (11)
[1440:1440:1009/200953.244459:ERROR:base/threading/platform_thread_posix.cc:162] pthread_create: Resource temporarily unavailable (11)
[1009/200953.256203:ERROR:third_party/crashpad/crashpad/util/file/file_io_posix.cc:145] open /sys/devices/system/cpu/cpu0/cpufreq/scaling_cur_freq: No such file or directory (2)
[1009/200953.256220:ERROR:third_party/crashpad/crashpad/util/file/file_io_posix.cc:145] open /sys/devices/system/cpu/cpu0/cpufreq/scaling_max_freq: No such file or directory (2)
[1488:1500:1009/200953.293812:ERROR:base/threading/platform_thread_posix.cc:162] pthread_create: Resource temporarily unavailable (11)
[1009/200953.307727:ERROR:third_party/crashpad/crashpad/util/file/file_io_posix.cc:145] open /sys/devices/system/cpu/cpu0/cpufreq/scaling_cur_freq: No such file or directory (2)
[1009/200953.307740:ERROR:third_party/crashpad/crashpad/util/file/file_io_posix.cc:145] open /sys/devices/system/cpu/cpu0/cpufreq/scaling_max_freq: No such file or directory (2)
[1268:1268:1009/200956.201397:ERROR:content/zygote/zygote_linux.cc:623] Zygote could not fork: process_type renderer numfds 7 child_pid -1
[1009/200956.209983:ERROR:third_party/crashpad/crashpad/util/file/file_io_posix.cc:145] open /sys/devices/system/cpu/cpu0/cpufreq/scaling_cur_freq: No such file or directory (2)
[1009/200956.209999:ERROR:third_party/crashpad/crashpad/util/file/file_io_posix.cc:145] open /sys/devices/system/cpu/cpu0/cpufreq/scaling_max_freq: No such file or directory (2)
[1260:1287:1009/200956.201519:ERROR:content/common/zygote/zygote_communication_linux.cc:173] NOTREACHED hit. Did not receive ping from zygote child
[1260:1287:1009/200956.215349:ERROR:content/common/zygote/zygote_communication_linux.cc:173] NOTREACHED hit. Did not receive ping from zygote child
[1260:1278:1009/200956.728991:ERROR:google_apis/gcm/engine/registration_request.cc:291] Registration response error message: PHONE_REGISTRATION_ERROR
[1260:1278:1009/200956.804775:ERROR:google_apis/gcm/engine/registration_request.cc:291] Registration response error message: PHONE_REGISTRATION_ERROR
[1260:1278:1009/200956.875350:ERROR:google_apis/gcm/engine/registration_request.cc:291] Registration response error message: PHONE_REGISTRATION_ERROR
[1260:1278:1009/200957.509321:ERROR:google_apis/gcm/engine/connection_factory_impl.cc:474] ConnectionHandler failed with net error: -2
[1260:1278:1009/201017.362877:ERROR:google_apis/gcm/engine/registration_request.cc:291] Registration response error message: DEPRECATED_ENDPOINT
[1260:1260:1009/201023.167446:ERROR:content/common/zygote/zygote_communication_linux.cc:313] Failed to send GetTerminationStatus message to zygote
[1260:1260:1009/201023.177854:ERROR:content/common/zygote/zygote_communication_linux.cc:313] Failed to send GetTerminationStatus message to zygote
[1260:1278:1009/201028.169876:ERROR:google_apis/gcm/engine/connection_factory_impl.cc:474] ConnectionHandler failed with net error: -2
[1260:1278:1009/201113.238821:ERROR:google_apis/gcm/engine/registration_request.cc:291] Registration response error message: DEPRECATED_ENDPOINT
[1260:1278:1009/201126.849847:ERROR:google_apis/gcm/engine/connection_factory_impl.cc:474] ConnectionHandler failed with net error: -2
Warning: Couldn't load Vulkan: libvk_swiftshader.so: cannot open shared object file: No such file or directory
    at operator() (../../third_party/dawn/src/dawn/native/vulkan/BackendVk.cpp:368)

Warning: vkCreateInstance: Found no drivers!
Warning: vkCreateInstance failed with VK_ERROR_INCOMPATIBLE_DRIVER
    at CheckVkSuccessImpl (../../third_party/dawn/src/dawn/native/vulkan/VulkanError.cpp:106)

Warning: maxDynamicUniformBuffersPerPipelineLayout artificially reduced from 72 to 16 to fit dynamic offset allocation limit.
Warning: maxDynamicStorageBuffersPerPipelineLayout artificially reduced from 64 to 16 to fit dynamic offset allocation limit.
[1260:1278:1009/201250.342954:ERROR:google_apis/gcm/engine/connection_factory_impl.cc:474] ConnectionHandler failed with net error: -2
[1260:1278:1009/201251.894220:ERROR:google_apis/gcm/engine/registration_request.cc:291] Registration response error message: DEPRECATED_ENDPOINT
[1260:1278:1009/201603.109329:ERROR:google_apis/gcm/engine/registration_request.cc:291] Registration response error message: QUOTA_EXCEEDED
[1260:1278:1009/201621.730110:ERROR:google_apis/gcm/engine/connection_factory_impl.cc:474] ConnectionHandler failed with net error: -2
