[1m[92m   Compiling[0m rustwright-integration-tests v0.1.0 (/home/runner/work/rustwright/rustwright/tests)
[1m[92m    Finished[0m `test` profile [unoptimized + debuginfo] target(s) in 2.00s
[1m[92m     Running[0m http_intercept_lifecycle.rs (target/debug/deps/http_intercept_lifecycle-e4f04b177e9dceb5)

running 4 tests
test firefox_intercept_cancellation_preserves_live_requests_and_prior_rules ... {"cycle":1,"known_intercept_ids":["76c01939-9556-4318-97c1-9067e9f9e6da"],"known_intercepts_absent":true,"mode":"cancel-add-with-blocked-request","pending":0,"version":"157.0.1"}
{"cycle":1,"known_intercept_ids":["95fb2a0e-b1a7-4edf-a7db-011e4a1f1f1b"],"known_intercepts_absent":true,"mode":"cancel-clear","pending":0,"version":"157.0.1"}
{"cycle":1,"known_intercept_ids":["3a4e068d-7b17-447d-8eb5-52d3ee467f0b","a88a653a-4ea6-47b2-9033-16fa0997df77","bdc1bde1-d7f1-4a71-86f6-742c094a5cec"],"known_intercepts_absent":true,"mode":"cancel-phase-upgrade","pending":0,"version":"157.0.1"}
{"cycle":2,"known_intercept_ids":["9eb4daaf-3291-437a-8c96-372456336637"],"known_intercepts_absent":true,"mode":"cancel-add-with-blocked-request","pending":0,"version":"157.0.1"}
{"cycle":2,"known_intercept_ids":["6b234325-d960-4096-bbd8-2873a4e7ed1a"],"known_intercepts_absent":true,"mode":"cancel-clear","pending":0,"version":"157.0.1"}
{"cycle":2,"known_intercept_ids":["16ebda27-c5b7-40e0-a4a5-70021c43f074","fbc3790f-e3f5-444d-9780-e9fe5b5b734a","b6967dea-9d5a-4978-bc6f-623febb94a8e"],"known_intercepts_absent":true,"mode":"cancel-phase-upgrade","pending":0,"version":"157.0.1"}
{"cycle":3,"known_intercept_ids":["64e3332b-0218-4007-a4d4-d0ce33e674ed"],"known_intercepts_absent":true,"mode":"cancel-add-with-blocked-request","pending":0,"version":"157.0.1"}
{"cycle":3,"known_intercept_ids":["00f8977c-f00a-430e-9831-91dd31098a3c"],"known_intercepts_absent":true,"mode":"cancel-clear","pending":0,"version":"157.0.1"}
{"cycle":3,"known_intercept_ids":["0432156e-0a78-46fe-b784-00138f1862aa","06bd9703-ba64-49d5-9308-4723a32ac302","56c9ecb1-85ef-4f61-b37e-cb57c623e03e"],"known_intercepts_absent":true,"mode":"cancel-phase-upgrade","pending":0,"version":"157.0.1"}
{"cycle":4,"known_intercept_ids":["5768e41c-9236-4bd5-ab0d-1b9b6ab533e1"],"known_intercepts_absent":true,"mode":"cancel-add-with-blocked-request","pending":0,"version":"157.0.1"}
{"cycle":4,"known_intercept_ids":["b0de83f4-5c00-47da-ac29-1ac9eb77d526"],"known_intercepts_absent":true,"mode":"cancel-clear","pending":0,"version":"157.0.1"}
{"cycle":4,"known_intercept_ids":["7f465805-7288-48f2-9f5f-6cd961cd80f3","0353a4c7-d997-47d8-8b47-d6b544c96ce5","fbc87a28-15d1-42af-8089-72cf80100f71"],"known_intercepts_absent":true,"mode":"cancel-phase-upgrade","pending":0,"version":"157.0.1"}
{"cycle":5,"known_intercept_ids":["26f97b76-d635-4c8a-9b39-814f44a7098e"],"known_intercepts_absent":true,"mode":"cancel-add-with-blocked-request","pending":0,"version":"157.0.1"}
{"cycle":5,"known_intercept_ids":["4d9a3965-e629-4a7d-9de5-0def7c08480c"],"known_intercepts_absent":true,"mode":"cancel-clear","pending":0,"version":"157.0.1"}
{"cycle":5,"known_intercept_ids":["0be735ba-8d7a-49d5-926a-fe80d186b941","010883d5-7709-43de-bb61-e6a425321fdd","c3957391-e984-4613-802a-26238a625871"],"known_intercepts_absent":true,"mode":"cancel-phase-upgrade","pending":0,"version":"157.0.1"}
{"cycle":6,"known_intercept_ids":["bde7adfd-3b6b-4328-a981-71d883e3acca"],"known_intercepts_absent":true,"mode":"cancel-add-with-blocked-request","pending":0,"version":"157.0.1"}
{"cycle":6,"known_intercept_ids":["e2c2c458-5d8b-4e54-8844-bcc4e23d10ba"],"known_intercepts_absent":true,"mode":"cancel-clear","pending":0,"version":"157.0.1"}
{"cycle":6,"known_intercept_ids":["d7094b5f-5502-4527-952f-8144c60c602a","ef845b97-555f-4469-a19c-4497b6fcf733","677e463e-7558-46ad-b380-3bf40db78646"],"known_intercepts_absent":true,"mode":"cancel-phase-upgrade","pending":0,"version":"157.0.1"}
{"cycle":7,"known_intercept_ids":["f0282492-ddb7-474a-b82c-9cf08604488a"],"known_intercepts_absent":true,"mode":"cancel-add-with-blocked-request","pending":0,"version":"157.0.1"}
{"cycle":7,"known_intercept_ids":["fe3bdd61-87bc-4816-bcf1-4e1ab3327560"],"known_intercepts_absent":true,"mode":"cancel-clear","pending":0,"version":"157.0.1"}
{"cycle":7,"known_intercept_ids":["cff93b9e-0cff-4e87-a21c-42769de35eeb","d5039372-4c40-494f-87e2-5e9cf9ea0a7e","be48b25a-c454-4b93-9de3-b18d9286380d"],"known_intercepts_absent":true,"mode":"cancel-phase-upgrade","pending":0,"version":"157.0.1"}
{"cycle":8,"known_intercept_ids":["86198086-e7bb-4090-b66a-4a61e459b093"],"known_intercepts_absent":true,"mode":"cancel-add-with-blocked-request","pending":0,"version":"157.0.1"}
{"cycle":8,"known_intercept_ids":["7347e295-76b1-4184-a6e6-2321b36c91ed"],"known_intercepts_absent":true,"mode":"cancel-clear","pending":0,"version":"157.0.1"}
{"cycle":8,"known_intercept_ids":["a8c8bc09-fd43-4dbf-bc44-d6c12d6ecfaf","74b24dd3-7f16-4579-825c-0944442a5f52","4c71e0c3-b6e2-4a01-9c5a-97581052a904"],"known_intercepts_absent":true,"mode":"cancel-phase-upgrade","pending":0,"version":"157.0.1"}
{"cycle":9,"known_intercept_ids":["50f34c51-2bb2-4bdb-a2cd-bb3a5e9a1720"],"known_intercepts_absent":true,"mode":"cancel-add-with-blocked-request","pending":0,"version":"157.0.1"}
{"cycle":9,"known_intercept_ids":["d2fd4273-6c1f-42c5-922f-bfe5f1d7c77d"],"known_intercepts_absent":true,"mode":"cancel-clear","pending":0,"version":"157.0.1"}
{"cycle":9,"known_intercept_ids":["2241f150-3da6-4738-951a-dcd122a07f05","d9668c8d-e3d5-4ab1-8adc-18d19ed7569f","90e7cfb5-09af-4272-9a96-ad1d8779e2dd"],"known_intercepts_absent":true,"mode":"cancel-phase-upgrade","pending":0,"version":"157.0.1"}
{"cycle":10,"known_intercept_ids":["3bf5b841-2bc7-485a-8c75-cd35937d0dff"],"known_intercepts_absent":true,"mode":"cancel-add-with-blocked-request","pending":0,"version":"157.0.1"}
{"cycle":10,"known_intercept_ids":["a8799c1e-b053-4abb-b5ab-f33685ae216f"],"known_intercepts_absent":true,"mode":"cancel-clear","pending":0,"version":"157.0.1"}
{"cycle":10,"known_intercept_ids":["72f3c4e2-2238-4f16-bf24-74e600173f06","dc839813-0371-4d0b-8b5f-5933524b4dea","18957390-946a-4749-bced-2f27b3ab43ff"],"known_intercepts_absent":true,"mode":"cancel-phase-upgrade","pending":0,"version":"157.0.1"}
ok
test firefox_phase_expansion_keeps_prior_rules_usable_before_acknowledgment ... {"cycle":1,"known_intercept_ids":["5c68c7e9-41e6-47a6-9d15-a9b85339e039","75a24264-01a7-4654-b4bf-59c8ef0677ae"],"known_intercepts_absent":true,"mode":"active-rules-during-phase-upgrade","pending":0,"version":"157.0.1"}
{"cycle":2,"known_intercept_ids":["2638153a-1c44-4804-97bc-8a5fa2f99a8e","f2cc4657-3c44-4ff1-a167-a5352bc9fe39"],"known_intercepts_absent":true,"mode":"active-rules-during-phase-upgrade","pending":0,"version":"157.0.1"}
{"cycle":3,"known_intercept_ids":["775d6408-53a0-4cf0-b7f6-3a10cf47579e","057005fe-f1cf-4bb6-aee4-d5870a02461e"],"known_intercepts_absent":true,"mode":"active-rules-during-phase-upgrade","pending":0,"version":"157.0.1"}
{"cycle":4,"known_intercept_ids":["e31c3fba-7a76-4e55-b2fd-5eca32ba244e","510a6418-448e-440e-ad9d-34e64504cc38"],"known_intercepts_absent":true,"mode":"active-rules-during-phase-upgrade","pending":0,"version":"157.0.1"}
{"cycle":5,"known_intercept_ids":["e11e30ca-97ca-4cb0-8cd0-7f5bd85b517d","a303ccd9-fe2f-4773-839a-87596274dec8"],"known_intercepts_absent":true,"mode":"active-rules-during-phase-upgrade","pending":0,"version":"157.0.1"}
{"cycle":6,"known_intercept_ids":["6bdfbd35-34f0-45b4-8e89-c1132dc84182","3f652b0f-a050-4158-9f32-1bc1ae9bad50"],"known_intercepts_absent":true,"mode":"active-rules-during-phase-upgrade","pending":0,"version":"157.0.1"}
{"cycle":7,"known_intercept_ids":["1422da19-4976-43e9-a4a4-3273ef0865af","3011e50c-3e5b-423c-9fd8-596fa4694184"],"known_intercepts_absent":true,"mode":"active-rules-during-phase-upgrade","pending":0,"version":"157.0.1"}
{"cycle":8,"known_intercept_ids":["3ed8d640-d171-402a-a965-9341afd7d5c1","864db26f-25d2-4fa7-b30b-bfc92f0250c7"],"known_intercepts_absent":true,"mode":"active-rules-during-phase-upgrade","pending":0,"version":"157.0.1"}
{"cycle":9,"known_intercept_ids":["43610d4d-4975-4352-ae63-fc1e18752c75","ec89eb38-92ea-4b71-8929-972e84712d83"],"known_intercepts_absent":true,"mode":"active-rules-during-phase-upgrade","pending":0,"version":"157.0.1"}
{"cycle":10,"known_intercept_ids":["1558d726-abd2-4019-95b0-df850517512a","26485ead-7901-447c-b015-7117dd0d5fd3"],"known_intercepts_absent":true,"mode":"active-rules-during-phase-upgrade","pending":0,"version":"157.0.1"}
ok
test firefox_routing_phases_and_child_frame_requests_remain_functional ... {"cycle":1,"known_intercept_ids":["cdc5693f-6740-4c51-8552-5c7c7256ef89","746b8f1b-ce21-460e-bac0-2957ed3cc00b"],"known_intercepts_absent":true,"mode":"request-response-child-frame","pending":0,"version":"157.0.1"}
ok
test firefox_shared_handles_drop_and_close_retire_only_owned_intercepts ... {"cycle":1,"known_intercept_ids":["7b9923a3-10cc-4307-847e-2aab1c39f174"],"known_intercepts_absent":true,"mode":"shared-handles-final-drop","pending":0,"version":"157.0.1"}
{"cycle":1,"known_intercept_ids":["09e0ab13-c03d-4bbd-b982-2d39cf15618b"],"known_intercepts_absent":true,"mode":"page-close-retained-handles","pending":0,"version":"157.0.1"}
{"cycle":1,"known_intercept_ids":["cab6c2da-4334-44dc-bf82-fd32e5a44122","9426bede-fe38-4e4c-a9bf-4f1f4d18f05f"],"known_intercepts_absent":true,"mode":"user-context-close-retained-pages","pending":0,"version":"157.0.1"}
{"cycle":2,"known_intercept_ids":["4d93a55b-f8f9-4f0c-90ad-2e49519c817b"],"known_intercepts_absent":true,"mode":"shared-handles-final-drop","pending":0,"version":"157.0.1"}
{"cycle":2,"known_intercept_ids":["fffca1e4-54b5-4e14-afa5-31428850081b"],"known_intercepts_absent":true,"mode":"page-close-retained-handles","pending":0,"version":"157.0.1"}
{"cycle":2,"known_intercept_ids":["f8fe4385-9bf8-461c-8797-bae76d8b8e5c","2017b042-5a3a-40fc-95e6-cb2f2eb97587"],"known_intercepts_absent":true,"mode":"user-context-close-retained-pages","pending":0,"version":"157.0.1"}
{"cycle":3,"known_intercept_ids":["42091c01-c480-4dda-8306-4933c165ecab"],"known_intercepts_absent":true,"mode":"shared-handles-final-drop","pending":0,"version":"157.0.1"}
{"cycle":3,"known_intercept_ids":["9cef2211-5a0e-4cfc-80b4-1b73c5df7a07"],"known_intercepts_absent":true,"mode":"page-close-retained-handles","pending":0,"version":"157.0.1"}
{"cycle":3,"known_intercept_ids":["73c95d0c-243f-4c5c-84a3-ba4b03af4a3a","f4dbc82c-b540-429d-9da5-e02f30a016ae"],"known_intercepts_absent":true,"mode":"user-context-close-retained-pages","pending":0,"version":"157.0.1"}
{"cycle":4,"known_intercept_ids":["a367bcbf-fc38-4906-b9cf-cf6f1f3c3dd8"],"known_intercepts_absent":true,"mode":"shared-handles-final-drop","pending":0,"version":"157.0.1"}
{"cycle":4,"known_intercept_ids":["062b004d-e40d-48e1-b11f-c99b71d0aec9"],"known_intercepts_absent":true,"mode":"page-close-retained-handles","pending":0,"version":"157.0.1"}
{"cycle":4,"known_intercept_ids":["ae625770-97fa-4899-853c-b454fe098ce7","277dd116-0c57-42b2-9f34-d5f0811dfe21"],"known_intercepts_absent":true,"mode":"user-context-close-retained-pages","pending":0,"version":"157.0.1"}
{"cycle":5,"known_intercept_ids":["52c12381-ae36-4911-81ec-90e910fca3a7"],"known_intercepts_absent":true,"mode":"shared-handles-final-drop","pending":0,"version":"157.0.1"}
{"cycle":5,"known_intercept_ids":["9607b865-5465-40c3-9a60-11bb8fa11e87"],"known_intercepts_absent":true,"mode":"page-close-retained-handles","pending":0,"version":"157.0.1"}
{"cycle":5,"known_intercept_ids":["7897af6d-1d38-4442-b9ca-9f1874276f66","83221755-2c07-4e45-a1d4-de2e8f967c8d"],"known_intercepts_absent":true,"mode":"user-context-close-retained-pages","pending":0,"version":"157.0.1"}
{"cycle":6,"known_intercept_ids":["06248562-a979-4802-9d11-60c589269651"],"known_intercepts_absent":true,"mode":"shared-handles-final-drop","pending":0,"version":"157.0.1"}
{"cycle":6,"known_intercept_ids":["74405fb6-74a1-44f3-9d12-979b3f8b1ed1"],"known_intercepts_absent":true,"mode":"page-close-retained-handles","pending":0,"version":"157.0.1"}
{"cycle":6,"known_intercept_ids":["db4bd225-770e-4159-9629-5432ef642110","8e45cddb-b24e-432a-b8e1-33143b02661b"],"known_intercepts_absent":true,"mode":"user-context-close-retained-pages","pending":0,"version":"157.0.1"}
{"cycle":7,"known_intercept_ids":["b015794f-d170-4455-9c09-b6c659c5a67e"],"known_intercepts_absent":true,"mode":"shared-handles-final-drop","pending":0,"version":"157.0.1"}
{"cycle":7,"known_intercept_ids":["1f0b8d0c-3f4a-4d23-abc8-b62c378ad67f"],"known_intercepts_absent":true,"mode":"page-close-retained-handles","pending":0,"version":"157.0.1"}
{"cycle":7,"known_intercept_ids":["7c4e9c8b-5cab-4e5c-bc3d-64e69ba8f23e","115b6b4a-f612-49d4-805a-71b339306398"],"known_intercepts_absent":true,"mode":"user-context-close-retained-pages","pending":0,"version":"157.0.1"}
{"cycle":8,"known_intercept_ids":["bd1c56f6-f359-434e-945f-0a6e948873be"],"known_intercepts_absent":true,"mode":"shared-handles-final-drop","pending":0,"version":"157.0.1"}
{"cycle":8,"known_intercept_ids":["da665f8b-1c2d-4168-8f2e-40b6cc90abcc"],"known_intercepts_absent":true,"mode":"page-close-retained-handles","pending":0,"version":"157.0.1"}
{"cycle":8,"known_intercept_ids":["a3a5ee73-5ae7-472d-8966-2bd793cdfb66","d013fb97-c30c-49a8-af37-f9c548f5551b"],"known_intercepts_absent":true,"mode":"user-context-close-retained-pages","pending":0,"version":"157.0.1"}
{"cycle":9,"known_intercept_ids":["ee30aa15-a08e-4ea0-a838-527369ec83e4"],"known_intercepts_absent":true,"mode":"shared-handles-final-drop","pending":0,"version":"157.0.1"}
{"cycle":9,"known_intercept_ids":["aad80c56-7b83-4015-9565-11bbee3799ff"],"known_intercepts_absent":true,"mode":"page-close-retained-handles","pending":0,"version":"157.0.1"}
{"cycle":9,"known_intercept_ids":["f29166b3-0e15-4567-9014-5b0f5149a006","2363ba7d-6ca0-43a1-b596-1517c4898632"],"known_intercepts_absent":true,"mode":"user-context-close-retained-pages","pending":0,"version":"157.0.1"}
{"cycle":10,"known_intercept_ids":["ed5a3c30-09ed-422c-bd7c-682b3998e300"],"known_intercepts_absent":true,"mode":"shared-handles-final-drop","pending":0,"version":"157.0.1"}
{"cycle":10,"known_intercept_ids":["16bd82e6-c689-4da8-995d-f4efea2cc5bf"],"known_intercepts_absent":true,"mode":"page-close-retained-handles","pending":0,"version":"157.0.1"}
{"cycle":10,"known_intercept_ids":["1c269175-0618-4cda-bd9e-ee65dd905743","0d143266-c801-48ea-b1af-8ce7052214a1"],"known_intercepts_absent":true,"mode":"user-context-close-retained-pages","pending":0,"version":"157.0.1"}
ok

test result: ok. 4 passed; 0 failed; 0 ignored; 0 measured; 0 filtered out; finished in 28.34s

