[1m[92m   Compiling[0m rustwright-integration-tests v0.1.0 (/home/runner/work/rustwright/rustwright/tests)
[1m[92m    Finished[0m `test` profile [unoptimized + debuginfo] target(s) in 1.48s
[1m[92m     Running[0m http_disconnect.rs (target/debug/deps/http_disconnect-361a0c13e0bab97a)

running 2 tests
test chrome_process_loss_and_manual_restart ... {"cleanup_ms":21.224935000000002,"cycle":1,"engine":"chrome","event_channel_closed":true,"pending_after_loss":0,"pid":42401,"root_exited":true,"version":"Chrome/155.0.8059.39","wake_ms":21.023389}
{"cleanup_ms":21.163391,"cycle":2,"engine":"chrome","event_channel_closed":true,"pending_after_loss":0,"pid":42580,"root_exited":true,"version":"Chrome/155.0.8059.39","wake_ms":20.983115}
{"cleanup_ms":28.481585,"cycle":3,"engine":"chrome","event_channel_closed":true,"pending_after_loss":0,"pid":42756,"root_exited":true,"version":"Chrome/155.0.8059.39","wake_ms":28.353496}
{"cleanup_ms":17.669904,"cycle":4,"engine":"chrome","event_channel_closed":true,"pending_after_loss":0,"pid":42933,"root_exited":true,"version":"Chrome/155.0.8059.39","wake_ms":17.551453000000002}
{"cleanup_ms":16.858140000000002,"cycle":5,"engine":"chrome","event_channel_closed":true,"pending_after_loss":0,"pid":43110,"root_exited":true,"version":"Chrome/155.0.8059.39","wake_ms":16.732185}
{"cleanup_ms":16.457772,"cycle":6,"engine":"chrome","event_channel_closed":true,"pending_after_loss":0,"pid":43288,"root_exited":true,"version":"Chrome/155.0.8059.39","wake_ms":16.329182}
{"cleanup_ms":14.324932,"cycle":7,"engine":"chrome","event_channel_closed":true,"pending_after_loss":0,"pid":43466,"root_exited":true,"version":"Chrome/155.0.8059.39","wake_ms":14.19523}
{"cleanup_ms":18.727690000000003,"cycle":8,"engine":"chrome","event_channel_closed":true,"pending_after_loss":0,"pid":43644,"root_exited":true,"version":"Chrome/155.0.8059.39","wake_ms":18.59353}
{"cleanup_ms":17.24115,"cycle":9,"engine":"chrome","event_channel_closed":true,"pending_after_loss":0,"pid":43821,"root_exited":true,"version":"Chrome/155.0.8059.39","wake_ms":17.124101999999997}
{"cleanup_ms":11.138503,"cycle":10,"engine":"chrome","event_channel_closed":true,"pending_after_loss":0,"pid":43999,"root_exited":true,"version":"Chrome/155.0.8059.39","wake_ms":10.978084}
{"cleanup_ms":20.041992,"cycle":11,"engine":"chrome","event_channel_closed":true,"pending_after_loss":0,"pid":44176,"root_exited":true,"version":"Chrome/155.0.8059.39","wake_ms":19.82657}
{"cleanup_ms":18.576792,"cycle":12,"engine":"chrome","event_channel_closed":true,"pending_after_loss":0,"pid":44356,"root_exited":true,"version":"Chrome/155.0.8059.39","wake_ms":18.450607}
{"cleanup_ms":20.577642,"cycle":13,"engine":"chrome","event_channel_closed":true,"pending_after_loss":0,"pid":44527,"root_exited":true,"version":"Chrome/155.0.8059.39","wake_ms":20.430407000000002}
{"cleanup_ms":25.391657000000002,"cycle":14,"engine":"chrome","event_channel_closed":true,"pending_after_loss":0,"pid":44704,"root_exited":true,"version":"Chrome/155.0.8059.39","wake_ms":25.257306}
{"cleanup_ms":21.351018,"cycle":15,"engine":"chrome","event_channel_closed":true,"pending_after_loss":0,"pid":44879,"root_exited":true,"version":"Chrome/155.0.8059.39","wake_ms":21.225033}
{"cleanup_ms":19.446897,"cycle":16,"engine":"chrome","event_channel_closed":true,"pending_after_loss":0,"pid":45057,"root_exited":true,"version":"Chrome/155.0.8059.39","wake_ms":18.042948}
{"cleanup_ms":23.564337000000002,"cycle":17,"engine":"chrome","event_channel_closed":true,"pending_after_loss":0,"pid":45237,"root_exited":true,"version":"Chrome/155.0.8059.39","wake_ms":23.419156}
{"cleanup_ms":22.228089,"cycle":18,"engine":"chrome","event_channel_closed":true,"pending_after_loss":0,"pid":45414,"root_exited":true,"version":"Chrome/155.0.8059.39","wake_ms":22.107163999999997}
{"cleanup_ms":10.783867,"cycle":19,"engine":"chrome","event_channel_closed":true,"pending_after_loss":0,"pid":45592,"root_exited":true,"version":"Chrome/155.0.8059.39","wake_ms":10.651159999999999}
{"cleanup_ms":20.688365,"cycle":20,"engine":"chrome","event_channel_closed":true,"pending_after_loss":0,"pid":45769,"root_exited":true,"version":"Chrome/155.0.8059.39","wake_ms":20.510764}
{"cleanup_ms":17.853407,"cycle":21,"engine":"chrome","event_channel_closed":true,"pending_after_loss":0,"pid":45944,"root_exited":true,"version":"Chrome/155.0.8059.39","wake_ms":17.734715}
{"cleanup_ms":23.763713,"cycle":22,"engine":"chrome","event_channel_closed":true,"pending_after_loss":0,"pid":46122,"root_exited":true,"version":"Chrome/155.0.8059.39","wake_ms":23.639711000000002}
{"cleanup_ms":14.485771,"cycle":23,"engine":"chrome","event_channel_closed":true,"pending_after_loss":0,"pid":46300,"root_exited":true,"version":"Chrome/155.0.8059.39","wake_ms":14.367621}
{"cleanup_ms":17.674268,"cycle":24,"engine":"chrome","event_channel_closed":true,"pending_after_loss":0,"pid":46477,"root_exited":true,"version":"Chrome/155.0.8059.39","wake_ms":17.536491}
{"cleanup_ms":19.766824999999997,"cycle":25,"engine":"chrome","event_channel_closed":true,"pending_after_loss":0,"pid":46656,"root_exited":true,"version":"Chrome/155.0.8059.39","wake_ms":19.626804}
ok
test firefox_process_loss_and_manual_restart ... {"cleanup_ms":34.783301,"cycle":1,"engine":"firefox","event_channel_closed":true,"pending_after_loss":0,"pid":46828,"root_exited":true,"version":"157.0.1","wake_ms":34.194142}
{"cleanup_ms":28.744601000000003,"cycle":2,"engine":"firefox","event_channel_closed":true,"pending_after_loss":0,"pid":47100,"root_exited":true,"version":"157.0.1","wake_ms":28.159559}
{"cleanup_ms":30.78829,"cycle":3,"engine":"firefox","event_channel_closed":true,"pending_after_loss":0,"pid":47353,"root_exited":true,"version":"157.0.1","wake_ms":30.195814000000002}
{"cleanup_ms":27.261777000000002,"cycle":4,"engine":"firefox","event_channel_closed":true,"pending_after_loss":0,"pid":47672,"root_exited":true,"version":"157.0.1","wake_ms":26.605222}
{"cleanup_ms":33.599662,"cycle":5,"engine":"firefox","event_channel_closed":true,"pending_after_loss":0,"pid":47946,"root_exited":true,"version":"157.0.1","wake_ms":33.161615}
{"cleanup_ms":36.093305,"cycle":6,"engine":"firefox","event_channel_closed":true,"pending_after_loss":0,"pid":48228,"root_exited":true,"version":"157.0.1","wake_ms":35.259369}
{"cleanup_ms":32.701272,"cycle":7,"engine":"firefox","event_channel_closed":true,"pending_after_loss":0,"pid":48565,"root_exited":true,"version":"157.0.1","wake_ms":32.123524}
{"cleanup_ms":29.293215,"cycle":8,"engine":"firefox","event_channel_closed":true,"pending_after_loss":0,"pid":48872,"root_exited":true,"version":"157.0.1","wake_ms":28.239699}
{"cleanup_ms":35.578238999999996,"cycle":9,"engine":"firefox","event_channel_closed":true,"pending_after_loss":0,"pid":49210,"root_exited":true,"version":"157.0.1","wake_ms":34.9359}
{"cleanup_ms":26.612978,"cycle":10,"engine":"firefox","event_channel_closed":true,"pending_after_loss":0,"pid":49547,"root_exited":true,"version":"157.0.1","wake_ms":25.858881}
{"cleanup_ms":33.650667000000006,"cycle":11,"engine":"firefox","event_channel_closed":true,"pending_after_loss":0,"pid":49796,"root_exited":true,"version":"157.0.1","wake_ms":32.877483999999995}
{"cleanup_ms":34.178163,"cycle":12,"engine":"firefox","event_channel_closed":true,"pending_after_loss":0,"pid":50135,"root_exited":true,"version":"157.0.1","wake_ms":33.275759}
{"cleanup_ms":35.891443,"cycle":13,"engine":"firefox","event_channel_closed":true,"pending_after_loss":0,"pid":50471,"root_exited":true,"version":"157.0.1","wake_ms":35.372084}
{"cleanup_ms":28.275472,"cycle":14,"engine":"firefox","event_channel_closed":true,"pending_after_loss":0,"pid":50776,"root_exited":true,"version":"157.0.1","wake_ms":27.674351}
{"cleanup_ms":39.091521,"cycle":15,"engine":"firefox","event_channel_closed":true,"pending_after_loss":0,"pid":51102,"root_exited":true,"version":"157.0.1","wake_ms":38.518121}
{"cleanup_ms":33.472822,"cycle":16,"engine":"firefox","event_channel_closed":true,"pending_after_loss":0,"pid":51424,"root_exited":true,"version":"157.0.1","wake_ms":33.047649}
{"cleanup_ms":26.577718,"cycle":17,"engine":"firefox","event_channel_closed":true,"pending_after_loss":0,"pid":51699,"root_exited":true,"version":"157.0.1","wake_ms":26.029035}
{"cleanup_ms":29.448345,"cycle":18,"engine":"firefox","event_channel_closed":true,"pending_after_loss":0,"pid":52032,"root_exited":true,"version":"157.0.1","wake_ms":28.481782}
{"cleanup_ms":30.032682,"cycle":19,"engine":"firefox","event_channel_closed":true,"pending_after_loss":0,"pid":52363,"root_exited":true,"version":"157.0.1","wake_ms":29.22752}
{"cleanup_ms":31.289937,"cycle":20,"engine":"firefox","event_channel_closed":true,"pending_after_loss":0,"pid":52696,"root_exited":true,"version":"157.0.1","wake_ms":30.516575}
{"cleanup_ms":28.882557,"cycle":21,"engine":"firefox","event_channel_closed":true,"pending_after_loss":0,"pid":52960,"root_exited":true,"version":"157.0.1","wake_ms":28.266838999999997}
{"cleanup_ms":35.067425,"cycle":22,"engine":"firefox","event_channel_closed":true,"pending_after_loss":0,"pid":53223,"root_exited":true,"version":"157.0.1","wake_ms":34.245331}
{"cleanup_ms":28.951994000000003,"cycle":23,"engine":"firefox","event_channel_closed":true,"pending_after_loss":0,"pid":53526,"root_exited":true,"version":"157.0.1","wake_ms":28.314485}
{"cleanup_ms":29.744197,"cycle":24,"engine":"firefox","event_channel_closed":true,"pending_after_loss":0,"pid":53854,"root_exited":true,"version":"157.0.1","wake_ms":29.132857}
{"cleanup_ms":28.487388,"cycle":25,"engine":"firefox","event_channel_closed":true,"pending_after_loss":0,"pid":54103,"root_exited":true,"version":"157.0.1","wake_ms":27.907776}
ok

test result: ok. 2 passed; 0 failed; 0 ignored; 0 measured; 0 filtered out; finished in 66.14s

