   Compiling rustwright-bidi v0.1.0 (/workspace/rustwright/crates/rustwright-bidi)
   Compiling rustwright v0.1.0 (/workspace/rustwright/crates/rustwright)
   Compiling rustwright-integration-tests v0.1.0 (/workspace/rustwright/tests)
    Finished `test` profile [unoptimized + debuginfo] target(s) in 4.89s
     Running http_intercept_lifecycle.rs (target/debug/deps/http_intercept_lifecycle-f9239ae13a2862ff)

running 3 tests
test firefox_intercept_cancellation_preserves_live_requests_and_prior_rules ... {"cycle":1,"known_intercept_ids":["469177ca-9439-4cb9-8bca-0a0894aad2ff"],"known_intercepts_absent":true,"mode":"cancel-add-with-blocked-request","pending":0,"version":"157.0.1"}
{"cycle":1,"known_intercept_ids":["35790b36-eaf9-47a4-acd8-9bbe0381b158"],"known_intercepts_absent":true,"mode":"cancel-clear","pending":0,"version":"157.0.1"}
{"cycle":1,"known_intercept_ids":["550383b8-b2f1-452b-8b6a-d2fb9d2d6ddd","ecc0e09d-b4ac-4d78-b49b-704ccc3cc1af","921ff27a-17c3-4b6a-86ac-2dd31ad9eb6c"],"known_intercepts_absent":true,"mode":"cancel-phase-upgrade","pending":0,"version":"157.0.1"}
{"cycle":2,"known_intercept_ids":["8323c21c-cf2f-4029-a285-de7fec7b18f8"],"known_intercepts_absent":true,"mode":"cancel-add-with-blocked-request","pending":0,"version":"157.0.1"}
{"cycle":2,"known_intercept_ids":["e4538239-a014-4ad1-b067-16517cae7934"],"known_intercepts_absent":true,"mode":"cancel-clear","pending":0,"version":"157.0.1"}
{"cycle":2,"known_intercept_ids":["ef627b4a-cf8d-4310-aede-0aad8121afbe","b2c291aa-bb8d-4fd2-98bb-1fff101562e1","773bcebd-35d4-40d4-aecf-ff5e2af8c249"],"known_intercepts_absent":true,"mode":"cancel-phase-upgrade","pending":0,"version":"157.0.1"}
{"cycle":3,"known_intercept_ids":["c16b50dd-f55b-4daf-8bab-f385cdf01c46"],"known_intercepts_absent":true,"mode":"cancel-add-with-blocked-request","pending":0,"version":"157.0.1"}
{"cycle":3,"known_intercept_ids":["8bc35f2c-2917-4564-88c2-d01c3195cbdd"],"known_intercepts_absent":true,"mode":"cancel-clear","pending":0,"version":"157.0.1"}
{"cycle":3,"known_intercept_ids":["bc7ff2f1-5cc6-44b2-a17f-93220131d194","a2abbac5-de0a-482b-8ac9-40ad1ecf889f","63a7c091-d59f-45a7-9f44-8fa519ccfc3a"],"known_intercepts_absent":true,"mode":"cancel-phase-upgrade","pending":0,"version":"157.0.1"}
{"cycle":4,"known_intercept_ids":["e6313383-c0f1-4299-9786-30b221d950a6"],"known_intercepts_absent":true,"mode":"cancel-add-with-blocked-request","pending":0,"version":"157.0.1"}
{"cycle":4,"known_intercept_ids":["2687841d-74a0-48b1-ad88-772ec14a5a6a"],"known_intercepts_absent":true,"mode":"cancel-clear","pending":0,"version":"157.0.1"}
{"cycle":4,"known_intercept_ids":["ff7d90ad-8d26-4caf-9ea2-e917db1157a0","3e85d66a-f62a-489b-9850-78125bd618ce","64f98755-3438-4772-9d2d-9cea0fc4e53b"],"known_intercepts_absent":true,"mode":"cancel-phase-upgrade","pending":0,"version":"157.0.1"}
{"cycle":5,"known_intercept_ids":["58df00a1-3216-4d9e-8b62-1125bffa1ffd"],"known_intercepts_absent":true,"mode":"cancel-add-with-blocked-request","pending":0,"version":"157.0.1"}
{"cycle":5,"known_intercept_ids":["5e657081-cd0a-465e-9840-de7204e1efa8"],"known_intercepts_absent":true,"mode":"cancel-clear","pending":0,"version":"157.0.1"}
{"cycle":5,"known_intercept_ids":["5d24728f-f49b-4c55-9e3d-2b608f3d1301","55e32e12-26df-46d8-86e1-2eb0e7504e55","ffe7a544-2843-4b74-b2de-d2fd8436499c"],"known_intercepts_absent":true,"mode":"cancel-phase-upgrade","pending":0,"version":"157.0.1"}
{"cycle":6,"known_intercept_ids":["ffc135a4-045d-448e-af02-9ff97f33719e"],"known_intercepts_absent":true,"mode":"cancel-add-with-blocked-request","pending":0,"version":"157.0.1"}
{"cycle":6,"known_intercept_ids":["272f7cc7-0991-4d4f-9e6c-e360fc02f551"],"known_intercepts_absent":true,"mode":"cancel-clear","pending":0,"version":"157.0.1"}
{"cycle":6,"known_intercept_ids":["56f284a9-8a6f-4d85-9071-9c7a870d706f","b8ed237a-fbe8-4251-83a5-60ec360154ba","445fcc1e-6948-414d-a63d-f1efc37f767d"],"known_intercepts_absent":true,"mode":"cancel-phase-upgrade","pending":0,"version":"157.0.1"}
{"cycle":7,"known_intercept_ids":["4fbcbe40-c703-439a-b806-1cf7a1c68f4a"],"known_intercepts_absent":true,"mode":"cancel-add-with-blocked-request","pending":0,"version":"157.0.1"}
{"cycle":7,"known_intercept_ids":["af416693-6bfd-4e59-8d9e-fb1019fa2679"],"known_intercepts_absent":true,"mode":"cancel-clear","pending":0,"version":"157.0.1"}
{"cycle":7,"known_intercept_ids":["38e372a5-88ae-47e6-83dc-5309f2214829","c968a9b6-c7a7-49f1-a8ad-1055a03193a7","80ab9f7a-4ce4-47a9-a99d-5719fb684ba0"],"known_intercepts_absent":true,"mode":"cancel-phase-upgrade","pending":0,"version":"157.0.1"}
{"cycle":8,"known_intercept_ids":["3449888f-3740-48c7-b73c-06689ae3be1c"],"known_intercepts_absent":true,"mode":"cancel-add-with-blocked-request","pending":0,"version":"157.0.1"}
{"cycle":8,"known_intercept_ids":["2dfc76b1-a3e7-4b83-a7b6-0890587fb28c"],"known_intercepts_absent":true,"mode":"cancel-clear","pending":0,"version":"157.0.1"}
{"cycle":8,"known_intercept_ids":["bd029f14-ab12-4c34-8bf7-ce8a65937127","039fc416-4df0-4dd4-bb7b-99f255e2f8af","ab926604-83c3-4aa4-a985-cb1eecdeca47"],"known_intercepts_absent":true,"mode":"cancel-phase-upgrade","pending":0,"version":"157.0.1"}
{"cycle":9,"known_intercept_ids":["a4b2d7ee-611d-4661-bf34-4caa09cd53ca"],"known_intercepts_absent":true,"mode":"cancel-add-with-blocked-request","pending":0,"version":"157.0.1"}
{"cycle":9,"known_intercept_ids":["e44ca5e5-964b-4472-8c7c-dadb48fe6606"],"known_intercepts_absent":true,"mode":"cancel-clear","pending":0,"version":"157.0.1"}
{"cycle":9,"known_intercept_ids":["36a542b8-6393-4c95-a2b6-f904b391c22d","096d31de-f771-4fb4-b8a2-4a2fa70b5d70","2c13310a-16ed-488a-966b-973b9bb49128"],"known_intercepts_absent":true,"mode":"cancel-phase-upgrade","pending":0,"version":"157.0.1"}
{"cycle":10,"known_intercept_ids":["0eaf6b36-c9cc-4007-9072-6a98ca8f8d88"],"known_intercepts_absent":true,"mode":"cancel-add-with-blocked-request","pending":0,"version":"157.0.1"}
{"cycle":10,"known_intercept_ids":["612b1588-56e4-46b4-999c-269eb88ce955"],"known_intercepts_absent":true,"mode":"cancel-clear","pending":0,"version":"157.0.1"}
{"cycle":10,"known_intercept_ids":["7a7cd956-d129-4191-a7fc-dee4ac41428f","33f755a4-cfc3-481c-a9b6-d697cd4e14f2","f8788be7-5fc9-4eed-a122-dc816f9d464d"],"known_intercepts_absent":true,"mode":"cancel-phase-upgrade","pending":0,"version":"157.0.1"}
ok
test firefox_routing_phases_and_child_frame_requests_remain_functional ... {"cycle":1,"known_intercept_ids":["3d2f6c02-d976-4da9-a129-a8129d0be6f0","ddcbe8be-e433-4fe4-a222-81808664c653"],"known_intercepts_absent":true,"mode":"request-response-child-frame","pending":0,"version":"157.0.1"}
ok
test firefox_shared_handles_drop_and_close_retire_only_owned_intercepts ... {"cycle":1,"known_intercept_ids":["70f76dc9-41df-4c9d-8027-38192d212766"],"known_intercepts_absent":true,"mode":"shared-handles-final-drop","pending":0,"version":"157.0.1"}
{"cycle":1,"known_intercept_ids":["b26debd4-eaa2-43a4-98e0-477bc70f2eba"],"known_intercepts_absent":true,"mode":"page-close-retained-handles","pending":0,"version":"157.0.1"}
{"cycle":1,"known_intercept_ids":["b7f68788-aa0e-4b61-ac32-532022ba0d29","02f67a8e-bf85-4531-a8b0-651080b35f59"],"known_intercepts_absent":true,"mode":"user-context-close-retained-pages","pending":0,"version":"157.0.1"}
{"cycle":2,"known_intercept_ids":["1bf7c64c-2372-4649-bbb3-c0d5c5063a33"],"known_intercepts_absent":true,"mode":"shared-handles-final-drop","pending":0,"version":"157.0.1"}
{"cycle":2,"known_intercept_ids":["8ee6e257-030b-4c87-9c5d-66c296a030dc"],"known_intercepts_absent":true,"mode":"page-close-retained-handles","pending":0,"version":"157.0.1"}
{"cycle":2,"known_intercept_ids":["ebf7f505-eee1-46d6-9f3d-d47deda0e3c6","dbd346b7-b126-4168-8c80-a8a90f41317e"],"known_intercepts_absent":true,"mode":"user-context-close-retained-pages","pending":0,"version":"157.0.1"}
{"cycle":3,"known_intercept_ids":["5a474aa2-d63f-4be4-af22-50fac0be55af"],"known_intercepts_absent":true,"mode":"shared-handles-final-drop","pending":0,"version":"157.0.1"}
{"cycle":3,"known_intercept_ids":["74d2d2c6-b2d3-459a-bf77-e5dce9e43618"],"known_intercepts_absent":true,"mode":"page-close-retained-handles","pending":0,"version":"157.0.1"}
{"cycle":3,"known_intercept_ids":["f27bd0b9-1ed2-4564-ba96-9c23647095b3","d24a386f-12da-4ef7-b10b-c7343e83073c"],"known_intercepts_absent":true,"mode":"user-context-close-retained-pages","pending":0,"version":"157.0.1"}
{"cycle":4,"known_intercept_ids":["50c23069-9c81-4ad0-9d28-0fbb09ad13bd"],"known_intercepts_absent":true,"mode":"shared-handles-final-drop","pending":0,"version":"157.0.1"}
{"cycle":4,"known_intercept_ids":["99982c33-7367-4652-8044-bbbe9abce850"],"known_intercepts_absent":true,"mode":"page-close-retained-handles","pending":0,"version":"157.0.1"}
{"cycle":4,"known_intercept_ids":["45d3b960-56ab-42c9-ad07-e0fad84b6cd4","83f2d739-9b03-4509-ba0d-bc211fb12d90"],"known_intercepts_absent":true,"mode":"user-context-close-retained-pages","pending":0,"version":"157.0.1"}
{"cycle":5,"known_intercept_ids":["d6ad53b0-743b-4a25-892c-d7cde695f5f2"],"known_intercepts_absent":true,"mode":"shared-handles-final-drop","pending":0,"version":"157.0.1"}
{"cycle":5,"known_intercept_ids":["4ccbb1dd-8abe-41c5-b9a3-740c361d36f5"],"known_intercepts_absent":true,"mode":"page-close-retained-handles","pending":0,"version":"157.0.1"}
{"cycle":5,"known_intercept_ids":["788030dc-074e-4c99-abb9-128d9cad0f56","3b9b6deb-f400-4433-bdbf-6cd08c2be0b6"],"known_intercepts_absent":true,"mode":"user-context-close-retained-pages","pending":0,"version":"157.0.1"}
{"cycle":6,"known_intercept_ids":["8ed2f206-6fc5-45ec-9b8e-b28e6635b78c"],"known_intercepts_absent":true,"mode":"shared-handles-final-drop","pending":0,"version":"157.0.1"}
{"cycle":6,"known_intercept_ids":["9ec1708b-2b0a-4d19-accb-c8bac5cb41f5"],"known_intercepts_absent":true,"mode":"page-close-retained-handles","pending":0,"version":"157.0.1"}
{"cycle":6,"known_intercept_ids":["822524be-21a3-4927-85df-8560e5f480e0","67110376-0760-4037-b65e-4243546ed41d"],"known_intercepts_absent":true,"mode":"user-context-close-retained-pages","pending":0,"version":"157.0.1"}
{"cycle":7,"known_intercept_ids":["978935ab-9ff9-4876-85b2-7a5d934da3c7"],"known_intercepts_absent":true,"mode":"shared-handles-final-drop","pending":0,"version":"157.0.1"}
{"cycle":7,"known_intercept_ids":["14f32015-de14-4e40-99fc-0cb6818af52a"],"known_intercepts_absent":true,"mode":"page-close-retained-handles","pending":0,"version":"157.0.1"}
{"cycle":7,"known_intercept_ids":["6f6c95a1-6176-448c-8642-c8d5f23b86e1","98b21d09-dc72-45a4-a70a-ee7cfda03daa"],"known_intercepts_absent":true,"mode":"user-context-close-retained-pages","pending":0,"version":"157.0.1"}
{"cycle":8,"known_intercept_ids":["18470491-ea6f-437b-ab29-c90afef0c1d4"],"known_intercepts_absent":true,"mode":"shared-handles-final-drop","pending":0,"version":"157.0.1"}
{"cycle":8,"known_intercept_ids":["22c5d2a3-4344-4645-8eab-c78d38852994"],"known_intercepts_absent":true,"mode":"page-close-retained-handles","pending":0,"version":"157.0.1"}
{"cycle":8,"known_intercept_ids":["65447587-ef70-4e6b-a400-92059d41284b","3c333172-4f04-4888-b561-d88a206096ca"],"known_intercepts_absent":true,"mode":"user-context-close-retained-pages","pending":0,"version":"157.0.1"}
{"cycle":9,"known_intercept_ids":["8fffe8f0-8752-435e-b93b-9abb77eead9b"],"known_intercepts_absent":true,"mode":"shared-handles-final-drop","pending":0,"version":"157.0.1"}
{"cycle":9,"known_intercept_ids":["59cfeeee-5708-4ec5-92dc-aa70211e3365"],"known_intercepts_absent":true,"mode":"page-close-retained-handles","pending":0,"version":"157.0.1"}
{"cycle":9,"known_intercept_ids":["0051e48b-aec2-464a-9231-b0f62b4d8db8","21e1f471-a3a6-4469-adef-9fd85b645543"],"known_intercepts_absent":true,"mode":"user-context-close-retained-pages","pending":0,"version":"157.0.1"}
{"cycle":10,"known_intercept_ids":["7fb5eab0-bc14-4edc-b89b-39f8cb5ef9ef"],"known_intercepts_absent":true,"mode":"shared-handles-final-drop","pending":0,"version":"157.0.1"}
{"cycle":10,"known_intercept_ids":["1f66066f-40fb-46d6-88ab-fd12fadfe3d3"],"known_intercepts_absent":true,"mode":"page-close-retained-handles","pending":0,"version":"157.0.1"}
{"cycle":10,"known_intercept_ids":["9555fb49-ecd4-4798-a4ec-2ebc34a027a7","bf70aafc-d555-46e6-ad7a-3338a037c2a7"],"known_intercepts_absent":true,"mode":"user-context-close-retained-pages","pending":0,"version":"157.0.1"}
ok

test result: ok. 3 passed; 0 failed; 0 ignored; 0 measured; 0 filtered out; finished in 18.75s

