   Compiling rustwright-bidi v0.1.0 (/workspace/rustwright/crates/rustwright-bidi)
   Compiling rustwright v0.1.0 (/workspace/rustwright/crates/rustwright)
   Compiling rustwright-integration-tests v0.1.0 (/workspace/rustwright/tests)
    Finished `test` profile [unoptimized + debuginfo] target(s) in 4.20s
     Running http_intercept_lifecycle.rs (target/debug/deps/http_intercept_lifecycle-f9239ae13a2862ff)

running 4 tests
test firefox_intercept_cancellation_preserves_live_requests_and_prior_rules ... {"cycle":1,"known_intercept_ids":["7b9466fc-41f3-4dbd-b5d4-dbaf955ed854"],"known_intercepts_absent":true,"mode":"cancel-add-with-blocked-request","pending":0,"version":"157.0.1"}
{"cycle":1,"known_intercept_ids":["c6972acb-cd11-4a23-8f0e-d0717c277e0d"],"known_intercepts_absent":true,"mode":"cancel-clear","pending":0,"version":"157.0.1"}
{"cycle":1,"known_intercept_ids":["5094d08e-187a-4e1c-91e1-757d4840984c","a11bab77-5597-4770-82c6-08ccd7c1d10a","4134d03b-75f4-4223-8f4b-c44179a45fee"],"known_intercepts_absent":true,"mode":"cancel-phase-upgrade","pending":0,"version":"157.0.1"}
{"cycle":2,"known_intercept_ids":["8fc1f23e-ac3f-4ac6-955f-7f041f4582d8"],"known_intercepts_absent":true,"mode":"cancel-add-with-blocked-request","pending":0,"version":"157.0.1"}
{"cycle":2,"known_intercept_ids":["1a9fd4ec-5abf-4c80-a3f3-3cb953d0f27f"],"known_intercepts_absent":true,"mode":"cancel-clear","pending":0,"version":"157.0.1"}
{"cycle":2,"known_intercept_ids":["ecffe6ac-5787-46f5-aac7-5a0bf923a2cf","49e875ac-05fe-4723-9b92-869fb45a7e14","7ab63901-60c2-4665-97f8-303319761267"],"known_intercepts_absent":true,"mode":"cancel-phase-upgrade","pending":0,"version":"157.0.1"}
{"cycle":3,"known_intercept_ids":["0591cc5b-d2c7-4f71-86b8-e16099561e88"],"known_intercepts_absent":true,"mode":"cancel-add-with-blocked-request","pending":0,"version":"157.0.1"}
{"cycle":3,"known_intercept_ids":["afe47a6f-9334-48dd-a268-24ae9ed88df0"],"known_intercepts_absent":true,"mode":"cancel-clear","pending":0,"version":"157.0.1"}
{"cycle":3,"known_intercept_ids":["a20ad926-e738-4ca8-9655-edca859ac9d3","8d922f63-2c8c-43c3-b78e-5f824a1eda27","4836e1df-1b51-48fd-81b2-6a1411a08253"],"known_intercepts_absent":true,"mode":"cancel-phase-upgrade","pending":0,"version":"157.0.1"}
{"cycle":4,"known_intercept_ids":["6dbab42f-3895-4760-9897-b00c2b01806a"],"known_intercepts_absent":true,"mode":"cancel-add-with-blocked-request","pending":0,"version":"157.0.1"}
{"cycle":4,"known_intercept_ids":["f60a7f4e-6b66-4792-8f3b-156858566cd9"],"known_intercepts_absent":true,"mode":"cancel-clear","pending":0,"version":"157.0.1"}
{"cycle":4,"known_intercept_ids":["fdf89d68-7f14-463c-85b9-7342497738ae","494ded69-0572-48f7-9040-72abb99ab268","81cacc7d-cac4-4a28-9c87-ed290708d2e5"],"known_intercepts_absent":true,"mode":"cancel-phase-upgrade","pending":0,"version":"157.0.1"}
{"cycle":5,"known_intercept_ids":["dbcb750a-063b-413e-a3ca-eda1082fb9cc"],"known_intercepts_absent":true,"mode":"cancel-add-with-blocked-request","pending":0,"version":"157.0.1"}
{"cycle":5,"known_intercept_ids":["0c3ca971-d8ba-4ea5-afd5-eed3ba291713"],"known_intercepts_absent":true,"mode":"cancel-clear","pending":0,"version":"157.0.1"}
{"cycle":5,"known_intercept_ids":["45ff810b-d6e6-45ae-8461-21deeae7bef3","ab1c0d8f-2a8c-40a9-8286-d61d70353679","7f6094a1-f6a0-4ce8-b29e-114e064a8a62"],"known_intercepts_absent":true,"mode":"cancel-phase-upgrade","pending":0,"version":"157.0.1"}
{"cycle":6,"known_intercept_ids":["9020eb61-30a4-4806-bf83-0f2c5035678d"],"known_intercepts_absent":true,"mode":"cancel-add-with-blocked-request","pending":0,"version":"157.0.1"}
{"cycle":6,"known_intercept_ids":["b89a209a-aa77-4deb-9211-c11f52206321"],"known_intercepts_absent":true,"mode":"cancel-clear","pending":0,"version":"157.0.1"}
{"cycle":6,"known_intercept_ids":["e797b6bd-f80f-400c-82a3-168ecabbe146","74dda676-1d03-4d85-917b-b5fe8762faef","3ec8cb61-d5c9-4755-85ec-4b1b856a0844"],"known_intercepts_absent":true,"mode":"cancel-phase-upgrade","pending":0,"version":"157.0.1"}
{"cycle":7,"known_intercept_ids":["ccf8d7aa-3783-4160-9738-7b98ffd8e80b"],"known_intercepts_absent":true,"mode":"cancel-add-with-blocked-request","pending":0,"version":"157.0.1"}
{"cycle":7,"known_intercept_ids":["289c2607-d99f-46bc-a612-204babe93fc3"],"known_intercepts_absent":true,"mode":"cancel-clear","pending":0,"version":"157.0.1"}
{"cycle":7,"known_intercept_ids":["2e8b6951-c971-4712-ab81-f9faa9f8d39b","95b90ae3-3f51-46bc-a4a0-f988d1b4d720","f4d17c44-c81b-4e3a-8f29-1bff7e647e7b"],"known_intercepts_absent":true,"mode":"cancel-phase-upgrade","pending":0,"version":"157.0.1"}
{"cycle":8,"known_intercept_ids":["2fdabfb7-8f8d-4e10-ade9-1fbbcc6a8bf1"],"known_intercepts_absent":true,"mode":"cancel-add-with-blocked-request","pending":0,"version":"157.0.1"}
{"cycle":8,"known_intercept_ids":["a80a5e05-2511-407f-ae8d-444c909a3c7d"],"known_intercepts_absent":true,"mode":"cancel-clear","pending":0,"version":"157.0.1"}
{"cycle":8,"known_intercept_ids":["b0270425-b450-4f1b-9a65-78f4a60f70bb","7ef0993b-65ee-4dc1-8dd6-4d59598ead39","573ddfce-e0d9-42d3-a6f6-d155e7f5fa1b"],"known_intercepts_absent":true,"mode":"cancel-phase-upgrade","pending":0,"version":"157.0.1"}
{"cycle":9,"known_intercept_ids":["b462e546-154b-4c74-8e20-26dfa87014c4"],"known_intercepts_absent":true,"mode":"cancel-add-with-blocked-request","pending":0,"version":"157.0.1"}
{"cycle":9,"known_intercept_ids":["80fa79d3-b902-4619-b88f-038ec9650095"],"known_intercepts_absent":true,"mode":"cancel-clear","pending":0,"version":"157.0.1"}
{"cycle":9,"known_intercept_ids":["8d7c76a6-e5df-423f-9fee-f02768008a66","864ecbb6-f5a5-41a0-9a20-cee3a60b6f31","b5011f80-b33f-4c2d-b293-3499282b6dfc"],"known_intercepts_absent":true,"mode":"cancel-phase-upgrade","pending":0,"version":"157.0.1"}
{"cycle":10,"known_intercept_ids":["837d5e7d-f1b7-45d5-98d4-3c12c03a7d1f"],"known_intercepts_absent":true,"mode":"cancel-add-with-blocked-request","pending":0,"version":"157.0.1"}
{"cycle":10,"known_intercept_ids":["a2f22f6e-e717-4701-9d19-53dbfcda4a6f"],"known_intercepts_absent":true,"mode":"cancel-clear","pending":0,"version":"157.0.1"}
{"cycle":10,"known_intercept_ids":["fccad7dc-5236-46da-93b1-e924116703a4","a03f31b3-885b-4013-b2ba-21a7f50dc888","722508b9-079c-43b3-af00-f1f76339a278"],"known_intercepts_absent":true,"mode":"cancel-phase-upgrade","pending":0,"version":"157.0.1"}
ok
test firefox_phase_expansion_keeps_prior_rules_usable_before_acknowledgment ... {"cycle":1,"known_intercept_ids":["0ac1d856-b54a-492c-a7a2-f36bedf5b616","8b3114ad-c876-4f76-a14c-2d67cdebb0b6"],"known_intercepts_absent":true,"mode":"active-rules-during-phase-upgrade","pending":0,"version":"157.0.1"}
{"cycle":2,"known_intercept_ids":["f41a3ae5-4bf5-4237-95fb-73694a2b1f96","28b6c206-8276-4a57-96db-f262762d7904"],"known_intercepts_absent":true,"mode":"active-rules-during-phase-upgrade","pending":0,"version":"157.0.1"}
{"cycle":3,"known_intercept_ids":["38f514dd-3041-4fe1-ad84-8228a8b78790","8fc6fe8e-e3fe-4d60-ad01-7f638db72172"],"known_intercepts_absent":true,"mode":"active-rules-during-phase-upgrade","pending":0,"version":"157.0.1"}
{"cycle":4,"known_intercept_ids":["a5397c87-a8d7-4fad-a83c-83422109d82c","96170b62-ffeb-41d3-a3b4-89dd02670080"],"known_intercepts_absent":true,"mode":"active-rules-during-phase-upgrade","pending":0,"version":"157.0.1"}
{"cycle":5,"known_intercept_ids":["d3fb694f-d79c-4ed1-994a-d65685fc9018","3a0dc480-1f2f-42bf-923f-9174309436db"],"known_intercepts_absent":true,"mode":"active-rules-during-phase-upgrade","pending":0,"version":"157.0.1"}
{"cycle":6,"known_intercept_ids":["fbd6df07-f959-4a23-8bb6-20f7868551ed","6126d998-ea6d-410b-9609-ea299233c284"],"known_intercepts_absent":true,"mode":"active-rules-during-phase-upgrade","pending":0,"version":"157.0.1"}
{"cycle":7,"known_intercept_ids":["e0179e2e-5011-4e20-aebd-5df2f0ef59ef","c72fe86d-d802-4228-bf0d-a2785e9b05a2"],"known_intercepts_absent":true,"mode":"active-rules-during-phase-upgrade","pending":0,"version":"157.0.1"}
{"cycle":8,"known_intercept_ids":["f66901b7-21b5-4ea4-8793-134db3bf53f9","423c4339-4248-4db0-910e-5b989096a40d"],"known_intercepts_absent":true,"mode":"active-rules-during-phase-upgrade","pending":0,"version":"157.0.1"}
{"cycle":9,"known_intercept_ids":["89808ce7-9ada-4b96-af3e-24d5cefb92cf","65b45dce-b2e5-43e7-ad25-2e55366468fd"],"known_intercepts_absent":true,"mode":"active-rules-during-phase-upgrade","pending":0,"version":"157.0.1"}
{"cycle":10,"known_intercept_ids":["d820cdd6-044f-4a09-9b59-a8287c5be459","4fe9f9b1-36bb-4843-a027-cfa7dc2d0a4c"],"known_intercepts_absent":true,"mode":"active-rules-during-phase-upgrade","pending":0,"version":"157.0.1"}
ok
test firefox_routing_phases_and_child_frame_requests_remain_functional ... {"cycle":1,"known_intercept_ids":["78dff4f9-ba88-4069-a0e9-76a46b437538","718cfc03-0528-48d0-9779-40d9ba4a562a"],"known_intercepts_absent":true,"mode":"request-response-child-frame","pending":0,"version":"157.0.1"}
ok
test firefox_shared_handles_drop_and_close_retire_only_owned_intercepts ... {"cycle":1,"known_intercept_ids":["627ee922-bf65-4376-bd22-ff9249e7a397"],"known_intercepts_absent":true,"mode":"shared-handles-final-drop","pending":0,"version":"157.0.1"}
{"cycle":1,"known_intercept_ids":["127d0889-4962-4ab6-9d34-ee81da3469f7"],"known_intercepts_absent":true,"mode":"page-close-retained-handles","pending":0,"version":"157.0.1"}
{"cycle":1,"known_intercept_ids":["869f7456-2845-447f-b377-b8c92fb963e8","1b83773c-c416-4974-b88e-9fecb67d59dc"],"known_intercepts_absent":true,"mode":"user-context-close-retained-pages","pending":0,"version":"157.0.1"}
{"cycle":2,"known_intercept_ids":["5cffee07-2cdc-483d-9e5b-1f4ee3538a79"],"known_intercepts_absent":true,"mode":"shared-handles-final-drop","pending":0,"version":"157.0.1"}
{"cycle":2,"known_intercept_ids":["7c4f6a51-5cfa-4d59-b498-4d5c7d4c680a"],"known_intercepts_absent":true,"mode":"page-close-retained-handles","pending":0,"version":"157.0.1"}
{"cycle":2,"known_intercept_ids":["e45fdb3a-703c-4a96-953c-cd7a30a0df25","07c826e3-e884-461e-abec-e0249df9d9a5"],"known_intercepts_absent":true,"mode":"user-context-close-retained-pages","pending":0,"version":"157.0.1"}
{"cycle":3,"known_intercept_ids":["982d03e4-291d-4b53-9b9f-994775abbd7a"],"known_intercepts_absent":true,"mode":"shared-handles-final-drop","pending":0,"version":"157.0.1"}
{"cycle":3,"known_intercept_ids":["c440d33f-68b2-4012-8826-04f24cd73e71"],"known_intercepts_absent":true,"mode":"page-close-retained-handles","pending":0,"version":"157.0.1"}
{"cycle":3,"known_intercept_ids":["a1dfd5f7-1b0c-45d5-925e-d898aa1bbd6a","d9a5e48a-e4ea-4b95-88b8-a06afee51c76"],"known_intercepts_absent":true,"mode":"user-context-close-retained-pages","pending":0,"version":"157.0.1"}
{"cycle":4,"known_intercept_ids":["133020e6-7491-4886-bce6-ffe99d4f9dd9"],"known_intercepts_absent":true,"mode":"shared-handles-final-drop","pending":0,"version":"157.0.1"}
{"cycle":4,"known_intercept_ids":["6bd4a739-a926-4dbd-a49f-3ab5ebfef60b"],"known_intercepts_absent":true,"mode":"page-close-retained-handles","pending":0,"version":"157.0.1"}
{"cycle":4,"known_intercept_ids":["db61e91a-6671-401c-99ef-46f6245b9c96","12a09200-dd71-4f05-8f1f-c9b7d3a5f247"],"known_intercepts_absent":true,"mode":"user-context-close-retained-pages","pending":0,"version":"157.0.1"}
{"cycle":5,"known_intercept_ids":["db0bf06b-f164-4a59-89cd-98e798c5e1ad"],"known_intercepts_absent":true,"mode":"shared-handles-final-drop","pending":0,"version":"157.0.1"}
{"cycle":5,"known_intercept_ids":["c17e4585-bf95-42c0-86f6-1d6e724d9003"],"known_intercepts_absent":true,"mode":"page-close-retained-handles","pending":0,"version":"157.0.1"}
{"cycle":5,"known_intercept_ids":["97b5d65e-a182-44f0-8778-c4d6bee223fc","83ac2161-01ab-49fc-bc08-c0b71bb166e4"],"known_intercepts_absent":true,"mode":"user-context-close-retained-pages","pending":0,"version":"157.0.1"}
{"cycle":6,"known_intercept_ids":["a27551b4-9158-4c58-b0b6-d1c7d493b7d9"],"known_intercepts_absent":true,"mode":"shared-handles-final-drop","pending":0,"version":"157.0.1"}
{"cycle":6,"known_intercept_ids":["c8ce337b-f067-444f-904a-70a3d05854bd"],"known_intercepts_absent":true,"mode":"page-close-retained-handles","pending":0,"version":"157.0.1"}
{"cycle":6,"known_intercept_ids":["7a78c9d2-96b6-458e-9acb-d91f70131d4b","4cc7495f-e5e8-4829-b347-25d82892320d"],"known_intercepts_absent":true,"mode":"user-context-close-retained-pages","pending":0,"version":"157.0.1"}
{"cycle":7,"known_intercept_ids":["a618b666-b41a-4289-a7b4-cc04ad5a46c1"],"known_intercepts_absent":true,"mode":"shared-handles-final-drop","pending":0,"version":"157.0.1"}
{"cycle":7,"known_intercept_ids":["95165c17-467d-4b33-beb5-bca8aabc13da"],"known_intercepts_absent":true,"mode":"page-close-retained-handles","pending":0,"version":"157.0.1"}
{"cycle":7,"known_intercept_ids":["f8a88e39-1ae7-4b01-be1e-273b1a420bdd","a44194d7-bf8f-4fda-b990-669e0e5cc3e5"],"known_intercepts_absent":true,"mode":"user-context-close-retained-pages","pending":0,"version":"157.0.1"}
{"cycle":8,"known_intercept_ids":["b2aa5cb8-0286-4c67-bc84-19f7cd823ba1"],"known_intercepts_absent":true,"mode":"shared-handles-final-drop","pending":0,"version":"157.0.1"}
{"cycle":8,"known_intercept_ids":["c2cecf40-fcf7-483c-9b7f-b33439708615"],"known_intercepts_absent":true,"mode":"page-close-retained-handles","pending":0,"version":"157.0.1"}
{"cycle":8,"known_intercept_ids":["04fed8da-1315-4913-bd40-f687a479d6d2","d4a9201c-c0c0-453d-97ab-1c9d93c1dbbe"],"known_intercepts_absent":true,"mode":"user-context-close-retained-pages","pending":0,"version":"157.0.1"}
{"cycle":9,"known_intercept_ids":["8c6c46f6-b1d8-4216-83ae-3da7428db6f0"],"known_intercepts_absent":true,"mode":"shared-handles-final-drop","pending":0,"version":"157.0.1"}
{"cycle":9,"known_intercept_ids":["27fed210-e46b-4b6a-b2d3-e3f2c36af83c"],"known_intercepts_absent":true,"mode":"page-close-retained-handles","pending":0,"version":"157.0.1"}
{"cycle":9,"known_intercept_ids":["06aa21eb-a70a-43b5-b5c8-a9701464fd57","4612d3c7-aa3c-433d-a593-7d2f5d48e815"],"known_intercepts_absent":true,"mode":"user-context-close-retained-pages","pending":0,"version":"157.0.1"}
{"cycle":10,"known_intercept_ids":["97a15cf0-2e40-4066-a560-a5369906e0a5"],"known_intercepts_absent":true,"mode":"shared-handles-final-drop","pending":0,"version":"157.0.1"}
{"cycle":10,"known_intercept_ids":["8ffc5da5-7b7e-4ba2-af9d-52bb9c8c9203"],"known_intercepts_absent":true,"mode":"page-close-retained-handles","pending":0,"version":"157.0.1"}
{"cycle":10,"known_intercept_ids":["797909de-478c-46e0-8369-81011257a204","f34cdb85-8778-48e4-a0c4-01ab48560793"],"known_intercepts_absent":true,"mode":"user-context-close-retained-pages","pending":0,"version":"157.0.1"}
ok

test result: ok. 4 passed; 0 failed; 0 ignored; 0 measured; 0 filtered out; finished in 22.26s

