   Compiling rustwright-integration-tests v0.1.0 (/workspace/rustwright/target/intercept-lifecycle/baseline-workspace/tests)
    Finished `test` profile [unoptimized + debuginfo] target(s) in 1.78s
     Running http_intercept_lifecycle.rs (target/intercept-lifecycle/baseline-target/debug/deps/http_intercept_lifecycle-f9239ae13a2862ff)

running 4 tests
test firefox_intercept_cancellation_preserves_live_requests_and_prior_rules ... 
thread 'firefox_intercept_cancellation_preserves_live_requests_and_prior_rules' (1207425) panicked at tests/http_intercept_lifecycle.rs:136:18:
pre-ack blocked request must be released during cancellation cleanup: Elapsed(())
note: run with `RUST_BACKTRACE=1` environment variable to display a backtrace
FAILED
test firefox_phase_expansion_keeps_prior_rules_usable_before_acknowledgment ... 
thread 'firefox_phase_expansion_keeps_prior_rules_usable_before_acknowledgment' (1207751) panicked at tests/support/intercept.rs:77:19:
native request must reach the remotely installed intercept before its acknowledgment is delivered: Elapsed(())
FAILED
test firefox_routing_phases_and_child_frame_requests_remain_functional ... 
thread 'firefox_routing_phases_and_child_frame_requests_remain_functional' (1208067) panicked at tests/http_intercept_lifecycle.rs:364:259:
child document must load without being stranded: Elapsed(())
FAILED
test firefox_shared_handles_drop_and_close_retire_only_owned_intercepts ... 
thread 'firefox_shared_handles_drop_and_close_retire_only_owned_intercepts' (1208377) panicked at tests/http_intercept_lifecycle.rs:15:6:
fetch must not be stranded by an owned intercept: Elapsed(())
FAILED

failures:

failures:
    firefox_intercept_cancellation_preserves_live_requests_and_prior_rules
    firefox_phase_expansion_keeps_prior_rules_usable_before_acknowledgment
    firefox_routing_phases_and_child_frame_requests_remain_functional
    firefox_shared_handles_drop_and_close_retire_only_owned_intercepts

test result: FAILED. 0 passed; 4 failed; 0 ignored; 0 measured; 0 filtered out; finished in 27.09s

error: test failed, to rerun pass `-p rustwright-integration-tests --test http_intercept_lifecycle`
