2026-10-10T00:07:04.3313897Z Current runner version: '2.337.0'
2026-10-10T00:07:04.3366584Z ##[group]Runner Image Provisioner
2026-10-10T00:07:04.3367472Z Hosted Compute Agent
2026-10-10T00:07:04.3368394Z Version: 20261002.596
2026-10-10T00:07:04.3369067Z Commit: c3d12f3313a95f25162a1503be624f3b0617f8c0
2026-10-10T00:07:04.3369933Z Build Date: 2026-10-02T22:28:27Z
2026-10-10T00:07:04.3370683Z Worker ID: {9ddfa2f9-fbf7-4bf6-9838-61ea886d8781}
2026-10-10T00:07:04.3371431Z Region: northcentralus
2026-10-10T00:07:04.3372069Z Cloud: Azure
2026-10-10T00:07:04.3372674Z ##[endgroup]
2026-10-10T00:07:04.3374397Z ##[group]Operating System
2026-10-10T00:07:04.3375190Z Ubuntu
2026-10-10T00:07:04.3375729Z 24.04.5
2026-10-10T00:07:04.3376276Z LTS
2026-10-10T00:07:04.3376842Z ##[endgroup]
2026-10-10T00:07:04.3377450Z ##[group]Runner Image
2026-10-10T00:07:04.3378593Z Image: ubuntu-24.04
2026-10-10T00:07:04.3379216Z Version: 20261004.327.1
2026-10-10T00:07:04.3380585Z Included Software: https://github.com/actions/runner-images/blob/ubuntu24/20261004.327/images/ubuntu/Ubuntu2404-Readme.md
2026-10-10T00:07:04.3382192Z Image Release: https://github.com/actions/runner-images/releases/tag/ubuntu24%2F20261004.327
2026-10-10T00:07:04.3383243Z ##[endgroup]
2026-10-10T00:07:04.3384329Z ##[group]GITHUB_TOKEN Permissions
2026-10-10T00:07:04.3386454Z Contents: read
2026-10-10T00:07:04.3387095Z Metadata: read
2026-10-10T00:07:04.3387791Z ##[endgroup]
2026-10-10T00:07:04.3390423Z Secret source: Actions
2026-10-10T00:07:04.3391500Z Cache mode: write
2026-10-10T00:07:04.3392292Z Prepare workflow directory
2026-10-10T00:07:04.3999488Z Prepare all required actions
2026-10-10T00:07:04.4051026Z Getting action download info
2026-10-10T00:07:04.6574206Z Download action repository 'actions/checkout@v5' (SHA:fbc6f3992d24b796d5a048ff273f7fcc4a7b6c09)
2026-10-10T00:07:04.7588439Z Download action repository 'actions/setup-python@v6' (SHA:ece7cb06caefa5fff74198d8649806c4678c61a1)
2026-10-10T00:07:04.8455865Z Download action repository 'actions/download-artifact@v4' (SHA:d3f86a106a0bac45b974a628896c90dbdf5c8093)
2026-10-10T00:07:05.2217573Z Download action repository 'actions/upload-artifact@v4' (SHA:ea165f8d65b6e75b540449e92b4886f43607fa02)
2026-10-10T00:07:05.4311525Z Complete job name: Validate and summarize three comparison environments
2026-10-10T00:07:05.5164780Z ##[group]Run actions/checkout@v5
2026-10-10T00:07:05.5165802Z with:
2026-10-10T00:07:05.5166333Z   repository: rsasaki0109/rustwright
2026-10-10T00:07:05.5171016Z   token: ***
2026-10-10T00:07:05.5171528Z   ssh-strict: true
2026-10-10T00:07:05.5172035Z   ssh-user: git
2026-10-10T00:07:05.5172547Z   persist-credentials: true
2026-10-10T00:07:05.5173111Z   clean: true
2026-10-10T00:07:05.5173627Z   sparse-checkout-cone-mode: true
2026-10-10T00:07:05.5174210Z   fetch-depth: 1
2026-10-10T00:07:05.5174693Z   fetch-tags: false
2026-10-10T00:07:05.5175192Z   show-progress: true
2026-10-10T00:07:05.5175703Z   lfs: false
2026-10-10T00:07:05.5176172Z   submodules: false
2026-10-10T00:07:05.5176677Z   set-safe-directory: true
2026-10-10T00:07:05.5177281Z   allow-unsafe-pr-checkout: false
2026-10-10T00:07:05.5178317Z env:
2026-10-10T00:07:05.5178837Z   CARGO_TERM_COLOR: always
2026-10-10T00:07:05.5179388Z   CARGO_INCREMENTAL: 0
2026-10-10T00:07:05.5179907Z   CARGO_BUILD_JOBS: 2
2026-10-10T00:07:05.5180505Z   PLAYWRIGHT_SKIP_BROWSER_DOWNLOAD: 1
2026-10-10T00:07:05.5181300Z   RUSTWRIGHT_COMPARISON_OUTPUT: rustwright-comparison-38005723883-1
2026-10-10T00:07:05.5182069Z ##[endgroup]
2026-10-10T00:07:05.6247347Z Syncing repository: rsasaki0109/rustwright
2026-10-10T00:07:05.6250532Z ##[group]Getting Git version info
2026-10-10T00:07:05.6251645Z Working directory is '/home/runner/work/rustwright/rustwright'
2026-10-10T00:07:05.6252858Z [command]/usr/bin/git version
2026-10-10T00:07:05.6349008Z git version 2.55.0
2026-10-10T00:07:05.6379287Z ##[endgroup]
2026-10-10T00:07:05.6392448Z Temporarily overriding HOME='/home/runner/work/_temp/a34c1abc-43da-4143-9e02-2caf121210b2' before making global git config changes
2026-10-10T00:07:05.6399000Z Adding repository directory to the temporary git global config as a safe directory
2026-10-10T00:07:05.6400640Z [command]/usr/bin/git config --global --add safe.directory /home/runner/work/rustwright/rustwright
2026-10-10T00:07:05.6462450Z Deleting the contents of '/home/runner/work/rustwright/rustwright'
2026-10-10T00:07:05.6468163Z ##[group]Initializing the repository
2026-10-10T00:07:05.6472466Z [command]/usr/bin/git init /home/runner/work/rustwright/rustwright
2026-10-10T00:07:05.6649688Z hint: Using 'master' as the name for the initial branch. This default branch name
2026-10-10T00:07:05.6659872Z hint: will change to "main" in Git 3.0. To configure the initial branch name
2026-10-10T00:07:05.6661957Z hint: to use in all of your new repositories, which will suppress this warning,
2026-10-10T00:07:05.6663629Z hint: call:
2026-10-10T00:07:05.6664993Z hint:
2026-10-10T00:07:05.6666247Z hint: 	git config --global init.defaultBranch <name>
2026-10-10T00:07:05.6667649Z hint:
2026-10-10T00:07:05.6669292Z hint: Names commonly chosen instead of 'master' are 'main', 'trunk' and
2026-10-10T00:07:05.6671400Z hint: 'development'. The just-created branch can be renamed via this command:
2026-10-10T00:07:05.6673478Z hint:
2026-10-10T00:07:05.6674694Z hint: 	git branch -m <name>
2026-10-10T00:07:05.6675839Z hint:
2026-10-10T00:07:05.6676853Z hint: Disable this message with "git config set advice.defaultBranchName false"
2026-10-10T00:07:05.6679136Z Initialized empty Git repository in /home/runner/work/rustwright/rustwright/.git/
2026-10-10T00:07:05.6683160Z [command]/usr/bin/git remote add origin https://github.com/rsasaki0109/rustwright
2026-10-10T00:07:05.6731131Z ##[endgroup]
2026-10-10T00:07:05.6732612Z ##[group]Disabling automatic garbage collection
2026-10-10T00:07:05.6740938Z [command]/usr/bin/git config --local gc.auto 0
2026-10-10T00:07:05.6784888Z ##[endgroup]
2026-10-10T00:07:05.6786979Z ##[group]Setting up auth
2026-10-10T00:07:05.6795147Z [command]/usr/bin/git config --local --name-only --get-regexp core\.sshCommand
2026-10-10T00:07:05.6837064Z [command]/usr/bin/git submodule foreach --recursive sh -c "git config --local --name-only --get-regexp 'core\.sshCommand' && git config --local --unset-all 'core.sshCommand' || :"
2026-10-10T00:07:05.7251438Z [command]/usr/bin/git config --local --name-only --get-regexp http\.https\:\/\/github\.com\/\.extraheader
2026-10-10T00:07:05.7288105Z [command]/usr/bin/git submodule foreach --recursive sh -c "git config --local --name-only --get-regexp 'http\.https\:\/\/github\.com\/\.extraheader' && git config --local --unset-all 'http.https://github.com/.extraheader' || :"
2026-10-10T00:07:05.7576688Z [command]/usr/bin/git config --local --name-only --get-regexp ^includeIf\.gitdir:
2026-10-10T00:07:05.7584096Z [command]/usr/bin/git submodule foreach --recursive git config --local --show-origin --name-only --get-regexp remote.origin.url
2026-10-10T00:07:05.7787052Z [command]/usr/bin/git config --local http.https://github.com/.extraheader AUTHORIZATION: basic ***
2026-10-10T00:07:05.7830250Z ##[endgroup]
2026-10-10T00:07:05.7831986Z ##[group]Fetching the repository
2026-10-10T00:07:05.7842945Z [command]/usr/bin/git -c protocol.version=2 fetch --no-tags --prune --no-recurse-submodules --depth=1 origin +87f6180e4922ca860e10f91701e6032e6cb85390:refs/remotes/pull/1/merge
2026-10-10T00:07:07.9207209Z From https://github.com/rsasaki0109/rustwright
2026-10-10T00:07:07.9213428Z  * [new ref]         87f6180e4922ca860e10f91701e6032e6cb85390 -> pull/1/merge
2026-10-10T00:07:07.9215881Z ##[endgroup]
2026-10-10T00:07:07.9216479Z ##[group]Determining the checkout info
2026-10-10T00:07:07.9217100Z ##[endgroup]
2026-10-10T00:07:07.9221433Z [command]/usr/bin/git sparse-checkout disable
2026-10-10T00:07:07.9282218Z [command]/usr/bin/git config --local --unset-all extensions.worktreeConfig
2026-10-10T00:07:07.9313113Z ##[group]Checking out the ref
2026-10-10T00:07:07.9316716Z [command]/usr/bin/git checkout --progress --force refs/remotes/pull/1/merge
2026-10-10T00:07:08.2587282Z Note: switching to 'refs/remotes/pull/1/merge'.
2026-10-10T00:07:08.2588537Z 
2026-10-10T00:07:08.2588920Z You are in 'detached HEAD' state. You can look around, make experimental
2026-10-10T00:07:08.2589539Z changes and commit them, and you can discard any commits you make in this
2026-10-10T00:07:08.2590059Z state without impacting any branches by switching back to a branch.
2026-10-10T00:07:08.2590360Z 
2026-10-10T00:07:08.2590585Z If you want to create a new branch to retain commits you create, you may
2026-10-10T00:07:08.2591050Z do so (now or later) by using -c with the switch command. Example:
2026-10-10T00:07:08.2591315Z 
2026-10-10T00:07:08.2591431Z   git switch -c <new-branch-name>
2026-10-10T00:07:08.2591613Z 
2026-10-10T00:07:08.2591724Z Or undo this operation with:
2026-10-10T00:07:08.2591896Z 
2026-10-10T00:07:08.2591990Z   git switch -
2026-10-10T00:07:08.2592143Z 
2026-10-10T00:07:08.2592363Z Turn off this advice by setting config variable advice.detachedHead to false
2026-10-10T00:07:08.2592680Z 
2026-10-10T00:07:08.2593023Z HEAD is now at 87f6180 Merge fadb3463297fb611915cc8fc92a4b1a91f196f15 into 91e72af388d000266c9b4e7567a3e1fe4007fc33
2026-10-10T00:07:08.2622864Z ##[endgroup]
2026-10-10T00:07:08.2670605Z [command]/usr/bin/git log -1 --format=%H
2026-10-10T00:07:08.2696399Z 87f6180e4922ca860e10f91701e6032e6cb85390
2026-10-10T00:07:08.2970466Z ##[group]Run actions/setup-python@v6
2026-10-10T00:07:08.2970794Z with:
2026-10-10T00:07:08.2971016Z   python-version: 3.11
2026-10-10T00:07:08.2971252Z   check-latest: false
2026-10-10T00:07:08.2974052Z   token: ***
2026-10-10T00:07:08.2974281Z   update-environment: true
2026-10-10T00:07:08.2974539Z   allow-prereleases: false
2026-10-10T00:07:08.2974818Z   freethreaded: false
2026-10-10T00:07:08.2975033Z env:
2026-10-10T00:07:08.2975225Z   CARGO_TERM_COLOR: always
2026-10-10T00:07:08.2975455Z   CARGO_INCREMENTAL: 0
2026-10-10T00:07:08.2975670Z   CARGO_BUILD_JOBS: 2
2026-10-10T00:07:08.2975910Z   PLAYWRIGHT_SKIP_BROWSER_DOWNLOAD: 1
2026-10-10T00:07:08.2976302Z   RUSTWRIGHT_COMPARISON_OUTPUT: rustwright-comparison-38005723883-1
2026-10-10T00:07:08.2976704Z ##[endgroup]
2026-10-10T00:07:08.4296549Z ##[group]Installed versions
2026-10-10T00:07:08.4404635Z Successfully set up CPython (3.11.17)
2026-10-10T00:07:08.4405541Z ##[endgroup]
2026-10-10T00:07:08.4644823Z ##[group]Run python3 - <<'PYTHON'
2026-10-10T00:07:08.4645237Z [36;1mpython3 - <<'PYTHON'[0m
2026-10-10T00:07:08.4645508Z [36;1mimport os, pathlib[0m
2026-10-10T00:07:08.4645979Z [36;1moutput = pathlib.Path(os.environ['RUNNER_TEMP']) / os.environ['RUSTWRIGHT_COMPARISON_OUTPUT'][0m
2026-10-10T00:07:08.4646514Z [36;1moutput.mkdir(parents=True, exist_ok=False)[0m
2026-10-10T00:07:08.4646944Z [36;1mwith open(os.environ['GITHUB_ENV'], 'a', encoding='utf-8') as stream:[0m
2026-10-10T00:07:08.4647421Z [36;1m    stream.write(f'RUSTWRIGHT_COMPARISON_OUTPUT={output}\n')[0m
2026-10-10T00:07:08.4647790Z [36;1mPYTHON[0m
2026-10-10T00:07:08.4994930Z shell: /usr/bin/bash --noprofile --norc -e -o pipefail {0}
2026-10-10T00:07:08.4995405Z env:
2026-10-10T00:07:08.4995684Z   CARGO_TERM_COLOR: always
2026-10-10T00:07:08.4995976Z   CARGO_INCREMENTAL: 0
2026-10-10T00:07:08.4996247Z   CARGO_BUILD_JOBS: 2
2026-10-10T00:07:08.4996525Z   PLAYWRIGHT_SKIP_BROWSER_DOWNLOAD: 1
2026-10-10T00:07:08.4997090Z   RUSTWRIGHT_COMPARISON_OUTPUT: rustwright-comparison-38005723883-1
2026-10-10T00:07:08.4997640Z   pythonLocation: /opt/hostedtoolcache/Python/3.11.17/x64
2026-10-10T00:07:08.4998388Z   PKG_CONFIG_PATH: /opt/hostedtoolcache/Python/3.11.17/x64/lib/pkgconfig
2026-10-10T00:07:08.4998922Z   Python_ROOT_DIR: /opt/hostedtoolcache/Python/3.11.17/x64
2026-10-10T00:07:08.4999393Z   Python2_ROOT_DIR: /opt/hostedtoolcache/Python/3.11.17/x64
2026-10-10T00:07:08.4999862Z   Python3_ROOT_DIR: /opt/hostedtoolcache/Python/3.11.17/x64
2026-10-10T00:07:08.5000497Z   LD_LIBRARY_PATH: /opt/hostedtoolcache/Python/3.11.17/x64/lib
2026-10-10T00:07:08.5000848Z ##[endgroup]
2026-10-10T00:07:08.5874522Z ##[group]Run actions/download-artifact@v4
2026-10-10T00:07:08.5874872Z with:
2026-10-10T00:07:08.5875285Z   pattern: comparison-host-*
2026-10-10T00:07:08.5875683Z   path: /home/runner/work/_temp/rustwright-comparison-38005723883-1/input
2026-10-10T00:07:08.5876097Z   merge-multiple: false
2026-10-10T00:07:08.5876356Z   repository: rsasaki0109/rustwright
2026-10-10T00:07:08.5876617Z   run-id: 38005723883
2026-10-10T00:07:08.5876821Z env:
2026-10-10T00:07:08.5877011Z   CARGO_TERM_COLOR: always
2026-10-10T00:07:08.5877243Z   CARGO_INCREMENTAL: 0
2026-10-10T00:07:08.5877460Z   CARGO_BUILD_JOBS: 2
2026-10-10T00:07:08.5877685Z   PLAYWRIGHT_SKIP_BROWSER_DOWNLOAD: 1
2026-10-10T00:07:08.5878452Z   RUSTWRIGHT_COMPARISON_OUTPUT: /home/runner/work/_temp/rustwright-comparison-38005723883-1
2026-10-10T00:07:08.5878969Z   pythonLocation: /opt/hostedtoolcache/Python/3.11.17/x64
2026-10-10T00:07:08.5879393Z   PKG_CONFIG_PATH: /opt/hostedtoolcache/Python/3.11.17/x64/lib/pkgconfig
2026-10-10T00:07:08.5879850Z   Python_ROOT_DIR: /opt/hostedtoolcache/Python/3.11.17/x64
2026-10-10T00:07:08.5880234Z   Python2_ROOT_DIR: /opt/hostedtoolcache/Python/3.11.17/x64
2026-10-10T00:07:08.5880624Z   Python3_ROOT_DIR: /opt/hostedtoolcache/Python/3.11.17/x64
2026-10-10T00:07:08.5881010Z   LD_LIBRARY_PATH: /opt/hostedtoolcache/Python/3.11.17/x64/lib
2026-10-10T00:07:08.5881336Z ##[endgroup]
2026-10-10T00:07:08.7547722Z (node:2316) [DEP0040] DeprecationWarning: The `punycode` module is deprecated. Please use a userland alternative instead.
2026-10-10T00:07:08.7549454Z (Use `node --trace-deprecation ...` to show where the warning was created)
2026-10-10T00:07:08.8845511Z Found 3 artifact(s)
2026-10-10T00:07:08.8846550Z Filtering artifacts by pattern 'comparison-host-*'
2026-10-10T00:07:08.8869110Z Preparing to download the following artifacts:
2026-10-10T00:07:08.8870458Z - comparison-host-1 (ID: 11651838166, Size: 365342, Expected Digest: sha256:2ba9cdaf3e3c04de63590afca4001c1bba24b64b96699ef5e07ab8dab236ec26)
2026-10-10T00:07:08.8872472Z - comparison-host-2 (ID: 11651692758, Size: 364083, Expected Digest: sha256:90dfff606d12d63fd9d862ebaf0e2018fce359e24d9333250f56a74dd3a873db)
2026-10-10T00:07:08.8874435Z - comparison-host-3 (ID: 11651453208, Size: 355566, Expected Digest: sha256:719a8b6502b9f74eb972d41b3115fe2cc0be4312e81be0a017245f9a18d8b66e)
2026-10-10T00:07:09.0411907Z Redirecting to blob download url: https://productionresultssa18.blob.core.windows.net/actions-results/1df64e42-616f-8ff0-8827-5b232b5f5b53/workflow-job-run-bfd20bfd-4118-55fb-9dbd-66bccab1e5c5/artifacts/6f5bdc2e20114c3b23768507fa12c080d2c8a6787b4371a66ce14430435c1c5e.zip
2026-10-10T00:07:09.0414524Z Starting download of artifact to: /home/runner/work/_temp/rustwright-comparison-38005723883-1/input/comparison-host-1
2026-10-10T00:07:09.0827208Z Redirecting to blob download url: https://productionresultssa18.blob.core.windows.net/actions-results/1df64e42-616f-8ff0-8827-5b232b5f5b53/workflow-job-run-83859ee2-f76a-5819-b84a-7cc84e2e8016/artifacts/21fda56aa419a9ce958e57000ddd99bd8d3fb83c6819e435b0bc3c3f05272b49.zip
2026-10-10T00:07:09.0829469Z Starting download of artifact to: /home/runner/work/_temp/rustwright-comparison-38005723883-1/input/comparison-host-2
2026-10-10T00:07:09.0905675Z Redirecting to blob download url: https://productionresultssa18.blob.core.windows.net/actions-results/1df64e42-616f-8ff0-8827-5b232b5f5b53/workflow-job-run-6ac0b88d-517b-5ef0-bf0a-398f17a605a7/artifacts/b2f7555c5a667213b34e77ae1da2fee532b158f21f787149827461d4fa636e57.zip
2026-10-10T00:07:09.0908792Z Starting download of artifact to: /home/runner/work/_temp/rustwright-comparison-38005723883-1/input/comparison-host-3
2026-10-10T00:07:09.1865205Z (node:2316) [DEP0005] DeprecationWarning: Buffer() is deprecated due to security and usability issues. Please use the Buffer.alloc(), Buffer.allocUnsafe(), or Buffer.from() methods instead.
2026-10-10T00:07:09.3481867Z SHA256 digest of downloaded artifact is 2ba9cdaf3e3c04de63590afca4001c1bba24b64b96699ef5e07ab8dab236ec26
2026-10-10T00:07:09.3483939Z Artifact download completed successfully.
2026-10-10T00:07:09.3488916Z SHA256 digest of downloaded artifact is 719a8b6502b9f74eb972d41b3115fe2cc0be4312e81be0a017245f9a18d8b66e
2026-10-10T00:07:09.3490438Z Artifact download completed successfully.
2026-10-10T00:07:09.4102227Z SHA256 digest of downloaded artifact is 90dfff606d12d63fd9d862ebaf0e2018fce359e24d9333250f56a74dd3a873db
2026-10-10T00:07:09.4103113Z Artifact download completed successfully.
2026-10-10T00:07:09.4103759Z Total of 3 artifact(s) downloaded
2026-10-10T00:07:09.4110752Z Download artifact has finished successfully
2026-10-10T00:07:09.4281268Z ##[group]Run python bench/reliability/aggregate.py --reports \
2026-10-10T00:07:09.4281804Z [36;1mpython bench/reliability/aggregate.py --reports \[0m
2026-10-10T00:07:09.4282304Z [36;1m  "$RUSTWRIGHT_COMPARISON_OUTPUT/input/comparison-host-1/report.json" \[0m
2026-10-10T00:07:09.4282867Z [36;1m  "$RUSTWRIGHT_COMPARISON_OUTPUT/input/comparison-host-2/report.json" \[0m
2026-10-10T00:07:09.4283431Z [36;1m  "$RUSTWRIGHT_COMPARISON_OUTPUT/input/comparison-host-3/report.json" \[0m
2026-10-10T00:07:09.4283970Z [36;1m  --output "$RUSTWRIGHT_COMPARISON_OUTPUT/aggregate.json" \[0m
2026-10-10T00:07:09.4284418Z [36;1m  --markdown "$RUSTWRIGHT_COMPARISON_OUTPUT/REPORT.md"[0m
2026-10-10T00:07:09.4348700Z shell: /usr/bin/bash --noprofile --norc -e -o pipefail {0}
2026-10-10T00:07:09.4349074Z env:
2026-10-10T00:07:09.4349290Z   CARGO_TERM_COLOR: always
2026-10-10T00:07:09.4349550Z   CARGO_INCREMENTAL: 0
2026-10-10T00:07:09.4349776Z   CARGO_BUILD_JOBS: 2
2026-10-10T00:07:09.4350059Z   PLAYWRIGHT_SKIP_BROWSER_DOWNLOAD: 1
2026-10-10T00:07:09.4350537Z   RUSTWRIGHT_COMPARISON_OUTPUT: /home/runner/work/_temp/rustwright-comparison-38005723883-1
2026-10-10T00:07:09.4351452Z   pythonLocation: /opt/hostedtoolcache/Python/3.11.17/x64
2026-10-10T00:07:09.4351922Z   PKG_CONFIG_PATH: /opt/hostedtoolcache/Python/3.11.17/x64/lib/pkgconfig
2026-10-10T00:07:09.4352388Z   Python_ROOT_DIR: /opt/hostedtoolcache/Python/3.11.17/x64
2026-10-10T00:07:09.4352794Z   Python2_ROOT_DIR: /opt/hostedtoolcache/Python/3.11.17/x64
2026-10-10T00:07:09.4353216Z   Python3_ROOT_DIR: /opt/hostedtoolcache/Python/3.11.17/x64
2026-10-10T00:07:09.4353615Z   LD_LIBRARY_PATH: /opt/hostedtoolcache/Python/3.11.17/x64/lib
2026-10-10T00:07:09.4353961Z ##[endgroup]
2026-10-10T00:07:10.2434490Z Comparison passed: /home/runner/work/_temp/rustwright-comparison-38005723883-1/aggregate.json
2026-10-10T00:07:10.2578708Z ##[group]Run actions/upload-artifact@v4
2026-10-10T00:07:10.2579054Z with:
2026-10-10T00:07:10.2579280Z   name: comparison-summary
2026-10-10T00:07:10.2579976Z   path: /home/runner/work/_temp/rustwright-comparison-38005723883-1/aggregate.json
/home/runner/work/_temp/rustwright-comparison-38005723883-1/REPORT.md

2026-10-10T00:07:10.2580672Z   if-no-files-found: error
2026-10-10T00:07:10.2580928Z   compression-level: 6
2026-10-10T00:07:10.2581157Z   overwrite: false
2026-10-10T00:07:10.2581391Z   include-hidden-files: false
2026-10-10T00:07:10.2581637Z env:
2026-10-10T00:07:10.2581849Z   CARGO_TERM_COLOR: always
2026-10-10T00:07:10.2582085Z   CARGO_INCREMENTAL: 0
2026-10-10T00:07:10.2582329Z   CARGO_BUILD_JOBS: 2
2026-10-10T00:07:10.2582577Z   PLAYWRIGHT_SKIP_BROWSER_DOWNLOAD: 1
2026-10-10T00:07:10.2583056Z   RUSTWRIGHT_COMPARISON_OUTPUT: /home/runner/work/_temp/rustwright-comparison-38005723883-1
2026-10-10T00:07:10.2583636Z   pythonLocation: /opt/hostedtoolcache/Python/3.11.17/x64
2026-10-10T00:07:10.2584085Z   PKG_CONFIG_PATH: /opt/hostedtoolcache/Python/3.11.17/x64/lib/pkgconfig
2026-10-10T00:07:10.2584528Z   Python_ROOT_DIR: /opt/hostedtoolcache/Python/3.11.17/x64
2026-10-10T00:07:10.2584921Z   Python2_ROOT_DIR: /opt/hostedtoolcache/Python/3.11.17/x64
2026-10-10T00:07:10.2585322Z   Python3_ROOT_DIR: /opt/hostedtoolcache/Python/3.11.17/x64
2026-10-10T00:07:10.2585722Z   LD_LIBRARY_PATH: /opt/hostedtoolcache/Python/3.11.17/x64/lib
2026-10-10T00:07:10.2586068Z ##[endgroup]
2026-10-10T00:07:10.4244181Z (node:2331) [DEP0040] DeprecationWarning: The `punycode` module is deprecated. Please use a userland alternative instead.
2026-10-10T00:07:10.4245017Z (Use `node --trace-deprecation ...` to show where the warning was created)
2026-10-10T00:07:10.4301484Z Multiple search paths detected. Calculating the least common ancestor of all paths
2026-10-10T00:07:10.4329109Z The least common ancestor is /home/runner/work/_temp/rustwright-comparison-38005723883-1. This will be the root directory of the artifact
2026-10-10T00:07:10.4330031Z With the provided path, there will be 2 files uploaded
2026-10-10T00:07:10.4330626Z Artifact name is valid!
2026-10-10T00:07:10.4330886Z Root directory input is valid!
2026-10-10T00:07:10.6636366Z Beginning upload of artifact content to blob storage
2026-10-10T00:07:10.7738029Z (node:2331) [DEP0169] DeprecationWarning: `url.parse()` behavior is not standardized and prone to errors that have security implications. Use the WHATWG URL API instead. CVEs are not issued for `url.parse()` vulnerabilities.
2026-10-10T00:07:11.0243310Z Uploaded bytes 776276
2026-10-10T00:07:11.0615111Z Finished uploading artifact content to blob storage!
2026-10-10T00:07:11.0616561Z SHA256 digest of uploaded artifact zip is 4a7980dbcaad2f7db012146f46df8bdae45e57cca283c763731a0434a4e1a1ff
2026-10-10T00:07:11.0618225Z Finalizing artifact upload
2026-10-10T00:07:11.2799902Z Artifact comparison-summary.zip successfully finalized. Artifact ID 11651858208
2026-10-10T00:07:11.2801753Z Artifact comparison-summary has been successfully uploaded! Final size is 776276 bytes. Artifact ID is 11651858208
2026-10-10T00:07:11.2808699Z Artifact download URL: https://github.com/rsasaki0109/rustwright/actions/runs/38005723883/artifacts/11651858208
2026-10-10T00:07:11.2984410Z Post job cleanup.
2026-10-10T00:07:11.4462416Z Post job cleanup.
2026-10-10T00:07:11.5468840Z [command]/usr/bin/git version
2026-10-10T00:07:11.5488890Z git version 2.55.0
2026-10-10T00:07:11.5542051Z Temporarily overriding HOME='/home/runner/work/_temp/add9c3c8-a6d9-4cdf-bc5a-7c8a5be43b7a' before making global git config changes
2026-10-10T00:07:11.5542887Z Adding repository directory to the temporary git global config as a safe directory
2026-10-10T00:07:11.5543572Z [command]/usr/bin/git config --global --add safe.directory /home/runner/work/rustwright/rustwright
2026-10-10T00:07:11.5599783Z [command]/usr/bin/git config --local --name-only --get-regexp core\.sshCommand
2026-10-10T00:07:11.5665100Z [command]/usr/bin/git submodule foreach --recursive sh -c "git config --local --name-only --get-regexp 'core\.sshCommand' && git config --local --unset-all 'core.sshCommand' || :"
2026-10-10T00:07:11.6039374Z [command]/usr/bin/git config --local --name-only --get-regexp http\.https\:\/\/github\.com\/\.extraheader
2026-10-10T00:07:11.6068083Z http.https://github.com/.extraheader
2026-10-10T00:07:11.6083108Z [command]/usr/bin/git config --local --unset-all http.https://github.com/.extraheader
2026-10-10T00:07:11.6124686Z [command]/usr/bin/git submodule foreach --recursive sh -c "git config --local --name-only --get-regexp 'http\.https\:\/\/github\.com\/\.extraheader' && git config --local --unset-all 'http.https://github.com/.extraheader' || :"
2026-10-10T00:07:11.6491544Z [command]/usr/bin/git config --local --name-only --get-regexp ^includeIf\.gitdir:
2026-10-10T00:07:11.6547036Z [command]/usr/bin/git submodule foreach --recursive git config --local --show-origin --name-only --get-regexp remote.origin.url
2026-10-10T00:07:11.6992812Z Cleaning up orphan processes
2026-10-10T00:07:11.7290063Z ##[warning]Node.js 20 is deprecated. The following actions target Node.js 20 but are being forced to run on Node.js 24: actions/download-artifact@v4, actions/upload-artifact@v4. For more information see: https://github.blog/changelog/2025-09-19-deprecation-of-node-20-on-github-actions-runners/
