[2794:2794:1009/232600.115205:FATAL:content/browser/zygote_host/zygote_host_impl_linux.cc:130] No usable sandbox! If you are running on Ubuntu 23.10+ or another Linux distro that has disabled unprivileged user namespaces with AppArmor, see https://chromium.googlesource.com/chromium/src/+/main/docs/security/apparmor-userns-restrictions.md. Otherwise see https://chromium.googlesource.com/chromium/src/+/main/docs/linux/suid_sandbox_development.md for more information on developing with the (older) SUID sandbox. If you want to live dangerously and need an immediate workaround, you can try using --no-sandbox.
Received signal 6
#0 0x557103e50fc3 (/opt/hostedtoolcache/setup-chrome/chrome/155.0.8059.39/x64/chrome+0x6aecfc2)
#1 0x557108e1f174 (/opt/hostedtoolcache/setup-chrome/chrome/155.0.8059.39/x64/chrome+0xbabb173)
#2 0x7fe0cea45330 (/usr/lib/x86_64-linux-gnu/libc.so.6+0x4532f)
#3 0x7fe0cea4527e (/usr/lib/x86_64-linux-gnu/libc.so.6+0x4527d)
#4 0x7fe0cea288ff (/usr/lib/x86_64-linux-gnu/libc.so.6+0x288fe)
#5 0x557108e15ed5 (/opt/hostedtoolcache/setup-chrome/chrome/155.0.8059.39/x64/chrome+0xbab1ed4)
#6 0x557108dd5b8d (/opt/hostedtoolcache/setup-chrome/chrome/155.0.8059.39/x64/chrome+0xba71b8c)
#7 0x557108dd5add (/opt/hostedtoolcache/setup-chrome/chrome/155.0.8059.39/x64/chrome+0xba71adc)
#8 0x557103b1ac12 (/opt/hostedtoolcache/setup-chrome/chrome/155.0.8059.39/x64/chrome+0x67b6c11)
#9 0x557103241829 (/opt/hostedtoolcache/setup-chrome/chrome/155.0.8059.39/x64/chrome+0x5edd828)
#10 0x557102d79f58 (/opt/hostedtoolcache/setup-chrome/chrome/155.0.8059.39/x64/chrome+0x5a15f57)
#11 0x5571082e874f (/opt/hostedtoolcache/setup-chrome/chrome/155.0.8059.39/x64/chrome+0xaf8474e)
#12 0x55710328a90c (/opt/hostedtoolcache/setup-chrome/chrome/155.0.8059.39/x64/chrome+0x5f2690b)
#13 0x55710328a060 (/opt/hostedtoolcache/setup-chrome/chrome/155.0.8059.39/x64/chrome+0x5f2605f)
#14 0x7fe0cea2a1ca (/usr/lib/x86_64-linux-gnu/libc.so.6+0x2a1c9)
#15 0x7fe0cea2a28b (/usr/lib/x86_64-linux-gnu/libc.so.6+0x2a28a)
#16 0x55710410a36a (/opt/hostedtoolcache/setup-chrome/chrome/155.0.8059.39/x64/chrome+0x6da6369)
  r8: 000000b0000a8263  r9: 0000000000000001 r10: 0000000000000008 r11: 0000000000000246
 r12: 0000000000000006 r13: 000000b0000a8000 r14: 0000000000000016 r15: 00007ffdbe080cf8
  di: 0000000000000aea  si: 0000000000000aea  bp: 00007ffdbe080670  bx: 0000000000000aea
  dx: 0000000000000006  ax: 0000000000000000  cx: 00007fe0cea9ec0c  sp: 00007ffdbe080630
  ip: 00007fe0cea9ec0c efl: 0000000000000246 cgf: 002b000000000033 erf: 0000000000000000
 trp: 0000000000000000 msk: 0000000000000000 cr2: 0000000000000000
[end of stack trace]
