2026-10-09T19:22:51.3423730Z Current runner version: '2.337.0'
2026-10-09T19:22:51.3442430Z ##[group]Runner Image Provisioner
2026-10-09T19:22:51.3443160Z Hosted Compute Agent
2026-10-09T19:22:51.3445430Z Version: 20260828.587
2026-10-09T19:22:51.3447020Z Commit: abac92662cab4cc7352de4f9f9d2e2419aad9c29
2026-10-09T19:22:51.3448580Z Build Date: 2026-08-28T16:44:25Z
2026-10-09T19:22:51.3450710Z Worker ID: {b3dcfce6-16a3-4775-83ad-c01792542e81}
2026-10-09T19:22:51.3451750Z Azure Region: westus
2026-10-09T19:22:51.3452390Z ##[endgroup]
2026-10-09T19:22:51.3454260Z ##[group]Operating System
2026-10-09T19:22:51.3454690Z macOS
2026-10-09T19:22:51.3456570Z 26.6.2
2026-10-09T19:22:51.3459080Z 25G83
2026-10-09T19:22:51.3459530Z ##[endgroup]
2026-10-09T19:22:51.3459940Z ##[group]Runner Image
2026-10-09T19:22:51.3461500Z Image: macos-26-arm64
2026-10-09T19:22:51.3463700Z Version: 20260907.0351.1
2026-10-09T19:22:51.3466320Z Included Software: https://github.com/actions/runner-images/blob/macos-26-arm64/20260907.0351/images/macos/macos-26-arm64-Readme.md
2026-10-09T19:22:51.3469300Z Image Release: https://github.com/actions/runner-images/releases/tag/macos-26-arm64%2F20260907.0351
2026-10-09T19:22:51.3471180Z ##[endgroup]
2026-10-09T19:22:51.3473330Z ##[group]GITHUB_TOKEN Permissions
2026-10-09T19:22:51.3480280Z Contents: read
2026-10-09T19:22:51.3481510Z Metadata: read
2026-10-09T19:22:51.3482480Z ##[endgroup]
2026-10-09T19:22:51.3487570Z Secret source: Actions
2026-10-09T19:22:51.3489650Z Cache mode: write
2026-10-09T19:22:51.3491130Z Prepare workflow directory
2026-10-09T19:22:51.3915680Z Prepare all required actions
2026-10-09T19:22:51.3951530Z Getting action download info
2026-10-09T19:22:51.7272420Z Download action repository 'actions/checkout@v5' (SHA:fbc6f3992d24b796d5a048ff273f7fcc4a7b6c09)
2026-10-09T19:22:52.0516530Z Download action repository 'dtolnay/rust-toolchain@stable' (SHA:686976e191b89faba57d3206551f0f330d8cb249)
2026-10-09T19:22:52.6592460Z Download action repository 'Swatinem/rust-cache@v2' (SHA:6323deb102c322ba6fcbdcafc7e3dddab59af2b6)
2026-10-09T19:22:53.4447120Z Download action repository 'actions/setup-python@v6' (SHA:ece7cb06caefa5fff74198d8649806c4678c61a1)
2026-10-09T19:22:53.5828340Z Download action repository 'browser-actions/setup-chrome@v2' (SHA:48ad923757ca74d66703209fe939badbdf80f2f4)
2026-10-09T19:22:54.1917850Z Download action repository 'browser-actions/setup-firefox@v1' (SHA:0bc507ddf224827e3b1af68e014d5e42ab93e795)
2026-10-09T19:22:54.7835990Z Download action repository 'actions/upload-artifact@v4' (SHA:ea165f8d65b6e75b540449e92b4886f43607fa02)
2026-10-09T19:22:55.0616600Z Complete job name: Required Chrome + Firefox / macos-latest
2026-10-09T19:22:55.1275700Z ##[group]Run actions/checkout@v5
2026-10-09T19:22:55.1276420Z with:
2026-10-09T19:22:55.1276640Z   repository: rsasaki0109/rustwright
2026-10-09T19:22:55.1279060Z   token: ***
2026-10-09T19:22:55.1279200Z   ssh-strict: true
2026-10-09T19:22:55.1279340Z   ssh-user: git
2026-10-09T19:22:55.1279550Z   persist-credentials: true
2026-10-09T19:22:55.1279760Z   clean: true
2026-10-09T19:22:55.1280070Z   sparse-checkout-cone-mode: true
2026-10-09T19:22:55.1280290Z   fetch-depth: 1
2026-10-09T19:22:55.1280470Z   fetch-tags: false
2026-10-09T19:22:55.1280660Z   show-progress: true
2026-10-09T19:22:55.1280830Z   lfs: false
2026-10-09T19:22:55.1281000Z   submodules: false
2026-10-09T19:22:55.1281200Z   set-safe-directory: true
2026-10-09T19:22:55.1281400Z   allow-unsafe-pr-checkout: false
2026-10-09T19:22:55.1281740Z env:
2026-10-09T19:22:55.1281880Z   CARGO_TERM_COLOR: always
2026-10-09T19:22:55.1282080Z   RUST_BACKTRACE: 1
2026-10-09T19:22:55.1282260Z ##[endgroup]
2026-10-09T19:22:55.6374180Z Syncing repository: rsasaki0109/rustwright
2026-10-09T19:22:55.6375370Z ##[group]Getting Git version info
2026-10-09T19:22:55.6375700Z Working directory is '/Users/runner/work/rustwright/rustwright'
2026-10-09T19:22:55.6376180Z [command]/opt/homebrew/bin/git version
2026-10-09T19:22:55.7229600Z git version 2.55.0
2026-10-09T19:22:55.7249550Z ##[endgroup]
2026-10-09T19:22:55.7257080Z Copying '/Users/runner/.gitconfig' to '/Users/runner/work/_temp/c3a08214-f346-4c77-9981-5e9b0324ad81/.gitconfig'
2026-10-09T19:22:55.7265270Z Temporarily overriding HOME='/Users/runner/work/_temp/c3a08214-f346-4c77-9981-5e9b0324ad81' before making global git config changes
2026-10-09T19:22:55.7266130Z Adding repository directory to the temporary git global config as a safe directory
2026-10-09T19:22:55.7269190Z [command]/opt/homebrew/bin/git config --global --add safe.directory /Users/runner/work/rustwright/rustwright
2026-10-09T19:22:55.7382100Z Deleting the contents of '/Users/runner/work/rustwright/rustwright'
2026-10-09T19:22:55.7385920Z ##[group]Initializing the repository
2026-10-09T19:22:55.7389340Z [command]/opt/homebrew/bin/git init /Users/runner/work/rustwright/rustwright
2026-10-09T19:22:55.7664670Z hint: Using 'master' as the name for the initial branch. This default branch name
2026-10-09T19:22:55.7666130Z hint: will change to "main" in Git 3.0. To configure the initial branch name
2026-10-09T19:22:55.7667350Z hint: to use in all of your new repositories, which will suppress this warning,
2026-10-09T19:22:55.7668210Z hint: call:
2026-10-09T19:22:55.7668650Z hint:
2026-10-09T19:22:55.7669220Z hint: 	git config --global init.defaultBranch <name>
2026-10-09T19:22:55.7669920Z hint:
2026-10-09T19:22:55.7670560Z hint: Names commonly chosen instead of 'master' are 'main', 'trunk' and
2026-10-09T19:22:55.7671660Z hint: 'development'. The just-created branch can be renamed via this command:
2026-10-09T19:22:55.7672480Z hint:
2026-10-09T19:22:55.7673130Z hint: 	git branch -m <name>
2026-10-09T19:22:55.7673770Z hint:
2026-10-09T19:22:55.7674510Z hint: Disable this message with "git config set advice.defaultBranchName false"
2026-10-09T19:22:55.7675900Z Initialized empty Git repository in /Users/runner/work/rustwright/rustwright/.git/
2026-10-09T19:22:55.7677370Z [command]/opt/homebrew/bin/git remote add origin https://github.com/rsasaki0109/rustwright
2026-10-09T19:22:55.7782890Z ##[endgroup]
2026-10-09T19:22:55.7783850Z ##[group]Disabling automatic garbage collection
2026-10-09T19:22:55.7785950Z [command]/opt/homebrew/bin/git config --local gc.auto 0
2026-10-09T19:22:55.7898760Z ##[endgroup]
2026-10-09T19:22:55.7899590Z ##[group]Setting up auth
2026-10-09T19:22:55.7904780Z [command]/opt/homebrew/bin/git config --local --name-only --get-regexp core\.sshCommand
2026-10-09T19:22:55.7990670Z [command]/opt/homebrew/bin/git submodule foreach --recursive sh -c "git config --local --name-only --get-regexp 'core\.sshCommand' && git config --local --unset-all 'core.sshCommand' || :"
2026-10-09T19:22:55.9057270Z [command]/opt/homebrew/bin/git config --local --name-only --get-regexp http\.https\:\/\/github\.com\/\.extraheader
2026-10-09T19:22:55.9123710Z [command]/opt/homebrew/bin/git submodule foreach --recursive sh -c "git config --local --name-only --get-regexp 'http\.https\:\/\/github\.com\/\.extraheader' && git config --local --unset-all 'http.https://github.com/.extraheader' || :"
2026-10-09T19:22:56.0172610Z [command]/opt/homebrew/bin/git config --local --name-only --get-regexp ^includeIf\.gitdir:
2026-10-09T19:22:56.0236130Z [command]/opt/homebrew/bin/git submodule foreach --recursive git config --local --show-origin --name-only --get-regexp remote.origin.url
2026-10-09T19:22:56.1416630Z [command]/opt/homebrew/bin/git config --local http.https://github.com/.extraheader AUTHORIZATION: basic ***
2026-10-09T19:22:56.1478040Z ##[endgroup]
2026-10-09T19:22:56.1478570Z ##[group]Fetching the repository
2026-10-09T19:22:56.1483300Z [command]/opt/homebrew/bin/git -c protocol.version=2 fetch --no-tags --prune --no-recurse-submodules --depth=1 origin +92b05f2057d319cfc0ad2bad1f408e43597fca7c:refs/remotes/pull/1/merge
2026-10-09T19:22:57.6806410Z From https://github.com/rsasaki0109/rustwright
2026-10-09T19:22:57.6808660Z  * [new ref]         92b05f2057d319cfc0ad2bad1f408e43597fca7c -> pull/1/merge
2026-10-09T19:22:57.6814790Z ##[endgroup]
2026-10-09T19:22:57.6816270Z ##[group]Determining the checkout info
2026-10-09T19:22:57.6820310Z ##[endgroup]
2026-10-09T19:22:57.6833830Z [command]/opt/homebrew/bin/git sparse-checkout disable
2026-10-09T19:22:57.7116300Z [command]/opt/homebrew/bin/git config --local --unset-all extensions.worktreeConfig
2026-10-09T19:22:57.7229380Z ##[group]Checking out the ref
2026-10-09T19:22:57.7231120Z [command]/opt/homebrew/bin/git checkout --progress --force refs/remotes/pull/1/merge
2026-10-09T19:22:58.0851550Z HEAD is now at 92b05f2 Merge 908323d38ba036960c41347ecbe2a5dfa8c24271 into 91e72af388d000266c9b4e7567a3e1fe4007fc33
2026-10-09T19:22:58.0865870Z ##[endgroup]
2026-10-09T19:22:58.1062510Z [command]/opt/homebrew/bin/git log -1 --format=%H
2026-10-09T19:22:58.1151630Z 92b05f2057d319cfc0ad2bad1f408e43597fca7c
2026-10-09T19:22:58.1675370Z ##[group]Run dtolnay/rust-toolchain@stable
2026-10-09T19:22:58.1675670Z with:
2026-10-09T19:22:58.1675850Z   toolchain: stable
2026-10-09T19:22:58.1676030Z env:
2026-10-09T19:22:58.1676180Z   CARGO_TERM_COLOR: always
2026-10-09T19:22:58.1676340Z   RUST_BACKTRACE: 1
2026-10-09T19:22:58.1676590Z ##[endgroup]
2026-10-09T19:22:58.1755210Z ##[start-action display=Parse toolchain version;id=__dtolnay_rust-toolchain.parse]
2026-10-09T19:22:58.1824650Z ##[group]Run if [[ -z $toolchain ]]; then
2026-10-09T19:22:58.1825000Z [36;1mif [[ -z $toolchain ]]; then[0m
2026-10-09T19:22:58.1825520Z [36;1m  # GitHub does not enforce `required: true` inputs itself. https://github.com/actions/runner/issues/1070[0m
2026-10-09T19:22:58.1825990Z [36;1m  echo "'toolchain' is a required input" >&2[0m
2026-10-09T19:22:58.1826290Z [36;1m  exit 1[0m
2026-10-09T19:22:58.1826670Z [36;1melif [[ $toolchain =~ ^stable' '[0-9]+' '(year|month|week|day)s?' 'ago$ ]]; then[0m
2026-10-09T19:22:58.1827210Z [36;1m  if [[ macOS == macOS ]]; then[0m
2026-10-09T19:22:58.1827870Z [36;1m    echo "toolchain=1.$((($(date -v-$(sed 's/stable \([0-9]*\) \(.\).*/\1\2/' <<< $toolchain) +%s)/60/60/24-16569)/7/6))" >> $GITHUB_OUTPUT[0m
2026-10-09T19:22:58.1828410Z [36;1m  else[0m
2026-10-09T19:22:58.1828880Z [36;1m    echo "toolchain=1.$((($(date --date "${toolchain#stable }" +%s)/60/60/24-16569)/7/6))" >> $GITHUB_OUTPUT[0m
2026-10-09T19:22:58.1829340Z [36;1m  fi[0m
2026-10-09T19:22:58.1829670Z [36;1melif [[ $toolchain =~ ^stable' 'minus' '[0-9]+' 'releases?$ ]]; then[0m
2026-10-09T19:22:58.1830190Z [36;1m  echo "toolchain=1.$((($(date +%s)/60/60/24-16569)/7/6-${toolchain//[^0-9]/}))" >> $GITHUB_OUTPUT[0m
2026-10-09T19:22:58.1830640Z [36;1melif [[ $toolchain =~ ^1\.[0-9]+$ ]]; then[0m
2026-10-09T19:22:58.1831210Z [36;1m  echo "toolchain=1.$((i=${toolchain#1.}, c=($(date +%s)/60/60/24-16569)/7/6, i+9*i*(10*i<=c)+90*i*(100*i<=c)))" >> $GITHUB_OUTPUT[0m
2026-10-09T19:22:58.1831700Z [36;1melse[0m
2026-10-09T19:22:58.1831880Z [36;1m  delimiter=EOF[0m
2026-10-09T19:22:58.1832140Z [36;1m  while [[ $toolchain == *$delimiter* ]]; do delimiter+=_; done[0m
2026-10-09T19:22:58.1832650Z [36;1m  printf 'toolchain<<%s\n%s\n%s\n' "$delimiter" "$toolchain" "$delimiter" >> $GITHUB_OUTPUT[0m
2026-10-09T19:22:58.1833060Z [36;1mfi[0m
2026-10-09T19:22:58.1928910Z shell: /bin/bash --noprofile --norc -e -o pipefail {0}
2026-10-09T19:22:58.1929340Z env:
2026-10-09T19:22:58.1929530Z   CARGO_TERM_COLOR: always
2026-10-09T19:22:58.1929710Z   RUST_BACKTRACE: 1
2026-10-09T19:22:58.1929860Z   toolchain: stable
2026-10-09T19:22:58.1930040Z ##[endgroup]
2026-10-09T19:22:58.2710690Z ##[end-action id=__dtolnay_rust-toolchain.parse;outcome=success;conclusion=success;duration_ms=95]
2026-10-09T19:22:58.2714320Z ##[start-action display=Set $CARGO_HOME;id=__dtolnay_rust-toolchain.__run]
2026-10-09T19:22:58.2797970Z ##[group]Run echo CARGO_HOME=${CARGO_HOME:-"$HOME/.cargo"} >> $GITHUB_ENV
2026-10-09T19:22:58.2798570Z [36;1mecho CARGO_HOME=${CARGO_HOME:-"$HOME/.cargo"} >> $GITHUB_ENV[0m
2026-10-09T19:22:58.2831430Z shell: /bin/bash --noprofile --norc -e -o pipefail {0}
2026-10-09T19:22:58.2831720Z env:
2026-10-09T19:22:58.2831880Z   CARGO_TERM_COLOR: always
2026-10-09T19:22:58.2832130Z   RUST_BACKTRACE: 1
2026-10-09T19:22:58.2832290Z ##[endgroup]
2026-10-09T19:22:58.3154760Z ##[end-action id=__dtolnay_rust-toolchain.__run;outcome=success;conclusion=success;duration_ms=43]
2026-10-09T19:22:58.3156790Z ##[start-action display=Install rustup if needed;id=__dtolnay_rust-toolchain.__run_2]
2026-10-09T19:22:58.3193850Z ##[group]Run if ! command -v rustup &>/dev/null; then
2026-10-09T19:22:58.3194130Z [36;1mif ! command -v rustup &>/dev/null; then[0m
2026-10-09T19:22:58.3194700Z [36;1m  curl --proto '=https' --tlsv1.2 --retry 10 --retry-connrefused --location --silent --show-error --fail https://sh.rustup.rs | sh -s -- --default-toolchain none -y[0m
2026-10-09T19:22:58.3195250Z [36;1m  echo "$CARGO_HOME/bin" >> $GITHUB_PATH[0m
2026-10-09T19:22:58.3195720Z [36;1mfi[0m
2026-10-09T19:22:58.3229690Z shell: /bin/bash --noprofile --norc -e -o pipefail {0}
2026-10-09T19:22:58.3230050Z env:
2026-10-09T19:22:58.3230230Z   CARGO_TERM_COLOR: always
2026-10-09T19:22:58.3230670Z   RUST_BACKTRACE: 1
2026-10-09T19:22:58.3230980Z   CARGO_HOME: /Users/runner/.cargo
2026-10-09T19:22:58.3231240Z ##[endgroup]
2026-10-09T19:22:58.3562870Z ##[end-action id=__dtolnay_rust-toolchain.__run_2;outcome=success;conclusion=success;duration_ms=40]
2026-10-09T19:22:58.3565450Z ##[start-action display=Install rustup if needed on windows;id=__dtolnay_rust-toolchain.__run_3]
2026-10-09T19:22:58.3572710Z ##[end-action id=__dtolnay_rust-toolchain.__run_3;outcome=skipped;conclusion=skipped;duration_ms=0]
2026-10-09T19:22:58.3583780Z ##[start-action display=rustup toolchain install stable;id=__dtolnay_rust-toolchain.__run_4]
2026-10-09T19:22:58.3609620Z ##[group]Run set -f  # split targets and components on commas and whitespace, without glob expansion
2026-10-09T19:22:58.3610330Z [36;1mset -f  # split targets and components on commas and whitespace, without glob expansion[0m
2026-10-09T19:22:58.3610780Z [36;1mflags=()[0m
2026-10-09T19:22:58.3611050Z [36;1mfor t in ${targets//,/ }; do flags+=(--target "$t"); done[0m
2026-10-09T19:22:58.3611480Z [36;1mfor c in ${components//,/ }; do flags+=(--component "$c"); done[0m
2026-10-09T19:22:58.3612140Z [36;1mif [[ $toolchain == nightly && -n $components ]]; then flags+=(--allow-downgrade); fi[0m
2026-10-09T19:22:58.3612560Z [36;1mlog=$(mktemp)[0m
2026-10-09T19:22:58.3612810Z [36;1mtrap 'rm -f "$log"' EXIT[0m
2026-10-09T19:22:58.3613050Z [36;1mfor attempt in 1 2 3 4 5; do[0m
2026-10-09T19:22:58.3613550Z [36;1m  if rustup toolchain install "$toolchain" "${flags[@]}" --profile minimal --no-self-update --force-non-host 2>&1 | tee "$log"; then[0m
2026-10-09T19:22:58.3614120Z [36;1m    break[0m
2026-10-09T19:22:58.3614340Z [36;1m  else[0m
2026-10-09T19:22:58.3614530Z [36;1m    status=$?[0m
2026-10-09T19:22:58.3614730Z [36;1m  fi[0m
2026-10-09T19:22:58.3615040Z [36;1m  if [[ $attempt == 5 ]] || ! grep -Fq 'checksum failed for ' "$log" \[0m
2026-10-09T19:22:58.3615870Z [36;1m      || ! grep -Fq 'this is likely due to an ongoing update of the official release server' "$log"; then[0m
2026-10-09T19:22:58.3616380Z [36;1m    exit "$status"[0m
2026-10-09T19:22:58.3616740Z [36;1m  fi[0m
2026-10-09T19:22:58.3617110Z [36;1m  echo "Retrying rustup toolchain install in 30 seconds (retry $attempt of 4)" >&2[0m
2026-10-09T19:22:58.3617520Z [36;1m  sleep 30[0m
2026-10-09T19:22:58.3617720Z [36;1mdone[0m
2026-10-09T19:22:58.3651660Z shell: /bin/bash --noprofile --norc -e -o pipefail {0}
2026-10-09T19:22:58.3652030Z env:
2026-10-09T19:22:58.3652260Z   CARGO_TERM_COLOR: always
2026-10-09T19:22:58.3652490Z   RUST_BACKTRACE: 1
2026-10-09T19:22:58.3652710Z   CARGO_HOME: /Users/runner/.cargo
2026-10-09T19:22:58.3653000Z   toolchain: stable
2026-10-09T19:22:58.3653160Z   targets: 
2026-10-09T19:22:58.3653310Z   components: 
2026-10-09T19:22:58.3653490Z   RUSTUP_PERMIT_COPY_RENAME: 1
2026-10-09T19:22:58.3653700Z ##[endgroup]
2026-10-09T19:22:58.8434070Z info: syncing channel updates for stable-aarch64-apple-darwin
2026-10-09T19:22:59.0783560Z info: latest update on 2026-10-01 for version 1.99.0 (b940084d7 2026-09-28)
2026-10-09T19:22:59.0880020Z info: removing previous version of component clippy
2026-10-09T19:22:59.0906510Z info: removing previous version of component rustfmt
2026-10-09T19:22:59.0924110Z info: removing previous version of component cargo
2026-10-09T19:22:59.0982980Z info: removing previous version of component rust-std
2026-10-09T19:22:59.1115480Z info: removing previous version of component rustc
2026-10-09T19:22:59.1222540Z info: downloading 5 components
2026-10-09T19:23:06.9264600Z 
2026-10-09T19:23:07.0121420Z   stable-aarch64-apple-darwin updated - rustc 1.99.0 (b940084d7 2026-09-28) (from rustc 1.98.1 (48a229cea 2026-09-01))
2026-10-09T19:23:07.0124020Z 
2026-10-09T19:23:07.0130860Z info: self-update is disabled for this build of rustup
2026-10-09T19:23:07.0132530Z info: any updates to rustup will need to be fetched with your system package manager
2026-10-09T19:23:07.0639190Z ##[end-action id=__dtolnay_rust-toolchain.__run_4;outcome=success;conclusion=success;duration_ms=8705]
2026-10-09T19:23:07.0658490Z ##[start-action display=rustup default stable;id=__dtolnay_rust-toolchain.__run_5]
2026-10-09T19:23:07.0748190Z ##[group]Run rustup default "$toolchain" --force-non-host
2026-10-09T19:23:07.0748750Z [36;1mrustup default "$toolchain" --force-non-host[0m
2026-10-09T19:23:07.0834290Z shell: /bin/bash --noprofile --norc -e -o pipefail {0}
2026-10-09T19:23:07.0834630Z env:
2026-10-09T19:23:07.0837190Z   CARGO_TERM_COLOR: always
2026-10-09T19:23:07.0837460Z   RUST_BACKTRACE: 1
2026-10-09T19:23:07.0837850Z   CARGO_HOME: /Users/runner/.cargo
2026-10-09T19:23:07.0838490Z   toolchain: stable
2026-10-09T19:23:07.0838680Z ##[endgroup]
2026-10-09T19:23:07.1960180Z info: using existing install for stable-aarch64-apple-darwin
2026-10-09T19:23:07.1991620Z info: default toolchain set to stable-aarch64-apple-darwin
2026-10-09T19:23:07.1991870Z 
2026-10-09T19:23:07.2199130Z   stable-aarch64-apple-darwin unchanged - rustc 1.99.0 (b940084d7 2026-09-28)
2026-10-09T19:23:07.2199830Z 
2026-10-09T19:23:07.2215170Z ##[end-action id=__dtolnay_rust-toolchain.__run_5;outcome=success;conclusion=success;duration_ms=155]
2026-10-09T19:23:07.2220190Z ##[start-action display=Create cachekey;id=__dtolnay_rust-toolchain.rustc-version]
2026-10-09T19:23:07.2242480Z ##[group]Run DATE=$(rustc +"$toolchain" --version --verbose | sed -ne 's/^commit-date: \(20[0-9][0-9]\)-\([01][0-9]\)-\([0-3][0-9]\)$/\1\2\3/p')
2026-10-09T19:23:07.2243250Z [36;1mDATE=$(rustc +"$toolchain" --version --verbose | sed -ne 's/^commit-date: \(20[0-9][0-9]\)-\([01][0-9]\)-\([0-3][0-9]\)$/\1\2\3/p')[0m
2026-10-09T19:23:07.2243930Z [36;1mHASH=$(rustc +"$toolchain" --version --verbose | sed -ne 's/^commit-hash: //p')[0m
2026-10-09T19:23:07.2244420Z [36;1mecho "cachekey=$(echo $DATE$HASH | head -c12)" >> $GITHUB_OUTPUT[0m
2026-10-09T19:23:07.2273850Z shell: /bin/bash --noprofile --norc -e -o pipefail {0}
2026-10-09T19:23:07.2274160Z env:
2026-10-09T19:23:07.2274350Z   CARGO_TERM_COLOR: always
2026-10-09T19:23:07.2274600Z   RUST_BACKTRACE: 1
2026-10-09T19:23:07.2274810Z   CARGO_HOME: /Users/runner/.cargo
2026-10-09T19:23:07.2275090Z   toolchain: stable
2026-10-09T19:23:07.2275400Z ##[endgroup]
2026-10-09T19:23:07.3895890Z ##[end-action id=__dtolnay_rust-toolchain.rustc-version;outcome=success;conclusion=success;duration_ms=167]
2026-10-09T19:23:07.3898680Z ##[start-action display=Disable incremental compilation;id=__dtolnay_rust-toolchain.__run_6]
2026-10-09T19:23:07.3929480Z ##[group]Run if [ -z "${CARGO_INCREMENTAL+set}" ]; then
2026-10-09T19:23:07.3929930Z [36;1mif [ -z "${CARGO_INCREMENTAL+set}" ]; then[0m
2026-10-09T19:23:07.3930330Z [36;1m  echo CARGO_INCREMENTAL=0 >> $GITHUB_ENV[0m
2026-10-09T19:23:07.3930660Z [36;1mfi[0m
2026-10-09T19:23:07.3967050Z shell: /bin/bash --noprofile --norc -e -o pipefail {0}
2026-10-09T19:23:07.3967400Z env:
2026-10-09T19:23:07.3967600Z   CARGO_TERM_COLOR: always
2026-10-09T19:23:07.3967800Z   RUST_BACKTRACE: 1
2026-10-09T19:23:07.3968000Z   CARGO_HOME: /Users/runner/.cargo
2026-10-09T19:23:07.3968250Z ##[endgroup]
2026-10-09T19:23:07.4576810Z ##[end-action id=__dtolnay_rust-toolchain.__run_6;outcome=success;conclusion=success;duration_ms=67]
2026-10-09T19:23:07.4579660Z ##[start-action display=Enable colors in Cargo output;id=__dtolnay_rust-toolchain.__run_7]
2026-10-09T19:23:07.4619930Z ##[group]Run if [ -z "${CARGO_TERM_COLOR+set}" ]; then
2026-10-09T19:23:07.4620330Z [36;1mif [ -z "${CARGO_TERM_COLOR+set}" ]; then[0m
2026-10-09T19:23:07.4620640Z [36;1m  echo CARGO_TERM_COLOR=always >> $GITHUB_ENV[0m
2026-10-09T19:23:07.4620930Z [36;1mfi[0m
2026-10-09T19:23:07.4659060Z shell: /bin/bash --noprofile --norc -e -o pipefail {0}
2026-10-09T19:23:07.4662620Z env:
2026-10-09T19:23:07.4662910Z   CARGO_TERM_COLOR: always
2026-10-09T19:23:07.4663680Z   RUST_BACKTRACE: 1
2026-10-09T19:23:07.4663880Z   CARGO_HOME: /Users/runner/.cargo
2026-10-09T19:23:07.4664120Z   CARGO_INCREMENTAL: 0
2026-10-09T19:23:07.4664330Z ##[endgroup]
2026-10-09T19:23:07.5377580Z ##[end-action id=__dtolnay_rust-toolchain.__run_7;outcome=success;conclusion=success;duration_ms=79]
2026-10-09T19:23:07.5381280Z ##[start-action display=Enable Cargo sparse registry;id=__dtolnay_rust-toolchain.__run_8]
2026-10-09T19:23:07.5406670Z ##[group]Run # implemented in 1.66, stabilized in 1.68, made default in 1.70
2026-10-09T19:23:07.5407910Z [36;1m# implemented in 1.66, stabilized in 1.68, made default in 1.70[0m
2026-10-09T19:23:07.5409480Z [36;1mif [ -z "${CARGO_REGISTRIES_CRATES_IO_PROTOCOL+set}" -o -f "/Users/runner/work/_temp"/.implicit_cargo_registries_crates_io_protocol ]; then[0m
2026-10-09T19:23:07.5411250Z [36;1m  if rustc +"$toolchain" --version --verbose | grep -q '^release: 1\.6[89]\.'; then[0m
2026-10-09T19:23:07.5412660Z [36;1m    touch "/Users/runner/work/_temp"/.implicit_cargo_registries_crates_io_protocol || true[0m
2026-10-09T19:23:07.5413910Z [36;1m    echo CARGO_REGISTRIES_CRATES_IO_PROTOCOL=sparse >> $GITHUB_ENV[0m
2026-10-09T19:23:07.5415070Z [36;1m  elif rustc +"$toolchain" --version --verbose | grep -q '^release: 1\.6[67]\.'; then[0m
2026-10-09T19:23:07.5416380Z [36;1m    touch "/Users/runner/work/_temp"/.implicit_cargo_registries_crates_io_protocol || true[0m
2026-10-09T19:23:07.5417690Z [36;1m    echo CARGO_REGISTRIES_CRATES_IO_PROTOCOL=git >> $GITHUB_ENV[0m
2026-10-09T19:23:07.5418460Z [36;1m  fi[0m
2026-10-09T19:23:07.5419270Z [36;1mfi[0m
2026-10-09T19:23:07.5453350Z shell: /bin/bash --noprofile --norc -e -o pipefail {0}
2026-10-09T19:23:07.5453620Z env:
2026-10-09T19:23:07.5453800Z   CARGO_TERM_COLOR: always
2026-10-09T19:23:07.5453990Z   RUST_BACKTRACE: 1
2026-10-09T19:23:07.5454180Z   CARGO_HOME: /Users/runner/.cargo
2026-10-09T19:23:07.5454380Z   CARGO_INCREMENTAL: 0
2026-10-09T19:23:07.5454580Z   toolchain: stable
2026-10-09T19:23:07.5454750Z ##[endgroup]
2026-10-09T19:23:07.7041140Z ##[end-action id=__dtolnay_rust-toolchain.__run_8;outcome=success;conclusion=success;duration_ms=165]
2026-10-09T19:23:07.7049400Z ##[start-action display=Work around spurious network errors in curl 8.0;id=__dtolnay_rust-toolchain.__run_9]
2026-10-09T19:23:07.7101160Z ##[group]Run # https://rust-lang.zulipchat.com/#narrow/stream/246057-t-cargo/topic/timeout.20investigation
2026-10-09T19:23:07.7102040Z [36;1m# https://rust-lang.zulipchat.com/#narrow/stream/246057-t-cargo/topic/timeout.20investigation[0m
2026-10-09T19:23:07.7102690Z [36;1mif rustc +"$toolchain" --version --verbose | grep -q '^release: 1\.7[01]\.'; then[0m
2026-10-09T19:23:07.7103200Z [36;1m  echo CARGO_HTTP_MULTIPLEXING=false >> $GITHUB_ENV[0m
2026-10-09T19:23:07.7103510Z [36;1mfi[0m
2026-10-09T19:23:07.7142080Z shell: /bin/bash --noprofile --norc -e -o pipefail {0}
2026-10-09T19:23:07.7142350Z env:
2026-10-09T19:23:07.7142510Z   CARGO_TERM_COLOR: always
2026-10-09T19:23:07.7142690Z   RUST_BACKTRACE: 1
2026-10-09T19:23:07.7142890Z   CARGO_HOME: /Users/runner/.cargo
2026-10-09T19:23:07.7143120Z   CARGO_INCREMENTAL: 0
2026-10-09T19:23:07.7143330Z   toolchain: stable
2026-10-09T19:23:07.7143530Z ##[endgroup]
2026-10-09T19:23:07.8898750Z ##[end-action id=__dtolnay_rust-toolchain.__run_9;outcome=success;conclusion=success;duration_ms=184]
2026-10-09T19:23:07.8905340Z ##[start-action display=rustc +stable --version --verbose;id=__dtolnay_rust-toolchain.__run_10]
2026-10-09T19:23:07.8980100Z ##[group]Run rustc +"$toolchain" --version --verbose
2026-10-09T19:23:07.8981230Z [36;1mrustc +"$toolchain" --version --verbose[0m
2026-10-09T19:23:07.9052480Z shell: /bin/bash --noprofile --norc -e -o pipefail {0}
2026-10-09T19:23:07.9052790Z env:
2026-10-09T19:23:07.9053000Z   CARGO_TERM_COLOR: always
2026-10-09T19:23:07.9053200Z   RUST_BACKTRACE: 1
2026-10-09T19:23:07.9053380Z   CARGO_HOME: /Users/runner/.cargo
2026-10-09T19:23:07.9053600Z   CARGO_INCREMENTAL: 0
2026-10-09T19:23:07.9053770Z   toolchain: stable
2026-10-09T19:23:07.9054440Z ##[endgroup]
2026-10-09T19:23:08.0244530Z rustc 1.99.0 (b940084d7 2026-09-28)
2026-10-09T19:23:08.0245320Z binary: rustc
2026-10-09T19:23:08.0245910Z commit-hash: b940084d7eb6a299eb4bfeb8e34901bc051e7ac4
2026-10-09T19:23:08.0246680Z commit-date: 2026-09-28
2026-10-09T19:23:08.0247190Z host: aarch64-apple-darwin
2026-10-09T19:23:08.0247850Z release: 1.99.0
2026-10-09T19:23:08.0248350Z LLVM version: 23.1.1
2026-10-09T19:23:08.0271030Z ##[end-action id=__dtolnay_rust-toolchain.__run_10;outcome=success;conclusion=success;duration_ms=136]
2026-10-09T19:23:08.0554320Z ##[group]Run Swatinem/rust-cache@v2
2026-10-09T19:23:08.0555680Z with:
2026-10-09T19:23:08.0555930Z   prefix-key: v0-rust
2026-10-09T19:23:08.0556150Z   add-job-id-key: true
2026-10-09T19:23:08.0556390Z   add-rust-environment-hash-key: true
2026-10-09T19:23:08.0556690Z   cache-targets: true
2026-10-09T19:23:08.0556890Z   cache-all-crates: false
2026-10-09T19:23:08.0557180Z   cache-workspace-crates: false
2026-10-09T19:23:08.0557400Z   save-if: true
2026-10-09T19:23:08.0557620Z   cache-provider: github
2026-10-09T19:23:08.0557810Z   cache-bin: true
2026-10-09T19:23:08.0557980Z   lookup-only: false
2026-10-09T19:23:08.0558150Z   cmd-format: {0}
2026-10-09T19:23:08.0558350Z env:
2026-10-09T19:23:08.0558540Z   CARGO_TERM_COLOR: always
2026-10-09T19:23:08.0558950Z   RUST_BACKTRACE: 1
2026-10-09T19:23:08.0559180Z   CARGO_HOME: /Users/runner/.cargo
2026-10-09T19:23:08.0559370Z   CARGO_INCREMENTAL: 0
2026-10-09T19:23:08.0559560Z ##[endgroup]
2026-10-09T19:23:08.8892470Z ##[group]Cache Configuration
2026-10-09T19:23:08.8893080Z Cache Provider:
2026-10-09T19:23:08.8893280Z     github
2026-10-09T19:23:08.8893440Z Workspaces:
2026-10-09T19:23:08.8893610Z     /Users/runner/work/rustwright/rustwright
2026-10-09T19:23:08.8893860Z Cache Paths:
2026-10-09T19:23:08.8894020Z     /Users/runner/.cargo/bin
2026-10-09T19:23:08.8894230Z     /Users/runner/.cargo/.crates.toml
2026-10-09T19:23:08.8894450Z     /Users/runner/.cargo/.crates2.json
2026-10-09T19:23:08.8894690Z     /Users/runner/.cargo/registry
2026-10-09T19:23:08.8904500Z     /Users/runner/.cargo/git
2026-10-09T19:23:08.8904790Z     /Users/runner/work/rustwright/rustwright/target
2026-10-09T19:23:08.8905080Z Restore Key:
2026-10-09T19:23:08.8905320Z     v0-rust-browser-compat-Darwin-arm64-22602039
2026-10-09T19:23:08.8905650Z Cache Key:
2026-10-09T19:23:08.8905920Z     v0-rust-browser-compat-Darwin-arm64-22602039-5e13362d
2026-10-09T19:23:08.8906240Z .. Prefix:
2026-10-09T19:23:08.8906450Z   - v0-rust-browser-compat-Darwin-arm64
2026-10-09T19:23:08.8906730Z .. Environment considered:
2026-10-09T19:23:08.8906950Z   - Rust Versions:
2026-10-09T19:23:08.8907300Z     - 1.99.0 aarch64-apple-darwin b940084d7eb6a299eb4bfeb8e34901bc051e7ac4
2026-10-09T19:23:08.8907690Z   - CARGO_HOME
2026-10-09T19:23:08.8907880Z   - CARGO_INCREMENTAL
2026-10-09T19:23:08.8908070Z   - CARGO_TERM_COLOR
2026-10-09T19:23:08.8908310Z   - RUST_BACKTRACE
2026-10-09T19:23:08.8908520Z .. Lockfiles considered:
2026-10-09T19:23:08.8908790Z   - /Users/runner/work/rustwright/rustwright/Cargo.lock
2026-10-09T19:23:08.8909240Z   - /Users/runner/work/rustwright/rustwright/crates/rustwright-bidi/Cargo.toml
2026-10-09T19:23:08.8909810Z   - /Users/runner/work/rustwright/rustwright/crates/rustwright-browser/Cargo.toml
2026-10-09T19:23:08.8910370Z   - /Users/runner/work/rustwright/rustwright/crates/rustwright-cdp/Cargo.toml
2026-10-09T19:23:08.8911370Z   - /Users/runner/work/rustwright/rustwright/crates/rustwright-common/Cargo.toml
2026-10-09T19:23:08.8911810Z   - /Users/runner/work/rustwright/rustwright/crates/rustwright-core/Cargo.toml
2026-10-09T19:23:08.8912250Z   - /Users/runner/work/rustwright/rustwright/crates/rustwright-test-macros/Cargo.toml
2026-10-09T19:23:08.8912710Z   - /Users/runner/work/rustwright/rustwright/crates/rustwright-test/Cargo.toml
2026-10-09T19:23:08.8913210Z   - /Users/runner/work/rustwright/rustwright/crates/rustwright/Cargo.toml
2026-10-09T19:23:08.8913800Z   - /Users/runner/work/rustwright/rustwright/docs/ci/results/firefox-network-idle/local/release/consumer/.cargo/config.toml
2026-10-09T19:23:08.8914860Z   - /Users/runner/work/rustwright/rustwright/docs/ci/results/remote-20261009/followup-local/consumer/.cargo/config.toml
2026-10-09T19:23:08.8915700Z   - /Users/runner/work/rustwright/rustwright/docs/ci/results/required-browser/release/consumer/.cargo/config.toml
2026-10-09T19:23:08.8916390Z   - /Users/runner/work/rustwright/rustwright/docs/release/results/local-package/consumer/.cargo/config.toml
2026-10-09T19:23:08.8917480Z   - /Users/runner/work/rustwright/rustwright/examples/Cargo.toml
2026-10-09T19:23:08.8917930Z   - /Users/runner/work/rustwright/rustwright/tests/Cargo.toml
2026-10-09T19:23:08.8918560Z ##[endgroup]
2026-10-09T19:23:08.8918650Z 
2026-10-09T19:23:08.8918710Z ... Restoring cache ...
2026-10-09T19:23:09.1249850Z Cache hit for restore-key: v0-rust-browser-compat-Darwin-arm64-22602039-260f3700
2026-10-09T19:23:10.3172660Z Received 33554432 of 56830306 (59.0%), 31.9 MBs/sec
2026-10-09T19:23:10.5224410Z Received 56830306 of 56830306 (100.0%), 44.8 MBs/sec
2026-10-09T19:23:10.5327130Z Cache Size: ~54 MB (56830306 B)
2026-10-09T19:23:10.5538140Z [command]/opt/homebrew/bin/gtar -xf /Users/runner/work/_temp/7b787d87-ee19-4ae4-805c-84ea9dc20e7a/cache.tzst -P -C /Users/runner/work/rustwright/rustwright --delay-directory-restore --use-compress-program unzstd
2026-10-09T19:23:11.3349090Z Cache restored successfully
2026-10-09T19:23:11.3356350Z Restored from cache key "v0-rust-browser-compat-Darwin-arm64-22602039-260f3700" full match: false.
2026-10-09T19:23:11.3570600Z ##[group]Run actions/setup-python@v6
2026-10-09T19:23:11.3570930Z with:
2026-10-09T19:23:11.3571150Z   python-version: 3.11
2026-10-09T19:23:11.3571370Z   check-latest: false
2026-10-09T19:23:11.3574220Z   token: ***
2026-10-09T19:23:11.3574470Z   update-environment: true
2026-10-09T19:23:11.3574740Z   allow-prereleases: false
2026-10-09T19:23:11.3574970Z   freethreaded: false
2026-10-09T19:23:11.3575180Z env:
2026-10-09T19:23:11.3575330Z   CARGO_TERM_COLOR: always
2026-10-09T19:23:11.3575510Z   RUST_BACKTRACE: 1
2026-10-09T19:23:11.3575700Z   CARGO_HOME: /Users/runner/.cargo
2026-10-09T19:23:11.3576700Z   CARGO_INCREMENTAL: 0
2026-10-09T19:23:11.3577440Z   CACHE_ON_FAILURE: false
2026-10-09T19:23:11.3577660Z ##[endgroup]
2026-10-09T19:23:11.6057210Z ##[group]Installed versions
2026-10-09T19:23:11.6184430Z Successfully set up CPython (3.11.9)
2026-10-09T19:23:11.6185970Z ##[endgroup]
2026-10-09T19:23:11.6333310Z ##[group]Run browser-actions/setup-chrome@v2
2026-10-09T19:23:11.6333590Z with:
2026-10-09T19:23:11.6333760Z   chrome-version: stable
2026-10-09T19:23:11.6333950Z   install-dependencies: true
2026-10-09T19:23:11.6334170Z   install-chromedriver: false
2026-10-09T19:23:11.6335030Z   no-sudo: false
2026-10-09T19:23:11.6335800Z env:
2026-10-09T19:23:11.6336020Z   CARGO_TERM_COLOR: always
2026-10-09T19:23:11.6336240Z   RUST_BACKTRACE: 1
2026-10-09T19:23:11.6336430Z   CARGO_HOME: /Users/runner/.cargo
2026-10-09T19:23:11.6336650Z   CARGO_INCREMENTAL: 0
2026-10-09T19:23:11.6336830Z   CACHE_ON_FAILURE: false
2026-10-09T19:23:11.6337110Z   pythonLocation: /Users/runner/hostedtoolcache/Python/3.11.9/arm64
2026-10-09T19:23:11.6338310Z   PKG_CONFIG_PATH: /Users/runner/hostedtoolcache/Python/3.11.9/arm64/lib/pkgconfig
2026-10-09T19:23:11.6339460Z   Python_ROOT_DIR: /Users/runner/hostedtoolcache/Python/3.11.9/arm64
2026-10-09T19:23:11.6341650Z   Python2_ROOT_DIR: /Users/runner/hostedtoolcache/Python/3.11.9/arm64
2026-10-09T19:23:11.6342660Z   Python3_ROOT_DIR: /Users/runner/hostedtoolcache/Python/3.11.9/arm64
2026-10-09T19:23:11.6343410Z ##[endgroup]
2026-10-09T19:23:11.7757050Z Installing dependencies
2026-10-09T19:23:11.7883550Z ##[warning]install-dependencies is only supported on Linux, but current platform is darwin
2026-10-09T19:23:11.7896230Z Setup chrome stable
2026-10-09T19:23:11.7897330Z Attempting to download chrome stable...
2026-10-09T19:23:11.8693920Z Acquiring chrome stable from https://storage.googleapis.com/chrome-for-testing-public/155.0.8059.39/mac-arm64/chrome-mac-arm64.zip
2026-10-09T19:23:13.3905600Z Installing chrome...
2026-10-09T19:23:13.4072440Z [command]/usr/bin/unzip -o -q /Users/runner/work/_temp/d01d7264-5f85-4b0f-ac10-e0e0c4c58f31
2026-10-09T19:23:24.4781300Z Successfully Installed chrome to /Users/runner/hostedtoolcache/setup-chrome/chrome/stable/arm64
2026-10-09T19:23:24.4788860Z [command]/Users/runner/hostedtoolcache/setup-chrome/chrome/stable/arm64/Contents/MacOS/Google Chrome for Testing --version
2026-10-09T19:23:25.0587420Z Google Chrome for Testing 155.0.8059.39 
2026-10-09T19:23:25.0643010Z Successfully setup chrome 155.0.8059.39
2026-10-09T19:23:25.0965120Z ##[group]Run browser-actions/setup-firefox@v1
2026-10-09T19:23:25.0965540Z with:
2026-10-09T19:23:25.0965970Z   firefox-version: 157.0.1
2026-10-09T19:23:25.0966370Z env:
2026-10-09T19:23:25.0966630Z   CARGO_TERM_COLOR: always
2026-10-09T19:23:25.0966890Z   RUST_BACKTRACE: 1
2026-10-09T19:23:25.0967230Z   CARGO_HOME: /Users/runner/.cargo
2026-10-09T19:23:25.0967630Z   CARGO_INCREMENTAL: 0
2026-10-09T19:23:25.0967970Z   CACHE_ON_FAILURE: false
2026-10-09T19:23:25.0968380Z   pythonLocation: /Users/runner/hostedtoolcache/Python/3.11.9/arm64
2026-10-09T19:23:25.0968990Z   PKG_CONFIG_PATH: /Users/runner/hostedtoolcache/Python/3.11.9/arm64/lib/pkgconfig
2026-10-09T19:23:25.0969460Z   Python_ROOT_DIR: /Users/runner/hostedtoolcache/Python/3.11.9/arm64
2026-10-09T19:23:25.0970040Z   Python2_ROOT_DIR: /Users/runner/hostedtoolcache/Python/3.11.9/arm64
2026-10-09T19:23:25.0970570Z   Python3_ROOT_DIR: /Users/runner/hostedtoolcache/Python/3.11.9/arm64
2026-10-09T19:23:25.0970910Z ##[endgroup]
2026-10-09T19:23:25.4098890Z Setup firefox 157.0.1 (en-US)
2026-10-09T19:23:25.4126520Z Attempting to download firefox 157.0.1...
2026-10-09T19:23:25.4126930Z This is the version number:157
2026-10-09T19:23:25.4127550Z Acquiring 157.0.1 from https://ftp.mozilla.org/pub/firefox/releases/157.0.1/mac/en-US/Firefox%20157.0.1.dmg
2026-10-09T19:23:26.6076080Z Extracting Firefox...
2026-10-09T19:23:26.6157170Z [command]/usr/bin/hdiutil attach -quiet -noautofsck -noautoopen -mountpoint /Volumes/4aaaf9e0-ccd3-4c24-a716-473e2f8f1b11 /Users/runner/work/_temp/4aaaf9e0-ccd3-4c24-a716-473e2f8f1b11
2026-10-09T19:23:36.3251450Z Successfully extracted firefox 157.0.1 to /Volumes/4aaaf9e0-ccd3-4c24-a716-473e2f8f1b11/Firefox.app
2026-10-09T19:23:36.3388920Z Adding to the cache ...
2026-10-09T19:23:45.1138580Z Successfully cached firefox 157.0.1 to /Users/runner/hostedtoolcache/firefox/157.0.1/arm64
2026-10-09T19:23:45.1142880Z [command]/Users/runner/hostedtoolcache/firefox/157.0.1/arm64/Contents/MacOS/firefox --version
2026-10-09T19:23:46.3411500Z Mozilla Firefox 157.0.1
2026-10-09T19:23:46.3426270Z Successfully setup firefox version 157.0.1
2026-10-09T19:23:46.3634770Z ##[group]Run python - <<'PY'
2026-10-09T19:23:46.3635160Z [36;1mpython - <<'PY'[0m
2026-10-09T19:23:46.3635530Z [36;1mimport hashlib, json, os, pathlib, plistlib, re, subprocess, tempfile[0m
2026-10-09T19:23:46.3636100Z [36;1mversion = os.environ['CHROME_VERSION'][0m
2026-10-09T19:23:46.3636560Z [36;1mif not re.fullmatch(r'\d+\.\d+\.\d+\.\d+', version):[0m
2026-10-09T19:23:46.3637090Z [36;1m    raise ValueError(f'Expected the exact installed Chrome version: {version!r}')[0m
2026-10-09T19:23:46.3637780Z [36;1mplatform = {'ARM64': 'mac-arm64', 'X64': 'mac-x64'}[os.environ['RUNNER_ARCH']][0m
2026-10-09T19:23:46.3639520Z [36;1mwork = pathlib.Path(tempfile.mkdtemp(prefix='rustwright-chrome-', dir=os.environ['RUNNER_TEMP']))[0m
2026-10-09T19:23:46.3640060Z [36;1marchive = work / 'chrome.zip'[0m
2026-10-09T19:23:46.3640780Z [36;1murl = f'https://storage.googleapis.com/chrome-for-testing-public/{version}/{platform}/chrome-{platform}.zip'[0m
2026-10-09T19:23:46.3641890Z [36;1msubprocess.run(['curl', '--fail', '--location', '--silent', '--show-error', '--max-time', '120', '--output', str(archive), url], check=True)[0m
2026-10-09T19:23:46.3642710Z [36;1m# Re-extract the same engine with its original .app and relative links.[0m
2026-10-09T19:23:46.3643300Z [36;1m# Copying only .app contents into a toolcache breaks sandbox identity.[0m
2026-10-09T19:23:46.3643930Z [36;1msubprocess.run(['ditto', '-x', '-k', str(archive), str(work)], check=True)[0m
2026-10-09T19:23:46.3644540Z [36;1mbundle = work / f'chrome-{platform}' / 'Google Chrome for Testing.app'[0m
2026-10-09T19:23:46.3645370Z [36;1mexecutable = bundle / 'Contents/MacOS/Google Chrome for Testing'[0m
2026-10-09T19:23:46.3645850Z [36;1mif not executable.is_file():[0m
2026-10-09T19:23:46.3646140Z [36;1m    raise FileNotFoundError(executable)[0m
2026-10-09T19:23:46.3646840Z [36;1msignature = subprocess.run(['codesign', '--verify', '--deep', '--strict', str(bundle)], capture_output=True, text=True)[0m
2026-10-09T19:23:46.3647560Z [36;1mwith (bundle / 'Contents/Info.plist').open('rb') as stream:[0m
2026-10-09T19:23:46.3647980Z [36;1m    identifier = plistlib.load(stream)['CFBundleIdentifier'][0m
2026-10-09T19:23:46.3648480Z [36;1mwith archive.open('rb') as stream:[0m
2026-10-09T19:23:46.3649050Z [36;1m    digest = hashlib.file_digest(stream, 'sha256').hexdigest()[0m
2026-10-09T19:23:46.3649690Z [36;1mlinks = {str(p.relative_to(bundle)): os.readlink(p) for p in bundle.glob('Contents/Frameworks/*.framework/Versions/Current') if p.is_symlink()}[0m
2026-10-09T19:23:46.3651120Z [36;1mrecord = {'version': version, 'url': url, 'archive_sha256': digest, 'bundle_identifier': identifier, 'framework_links': links, 'executable': str(executable), 'signature_verification': {'exit_code': signature.returncode, 'stdout': signature.stdout, 'stderr': signature.stderr}}[0m
2026-10-09T19:23:46.3652350Z [36;1moutput = pathlib.Path('target/ci/chrome-macos-setup.json')[0m
2026-10-09T19:23:46.3652860Z [36;1moutput.parent.mkdir(parents=True, exist_ok=True)[0m
2026-10-09T19:23:46.3653410Z [36;1moutput.write_text(json.dumps(record, indent=2) + '\n', encoding='utf-8')[0m
2026-10-09T19:23:46.3653930Z [36;1mprint(json.dumps(record, indent=2))[0m
2026-10-09T19:23:46.3654410Z [36;1msubprocess.run([str(executable), '--version'], check=True)[0m
2026-10-09T19:23:46.3655020Z [36;1mwith open(os.environ['GITHUB_OUTPUT'], 'a', encoding='utf-8') as stream:[0m
2026-10-09T19:23:46.3655700Z [36;1m    stream.write(f'chrome-path={executable}\n')[0m
2026-10-09T19:23:46.3656040Z [36;1mPY[0m
2026-10-09T19:23:46.3882590Z shell: /bin/bash --noprofile --norc -e -o pipefail {0}
2026-10-09T19:23:46.3883030Z env:
2026-10-09T19:23:46.3883350Z   CARGO_TERM_COLOR: always
2026-10-09T19:23:46.3883620Z   RUST_BACKTRACE: 1
2026-10-09T19:23:46.3883970Z   CARGO_HOME: /Users/runner/.cargo
2026-10-09T19:23:46.3884220Z   CARGO_INCREMENTAL: 0
2026-10-09T19:23:46.3884530Z   CACHE_ON_FAILURE: false
2026-10-09T19:23:46.3885220Z   pythonLocation: /Users/runner/hostedtoolcache/Python/3.11.9/arm64
2026-10-09T19:23:46.3885690Z   PKG_CONFIG_PATH: /Users/runner/hostedtoolcache/Python/3.11.9/arm64/lib/pkgconfig
2026-10-09T19:23:46.3886210Z   Python_ROOT_DIR: /Users/runner/hostedtoolcache/Python/3.11.9/arm64
2026-10-09T19:23:46.3886680Z   Python2_ROOT_DIR: /Users/runner/hostedtoolcache/Python/3.11.9/arm64
2026-10-09T19:23:46.3887090Z   Python3_ROOT_DIR: /Users/runner/hostedtoolcache/Python/3.11.9/arm64
2026-10-09T19:23:46.3887470Z   CHROME_VERSION: 155.0.8059.39
2026-10-09T19:23:46.3887680Z ##[endgroup]
2026-10-09T19:23:51.0481910Z Google Chrome for Testing 155.0.8059.39 
2026-10-09T19:23:51.0496150Z {
2026-10-09T19:23:51.0496560Z   "version": "155.0.8059.39",
2026-10-09T19:23:51.0497300Z   "url": "https://storage.googleapis.com/chrome-for-testing-public/155.0.8059.39/mac-arm64/chrome-mac-arm64.zip",
2026-10-09T19:23:51.0498040Z   "archive_sha256": "529a71bd61aaa2ef266a4d4bd300ae9572ba6a3468a8d55c3023ffeffb5b6b4e",
2026-10-09T19:23:51.0498620Z   "bundle_identifier": "com.google.chrome.for.testing",
2026-10-09T19:23:51.0498970Z   "framework_links": {
2026-10-09T19:23:51.0499470Z     "Contents/Frameworks/Google Chrome for Testing Framework.framework/Versions/Current": "155.0.8059.39"
2026-10-09T19:23:51.0500000Z   },
2026-10-09T19:23:51.0500550Z   "executable": "/Users/runner/work/_temp/rustwright-chrome-6m9vqn1y/chrome-mac-arm64/Google Chrome for Testing.app/Contents/MacOS/Google Chrome for Testing",
2026-10-09T19:23:51.0501250Z   "signature_verification": {
2026-10-09T19:23:51.0501610Z     "exit_code": 1,
2026-10-09T19:23:51.0501880Z     "stdout": "",
2026-10-09T19:23:51.0502680Z     "stderr": "/Users/runner/work/_temp/rustwright-chrome-6m9vqn1y/chrome-mac-arm64/Google Chrome for Testing.app: code has no resources but signature indicates they must be present\n"
2026-10-09T19:23:51.0503440Z   }
2026-10-09T19:23:51.0503690Z }
2026-10-09T19:23:51.0637860Z ##[group]Run echo "Chrome: $CHROME_VERSION"
2026-10-09T19:23:51.0638210Z [36;1mecho "Chrome: $CHROME_VERSION"[0m
2026-10-09T19:23:51.0638440Z [36;1mecho "Firefox: $FIREFOX_VERSION"[0m
2026-10-09T19:23:51.0670460Z shell: /bin/bash --noprofile --norc -e -o pipefail {0}
2026-10-09T19:23:51.0670720Z env:
2026-10-09T19:23:51.0670870Z   CARGO_TERM_COLOR: always
2026-10-09T19:23:51.0671050Z   RUST_BACKTRACE: 1
2026-10-09T19:23:51.0671220Z   CARGO_HOME: /Users/runner/.cargo
2026-10-09T19:23:51.0671420Z   CARGO_INCREMENTAL: 0
2026-10-09T19:23:51.0671590Z   CACHE_ON_FAILURE: false
2026-10-09T19:23:51.0671880Z   pythonLocation: /Users/runner/hostedtoolcache/Python/3.11.9/arm64
2026-10-09T19:23:51.0672300Z   PKG_CONFIG_PATH: /Users/runner/hostedtoolcache/Python/3.11.9/arm64/lib/pkgconfig
2026-10-09T19:23:51.0672750Z   Python_ROOT_DIR: /Users/runner/hostedtoolcache/Python/3.11.9/arm64
2026-10-09T19:23:51.0673120Z   Python2_ROOT_DIR: /Users/runner/hostedtoolcache/Python/3.11.9/arm64
2026-10-09T19:23:51.0673530Z   Python3_ROOT_DIR: /Users/runner/hostedtoolcache/Python/3.11.9/arm64
2026-10-09T19:23:51.0673840Z   CHROME_VERSION: 155.0.8059.39
2026-10-09T19:23:51.0674040Z   FIREFOX_VERSION: 157.0.1
2026-10-09T19:23:51.0674220Z ##[endgroup]
2026-10-09T19:23:51.1093380Z Chrome: 155.0.8059.39
2026-10-09T19:23:51.1093770Z Firefox: 157.0.1
2026-10-09T19:23:51.1300400Z ##[group]Run python scripts/ci/browser_checks.py --suite portable
2026-10-09T19:23:51.1300860Z [36;1mpython scripts/ci/browser_checks.py --suite portable[0m
2026-10-09T19:23:51.1342380Z shell: /bin/bash -e {0}
2026-10-09T19:23:51.1342590Z env:
2026-10-09T19:23:51.1342790Z   CARGO_TERM_COLOR: always
2026-10-09T19:23:51.1342980Z   RUST_BACKTRACE: 1
2026-10-09T19:23:51.1343180Z   CARGO_HOME: /Users/runner/.cargo
2026-10-09T19:23:51.1343450Z   CARGO_INCREMENTAL: 0
2026-10-09T19:23:51.1343630Z   CACHE_ON_FAILURE: false
2026-10-09T19:23:51.1343920Z   pythonLocation: /Users/runner/hostedtoolcache/Python/3.11.9/arm64
2026-10-09T19:23:51.1344380Z   PKG_CONFIG_PATH: /Users/runner/hostedtoolcache/Python/3.11.9/arm64/lib/pkgconfig
2026-10-09T19:23:51.1344820Z   Python_ROOT_DIR: /Users/runner/hostedtoolcache/Python/3.11.9/arm64
2026-10-09T19:23:51.1345230Z   Python2_ROOT_DIR: /Users/runner/hostedtoolcache/Python/3.11.9/arm64
2026-10-09T19:23:51.1345680Z   Python3_ROOT_DIR: /Users/runner/hostedtoolcache/Python/3.11.9/arm64
2026-10-09T19:23:51.1346350Z   RUSTWRIGHT_CHROME: /Users/runner/work/_temp/rustwright-chrome-6m9vqn1y/chrome-mac-arm64/Google Chrome for Testing.app/Contents/MacOS/Google Chrome for Testing
2026-10-09T19:23:51.1347120Z   RUSTWRIGHT_FIREFOX: /Users/runner/hostedtoolcache/firefox/157.0.1/arm64/Contents/MacOS/firefox
2026-10-09T19:23:51.1347510Z ##[endgroup]
2026-10-09T19:23:51.3708810Z Running http_compat; log: /Users/runner/work/rustwright/rustwright/target/ci/portable/http_compat.log
2026-10-09T19:25:09.9376970Z Running http_actionability; log: /Users/runner/work/rustwright/rustwright/target/ci/portable/http_actionability.log
2026-10-09T19:25:47.7657900Z Running http_clipped_control; log: /Users/runner/work/rustwright/rustwright/target/ci/portable/http_clipped_control.log
2026-10-09T19:26:30.8863130Z Running http_bidi_navigation; log: /Users/runner/work/rustwright/rustwright/target/ci/portable/http_bidi_navigation.log
2026-10-09T19:26:59.1400360Z Running http_network_idle_parity; log: /Users/runner/work/rustwright/rustwright/target/ci/portable/http_network_idle_parity.log
2026-10-09T19:29:03.6087180Z Native HTTP portable: 79 passed, no skips
2026-10-09T19:29:03.6488060Z ##[group]Run actions/upload-artifact@v4
2026-10-09T19:29:03.6488350Z with:
2026-10-09T19:29:03.6488620Z   name: native-http-macos-latest
2026-10-09T19:29:03.6488860Z   path: target/ci/
2026-10-09T19:29:03.6489120Z   if-no-files-found: error
2026-10-09T19:29:03.6489530Z   compression-level: 6
2026-10-09T19:29:03.6489750Z   overwrite: false
2026-10-09T19:29:03.6490020Z   include-hidden-files: false
2026-10-09T19:29:03.6490250Z env:
2026-10-09T19:29:03.6490490Z   CARGO_TERM_COLOR: always
2026-10-09T19:29:03.6490780Z   RUST_BACKTRACE: 1
2026-10-09T19:29:03.6490990Z   CARGO_HOME: /Users/runner/.cargo
2026-10-09T19:29:03.6491260Z   CARGO_INCREMENTAL: 0
2026-10-09T19:29:03.6491500Z   CACHE_ON_FAILURE: false
2026-10-09T19:29:03.6491840Z   pythonLocation: /Users/runner/hostedtoolcache/Python/3.11.9/arm64
2026-10-09T19:29:03.6492360Z   PKG_CONFIG_PATH: /Users/runner/hostedtoolcache/Python/3.11.9/arm64/lib/pkgconfig
2026-10-09T19:29:03.6493120Z   Python_ROOT_DIR: /Users/runner/hostedtoolcache/Python/3.11.9/arm64
2026-10-09T19:29:03.6493540Z   Python2_ROOT_DIR: /Users/runner/hostedtoolcache/Python/3.11.9/arm64
2026-10-09T19:29:03.6494000Z   Python3_ROOT_DIR: /Users/runner/hostedtoolcache/Python/3.11.9/arm64
2026-10-09T19:29:03.6494410Z ##[endgroup]
2026-10-09T19:29:04.2028660Z (node:11444) [DEP0040] DeprecationWarning: The `punycode` module is deprecated. Please use a userland alternative instead.
2026-10-09T19:29:04.2032240Z (Use `node --trace-deprecation ...` to show where the warning was created)
2026-10-09T19:29:04.2358450Z With the provided path, there will be 7 files uploaded
2026-10-09T19:29:04.2361630Z Artifact name is valid!
2026-10-09T19:29:04.2362540Z Root directory input is valid!
2026-10-09T19:29:04.5508920Z Beginning upload of artifact content to blob storage
2026-10-09T19:29:04.5790720Z (node:11444) [DEP0169] DeprecationWarning: `url.parse()` behavior is not standardized and prone to errors that have security implications. Use the WHATWG URL API instead. CVEs are not issued for `url.parse()` vulnerabilities.
2026-10-09T19:29:04.7044550Z Uploaded bytes 7919
2026-10-09T19:29:04.7529280Z Finished uploading artifact content to blob storage!
2026-10-09T19:29:04.7530300Z SHA256 digest of uploaded artifact zip is 86fe4a0fc51fdd7a537542e641673f8f64e4ac6af865eaa7be330dcb46da5826
2026-10-09T19:29:04.7532730Z Finalizing artifact upload
2026-10-09T19:29:05.1094950Z Artifact native-http-macos-latest.zip successfully finalized. Artifact ID 11640567848
2026-10-09T19:29:05.1097360Z Artifact native-http-macos-latest has been successfully uploaded! Final size is 7919 bytes. Artifact ID is 11640567848
2026-10-09T19:29:05.1099440Z Artifact download URL: https://github.com/rsasaki0109/rustwright/actions/runs/37979801258/artifacts/11640567848
2026-10-09T19:29:05.1214580Z Post job cleanup.
2026-10-09T19:29:05.2665730Z Post job cleanup.
2026-10-09T19:29:05.4068840Z ##[group]Cache Configuration
2026-10-09T19:29:05.4070640Z Cache Provider:
2026-10-09T19:29:05.4071070Z     github
2026-10-09T19:29:05.4071420Z Workspaces:
2026-10-09T19:29:05.4071730Z     /Users/runner/work/rustwright/rustwright
2026-10-09T19:29:05.4072110Z Cache Paths:
2026-10-09T19:29:05.4072390Z     /Users/runner/.cargo/bin
2026-10-09T19:29:05.4072740Z     /Users/runner/.cargo/.crates.toml
2026-10-09T19:29:05.4081040Z     /Users/runner/.cargo/.crates2.json
2026-10-09T19:29:05.4081300Z     /Users/runner/.cargo/registry
2026-10-09T19:29:05.4081520Z     /Users/runner/.cargo/git
2026-10-09T19:29:05.4081800Z     /Users/runner/work/rustwright/rustwright/target
2026-10-09T19:29:05.4082050Z Restore Key:
2026-10-09T19:29:05.4082300Z     v0-rust-browser-compat-Darwin-arm64-22602039
2026-10-09T19:29:05.4082680Z Cache Key:
2026-10-09T19:29:05.4082910Z     v0-rust-browser-compat-Darwin-arm64-22602039-5e13362d
2026-10-09T19:29:05.4083270Z .. Prefix:
2026-10-09T19:29:05.4083470Z   - v0-rust-browser-compat-Darwin-arm64
2026-10-09T19:29:05.4083710Z .. Environment considered:
2026-10-09T19:29:05.4083930Z   - Rust Versions:
2026-10-09T19:29:05.4084300Z     - 1.99.0 aarch64-apple-darwin b940084d7eb6a299eb4bfeb8e34901bc051e7ac4
2026-10-09T19:29:05.4084640Z   - CARGO_HOME
2026-10-09T19:29:05.4084800Z   - CARGO_INCREMENTAL
2026-10-09T19:29:05.4084980Z   - CARGO_TERM_COLOR
2026-10-09T19:29:05.4085160Z   - RUST_BACKTRACE
2026-10-09T19:29:05.4085340Z .. Lockfiles considered:
2026-10-09T19:29:05.4085590Z   - /Users/runner/work/rustwright/rustwright/Cargo.lock
2026-10-09T19:29:05.4086000Z   - /Users/runner/work/rustwright/rustwright/crates/rustwright-bidi/Cargo.toml
2026-10-09T19:29:05.4087180Z   - /Users/runner/work/rustwright/rustwright/crates/rustwright-browser/Cargo.toml
2026-10-09T19:29:05.4088280Z   - /Users/runner/work/rustwright/rustwright/crates/rustwright-cdp/Cargo.toml
2026-10-09T19:29:05.4088800Z   - /Users/runner/work/rustwright/rustwright/crates/rustwright-common/Cargo.toml
2026-10-09T19:29:05.4089670Z   - /Users/runner/work/rustwright/rustwright/crates/rustwright-core/Cargo.toml
2026-10-09T19:29:05.4090310Z   - /Users/runner/work/rustwright/rustwright/crates/rustwright-test-macros/Cargo.toml
2026-10-09T19:29:05.4090920Z   - /Users/runner/work/rustwright/rustwright/crates/rustwright-test/Cargo.toml
2026-10-09T19:29:05.4091400Z   - /Users/runner/work/rustwright/rustwright/crates/rustwright/Cargo.toml
2026-10-09T19:29:05.4092080Z   - /Users/runner/work/rustwright/rustwright/docs/ci/results/firefox-network-idle/local/release/consumer/.cargo/config.toml
2026-10-09T19:29:05.4093000Z   - /Users/runner/work/rustwright/rustwright/docs/ci/results/remote-20261009/followup-local/consumer/.cargo/config.toml
2026-10-09T19:29:05.4093730Z   - /Users/runner/work/rustwright/rustwright/docs/ci/results/required-browser/release/consumer/.cargo/config.toml
2026-10-09T19:29:05.4094390Z   - /Users/runner/work/rustwright/rustwright/docs/release/results/local-package/consumer/.cargo/config.toml
2026-10-09T19:29:05.4095060Z   - /Users/runner/work/rustwright/rustwright/examples/Cargo.toml
2026-10-09T19:29:05.4095450Z   - /Users/runner/work/rustwright/rustwright/tests/Cargo.toml
2026-10-09T19:29:05.4096520Z ##[endgroup]
2026-10-09T19:29:05.4096720Z 
2026-10-09T19:29:07.4143960Z ... Cleaning /Users/runner/work/rustwright/rustwright/target ...
2026-10-09T19:29:07.4709500Z ... Cleaning cargo registry (cache-all-crates: false) ...
2026-10-09T19:29:07.8084580Z ... Cleaning cargo/bin ...
2026-10-09T19:29:07.8090340Z ... Cleaning cargo git cache ...
2026-10-09T19:29:07.8090670Z ... Saving cache ...
2026-10-09T19:29:07.8685660Z [command]/opt/homebrew/bin/gtar --posix -cf cache.tzst --exclude cache.tzst -P -C /Users/runner/work/rustwright/rustwright --files-from manifest.txt --delay-directory-restore --use-compress-program zstdmt
2026-10-09T19:29:10.9219100Z Sent 54263808 of 56831950 (95.5%), 51.7 MBs/sec
2026-10-09T19:29:11.2812790Z Sent 56831950 of 56831950 (100.0%), 39.8 MBs/sec
2026-10-09T19:29:11.5720260Z Post job cleanup.
2026-10-09T19:29:12.1916850Z [command]/opt/homebrew/bin/git version
2026-10-09T19:29:12.2368840Z git version 2.55.0
2026-10-09T19:29:12.2424980Z Copying '/Users/runner/.gitconfig' to '/Users/runner/work/_temp/73e8726b-a372-4c92-b936-39c4001ce26e/.gitconfig'
2026-10-09T19:29:12.2443560Z Temporarily overriding HOME='/Users/runner/work/_temp/73e8726b-a372-4c92-b936-39c4001ce26e' before making global git config changes
2026-10-09T19:29:12.2444720Z Adding repository directory to the temporary git global config as a safe directory
2026-10-09T19:29:12.2448490Z [command]/opt/homebrew/bin/git config --global --add safe.directory /Users/runner/work/rustwright/rustwright
2026-10-09T19:29:12.2659430Z [command]/opt/homebrew/bin/git config --local --name-only --get-regexp core\.sshCommand
2026-10-09T19:29:12.2799220Z [command]/opt/homebrew/bin/git submodule foreach --recursive sh -c "git config --local --name-only --get-regexp 'core\.sshCommand' && git config --local --unset-all 'core.sshCommand' || :"
2026-10-09T19:29:12.5023090Z [command]/opt/homebrew/bin/git config --local --name-only --get-regexp http\.https\:\/\/github\.com\/\.extraheader
2026-10-09T19:29:12.5132920Z http.https://github.com/.extraheader
2026-10-09T19:29:12.5183060Z [command]/opt/homebrew/bin/git config --local --unset-all http.https://github.com/.extraheader
2026-10-09T19:29:12.5416040Z [command]/opt/homebrew/bin/git submodule foreach --recursive sh -c "git config --local --name-only --get-regexp 'http\.https\:\/\/github\.com\/\.extraheader' && git config --local --unset-all 'http.https://github.com/.extraheader' || :"
2026-10-09T19:29:12.8586030Z [command]/opt/homebrew/bin/git config --local --name-only --get-regexp ^includeIf\.gitdir:
2026-10-09T19:29:12.8889050Z [command]/opt/homebrew/bin/git submodule foreach --recursive git config --local --show-origin --name-only --get-regexp remote.origin.url
2026-10-09T19:29:13.0895750Z Cleaning up orphan processes
2026-10-09T19:29:17.7153290Z Terminate orphan process: pid (2311) (diskimages-help)
2026-10-09T19:29:18.4083610Z ##[warning]Node.js 20 is deprecated. The following actions target Node.js 20 but are being forced to run on Node.js 24: actions/upload-artifact@v4. For more information see: https://github.blog/changelog/2025-09-19-deprecation-of-node-20-on-github-actions-runners/
