2026-10-09T19:22:48.3809405Z Current runner version: '2.337.0'
2026-10-09T19:22:48.3835143Z ##[group]Runner Image Provisioner
2026-10-09T19:22:48.3835935Z Hosted Compute Agent
2026-10-09T19:22:48.3836666Z Version: 20261002.596
2026-10-09T19:22:48.3837275Z Commit: c3d12f3313a95f25162a1503be624f3b0617f8c0
2026-10-09T19:22:48.3838513Z Build Date: 2026-10-02T22:28:27Z
2026-10-09T19:22:48.3839182Z Worker ID: {a7f86020-5bb3-4eef-9418-c2bcac402bb7}
2026-10-09T19:22:48.3839883Z Region: westus3
2026-10-09T19:22:48.3840521Z Cloud: Azure
2026-10-09T19:22:48.3841048Z ##[endgroup]
2026-10-09T19:22:48.3842955Z ##[group]Operating System
2026-10-09T19:22:48.3843629Z Ubuntu
2026-10-09T19:22:48.3844199Z 24.04.5
2026-10-09T19:22:48.3844912Z LTS
2026-10-09T19:22:48.3845499Z ##[endgroup]
2026-10-09T19:22:48.3846048Z ##[group]Runner Image
2026-10-09T19:22:48.3846633Z Image: ubuntu-24.04
2026-10-09T19:22:48.3847180Z Version: 20261004.327.1
2026-10-09T19:22:48.3848525Z Included Software: https://github.com/actions/runner-images/blob/ubuntu24/20261004.327/images/ubuntu/Ubuntu2404-Readme.md
2026-10-09T19:22:48.3850055Z Image Release: https://github.com/actions/runner-images/releases/tag/ubuntu24%2F20261004.327
2026-10-09T19:22:48.3850979Z ##[endgroup]
2026-10-09T19:22:48.3852021Z ##[group]GITHUB_TOKEN Permissions
2026-10-09T19:22:48.3854250Z Contents: read
2026-10-09T19:22:48.3854830Z Metadata: read
2026-10-09T19:22:48.3855502Z ##[endgroup]
2026-10-09T19:22:48.3857989Z Secret source: Actions
2026-10-09T19:22:48.3858895Z Cache mode: write
2026-10-09T19:22:48.3859726Z Prepare workflow directory
2026-10-09T19:22:48.4251107Z Prepare all required actions
2026-10-09T19:22:48.4303458Z Getting action download info
2026-10-09T19:22:48.7605206Z Download action repository 'actions/checkout@v5' (SHA:fbc6f3992d24b796d5a048ff273f7fcc4a7b6c09)
2026-10-09T19:22:48.8653306Z Download action repository 'dtolnay/rust-toolchain@1.85.0' (SHA:69084b241933c14c2fa24234c4596f11a2655339)
2026-10-09T19:22:49.1053201Z Download action repository 'Swatinem/rust-cache@v2' (SHA:6323deb102c322ba6fcbdcafc7e3dddab59af2b6)
2026-10-09T19:22:50.0258895Z Complete job name: Rust 1.85.0 / locked workspace
2026-10-09T19:22:50.1137929Z ##[group]Run actions/checkout@v5
2026-10-09T19:22:50.1138889Z with:
2026-10-09T19:22:50.1139411Z   repository: rsasaki0109/rustwright
2026-10-09T19:22:50.1143584Z   token: ***
2026-10-09T19:22:50.1144076Z   ssh-strict: true
2026-10-09T19:22:50.1144564Z   ssh-user: git
2026-10-09T19:22:50.1145070Z   persist-credentials: true
2026-10-09T19:22:50.1145622Z   clean: true
2026-10-09T19:22:50.1146132Z   sparse-checkout-cone-mode: true
2026-10-09T19:22:50.1146715Z   fetch-depth: 1
2026-10-09T19:22:50.1147217Z   fetch-tags: false
2026-10-09T19:22:50.1147906Z   show-progress: true
2026-10-09T19:22:50.1148449Z   lfs: false
2026-10-09T19:22:50.1148940Z   submodules: false
2026-10-09T19:22:50.1149506Z   set-safe-directory: true
2026-10-09T19:22:50.1150064Z   allow-unsafe-pr-checkout: false
2026-10-09T19:22:50.1150907Z env:
2026-10-09T19:22:50.1151382Z   CARGO_TERM_COLOR: always
2026-10-09T19:22:50.1151952Z   RUST_BACKTRACE: 1
2026-10-09T19:22:50.1152440Z ##[endgroup]
2026-10-09T19:22:50.2202000Z Syncing repository: rsasaki0109/rustwright
2026-10-09T19:22:50.2205649Z ##[group]Getting Git version info
2026-10-09T19:22:50.2207452Z Working directory is '/home/runner/work/rustwright/rustwright'
2026-10-09T19:22:50.2209900Z [command]/usr/bin/git version
2026-10-09T19:22:50.2220780Z git version 2.55.0
2026-10-09T19:22:50.2242843Z ##[endgroup]
2026-10-09T19:22:50.2257212Z Temporarily overriding HOME='/home/runner/work/_temp/c558806d-788a-4c4c-8d1b-3a1c66f08b03' before making global git config changes
2026-10-09T19:22:50.2260596Z Adding repository directory to the temporary git global config as a safe directory
2026-10-09T19:22:50.2263316Z [command]/usr/bin/git config --global --add safe.directory /home/runner/work/rustwright/rustwright
2026-10-09T19:22:50.2309291Z Deleting the contents of '/home/runner/work/rustwright/rustwright'
2026-10-09T19:22:50.2319808Z ##[group]Initializing the repository
2026-10-09T19:22:50.2324752Z [command]/usr/bin/git init /home/runner/work/rustwright/rustwright
2026-10-09T19:22:50.2405257Z hint: Using 'master' as the name for the initial branch. This default branch name
2026-10-09T19:22:50.2407829Z hint: will change to "main" in Git 3.0. To configure the initial branch name
2026-10-09T19:22:50.2410247Z hint: to use in all of your new repositories, which will suppress this warning,
2026-10-09T19:22:50.2412410Z hint: call:
2026-10-09T19:22:50.2413767Z hint:
2026-10-09T19:22:50.2415307Z hint: 	git config --global init.defaultBranch <name>
2026-10-09T19:22:50.2416959Z hint:
2026-10-09T19:22:50.2418794Z hint: Names commonly chosen instead of 'master' are 'main', 'trunk' and
2026-10-09T19:22:50.2421180Z hint: 'development'. The just-created branch can be renamed via this command:
2026-10-09T19:22:50.2423152Z hint:
2026-10-09T19:22:50.2424435Z hint: 	git branch -m <name>
2026-10-09T19:22:50.2425844Z hint:
2026-10-09T19:22:50.2427865Z hint: Disable this message with "git config set advice.defaultBranchName false"
2026-10-09T19:22:50.2432105Z Initialized empty Git repository in /home/runner/work/rustwright/rustwright/.git/
2026-10-09T19:22:50.2436768Z [command]/usr/bin/git remote add origin https://github.com/rsasaki0109/rustwright
2026-10-09T19:22:50.2478547Z ##[endgroup]
2026-10-09T19:22:50.2479546Z ##[group]Disabling automatic garbage collection
2026-10-09T19:22:50.2481478Z [command]/usr/bin/git config --local gc.auto 0
2026-10-09T19:22:50.2509312Z ##[endgroup]
2026-10-09T19:22:50.2511655Z ##[group]Setting up auth
2026-10-09T19:22:50.2513349Z [command]/usr/bin/git config --local --name-only --get-regexp core\.sshCommand
2026-10-09T19:22:50.2549517Z [command]/usr/bin/git submodule foreach --recursive sh -c "git config --local --name-only --get-regexp 'core\.sshCommand' && git config --local --unset-all 'core.sshCommand' || :"
2026-10-09T19:22:50.2863365Z [command]/usr/bin/git config --local --name-only --get-regexp http\.https\:\/\/github\.com\/\.extraheader
2026-10-09T19:22:50.2911613Z [command]/usr/bin/git submodule foreach --recursive sh -c "git config --local --name-only --get-regexp 'http\.https\:\/\/github\.com\/\.extraheader' && git config --local --unset-all 'http.https://github.com/.extraheader' || :"
2026-10-09T19:22:50.3137930Z [command]/usr/bin/git config --local --name-only --get-regexp ^includeIf\.gitdir:
2026-10-09T19:22:50.3174779Z [command]/usr/bin/git submodule foreach --recursive git config --local --show-origin --name-only --get-regexp remote.origin.url
2026-10-09T19:22:50.3372071Z [command]/usr/bin/git config --local http.https://github.com/.extraheader AUTHORIZATION: basic ***
2026-10-09T19:22:50.3412028Z ##[endgroup]
2026-10-09T19:22:50.3412966Z ##[group]Fetching the repository
2026-10-09T19:22:50.3421491Z [command]/usr/bin/git -c protocol.version=2 fetch --no-tags --prune --no-recurse-submodules --depth=1 origin +92b05f2057d319cfc0ad2bad1f408e43597fca7c:refs/remotes/pull/1/merge
2026-10-09T19:22:52.1779840Z From https://github.com/rsasaki0109/rustwright
2026-10-09T19:22:52.1781247Z  * [new ref]         92b05f2057d319cfc0ad2bad1f408e43597fca7c -> pull/1/merge
2026-10-09T19:22:52.1789152Z ##[endgroup]
2026-10-09T19:22:52.1790188Z ##[group]Determining the checkout info
2026-10-09T19:22:52.1791122Z ##[endgroup]
2026-10-09T19:22:52.1796224Z [command]/usr/bin/git sparse-checkout disable
2026-10-09T19:22:52.1850452Z [command]/usr/bin/git config --local --unset-all extensions.worktreeConfig
2026-10-09T19:22:52.1878717Z ##[group]Checking out the ref
2026-10-09T19:22:52.1883675Z [command]/usr/bin/git checkout --progress --force refs/remotes/pull/1/merge
2026-10-09T19:22:52.2918121Z Note: switching to 'refs/remotes/pull/1/merge'.
2026-10-09T19:22:52.2918768Z 
2026-10-09T19:22:52.2919206Z You are in 'detached HEAD' state. You can look around, make experimental
2026-10-09T19:22:52.2920241Z changes and commit them, and you can discard any commits you make in this
2026-10-09T19:22:52.2921336Z state without impacting any branches by switching back to a branch.
2026-10-09T19:22:52.2921930Z 
2026-10-09T19:22:52.2922675Z If you want to create a new branch to retain commits you create, you may
2026-10-09T19:22:52.2923296Z do so (now or later) by using -c with the switch command. Example:
2026-10-09T19:22:52.2923608Z 
2026-10-09T19:22:52.2923778Z   git switch -c <new-branch-name>
2026-10-09T19:22:52.2923999Z 
2026-10-09T19:22:52.2924151Z Or undo this operation with:
2026-10-09T19:22:52.2924357Z 
2026-10-09T19:22:52.2924489Z   git switch -
2026-10-09T19:22:52.2924673Z 
2026-10-09T19:22:52.2924956Z Turn off this advice by setting config variable advice.detachedHead to false
2026-10-09T19:22:52.2925322Z 
2026-10-09T19:22:52.2925729Z HEAD is now at 92b05f2 Merge 908323d38ba036960c41347ecbe2a5dfa8c24271 into 91e72af388d000266c9b4e7567a3e1fe4007fc33
2026-10-09T19:22:52.2930763Z ##[endgroup]
2026-10-09T19:22:52.2971043Z [command]/usr/bin/git log -1 --format=%H
2026-10-09T19:22:52.2994255Z 92b05f2057d319cfc0ad2bad1f408e43597fca7c
2026-10-09T19:22:52.3375387Z ##[group]Run dtolnay/rust-toolchain@1.85.0
2026-10-09T19:22:52.3375834Z with:
2026-10-09T19:22:52.3376076Z env:
2026-10-09T19:22:52.3376336Z   CARGO_TERM_COLOR: always
2026-10-09T19:22:52.3376631Z   RUST_BACKTRACE: 1
2026-10-09T19:22:52.3376902Z ##[endgroup]
2026-10-09T19:22:52.3448907Z ##[start-action display=Parse toolchain version;id=__dtolnay_rust-toolchain.parse]
2026-10-09T19:22:52.3525609Z ##[group]Run if [[ -z $toolchain ]]; then
2026-10-09T19:22:52.3526135Z [36;1mif [[ -z $toolchain ]]; then[0m
2026-10-09T19:22:52.3526849Z [36;1m  # GitHub does not enforce `required: true` inputs itself. https://github.com/actions/runner/issues/1070[0m
2026-10-09T19:22:52.3527749Z [36;1m  echo "'toolchain' is a required input" >&2[0m
2026-10-09T19:22:52.3528163Z [36;1m  exit 1[0m
2026-10-09T19:22:52.3528628Z [36;1melif [[ $toolchain =~ ^stable' '[0-9]+' '(year|month|week|day)s?' 'ago$ ]]; then[0m
2026-10-09T19:22:52.3529198Z [36;1m  if [[ Linux == macOS ]]; then[0m
2026-10-09T19:22:52.3529980Z [36;1m    echo "toolchain=1.$((($(date -v-$(sed 's/stable \([0-9]*\) \(.\).*/\1\2/' <<< $toolchain) +%s)/60/60/24-16569)/7/6))" >> $GITHUB_OUTPUT[0m
2026-10-09T19:22:52.3530673Z [36;1m  else[0m
2026-10-09T19:22:52.3531227Z [36;1m    echo "toolchain=1.$((($(date --date "${toolchain#stable }" +%s)/60/60/24-16569)/7/6))" >> $GITHUB_OUTPUT[0m
2026-10-09T19:22:52.3531836Z [36;1m  fi[0m
2026-10-09T19:22:52.3532257Z [36;1melif [[ $toolchain =~ ^stable' 'minus' '[0-9]+' 'releases?$ ]]; then[0m
2026-10-09T19:22:52.3532982Z [36;1m  echo "toolchain=1.$((($(date +%s)/60/60/24-16569)/7/6-${toolchain//[^0-9]/}))" >> $GITHUB_OUTPUT[0m
2026-10-09T19:22:52.3533614Z [36;1melif [[ $toolchain =~ ^1\.[0-9]+$ ]]; then[0m
2026-10-09T19:22:52.3534328Z [36;1m  echo "toolchain=1.$((i=${toolchain#1.}, c=($(date +%s)/60/60/24-16569)/7/6, i+9*i*(10*i<=c)+90*i*(100*i<=c)))" >> $GITHUB_OUTPUT[0m
2026-10-09T19:22:52.3534982Z [36;1melse[0m
2026-10-09T19:22:52.3535261Z [36;1m  delimiter=EOF[0m
2026-10-09T19:22:52.3535698Z [36;1m  while [[ $toolchain == *$delimiter* ]]; do delimiter+=_; done[0m
2026-10-09T19:22:52.3536404Z [36;1m  printf 'toolchain<<%s\n%s\n%s\n' "$delimiter" "$toolchain" "$delimiter" >> $GITHUB_OUTPUT[0m
2026-10-09T19:22:52.3536955Z [36;1mfi[0m
2026-10-09T19:22:52.3712236Z shell: /usr/bin/bash --noprofile --norc -e -o pipefail {0}
2026-10-09T19:22:52.3712695Z env:
2026-10-09T19:22:52.3712980Z   CARGO_TERM_COLOR: always
2026-10-09T19:22:52.3713275Z   RUST_BACKTRACE: 1
2026-10-09T19:22:52.3713545Z   toolchain: 1.85.0
2026-10-09T19:22:52.3713806Z ##[endgroup]
2026-10-09T19:22:52.3843106Z ##[end-action id=__dtolnay_rust-toolchain.parse;outcome=success;conclusion=success;duration_ms=39]
2026-10-09T19:22:52.3848882Z ##[start-action display=Set $CARGO_HOME;id=__dtolnay_rust-toolchain.__run]
2026-10-09T19:22:52.3937216Z ##[group]Run echo CARGO_HOME=${CARGO_HOME:-"$HOME/.cargo"} >> $GITHUB_ENV
2026-10-09T19:22:52.3937987Z [36;1mecho CARGO_HOME=${CARGO_HOME:-"$HOME/.cargo"} >> $GITHUB_ENV[0m
2026-10-09T19:22:52.3980973Z shell: /usr/bin/bash --noprofile --norc -e -o pipefail {0}
2026-10-09T19:22:52.3981557Z env:
2026-10-09T19:22:52.3981822Z   CARGO_TERM_COLOR: always
2026-10-09T19:22:52.3982114Z   RUST_BACKTRACE: 1
2026-10-09T19:22:52.3982377Z ##[endgroup]
2026-10-09T19:22:52.4057996Z ##[end-action id=__dtolnay_rust-toolchain.__run;outcome=success;conclusion=success;duration_ms=20]
2026-10-09T19:22:52.4060918Z ##[start-action display=Install rustup if needed;id=__dtolnay_rust-toolchain.__run_2]
2026-10-09T19:22:52.4100310Z ##[group]Run if ! command -v rustup &>/dev/null; then
2026-10-09T19:22:52.4100767Z [36;1mif ! command -v rustup &>/dev/null; then[0m
2026-10-09T19:22:52.4101608Z [36;1m  curl --proto '=https' --tlsv1.2 --retry 10 --retry-connrefused --location --silent --show-error --fail https://sh.rustup.rs | sh -s -- --default-toolchain none -y[0m
2026-10-09T19:22:52.4102429Z [36;1m  echo "$CARGO_HOME/bin" >> $GITHUB_PATH[0m
2026-10-09T19:22:52.4102782Z [36;1mfi[0m
2026-10-09T19:22:52.4148223Z shell: /usr/bin/bash --noprofile --norc -e -o pipefail {0}
2026-10-09T19:22:52.4148663Z env:
2026-10-09T19:22:52.4148984Z   CARGO_TERM_COLOR: always
2026-10-09T19:22:52.4149384Z   RUST_BACKTRACE: 1
2026-10-09T19:22:52.4149693Z   CARGO_HOME: /home/runner/.cargo
2026-10-09T19:22:52.4150025Z ##[endgroup]
2026-10-09T19:22:52.4223193Z ##[end-action id=__dtolnay_rust-toolchain.__run_2;outcome=success;conclusion=success;duration_ms=16]
2026-10-09T19:22:52.4226085Z ##[start-action display=Install rustup if needed on windows;id=__dtolnay_rust-toolchain.__run_3]
2026-10-09T19:22:52.4234980Z ##[end-action id=__dtolnay_rust-toolchain.__run_3;outcome=skipped;conclusion=skipped;duration_ms=0]
2026-10-09T19:22:52.4251717Z ##[start-action display=rustup toolchain install 1.85.0;id=__dtolnay_rust-toolchain.__run_4]
2026-10-09T19:22:52.4283298Z ##[group]Run set -f  # split targets and components on commas and whitespace, without glob expansion
2026-10-09T19:22:52.4284083Z [36;1mset -f  # split targets and components on commas and whitespace, without glob expansion[0m
2026-10-09T19:22:52.4284644Z [36;1mflags=()[0m
2026-10-09T19:22:52.4284995Z [36;1mfor t in ${targets//,/ }; do flags+=(--target "$t"); done[0m
2026-10-09T19:22:52.4285469Z [36;1mfor c in ${components//,/ }; do flags+=(--component "$c"); done[0m
2026-10-09T19:22:52.4286036Z [36;1mif [[ $toolchain == nightly && -n $components ]]; then flags+=(--allow-downgrade); fi[0m
2026-10-09T19:22:52.4286523Z [36;1mlog=$(mktemp)[0m
2026-10-09T19:22:52.4286821Z [36;1mtrap 'rm -f "$log"' EXIT[0m
2026-10-09T19:22:52.4287136Z [36;1mfor attempt in 1 2 3 4 5; do[0m
2026-10-09T19:22:52.4287940Z [36;1m  if rustup toolchain install "$toolchain" "${flags[@]}" --profile minimal --no-self-update --force-non-host 2>&1 | tee "$log"; then[0m
2026-10-09T19:22:52.4288570Z [36;1m    break[0m
2026-10-09T19:22:52.4288818Z [36;1m  else[0m
2026-10-09T19:22:52.4289068Z [36;1m    status=$?[0m
2026-10-09T19:22:52.4289336Z [36;1m  fi[0m
2026-10-09T19:22:52.4289712Z [36;1m  if [[ $attempt == 5 ]] || ! grep -Fq 'checksum failed for ' "$log" \[0m
2026-10-09T19:22:52.4290345Z [36;1m      || ! grep -Fq 'this is likely due to an ongoing update of the official release server' "$log"; then[0m
2026-10-09T19:22:52.4290866Z [36;1m    exit "$status"[0m
2026-10-09T19:22:52.4291144Z [36;1m  fi[0m
2026-10-09T19:22:52.4291559Z [36;1m  echo "Retrying rustup toolchain install in 30 seconds (retry $attempt of 4)" >&2[0m
2026-10-09T19:22:52.4292029Z [36;1m  sleep 30[0m
2026-10-09T19:22:52.4292288Z [36;1mdone[0m
2026-10-09T19:22:52.4337088Z shell: /usr/bin/bash --noprofile --norc -e -o pipefail {0}
2026-10-09T19:22:52.4337682Z env:
2026-10-09T19:22:52.4337942Z   CARGO_TERM_COLOR: always
2026-10-09T19:22:52.4338362Z   RUST_BACKTRACE: 1
2026-10-09T19:22:52.4338729Z   CARGO_HOME: /home/runner/.cargo
2026-10-09T19:22:52.4339081Z   toolchain: 1.85.0
2026-10-09T19:22:52.4339595Z   targets: 
2026-10-09T19:22:52.4339916Z   components: 
2026-10-09T19:22:52.4340347Z   RUSTUP_PERMIT_COPY_RENAME: 1
2026-10-09T19:22:52.4340722Z ##[endgroup]
2026-10-09T19:22:52.4785642Z info: syncing channel updates for 1.85.0-x86_64-unknown-linux-gnu
2026-10-09T19:22:52.6494300Z info: latest update on 2025-02-20 for version 1.85.0 (4d91de4e4 2025-02-17)
2026-10-09T19:22:52.6495242Z info: downloading 3 components
2026-10-09T19:23:00.2681889Z 
2026-10-09T19:23:00.2769003Z   1.85.0-x86_64-unknown-linux-gnu installed - rustc 1.85.0 (4d91de4e4 2025-02-17)
2026-10-09T19:23:00.2769708Z 
2026-10-09T19:23:00.2832002Z ##[end-action id=__dtolnay_rust-toolchain.__run_4;outcome=success;conclusion=success;duration_ms=7857]
2026-10-09T19:23:00.2839301Z ##[start-action display=rustup default 1.85.0;id=__dtolnay_rust-toolchain.__run_5]
2026-10-09T19:23:00.2861073Z ##[group]Run rustup default "$toolchain" --force-non-host
2026-10-09T19:23:00.2861581Z [36;1mrustup default "$toolchain" --force-non-host[0m
2026-10-09T19:23:00.2898333Z shell: /usr/bin/bash --noprofile --norc -e -o pipefail {0}
2026-10-09T19:23:00.2898738Z env:
2026-10-09T19:23:00.2899200Z   CARGO_TERM_COLOR: always
2026-10-09T19:23:00.2899499Z   RUST_BACKTRACE: 1
2026-10-09T19:23:00.2899827Z   CARGO_HOME: /home/runner/.cargo
2026-10-09T19:23:00.2900177Z   toolchain: 1.85.0
2026-10-09T19:23:00.2900451Z ##[endgroup]
2026-10-09T19:23:00.2996108Z info: using existing install for 1.85.0-x86_64-unknown-linux-gnu
2026-10-09T19:23:00.3001588Z info: default toolchain set to 1.85.0-x86_64-unknown-linux-gnu
2026-10-09T19:23:00.3001999Z 
2026-10-09T19:23:00.3080324Z   1.85.0-x86_64-unknown-linux-gnu unchanged - rustc 1.85.0 (4d91de4e4 2025-02-17)
2026-10-09T19:23:00.3080726Z 
2026-10-09T19:23:00.3095953Z ##[end-action id=__dtolnay_rust-toolchain.__run_5;outcome=success;conclusion=success;duration_ms=25]
2026-10-09T19:23:00.3100492Z ##[start-action display=Create cachekey;id=__dtolnay_rust-toolchain.rustc-version]
2026-10-09T19:23:00.3220585Z ##[group]Run DATE=$(rustc +"$toolchain" --version --verbose | sed -ne 's/^commit-date: \(20[0-9][0-9]\)-\([01][0-9]\)-\([0-3][0-9]\)$/\1\2\3/p')
2026-10-09T19:23:00.3221410Z [36;1mDATE=$(rustc +"$toolchain" --version --verbose | sed -ne 's/^commit-date: \(20[0-9][0-9]\)-\([01][0-9]\)-\([0-3][0-9]\)$/\1\2\3/p')[0m
2026-10-09T19:23:00.3222061Z [36;1mHASH=$(rustc +"$toolchain" --version --verbose | sed -ne 's/^commit-hash: //p')[0m
2026-10-09T19:23:00.3222535Z [36;1mecho "cachekey=$(echo $DATE$HASH | head -c12)" >> $GITHUB_OUTPUT[0m
2026-10-09T19:23:00.3259114Z shell: /usr/bin/bash --noprofile --norc -e -o pipefail {0}
2026-10-09T19:23:00.3259444Z env:
2026-10-09T19:23:00.3259637Z   CARGO_TERM_COLOR: always
2026-10-09T19:23:00.3259863Z   RUST_BACKTRACE: 1
2026-10-09T19:23:00.3260076Z   CARGO_HOME: /home/runner/.cargo
2026-10-09T19:23:00.3260315Z   toolchain: 1.85.0
2026-10-09T19:23:00.3260510Z ##[endgroup]
2026-10-09T19:23:00.3596540Z ##[end-action id=__dtolnay_rust-toolchain.rustc-version;outcome=success;conclusion=success;duration_ms=49]
2026-10-09T19:23:00.3599648Z ##[start-action display=Disable incremental compilation;id=__dtolnay_rust-toolchain.__run_6]
2026-10-09T19:23:00.3622581Z ##[group]Run if [ -z "${CARGO_INCREMENTAL+set}" ]; then
2026-10-09T19:23:00.3623264Z [36;1mif [ -z "${CARGO_INCREMENTAL+set}" ]; then[0m
2026-10-09T19:23:00.3623851Z [36;1m  echo CARGO_INCREMENTAL=0 >> $GITHUB_ENV[0m
2026-10-09T19:23:00.3624355Z [36;1mfi[0m
2026-10-09T19:23:00.3681702Z shell: /usr/bin/bash --noprofile --norc -e -o pipefail {0}
2026-10-09T19:23:00.3682033Z env:
2026-10-09T19:23:00.3682230Z   CARGO_TERM_COLOR: always
2026-10-09T19:23:00.3682562Z   RUST_BACKTRACE: 1
2026-10-09T19:23:00.3682924Z   CARGO_HOME: /home/runner/.cargo
2026-10-09T19:23:00.3683504Z ##[endgroup]
2026-10-09T19:23:00.3776392Z ##[end-action id=__dtolnay_rust-toolchain.__run_6;outcome=success;conclusion=success;duration_ms=17]
2026-10-09T19:23:00.3780365Z ##[start-action display=Enable colors in Cargo output;id=__dtolnay_rust-toolchain.__run_7]
2026-10-09T19:23:00.3819977Z ##[group]Run if [ -z "${CARGO_TERM_COLOR+set}" ]; then
2026-10-09T19:23:00.3820621Z [36;1mif [ -z "${CARGO_TERM_COLOR+set}" ]; then[0m
2026-10-09T19:23:00.3821173Z [36;1m  echo CARGO_TERM_COLOR=always >> $GITHUB_ENV[0m
2026-10-09T19:23:00.3822464Z [36;1mfi[0m
2026-10-09T19:23:00.3867551Z shell: /usr/bin/bash --noprofile --norc -e -o pipefail {0}
2026-10-09T19:23:00.3867880Z env:
2026-10-09T19:23:00.3868076Z   CARGO_TERM_COLOR: always
2026-10-09T19:23:00.3868297Z   RUST_BACKTRACE: 1
2026-10-09T19:23:00.3868512Z   CARGO_HOME: /home/runner/.cargo
2026-10-09T19:23:00.3868758Z   CARGO_INCREMENTAL: 0
2026-10-09T19:23:00.3868959Z ##[endgroup]
2026-10-09T19:23:00.3945096Z ##[end-action id=__dtolnay_rust-toolchain.__run_7;outcome=success;conclusion=success;duration_ms=16]
2026-10-09T19:23:00.3950161Z ##[start-action display=Enable Cargo sparse registry;id=__dtolnay_rust-toolchain.__run_8]
2026-10-09T19:23:00.3977783Z ##[group]Run # implemented in 1.66, stabilized in 1.68, made default in 1.70
2026-10-09T19:23:00.3978642Z [36;1m# implemented in 1.66, stabilized in 1.68, made default in 1.70[0m
2026-10-09T19:23:00.3979527Z [36;1mif [ -z "${CARGO_REGISTRIES_CRATES_IO_PROTOCOL+set}" -o -f "/home/runner/work/_temp"/.implicit_cargo_registries_crates_io_protocol ]; then[0m
2026-10-09T19:23:00.3980231Z [36;1m  if rustc +"$toolchain" --version --verbose | grep -q '^release: 1\.6[89]\.'; then[0m
2026-10-09T19:23:00.3980788Z [36;1m    touch "/home/runner/work/_temp"/.implicit_cargo_registries_crates_io_protocol || true[0m
2026-10-09T19:23:00.3981294Z [36;1m    echo CARGO_REGISTRIES_CRATES_IO_PROTOCOL=sparse >> $GITHUB_ENV[0m
2026-10-09T19:23:00.3981773Z [36;1m  elif rustc +"$toolchain" --version --verbose | grep -q '^release: 1\.6[67]\.'; then[0m
2026-10-09T19:23:00.3982311Z [36;1m    touch "/home/runner/work/_temp"/.implicit_cargo_registries_crates_io_protocol || true[0m
2026-10-09T19:23:00.3982786Z [36;1m    echo CARGO_REGISTRIES_CRATES_IO_PROTOCOL=git >> $GITHUB_ENV[0m
2026-10-09T19:23:00.3983107Z [36;1m  fi[0m
2026-10-09T19:23:00.3983287Z [36;1mfi[0m
2026-10-09T19:23:00.4030316Z shell: /usr/bin/bash --noprofile --norc -e -o pipefail {0}
2026-10-09T19:23:00.4030895Z env:
2026-10-09T19:23:00.4031262Z   CARGO_TERM_COLOR: always
2026-10-09T19:23:00.4031683Z   RUST_BACKTRACE: 1
2026-10-09T19:23:00.4032055Z   CARGO_HOME: /home/runner/.cargo
2026-10-09T19:23:00.4032508Z   CARGO_INCREMENTAL: 0
2026-10-09T19:23:00.4032890Z   toolchain: 1.85.0
2026-10-09T19:23:00.4033211Z ##[endgroup]
2026-10-09T19:23:00.4397042Z ##[end-action id=__dtolnay_rust-toolchain.__run_8;outcome=success;conclusion=success;duration_ms=44]
2026-10-09T19:23:00.4401013Z ##[start-action display=Work around spurious network errors in curl 8.0;id=__dtolnay_rust-toolchain.__run_9]
2026-10-09T19:23:00.4645411Z ##[group]Run # https://rust-lang.zulipchat.com/#narrow/stream/246057-t-cargo/topic/timeout.20investigation
2026-10-09T19:23:00.4646238Z [36;1m# https://rust-lang.zulipchat.com/#narrow/stream/246057-t-cargo/topic/timeout.20investigation[0m
2026-10-09T19:23:00.4646889Z [36;1mif rustc +"$toolchain" --version --verbose | grep -q '^release: 1\.7[01]\.'; then[0m
2026-10-09T19:23:00.4647541Z [36;1m  echo CARGO_HTTP_MULTIPLEXING=false >> $GITHUB_ENV[0m
2026-10-09T19:23:00.4647864Z [36;1mfi[0m
2026-10-09T19:23:00.4697073Z shell: /usr/bin/bash --noprofile --norc -e -o pipefail {0}
2026-10-09T19:23:00.4697722Z env:
2026-10-09T19:23:00.4698028Z   CARGO_TERM_COLOR: always
2026-10-09T19:23:00.4698815Z   RUST_BACKTRACE: 1
2026-10-09T19:23:00.4699172Z   CARGO_HOME: /home/runner/.cargo
2026-10-09T19:23:00.4699587Z   CARGO_INCREMENTAL: 0
2026-10-09T19:23:00.4699959Z   toolchain: 1.85.0
2026-10-09T19:23:00.4700286Z ##[endgroup]
2026-10-09T19:23:00.5243110Z ##[end-action id=__dtolnay_rust-toolchain.__run_9;outcome=success;conclusion=success;duration_ms=84]
2026-10-09T19:23:00.5247924Z ##[start-action display=rustc +1.85.0 --version --verbose;id=__dtolnay_rust-toolchain.__run_10]
2026-10-09T19:23:00.5603601Z ##[group]Run rustc +"$toolchain" --version --verbose
2026-10-09T19:23:00.5603970Z [36;1mrustc +"$toolchain" --version --verbose[0m
2026-10-09T19:23:00.5642913Z shell: /usr/bin/bash --noprofile --norc -e -o pipefail {0}
2026-10-09T19:23:00.5643451Z env:
2026-10-09T19:23:00.5643649Z   CARGO_TERM_COLOR: always
2026-10-09T19:23:00.5643880Z   RUST_BACKTRACE: 1
2026-10-09T19:23:00.5644110Z   CARGO_HOME: /home/runner/.cargo
2026-10-09T19:23:00.5644353Z   CARGO_INCREMENTAL: 0
2026-10-09T19:23:00.5644720Z   toolchain: 1.85.0
2026-10-09T19:23:00.5644919Z ##[endgroup]
2026-10-09T19:23:00.5816213Z rustc 1.85.0 (4d91de4e4 2025-02-17)
2026-10-09T19:23:00.5817087Z binary: rustc
2026-10-09T19:23:00.5818090Z commit-hash: 4d91de4e48198da2e33413efdcd9cd2cc0c46688
2026-10-09T19:23:00.5818728Z commit-date: 2025-02-17
2026-10-09T19:23:00.5819198Z host: x86_64-unknown-linux-gnu
2026-10-09T19:23:00.5819712Z release: 1.85.0
2026-10-09T19:23:00.5820193Z LLVM version: 19.1.7
2026-10-09T19:23:00.5835024Z ##[end-action id=__dtolnay_rust-toolchain.__run_10;outcome=success;conclusion=success;duration_ms=58]
2026-10-09T19:23:00.9242480Z ##[group]Run Swatinem/rust-cache@v2
2026-10-09T19:23:00.9242857Z with:
2026-10-09T19:23:00.9243089Z   prefix-key: v0-rust
2026-10-09T19:23:00.9243379Z   add-job-id-key: true
2026-10-09T19:23:00.9243655Z   add-rust-environment-hash-key: true
2026-10-09T19:23:00.9243961Z   cache-targets: true
2026-10-09T19:23:00.9244210Z   cache-all-crates: false
2026-10-09T19:23:00.9244489Z   cache-workspace-crates: false
2026-10-09T19:23:00.9245531Z   save-if: true
2026-10-09T19:23:00.9247894Z   cache-provider: github
2026-10-09T19:23:00.9248800Z   cache-bin: true
2026-10-09T19:23:00.9249048Z   lookup-only: false
2026-10-09T19:23:00.9250381Z   cmd-format: {0}
2026-10-09T19:23:00.9250611Z env:
2026-10-09T19:23:00.9251117Z   CARGO_TERM_COLOR: always
2026-10-09T19:23:00.9251386Z   RUST_BACKTRACE: 1
2026-10-09T19:23:00.9251636Z   CARGO_HOME: /home/runner/.cargo
2026-10-09T19:23:00.9251929Z   CARGO_INCREMENTAL: 0
2026-10-09T19:23:00.9252175Z ##[endgroup]
2026-10-09T19:23:02.4775373Z ##[group]Cache Configuration
2026-10-09T19:23:02.4775864Z Cache Provider:
2026-10-09T19:23:02.4776141Z     github
2026-10-09T19:23:02.4776406Z Workspaces:
2026-10-09T19:23:02.4776694Z     /home/runner/work/rustwright/rustwright
2026-10-09T19:23:02.4777090Z Cache Paths:
2026-10-09T19:23:02.4777525Z     /home/runner/.cargo/bin
2026-10-09T19:23:02.4777922Z     /home/runner/.cargo/.crates.toml
2026-10-09T19:23:02.4778282Z     /home/runner/.cargo/.crates2.json
2026-10-09T19:23:02.4778667Z     /home/runner/.cargo/registry
2026-10-09T19:23:02.4779032Z     /home/runner/.cargo/git
2026-10-09T19:23:02.4779435Z     /home/runner/work/rustwright/rustwright/target
2026-10-09T19:23:02.4779887Z Restore Key:
2026-10-09T19:23:02.4780213Z     v0-rust-msrv-Linux-x64-7a998008
2026-10-09T19:23:02.4780607Z Cache Key:
2026-10-09T19:23:02.4780968Z     v0-rust-msrv-Linux-x64-7a998008-5e13362d
2026-10-09T19:23:02.4781426Z .. Prefix:
2026-10-09T19:23:02.4781757Z   - v0-rust-msrv-Linux-x64
2026-10-09T19:23:02.4782166Z .. Environment considered:
2026-10-09T19:23:02.4782570Z   - Rust Versions:
2026-10-09T19:23:02.4783145Z     - 1.85.0 x86_64-unknown-linux-gnu 4d91de4e48198da2e33413efdcd9cd2cc0c46688
2026-10-09T19:23:02.4783946Z     - 1.99.0 x86_64-unknown-linux-gnu b940084d7eb6a299eb4bfeb8e34901bc051e7ac4
2026-10-09T19:23:02.4784586Z   - CARGO_HOME
2026-10-09T19:23:02.4784904Z   - CARGO_INCREMENTAL
2026-10-09T19:23:02.4785266Z   - CARGO_TERM_COLOR
2026-10-09T19:23:02.4785593Z   - RUST_BACKTRACE
2026-10-09T19:23:02.4785932Z .. Lockfiles considered:
2026-10-09T19:23:02.4786388Z   - /home/runner/work/rustwright/rustwright/Cargo.lock
2026-10-09T19:23:02.4787099Z   - /home/runner/work/rustwright/rustwright/crates/rustwright-bidi/Cargo.toml
2026-10-09T19:23:02.4788171Z   - /home/runner/work/rustwright/rustwright/crates/rustwright-browser/Cargo.toml
2026-10-09T19:23:02.4788958Z   - /home/runner/work/rustwright/rustwright/crates/rustwright-cdp/Cargo.toml
2026-10-09T19:23:02.4789727Z   - /home/runner/work/rustwright/rustwright/crates/rustwright-common/Cargo.toml
2026-10-09T19:23:02.4790540Z   - /home/runner/work/rustwright/rustwright/crates/rustwright-core/Cargo.toml
2026-10-09T19:23:02.4791417Z   - /home/runner/work/rustwright/rustwright/crates/rustwright-test-macros/Cargo.toml
2026-10-09T19:23:02.4792768Z   - /home/runner/work/rustwright/rustwright/crates/rustwright-test/Cargo.toml
2026-10-09T19:23:02.4793600Z   - /home/runner/work/rustwright/rustwright/crates/rustwright/Cargo.toml
2026-10-09T19:23:02.4794670Z   - /home/runner/work/rustwright/rustwright/docs/ci/results/firefox-network-idle/local/release/consumer/.cargo/config.toml
2026-10-09T19:23:02.4796123Z   - /home/runner/work/rustwright/rustwright/docs/ci/results/remote-20261009/followup-local/consumer/.cargo/config.toml
2026-10-09T19:23:02.4797675Z   - /home/runner/work/rustwright/rustwright/docs/ci/results/required-browser/release/consumer/.cargo/config.toml
2026-10-09T19:23:02.4798953Z   - /home/runner/work/rustwright/rustwright/docs/release/results/local-package/consumer/.cargo/config.toml
2026-10-09T19:23:02.4800305Z   - /home/runner/work/rustwright/rustwright/examples/Cargo.toml
2026-10-09T19:23:02.4801007Z   - /home/runner/work/rustwright/rustwright/tests/Cargo.toml
2026-10-09T19:23:02.4801993Z ##[endgroup]
2026-10-09T19:23:02.4802191Z 
2026-10-09T19:23:02.4802352Z ... Restoring cache ...
2026-10-09T19:23:02.6863909Z Cache hit for restore-key: v0-rust-msrv-Linux-x64-7a998008-260f3700
2026-10-09T19:23:03.8966539Z Received 34179552 of 50956768 (67.1%), 32.6 MBs/sec
2026-10-09T19:23:03.9932606Z Received 50956768 of 50956768 (100.0%), 44.3 MBs/sec
2026-10-09T19:23:03.9933133Z Cache Size: ~49 MB (50956768 B)
2026-10-09T19:23:03.9965174Z [command]/usr/bin/tar -xf /home/runner/work/_temp/2eebc724-39cb-45a0-a389-811760185c67/cache.tzst -P -C /home/runner/work/rustwright/rustwright --use-compress-program unzstd
2026-10-09T19:23:04.2322948Z Cache restored successfully
2026-10-09T19:23:04.2355344Z Restored from cache key "v0-rust-msrv-Linux-x64-7a998008-260f3700" full match: false.
2026-10-09T19:23:04.2578087Z ##[group]Run cargo check --locked --workspace --all-targets
2026-10-09T19:23:04.2578546Z [36;1mcargo check --locked --workspace --all-targets[0m
2026-10-09T19:23:04.2616014Z shell: /usr/bin/bash -e {0}
2026-10-09T19:23:04.2616312Z env:
2026-10-09T19:23:04.2616509Z   CARGO_TERM_COLOR: always
2026-10-09T19:23:04.2616748Z   RUST_BACKTRACE: 1
2026-10-09T19:23:04.2616968Z   CARGO_HOME: /home/runner/.cargo
2026-10-09T19:23:04.2617232Z   CARGO_INCREMENTAL: 0
2026-10-09T19:23:04.2617632Z   CACHE_ON_FAILURE: false
2026-10-09T19:23:04.2617856Z ##[endgroup]
2026-10-09T19:23:04.3213201Z [1m[32m    Updating[0m crates.io index
2026-10-09T19:23:04.5949821Z [1m[32m    Checking[0m rustwright-common v0.1.0 (/home/runner/work/rustwright/rustwright/crates/rustwright-common)
2026-10-09T19:23:04.5952044Z [1m[32m    Checking[0m rustwright-cdp v0.1.0 (/home/runner/work/rustwright/rustwright/crates/rustwright-cdp)
2026-10-09T19:23:04.5953155Z [1m[32m   Compiling[0m rustwright-test-macros v0.1.0 (/home/runner/work/rustwright/rustwright/crates/rustwright-test-macros)
2026-10-09T19:23:05.6220420Z [1m[32m    Checking[0m rustwright-browser v0.1.0 (/home/runner/work/rustwright/rustwright/crates/rustwright-browser)
2026-10-09T19:23:05.8339006Z [1m[32m    Checking[0m rustwright-bidi v0.1.0 (/home/runner/work/rustwright/rustwright/crates/rustwright-bidi)
2026-10-09T19:23:05.8340754Z [1m[32m    Checking[0m rustwright-core v0.1.0 (/home/runner/work/rustwright/rustwright/crates/rustwright-core)
2026-10-09T19:23:07.3185662Z [1m[32m    Checking[0m rustwright v0.1.0 (/home/runner/work/rustwright/rustwright/crates/rustwright)
2026-10-09T19:23:07.4904295Z [1m[32m    Checking[0m rustwright-test v0.1.0 (/home/runner/work/rustwright/rustwright/crates/rustwright-test)
2026-10-09T19:23:07.4918995Z [1m[32m    Checking[0m rustwright-integration-tests v0.1.0 (/home/runner/work/rustwright/rustwright/tests)
2026-10-09T19:23:08.0101324Z [1m[32m    Checking[0m rustwright-examples v0.1.0 (/home/runner/work/rustwright/rustwright/examples)
2026-10-09T19:23:09.6820821Z [1m[32m    Finished[0m `dev` profile [unoptimized + debuginfo] target(s) in 5.40s
2026-10-09T19:23:09.7009708Z Post job cleanup.
2026-10-09T19:23:09.8279683Z ##[group]Cache Configuration
2026-10-09T19:23:09.8280134Z Cache Provider:
2026-10-09T19:23:09.8280468Z     github
2026-10-09T19:23:09.8280751Z Workspaces:
2026-10-09T19:23:09.8281040Z     /home/runner/work/rustwright/rustwright
2026-10-09T19:23:09.8281453Z Cache Paths:
2026-10-09T19:23:09.8281759Z     /home/runner/.cargo/bin
2026-10-09T19:23:09.8282138Z     /home/runner/.cargo/.crates.toml
2026-10-09T19:23:09.8282550Z     /home/runner/.cargo/.crates2.json
2026-10-09T19:23:09.8283294Z     /home/runner/.cargo/registry
2026-10-09T19:23:09.8283672Z     /home/runner/.cargo/git
2026-10-09T19:23:09.8284120Z     /home/runner/work/rustwright/rustwright/target
2026-10-09T19:23:09.8284632Z Restore Key:
2026-10-09T19:23:09.8284998Z     v0-rust-msrv-Linux-x64-7a998008
2026-10-09T19:23:09.8285433Z Cache Key:
2026-10-09T19:23:09.8285792Z     v0-rust-msrv-Linux-x64-7a998008-5e13362d
2026-10-09T19:23:09.8286277Z .. Prefix:
2026-10-09T19:23:09.8286726Z   - v0-rust-msrv-Linux-x64
2026-10-09T19:23:09.8287152Z .. Environment considered:
2026-10-09T19:23:09.8287684Z   - Rust Versions:
2026-10-09T19:23:09.8288247Z     - 1.85.0 x86_64-unknown-linux-gnu 4d91de4e48198da2e33413efdcd9cd2cc0c46688
2026-10-09T19:23:09.8289090Z     - 1.99.0 x86_64-unknown-linux-gnu b940084d7eb6a299eb4bfeb8e34901bc051e7ac4
2026-10-09T19:23:09.8289729Z   - CARGO_HOME
2026-10-09T19:23:09.8289927Z   - CARGO_INCREMENTAL
2026-10-09T19:23:09.8319881Z   - CARGO_TERM_COLOR
2026-10-09T19:23:09.8320802Z   - RUST_BACKTRACE
2026-10-09T19:23:09.8321497Z .. Lockfiles considered:
2026-10-09T19:23:09.8322611Z   - /home/runner/work/rustwright/rustwright/Cargo.lock
2026-10-09T19:23:09.8323577Z   - /home/runner/work/rustwright/rustwright/crates/rustwright-bidi/Cargo.toml
2026-10-09T19:23:09.8324670Z   - /home/runner/work/rustwright/rustwright/crates/rustwright-browser/Cargo.toml
2026-10-09T19:23:09.8325711Z   - /home/runner/work/rustwright/rustwright/crates/rustwright-cdp/Cargo.toml
2026-10-09T19:23:09.8326561Z   - /home/runner/work/rustwright/rustwright/crates/rustwright-common/Cargo.toml
2026-10-09T19:23:09.8327549Z   - /home/runner/work/rustwright/rustwright/crates/rustwright-core/Cargo.toml
2026-10-09T19:23:09.8328504Z   - /home/runner/work/rustwright/rustwright/crates/rustwright-test-macros/Cargo.toml
2026-10-09T19:23:09.8329434Z   - /home/runner/work/rustwright/rustwright/crates/rustwright-test/Cargo.toml
2026-10-09T19:23:09.8330290Z   - /home/runner/work/rustwright/rustwright/crates/rustwright/Cargo.toml
2026-10-09T19:23:09.8331415Z   - /home/runner/work/rustwright/rustwright/docs/ci/results/firefox-network-idle/local/release/consumer/.cargo/config.toml
2026-10-09T19:23:09.8332822Z   - /home/runner/work/rustwright/rustwright/docs/ci/results/remote-20261009/followup-local/consumer/.cargo/config.toml
2026-10-09T19:23:09.8334193Z   - /home/runner/work/rustwright/rustwright/docs/ci/results/required-browser/release/consumer/.cargo/config.toml
2026-10-09T19:23:09.8335480Z   - /home/runner/work/rustwright/rustwright/docs/release/results/local-package/consumer/.cargo/config.toml
2026-10-09T19:23:09.8336537Z   - /home/runner/work/rustwright/rustwright/examples/Cargo.toml
2026-10-09T19:23:09.8337247Z   - /home/runner/work/rustwright/rustwright/tests/Cargo.toml
2026-10-09T19:23:09.8338515Z ##[endgroup]
2026-10-09T19:23:09.8338736Z 
2026-10-09T19:23:09.8987456Z ... Cleaning /home/runner/work/rustwright/rustwright/target ...
2026-10-09T19:23:09.9470039Z ... Cleaning cargo registry (cache-all-crates: false) ...
2026-10-09T19:23:10.0733923Z ... Cleaning cargo/bin ...
2026-10-09T19:23:10.0750902Z ... Cleaning cargo git cache ...
2026-10-09T19:23:10.0755783Z ... Saving cache ...
2026-10-09T19:23:10.0919035Z [command]/usr/bin/tar --posix -cf cache.tzst --exclude cache.tzst -P -C /home/runner/work/rustwright/rustwright --files-from manifest.txt --use-compress-program zstdmt
2026-10-09T19:23:11.7983635Z Sent 27394048 of 50956878 (53.8%), 26.1 MBs/sec
2026-10-09T19:23:12.2969347Z Sent 50956878 of 50956878 (100.0%), 32.4 MBs/sec
2026-10-09T19:23:12.6262960Z Post job cleanup.
2026-10-09T19:23:12.7187567Z [command]/usr/bin/git version
2026-10-09T19:23:12.7228159Z git version 2.55.0
2026-10-09T19:23:12.7263949Z Temporarily overriding HOME='/home/runner/work/_temp/8dbf83c7-c157-48a6-a5f9-3de04cd6a984' before making global git config changes
2026-10-09T19:23:12.7265494Z Adding repository directory to the temporary git global config as a safe directory
2026-10-09T19:23:12.7270386Z [command]/usr/bin/git config --global --add safe.directory /home/runner/work/rustwright/rustwright
2026-10-09T19:23:12.7308446Z [command]/usr/bin/git config --local --name-only --get-regexp core\.sshCommand
2026-10-09T19:23:12.7343677Z [command]/usr/bin/git submodule foreach --recursive sh -c "git config --local --name-only --get-regexp 'core\.sshCommand' && git config --local --unset-all 'core.sshCommand' || :"
2026-10-09T19:23:12.7567722Z [command]/usr/bin/git config --local --name-only --get-regexp http\.https\:\/\/github\.com\/\.extraheader
2026-10-09T19:23:12.7598005Z http.https://github.com/.extraheader
2026-10-09T19:23:12.7611542Z [command]/usr/bin/git config --local --unset-all http.https://github.com/.extraheader
2026-10-09T19:23:12.7653894Z [command]/usr/bin/git submodule foreach --recursive sh -c "git config --local --name-only --get-regexp 'http\.https\:\/\/github\.com\/\.extraheader' && git config --local --unset-all 'http.https://github.com/.extraheader' || :"
2026-10-09T19:23:12.7898136Z [command]/usr/bin/git config --local --name-only --get-regexp ^includeIf\.gitdir:
2026-10-09T19:23:12.7946240Z [command]/usr/bin/git submodule foreach --recursive git config --local --show-origin --name-only --get-regexp remote.origin.url
2026-10-09T19:23:12.8356624Z Cleaning up orphan processes
