   Compiling rustwright-integration-tests v0.1.0 (/workspace/rustwright/tests)
    Finished `test` profile [unoptimized + debuginfo] target(s) in 5.47s
     Running http_disconnect.rs (target/debug/deps/http_disconnect-c07d6c39e224a143)

running 2 tests
test chrome_process_loss_and_manual_restart ... {"cleanup_ms":8.592445000000001,"cycle":1,"engine":"chrome","event_channel_closed":true,"pending_after_loss":0,"pid":1567881,"root_exited":true,"version":"Chrome/151.0.7922.173","wake_ms":8.241017}
{"cleanup_ms":18.646403999999997,"cycle":2,"engine":"chrome","event_channel_closed":true,"pending_after_loss":0,"pid":1568011,"root_exited":true,"version":"Chrome/151.0.7922.173","wake_ms":18.447762}
{"cleanup_ms":32.355375,"cycle":3,"engine":"chrome","event_channel_closed":true,"pending_after_loss":0,"pid":1568143,"root_exited":true,"version":"Chrome/151.0.7922.173","wake_ms":32.158147}
{"cleanup_ms":51.460375,"cycle":4,"engine":"chrome","event_channel_closed":true,"pending_after_loss":0,"pid":1568275,"root_exited":true,"version":"Chrome/151.0.7922.173","wake_ms":51.346661000000005}
{"cleanup_ms":168.212084,"cycle":5,"engine":"chrome","event_channel_closed":true,"pending_after_loss":0,"pid":1568408,"root_exited":true,"version":"Chrome/151.0.7922.173","wake_ms":167.729255}
{"cleanup_ms":23.554178,"cycle":6,"engine":"chrome","event_channel_closed":true,"pending_after_loss":0,"pid":1568537,"root_exited":true,"version":"Chrome/151.0.7922.173","wake_ms":23.440101000000002}
{"cleanup_ms":40.094437,"cycle":7,"engine":"chrome","event_channel_closed":true,"pending_after_loss":0,"pid":1568662,"root_exited":true,"version":"Chrome/151.0.7922.173","wake_ms":39.091354}
{"cleanup_ms":32.613401,"cycle":8,"engine":"chrome","event_channel_closed":true,"pending_after_loss":0,"pid":1568794,"root_exited":true,"version":"Chrome/151.0.7922.173","wake_ms":32.500224}
{"cleanup_ms":61.999719,"cycle":9,"engine":"chrome","event_channel_closed":true,"pending_after_loss":0,"pid":1568920,"root_exited":true,"version":"Chrome/151.0.7922.173","wake_ms":61.776019}
{"cleanup_ms":88.506937,"cycle":10,"engine":"chrome","event_channel_closed":true,"pending_after_loss":0,"pid":1569050,"root_exited":true,"version":"Chrome/151.0.7922.173","wake_ms":88.259898}
{"cleanup_ms":10.796872,"cycle":11,"engine":"chrome","event_channel_closed":true,"pending_after_loss":0,"pid":1569174,"root_exited":true,"version":"Chrome/151.0.7922.173","wake_ms":10.683358}
{"cleanup_ms":22.292366,"cycle":12,"engine":"chrome","event_channel_closed":true,"pending_after_loss":0,"pid":1569304,"root_exited":true,"version":"Chrome/151.0.7922.173","wake_ms":22.184382}
{"cleanup_ms":89.080203,"cycle":13,"engine":"chrome","event_channel_closed":true,"pending_after_loss":0,"pid":1569437,"root_exited":true,"version":"Chrome/151.0.7922.173","wake_ms":88.918705}
{"cleanup_ms":64.101508,"cycle":14,"engine":"chrome","event_channel_closed":true,"pending_after_loss":0,"pid":1569569,"root_exited":true,"version":"Chrome/151.0.7922.173","wake_ms":63.98912}
{"cleanup_ms":37.135031999999995,"cycle":15,"engine":"chrome","event_channel_closed":true,"pending_after_loss":0,"pid":1569702,"root_exited":true,"version":"Chrome/151.0.7922.173","wake_ms":36.930522}
{"cleanup_ms":38.681794,"cycle":16,"engine":"chrome","event_channel_closed":true,"pending_after_loss":0,"pid":1569833,"root_exited":true,"version":"Chrome/151.0.7922.173","wake_ms":38.545796}
{"cleanup_ms":52.030637,"cycle":17,"engine":"chrome","event_channel_closed":true,"pending_after_loss":0,"pid":1569963,"root_exited":true,"version":"Chrome/151.0.7922.173","wake_ms":51.917136}
{"cleanup_ms":51.706315000000004,"cycle":18,"engine":"chrome","event_channel_closed":true,"pending_after_loss":0,"pid":1570089,"root_exited":true,"version":"Chrome/151.0.7922.173","wake_ms":51.589897}
{"cleanup_ms":6.963486,"cycle":19,"engine":"chrome","event_channel_closed":true,"pending_after_loss":0,"pid":1570220,"root_exited":true,"version":"Chrome/151.0.7922.173","wake_ms":6.824335}
{"cleanup_ms":49.677672,"cycle":20,"engine":"chrome","event_channel_closed":true,"pending_after_loss":0,"pid":1570346,"root_exited":true,"version":"Chrome/151.0.7922.173","wake_ms":49.507341000000004}
{"cleanup_ms":30.087342,"cycle":21,"engine":"chrome","event_channel_closed":true,"pending_after_loss":0,"pid":1570479,"root_exited":true,"version":"Chrome/151.0.7922.173","wake_ms":29.97129}
{"cleanup_ms":19.798849,"cycle":22,"engine":"chrome","event_channel_closed":true,"pending_after_loss":0,"pid":1570608,"root_exited":true,"version":"Chrome/151.0.7922.173","wake_ms":19.61566}
{"cleanup_ms":52.881541,"cycle":23,"engine":"chrome","event_channel_closed":true,"pending_after_loss":0,"pid":1570739,"root_exited":true,"version":"Chrome/151.0.7922.173","wake_ms":52.708110000000005}
{"cleanup_ms":14.570411,"cycle":24,"engine":"chrome","event_channel_closed":true,"pending_after_loss":0,"pid":1570867,"root_exited":true,"version":"Chrome/151.0.7922.173","wake_ms":14.45543}
{"cleanup_ms":23.090038,"cycle":25,"engine":"chrome","event_channel_closed":true,"pending_after_loss":0,"pid":1571000,"root_exited":true,"version":"Chrome/151.0.7922.173","wake_ms":22.980154}
ok
test firefox_process_loss_and_manual_restart ... {"cleanup_ms":65.133652,"cycle":1,"engine":"firefox","event_channel_closed":true,"pending_after_loss":0,"pid":1571131,"root_exited":true,"version":"157.0.1","wake_ms":64.688153}
{"cleanup_ms":29.978435,"cycle":2,"engine":"firefox","event_channel_closed":true,"pending_after_loss":0,"pid":1571399,"root_exited":true,"version":"157.0.1","wake_ms":29.436139}
{"cleanup_ms":295.861558,"cycle":3,"engine":"firefox","event_channel_closed":true,"pending_after_loss":0,"pid":1571684,"root_exited":true,"version":"157.0.1","wake_ms":295.258807}
{"cleanup_ms":95.622292,"cycle":4,"engine":"firefox","event_channel_closed":true,"pending_after_loss":0,"pid":1571969,"root_exited":true,"version":"157.0.1","wake_ms":95.149332}
{"cleanup_ms":18.481506000000003,"cycle":5,"engine":"firefox","event_channel_closed":true,"pending_after_loss":0,"pid":1572266,"root_exited":true,"version":"157.0.1","wake_ms":17.90298}
{"cleanup_ms":66.48625299999999,"cycle":6,"engine":"firefox","event_channel_closed":true,"pending_after_loss":0,"pid":1572565,"root_exited":true,"version":"157.0.1","wake_ms":65.77498399999999}
{"cleanup_ms":26.418165000000002,"cycle":7,"engine":"firefox","event_channel_closed":true,"pending_after_loss":0,"pid":1572891,"root_exited":true,"version":"157.0.1","wake_ms":25.965394999999997}
{"cleanup_ms":54.552827,"cycle":8,"engine":"firefox","event_channel_closed":true,"pending_after_loss":0,"pid":1573218,"root_exited":true,"version":"157.0.1","wake_ms":53.879148}
{"cleanup_ms":35.840261,"cycle":9,"engine":"firefox","event_channel_closed":true,"pending_after_loss":0,"pid":1573501,"root_exited":true,"version":"157.0.1","wake_ms":35.352284999999995}
{"cleanup_ms":43.583186000000005,"cycle":10,"engine":"firefox","event_channel_closed":true,"pending_after_loss":0,"pid":1573800,"root_exited":true,"version":"157.0.1","wake_ms":35.715898}
{"cleanup_ms":137.91196,"cycle":11,"engine":"firefox","event_channel_closed":true,"pending_after_loss":0,"pid":1574083,"root_exited":true,"version":"157.0.1","wake_ms":137.20142099999998}
{"cleanup_ms":32.633434,"cycle":12,"engine":"firefox","event_channel_closed":true,"pending_after_loss":0,"pid":1574400,"root_exited":true,"version":"157.0.1","wake_ms":31.462464000000004}
{"cleanup_ms":34.131614,"cycle":13,"engine":"firefox","event_channel_closed":true,"pending_after_loss":0,"pid":1574678,"root_exited":true,"version":"157.0.1","wake_ms":33.564772}
{"cleanup_ms":20.138523,"cycle":14,"engine":"firefox","event_channel_closed":true,"pending_after_loss":0,"pid":1574986,"root_exited":true,"version":"157.0.1","wake_ms":19.070225999999998}
{"cleanup_ms":24.376972,"cycle":15,"engine":"firefox","event_channel_closed":true,"pending_after_loss":0,"pid":1575300,"root_exited":true,"version":"157.0.1","wake_ms":23.640553}
{"cleanup_ms":53.682085,"cycle":16,"engine":"firefox","event_channel_closed":true,"pending_after_loss":0,"pid":1575616,"root_exited":true,"version":"157.0.1","wake_ms":53.25146}
{"cleanup_ms":42.758831,"cycle":17,"engine":"firefox","event_channel_closed":true,"pending_after_loss":0,"pid":1575889,"root_exited":true,"version":"157.0.1","wake_ms":42.328707}
{"cleanup_ms":64.723662,"cycle":18,"engine":"firefox","event_channel_closed":true,"pending_after_loss":0,"pid":1576181,"root_exited":true,"version":"157.0.1","wake_ms":64.25213000000001}
{"cleanup_ms":62.676496,"cycle":19,"engine":"firefox","event_channel_closed":true,"pending_after_loss":0,"pid":1576481,"root_exited":true,"version":"157.0.1","wake_ms":62.269471}
{"cleanup_ms":26.041473999999997,"cycle":20,"engine":"firefox","event_channel_closed":true,"pending_after_loss":0,"pid":1576785,"root_exited":true,"version":"157.0.1","wake_ms":25.57023}
{"cleanup_ms":54.464675,"cycle":21,"engine":"firefox","event_channel_closed":true,"pending_after_loss":0,"pid":1577105,"root_exited":true,"version":"157.0.1","wake_ms":54.034845999999995}
{"cleanup_ms":24.976277000000003,"cycle":22,"engine":"firefox","event_channel_closed":true,"pending_after_loss":0,"pid":1577417,"root_exited":true,"version":"157.0.1","wake_ms":24.331707}
{"cleanup_ms":18.664609,"cycle":23,"engine":"firefox","event_channel_closed":true,"pending_after_loss":0,"pid":1577728,"root_exited":true,"version":"157.0.1","wake_ms":18.102854}
{"cleanup_ms":29.992064,"cycle":24,"engine":"firefox","event_channel_closed":true,"pending_after_loss":0,"pid":1578020,"root_exited":true,"version":"157.0.1","wake_ms":29.569482}
{"cleanup_ms":54.216233,"cycle":25,"engine":"firefox","event_channel_closed":true,"pending_after_loss":0,"pid":1578332,"root_exited":true,"version":"157.0.1","wake_ms":53.804676}
ok

test result: ok. 2 passed; 0 failed; 0 ignored; 0 measured; 0 filtered out; finished in 100.60s

