   Compiling rustwright-integration-tests v0.1.0 (/workspace/rustwright/tests)
    Finished `test` profile [unoptimized + debuginfo] target(s) in 3.71s
     Running http_intercept_lifecycle.rs (target/debug/deps/http_intercept_lifecycle-f9239ae13a2862ff)

running 4 tests
test firefox_intercept_cancellation_preserves_live_requests_and_prior_rules ... {"cycle":1,"known_intercept_ids":["864ab765-8310-407b-9395-e8a3e5b9311a"],"known_intercepts_absent":true,"mode":"cancel-add-with-blocked-request","pending":0,"version":"157.0.1"}
{"cycle":1,"known_intercept_ids":["3ca4eaa9-bf13-450e-89f6-302b694b1b70"],"known_intercepts_absent":true,"mode":"cancel-clear","pending":0,"version":"157.0.1"}
{"cycle":1,"known_intercept_ids":["8f0924a4-13a1-4841-8826-c27d908b0033","1894775e-2586-4f26-bcab-eb3dac10f136","38fa8d38-c5be-494d-a3ba-2aef28d642a9"],"known_intercepts_absent":true,"mode":"cancel-phase-upgrade","pending":0,"version":"157.0.1"}
{"cycle":2,"known_intercept_ids":["2df1aea9-a8b4-49af-89ff-98412ca7e03c"],"known_intercepts_absent":true,"mode":"cancel-add-with-blocked-request","pending":0,"version":"157.0.1"}
{"cycle":2,"known_intercept_ids":["b128e56f-ef95-4d6d-950b-995ad95e92df"],"known_intercepts_absent":true,"mode":"cancel-clear","pending":0,"version":"157.0.1"}
{"cycle":2,"known_intercept_ids":["b4d02e6b-f56f-47f6-a73d-68475f4cab7a","81b14676-fb6a-4a12-894c-33cbbbab7261","21c82687-14e8-4c80-ac78-0b1bd6dac4f8"],"known_intercepts_absent":true,"mode":"cancel-phase-upgrade","pending":0,"version":"157.0.1"}
{"cycle":3,"known_intercept_ids":["598d37c0-b634-42eb-8adc-16aac0ac6660"],"known_intercepts_absent":true,"mode":"cancel-add-with-blocked-request","pending":0,"version":"157.0.1"}
{"cycle":3,"known_intercept_ids":["a285eb40-19b9-4bce-a6f1-5de0c256e9a4"],"known_intercepts_absent":true,"mode":"cancel-clear","pending":0,"version":"157.0.1"}
{"cycle":3,"known_intercept_ids":["1cefa06d-7bcf-4426-8525-8c27185deeb1","2059bc03-a2e5-492b-86f8-a936ba3d1eb4","633e7a65-0d0b-44b1-aea8-e043b5e57efb"],"known_intercepts_absent":true,"mode":"cancel-phase-upgrade","pending":0,"version":"157.0.1"}
{"cycle":4,"known_intercept_ids":["aa0e0241-b22f-4a60-9424-ebf0c783e489"],"known_intercepts_absent":true,"mode":"cancel-add-with-blocked-request","pending":0,"version":"157.0.1"}
{"cycle":4,"known_intercept_ids":["a2f86880-8432-4b70-8301-2fd3b8147a3d"],"known_intercepts_absent":true,"mode":"cancel-clear","pending":0,"version":"157.0.1"}
{"cycle":4,"known_intercept_ids":["7e1001d5-3ca8-4eed-9518-510ff519b8ad","7623fb3d-6eca-4d6a-9e74-5564a6a89955","838e5e5e-b27e-41f8-963c-367d73295f4b"],"known_intercepts_absent":true,"mode":"cancel-phase-upgrade","pending":0,"version":"157.0.1"}
{"cycle":5,"known_intercept_ids":["8fba9481-fc13-41e7-8a2b-22be9001fec0"],"known_intercepts_absent":true,"mode":"cancel-add-with-blocked-request","pending":0,"version":"157.0.1"}
{"cycle":5,"known_intercept_ids":["7cc7710e-31e9-473c-b748-b2f5f51dc644"],"known_intercepts_absent":true,"mode":"cancel-clear","pending":0,"version":"157.0.1"}
{"cycle":5,"known_intercept_ids":["616b3853-e2fd-4d58-95ce-1091c6b31eaf","ea55f846-588d-4224-801d-68b82b0cbf7e","9fa3a4b4-e554-441a-9cc6-54acba06cece"],"known_intercepts_absent":true,"mode":"cancel-phase-upgrade","pending":0,"version":"157.0.1"}
{"cycle":6,"known_intercept_ids":["ccd28648-1ec4-486f-8946-30fa1ef629ad"],"known_intercepts_absent":true,"mode":"cancel-add-with-blocked-request","pending":0,"version":"157.0.1"}
{"cycle":6,"known_intercept_ids":["9fd543da-b699-4b52-81c0-c9028cbd976d"],"known_intercepts_absent":true,"mode":"cancel-clear","pending":0,"version":"157.0.1"}
{"cycle":6,"known_intercept_ids":["de959a93-1d61-4f54-b967-073a93131256","ed494651-940b-485d-a72f-32e4d994c4b2","435faf69-cc05-44d4-91d0-f994c92623a5"],"known_intercepts_absent":true,"mode":"cancel-phase-upgrade","pending":0,"version":"157.0.1"}
{"cycle":7,"known_intercept_ids":["e27c32a4-5e9a-40fc-94c2-5dcffadf950a"],"known_intercepts_absent":true,"mode":"cancel-add-with-blocked-request","pending":0,"version":"157.0.1"}
{"cycle":7,"known_intercept_ids":["a6e90634-4f18-4f10-9276-6cbc633d2d01"],"known_intercepts_absent":true,"mode":"cancel-clear","pending":0,"version":"157.0.1"}
{"cycle":7,"known_intercept_ids":["62427c50-8a1f-49a7-bd8c-99c6f3073749","a3eae6bc-0451-44ff-9baf-aec11f35835a","6d9fac1b-91b7-46bd-b4fd-e4f777bf7d72"],"known_intercepts_absent":true,"mode":"cancel-phase-upgrade","pending":0,"version":"157.0.1"}
{"cycle":8,"known_intercept_ids":["e093e51c-e4bd-4912-90b7-961ef8deb4e3"],"known_intercepts_absent":true,"mode":"cancel-add-with-blocked-request","pending":0,"version":"157.0.1"}
{"cycle":8,"known_intercept_ids":["17c2975d-f0ca-4ea1-a0cf-1c2d19eb459d"],"known_intercepts_absent":true,"mode":"cancel-clear","pending":0,"version":"157.0.1"}
{"cycle":8,"known_intercept_ids":["5db8b8a1-b065-4599-b163-66613db1844e","5ae8da44-4fc9-4d24-b6a1-15d28f3340cf","c720a0d2-97bd-47b0-b0a5-e8fa940967a9"],"known_intercepts_absent":true,"mode":"cancel-phase-upgrade","pending":0,"version":"157.0.1"}
{"cycle":9,"known_intercept_ids":["b558a4f5-93e6-484e-a163-d20634ff8559"],"known_intercepts_absent":true,"mode":"cancel-add-with-blocked-request","pending":0,"version":"157.0.1"}
{"cycle":9,"known_intercept_ids":["4b179b95-bcad-4ca2-be67-5d71efa68bb3"],"known_intercepts_absent":true,"mode":"cancel-clear","pending":0,"version":"157.0.1"}
{"cycle":9,"known_intercept_ids":["9353bca7-2f0b-4705-8ecb-3130417ad4c8","6869ff04-5671-4769-969e-29f1d0cf9bd0","1e89cf38-053e-41a5-991d-7ad8ccf9e8ca"],"known_intercepts_absent":true,"mode":"cancel-phase-upgrade","pending":0,"version":"157.0.1"}
{"cycle":10,"known_intercept_ids":["d0137ef3-9e4c-4b0d-9637-84d4ac3ae51f"],"known_intercepts_absent":true,"mode":"cancel-add-with-blocked-request","pending":0,"version":"157.0.1"}
{"cycle":10,"known_intercept_ids":["f4e498ef-8bbd-4390-bfc6-fb96dc338357"],"known_intercepts_absent":true,"mode":"cancel-clear","pending":0,"version":"157.0.1"}
{"cycle":10,"known_intercept_ids":["cb4ff720-1939-4f6b-b19d-f851bf2e1764","d01b176b-d9ea-47a3-ad0d-816b3ab55537","722e26dc-a32a-42fd-b81e-e440fd24b4f8"],"known_intercepts_absent":true,"mode":"cancel-phase-upgrade","pending":0,"version":"157.0.1"}
ok
test firefox_phase_expansion_keeps_prior_rules_usable_before_acknowledgment ... {"cycle":1,"known_intercept_ids":["5954be8c-511f-4507-845a-cb3399674f2b","4655e09f-f603-48f1-8387-c6adc7f7a65c"],"known_intercepts_absent":true,"mode":"active-rules-during-phase-upgrade","pending":0,"version":"157.0.1"}
{"cycle":2,"known_intercept_ids":["776f7aa2-02c5-4474-800e-abfc12af92e5","ea85b106-b75c-4919-bcbf-d1f8c0a8acd1"],"known_intercepts_absent":true,"mode":"active-rules-during-phase-upgrade","pending":0,"version":"157.0.1"}
{"cycle":3,"known_intercept_ids":["29adf98b-7afb-49ad-9201-8a4660b63a7b","a7424b52-eb40-4b55-b6ef-7b4e02ccb733"],"known_intercepts_absent":true,"mode":"active-rules-during-phase-upgrade","pending":0,"version":"157.0.1"}
{"cycle":4,"known_intercept_ids":["3d707313-e944-408d-b218-64f711253eda","5c465d89-0543-461f-ab02-45a5d1b7b11b"],"known_intercepts_absent":true,"mode":"active-rules-during-phase-upgrade","pending":0,"version":"157.0.1"}
{"cycle":5,"known_intercept_ids":["67d7274d-6274-4b16-9ff0-fd7b116e4cf3","bd76de80-d843-4f97-906a-011b8cb21b19"],"known_intercepts_absent":true,"mode":"active-rules-during-phase-upgrade","pending":0,"version":"157.0.1"}
{"cycle":6,"known_intercept_ids":["b6e909f2-791b-4d62-b525-d8d87dbcf423","3e7e5bd6-6cb3-4942-bdf2-e0b641ee5ec2"],"known_intercepts_absent":true,"mode":"active-rules-during-phase-upgrade","pending":0,"version":"157.0.1"}
{"cycle":7,"known_intercept_ids":["056308fc-f36a-4385-acd3-82c4744455b4","de55ac11-fc0b-4818-883b-d190a64ca669"],"known_intercepts_absent":true,"mode":"active-rules-during-phase-upgrade","pending":0,"version":"157.0.1"}
{"cycle":8,"known_intercept_ids":["f1404d59-63e1-4eb8-b172-d81caccf3907","65995219-a937-4424-9de4-a35ed0e32f0b"],"known_intercepts_absent":true,"mode":"active-rules-during-phase-upgrade","pending":0,"version":"157.0.1"}
{"cycle":9,"known_intercept_ids":["d704a7da-b921-44ba-b9b2-2fe8f8911d13","dad6e9c5-eec7-4eb6-adb7-1ec72a67c554"],"known_intercepts_absent":true,"mode":"active-rules-during-phase-upgrade","pending":0,"version":"157.0.1"}
{"cycle":10,"known_intercept_ids":["a4d7f4d6-6348-48a7-839a-922381476bc2","c5905902-58f1-48ac-99af-19d344a84654"],"known_intercepts_absent":true,"mode":"active-rules-during-phase-upgrade","pending":0,"version":"157.0.1"}
ok
test firefox_routing_phases_and_child_frame_requests_remain_functional ... {"cycle":1,"known_intercept_ids":["a4396a08-694d-4a59-9d39-6f0e66082fe9","0fa92fa3-9788-4cfd-9618-550087438a12"],"known_intercepts_absent":true,"mode":"request-response-child-frame","pending":0,"version":"157.0.1"}
ok
test firefox_shared_handles_drop_and_close_retire_only_owned_intercepts ... {"cycle":1,"known_intercept_ids":["6161b111-200d-4547-adb5-9b76ebfc8c81"],"known_intercepts_absent":true,"mode":"shared-handles-final-drop","pending":0,"version":"157.0.1"}
{"cycle":1,"known_intercept_ids":["20fe27a1-4d0b-4eed-ad73-6332a2644da0"],"known_intercepts_absent":true,"mode":"page-close-retained-handles","pending":0,"version":"157.0.1"}
{"cycle":1,"known_intercept_ids":["c8944772-0b0b-4102-a282-640ee95cf723","d04f17ea-94d6-4e7f-b545-0ab2fd86f050"],"known_intercepts_absent":true,"mode":"user-context-close-retained-pages","pending":0,"version":"157.0.1"}
{"cycle":2,"known_intercept_ids":["8f48083d-383f-4dc0-8fb5-c9b4a1157dea"],"known_intercepts_absent":true,"mode":"shared-handles-final-drop","pending":0,"version":"157.0.1"}
{"cycle":2,"known_intercept_ids":["84f11635-495e-4bea-947e-fd642cb1ef0b"],"known_intercepts_absent":true,"mode":"page-close-retained-handles","pending":0,"version":"157.0.1"}
{"cycle":2,"known_intercept_ids":["ff991536-52da-469d-b3a0-1a4a58cd5e72","72f86da3-1c9d-4645-af82-ef9fb9856042"],"known_intercepts_absent":true,"mode":"user-context-close-retained-pages","pending":0,"version":"157.0.1"}
{"cycle":3,"known_intercept_ids":["f9d36b09-1238-4971-8009-93fec68712f6"],"known_intercepts_absent":true,"mode":"shared-handles-final-drop","pending":0,"version":"157.0.1"}
{"cycle":3,"known_intercept_ids":["538b5459-3cad-4924-bb02-8b26bc9cc5bb"],"known_intercepts_absent":true,"mode":"page-close-retained-handles","pending":0,"version":"157.0.1"}
{"cycle":3,"known_intercept_ids":["86bd6145-a7b3-4219-a1cf-ff0f4f118281","c04dc68a-1bd9-4d12-a98a-08895e3eed92"],"known_intercepts_absent":true,"mode":"user-context-close-retained-pages","pending":0,"version":"157.0.1"}
{"cycle":4,"known_intercept_ids":["aabf1b9f-cc96-4d1e-9585-e5018643973f"],"known_intercepts_absent":true,"mode":"shared-handles-final-drop","pending":0,"version":"157.0.1"}
{"cycle":4,"known_intercept_ids":["ec998e57-5672-4a8c-bf92-4dd47397ff24"],"known_intercepts_absent":true,"mode":"page-close-retained-handles","pending":0,"version":"157.0.1"}
{"cycle":4,"known_intercept_ids":["89621afe-9d85-43fe-bfef-4521a1fa41bc","78cdc671-120f-434f-a5e3-163fa229e5be"],"known_intercepts_absent":true,"mode":"user-context-close-retained-pages","pending":0,"version":"157.0.1"}
{"cycle":5,"known_intercept_ids":["366a9929-50b1-430f-8204-1b0fb9e6e4e8"],"known_intercepts_absent":true,"mode":"shared-handles-final-drop","pending":0,"version":"157.0.1"}
{"cycle":5,"known_intercept_ids":["21614bd2-62b0-4b0e-99f6-0b335d4ff393"],"known_intercepts_absent":true,"mode":"page-close-retained-handles","pending":0,"version":"157.0.1"}
{"cycle":5,"known_intercept_ids":["b38e74de-d743-4f99-a44d-afab780b99aa","06f2608e-ec18-4987-b44f-9b9355af1dd8"],"known_intercepts_absent":true,"mode":"user-context-close-retained-pages","pending":0,"version":"157.0.1"}
{"cycle":6,"known_intercept_ids":["9b751df5-2f5f-4047-a985-d4f8de29e46b"],"known_intercepts_absent":true,"mode":"shared-handles-final-drop","pending":0,"version":"157.0.1"}
{"cycle":6,"known_intercept_ids":["24d474cd-1835-4e41-9b1c-6269f4e0c10b"],"known_intercepts_absent":true,"mode":"page-close-retained-handles","pending":0,"version":"157.0.1"}
{"cycle":6,"known_intercept_ids":["c2c05067-5923-4ce3-82f5-b1479dbb749b","031f6f83-73cf-4787-a971-4353e6a1c3f0"],"known_intercepts_absent":true,"mode":"user-context-close-retained-pages","pending":0,"version":"157.0.1"}
{"cycle":7,"known_intercept_ids":["ff3126e5-ddcd-4300-a2d3-fe301698d856"],"known_intercepts_absent":true,"mode":"shared-handles-final-drop","pending":0,"version":"157.0.1"}
{"cycle":7,"known_intercept_ids":["901c2839-0858-4c31-a3d6-11fb99bed064"],"known_intercepts_absent":true,"mode":"page-close-retained-handles","pending":0,"version":"157.0.1"}
{"cycle":7,"known_intercept_ids":["a7a90475-29ee-4a7e-a68c-3fbfe421ffec","e7eb4e61-824a-4d8d-bdcf-55bc95c4ced2"],"known_intercepts_absent":true,"mode":"user-context-close-retained-pages","pending":0,"version":"157.0.1"}
{"cycle":8,"known_intercept_ids":["a92f2b48-cc54-443f-93ee-335eafd2875d"],"known_intercepts_absent":true,"mode":"shared-handles-final-drop","pending":0,"version":"157.0.1"}
{"cycle":8,"known_intercept_ids":["a5c97025-6509-41a2-9b97-f134ceedf90a"],"known_intercepts_absent":true,"mode":"page-close-retained-handles","pending":0,"version":"157.0.1"}
{"cycle":8,"known_intercept_ids":["3da99f01-a6b5-4a45-944a-191b7e3e741b","31d0976f-6e57-4019-919c-a9d1a853402f"],"known_intercepts_absent":true,"mode":"user-context-close-retained-pages","pending":0,"version":"157.0.1"}
{"cycle":9,"known_intercept_ids":["dfe6d8cb-10c9-4e92-a495-a94c5b2d0c97"],"known_intercepts_absent":true,"mode":"shared-handles-final-drop","pending":0,"version":"157.0.1"}
{"cycle":9,"known_intercept_ids":["5f3b4ff4-0562-471f-abd7-25f96e93f523"],"known_intercepts_absent":true,"mode":"page-close-retained-handles","pending":0,"version":"157.0.1"}
{"cycle":9,"known_intercept_ids":["e0f83810-60d7-49e7-ad1c-0d6377b5fb7b","7d8f3599-96b6-46e8-8349-cae17aed226c"],"known_intercepts_absent":true,"mode":"user-context-close-retained-pages","pending":0,"version":"157.0.1"}
{"cycle":10,"known_intercept_ids":["98a5b8f6-d4af-49cb-963c-e3affa50fa0c"],"known_intercepts_absent":true,"mode":"shared-handles-final-drop","pending":0,"version":"157.0.1"}
{"cycle":10,"known_intercept_ids":["1cc4eff0-9ce7-4964-b79b-ab88dfde81b4"],"known_intercepts_absent":true,"mode":"page-close-retained-handles","pending":0,"version":"157.0.1"}
{"cycle":10,"known_intercept_ids":["6b81e74c-0cdf-4dbe-a9ba-d432dbba317d","899ec1d3-a151-4ee6-9bd7-481e75d4f9c0"],"known_intercepts_absent":true,"mode":"user-context-close-retained-pages","pending":0,"version":"157.0.1"}
ok

test result: ok. 4 passed; 0 failed; 0 ignored; 0 measured; 0 filtered out; finished in 27.25s

