[1m[92m    Finished[0m `test` profile [unoptimized + debuginfo] target(s) in 0.03s
[1m[92m     Running[0m http_network_idle_parity.rs (target/debug/deps/http_network_idle_parity-0a12434806582463)

running 26 tests
test chrome_abort ... Requested browser mode: headless=true
backend=chrome version=Chrome/151.0.7922.138
ok
test chrome_body_timeout_reuse ... Requested browser mode: headless=true
backend=chrome version=Chrome/151.0.7922.138
ok
test chrome_browser_closure ... Requested browser mode: headless=true
backend=chrome version=Chrome/151.0.7922.138
ok
test chrome_cancelled_waiter ... Requested browser mode: headless=true
backend=chrome version=Chrome/151.0.7922.138
ok
test chrome_child_removal ... Requested browser mode: headless=true
backend=chrome version=Chrome/151.0.7922.138
ok
test chrome_cross_origin_child ... Requested browser mode: headless=true
backend=chrome version=Chrome/151.0.7922.138
ok
test chrome_document_replacement ... Requested browser mode: headless=true
backend=chrome version=Chrome/151.0.7922.138
ok
test chrome_foreign_tab ... Requested browser mode: headless=true
backend=chrome version=Chrome/151.0.7922.138
ok
test chrome_interrupted_quiet ... Requested browser mode: headless=true
backend=chrome version=Chrome/151.0.7922.138
ok
test chrome_nested_children ... Requested browser mode: headless=true
backend=chrome version=Chrome/151.0.7922.138
ok
test chrome_page_closure ... Requested browser mode: headless=true
backend=chrome version=Chrome/151.0.7922.138
page_closure startup cycle=1/1 backend=chrome
ok
test chrome_partial_body ... Requested browser mode: headless=true
backend=chrome version=Chrome/151.0.7922.138
ok
test chrome_redirects ... Requested browser mode: headless=true
backend=chrome version=Chrome/151.0.7922.138
ok
test firefox_abort ... Requested browser mode: headless=true
backend=firefox version=Some("153.4.0")
ok
test firefox_body_timeout_reuse ... Requested browser mode: headless=true
backend=firefox version=Some("153.4.0")
ok
test firefox_browser_closure ... Requested browser mode: headless=true
backend=firefox version=Some("153.4.0")
ok
test firefox_cancelled_waiter ... Requested browser mode: headless=true
backend=firefox version=Some("153.4.0")
ok
test firefox_child_removal ... Requested browser mode: headless=true
backend=firefox version=Some("153.4.0")
ok
test firefox_cross_origin_child ... Requested browser mode: headless=true
backend=firefox version=Some("153.4.0")
ok
test firefox_document_replacement ... Requested browser mode: headless=true
backend=firefox version=Some("153.4.0")
ok
test firefox_foreign_tab ... Requested browser mode: headless=true
backend=firefox version=Some("153.4.0")
ok
test firefox_interrupted_quiet ... Requested browser mode: headless=true
backend=firefox version=Some("153.4.0")
ok
test firefox_nested_children ... Requested browser mode: headless=true
backend=firefox version=Some("153.4.0")
ok
test firefox_page_closure ... Requested browser mode: headless=true
backend=firefox version=Some("153.4.0")
page_closure startup cycle=1/5 backend=firefox
Requested browser mode: headless=true
backend=firefox version=Some("153.4.0")
page_closure startup cycle=2/5 backend=firefox
Requested browser mode: headless=true
backend=firefox version=Some("153.4.0")
page_closure startup cycle=3/5 backend=firefox
Requested browser mode: headless=true
backend=firefox version=Some("153.4.0")
page_closure startup cycle=4/5 backend=firefox
Requested browser mode: headless=true
backend=firefox version=Some("153.4.0")
page_closure startup cycle=5/5 backend=firefox
ok
test firefox_partial_body ... Requested browser mode: headless=true
backend=firefox version=Some("153.4.0")
ok
test firefox_redirects ... Requested browser mode: headless=true
backend=firefox version=Some("153.4.0")
ok

test result: ok. 26 passed; 0 failed; 0 ignored; 0 measured; 0 filtered out; finished in 93.15s

