[3003:3003:1009/204326.634971:FATAL:content/browser/zygote_host/zygote_host_impl_linux.cc:130] No usable sandbox! If you are running on Ubuntu 23.10+ or another Linux distro that has disabled unprivileged user namespaces with AppArmor, see https://chromium.googlesource.com/chromium/src/+/main/docs/security/apparmor-userns-restrictions.md. Otherwise see https://chromium.googlesource.com/chromium/src/+/main/docs/linux/suid_sandbox_development.md for more information on developing with the (older) SUID sandbox. If you want to live dangerously and need an immediate workaround, you can try using --no-sandbox.
[1009/204326.644834:ERROR:third_party/crashpad/crashpad/util/file/file_io_posix.cc:145] open /sys/devices/system/cpu/cpu0/cpufreq/scaling_cur_freq: No such file or directory (2)
[1009/204326.644880:ERROR:third_party/crashpad/crashpad/util/file/file_io_posix.cc:145] open /sys/devices/system/cpu/cpu0/cpufreq/scaling_max_freq: No such file or directory (2)
Received signal 6
#0 0x56371e985fc3 (/opt/hostedtoolcache/setup-chrome/chrome/stable/x64/chrome+0x6aecfc2)
#1 0x563723954174 (/opt/hostedtoolcache/setup-chrome/chrome/stable/x64/chrome+0xbabb173)
#2 0x7fd59b245330 (/usr/lib/x86_64-linux-gnu/libc.so.6+0x4532f)
#3 0x7fd59b24527e (/usr/lib/x86_64-linux-gnu/libc.so.6+0x4527d)
#4 0x7fd59b2288ff (/usr/lib/x86_64-linux-gnu/libc.so.6+0x288fe)
#5 0x56372394aed5 (/opt/hostedtoolcache/setup-chrome/chrome/stable/x64/chrome+0xbab1ed4)
#6 0x56372390ab8d (/opt/hostedtoolcache/setup-chrome/chrome/stable/x64/chrome+0xba71b8c)
#7 0x56372390aadd (/opt/hostedtoolcache/setup-chrome/chrome/stable/x64/chrome+0xba71adc)
#8 0x56371e64fc12 (/opt/hostedtoolcache/setup-chrome/chrome/stable/x64/chrome+0x67b6c11)
#9 0x56371dd76829 (/opt/hostedtoolcache/setup-chrome/chrome/stable/x64/chrome+0x5edd828)
#10 0x56371d8aef58 (/opt/hostedtoolcache/setup-chrome/chrome/stable/x64/chrome+0x5a15f57)
#11 0x563722e1d74f (/opt/hostedtoolcache/setup-chrome/chrome/stable/x64/chrome+0xaf8474e)
#12 0x56371ddbf90c (/opt/hostedtoolcache/setup-chrome/chrome/stable/x64/chrome+0x5f2690b)
#13 0x56371ddbf060 (/opt/hostedtoolcache/setup-chrome/chrome/stable/x64/chrome+0x5f2605f)
#14 0x7fd59b22a1ca (/usr/lib/x86_64-linux-gnu/libc.so.6+0x2a1c9)
#15 0x7fd59b22a28b (/usr/lib/x86_64-linux-gnu/libc.so.6+0x2a28a)
#16 0x56371ec3f36a (/opt/hostedtoolcache/setup-chrome/chrome/stable/x64/chrome+0x6da6369)
  r8: 000014080013c263  r9: 0000000000000001 r10: 0000000000000008 r11: 0000000000000246
 r12: 0000000000000006 r13: 000014080013c000 r14: 0000000000000016 r15: 00007ffd3f73aab8
  di: 0000000000000bbb  si: 0000000000000bbb  bp: 00007ffd3f73a430  bx: 0000000000000bbb
  dx: 0000000000000006  ax: 0000000000000000  cx: 00007fd59b29ec0c  sp: 00007ffd3f73a3f0
  ip: 00007fd59b29ec0c efl: 0000000000000246 cgf: 002b000000000033 erf: 0000000000000000
 trp: 0000000000000000 msk: 0000000000000000 cr2: 0000000000000000
[end of stack trace]
