   Packaging rustwright-cdp v0.1.0 (/workspace/rustwright/crates/rustwright-cdp)
    Packaged 22 files, 106.9KiB (25.2KiB compressed)
   Packaging rustwright-browser v0.1.0 (/workspace/rustwright/crates/rustwright-browser)
    Packaged 10 files, 56.1KiB (14.1KiB compressed)
   Packaging rustwright-common v0.1.0 (/workspace/rustwright/crates/rustwright-common)
    Packaged 10 files, 38.1KiB (10.9KiB compressed)
   Packaging rustwright-bidi v0.1.0 (/workspace/rustwright/crates/rustwright-bidi)
    Packaged 22 files, 241.7KiB (51.0KiB compressed)
   Packaging rustwright-core v0.1.0 (/workspace/rustwright/crates/rustwright-core)
    Packaged 20 files, 277.5KiB (60.6KiB compressed)
   Packaging rustwright v0.1.0 (/workspace/rustwright/crates/rustwright)
    Packaged 6 files, 34.4KiB (8.6KiB compressed)
   Packaging rustwright-examples v0.1.0 (/workspace/rustwright/examples)
    Packaged 15 files, 72.5KiB (20.1KiB compressed)
   Packaging rustwright-integration-tests v0.1.0 (/workspace/rustwright/tests)
    Packaged 24 files, 292.2KiB (51.1KiB compressed)
   Packaging rustwright-test-macros v0.1.0 (/workspace/rustwright/crates/rustwright-test-macros)
    Packaged 5 files, 4.7KiB (2.1KiB compressed)
   Packaging rustwright-test v0.1.0 (/workspace/rustwright/crates/rustwright-test)
    Packaged 9 files, 51.8KiB (14.2KiB compressed)
   Verifying rustwright-cdp v0.1.0 (/workspace/rustwright/crates/rustwright-cdp)
   Compiling rustwright-cdp v0.1.0 (/workspace/rustwright/target/package/rustwright-cdp-0.1.0)
    Finished `dev` profile [unoptimized + debuginfo] target(s) in 2.40s
   Verifying rustwright-browser v0.1.0 (/workspace/rustwright/crates/rustwright-browser)
   Unpacking rustwright-cdp v0.1.0 (registry `/workspace/rustwright/target/package/tmp-registry`)
   Compiling rustwright-cdp v0.1.0
   Compiling rustwright-browser v0.1.0 (/workspace/rustwright/target/package/rustwright-browser-0.1.0)
    Finished `dev` profile [unoptimized + debuginfo] target(s) in 4.39s
   Verifying rustwright-common v0.1.0 (/workspace/rustwright/crates/rustwright-common)
   Compiling serde_core v1.0.229
   Compiling serde_json v1.0.151
   Compiling rustwright-common v0.1.0 (/workspace/rustwright/target/package/rustwright-common-0.1.0)
    Finished `dev` profile [unoptimized + debuginfo] target(s) in 6.99s
   Verifying rustwright-bidi v0.1.0 (/workspace/rustwright/crates/rustwright-bidi)
   Unpacking rustwright-browser v0.1.0 (registry `/workspace/rustwright/target/package/tmp-registry`)
   Unpacking rustwright-common v0.1.0 (registry `/workspace/rustwright/target/package/tmp-registry`)
   Compiling rustwright-common v0.1.0
   Compiling rustwright-browser v0.1.0
   Compiling rustwright-bidi v0.1.0 (/workspace/rustwright/target/package/rustwright-bidi-0.1.0)
    Finished `dev` profile [unoptimized + debuginfo] target(s) in 10.89s
   Verifying rustwright-core v0.1.0 (/workspace/rustwright/crates/rustwright-core)
   Compiling rustwright-core v0.1.0 (/workspace/rustwright/target/package/rustwright-core-0.1.0)
    Finished `dev` profile [unoptimized + debuginfo] target(s) in 15.33s
   Verifying rustwright v0.1.0 (/workspace/rustwright/crates/rustwright)
   Unpacking rustwright-bidi v0.1.0 (registry `/workspace/rustwright/target/package/tmp-registry`)
   Unpacking rustwright-core v0.1.0 (registry `/workspace/rustwright/target/package/tmp-registry`)
   Compiling rustwright-bidi v0.1.0
   Compiling rustwright-core v0.1.0
   Compiling rustwright v0.1.0 (/workspace/rustwright/target/package/rustwright-0.1.0)
    Finished `dev` profile [unoptimized + debuginfo] target(s) in 18.85s
   Verifying rustwright-examples v0.1.0 (/workspace/rustwright/examples)
   Unpacking rustwright v0.1.0 (registry `/workspace/rustwright/target/package/tmp-registry`)
    Finished `dev` profile [unoptimized + debuginfo] target(s) in 18.92s
   Verifying rustwright-integration-tests v0.1.0 (/workspace/rustwright/tests)
    Finished `dev` profile [unoptimized + debuginfo] target(s) in 18.94s
   Verifying rustwright-test-macros v0.1.0 (/workspace/rustwright/crates/rustwright-test-macros)
   Compiling syn v2.0.119
   Compiling rustwright-test-macros v0.1.0 (/workspace/rustwright/target/package/rustwright-test-macros-0.1.0)
    Finished `dev` profile [unoptimized + debuginfo] target(s) in 21.28s
   Verifying rustwright-test v0.1.0 (/workspace/rustwright/crates/rustwright-test)
   Unpacking rustwright-test-macros v0.1.0 (registry `/workspace/rustwright/target/package/tmp-registry`)
   Compiling rustwright-test-macros v0.1.0
   Compiling rustwright-cdp v0.1.0
   Compiling rustwright-browser v0.1.0
   Compiling rustwright-core v0.1.0
   Compiling rustwright-bidi v0.1.0
   Compiling rustwright v0.1.0
   Compiling rustwright-test v0.1.0 (/workspace/rustwright/target/package/rustwright-test-0.1.0)
    Finished `dev` profile [unoptimized + debuginfo] target(s) in 25.63s
