   Packaging rustwright-cdp v0.1.0 (/workspace/rustwright/crates/rustwright-cdp)
    Packaged 25 files, 120.6KiB (30.1KiB compressed)
   Packaging rustwright-browser v0.1.0 (/workspace/rustwright/crates/rustwright-browser)
    Packaged 13 files, 69.8KiB (19.0KiB compressed)
   Packaging rustwright-common v0.1.0 (/workspace/rustwright/crates/rustwright-common)
    Packaged 13 files, 51.8KiB (15.7KiB compressed)
   Packaging rustwright-bidi v0.1.0 (/workspace/rustwright/crates/rustwright-bidi)
    Packaged 25 files, 255.4KiB (55.8KiB compressed)
   Packaging rustwright-core v0.1.0 (/workspace/rustwright/crates/rustwright-core)
    Packaged 23 files, 291.2KiB (65.5KiB compressed)
   Packaging rustwright v0.1.0 (/workspace/rustwright/crates/rustwright)
    Packaged 9 files, 48.1KiB (13.6KiB compressed)
   Packaging rustwright-test-macros v0.1.0 (/workspace/rustwright/crates/rustwright-test-macros)
    Packaged 8 files, 18.4KiB (7.0KiB compressed)
   Packaging rustwright-test v0.1.0 (/workspace/rustwright/crates/rustwright-test)
    Packaged 12 files, 65.5KiB (19.0KiB compressed)
   Verifying rustwright-cdp v0.1.0 (/workspace/rustwright/crates/rustwright-cdp)
   Compiling rustwright-cdp v0.1.0 (/workspace/rustwright/target/release-check/package-target/package/rustwright-cdp-0.1.0)
    Finished `dev` profile [unoptimized + debuginfo] target(s) in 0.88s
   Verifying rustwright-browser v0.1.0 (/workspace/rustwright/crates/rustwright-browser)
   Compiling rustwright-browser v0.1.0 (/workspace/rustwright/target/release-check/package-target/package/rustwright-browser-0.1.0)
    Finished `dev` profile [unoptimized + debuginfo] target(s) in 1.17s
   Verifying rustwright-common v0.1.0 (/workspace/rustwright/crates/rustwright-common)
   Compiling rustwright-common v0.1.0 (/workspace/rustwright/target/release-check/package-target/package/rustwright-common-0.1.0)
    Finished `dev` profile [unoptimized + debuginfo] target(s) in 1.33s
   Verifying rustwright-bidi v0.1.0 (/workspace/rustwright/crates/rustwright-bidi)
   Compiling rustwright-bidi v0.1.0 (/workspace/rustwright/target/release-check/package-target/package/rustwright-bidi-0.1.0)
    Finished `dev` profile [unoptimized + debuginfo] target(s) in 1.98s
   Verifying rustwright-core v0.1.0 (/workspace/rustwright/crates/rustwright-core)
   Compiling rustwright-core v0.1.0 (/workspace/rustwright/target/release-check/package-target/package/rustwright-core-0.1.0)
    Finished `dev` profile [unoptimized + debuginfo] target(s) in 2.62s
   Verifying rustwright v0.1.0 (/workspace/rustwright/crates/rustwright)
   Compiling rustwright v0.1.0 (/workspace/rustwright/target/release-check/package-target/package/rustwright-0.1.0)
    Finished `dev` profile [unoptimized + debuginfo] target(s) in 2.76s
   Verifying rustwright-test-macros v0.1.0 (/workspace/rustwright/crates/rustwright-test-macros)
   Compiling rustwright-test-macros v0.1.0 (/workspace/rustwright/target/release-check/package-target/package/rustwright-test-macros-0.1.0)
    Finished `dev` profile [unoptimized + debuginfo] target(s) in 2.92s
   Verifying rustwright-test v0.1.0 (/workspace/rustwright/crates/rustwright-test)
   Compiling rustwright-test v0.1.0 (/workspace/rustwright/target/release-check/package-target/package/rustwright-test-0.1.0)
    Finished `dev` profile [unoptimized + debuginfo] target(s) in 3.04s
