2026-10-09T23:39:50.7852637Z Current runner version: '2.337.0'
2026-10-09T23:39:50.7870878Z ##[group]Runner Image Provisioner
2026-10-09T23:39:50.7871527Z Hosted Compute Agent
2026-10-09T23:39:50.7871861Z Version: 20261002.596
2026-10-09T23:39:50.7872204Z Commit: c3d12f3313a95f25162a1503be624f3b0617f8c0
2026-10-09T23:39:50.7872655Z Build Date: 2026-10-02T22:28:27Z
2026-10-09T23:39:50.7873041Z Worker ID: {5ceb8653-ef9c-46bf-a10e-ab3b4a5fd422}
2026-10-09T23:39:50.7873482Z Region: westus3
2026-10-09T23:39:50.7873810Z Cloud: Azure
2026-10-09T23:39:50.7874118Z ##[endgroup]
2026-10-09T23:39:50.7875387Z ##[group]Operating System
2026-10-09T23:39:50.7875738Z Ubuntu
2026-10-09T23:39:50.7876099Z 24.04.5
2026-10-09T23:39:50.7876405Z LTS
2026-10-09T23:39:50.7876700Z ##[endgroup]
2026-10-09T23:39:50.7877043Z ##[group]Runner Image
2026-10-09T23:39:50.7877389Z Image: ubuntu-24.04
2026-10-09T23:39:50.7877727Z Version: 20261004.327.1
2026-10-09T23:39:50.7878495Z Included Software: https://github.com/actions/runner-images/blob/ubuntu24/20261004.327/images/ubuntu/Ubuntu2404-Readme.md
2026-10-09T23:39:50.7879399Z Image Release: https://github.com/actions/runner-images/releases/tag/ubuntu24%2F20261004.327
2026-10-09T23:39:50.7879922Z ##[endgroup]
2026-10-09T23:39:50.7880614Z ##[group]GITHUB_TOKEN Permissions
2026-10-09T23:39:50.7881742Z Contents: read
2026-10-09T23:39:50.7882066Z Metadata: read
2026-10-09T23:39:50.7882462Z ##[endgroup]
2026-10-09T23:39:50.7883759Z Secret source: Actions
2026-10-09T23:39:50.7884311Z Cache mode: write
2026-10-09T23:39:50.7884836Z Prepare workflow directory
2026-10-09T23:39:50.8128602Z Prepare all required actions
2026-10-09T23:39:50.8158975Z Getting action download info
2026-10-09T23:39:51.1461973Z Download action repository 'actions/checkout@v5' (SHA:fbc6f3992d24b796d5a048ff273f7fcc4a7b6c09)
2026-10-09T23:39:51.2438639Z Download action repository 'actions/setup-python@v6' (SHA:ece7cb06caefa5fff74198d8649806c4678c61a1)
2026-10-09T23:39:51.3621069Z Download action repository 'actions/download-artifact@v4' (SHA:d3f86a106a0bac45b974a628896c90dbdf5c8093)
2026-10-09T23:39:52.1188456Z Download action repository 'actions/upload-artifact@v4' (SHA:ea165f8d65b6e75b540449e92b4886f43607fa02)
2026-10-09T23:39:52.3102768Z Complete job name: Validate and summarize three comparison environments
2026-10-09T23:39:52.3631773Z ##[group]Run actions/checkout@v5
2026-10-09T23:39:52.3632529Z with:
2026-10-09T23:39:52.3633039Z   repository: rsasaki0109/rustwright
2026-10-09T23:39:52.3638178Z   token: ***
2026-10-09T23:39:52.3638673Z   ssh-strict: true
2026-10-09T23:39:52.3639182Z   ssh-user: git
2026-10-09T23:39:52.3639712Z   persist-credentials: true
2026-10-09T23:39:52.3640281Z   clean: true
2026-10-09T23:39:52.3640803Z   sparse-checkout-cone-mode: true
2026-10-09T23:39:52.3641412Z   fetch-depth: 1
2026-10-09T23:39:52.3641911Z   fetch-tags: false
2026-10-09T23:39:52.3642435Z   show-progress: true
2026-10-09T23:39:52.3642965Z   lfs: false
2026-10-09T23:39:52.3643463Z   submodules: false
2026-10-09T23:39:52.3643986Z   set-safe-directory: true
2026-10-09T23:39:52.3644678Z   allow-unsafe-pr-checkout: false
2026-10-09T23:39:52.3645373Z env:
2026-10-09T23:39:52.3645834Z   CARGO_TERM_COLOR: always
2026-10-09T23:39:52.3646400Z   CARGO_INCREMENTAL: 0
2026-10-09T23:39:52.3646936Z   CARGO_BUILD_JOBS: 2
2026-10-09T23:39:52.3647526Z   PLAYWRIGHT_SKIP_BROWSER_DOWNLOAD: 1
2026-10-09T23:39:52.3648160Z ##[endgroup]
2026-10-09T23:39:52.4286530Z Syncing repository: rsasaki0109/rustwright
2026-10-09T23:39:52.4288276Z ##[group]Getting Git version info
2026-10-09T23:39:52.4289286Z Working directory is '/home/runner/work/rustwright/rustwright'
2026-10-09T23:39:52.4290506Z [command]/usr/bin/git version
2026-10-09T23:39:52.4359904Z git version 2.55.0
2026-10-09T23:39:52.4376854Z ##[endgroup]
2026-10-09T23:39:52.4385457Z Temporarily overriding HOME='/home/runner/work/_temp/035f8c88-26fa-420b-8592-56e67ed69ecf' before making global git config changes
2026-10-09T23:39:52.4387905Z Adding repository directory to the temporary git global config as a safe directory
2026-10-09T23:39:52.4390960Z [command]/usr/bin/git config --global --add safe.directory /home/runner/work/rustwright/rustwright
2026-10-09T23:39:52.4435415Z Deleting the contents of '/home/runner/work/rustwright/rustwright'
2026-10-09T23:39:52.4438655Z ##[group]Initializing the repository
2026-10-09T23:39:52.4441340Z [command]/usr/bin/git init /home/runner/work/rustwright/rustwright
2026-10-09T23:39:52.4541363Z hint: Using 'master' as the name for the initial branch. This default branch name
2026-10-09T23:39:52.4543108Z hint: will change to "main" in Git 3.0. To configure the initial branch name
2026-10-09T23:39:52.4544821Z hint: to use in all of your new repositories, which will suppress this warning,
2026-10-09T23:39:52.4546171Z hint: call:
2026-10-09T23:39:52.4554796Z hint:
2026-10-09T23:39:52.4564783Z hint: 	git config --global init.defaultBranch <name>
2026-10-09T23:39:52.4565906Z hint:
2026-10-09T23:39:52.4566945Z hint: Names commonly chosen instead of 'master' are 'main', 'trunk' and
2026-10-09T23:39:52.4568606Z hint: 'development'. The just-created branch can be renamed via this command:
2026-10-09T23:39:52.4570018Z hint:
2026-10-09T23:39:52.4570770Z hint: 	git branch -m <name>
2026-10-09T23:39:52.4571621Z hint:
2026-10-09T23:39:52.4572757Z hint: Disable this message with "git config set advice.defaultBranchName false"
2026-10-09T23:39:52.4574779Z Initialized empty Git repository in /home/runner/work/rustwright/rustwright/.git/
2026-10-09T23:39:52.4578115Z [command]/usr/bin/git remote add origin https://github.com/rsasaki0109/rustwright
2026-10-09T23:39:52.4608277Z ##[endgroup]
2026-10-09T23:39:52.4609656Z ##[group]Disabling automatic garbage collection
2026-10-09T23:39:52.4610907Z [command]/usr/bin/git config --local gc.auto 0
2026-10-09T23:39:52.4678786Z ##[endgroup]
2026-10-09T23:39:52.4679651Z ##[group]Setting up auth
2026-10-09T23:39:52.4682145Z [command]/usr/bin/git config --local --name-only --get-regexp core\.sshCommand
2026-10-09T23:39:52.4716110Z [command]/usr/bin/git submodule foreach --recursive sh -c "git config --local --name-only --get-regexp 'core\.sshCommand' && git config --local --unset-all 'core.sshCommand' || :"
2026-10-09T23:39:52.5007909Z [command]/usr/bin/git config --local --name-only --get-regexp http\.https\:\/\/github\.com\/\.extraheader
2026-10-09T23:39:52.5040277Z [command]/usr/bin/git submodule foreach --recursive sh -c "git config --local --name-only --get-regexp 'http\.https\:\/\/github\.com\/\.extraheader' && git config --local --unset-all 'http.https://github.com/.extraheader' || :"
2026-10-09T23:39:52.5211529Z [command]/usr/bin/git config --local --name-only --get-regexp ^includeIf\.gitdir:
2026-10-09T23:39:52.5242421Z [command]/usr/bin/git submodule foreach --recursive git config --local --show-origin --name-only --get-regexp remote.origin.url
2026-10-09T23:39:52.5413735Z [command]/usr/bin/git config --local http.https://github.com/.extraheader AUTHORIZATION: basic ***
2026-10-09T23:39:52.5447428Z ##[endgroup]
2026-10-09T23:39:52.5448712Z ##[group]Fetching the repository
2026-10-09T23:39:52.5455209Z [command]/usr/bin/git -c protocol.version=2 fetch --no-tags --prune --no-recurse-submodules --depth=1 origin +06f12ef94b5edce44df68db6c28fb40b50421cb2:refs/remotes/pull/1/merge
2026-10-09T23:39:55.1406020Z From https://github.com/rsasaki0109/rustwright
2026-10-09T23:39:55.1406727Z  * [new ref]         06f12ef94b5edce44df68db6c28fb40b50421cb2 -> pull/1/merge
2026-10-09T23:39:55.1409324Z ##[endgroup]
2026-10-09T23:39:55.1409717Z ##[group]Determining the checkout info
2026-10-09T23:39:55.1415361Z ##[endgroup]
2026-10-09T23:39:55.1416822Z [command]/usr/bin/git sparse-checkout disable
2026-10-09T23:39:55.1470260Z [command]/usr/bin/git config --local --unset-all extensions.worktreeConfig
2026-10-09T23:39:55.1495858Z ##[group]Checking out the ref
2026-10-09T23:39:55.1497567Z [command]/usr/bin/git checkout --progress --force refs/remotes/pull/1/merge
2026-10-09T23:39:55.3750628Z Note: switching to 'refs/remotes/pull/1/merge'.
2026-10-09T23:39:55.3750967Z 
2026-10-09T23:39:55.3751105Z You are in 'detached HEAD' state. You can look around, make experimental
2026-10-09T23:39:55.3751750Z changes and commit them, and you can discard any commits you make in this
2026-10-09T23:39:55.3752017Z state without impacting any branches by switching back to a branch.
2026-10-09T23:39:55.3752185Z 
2026-10-09T23:39:55.3752327Z If you want to create a new branch to retain commits you create, you may
2026-10-09T23:39:55.3752578Z do so (now or later) by using -c with the switch command. Example:
2026-10-09T23:39:55.3752716Z 
2026-10-09T23:39:55.3752777Z   git switch -c <new-branch-name>
2026-10-09T23:39:55.3752886Z 
2026-10-09T23:39:55.3752946Z Or undo this operation with:
2026-10-09T23:39:55.3753068Z 
2026-10-09T23:39:55.3753122Z   git switch -
2026-10-09T23:39:55.3753207Z 
2026-10-09T23:39:55.3753325Z Turn off this advice by setting config variable advice.detachedHead to false
2026-10-09T23:39:55.3753481Z 
2026-10-09T23:39:55.3753660Z HEAD is now at 06f12ef Merge d563c82875b3ca820cfa5bd798fcd40ba878763e into 91e72af388d000266c9b4e7567a3e1fe4007fc33
2026-10-09T23:39:55.3815690Z ##[endgroup]
2026-10-09T23:39:55.3818235Z [command]/usr/bin/git log -1 --format=%H
2026-10-09T23:39:55.3840207Z 06f12ef94b5edce44df68db6c28fb40b50421cb2
2026-10-09T23:39:55.4035083Z ##[group]Run actions/setup-python@v6
2026-10-09T23:39:55.4035261Z with:
2026-10-09T23:39:55.4035383Z   python-version: 3.11
2026-10-09T23:39:55.4035507Z   check-latest: false
2026-10-09T23:39:55.4036809Z   token: ***
2026-10-09T23:39:55.4036924Z   update-environment: true
2026-10-09T23:39:55.4037058Z   allow-prereleases: false
2026-10-09T23:39:55.4037220Z   freethreaded: false
2026-10-09T23:39:55.4037338Z env:
2026-10-09T23:39:55.4037442Z   CARGO_TERM_COLOR: always
2026-10-09T23:39:55.4037564Z   CARGO_INCREMENTAL: 0
2026-10-09T23:39:55.4037679Z   CARGO_BUILD_JOBS: 2
2026-10-09T23:39:55.4037804Z   PLAYWRIGHT_SKIP_BROWSER_DOWNLOAD: 1
2026-10-09T23:39:55.4037944Z ##[endgroup]
2026-10-09T23:39:55.4806977Z ##[group]Installed versions
2026-10-09T23:39:55.4867892Z Successfully set up CPython (3.11.17)
2026-10-09T23:39:55.4868436Z ##[endgroup]
2026-10-09T23:39:55.5021098Z ##[group]Run actions/download-artifact@v4
2026-10-09T23:39:55.5021375Z with:
2026-10-09T23:39:55.5021558Z   pattern: comparison-host-*
2026-10-09T23:39:55.5021781Z   path: target/comparison/input
2026-10-09T23:39:55.5021995Z   merge-multiple: false
2026-10-09T23:39:55.5022198Z   repository: rsasaki0109/rustwright
2026-10-09T23:39:55.5022418Z   run-id: 38002188299
2026-10-09T23:39:55.5022596Z env:
2026-10-09T23:39:55.5022756Z   CARGO_TERM_COLOR: always
2026-10-09T23:39:55.5022953Z   CARGO_INCREMENTAL: 0
2026-10-09T23:39:55.5023135Z   CARGO_BUILD_JOBS: 2
2026-10-09T23:39:55.5023332Z   PLAYWRIGHT_SKIP_BROWSER_DOWNLOAD: 1
2026-10-09T23:39:55.5023611Z   pythonLocation: /opt/hostedtoolcache/Python/3.11.17/x64
2026-10-09T23:39:55.5023986Z   PKG_CONFIG_PATH: /opt/hostedtoolcache/Python/3.11.17/x64/lib/pkgconfig
2026-10-09T23:39:55.5024348Z   Python_ROOT_DIR: /opt/hostedtoolcache/Python/3.11.17/x64
2026-10-09T23:39:55.5024919Z   Python2_ROOT_DIR: /opt/hostedtoolcache/Python/3.11.17/x64
2026-10-09T23:39:55.5025293Z   Python3_ROOT_DIR: /opt/hostedtoolcache/Python/3.11.17/x64
2026-10-09T23:39:55.5025624Z   LD_LIBRARY_PATH: /opt/hostedtoolcache/Python/3.11.17/x64/lib
2026-10-09T23:39:55.5025903Z ##[endgroup]
2026-10-09T23:39:55.6114974Z (node:2159) [DEP0040] DeprecationWarning: The `punycode` module is deprecated. Please use a userland alternative instead.
2026-10-09T23:39:55.6115592Z (Use `node --trace-deprecation ...` to show where the warning was created)
2026-10-09T23:39:55.8367910Z Found 3 artifact(s)
2026-10-09T23:39:55.8368492Z Filtering artifacts by pattern 'comparison-host-*'
2026-10-09T23:39:55.8379815Z Preparing to download the following artifacts:
2026-10-09T23:39:55.8380621Z - comparison-host-3 (ID: 11650263711, Size: 223269, Expected Digest: sha256:a41447d0ba643f2bbf947e7fb14ccc8cc3eccf8f71ddee5634e76a80e62dbacd)
2026-10-09T23:39:55.8381487Z - comparison-host-2 (ID: 11650248646, Size: 220865, Expected Digest: sha256:9d4ed05268f2bf820b7a01b63cbcd3337ac78051262370e40484d86ba77da609)
2026-10-09T23:39:55.8382723Z - comparison-host-1 (ID: 11650233855, Size: 223770, Expected Digest: sha256:f13c790fa99499f44e7e7922ebd30411752ff2bcd0c0754e5bf8cfd0e3fd23a1)
2026-10-09T23:39:56.0579859Z Redirecting to blob download url: https://productionresultssa8.blob.core.windows.net/actions-results/bad241ba-8da4-8651-a96e-1f56aa42cf6e/workflow-job-run-d5ecca5b-0234-5534-a3a3-0612963f67e1/artifacts/b2f7555c5a667213b34e77ae1da2fee532b158f21f787149827461d4fa636e57.zip
2026-10-09T23:39:56.0581188Z Starting download of artifact to: /home/runner/work/rustwright/rustwright/target/comparison/input/comparison-host-3
2026-10-09T23:39:56.1808664Z Redirecting to blob download url: https://productionresultssa8.blob.core.windows.net/actions-results/bad241ba-8da4-8651-a96e-1f56aa42cf6e/workflow-job-run-c9d4e816-b4bd-5dff-afaf-3fc9a1988cd8/artifacts/6f5bdc2e20114c3b23768507fa12c080d2c8a6787b4371a66ce14430435c1c5e.zip
2026-10-09T23:39:56.1814083Z Starting download of artifact to: /home/runner/work/rustwright/rustwright/target/comparison/input/comparison-host-1
2026-10-09T23:39:56.1827560Z Redirecting to blob download url: https://productionresultssa8.blob.core.windows.net/actions-results/bad241ba-8da4-8651-a96e-1f56aa42cf6e/workflow-job-run-ce03bdce-3528-5cd8-8d94-15d52f45ee83/artifacts/21fda56aa419a9ce958e57000ddd99bd8d3fb83c6819e435b0bc3c3f05272b49.zip
2026-10-09T23:39:56.1828843Z Starting download of artifact to: /home/runner/work/rustwright/rustwright/target/comparison/input/comparison-host-2
2026-10-09T23:39:56.2665636Z (node:2159) [DEP0005] DeprecationWarning: Buffer() is deprecated due to security and usability issues. Please use the Buffer.alloc(), Buffer.allocUnsafe(), or Buffer.from() methods instead.
2026-10-09T23:39:56.4483394Z SHA256 digest of downloaded artifact is a41447d0ba643f2bbf947e7fb14ccc8cc3eccf8f71ddee5634e76a80e62dbacd
2026-10-09T23:39:56.4483758Z Artifact download completed successfully.
2026-10-09T23:39:56.5347036Z SHA256 digest of downloaded artifact is 9d4ed05268f2bf820b7a01b63cbcd3337ac78051262370e40484d86ba77da609
2026-10-09T23:39:56.5347833Z Artifact download completed successfully.
2026-10-09T23:39:56.5348615Z SHA256 digest of downloaded artifact is f13c790fa99499f44e7e7922ebd30411752ff2bcd0c0754e5bf8cfd0e3fd23a1
2026-10-09T23:39:56.5349096Z Artifact download completed successfully.
2026-10-09T23:39:56.5349369Z Total of 3 artifact(s) downloaded
2026-10-09T23:39:56.5353752Z Download artifact has finished successfully
2026-10-09T23:39:56.5468872Z ##[group]Run python bench/reliability/aggregate.py --reports \
2026-10-09T23:39:56.5469188Z [36;1mpython bench/reliability/aggregate.py --reports \[0m
2026-10-09T23:39:56.5469433Z [36;1m  target/comparison/input/comparison-host-1/report.json \[0m
2026-10-09T23:39:56.5469670Z [36;1m  target/comparison/input/comparison-host-2/report.json \[0m
2026-10-09T23:39:56.5469904Z [36;1m  target/comparison/input/comparison-host-3/report.json \[0m
2026-10-09T23:39:56.5470122Z [36;1m  --output target/comparison/aggregate.json \[0m
2026-10-09T23:39:56.5470333Z [36;1m  --markdown target/comparison/REPORT.md[0m
2026-10-09T23:39:56.5770680Z shell: /usr/bin/bash --noprofile --norc -e -o pipefail {0}
2026-10-09T23:39:56.5770896Z env:
2026-10-09T23:39:56.5771016Z   CARGO_TERM_COLOR: always
2026-10-09T23:39:56.5771157Z   CARGO_INCREMENTAL: 0
2026-10-09T23:39:56.5771283Z   CARGO_BUILD_JOBS: 2
2026-10-09T23:39:56.5771418Z   PLAYWRIGHT_SKIP_BROWSER_DOWNLOAD: 1
2026-10-09T23:39:56.5771663Z   pythonLocation: /opt/hostedtoolcache/Python/3.11.17/x64
2026-10-09T23:39:56.5771898Z   PKG_CONFIG_PATH: /opt/hostedtoolcache/Python/3.11.17/x64/lib/pkgconfig
2026-10-09T23:39:56.5772135Z   Python_ROOT_DIR: /opt/hostedtoolcache/Python/3.11.17/x64
2026-10-09T23:39:56.5772349Z   Python2_ROOT_DIR: /opt/hostedtoolcache/Python/3.11.17/x64
2026-10-09T23:39:56.5772563Z   Python3_ROOT_DIR: /opt/hostedtoolcache/Python/3.11.17/x64
2026-10-09T23:39:56.5772781Z   LD_LIBRARY_PATH: /opt/hostedtoolcache/Python/3.11.17/x64/lib
2026-10-09T23:39:56.5772992Z ##[endgroup]
2026-10-09T23:39:57.1204037Z Comparison invalid: target/comparison/aggregate.json
2026-10-09T23:39:57.1285806Z ##[error]Process completed with exit code 1.
2026-10-09T23:39:57.1340091Z ##[group]Run actions/upload-artifact@v4
2026-10-09T23:39:57.1340266Z with:
2026-10-09T23:39:57.1340385Z   name: comparison-summary
2026-10-09T23:39:57.1340582Z   path: target/comparison/aggregate.json
target/comparison/REPORT.md

2026-10-09T23:39:57.1340793Z   if-no-files-found: error
2026-10-09T23:39:57.1340932Z   compression-level: 6
2026-10-09T23:39:57.1341057Z   overwrite: false
2026-10-09T23:39:57.1341189Z   include-hidden-files: false
2026-10-09T23:39:57.1341324Z env:
2026-10-09T23:39:57.1341440Z   CARGO_TERM_COLOR: always
2026-10-09T23:39:57.1341569Z   CARGO_INCREMENTAL: 0
2026-10-09T23:39:57.1341694Z   CARGO_BUILD_JOBS: 2
2026-10-09T23:39:57.1341826Z   PLAYWRIGHT_SKIP_BROWSER_DOWNLOAD: 1
2026-10-09T23:39:57.1342013Z   pythonLocation: /opt/hostedtoolcache/Python/3.11.17/x64
2026-10-09T23:39:57.1342248Z   PKG_CONFIG_PATH: /opt/hostedtoolcache/Python/3.11.17/x64/lib/pkgconfig
2026-10-09T23:39:57.1342491Z   Python_ROOT_DIR: /opt/hostedtoolcache/Python/3.11.17/x64
2026-10-09T23:39:57.1342722Z   Python2_ROOT_DIR: /opt/hostedtoolcache/Python/3.11.17/x64
2026-10-09T23:39:57.1342937Z   Python3_ROOT_DIR: /opt/hostedtoolcache/Python/3.11.17/x64
2026-10-09T23:39:57.1343154Z   LD_LIBRARY_PATH: /opt/hostedtoolcache/Python/3.11.17/x64/lib
2026-10-09T23:39:57.1343337Z ##[endgroup]
2026-10-09T23:39:57.2448021Z (node:2174) [DEP0040] DeprecationWarning: The `punycode` module is deprecated. Please use a userland alternative instead.
2026-10-09T23:39:57.2448679Z (Use `node --trace-deprecation ...` to show where the warning was created)
2026-10-09T23:39:57.2483232Z Multiple search paths detected. Calculating the least common ancestor of all paths
2026-10-09T23:39:57.2495255Z The least common ancestor is /home/runner/work/rustwright/rustwright/target/comparison. This will be the root directory of the artifact
2026-10-09T23:39:57.2495995Z With the provided path, there will be 2 files uploaded
2026-10-09T23:39:57.2496855Z Artifact name is valid!
2026-10-09T23:39:57.2497282Z Root directory input is valid!
2026-10-09T23:39:57.5818297Z Beginning upload of artifact content to blob storage
2026-10-09T23:39:57.6208570Z (node:2174) [DEP0169] DeprecationWarning: `url.parse()` behavior is not standardized and prone to errors that have security implications. Use the WHATWG URL API instead. CVEs are not issued for `url.parse()` vulnerabilities.
2026-10-09T23:39:58.0498249Z Uploaded bytes 508898
2026-10-09T23:39:58.1058547Z Finished uploading artifact content to blob storage!
2026-10-09T23:39:58.1059011Z SHA256 digest of uploaded artifact zip is 29dcde8b60c6b531e8bb8ed3117b517055715e0d99b47e442218810adae1bc87
2026-10-09T23:39:58.1060199Z Finalizing artifact upload
2026-10-09T23:39:58.3596468Z Artifact comparison-summary.zip successfully finalized. Artifact ID 11651470155
2026-10-09T23:39:58.3596926Z Artifact comparison-summary has been successfully uploaded! Final size is 508898 bytes. Artifact ID is 11651470155
2026-10-09T23:39:58.3601847Z Artifact download URL: https://github.com/rsasaki0109/rustwright/actions/runs/38002188299/artifacts/11651470155
2026-10-09T23:39:58.3745736Z Post job cleanup.
2026-10-09T23:39:58.4270277Z [command]/usr/bin/git version
2026-10-09T23:39:58.4301032Z git version 2.55.0
2026-10-09T23:39:58.4325088Z Temporarily overriding HOME='/home/runner/work/_temp/d72ee6f9-be87-471d-a603-24343a7a1983' before making global git config changes
2026-10-09T23:39:58.4325728Z Adding repository directory to the temporary git global config as a safe directory
2026-10-09T23:39:58.4328565Z [command]/usr/bin/git config --global --add safe.directory /home/runner/work/rustwright/rustwright
2026-10-09T23:39:58.4361046Z [command]/usr/bin/git config --local --name-only --get-regexp core\.sshCommand
2026-10-09T23:39:58.4388061Z [command]/usr/bin/git submodule foreach --recursive sh -c "git config --local --name-only --get-regexp 'core\.sshCommand' && git config --local --unset-all 'core.sshCommand' || :"
2026-10-09T23:39:58.4585819Z [command]/usr/bin/git config --local --name-only --get-regexp http\.https\:\/\/github\.com\/\.extraheader
2026-10-09T23:39:58.4616534Z http.https://github.com/.extraheader
2026-10-09T23:39:58.4618581Z [command]/usr/bin/git config --local --unset-all http.https://github.com/.extraheader
2026-10-09T23:39:58.4651146Z [command]/usr/bin/git submodule foreach --recursive sh -c "git config --local --name-only --get-regexp 'http\.https\:\/\/github\.com\/\.extraheader' && git config --local --unset-all 'http.https://github.com/.extraheader' || :"
2026-10-09T23:39:58.4845315Z [command]/usr/bin/git config --local --name-only --get-regexp ^includeIf\.gitdir:
2026-10-09T23:39:58.4873792Z [command]/usr/bin/git submodule foreach --recursive git config --local --show-origin --name-only --get-regexp remote.origin.url
2026-10-09T23:39:58.5151680Z Cleaning up orphan processes
2026-10-09T23:39:58.5328435Z ##[warning]Node.js 20 is deprecated. The following actions target Node.js 20 but are being forced to run on Node.js 24: actions/download-artifact@v4, actions/upload-artifact@v4. For more information see: https://github.blog/changelog/2025-09-19-deprecation-of-node-20-on-github-actions-runners/
