2026-10-09T18:35:49.0602660Z Current runner version: '2.337.0'
2026-10-09T18:35:49.0635990Z ##[group]Runner Image Provisioner
2026-10-09T18:35:49.0636770Z Hosted Compute Agent
2026-10-09T18:35:49.0637530Z Version: 20260828.587
2026-10-09T18:35:49.0638140Z Commit: abac92662cab4cc7352de4f9f9d2e2419aad9c29
2026-10-09T18:35:49.0638760Z Build Date: 2026-08-28T16:44:25Z
2026-10-09T18:35:49.0639420Z Worker ID: {98795bcb-6432-4546-8543-a9c1eff3859b}
2026-10-09T18:35:49.0640000Z Azure Region: westus
2026-10-09T18:35:49.0640450Z ##[endgroup]
2026-10-09T18:35:49.0641800Z ##[group]Operating System
2026-10-09T18:35:49.0642340Z macOS
2026-10-09T18:35:49.0642880Z 26.6.2
2026-10-09T18:35:49.0643310Z 25G83
2026-10-09T18:35:49.0643860Z ##[endgroup]
2026-10-09T18:35:49.0644300Z ##[group]Runner Image
2026-10-09T18:35:49.0644810Z Image: macos-26-arm64
2026-10-09T18:35:49.0645300Z Version: 20260907.0351.1
2026-10-09T18:35:49.0646460Z Included Software: https://github.com/actions/runner-images/blob/macos-26-arm64/20260907.0351/images/macos/macos-26-arm64-Readme.md
2026-10-09T18:35:49.0647640Z Image Release: https://github.com/actions/runner-images/releases/tag/macos-26-arm64%2F20260907.0351
2026-10-09T18:35:49.0648490Z ##[endgroup]
2026-10-09T18:35:49.0649490Z ##[group]GITHUB_TOKEN Permissions
2026-10-09T18:35:49.0651570Z Contents: read
2026-10-09T18:35:49.0651970Z Metadata: read
2026-10-09T18:35:49.0652500Z ##[endgroup]
2026-10-09T18:35:49.0654370Z Secret source: Actions
2026-10-09T18:35:49.0654970Z Cache mode: write
2026-10-09T18:35:49.0655560Z Prepare workflow directory
2026-10-09T18:35:49.1130490Z Prepare all required actions
2026-10-09T18:35:49.1195820Z Getting action download info
2026-10-09T18:35:49.4753360Z Download action repository 'actions/checkout@v5' (SHA:fbc6f3992d24b796d5a048ff273f7fcc4a7b6c09)
2026-10-09T18:35:49.7264570Z Download action repository 'dtolnay/rust-toolchain@stable' (SHA:686976e191b89faba57d3206551f0f330d8cb249)
2026-10-09T18:35:50.0189500Z Download action repository 'Swatinem/rust-cache@v2' (SHA:6323deb102c322ba6fcbdcafc7e3dddab59af2b6)
2026-10-09T18:35:50.4458690Z Download action repository 'actions/setup-python@v6' (SHA:ece7cb06caefa5fff74198d8649806c4678c61a1)
2026-10-09T18:35:50.5366160Z Download action repository 'browser-actions/setup-chrome@v2' (SHA:48ad923757ca74d66703209fe939badbdf80f2f4)
2026-10-09T18:35:50.8594180Z Download action repository 'browser-actions/setup-firefox@v1' (SHA:0bc507ddf224827e3b1af68e014d5e42ab93e795)
2026-10-09T18:35:51.1903850Z Download action repository 'actions/upload-artifact@v4' (SHA:ea165f8d65b6e75b540449e92b4886f43607fa02)
2026-10-09T18:35:51.4742940Z Complete job name: Required Chrome + Firefox / macos-latest
2026-10-09T18:35:51.5447910Z ##[group]Run actions/checkout@v5
2026-10-09T18:35:51.5448800Z with:
2026-10-09T18:35:51.5449470Z   repository: rsasaki0109/rustwright
2026-10-09T18:35:51.5454540Z   token: ***
2026-10-09T18:35:51.5455090Z   ssh-strict: true
2026-10-09T18:35:51.5455660Z   ssh-user: git
2026-10-09T18:35:51.5456350Z   persist-credentials: true
2026-10-09T18:35:51.5457060Z   clean: true
2026-10-09T18:35:51.5457760Z   sparse-checkout-cone-mode: true
2026-10-09T18:35:51.5458400Z   fetch-depth: 1
2026-10-09T18:35:51.5458960Z   fetch-tags: false
2026-10-09T18:35:51.5460230Z   show-progress: true
2026-10-09T18:35:51.5460990Z   lfs: false
2026-10-09T18:35:51.5461540Z   submodules: false
2026-10-09T18:35:51.5462130Z   set-safe-directory: true
2026-10-09T18:35:51.5462770Z   allow-unsafe-pr-checkout: false
2026-10-09T18:35:51.5463810Z env:
2026-10-09T18:35:51.5464340Z   CARGO_TERM_COLOR: always
2026-10-09T18:35:51.5464940Z   RUST_BACKTRACE: 1
2026-10-09T18:35:51.5465490Z ##[endgroup]
2026-10-09T18:35:52.0073800Z Syncing repository: rsasaki0109/rustwright
2026-10-09T18:35:52.0076100Z ##[group]Getting Git version info
2026-10-09T18:35:52.0076990Z Working directory is '/Users/runner/work/rustwright/rustwright'
2026-10-09T18:35:52.0078340Z [command]/opt/homebrew/bin/git version
2026-10-09T18:35:52.0593650Z git version 2.55.0
2026-10-09T18:35:52.0608880Z ##[endgroup]
2026-10-09T18:35:52.0614560Z Copying '/Users/runner/.gitconfig' to '/Users/runner/work/_temp/8fe1a553-6d5f-46ca-8d76-ac95d87234eb/.gitconfig'
2026-10-09T18:35:52.0621500Z Temporarily overriding HOME='/Users/runner/work/_temp/8fe1a553-6d5f-46ca-8d76-ac95d87234eb' before making global git config changes
2026-10-09T18:35:52.0623040Z Adding repository directory to the temporary git global config as a safe directory
2026-10-09T18:35:52.0624560Z [command]/opt/homebrew/bin/git config --global --add safe.directory /Users/runner/work/rustwright/rustwright
2026-10-09T18:35:52.0738970Z Deleting the contents of '/Users/runner/work/rustwright/rustwright'
2026-10-09T18:35:52.0744300Z ##[group]Initializing the repository
2026-10-09T18:35:52.0746000Z [command]/opt/homebrew/bin/git init /Users/runner/work/rustwright/rustwright
2026-10-09T18:35:52.0973210Z hint: Using 'master' as the name for the initial branch. This default branch name
2026-10-09T18:35:52.0977780Z hint: will change to "main" in Git 3.0. To configure the initial branch name
2026-10-09T18:35:52.0980660Z hint: to use in all of your new repositories, which will suppress this warning,
2026-10-09T18:35:52.0982900Z hint: call:
2026-10-09T18:35:52.0984150Z hint:
2026-10-09T18:35:52.0985720Z hint: 	git config --global init.defaultBranch <name>
2026-10-09T18:35:52.0987500Z hint:
2026-10-09T18:35:52.0988340Z hint: Names commonly chosen instead of 'master' are 'main', 'trunk' and
2026-10-09T18:35:52.0989560Z hint: 'development'. The just-created branch can be renamed via this command:
2026-10-09T18:35:52.0990640Z hint:
2026-10-09T18:35:52.0991220Z hint: 	git branch -m <name>
2026-10-09T18:35:52.0991870Z hint:
2026-10-09T18:35:52.0992690Z hint: Disable this message with "git config set advice.defaultBranchName false"
2026-10-09T18:35:52.0993850Z Initialized empty Git repository in /Users/runner/work/rustwright/rustwright/.git/
2026-10-09T18:35:52.0996270Z [command]/opt/homebrew/bin/git remote add origin https://github.com/rsasaki0109/rustwright
2026-10-09T18:35:52.1084960Z ##[endgroup]
2026-10-09T18:35:52.1086370Z ##[group]Disabling automatic garbage collection
2026-10-09T18:35:52.1091220Z [command]/opt/homebrew/bin/git config --local gc.auto 0
2026-10-09T18:35:52.1194310Z ##[endgroup]
2026-10-09T18:35:52.1196630Z ##[group]Setting up auth
2026-10-09T18:35:52.1199180Z [command]/opt/homebrew/bin/git config --local --name-only --get-regexp core\.sshCommand
2026-10-09T18:35:52.1283690Z [command]/opt/homebrew/bin/git submodule foreach --recursive sh -c "git config --local --name-only --get-regexp 'core\.sshCommand' && git config --local --unset-all 'core.sshCommand' || :"
2026-10-09T18:35:52.2396130Z [command]/opt/homebrew/bin/git config --local --name-only --get-regexp http\.https\:\/\/github\.com\/\.extraheader
2026-10-09T18:35:52.2476160Z [command]/opt/homebrew/bin/git submodule foreach --recursive sh -c "git config --local --name-only --get-regexp 'http\.https\:\/\/github\.com\/\.extraheader' && git config --local --unset-all 'http.https://github.com/.extraheader' || :"
2026-10-09T18:35:52.3554590Z [command]/opt/homebrew/bin/git config --local --name-only --get-regexp ^includeIf\.gitdir:
2026-10-09T18:35:52.3955210Z [command]/opt/homebrew/bin/git submodule foreach --recursive git config --local --show-origin --name-only --get-regexp remote.origin.url
2026-10-09T18:35:52.5811770Z [command]/opt/homebrew/bin/git config --local http.https://github.com/.extraheader AUTHORIZATION: basic ***
2026-10-09T18:35:52.6125280Z ##[endgroup]
2026-10-09T18:35:52.6148080Z ##[group]Fetching the repository
2026-10-09T18:35:52.6253510Z [command]/opt/homebrew/bin/git -c protocol.version=2 fetch --no-tags --prune --no-recurse-submodules --depth=1 origin +a5ad697d97ded9323679eba93726cd7da324e269:refs/remotes/pull/1/merge
2026-10-09T18:35:53.8321830Z From https://github.com/rsasaki0109/rustwright
2026-10-09T18:35:53.8399510Z  * [new ref]         a5ad697d97ded9323679eba93726cd7da324e269 -> pull/1/merge
2026-10-09T18:35:53.8407060Z ##[endgroup]
2026-10-09T18:35:53.8407530Z ##[group]Determining the checkout info
2026-10-09T18:35:53.8408000Z ##[endgroup]
2026-10-09T18:35:53.8409440Z [command]/opt/homebrew/bin/git sparse-checkout disable
2026-10-09T18:35:53.8411900Z [command]/opt/homebrew/bin/git config --local --unset-all extensions.worktreeConfig
2026-10-09T18:35:53.8471150Z ##[group]Checking out the ref
2026-10-09T18:35:53.8474240Z [command]/opt/homebrew/bin/git checkout --progress --force refs/remotes/pull/1/merge
2026-10-09T18:35:54.0213380Z HEAD is now at a5ad697 Merge e3bc08e7ce0a117d173bdcde2924165806e8e854 into 91e72af388d000266c9b4e7567a3e1fe4007fc33
2026-10-09T18:35:54.0241490Z ##[endgroup]
2026-10-09T18:35:54.0367630Z [command]/opt/homebrew/bin/git log -1 --format=%H
2026-10-09T18:35:54.0450140Z a5ad697d97ded9323679eba93726cd7da324e269
2026-10-09T18:35:54.1253190Z ##[group]Run dtolnay/rust-toolchain@stable
2026-10-09T18:35:54.1253530Z with:
2026-10-09T18:35:54.1253730Z   toolchain: stable
2026-10-09T18:35:54.1253920Z env:
2026-10-09T18:35:54.1254100Z   CARGO_TERM_COLOR: always
2026-10-09T18:35:54.1254280Z   RUST_BACKTRACE: 1
2026-10-09T18:35:54.1254450Z ##[endgroup]
2026-10-09T18:35:54.1320290Z ##[start-action display=Parse toolchain version;id=__dtolnay_rust-toolchain.parse]
2026-10-09T18:35:54.1445470Z ##[group]Run if [[ -z $toolchain ]]; then
2026-10-09T18:35:54.1445820Z [36;1mif [[ -z $toolchain ]]; then[0m
2026-10-09T18:35:54.1446320Z [36;1m  # GitHub does not enforce `required: true` inputs itself. https://github.com/actions/runner/issues/1070[0m
2026-10-09T18:35:54.1446780Z [36;1m  echo "'toolchain' is a required input" >&2[0m
2026-10-09T18:35:54.1447070Z [36;1m  exit 1[0m
2026-10-09T18:35:54.1447400Z [36;1melif [[ $toolchain =~ ^stable' '[0-9]+' '(year|month|week|day)s?' 'ago$ ]]; then[0m
2026-10-09T18:35:54.1447870Z [36;1m  if [[ macOS == macOS ]]; then[0m
2026-10-09T18:35:54.1448400Z [36;1m    echo "toolchain=1.$((($(date -v-$(sed 's/stable \([0-9]*\) \(.\).*/\1\2/' <<< $toolchain) +%s)/60/60/24-16569)/7/6))" >> $GITHUB_OUTPUT[0m
2026-10-09T18:35:54.1448930Z [36;1m  else[0m
2026-10-09T18:35:54.1449340Z [36;1m    echo "toolchain=1.$((($(date --date "${toolchain#stable }" +%s)/60/60/24-16569)/7/6))" >> $GITHUB_OUTPUT[0m
2026-10-09T18:35:54.1449720Z [36;1m  fi[0m
2026-10-09T18:35:54.1449970Z [36;1melif [[ $toolchain =~ ^stable' 'minus' '[0-9]+' 'releases?$ ]]; then[0m
2026-10-09T18:35:54.1450410Z [36;1m  echo "toolchain=1.$((($(date +%s)/60/60/24-16569)/7/6-${toolchain//[^0-9]/}))" >> $GITHUB_OUTPUT[0m
2026-10-09T18:35:54.1450800Z [36;1melif [[ $toolchain =~ ^1\.[0-9]+$ ]]; then[0m
2026-10-09T18:35:54.1451230Z [36;1m  echo "toolchain=1.$((i=${toolchain#1.}, c=($(date +%s)/60/60/24-16569)/7/6, i+9*i*(10*i<=c)+90*i*(100*i<=c)))" >> $GITHUB_OUTPUT[0m
2026-10-09T18:35:54.1451640Z [36;1melse[0m
2026-10-09T18:35:54.1451800Z [36;1m  delimiter=EOF[0m
2026-10-09T18:35:54.1452040Z [36;1m  while [[ $toolchain == *$delimiter* ]]; do delimiter+=_; done[0m
2026-10-09T18:35:54.1452480Z [36;1m  printf 'toolchain<<%s\n%s\n%s\n' "$delimiter" "$toolchain" "$delimiter" >> $GITHUB_OUTPUT[0m
2026-10-09T18:35:54.1452820Z [36;1mfi[0m
2026-10-09T18:35:54.1512280Z shell: /bin/bash --noprofile --norc -e -o pipefail {0}
2026-10-09T18:35:54.1512590Z env:
2026-10-09T18:35:54.1512750Z   CARGO_TERM_COLOR: always
2026-10-09T18:35:54.1512930Z   RUST_BACKTRACE: 1
2026-10-09T18:35:54.1513090Z   toolchain: stable
2026-10-09T18:35:54.1513340Z ##[endgroup]
2026-10-09T18:35:54.2223160Z ##[end-action id=__dtolnay_rust-toolchain.parse;outcome=success;conclusion=success;duration_ms=90]
2026-10-09T18:35:54.2228160Z ##[start-action display=Set $CARGO_HOME;id=__dtolnay_rust-toolchain.__run]
2026-10-09T18:35:54.2403530Z ##[group]Run echo CARGO_HOME=${CARGO_HOME:-"$HOME/.cargo"} >> $GITHUB_ENV
2026-10-09T18:35:54.2404030Z [36;1mecho CARGO_HOME=${CARGO_HOME:-"$HOME/.cargo"} >> $GITHUB_ENV[0m
2026-10-09T18:35:54.2437840Z shell: /bin/bash --noprofile --norc -e -o pipefail {0}
2026-10-09T18:35:54.2438140Z env:
2026-10-09T18:35:54.2438320Z   CARGO_TERM_COLOR: always
2026-10-09T18:35:54.2438510Z   RUST_BACKTRACE: 1
2026-10-09T18:35:54.2438700Z ##[endgroup]
2026-10-09T18:35:54.3125130Z ##[end-action id=__dtolnay_rust-toolchain.__run;outcome=success;conclusion=success;duration_ms=89]
2026-10-09T18:35:54.3127520Z ##[start-action display=Install rustup if needed;id=__dtolnay_rust-toolchain.__run_2]
2026-10-09T18:35:54.3263790Z ##[group]Run if ! command -v rustup &>/dev/null; then
2026-10-09T18:35:54.3264790Z [36;1mif ! command -v rustup &>/dev/null; then[0m
2026-10-09T18:35:54.3266570Z [36;1m  curl --proto '=https' --tlsv1.2 --retry 10 --retry-connrefused --location --silent --show-error --fail https://sh.rustup.rs | sh -s -- --default-toolchain none -y[0m
2026-10-09T18:35:54.3268210Z [36;1m  echo "$CARGO_HOME/bin" >> $GITHUB_PATH[0m
2026-10-09T18:35:54.3270760Z [36;1mfi[0m
2026-10-09T18:35:54.3315480Z shell: /bin/bash --noprofile --norc -e -o pipefail {0}
2026-10-09T18:35:54.3315800Z env:
2026-10-09T18:35:54.3316100Z   CARGO_TERM_COLOR: always
2026-10-09T18:35:54.3316290Z   RUST_BACKTRACE: 1
2026-10-09T18:35:54.3316460Z   CARGO_HOME: /Users/runner/.cargo
2026-10-09T18:35:54.3316740Z ##[endgroup]
2026-10-09T18:35:54.3691160Z ##[end-action id=__dtolnay_rust-toolchain.__run_2;outcome=success;conclusion=success;duration_ms=56]
2026-10-09T18:35:54.3693540Z ##[start-action display=Install rustup if needed on windows;id=__dtolnay_rust-toolchain.__run_3]
2026-10-09T18:35:54.3700570Z ##[end-action id=__dtolnay_rust-toolchain.__run_3;outcome=skipped;conclusion=skipped;duration_ms=0]
2026-10-09T18:35:54.3712070Z ##[start-action display=rustup toolchain install stable;id=__dtolnay_rust-toolchain.__run_4]
2026-10-09T18:35:54.3746830Z ##[group]Run set -f  # split targets and components on commas and whitespace, without glob expansion
2026-10-09T18:35:54.3747520Z [36;1mset -f  # split targets and components on commas and whitespace, without glob expansion[0m
2026-10-09T18:35:54.3747890Z [36;1mflags=()[0m
2026-10-09T18:35:54.3748210Z [36;1mfor t in ${targets//,/ }; do flags+=(--target "$t"); done[0m
2026-10-09T18:35:54.3748580Z [36;1mfor c in ${components//,/ }; do flags+=(--component "$c"); done[0m
2026-10-09T18:35:54.3749140Z [36;1mif [[ $toolchain == nightly && -n $components ]]; then flags+=(--allow-downgrade); fi[0m
2026-10-09T18:35:54.3749520Z [36;1mlog=$(mktemp)[0m
2026-10-09T18:35:54.3749720Z [36;1mtrap 'rm -f "$log"' EXIT[0m
2026-10-09T18:35:54.3749990Z [36;1mfor attempt in 1 2 3 4 5; do[0m
2026-10-09T18:35:54.3750540Z [36;1m  if rustup toolchain install "$toolchain" "${flags[@]}" --profile minimal --no-self-update --force-non-host 2>&1 | tee "$log"; then[0m
2026-10-09T18:35:54.3751030Z [36;1m    break[0m
2026-10-09T18:35:54.3751190Z [36;1m  else[0m
2026-10-09T18:35:54.3751370Z [36;1m    status=$?[0m
2026-10-09T18:35:54.3751570Z [36;1m  fi[0m
2026-10-09T18:35:54.3751830Z [36;1m  if [[ $attempt == 5 ]] || ! grep -Fq 'checksum failed for ' "$log" \[0m
2026-10-09T18:35:54.3752340Z [36;1m      || ! grep -Fq 'this is likely due to an ongoing update of the official release server' "$log"; then[0m
2026-10-09T18:35:54.3752880Z [36;1m    exit "$status"[0m
2026-10-09T18:35:54.3753130Z [36;1m  fi[0m
2026-10-09T18:35:54.3753510Z [36;1m  echo "Retrying rustup toolchain install in 30 seconds (retry $attempt of 4)" >&2[0m
2026-10-09T18:35:54.3753940Z [36;1m  sleep 30[0m
2026-10-09T18:35:54.3754160Z [36;1mdone[0m
2026-10-09T18:35:54.3792240Z shell: /bin/bash --noprofile --norc -e -o pipefail {0}
2026-10-09T18:35:54.3792630Z env:
2026-10-09T18:35:54.3792830Z   CARGO_TERM_COLOR: always
2026-10-09T18:35:54.3793080Z   RUST_BACKTRACE: 1
2026-10-09T18:35:54.3793310Z   CARGO_HOME: /Users/runner/.cargo
2026-10-09T18:35:54.3793580Z   toolchain: stable
2026-10-09T18:35:54.3793790Z   targets: 
2026-10-09T18:35:54.3793970Z   components: 
2026-10-09T18:35:54.3794210Z   RUSTUP_PERMIT_COPY_RENAME: 1
2026-10-09T18:35:54.3794430Z ##[endgroup]
2026-10-09T18:35:54.9360960Z info: syncing channel updates for stable-aarch64-apple-darwin
2026-10-09T18:35:55.2072740Z info: latest update on 2026-10-01 for version 1.99.0 (b940084d7 2026-09-28)
2026-10-09T18:35:55.2190080Z info: removing previous version of component clippy
2026-10-09T18:35:55.2244340Z info: removing previous version of component rustfmt
2026-10-09T18:35:55.2293170Z info: removing previous version of component cargo
2026-10-09T18:35:55.2393150Z info: removing previous version of component rust-std
2026-10-09T18:35:55.2554600Z info: removing previous version of component rustc
2026-10-09T18:35:55.2690480Z info: downloading 5 components
2026-10-09T18:36:03.3229440Z 
2026-10-09T18:36:03.4466230Z   stable-aarch64-apple-darwin updated - rustc 1.99.0 (b940084d7 2026-09-28) (from rustc 1.98.1 (48a229cea 2026-09-01))
2026-10-09T18:36:03.4467010Z 
2026-10-09T18:36:03.4471900Z info: self-update is disabled for this build of rustup
2026-10-09T18:36:03.4472580Z info: any updates to rustup will need to be fetched with your system package manager
2026-10-09T18:36:03.4915470Z ##[end-action id=__dtolnay_rust-toolchain.__run_4;outcome=success;conclusion=success;duration_ms=9119]
2026-10-09T18:36:03.4939840Z ##[start-action display=rustup default stable;id=__dtolnay_rust-toolchain.__run_5]
2026-10-09T18:36:03.5064100Z ##[group]Run rustup default "$toolchain" --force-non-host
2026-10-09T18:36:03.5064640Z [36;1mrustup default "$toolchain" --force-non-host[0m
2026-10-09T18:36:03.5134420Z shell: /bin/bash --noprofile --norc -e -o pipefail {0}
2026-10-09T18:36:03.5134770Z env:
2026-10-09T18:36:03.5135120Z   CARGO_TERM_COLOR: always
2026-10-09T18:36:03.5135400Z   RUST_BACKTRACE: 1
2026-10-09T18:36:03.5135740Z   CARGO_HOME: /Users/runner/.cargo
2026-10-09T18:36:03.5136130Z   toolchain: stable
2026-10-09T18:36:03.5136360Z ##[endgroup]
2026-10-09T18:36:03.6602650Z info: using existing install for stable-aarch64-apple-darwin
2026-10-09T18:36:03.6640180Z info: default toolchain set to stable-aarch64-apple-darwin
2026-10-09T18:36:03.6640500Z 
2026-10-09T18:36:03.6854670Z   stable-aarch64-apple-darwin unchanged - rustc 1.99.0 (b940084d7 2026-09-28)
2026-10-09T18:36:03.6855060Z 
2026-10-09T18:36:03.6879250Z ##[end-action id=__dtolnay_rust-toolchain.__run_5;outcome=success;conclusion=success;duration_ms=193]
2026-10-09T18:36:03.6884290Z ##[start-action display=Create cachekey;id=__dtolnay_rust-toolchain.rustc-version]
2026-10-09T18:36:03.6909520Z ##[group]Run DATE=$(rustc +"$toolchain" --version --verbose | sed -ne 's/^commit-date: \(20[0-9][0-9]\)-\([01][0-9]\)-\([0-3][0-9]\)$/\1\2\3/p')
2026-10-09T18:36:03.6910430Z [36;1mDATE=$(rustc +"$toolchain" --version --verbose | sed -ne 's/^commit-date: \(20[0-9][0-9]\)-\([01][0-9]\)-\([0-3][0-9]\)$/\1\2\3/p')[0m
2026-10-09T18:36:03.6911070Z [36;1mHASH=$(rustc +"$toolchain" --version --verbose | sed -ne 's/^commit-hash: //p')[0m
2026-10-09T18:36:03.6911660Z [36;1mecho "cachekey=$(echo $DATE$HASH | head -c12)" >> $GITHUB_OUTPUT[0m
2026-10-09T18:36:03.6944930Z shell: /bin/bash --noprofile --norc -e -o pipefail {0}
2026-10-09T18:36:03.6945290Z env:
2026-10-09T18:36:03.6945560Z   CARGO_TERM_COLOR: always
2026-10-09T18:36:03.6945770Z   RUST_BACKTRACE: 1
2026-10-09T18:36:03.6946100Z   CARGO_HOME: /Users/runner/.cargo
2026-10-09T18:36:03.6946370Z   toolchain: stable
2026-10-09T18:36:03.6946660Z ##[endgroup]
2026-10-09T18:36:03.8300930Z ##[end-action id=__dtolnay_rust-toolchain.rustc-version;outcome=success;conclusion=success;duration_ms=141]
2026-10-09T18:36:03.8303630Z ##[start-action display=Disable incremental compilation;id=__dtolnay_rust-toolchain.__run_6]
2026-10-09T18:36:03.8328830Z ##[group]Run if [ -z "${CARGO_INCREMENTAL+set}" ]; then
2026-10-09T18:36:03.8329220Z [36;1mif [ -z "${CARGO_INCREMENTAL+set}" ]; then[0m
2026-10-09T18:36:03.8329650Z [36;1m  echo CARGO_INCREMENTAL=0 >> $GITHUB_ENV[0m
2026-10-09T18:36:03.8329900Z [36;1mfi[0m
2026-10-09T18:36:03.8366410Z shell: /bin/bash --noprofile --norc -e -o pipefail {0}
2026-10-09T18:36:03.8366780Z env:
2026-10-09T18:36:03.8367060Z   CARGO_TERM_COLOR: always
2026-10-09T18:36:03.8367400Z   RUST_BACKTRACE: 1
2026-10-09T18:36:03.8367680Z   CARGO_HOME: /Users/runner/.cargo
2026-10-09T18:36:03.8368420Z ##[endgroup]
2026-10-09T18:36:03.9076530Z ##[end-action id=__dtolnay_rust-toolchain.__run_6;outcome=success;conclusion=success;duration_ms=77]
2026-10-09T18:36:03.9079400Z ##[start-action display=Enable colors in Cargo output;id=__dtolnay_rust-toolchain.__run_7]
2026-10-09T18:36:03.9143280Z ##[group]Run if [ -z "${CARGO_TERM_COLOR+set}" ]; then
2026-10-09T18:36:03.9144150Z [36;1mif [ -z "${CARGO_TERM_COLOR+set}" ]; then[0m
2026-10-09T18:36:03.9144880Z [36;1m  echo CARGO_TERM_COLOR=always >> $GITHUB_ENV[0m
2026-10-09T18:36:03.9145480Z [36;1mfi[0m
2026-10-09T18:36:03.9185950Z shell: /bin/bash --noprofile --norc -e -o pipefail {0}
2026-10-09T18:36:03.9186280Z env:
2026-10-09T18:36:03.9186470Z   CARGO_TERM_COLOR: always
2026-10-09T18:36:03.9187070Z   RUST_BACKTRACE: 1
2026-10-09T18:36:03.9187330Z   CARGO_HOME: /Users/runner/.cargo
2026-10-09T18:36:03.9187630Z   CARGO_INCREMENTAL: 0
2026-10-09T18:36:03.9187840Z ##[endgroup]
2026-10-09T18:36:03.9766120Z ##[end-action id=__dtolnay_rust-toolchain.__run_7;outcome=success;conclusion=success;duration_ms=68]
2026-10-09T18:36:03.9773710Z ##[start-action display=Enable Cargo sparse registry;id=__dtolnay_rust-toolchain.__run_8]
2026-10-09T18:36:03.9802350Z ##[group]Run # implemented in 1.66, stabilized in 1.68, made default in 1.70
2026-10-09T18:36:03.9802820Z [36;1m# implemented in 1.66, stabilized in 1.68, made default in 1.70[0m
2026-10-09T18:36:03.9803400Z [36;1mif [ -z "${CARGO_REGISTRIES_CRATES_IO_PROTOCOL+set}" -o -f "/Users/runner/work/_temp"/.implicit_cargo_registries_crates_io_protocol ]; then[0m
2026-10-09T18:36:03.9804020Z [36;1m  if rustc +"$toolchain" --version --verbose | grep -q '^release: 1\.6[89]\.'; then[0m
2026-10-09T18:36:03.9804520Z [36;1m    touch "/Users/runner/work/_temp"/.implicit_cargo_registries_crates_io_protocol || true[0m
2026-10-09T18:36:03.9804980Z [36;1m    echo CARGO_REGISTRIES_CRATES_IO_PROTOCOL=sparse >> $GITHUB_ENV[0m
2026-10-09T18:36:03.9805400Z [36;1m  elif rustc +"$toolchain" --version --verbose | grep -q '^release: 1\.6[67]\.'; then[0m
2026-10-09T18:36:03.9805910Z [36;1m    touch "/Users/runner/work/_temp"/.implicit_cargo_registries_crates_io_protocol || true[0m
2026-10-09T18:36:03.9806370Z [36;1m    echo CARGO_REGISTRIES_CRATES_IO_PROTOCOL=git >> $GITHUB_ENV[0m
2026-10-09T18:36:03.9806650Z [36;1m  fi[0m
2026-10-09T18:36:03.9806800Z [36;1mfi[0m
2026-10-09T18:36:03.9840310Z shell: /bin/bash --noprofile --norc -e -o pipefail {0}
2026-10-09T18:36:03.9840600Z env:
2026-10-09T18:36:03.9840830Z   CARGO_TERM_COLOR: always
2026-10-09T18:36:03.9841050Z   RUST_BACKTRACE: 1
2026-10-09T18:36:03.9841250Z   CARGO_HOME: /Users/runner/.cargo
2026-10-09T18:36:03.9841480Z   CARGO_INCREMENTAL: 0
2026-10-09T18:36:03.9841660Z   toolchain: stable
2026-10-09T18:36:03.9841840Z ##[endgroup]
2026-10-09T18:36:04.1079790Z ##[end-action id=__dtolnay_rust-toolchain.__run_8;outcome=success;conclusion=success;duration_ms=130]
2026-10-09T18:36:04.1082670Z ##[start-action display=Work around spurious network errors in curl 8.0;id=__dtolnay_rust-toolchain.__run_9]
2026-10-09T18:36:04.1104110Z ##[group]Run # https://rust-lang.zulipchat.com/#narrow/stream/246057-t-cargo/topic/timeout.20investigation
2026-10-09T18:36:04.1104890Z [36;1m# https://rust-lang.zulipchat.com/#narrow/stream/246057-t-cargo/topic/timeout.20investigation[0m
2026-10-09T18:36:04.1105500Z [36;1mif rustc +"$toolchain" --version --verbose | grep -q '^release: 1\.7[01]\.'; then[0m
2026-10-09T18:36:04.1105890Z [36;1m  echo CARGO_HTTP_MULTIPLEXING=false >> $GITHUB_ENV[0m
2026-10-09T18:36:04.1106140Z [36;1mfi[0m
2026-10-09T18:36:04.1140140Z shell: /bin/bash --noprofile --norc -e -o pipefail {0}
2026-10-09T18:36:04.1140410Z env:
2026-10-09T18:36:04.1140590Z   CARGO_TERM_COLOR: always
2026-10-09T18:36:04.1140780Z   RUST_BACKTRACE: 1
2026-10-09T18:36:04.1140980Z   CARGO_HOME: /Users/runner/.cargo
2026-10-09T18:36:04.1141180Z   CARGO_INCREMENTAL: 0
2026-10-09T18:36:04.1141360Z   toolchain: stable
2026-10-09T18:36:04.1141520Z ##[endgroup]
2026-10-09T18:36:04.2158160Z ##[end-action id=__dtolnay_rust-toolchain.__run_9;outcome=success;conclusion=success;duration_ms=107]
2026-10-09T18:36:04.2162680Z ##[start-action display=rustc +stable --version --verbose;id=__dtolnay_rust-toolchain.__run_10]
2026-10-09T18:36:04.2203690Z ##[group]Run rustc +"$toolchain" --version --verbose
2026-10-09T18:36:04.2204070Z [36;1mrustc +"$toolchain" --version --verbose[0m
2026-10-09T18:36:04.2246500Z shell: /bin/bash --noprofile --norc -e -o pipefail {0}
2026-10-09T18:36:04.2246820Z env:
2026-10-09T18:36:04.2246980Z   CARGO_TERM_COLOR: always
2026-10-09T18:36:04.2247160Z   RUST_BACKTRACE: 1
2026-10-09T18:36:04.2247350Z   CARGO_HOME: /Users/runner/.cargo
2026-10-09T18:36:04.2247540Z   CARGO_INCREMENTAL: 0
2026-10-09T18:36:04.2247720Z   toolchain: stable
2026-10-09T18:36:04.2248210Z ##[endgroup]
2026-10-09T18:36:04.3327750Z rustc 1.99.0 (b940084d7 2026-09-28)
2026-10-09T18:36:04.3330600Z binary: rustc
2026-10-09T18:36:04.3331170Z commit-hash: b940084d7eb6a299eb4bfeb8e34901bc051e7ac4
2026-10-09T18:36:04.3331500Z commit-date: 2026-09-28
2026-10-09T18:36:04.3331780Z host: aarch64-apple-darwin
2026-10-09T18:36:04.3333200Z release: 1.99.0
2026-10-09T18:36:04.3333570Z LLVM version: 23.1.1
2026-10-09T18:36:04.3342150Z ##[end-action id=__dtolnay_rust-toolchain.__run_10;outcome=success;conclusion=success;duration_ms=117]
2026-10-09T18:36:04.3537610Z ##[group]Run Swatinem/rust-cache@v2
2026-10-09T18:36:04.3537870Z with:
2026-10-09T18:36:04.3538040Z   prefix-key: v0-rust
2026-10-09T18:36:04.3538240Z   add-job-id-key: true
2026-10-09T18:36:04.3538450Z   add-rust-environment-hash-key: true
2026-10-09T18:36:04.3538700Z   cache-targets: true
2026-10-09T18:36:04.3538890Z   cache-all-crates: false
2026-10-09T18:36:04.3539100Z   cache-workspace-crates: false
2026-10-09T18:36:04.3539300Z   save-if: true
2026-10-09T18:36:04.3539490Z   cache-provider: github
2026-10-09T18:36:04.3539680Z   cache-bin: true
2026-10-09T18:36:04.3539870Z   lookup-only: false
2026-10-09T18:36:04.3540040Z   cmd-format: {0}
2026-10-09T18:36:04.3540200Z env:
2026-10-09T18:36:04.3540380Z   CARGO_TERM_COLOR: always
2026-10-09T18:36:04.3540590Z   RUST_BACKTRACE: 1
2026-10-09T18:36:04.3540810Z   CARGO_HOME: /Users/runner/.cargo
2026-10-09T18:36:04.3541030Z   CARGO_INCREMENTAL: 0
2026-10-09T18:36:04.3541220Z ##[endgroup]
2026-10-09T18:36:05.1762780Z ##[group]Cache Configuration
2026-10-09T18:36:05.1765700Z Cache Provider:
2026-10-09T18:36:05.1766020Z     github
2026-10-09T18:36:05.1766330Z Workspaces:
2026-10-09T18:36:05.1766560Z     /Users/runner/work/rustwright/rustwright
2026-10-09T18:36:05.1766960Z Cache Paths:
2026-10-09T18:36:05.1767320Z     /Users/runner/.cargo/bin
2026-10-09T18:36:05.1767630Z     /Users/runner/.cargo/.crates.toml
2026-10-09T18:36:05.1768000Z     /Users/runner/.cargo/.crates2.json
2026-10-09T18:36:05.1768380Z     /Users/runner/.cargo/registry
2026-10-09T18:36:05.1768650Z     /Users/runner/.cargo/git
2026-10-09T18:36:05.1769240Z     /Users/runner/work/rustwright/rustwright/target
2026-10-09T18:36:05.1769630Z Restore Key:
2026-10-09T18:36:05.1771340Z     v0-rust-browser-compat-Darwin-arm64-22602039
2026-10-09T18:36:05.1771710Z Cache Key:
2026-10-09T18:36:05.1772020Z     v0-rust-browser-compat-Darwin-arm64-22602039-260f3700
2026-10-09T18:36:05.1772620Z .. Prefix:
2026-10-09T18:36:05.1772910Z   - v0-rust-browser-compat-Darwin-arm64
2026-10-09T18:36:05.1773610Z .. Environment considered:
2026-10-09T18:36:05.1773880Z   - Rust Versions:
2026-10-09T18:36:05.1774460Z     - 1.99.0 aarch64-apple-darwin b940084d7eb6a299eb4bfeb8e34901bc051e7ac4
2026-10-09T18:36:05.1775090Z   - CARGO_HOME
2026-10-09T18:36:05.1775360Z   - CARGO_INCREMENTAL
2026-10-09T18:36:05.1775660Z   - CARGO_TERM_COLOR
2026-10-09T18:36:05.1776020Z   - RUST_BACKTRACE
2026-10-09T18:36:05.1776570Z .. Lockfiles considered:
2026-10-09T18:36:05.1777240Z   - /Users/runner/work/rustwright/rustwright/Cargo.lock
2026-10-09T18:36:05.1790030Z   - /Users/runner/work/rustwright/rustwright/crates/rustwright-bidi/Cargo.toml
2026-10-09T18:36:05.1792980Z   - /Users/runner/work/rustwright/rustwright/crates/rustwright-browser/Cargo.toml
2026-10-09T18:36:05.1793710Z   - /Users/runner/work/rustwright/rustwright/crates/rustwright-cdp/Cargo.toml
2026-10-09T18:36:05.1794820Z   - /Users/runner/work/rustwright/rustwright/crates/rustwright-common/Cargo.toml
2026-10-09T18:36:05.1795320Z   - /Users/runner/work/rustwright/rustwright/crates/rustwright-core/Cargo.toml
2026-10-09T18:36:05.1795830Z   - /Users/runner/work/rustwright/rustwright/crates/rustwright-test-macros/Cargo.toml
2026-10-09T18:36:05.1796270Z   - /Users/runner/work/rustwright/rustwright/crates/rustwright-test/Cargo.toml
2026-10-09T18:36:05.1796680Z   - /Users/runner/work/rustwright/rustwright/crates/rustwright/Cargo.toml
2026-10-09T18:36:05.1797210Z   - /Users/runner/work/rustwright/rustwright/docs/ci/results/remote-20261009/followup-local/consumer/.cargo/config.toml
2026-10-09T18:36:05.1798640Z   - /Users/runner/work/rustwright/rustwright/docs/ci/results/required-browser/release/consumer/.cargo/config.toml
2026-10-09T18:36:05.1800020Z   - /Users/runner/work/rustwright/rustwright/docs/release/results/local-package/consumer/.cargo/config.toml
2026-10-09T18:36:05.1800600Z   - /Users/runner/work/rustwright/rustwright/examples/Cargo.toml
2026-10-09T18:36:05.1800980Z   - /Users/runner/work/rustwright/rustwright/tests/Cargo.toml
2026-10-09T18:36:05.1801570Z ##[endgroup]
2026-10-09T18:36:05.1802360Z 
2026-10-09T18:36:05.1802470Z ... Restoring cache ...
2026-10-09T18:36:05.3607030Z Cache hit for restore-key: v0-rust-browser-compat-Darwin-arm64-22602039-ed23558d
2026-10-09T18:36:06.5223520Z Received 52633639 of 56827943 (92.6%), 50.0 MBs/sec
2026-10-09T18:36:06.7135220Z Received 56827943 of 56827943 (100.0%), 45.2 MBs/sec
2026-10-09T18:36:06.7237230Z Cache Size: ~54 MB (56827943 B)
2026-10-09T18:36:06.7305800Z [command]/opt/homebrew/bin/gtar -xf /Users/runner/work/_temp/bfa1039b-af62-40ca-855f-79615fd0e1f9/cache.tzst -P -C /Users/runner/work/rustwright/rustwright --delay-directory-restore --use-compress-program unzstd
2026-10-09T18:36:07.4012430Z Cache restored successfully
2026-10-09T18:36:07.4024730Z Restored from cache key "v0-rust-browser-compat-Darwin-arm64-22602039-ed23558d" full match: false.
2026-10-09T18:36:07.4244370Z ##[group]Run actions/setup-python@v6
2026-10-09T18:36:07.4244660Z with:
2026-10-09T18:36:07.4244860Z   python-version: 3.11
2026-10-09T18:36:07.4245030Z   check-latest: false
2026-10-09T18:36:07.4246930Z   token: ***
2026-10-09T18:36:07.4247120Z   update-environment: true
2026-10-09T18:36:07.4247330Z   allow-prereleases: false
2026-10-09T18:36:07.4247510Z   freethreaded: false
2026-10-09T18:36:07.4247690Z env:
2026-10-09T18:36:07.4247850Z   CARGO_TERM_COLOR: always
2026-10-09T18:36:07.4248070Z   RUST_BACKTRACE: 1
2026-10-09T18:36:07.4248310Z   CARGO_HOME: /Users/runner/.cargo
2026-10-09T18:36:07.4248530Z   CARGO_INCREMENTAL: 0
2026-10-09T18:36:07.4248710Z   CACHE_ON_FAILURE: false
2026-10-09T18:36:07.4248890Z ##[endgroup]
2026-10-09T18:36:07.6115510Z ##[group]Installed versions
2026-10-09T18:36:07.6224450Z Successfully set up CPython (3.11.9)
2026-10-09T18:36:07.6225140Z ##[endgroup]
2026-10-09T18:36:07.6434640Z ##[group]Run browser-actions/setup-chrome@v2
2026-10-09T18:36:07.6435390Z with:
2026-10-09T18:36:07.6435810Z   chrome-version: stable
2026-10-09T18:36:07.6436340Z   install-dependencies: true
2026-10-09T18:36:07.6436860Z   install-chromedriver: false
2026-10-09T18:36:07.6437360Z   no-sudo: false
2026-10-09T18:36:07.6437790Z env:
2026-10-09T18:36:07.6438170Z   CARGO_TERM_COLOR: always
2026-10-09T18:36:07.6438640Z   RUST_BACKTRACE: 1
2026-10-09T18:36:07.6439090Z   CARGO_HOME: /Users/runner/.cargo
2026-10-09T18:36:07.6439640Z   CARGO_INCREMENTAL: 0
2026-10-09T18:36:07.6440130Z   CACHE_ON_FAILURE: false
2026-10-09T18:36:07.6440820Z   pythonLocation: /Users/runner/hostedtoolcache/Python/3.11.9/arm64
2026-10-09T18:36:07.6441850Z   PKG_CONFIG_PATH: /Users/runner/hostedtoolcache/Python/3.11.9/arm64/lib/pkgconfig
2026-10-09T18:36:07.6442900Z   Python_ROOT_DIR: /Users/runner/hostedtoolcache/Python/3.11.9/arm64
2026-10-09T18:36:07.6443930Z   Python2_ROOT_DIR: /Users/runner/hostedtoolcache/Python/3.11.9/arm64
2026-10-09T18:36:07.6445710Z   Python3_ROOT_DIR: /Users/runner/hostedtoolcache/Python/3.11.9/arm64
2026-10-09T18:36:07.6446490Z ##[endgroup]
2026-10-09T18:36:07.7624210Z Installing dependencies
2026-10-09T18:36:07.7665030Z ##[warning]install-dependencies is only supported on Linux, but current platform is darwin
2026-10-09T18:36:07.7678160Z Setup chrome stable
2026-10-09T18:36:07.7678730Z Attempting to download chrome stable...
2026-10-09T18:36:07.8502700Z Acquiring chrome stable from https://storage.googleapis.com/chrome-for-testing-public/155.0.8059.39/mac-arm64/chrome-mac-arm64.zip
2026-10-09T18:36:10.7891920Z Installing chrome...
2026-10-09T18:36:10.7995470Z [command]/usr/bin/unzip -o -q /Users/runner/work/_temp/cc1f8c30-d4e8-49c1-827c-1f107e913a1b
2026-10-09T18:36:16.4086440Z Successfully Installed chrome to /Users/runner/hostedtoolcache/setup-chrome/chrome/stable/arm64
2026-10-09T18:36:16.4092150Z [command]/Users/runner/hostedtoolcache/setup-chrome/chrome/stable/arm64/Contents/MacOS/Google Chrome for Testing --version
2026-10-09T18:36:16.6635070Z Google Chrome for Testing 155.0.8059.39 
2026-10-09T18:36:16.6662330Z Successfully setup chrome 155.0.8059.39
2026-10-09T18:36:16.6863150Z ##[group]Run browser-actions/setup-firefox@v1
2026-10-09T18:36:16.6863580Z with:
2026-10-09T18:36:16.6863890Z   firefox-version: 157.0.1
2026-10-09T18:36:16.6864110Z env:
2026-10-09T18:36:16.6864400Z   CARGO_TERM_COLOR: always
2026-10-09T18:36:16.6864820Z   RUST_BACKTRACE: 1
2026-10-09T18:36:16.6865110Z   CARGO_HOME: /Users/runner/.cargo
2026-10-09T18:36:16.6865500Z   CARGO_INCREMENTAL: 0
2026-10-09T18:36:16.6865880Z   CACHE_ON_FAILURE: false
2026-10-09T18:36:16.6866280Z   pythonLocation: /Users/runner/hostedtoolcache/Python/3.11.9/arm64
2026-10-09T18:36:16.6866850Z   PKG_CONFIG_PATH: /Users/runner/hostedtoolcache/Python/3.11.9/arm64/lib/pkgconfig
2026-10-09T18:36:16.6867290Z   Python_ROOT_DIR: /Users/runner/hostedtoolcache/Python/3.11.9/arm64
2026-10-09T18:36:16.6867880Z   Python2_ROOT_DIR: /Users/runner/hostedtoolcache/Python/3.11.9/arm64
2026-10-09T18:36:16.6868380Z   Python3_ROOT_DIR: /Users/runner/hostedtoolcache/Python/3.11.9/arm64
2026-10-09T18:36:16.6868760Z ##[endgroup]
2026-10-09T18:36:16.8471730Z Setup firefox 157.0.1 (en-US)
2026-10-09T18:36:16.8477710Z Attempting to download firefox 157.0.1...
2026-10-09T18:36:16.8479020Z This is the version number:157
2026-10-09T18:36:16.8479620Z Acquiring 157.0.1 from https://ftp.mozilla.org/pub/firefox/releases/157.0.1/mac/en-US/Firefox%20157.0.1.dmg
2026-10-09T18:36:17.8647930Z Extracting Firefox...
2026-10-09T18:36:17.8689630Z [command]/usr/bin/hdiutil attach -quiet -noautofsck -noautoopen -mountpoint /Volumes/874d99b5-05b3-4cac-bc89-ff68c86d417b /Users/runner/work/_temp/874d99b5-05b3-4cac-bc89-ff68c86d417b
2026-10-09T18:36:26.3773320Z Successfully extracted firefox 157.0.1 to /Volumes/874d99b5-05b3-4cac-bc89-ff68c86d417b/Firefox.app
2026-10-09T18:36:26.3902340Z Adding to the cache ...
2026-10-09T18:36:35.7826370Z Successfully cached firefox 157.0.1 to /Users/runner/hostedtoolcache/firefox/157.0.1/arm64
2026-10-09T18:36:35.7828060Z [command]/Users/runner/hostedtoolcache/firefox/157.0.1/arm64/Contents/MacOS/firefox --version
2026-10-09T18:36:37.1755070Z Mozilla Firefox 157.0.1
2026-10-09T18:36:37.1775570Z Successfully setup firefox version 157.0.1
2026-10-09T18:36:37.2109460Z ##[group]Run python - <<'PY'
2026-10-09T18:36:37.2110240Z [36;1mpython - <<'PY'[0m
2026-10-09T18:36:37.2110650Z [36;1mimport hashlib, json, os, pathlib, plistlib, re, subprocess, tempfile[0m
2026-10-09T18:36:37.2111170Z [36;1mversion = os.environ['CHROME_VERSION'][0m
2026-10-09T18:36:37.2111680Z [36;1mif not re.fullmatch(r'\d+\.\d+\.\d+\.\d+', version):[0m
2026-10-09T18:36:37.2112230Z [36;1m    raise ValueError(f'Expected the exact installed Chrome version: {version!r}')[0m
2026-10-09T18:36:37.2112870Z [36;1mplatform = {'ARM64': 'mac-arm64', 'X64': 'mac-x64'}[os.environ['RUNNER_ARCH']][0m
2026-10-09T18:36:37.2113810Z [36;1mwork = pathlib.Path(tempfile.mkdtemp(prefix='rustwright-chrome-', dir=os.environ['RUNNER_TEMP']))[0m
2026-10-09T18:36:37.2115120Z [36;1marchive = work / 'chrome.zip'[0m
2026-10-09T18:36:37.2115770Z [36;1murl = f'https://storage.googleapis.com/chrome-for-testing-public/{version}/{platform}/chrome-{platform}.zip'[0m
2026-10-09T18:36:37.2116600Z [36;1msubprocess.run(['curl', '--fail', '--location', '--silent', '--show-error', '--max-time', '120', '--output', str(archive), url], check=True)[0m
2026-10-09T18:36:37.2117280Z [36;1m# Re-extract the same engine with its original .app and relative links.[0m
2026-10-09T18:36:37.2117780Z [36;1m# Copying only .app contents into a toolcache breaks sandbox identity.[0m
2026-10-09T18:36:37.2118330Z [36;1msubprocess.run(['ditto', '-x', '-k', str(archive), str(work)], check=True)[0m
2026-10-09T18:36:37.2118860Z [36;1mbundle = work / f'chrome-{platform}' / 'Google Chrome for Testing.app'[0m
2026-10-09T18:36:37.2119710Z [36;1mexecutable = bundle / 'Contents/MacOS/Google Chrome for Testing'[0m
2026-10-09T18:36:37.2120130Z [36;1mif not executable.is_file():[0m
2026-10-09T18:36:37.2120540Z [36;1m    raise FileNotFoundError(executable)[0m
2026-10-09T18:36:37.2121130Z [36;1msignature = subprocess.run(['codesign', '--verify', '--deep', '--strict', str(bundle)], capture_output=True, text=True)[0m
2026-10-09T18:36:37.2122000Z [36;1mwith (bundle / 'Contents/Info.plist').open('rb') as stream:[0m
2026-10-09T18:36:37.2122550Z [36;1m    identifier = plistlib.load(stream)['CFBundleIdentifier'][0m
2026-10-09T18:36:37.2123030Z [36;1mwith archive.open('rb') as stream:[0m
2026-10-09T18:36:37.2123380Z [36;1m    digest = hashlib.file_digest(stream, 'sha256').hexdigest()[0m
2026-10-09T18:36:37.2124070Z [36;1mlinks = {str(p.relative_to(bundle)): os.readlink(p) for p in bundle.glob('Contents/Frameworks/*.framework/Versions/Current') if p.is_symlink()}[0m
2026-10-09T18:36:37.2125360Z [36;1mrecord = {'version': version, 'url': url, 'archive_sha256': digest, 'bundle_identifier': identifier, 'framework_links': links, 'executable': str(executable), 'signature_verification': {'exit_code': signature.returncode, 'stdout': signature.stdout, 'stderr': signature.stderr}}[0m
2026-10-09T18:36:37.2126400Z [36;1moutput = pathlib.Path('target/ci/chrome-macos-setup.json')[0m
2026-10-09T18:36:37.2126830Z [36;1moutput.parent.mkdir(parents=True, exist_ok=True)[0m
2026-10-09T18:36:37.2127330Z [36;1moutput.write_text(json.dumps(record, indent=2) + '\n', encoding='utf-8')[0m
2026-10-09T18:36:37.2127720Z [36;1mprint(json.dumps(record, indent=2))[0m
2026-10-09T18:36:37.2128160Z [36;1msubprocess.run([str(executable), '--version'], check=True)[0m
2026-10-09T18:36:37.2128700Z [36;1mwith open(os.environ['GITHUB_OUTPUT'], 'a', encoding='utf-8') as stream:[0m
2026-10-09T18:36:37.2129100Z [36;1m    stream.write(f'chrome-path={executable}\n')[0m
2026-10-09T18:36:37.2129460Z [36;1mPY[0m
2026-10-09T18:36:37.2380030Z shell: /bin/bash --noprofile --norc -e -o pipefail {0}
2026-10-09T18:36:37.2380450Z env:
2026-10-09T18:36:37.2380680Z   CARGO_TERM_COLOR: always
2026-10-09T18:36:37.2381020Z   RUST_BACKTRACE: 1
2026-10-09T18:36:37.2381270Z   CARGO_HOME: /Users/runner/.cargo
2026-10-09T18:36:37.2381620Z   CARGO_INCREMENTAL: 0
2026-10-09T18:36:37.2381910Z   CACHE_ON_FAILURE: false
2026-10-09T18:36:37.2382670Z   pythonLocation: /Users/runner/hostedtoolcache/Python/3.11.9/arm64
2026-10-09T18:36:37.2383240Z   PKG_CONFIG_PATH: /Users/runner/hostedtoolcache/Python/3.11.9/arm64/lib/pkgconfig
2026-10-09T18:36:37.2383760Z   Python_ROOT_DIR: /Users/runner/hostedtoolcache/Python/3.11.9/arm64
2026-10-09T18:36:37.2384270Z   Python2_ROOT_DIR: /Users/runner/hostedtoolcache/Python/3.11.9/arm64
2026-10-09T18:36:37.2384770Z   Python3_ROOT_DIR: /Users/runner/hostedtoolcache/Python/3.11.9/arm64
2026-10-09T18:36:37.2385200Z   CHROME_VERSION: 155.0.8059.39
2026-10-09T18:36:37.2385680Z ##[endgroup]
2026-10-09T18:36:42.6461250Z Google Chrome for Testing 155.0.8059.39 
2026-10-09T18:36:42.6474230Z {
2026-10-09T18:36:42.6474820Z   "version": "155.0.8059.39",
2026-10-09T18:36:42.6476280Z   "url": "https://storage.googleapis.com/chrome-for-testing-public/155.0.8059.39/mac-arm64/chrome-mac-arm64.zip",
2026-10-09T18:36:42.6487100Z   "archive_sha256": "529a71bd61aaa2ef266a4d4bd300ae9572ba6a3468a8d55c3023ffeffb5b6b4e",
2026-10-09T18:36:42.6488430Z   "bundle_identifier": "com.google.chrome.for.testing",
2026-10-09T18:36:42.6489200Z   "framework_links": {
2026-10-09T18:36:42.6490350Z     "Contents/Frameworks/Google Chrome for Testing Framework.framework/Versions/Current": "155.0.8059.39"
2026-10-09T18:36:42.6491540Z   },
2026-10-09T18:36:42.6492970Z   "executable": "/Users/runner/work/_temp/rustwright-chrome-cm6cu84u/chrome-mac-arm64/Google Chrome for Testing.app/Contents/MacOS/Google Chrome for Testing",
2026-10-09T18:36:42.6494640Z   "signature_verification": {
2026-10-09T18:36:42.6495350Z     "exit_code": 1,
2026-10-09T18:36:42.6495870Z     "stdout": "",
2026-10-09T18:36:42.6497520Z     "stderr": "/Users/runner/work/_temp/rustwright-chrome-cm6cu84u/chrome-mac-arm64/Google Chrome for Testing.app: code has no resources but signature indicates they must be present\n"
2026-10-09T18:36:42.6499270Z   }
2026-10-09T18:36:42.6499950Z }
2026-10-09T18:36:42.6671390Z ##[group]Run echo "Chrome: $CHROME_VERSION"
2026-10-09T18:36:42.6672460Z [36;1mecho "Chrome: $CHROME_VERSION"[0m
2026-10-09T18:36:42.6673070Z [36;1mecho "Firefox: $FIREFOX_VERSION"[0m
2026-10-09T18:36:42.6718700Z shell: /bin/bash --noprofile --norc -e -o pipefail {0}
2026-10-09T18:36:42.6718980Z env:
2026-10-09T18:36:42.6719140Z   CARGO_TERM_COLOR: always
2026-10-09T18:36:42.6719320Z   RUST_BACKTRACE: 1
2026-10-09T18:36:42.6719510Z   CARGO_HOME: /Users/runner/.cargo
2026-10-09T18:36:42.6719760Z   CARGO_INCREMENTAL: 0
2026-10-09T18:36:42.6719990Z   CACHE_ON_FAILURE: false
2026-10-09T18:36:42.6720280Z   pythonLocation: /Users/runner/hostedtoolcache/Python/3.11.9/arm64
2026-10-09T18:36:42.6720690Z   PKG_CONFIG_PATH: /Users/runner/hostedtoolcache/Python/3.11.9/arm64/lib/pkgconfig
2026-10-09T18:36:42.6721100Z   Python_ROOT_DIR: /Users/runner/hostedtoolcache/Python/3.11.9/arm64
2026-10-09T18:36:42.6721490Z   Python2_ROOT_DIR: /Users/runner/hostedtoolcache/Python/3.11.9/arm64
2026-10-09T18:36:42.6721900Z   Python3_ROOT_DIR: /Users/runner/hostedtoolcache/Python/3.11.9/arm64
2026-10-09T18:36:42.6722200Z   CHROME_VERSION: 155.0.8059.39
2026-10-09T18:36:42.6722400Z   FIREFOX_VERSION: 157.0.1
2026-10-09T18:36:42.6722590Z ##[endgroup]
2026-10-09T18:36:42.7076510Z Chrome: 155.0.8059.39
2026-10-09T18:36:42.7077610Z Firefox: 157.0.1
2026-10-09T18:36:42.7110060Z ##[group]Run python scripts/ci/browser_checks.py --suite portable
2026-10-09T18:36:42.7110550Z [36;1mpython scripts/ci/browser_checks.py --suite portable[0m
2026-10-09T18:36:42.7143080Z shell: /bin/bash -e {0}
2026-10-09T18:36:42.7143310Z env:
2026-10-09T18:36:42.7143490Z   CARGO_TERM_COLOR: always
2026-10-09T18:36:42.7143680Z   RUST_BACKTRACE: 1
2026-10-09T18:36:42.7143870Z   CARGO_HOME: /Users/runner/.cargo
2026-10-09T18:36:42.7144100Z   CARGO_INCREMENTAL: 0
2026-10-09T18:36:42.7144270Z   CACHE_ON_FAILURE: false
2026-10-09T18:36:42.7144580Z   pythonLocation: /Users/runner/hostedtoolcache/Python/3.11.9/arm64
2026-10-09T18:36:42.7145070Z   PKG_CONFIG_PATH: /Users/runner/hostedtoolcache/Python/3.11.9/arm64/lib/pkgconfig
2026-10-09T18:36:42.7145480Z   Python_ROOT_DIR: /Users/runner/hostedtoolcache/Python/3.11.9/arm64
2026-10-09T18:36:42.7145840Z   Python2_ROOT_DIR: /Users/runner/hostedtoolcache/Python/3.11.9/arm64
2026-10-09T18:36:42.7146260Z   Python3_ROOT_DIR: /Users/runner/hostedtoolcache/Python/3.11.9/arm64
2026-10-09T18:36:42.7146870Z   RUSTWRIGHT_CHROME: /Users/runner/work/_temp/rustwright-chrome-cm6cu84u/chrome-mac-arm64/Google Chrome for Testing.app/Contents/MacOS/Google Chrome for Testing
2026-10-09T18:36:42.7147570Z   RUSTWRIGHT_FIREFOX: /Users/runner/hostedtoolcache/firefox/157.0.1/arm64/Contents/MacOS/firefox
2026-10-09T18:36:42.7147940Z ##[endgroup]
2026-10-09T18:36:42.9450140Z Running http_compat; log: /Users/runner/work/rustwright/rustwright/target/ci/portable/http_compat.log
2026-10-09T18:38:18.1803000Z Running http_actionability; log: /Users/runner/work/rustwright/rustwright/target/ci/portable/http_actionability.log
2026-10-09T18:39:05.7824990Z Running http_clipped_control; log: /Users/runner/work/rustwright/rustwright/target/ci/portable/http_clipped_control.log
2026-10-09T18:39:39.6074810Z Running http_bidi_navigation; log: /Users/runner/work/rustwright/rustwright/target/ci/portable/http_bidi_navigation.log
2026-10-09T18:40:13.8517590Z Running http_network_idle_parity; log: /Users/runner/work/rustwright/rustwright/target/ci/portable/http_network_idle_parity.log
2026-10-09T18:42:11.3462310Z Native HTTP portable: 79 passed, no skips
2026-10-09T18:42:11.3854060Z ##[group]Run actions/upload-artifact@v4
2026-10-09T18:42:11.3854420Z with:
2026-10-09T18:42:11.3854650Z   name: native-http-macos-latest
2026-10-09T18:42:11.3854980Z   path: target/ci/
2026-10-09T18:42:11.3855280Z   if-no-files-found: error
2026-10-09T18:42:11.3855510Z   compression-level: 6
2026-10-09T18:42:11.3855820Z   overwrite: false
2026-10-09T18:42:11.3856060Z   include-hidden-files: false
2026-10-09T18:42:11.3856520Z env:
2026-10-09T18:42:11.3856800Z   CARGO_TERM_COLOR: always
2026-10-09T18:42:11.3857020Z   RUST_BACKTRACE: 1
2026-10-09T18:42:11.3857280Z   CARGO_HOME: /Users/runner/.cargo
2026-10-09T18:42:11.3857530Z   CARGO_INCREMENTAL: 0
2026-10-09T18:42:11.3857830Z   CACHE_ON_FAILURE: false
2026-10-09T18:42:11.3858200Z   pythonLocation: /Users/runner/hostedtoolcache/Python/3.11.9/arm64
2026-10-09T18:42:11.3858650Z   PKG_CONFIG_PATH: /Users/runner/hostedtoolcache/Python/3.11.9/arm64/lib/pkgconfig
2026-10-09T18:42:11.3859250Z   Python_ROOT_DIR: /Users/runner/hostedtoolcache/Python/3.11.9/arm64
2026-10-09T18:42:11.3859640Z   Python2_ROOT_DIR: /Users/runner/hostedtoolcache/Python/3.11.9/arm64
2026-10-09T18:42:11.3860090Z   Python3_ROOT_DIR: /Users/runner/hostedtoolcache/Python/3.11.9/arm64
2026-10-09T18:42:11.3860500Z ##[endgroup]
2026-10-09T18:42:11.8177630Z (node:13654) [DEP0040] DeprecationWarning: The `punycode` module is deprecated. Please use a userland alternative instead.
2026-10-09T18:42:11.8178350Z (Use `node --trace-deprecation ...` to show where the warning was created)
2026-10-09T18:42:11.8230850Z With the provided path, there will be 7 files uploaded
2026-10-09T18:42:11.8233780Z Artifact name is valid!
2026-10-09T18:42:11.8234120Z Root directory input is valid!
2026-10-09T18:42:12.1185210Z Beginning upload of artifact content to blob storage
2026-10-09T18:42:12.1586820Z (node:13654) [DEP0169] DeprecationWarning: `url.parse()` behavior is not standardized and prone to errors that have security implications. Use the WHATWG URL API instead. CVEs are not issued for `url.parse()` vulnerabilities.
2026-10-09T18:42:12.3676100Z Uploaded bytes 7734
2026-10-09T18:42:12.3979450Z Finished uploading artifact content to blob storage!
2026-10-09T18:42:12.3980230Z SHA256 digest of uploaded artifact zip is e05be5e9ae6345297da43270b69ba268ba94e6938fd9190590efe3ccb7e78f5c
2026-10-09T18:42:12.3980840Z Finalizing artifact upload
2026-10-09T18:42:12.6241870Z Artifact native-http-macos-latest.zip successfully finalized. Artifact ID 11637689673
2026-10-09T18:42:12.6243990Z Artifact native-http-macos-latest has been successfully uploaded! Final size is 7734 bytes. Artifact ID is 11637689673
2026-10-09T18:42:12.6257970Z Artifact download URL: https://github.com/rsasaki0109/rustwright/actions/runs/37974358667/artifacts/11637689673
2026-10-09T18:42:12.6455240Z Post job cleanup.
2026-10-09T18:42:12.8351670Z Post job cleanup.
2026-10-09T18:42:13.0028710Z ##[group]Cache Configuration
2026-10-09T18:42:13.0029180Z Cache Provider:
2026-10-09T18:42:13.0029600Z     github
2026-10-09T18:42:13.0029900Z Workspaces:
2026-10-09T18:42:13.0030430Z     /Users/runner/work/rustwright/rustwright
2026-10-09T18:42:13.0030900Z Cache Paths:
2026-10-09T18:42:13.0031210Z     /Users/runner/.cargo/bin
2026-10-09T18:42:13.0031550Z     /Users/runner/.cargo/.crates.toml
2026-10-09T18:42:13.0031890Z     /Users/runner/.cargo/.crates2.json
2026-10-09T18:42:13.0032230Z     /Users/runner/.cargo/registry
2026-10-09T18:42:13.0032560Z     /Users/runner/.cargo/git
2026-10-09T18:42:13.0053240Z     /Users/runner/work/rustwright/rustwright/target
2026-10-09T18:42:13.0053550Z Restore Key:
2026-10-09T18:42:13.0053850Z     v0-rust-browser-compat-Darwin-arm64-22602039
2026-10-09T18:42:13.0054100Z Cache Key:
2026-10-09T18:42:13.0054380Z     v0-rust-browser-compat-Darwin-arm64-22602039-260f3700
2026-10-09T18:42:13.0054740Z .. Prefix:
2026-10-09T18:42:13.0054970Z   - v0-rust-browser-compat-Darwin-arm64
2026-10-09T18:42:13.0055270Z .. Environment considered:
2026-10-09T18:42:13.0055500Z   - Rust Versions:
2026-10-09T18:42:13.0055770Z     - 1.99.0 aarch64-apple-darwin b940084d7eb6a299eb4bfeb8e34901bc051e7ac4
2026-10-09T18:42:13.0056090Z   - CARGO_HOME
2026-10-09T18:42:13.0056280Z   - CARGO_INCREMENTAL
2026-10-09T18:42:13.0056490Z   - CARGO_TERM_COLOR
2026-10-09T18:42:13.0056690Z   - RUST_BACKTRACE
2026-10-09T18:42:13.0056900Z .. Lockfiles considered:
2026-10-09T18:42:13.0057130Z   - /Users/runner/work/rustwright/rustwright/Cargo.lock
2026-10-09T18:42:13.0058110Z   - /Users/runner/work/rustwright/rustwright/crates/rustwright-bidi/Cargo.toml
2026-10-09T18:42:13.0058650Z   - /Users/runner/work/rustwright/rustwright/crates/rustwright-browser/Cargo.toml
2026-10-09T18:42:13.0059180Z   - /Users/runner/work/rustwright/rustwright/crates/rustwright-cdp/Cargo.toml
2026-10-09T18:42:13.0059690Z   - /Users/runner/work/rustwright/rustwright/crates/rustwright-common/Cargo.toml
2026-10-09T18:42:13.0060140Z   - /Users/runner/work/rustwright/rustwright/crates/rustwright-core/Cargo.toml
2026-10-09T18:42:13.0060610Z   - /Users/runner/work/rustwright/rustwright/crates/rustwright-test-macros/Cargo.toml
2026-10-09T18:42:13.0061080Z   - /Users/runner/work/rustwright/rustwright/crates/rustwright-test/Cargo.toml
2026-10-09T18:42:13.0062170Z   - /Users/runner/work/rustwright/rustwright/crates/rustwright/Cargo.toml
2026-10-09T18:42:13.0063860Z   - /Users/runner/work/rustwright/rustwright/docs/ci/results/remote-20261009/followup-local/consumer/.cargo/config.toml
2026-10-09T18:42:13.0065720Z   - /Users/runner/work/rustwright/rustwright/docs/ci/results/required-browser/release/consumer/.cargo/config.toml
2026-10-09T18:42:13.0067420Z   - /Users/runner/work/rustwright/rustwright/docs/release/results/local-package/consumer/.cargo/config.toml
2026-10-09T18:42:13.0068950Z   - /Users/runner/work/rustwright/rustwright/examples/Cargo.toml
2026-10-09T18:42:13.0069600Z   - /Users/runner/work/rustwright/rustwright/tests/Cargo.toml
2026-10-09T18:42:13.0070350Z ##[endgroup]
2026-10-09T18:42:13.0070470Z 
2026-10-09T18:42:14.9643820Z ... Cleaning /Users/runner/work/rustwright/rustwright/target ...
2026-10-09T18:42:15.0329000Z ... Cleaning cargo registry (cache-all-crates: false) ...
2026-10-09T18:42:15.7310940Z ... Cleaning cargo/bin ...
2026-10-09T18:42:15.7413170Z ... Cleaning cargo git cache ...
2026-10-09T18:42:15.7413500Z ... Saving cache ...
2026-10-09T18:42:15.7983340Z [command]/opt/homebrew/bin/gtar --posix -cf cache.tzst --exclude cache.tzst -P -C /Users/runner/work/rustwright/rustwright --files-from manifest.txt --delay-directory-restore --use-compress-program zstdmt
2026-10-09T18:42:18.5499010Z Sent 56830306 of 56830306 (100.0%), 54.2 MBs/sec
2026-10-09T18:42:19.2624250Z Post job cleanup.
2026-10-09T18:42:19.7098520Z [command]/opt/homebrew/bin/git version
2026-10-09T18:42:19.7627460Z git version 2.55.0
2026-10-09T18:42:19.7654280Z Copying '/Users/runner/.gitconfig' to '/Users/runner/work/_temp/daf0a9fe-3ced-45bb-9e5d-683edace6086/.gitconfig'
2026-10-09T18:42:19.7662590Z Temporarily overriding HOME='/Users/runner/work/_temp/daf0a9fe-3ced-45bb-9e5d-683edace6086' before making global git config changes
2026-10-09T18:42:19.7663500Z Adding repository directory to the temporary git global config as a safe directory
2026-10-09T18:42:19.7667140Z [command]/opt/homebrew/bin/git config --global --add safe.directory /Users/runner/work/rustwright/rustwright
2026-10-09T18:42:19.7824410Z [command]/opt/homebrew/bin/git config --local --name-only --get-regexp core\.sshCommand
2026-10-09T18:42:19.7919140Z [command]/opt/homebrew/bin/git submodule foreach --recursive sh -c "git config --local --name-only --get-regexp 'core\.sshCommand' && git config --local --unset-all 'core.sshCommand' || :"
2026-10-09T18:42:19.9855150Z [command]/opt/homebrew/bin/git config --local --name-only --get-regexp http\.https\:\/\/github\.com\/\.extraheader
2026-10-09T18:42:19.9960430Z http.https://github.com/.extraheader
2026-10-09T18:42:19.9979270Z [command]/opt/homebrew/bin/git config --local --unset-all http.https://github.com/.extraheader
2026-10-09T18:42:20.0098400Z [command]/opt/homebrew/bin/git submodule foreach --recursive sh -c "git config --local --name-only --get-regexp 'http\.https\:\/\/github\.com\/\.extraheader' && git config --local --unset-all 'http.https://github.com/.extraheader' || :"
2026-10-09T18:42:20.1827640Z [command]/opt/homebrew/bin/git config --local --name-only --get-regexp ^includeIf\.gitdir:
2026-10-09T18:42:20.2018910Z [command]/opt/homebrew/bin/git submodule foreach --recursive git config --local --show-origin --name-only --get-regexp remote.origin.url
2026-10-09T18:42:20.4246670Z Cleaning up orphan processes
2026-10-09T18:42:23.2684260Z Terminate orphan process: pid (3749) (diskimages-help)
2026-10-09T18:42:23.5294980Z ##[warning]Node.js 20 is deprecated. The following actions target Node.js 20 but are being forced to run on Node.js 24: actions/upload-artifact@v4. For more information see: https://github.blog/changelog/2025-09-19-deprecation-of-node-20-on-github-actions-runners/
