2026-10-09T18:35:42.2852411Z Current runner version: '2.337.0'
2026-10-09T18:35:42.2874457Z ##[group]Runner Image Provisioner
2026-10-09T18:35:42.2875198Z Hosted Compute Agent
2026-10-09T18:35:42.2875770Z Version: 20261002.596
2026-10-09T18:35:42.2876287Z Commit: c3d12f3313a95f25162a1503be624f3b0617f8c0
2026-10-09T18:35:42.2876869Z Build Date: 2026-10-02T22:28:27Z
2026-10-09T18:35:42.2877566Z Worker ID: {0f9f43cc-50ba-448b-beef-04bd2c4dd428}
2026-10-09T18:35:42.2878144Z Region: westus3
2026-10-09T18:35:42.2878639Z Cloud: Azure
2026-10-09T18:35:42.2879093Z ##[endgroup]
2026-10-09T18:35:42.2880137Z ##[group]Operating System
2026-10-09T18:35:42.2880877Z Ubuntu
2026-10-09T18:35:42.2881308Z 24.04.5
2026-10-09T18:35:42.2881764Z LTS
2026-10-09T18:35:42.2882200Z ##[endgroup]
2026-10-09T18:35:42.2882657Z ##[group]Runner Image
2026-10-09T18:35:42.2883250Z Image: ubuntu-24.04
2026-10-09T18:35:42.2883830Z Version: 20261004.327.1
2026-10-09T18:35:42.2885460Z Included Software: https://github.com/actions/runner-images/blob/ubuntu24/20261004.327/images/ubuntu/Ubuntu2404-Readme.md
2026-10-09T18:35:42.2886963Z Image Release: https://github.com/actions/runner-images/releases/tag/ubuntu24%2F20261004.327
2026-10-09T18:35:42.2888241Z ##[endgroup]
2026-10-09T18:35:42.2889447Z ##[group]GITHUB_TOKEN Permissions
2026-10-09T18:35:42.2891789Z Contents: read
2026-10-09T18:35:42.2892445Z Metadata: read
2026-10-09T18:35:42.2893166Z ##[endgroup]
2026-10-09T18:35:42.2895934Z Secret source: Actions
2026-10-09T18:35:42.2897056Z Cache mode: write
2026-10-09T18:35:42.2897857Z Prepare workflow directory
2026-10-09T18:35:42.4395255Z Prepare all required actions
2026-10-09T18:35:42.4452861Z Getting action download info
2026-10-09T18:35:42.7593255Z Download action repository 'actions/checkout@v5' (SHA:fbc6f3992d24b796d5a048ff273f7fcc4a7b6c09)
2026-10-09T18:35:43.2452493Z Download action repository 'dtolnay/rust-toolchain@1.85.0' (SHA:69084b241933c14c2fa24234c4596f11a2655339)
2026-10-09T18:35:43.6936441Z Download action repository 'Swatinem/rust-cache@v2' (SHA:6323deb102c322ba6fcbdcafc7e3dddab59af2b6)
2026-10-09T18:35:44.6040324Z Complete job name: Rust 1.85.0 / locked workspace
2026-10-09T18:35:44.6676840Z ##[group]Run actions/checkout@v5
2026-10-09T18:35:44.6677422Z with:
2026-10-09T18:35:44.6677711Z   repository: rsasaki0109/rustwright
2026-10-09T18:35:44.6680023Z   token: ***
2026-10-09T18:35:44.6680298Z   ssh-strict: true
2026-10-09T18:35:44.6680575Z   ssh-user: git
2026-10-09T18:35:44.6681013Z   persist-credentials: true
2026-10-09T18:35:44.6681309Z   clean: true
2026-10-09T18:35:44.6681594Z   sparse-checkout-cone-mode: true
2026-10-09T18:35:44.6681899Z   fetch-depth: 1
2026-10-09T18:35:44.6682170Z   fetch-tags: false
2026-10-09T18:35:44.6682453Z   show-progress: true
2026-10-09T18:35:44.6682725Z   lfs: false
2026-10-09T18:35:44.6682981Z   submodules: false
2026-10-09T18:35:44.6683281Z   set-safe-directory: true
2026-10-09T18:35:44.6683604Z   allow-unsafe-pr-checkout: false
2026-10-09T18:35:44.6684074Z env:
2026-10-09T18:35:44.6684340Z   CARGO_TERM_COLOR: always
2026-10-09T18:35:44.6684649Z   RUST_BACKTRACE: 1
2026-10-09T18:35:44.6684916Z ##[endgroup]
2026-10-09T18:35:44.7574505Z Syncing repository: rsasaki0109/rustwright
2026-10-09T18:35:44.7576261Z ##[group]Getting Git version info
2026-10-09T18:35:44.7576762Z Working directory is '/home/runner/work/rustwright/rustwright'
2026-10-09T18:35:44.7577513Z [command]/usr/bin/git version
2026-10-09T18:35:44.7624823Z git version 2.55.0
2026-10-09T18:35:44.7644787Z ##[endgroup]
2026-10-09T18:35:44.7659561Z Temporarily overriding HOME='/home/runner/work/_temp/ec60ea62-baa1-4af2-82c7-93fb80d7ec47' before making global git config changes
2026-10-09T18:35:44.7660918Z Adding repository directory to the temporary git global config as a safe directory
2026-10-09T18:35:44.7665208Z [command]/usr/bin/git config --global --add safe.directory /home/runner/work/rustwright/rustwright
2026-10-09T18:35:44.7709914Z Deleting the contents of '/home/runner/work/rustwright/rustwright'
2026-10-09T18:35:44.7713799Z ##[group]Initializing the repository
2026-10-09T18:35:44.7718312Z [command]/usr/bin/git init /home/runner/work/rustwright/rustwright
2026-10-09T18:35:44.7792262Z hint: Using 'master' as the name for the initial branch. This default branch name
2026-10-09T18:35:44.7793630Z hint: will change to "main" in Git 3.0. To configure the initial branch name
2026-10-09T18:35:44.7794675Z hint: to use in all of your new repositories, which will suppress this warning,
2026-10-09T18:35:44.7795498Z hint: call:
2026-10-09T18:35:44.7796055Z hint:
2026-10-09T18:35:44.7796603Z hint: 	git config --global init.defaultBranch <name>
2026-10-09T18:35:44.7797122Z hint:
2026-10-09T18:35:44.7797475Z hint: Names commonly chosen instead of 'master' are 'main', 'trunk' and
2026-10-09T18:35:44.7798263Z hint: 'development'. The just-created branch can be renamed via this command:
2026-10-09T18:35:44.7798852Z hint:
2026-10-09T18:35:44.7799123Z hint: 	git branch -m <name>
2026-10-09T18:35:44.7799408Z hint:
2026-10-09T18:35:44.7799772Z hint: Disable this message with "git config set advice.defaultBranchName false"
2026-10-09T18:35:44.7800373Z Initialized empty Git repository in /home/runner/work/rustwright/rustwright/.git/
2026-10-09T18:35:44.7803991Z [command]/usr/bin/git remote add origin https://github.com/rsasaki0109/rustwright
2026-10-09T18:35:44.7847909Z ##[endgroup]
2026-10-09T18:35:44.7848920Z ##[group]Disabling automatic garbage collection
2026-10-09T18:35:44.7851901Z [command]/usr/bin/git config --local gc.auto 0
2026-10-09T18:35:44.7881603Z ##[endgroup]
2026-10-09T18:35:44.7882211Z ##[group]Setting up auth
2026-10-09T18:35:44.7891529Z [command]/usr/bin/git config --local --name-only --get-regexp core\.sshCommand
2026-10-09T18:35:44.7921483Z [command]/usr/bin/git submodule foreach --recursive sh -c "git config --local --name-only --get-regexp 'core\.sshCommand' && git config --local --unset-all 'core.sshCommand' || :"
2026-10-09T18:35:44.8221908Z [command]/usr/bin/git config --local --name-only --get-regexp http\.https\:\/\/github\.com\/\.extraheader
2026-10-09T18:35:44.8258343Z [command]/usr/bin/git submodule foreach --recursive sh -c "git config --local --name-only --get-regexp 'http\.https\:\/\/github\.com\/\.extraheader' && git config --local --unset-all 'http.https://github.com/.extraheader' || :"
2026-10-09T18:35:44.8465880Z [command]/usr/bin/git config --local --name-only --get-regexp ^includeIf\.gitdir:
2026-10-09T18:35:44.8497995Z [command]/usr/bin/git submodule foreach --recursive git config --local --show-origin --name-only --get-regexp remote.origin.url
2026-10-09T18:35:44.8695452Z [command]/usr/bin/git config --local http.https://github.com/.extraheader AUTHORIZATION: basic ***
2026-10-09T18:35:44.8732741Z ##[endgroup]
2026-10-09T18:35:44.8733538Z ##[group]Fetching the repository
2026-10-09T18:35:44.8739943Z [command]/usr/bin/git -c protocol.version=2 fetch --no-tags --prune --no-recurse-submodules --depth=1 origin +a5ad697d97ded9323679eba93726cd7da324e269:refs/remotes/pull/1/merge
2026-10-09T18:35:46.4518997Z From https://github.com/rsasaki0109/rustwright
2026-10-09T18:35:46.4520074Z  * [new ref]         a5ad697d97ded9323679eba93726cd7da324e269 -> pull/1/merge
2026-10-09T18:35:46.4522538Z ##[endgroup]
2026-10-09T18:35:46.4523046Z ##[group]Determining the checkout info
2026-10-09T18:35:46.4524747Z ##[endgroup]
2026-10-09T18:35:46.4529378Z [command]/usr/bin/git sparse-checkout disable
2026-10-09T18:35:46.4576402Z [command]/usr/bin/git config --local --unset-all extensions.worktreeConfig
2026-10-09T18:35:46.4639570Z ##[group]Checking out the ref
2026-10-09T18:35:46.4642592Z [command]/usr/bin/git checkout --progress --force refs/remotes/pull/1/merge
2026-10-09T18:35:46.5451529Z Note: switching to 'refs/remotes/pull/1/merge'.
2026-10-09T18:35:46.5451898Z 
2026-10-09T18:35:46.5452174Z You are in 'detached HEAD' state. You can look around, make experimental
2026-10-09T18:35:46.5452776Z changes and commit them, and you can discard any commits you make in this
2026-10-09T18:35:46.5453367Z state without impacting any branches by switching back to a branch.
2026-10-09T18:35:46.5453729Z 
2026-10-09T18:35:46.5454251Z If you want to create a new branch to retain commits you create, you may
2026-10-09T18:35:46.5454690Z do so (now or later) by using -c with the switch command. Example:
2026-10-09T18:35:46.5454890Z 
2026-10-09T18:35:46.5454995Z   git switch -c <new-branch-name>
2026-10-09T18:35:46.5455131Z 
2026-10-09T18:35:46.5455227Z Or undo this operation with:
2026-10-09T18:35:46.5455355Z 
2026-10-09T18:35:46.5455438Z   git switch -
2026-10-09T18:35:46.5455605Z 
2026-10-09T18:35:46.5455780Z Turn off this advice by setting config variable advice.detachedHead to false
2026-10-09T18:35:46.5456021Z 
2026-10-09T18:35:46.5456297Z HEAD is now at a5ad697 Merge e3bc08e7ce0a117d173bdcde2924165806e8e854 into 91e72af388d000266c9b4e7567a3e1fe4007fc33
2026-10-09T18:35:46.5464004Z ##[endgroup]
2026-10-09T18:35:46.5503432Z [command]/usr/bin/git log -1 --format=%H
2026-10-09T18:35:46.5526930Z a5ad697d97ded9323679eba93726cd7da324e269
2026-10-09T18:35:46.5825564Z ##[group]Run dtolnay/rust-toolchain@1.85.0
2026-10-09T18:35:46.5825838Z with:
2026-10-09T18:35:46.5825995Z env:
2026-10-09T18:35:46.5826173Z   CARGO_TERM_COLOR: always
2026-10-09T18:35:46.5826358Z   RUST_BACKTRACE: 1
2026-10-09T18:35:46.5826521Z ##[endgroup]
2026-10-09T18:35:46.5876512Z ##[start-action display=Parse toolchain version;id=__dtolnay_rust-toolchain.parse]
2026-10-09T18:35:46.5932322Z ##[group]Run if [[ -z $toolchain ]]; then
2026-10-09T18:35:46.5932667Z [36;1mif [[ -z $toolchain ]]; then[0m
2026-10-09T18:35:46.5933100Z [36;1m  # GitHub does not enforce `required: true` inputs itself. https://github.com/actions/runner/issues/1070[0m
2026-10-09T18:35:46.5933547Z [36;1m  echo "'toolchain' is a required input" >&2[0m
2026-10-09T18:35:46.5933793Z [36;1m  exit 1[0m
2026-10-09T18:35:46.5934064Z [36;1melif [[ $toolchain =~ ^stable' '[0-9]+' '(year|month|week|day)s?' 'ago$ ]]; then[0m
2026-10-09T18:35:46.5934383Z [36;1m  if [[ Linux == macOS ]]; then[0m
2026-10-09T18:35:46.5934845Z [36;1m    echo "toolchain=1.$((($(date -v-$(sed 's/stable \([0-9]*\) \(.\).*/\1\2/' <<< $toolchain) +%s)/60/60/24-16569)/7/6))" >> $GITHUB_OUTPUT[0m
2026-10-09T18:35:46.5935252Z [36;1m  else[0m
2026-10-09T18:35:46.5935568Z [36;1m    echo "toolchain=1.$((($(date --date "${toolchain#stable }" +%s)/60/60/24-16569)/7/6))" >> $GITHUB_OUTPUT[0m
2026-10-09T18:35:46.5935914Z [36;1m  fi[0m
2026-10-09T18:35:46.5936150Z [36;1melif [[ $toolchain =~ ^stable' 'minus' '[0-9]+' 'releases?$ ]]; then[0m
2026-10-09T18:35:46.5936555Z [36;1m  echo "toolchain=1.$((($(date +%s)/60/60/24-16569)/7/6-${toolchain//[^0-9]/}))" >> $GITHUB_OUTPUT[0m
2026-10-09T18:35:46.5936909Z [36;1melif [[ $toolchain =~ ^1\.[0-9]+$ ]]; then[0m
2026-10-09T18:35:46.5937300Z [36;1m  echo "toolchain=1.$((i=${toolchain#1.}, c=($(date +%s)/60/60/24-16569)/7/6, i+9*i*(10*i<=c)+90*i*(100*i<=c)))" >> $GITHUB_OUTPUT[0m
2026-10-09T18:35:46.5937666Z [36;1melse[0m
2026-10-09T18:35:46.5937831Z [36;1m  delimiter=EOF[0m
2026-10-09T18:35:46.5938081Z [36;1m  while [[ $toolchain == *$delimiter* ]]; do delimiter+=_; done[0m
2026-10-09T18:35:46.5938479Z [36;1m  printf 'toolchain<<%s\n%s\n%s\n' "$delimiter" "$toolchain" "$delimiter" >> $GITHUB_OUTPUT[0m
2026-10-09T18:35:46.5938811Z [36;1mfi[0m
2026-10-09T18:35:46.6144317Z shell: /usr/bin/bash --noprofile --norc -e -o pipefail {0}
2026-10-09T18:35:46.6144636Z env:
2026-10-09T18:35:46.6144822Z   CARGO_TERM_COLOR: always
2026-10-09T18:35:46.6145017Z   RUST_BACKTRACE: 1
2026-10-09T18:35:46.6145185Z   toolchain: 1.85.0
2026-10-09T18:35:46.6145353Z ##[endgroup]
2026-10-09T18:35:46.6267334Z ##[end-action id=__dtolnay_rust-toolchain.parse;outcome=success;conclusion=success;duration_ms=38]
2026-10-09T18:35:46.6272135Z ##[start-action display=Set $CARGO_HOME;id=__dtolnay_rust-toolchain.__run]
2026-10-09T18:35:46.6305894Z ##[group]Run echo CARGO_HOME=${CARGO_HOME:-"$HOME/.cargo"} >> $GITHUB_ENV
2026-10-09T18:35:46.6306276Z [36;1mecho CARGO_HOME=${CARGO_HOME:-"$HOME/.cargo"} >> $GITHUB_ENV[0m
2026-10-09T18:35:46.6358619Z shell: /usr/bin/bash --noprofile --norc -e -o pipefail {0}
2026-10-09T18:35:46.6359025Z env:
2026-10-09T18:35:46.6359191Z   CARGO_TERM_COLOR: always
2026-10-09T18:35:46.6359384Z   RUST_BACKTRACE: 1
2026-10-09T18:35:46.6359554Z ##[endgroup]
2026-10-09T18:35:46.6436315Z ##[end-action id=__dtolnay_rust-toolchain.__run;outcome=success;conclusion=success;duration_ms=16]
2026-10-09T18:35:46.6438281Z ##[start-action display=Install rustup if needed;id=__dtolnay_rust-toolchain.__run_2]
2026-10-09T18:35:46.6502702Z ##[group]Run if ! command -v rustup &>/dev/null; then
2026-10-09T18:35:46.6503015Z [36;1mif ! command -v rustup &>/dev/null; then[0m
2026-10-09T18:35:46.6503617Z [36;1m  curl --proto '=https' --tlsv1.2 --retry 10 --retry-connrefused --location --silent --show-error --fail https://sh.rustup.rs | sh -s -- --default-toolchain none -y[0m
2026-10-09T18:35:46.6504205Z [36;1m  echo "$CARGO_HOME/bin" >> $GITHUB_PATH[0m
2026-10-09T18:35:46.6504432Z [36;1mfi[0m
2026-10-09T18:35:46.6558473Z shell: /usr/bin/bash --noprofile --norc -e -o pipefail {0}
2026-10-09T18:35:46.6558765Z env:
2026-10-09T18:35:46.6558934Z   CARGO_TERM_COLOR: always
2026-10-09T18:35:46.6559124Z   RUST_BACKTRACE: 1
2026-10-09T18:35:46.6559316Z   CARGO_HOME: /home/runner/.cargo
2026-10-09T18:35:46.6559520Z ##[endgroup]
2026-10-09T18:35:46.6637644Z ##[end-action id=__dtolnay_rust-toolchain.__run_2;outcome=success;conclusion=success;duration_ms=19]
2026-10-09T18:35:46.6639895Z ##[start-action display=Install rustup if needed on windows;id=__dtolnay_rust-toolchain.__run_3]
2026-10-09T18:35:46.6647203Z ##[end-action id=__dtolnay_rust-toolchain.__run_3;outcome=skipped;conclusion=skipped;duration_ms=0]
2026-10-09T18:35:46.6659622Z ##[start-action display=rustup toolchain install 1.85.0;id=__dtolnay_rust-toolchain.__run_4]
2026-10-09T18:35:46.6681795Z ##[group]Run set -f  # split targets and components on commas and whitespace, without glob expansion
2026-10-09T18:35:46.6682346Z [36;1mset -f  # split targets and components on commas and whitespace, without glob expansion[0m
2026-10-09T18:35:46.6682691Z [36;1mflags=()[0m
2026-10-09T18:35:46.6682935Z [36;1mfor t in ${targets//,/ }; do flags+=(--target "$t"); done[0m
2026-10-09T18:35:46.6683258Z [36;1mfor c in ${components//,/ }; do flags+=(--component "$c"); done[0m
2026-10-09T18:35:46.6683645Z [36;1mif [[ $toolchain == nightly && -n $components ]]; then flags+=(--allow-downgrade); fi[0m
2026-10-09T18:35:46.6684022Z [36;1mlog=$(mktemp)[0m
2026-10-09T18:35:46.6684249Z [36;1mtrap 'rm -f "$log"' EXIT[0m
2026-10-09T18:35:46.6684463Z [36;1mfor attempt in 1 2 3 4 5; do[0m
2026-10-09T18:35:46.6684914Z [36;1m  if rustup toolchain install "$toolchain" "${flags[@]}" --profile minimal --no-self-update --force-non-host 2>&1 | tee "$log"; then[0m
2026-10-09T18:35:46.6685354Z [36;1m    break[0m
2026-10-09T18:35:46.6685530Z [36;1m  else[0m
2026-10-09T18:35:46.6685697Z [36;1m    status=$?[0m
2026-10-09T18:35:46.6685877Z [36;1m  fi[0m
2026-10-09T18:35:46.6686129Z [36;1m  if [[ $attempt == 5 ]] || ! grep -Fq 'checksum failed for ' "$log" \[0m
2026-10-09T18:35:46.6686561Z [36;1m      || ! grep -Fq 'this is likely due to an ongoing update of the official release server' "$log"; then[0m
2026-10-09T18:35:46.6686926Z [36;1m    exit "$status"[0m
2026-10-09T18:35:46.6687111Z [36;1m  fi[0m
2026-10-09T18:35:46.6687398Z [36;1m  echo "Retrying rustup toolchain install in 30 seconds (retry $attempt of 4)" >&2[0m
2026-10-09T18:35:46.6687722Z [36;1m  sleep 30[0m
2026-10-09T18:35:46.6687889Z [36;1mdone[0m
2026-10-09T18:35:46.6742008Z shell: /usr/bin/bash --noprofile --norc -e -o pipefail {0}
2026-10-09T18:35:46.6742280Z env:
2026-10-09T18:35:46.6742444Z   CARGO_TERM_COLOR: always
2026-10-09T18:35:46.6742637Z   RUST_BACKTRACE: 1
2026-10-09T18:35:46.6742818Z   CARGO_HOME: /home/runner/.cargo
2026-10-09T18:35:46.6743023Z   toolchain: 1.85.0
2026-10-09T18:35:46.6743189Z   targets: 
2026-10-09T18:35:46.6743346Z   components: 
2026-10-09T18:35:46.6743533Z   RUSTUP_PERMIT_COPY_RENAME: 1
2026-10-09T18:35:46.6743736Z ##[endgroup]
2026-10-09T18:35:46.7840277Z info: syncing channel updates for 1.85.0-x86_64-unknown-linux-gnu
2026-10-09T18:35:47.0314540Z info: latest update on 2025-02-20 for version 1.85.0 (4d91de4e4 2025-02-17)
2026-10-09T18:35:47.0315004Z info: downloading 3 components
2026-10-09T18:35:53.3209804Z 
2026-10-09T18:35:53.3278386Z   1.85.0-x86_64-unknown-linux-gnu installed - rustc 1.85.0 (4d91de4e4 2025-02-17)
2026-10-09T18:35:53.3278762Z 
2026-10-09T18:35:53.3346044Z ##[end-action id=__dtolnay_rust-toolchain.__run_4;outcome=success;conclusion=success;duration_ms=6668]
2026-10-09T18:35:53.3352114Z ##[start-action display=rustup default 1.85.0;id=__dtolnay_rust-toolchain.__run_5]
2026-10-09T18:35:53.3369817Z ##[group]Run rustup default "$toolchain" --force-non-host
2026-10-09T18:35:53.3370155Z [36;1mrustup default "$toolchain" --force-non-host[0m
2026-10-09T18:35:53.3425964Z shell: /usr/bin/bash --noprofile --norc -e -o pipefail {0}
2026-10-09T18:35:53.3426237Z env:
2026-10-09T18:35:53.3426633Z   CARGO_TERM_COLOR: always
2026-10-09T18:35:53.3426831Z   RUST_BACKTRACE: 1
2026-10-09T18:35:53.3427025Z   CARGO_HOME: /home/runner/.cargo
2026-10-09T18:35:53.3427227Z   toolchain: 1.85.0
2026-10-09T18:35:53.3427387Z ##[endgroup]
2026-10-09T18:35:53.3545469Z info: using existing install for 1.85.0-x86_64-unknown-linux-gnu
2026-10-09T18:35:53.3551777Z info: default toolchain set to 1.85.0-x86_64-unknown-linux-gnu
2026-10-09T18:35:53.3552020Z 
2026-10-09T18:35:53.3617679Z   1.85.0-x86_64-unknown-linux-gnu unchanged - rustc 1.85.0 (4d91de4e4 2025-02-17)
2026-10-09T18:35:53.3618084Z 
2026-10-09T18:35:53.3635556Z ##[end-action id=__dtolnay_rust-toolchain.__run_5;outcome=success;conclusion=success;duration_ms=28]
2026-10-09T18:35:53.3639061Z ##[start-action display=Create cachekey;id=__dtolnay_rust-toolchain.rustc-version]
2026-10-09T18:35:53.3679052Z ##[group]Run DATE=$(rustc +"$toolchain" --version --verbose | sed -ne 's/^commit-date: \(20[0-9][0-9]\)-\([01][0-9]\)-\([0-3][0-9]\)$/\1\2\3/p')
2026-10-09T18:35:53.3679709Z [36;1mDATE=$(rustc +"$toolchain" --version --verbose | sed -ne 's/^commit-date: \(20[0-9][0-9]\)-\([01][0-9]\)-\([0-3][0-9]\)$/\1\2\3/p')[0m
2026-10-09T18:35:53.3680227Z [36;1mHASH=$(rustc +"$toolchain" --version --verbose | sed -ne 's/^commit-hash: //p')[0m
2026-10-09T18:35:53.3680613Z [36;1mecho "cachekey=$(echo $DATE$HASH | head -c12)" >> $GITHUB_OUTPUT[0m
2026-10-09T18:35:53.3736702Z shell: /usr/bin/bash --noprofile --norc -e -o pipefail {0}
2026-10-09T18:35:53.3736976Z env:
2026-10-09T18:35:53.3737142Z   CARGO_TERM_COLOR: always
2026-10-09T18:35:53.3737334Z   RUST_BACKTRACE: 1
2026-10-09T18:35:53.3737514Z   CARGO_HOME: /home/runner/.cargo
2026-10-09T18:35:53.3737711Z   toolchain: 1.85.0
2026-10-09T18:35:53.3737874Z ##[endgroup]
2026-10-09T18:35:53.4072760Z ##[end-action id=__dtolnay_rust-toolchain.rustc-version;outcome=success;conclusion=success;duration_ms=43]
2026-10-09T18:35:53.4075036Z ##[start-action display=Disable incremental compilation;id=__dtolnay_rust-toolchain.__run_6]
2026-10-09T18:35:53.4093387Z ##[group]Run if [ -z "${CARGO_INCREMENTAL+set}" ]; then
2026-10-09T18:35:53.4093714Z [36;1mif [ -z "${CARGO_INCREMENTAL+set}" ]; then[0m
2026-10-09T18:35:53.4093980Z [36;1m  echo CARGO_INCREMENTAL=0 >> $GITHUB_ENV[0m
2026-10-09T18:35:53.4094213Z [36;1mfi[0m
2026-10-09T18:35:53.4149641Z shell: /usr/bin/bash --noprofile --norc -e -o pipefail {0}
2026-10-09T18:35:53.4149920Z env:
2026-10-09T18:35:53.4150096Z   CARGO_TERM_COLOR: always
2026-10-09T18:35:53.4150285Z   RUST_BACKTRACE: 1
2026-10-09T18:35:53.4150463Z   CARGO_HOME: /home/runner/.cargo
2026-10-09T18:35:53.4150665Z ##[endgroup]
2026-10-09T18:35:53.4234364Z ##[end-action id=__dtolnay_rust-toolchain.__run_6;outcome=success;conclusion=success;duration_ms=15]
2026-10-09T18:35:53.4236524Z ##[start-action display=Enable colors in Cargo output;id=__dtolnay_rust-toolchain.__run_7]
2026-10-09T18:35:53.4254057Z ##[group]Run if [ -z "${CARGO_TERM_COLOR+set}" ]; then
2026-10-09T18:35:53.4254373Z [36;1mif [ -z "${CARGO_TERM_COLOR+set}" ]; then[0m
2026-10-09T18:35:53.4254639Z [36;1m  echo CARGO_TERM_COLOR=always >> $GITHUB_ENV[0m
2026-10-09T18:35:53.4255030Z [36;1mfi[0m
2026-10-09T18:35:53.4310282Z shell: /usr/bin/bash --noprofile --norc -e -o pipefail {0}
2026-10-09T18:35:53.4310567Z env:
2026-10-09T18:35:53.4310921Z   CARGO_TERM_COLOR: always
2026-10-09T18:35:53.4311112Z   RUST_BACKTRACE: 1
2026-10-09T18:35:53.4311299Z   CARGO_HOME: /home/runner/.cargo
2026-10-09T18:35:53.4311505Z   CARGO_INCREMENTAL: 0
2026-10-09T18:35:53.4311687Z ##[endgroup]
2026-10-09T18:35:53.4395210Z ##[end-action id=__dtolnay_rust-toolchain.__run_7;outcome=success;conclusion=success;duration_ms=15]
2026-10-09T18:35:53.4399022Z ##[start-action display=Enable Cargo sparse registry;id=__dtolnay_rust-toolchain.__run_8]
2026-10-09T18:35:53.4417493Z ##[group]Run # implemented in 1.66, stabilized in 1.68, made default in 1.70
2026-10-09T18:35:53.4417918Z [36;1m# implemented in 1.66, stabilized in 1.68, made default in 1.70[0m
2026-10-09T18:35:53.4418688Z [36;1mif [ -z "${CARGO_REGISTRIES_CRATES_IO_PROTOCOL+set}" -o -f "/home/runner/work/_temp"/.implicit_cargo_registries_crates_io_protocol ]; then[0m
2026-10-09T18:35:53.4419270Z [36;1m  if rustc +"$toolchain" --version --verbose | grep -q '^release: 1\.6[89]\.'; then[0m
2026-10-09T18:35:53.4419731Z [36;1m    touch "/home/runner/work/_temp"/.implicit_cargo_registries_crates_io_protocol || true[0m
2026-10-09T18:35:53.4420143Z [36;1m    echo CARGO_REGISTRIES_CRATES_IO_PROTOCOL=sparse >> $GITHUB_ENV[0m
2026-10-09T18:35:53.4420535Z [36;1m  elif rustc +"$toolchain" --version --verbose | grep -q '^release: 1\.6[67]\.'; then[0m
2026-10-09T18:35:53.4421218Z [36;1m    touch "/home/runner/work/_temp"/.implicit_cargo_registries_crates_io_protocol || true[0m
2026-10-09T18:35:53.4421638Z [36;1m    echo CARGO_REGISTRIES_CRATES_IO_PROTOCOL=git >> $GITHUB_ENV[0m
2026-10-09T18:35:53.4421914Z [36;1m  fi[0m
2026-10-09T18:35:53.4422076Z [36;1mfi[0m
2026-10-09T18:35:53.4477886Z shell: /usr/bin/bash --noprofile --norc -e -o pipefail {0}
2026-10-09T18:35:53.4478166Z env:
2026-10-09T18:35:53.4478351Z   CARGO_TERM_COLOR: always
2026-10-09T18:35:53.4478551Z   RUST_BACKTRACE: 1
2026-10-09T18:35:53.4478729Z   CARGO_HOME: /home/runner/.cargo
2026-10-09T18:35:53.4478937Z   CARGO_INCREMENTAL: 0
2026-10-09T18:35:53.4479110Z   toolchain: 1.85.0
2026-10-09T18:35:53.4479276Z ##[endgroup]
2026-10-09T18:35:53.4784073Z ##[end-action id=__dtolnay_rust-toolchain.__run_8;outcome=success;conclusion=success;duration_ms=38]
2026-10-09T18:35:53.4787626Z ##[start-action display=Work around spurious network errors in curl 8.0;id=__dtolnay_rust-toolchain.__run_9]
2026-10-09T18:35:53.4805231Z ##[group]Run # https://rust-lang.zulipchat.com/#narrow/stream/246057-t-cargo/topic/timeout.20investigation
2026-10-09T18:35:53.4805818Z [36;1m# https://rust-lang.zulipchat.com/#narrow/stream/246057-t-cargo/topic/timeout.20investigation[0m
2026-10-09T18:35:53.4806319Z [36;1mif rustc +"$toolchain" --version --verbose | grep -q '^release: 1\.7[01]\.'; then[0m
2026-10-09T18:35:53.4806688Z [36;1m  echo CARGO_HTTP_MULTIPLEXING=false >> $GITHUB_ENV[0m
2026-10-09T18:35:53.4806949Z [36;1mfi[0m
2026-10-09T18:35:53.4862797Z shell: /usr/bin/bash --noprofile --norc -e -o pipefail {0}
2026-10-09T18:35:53.4863068Z env:
2026-10-09T18:35:53.4863237Z   CARGO_TERM_COLOR: always
2026-10-09T18:35:53.4863420Z   RUST_BACKTRACE: 1
2026-10-09T18:35:53.4863596Z   CARGO_HOME: /home/runner/.cargo
2026-10-09T18:35:53.4863793Z   CARGO_INCREMENTAL: 0
2026-10-09T18:35:53.4863964Z   toolchain: 1.85.0
2026-10-09T18:35:53.4864129Z ##[endgroup]
2026-10-09T18:35:53.5059887Z ##[end-action id=__dtolnay_rust-toolchain.__run_9;outcome=success;conclusion=success;duration_ms=27]
2026-10-09T18:35:53.5064521Z ##[start-action display=rustc +1.85.0 --version --verbose;id=__dtolnay_rust-toolchain.__run_10]
2026-10-09T18:35:53.5081609Z ##[group]Run rustc +"$toolchain" --version --verbose
2026-10-09T18:35:53.5081911Z [36;1mrustc +"$toolchain" --version --verbose[0m
2026-10-09T18:35:53.5137579Z shell: /usr/bin/bash --noprofile --norc -e -o pipefail {0}
2026-10-09T18:35:53.5138067Z env:
2026-10-09T18:35:53.5138239Z   CARGO_TERM_COLOR: always
2026-10-09T18:35:53.5138425Z   RUST_BACKTRACE: 1
2026-10-09T18:35:53.5138616Z   CARGO_HOME: /home/runner/.cargo
2026-10-09T18:35:53.5138815Z   CARGO_INCREMENTAL: 0
2026-10-09T18:35:53.5138986Z   toolchain: 1.85.0
2026-10-09T18:35:53.5139184Z ##[endgroup]
2026-10-09T18:35:53.5316432Z rustc 1.85.0 (4d91de4e4 2025-02-17)
2026-10-09T18:35:53.5316822Z binary: rustc
2026-10-09T18:35:53.5317050Z commit-hash: 4d91de4e48198da2e33413efdcd9cd2cc0c46688
2026-10-09T18:35:53.5317324Z commit-date: 2025-02-17
2026-10-09T18:35:53.5317519Z host: x86_64-unknown-linux-gnu
2026-10-09T18:35:53.5317716Z release: 1.85.0
2026-10-09T18:35:53.5317934Z LLVM version: 19.1.7
2026-10-09T18:35:53.5332802Z ##[end-action id=__dtolnay_rust-toolchain.__run_10;outcome=success;conclusion=success;duration_ms=26]
2026-10-09T18:35:53.5429096Z ##[group]Run Swatinem/rust-cache@v2
2026-10-09T18:35:53.5429331Z with:
2026-10-09T18:35:53.5429504Z   prefix-key: v0-rust
2026-10-09T18:35:53.5429710Z   add-job-id-key: true
2026-10-09T18:35:53.5429906Z   add-rust-environment-hash-key: true
2026-10-09T18:35:53.5430126Z   cache-targets: true
2026-10-09T18:35:53.5430306Z   cache-all-crates: false
2026-10-09T18:35:53.5430508Z   cache-workspace-crates: false
2026-10-09T18:35:53.5430719Z   save-if: true
2026-10-09T18:35:53.5431007Z   cache-provider: github
2026-10-09T18:35:53.5431193Z   cache-bin: true
2026-10-09T18:35:53.5431364Z   lookup-only: false
2026-10-09T18:35:53.5431544Z   cmd-format: {0}
2026-10-09T18:35:53.5431709Z env:
2026-10-09T18:35:53.5431873Z   CARGO_TERM_COLOR: always
2026-10-09T18:35:53.5432058Z   RUST_BACKTRACE: 1
2026-10-09T18:35:53.5432240Z   CARGO_HOME: /home/runner/.cargo
2026-10-09T18:35:53.5432445Z   CARGO_INCREMENTAL: 0
2026-10-09T18:35:53.5432623Z ##[endgroup]
2026-10-09T18:35:53.9590538Z ##[group]Cache Configuration
2026-10-09T18:35:53.9591099Z Cache Provider:
2026-10-09T18:35:53.9591362Z     github
2026-10-09T18:35:53.9591606Z Workspaces:
2026-10-09T18:35:53.9591880Z     /home/runner/work/rustwright/rustwright
2026-10-09T18:35:53.9592255Z Cache Paths:
2026-10-09T18:35:53.9592493Z     /home/runner/.cargo/bin
2026-10-09T18:35:53.9592853Z     /home/runner/.cargo/.crates.toml
2026-10-09T18:35:53.9593342Z     /home/runner/.cargo/.crates2.json
2026-10-09T18:35:53.9593816Z     /home/runner/.cargo/registry
2026-10-09T18:35:53.9594397Z     /home/runner/.cargo/git
2026-10-09T18:35:53.9594926Z     /home/runner/work/rustwright/rustwright/target
2026-10-09T18:35:53.9595473Z Restore Key:
2026-10-09T18:35:53.9595894Z     v0-rust-msrv-Linux-x64-7a998008
2026-10-09T18:35:53.9596360Z Cache Key:
2026-10-09T18:35:53.9596955Z     v0-rust-msrv-Linux-x64-7a998008-260f3700
2026-10-09T18:35:53.9597434Z .. Prefix:
2026-10-09T18:35:53.9597870Z   - v0-rust-msrv-Linux-x64
2026-10-09T18:35:53.9598365Z .. Environment considered:
2026-10-09T18:35:53.9598789Z   - Rust Versions:
2026-10-09T18:35:53.9614476Z     - 1.85.0 x86_64-unknown-linux-gnu 4d91de4e48198da2e33413efdcd9cd2cc0c46688
2026-10-09T18:35:53.9615376Z     - 1.99.0 x86_64-unknown-linux-gnu b940084d7eb6a299eb4bfeb8e34901bc051e7ac4
2026-10-09T18:35:53.9615901Z   - CARGO_HOME
2026-10-09T18:35:53.9616173Z   - CARGO_INCREMENTAL
2026-10-09T18:35:53.9616446Z   - CARGO_TERM_COLOR
2026-10-09T18:35:53.9616719Z   - RUST_BACKTRACE
2026-10-09T18:35:53.9616975Z .. Lockfiles considered:
2026-10-09T18:35:53.9617338Z   - /home/runner/work/rustwright/rustwright/Cargo.lock
2026-10-09T18:35:53.9617849Z   - /home/runner/work/rustwright/rustwright/crates/rustwright-bidi/Cargo.toml
2026-10-09T18:35:53.9618461Z   - /home/runner/work/rustwright/rustwright/crates/rustwright-browser/Cargo.toml
2026-10-09T18:35:53.9619092Z   - /home/runner/work/rustwright/rustwright/crates/rustwright-cdp/Cargo.toml
2026-10-09T18:35:53.9619757Z   - /home/runner/work/rustwright/rustwright/crates/rustwright-common/Cargo.toml
2026-10-09T18:35:53.9620416Z   - /home/runner/work/rustwright/rustwright/crates/rustwright-core/Cargo.toml
2026-10-09T18:35:53.9621200Z   - /home/runner/work/rustwright/rustwright/crates/rustwright-test-macros/Cargo.toml
2026-10-09T18:35:53.9622273Z   - /home/runner/work/rustwright/rustwright/crates/rustwright-test/Cargo.toml
2026-10-09T18:35:53.9622913Z   - /home/runner/work/rustwright/rustwright/crates/rustwright/Cargo.toml
2026-10-09T18:35:53.9623667Z   - /home/runner/work/rustwright/rustwright/docs/ci/results/remote-20261009/followup-local/consumer/.cargo/config.toml
2026-10-09T18:35:53.9624614Z   - /home/runner/work/rustwright/rustwright/docs/ci/results/required-browser/release/consumer/.cargo/config.toml
2026-10-09T18:35:53.9625454Z   - /home/runner/work/rustwright/rustwright/docs/release/results/local-package/consumer/.cargo/config.toml
2026-10-09T18:35:53.9626163Z   - /home/runner/work/rustwright/rustwright/examples/Cargo.toml
2026-10-09T18:35:53.9627216Z   - /home/runner/work/rustwright/rustwright/tests/Cargo.toml
2026-10-09T18:35:53.9627974Z ##[endgroup]
2026-10-09T18:35:53.9628108Z 
2026-10-09T18:35:53.9628224Z ... Restoring cache ...
2026-10-09T18:35:54.1661404Z Cache hit for restore-key: v0-rust-msrv-Linux-x64-7a998008-ed23558d
2026-10-09T18:35:55.3704958Z Received 29360128 of 50961506 (57.6%), 28.0 MBs/sec
2026-10-09T18:35:55.5538594Z Received 50961506 of 50961506 (100.0%), 41.0 MBs/sec
2026-10-09T18:35:55.5539160Z Cache Size: ~49 MB (50961506 B)
2026-10-09T18:35:55.5565857Z [command]/usr/bin/tar -xf /home/runner/work/_temp/450a3abe-11e9-4fc5-8f1d-514de235bcf1/cache.tzst -P -C /home/runner/work/rustwright/rustwright --use-compress-program unzstd
2026-10-09T18:35:55.8079945Z Cache restored successfully
2026-10-09T18:35:55.8105175Z Restored from cache key "v0-rust-msrv-Linux-x64-7a998008-ed23558d" full match: false.
2026-10-09T18:35:55.8656854Z ##[group]Run cargo check --locked --workspace --all-targets
2026-10-09T18:35:55.8657251Z [36;1mcargo check --locked --workspace --all-targets[0m
2026-10-09T18:35:55.8717540Z shell: /usr/bin/bash -e {0}
2026-10-09T18:35:55.8717883Z env:
2026-10-09T18:35:55.8718143Z   CARGO_TERM_COLOR: always
2026-10-09T18:35:55.8718438Z   RUST_BACKTRACE: 1
2026-10-09T18:35:55.8718749Z   CARGO_HOME: /home/runner/.cargo
2026-10-09T18:35:55.8719079Z   CARGO_INCREMENTAL: 0
2026-10-09T18:35:55.8719367Z   CACHE_ON_FAILURE: false
2026-10-09T18:35:55.8719660Z ##[endgroup]
2026-10-09T18:35:56.3657087Z [1m[32m    Updating[0m crates.io index
2026-10-09T18:35:57.0808493Z [1m[32m    Checking[0m rustwright-common v0.1.0 (/home/runner/work/rustwright/rustwright/crates/rustwright-common)
2026-10-09T18:35:57.0809584Z [1m[32m    Checking[0m rustwright-cdp v0.1.0 (/home/runner/work/rustwright/rustwright/crates/rustwright-cdp)
2026-10-09T18:35:57.0810620Z [1m[32m   Compiling[0m rustwright-test-macros v0.1.0 (/home/runner/work/rustwright/rustwright/crates/rustwright-test-macros)
2026-10-09T18:35:57.9876685Z [1m[32m    Checking[0m rustwright-browser v0.1.0 (/home/runner/work/rustwright/rustwright/crates/rustwright-browser)
2026-10-09T18:35:58.1168752Z [1m[32m    Checking[0m rustwright-core v0.1.0 (/home/runner/work/rustwright/rustwright/crates/rustwright-core)
2026-10-09T18:35:58.1170306Z [1m[32m    Checking[0m rustwright-bidi v0.1.0 (/home/runner/work/rustwright/rustwright/crates/rustwright-bidi)
2026-10-09T18:35:59.3982652Z [1m[32m    Checking[0m rustwright v0.1.0 (/home/runner/work/rustwright/rustwright/crates/rustwright)
2026-10-09T18:35:59.5422328Z [1m[32m    Checking[0m rustwright-test v0.1.0 (/home/runner/work/rustwright/rustwright/crates/rustwright-test)
2026-10-09T18:35:59.5423762Z [1m[32m    Checking[0m rustwright-integration-tests v0.1.0 (/home/runner/work/rustwright/rustwright/tests)
2026-10-09T18:36:00.1542714Z [1m[32m    Checking[0m rustwright-examples v0.1.0 (/home/runner/work/rustwright/rustwright/examples)
2026-10-09T18:36:01.4958864Z [1m[32m    Finished[0m `dev` profile [unoptimized + debuginfo] target(s) in 5.50s
2026-10-09T18:36:01.6508370Z Post job cleanup.
2026-10-09T18:36:01.7506321Z ##[group]Cache Configuration
2026-10-09T18:36:01.7506757Z Cache Provider:
2026-10-09T18:36:01.7507035Z     github
2026-10-09T18:36:01.7507262Z Workspaces:
2026-10-09T18:36:01.7507989Z     /home/runner/work/rustwright/rustwright
2026-10-09T18:36:01.7508357Z Cache Paths:
2026-10-09T18:36:01.7508645Z     /home/runner/.cargo/bin
2026-10-09T18:36:01.7508942Z     /home/runner/.cargo/.crates.toml
2026-10-09T18:36:01.7509208Z     /home/runner/.cargo/.crates2.json
2026-10-09T18:36:01.7509532Z     /home/runner/.cargo/registry
2026-10-09T18:36:01.7509847Z     /home/runner/.cargo/git
2026-10-09T18:36:01.7510203Z     /home/runner/work/rustwright/rustwright/target
2026-10-09T18:36:01.7510573Z Restore Key:
2026-10-09T18:36:01.7510985Z     v0-rust-msrv-Linux-x64-7a998008
2026-10-09T18:36:01.7511274Z Cache Key:
2026-10-09T18:36:01.7511553Z     v0-rust-msrv-Linux-x64-7a998008-260f3700
2026-10-09T18:36:01.7511901Z .. Prefix:
2026-10-09T18:36:01.7512211Z   - v0-rust-msrv-Linux-x64
2026-10-09T18:36:01.7512515Z .. Environment considered:
2026-10-09T18:36:01.7512790Z   - Rust Versions:
2026-10-09T18:36:01.7513197Z     - 1.85.0 x86_64-unknown-linux-gnu 4d91de4e48198da2e33413efdcd9cd2cc0c46688
2026-10-09T18:36:01.7513804Z     - 1.99.0 x86_64-unknown-linux-gnu b940084d7eb6a299eb4bfeb8e34901bc051e7ac4
2026-10-09T18:36:01.7514249Z   - CARGO_HOME
2026-10-09T18:36:01.7514491Z   - CARGO_INCREMENTAL
2026-10-09T18:36:01.7514736Z   - CARGO_TERM_COLOR
2026-10-09T18:36:01.7514908Z   - RUST_BACKTRACE
2026-10-09T18:36:01.7515080Z .. Lockfiles considered:
2026-10-09T18:36:01.7515303Z   - /home/runner/work/rustwright/rustwright/Cargo.lock
2026-10-09T18:36:01.7515649Z   - /home/runner/work/rustwright/rustwright/crates/rustwright-bidi/Cargo.toml
2026-10-09T18:36:01.7516067Z   - /home/runner/work/rustwright/rustwright/crates/rustwright-browser/Cargo.toml
2026-10-09T18:36:01.7516507Z   - /home/runner/work/rustwright/rustwright/crates/rustwright-cdp/Cargo.toml
2026-10-09T18:36:01.7516916Z   - /home/runner/work/rustwright/rustwright/crates/rustwright-common/Cargo.toml
2026-10-09T18:36:01.7517318Z   - /home/runner/work/rustwright/rustwright/crates/rustwright-core/Cargo.toml
2026-10-09T18:36:01.7517731Z   - /home/runner/work/rustwright/rustwright/crates/rustwright-test-macros/Cargo.toml
2026-10-09T18:36:01.7518133Z   - /home/runner/work/rustwright/rustwright/crates/rustwright-test/Cargo.toml
2026-10-09T18:36:01.7518514Z   - /home/runner/work/rustwright/rustwright/crates/rustwright/Cargo.toml
2026-10-09T18:36:01.7519008Z   - /home/runner/work/rustwright/rustwright/docs/ci/results/remote-20261009/followup-local/consumer/.cargo/config.toml
2026-10-09T18:36:01.7519611Z   - /home/runner/work/rustwright/rustwright/docs/ci/results/required-browser/release/consumer/.cargo/config.toml
2026-10-09T18:36:01.7520184Z   - /home/runner/work/rustwright/rustwright/docs/release/results/local-package/consumer/.cargo/config.toml
2026-10-09T18:36:01.7520641Z   - /home/runner/work/rustwright/rustwright/examples/Cargo.toml
2026-10-09T18:36:01.7521132Z   - /home/runner/work/rustwright/rustwright/tests/Cargo.toml
2026-10-09T18:36:01.7521574Z ##[endgroup]
2026-10-09T18:36:01.7521678Z 
2026-10-09T18:36:02.0468519Z ... Cleaning /home/runner/work/rustwright/rustwright/target ...
2026-10-09T18:36:02.0877841Z ... Cleaning cargo registry (cache-all-crates: false) ...
2026-10-09T18:36:02.2052665Z ... Cleaning cargo/bin ...
2026-10-09T18:36:02.2076547Z ... Cleaning cargo git cache ...
2026-10-09T18:36:02.2081902Z ... Saving cache ...
2026-10-09T18:36:02.2263362Z [command]/usr/bin/tar --posix -cf cache.tzst --exclude cache.tzst -P -C /home/runner/work/rustwright/rustwright --files-from manifest.txt --use-compress-program zstdmt
2026-10-09T18:36:03.8179006Z Sent 37289984 of 50956768 (73.2%), 35.6 MBs/sec
2026-10-09T18:36:04.3675099Z Sent 50956768 of 50956768 (100.0%), 31.4 MBs/sec
2026-10-09T18:36:04.6672481Z Post job cleanup.
2026-10-09T18:36:04.7414146Z [command]/usr/bin/git version
2026-10-09T18:36:04.7451190Z git version 2.55.0
2026-10-09T18:36:04.7482380Z Temporarily overriding HOME='/home/runner/work/_temp/6bc3ec23-e51d-47e2-ac9c-632e509a352d' before making global git config changes
2026-10-09T18:36:04.7483594Z Adding repository directory to the temporary git global config as a safe directory
2026-10-09T18:36:04.7487178Z [command]/usr/bin/git config --global --add safe.directory /home/runner/work/rustwright/rustwright
2026-10-09T18:36:04.7525389Z [command]/usr/bin/git config --local --name-only --get-regexp core\.sshCommand
2026-10-09T18:36:04.7557727Z [command]/usr/bin/git submodule foreach --recursive sh -c "git config --local --name-only --get-regexp 'core\.sshCommand' && git config --local --unset-all 'core.sshCommand' || :"
2026-10-09T18:36:04.7774399Z [command]/usr/bin/git config --local --name-only --get-regexp http\.https\:\/\/github\.com\/\.extraheader
2026-10-09T18:36:04.7800324Z http.https://github.com/.extraheader
2026-10-09T18:36:04.7809837Z [command]/usr/bin/git config --local --unset-all http.https://github.com/.extraheader
2026-10-09T18:36:04.7852322Z [command]/usr/bin/git submodule foreach --recursive sh -c "git config --local --name-only --get-regexp 'http\.https\:\/\/github\.com\/\.extraheader' && git config --local --unset-all 'http.https://github.com/.extraheader' || :"
2026-10-09T18:36:04.8066709Z [command]/usr/bin/git config --local --name-only --get-regexp ^includeIf\.gitdir:
2026-10-09T18:36:04.8105720Z [command]/usr/bin/git submodule foreach --recursive git config --local --show-origin --name-only --get-regexp remote.origin.url
2026-10-09T18:36:04.8443131Z Cleaning up orphan processes
