2026-10-09T18:35:43.0746099Z Current runner version: '2.337.0'
2026-10-09T18:35:43.1042937Z ##[group]Runner Image Provisioner
2026-10-09T18:35:43.1043756Z Hosted Compute Agent
2026-10-09T18:35:43.1044414Z Version: 20260901.588
2026-10-09T18:35:43.1045042Z Commit: f88ec8081b781fac6c440065ac7ff9e710ce3d0b
2026-10-09T18:35:43.1045723Z Build Date: 2026-09-01T19:56:44Z
2026-10-09T18:35:43.1046409Z Worker ID: {90e3377f-0e45-4ecf-85e2-bfba20e07e3e}
2026-10-09T18:35:43.1047089Z Azure Region: eastus2
2026-10-09T18:35:43.1047630Z ##[endgroup]
2026-10-09T18:35:43.1049107Z ##[group]Operating System
2026-10-09T18:35:43.1049756Z Microsoft Windows Server 2025
2026-10-09T18:35:43.1050701Z 10.0.26100
2026-10-09T18:35:43.1051211Z Datacenter
2026-10-09T18:35:43.1051736Z ##[endgroup]
2026-10-09T18:35:43.1052462Z ##[group]Runner Image
2026-10-09T18:35:43.1053064Z Image: windows-2025-vs2026
2026-10-09T18:35:43.1053757Z Version: 20260925.250.1
2026-10-09T18:35:43.1055307Z Included Software: https://github.com/actions/runner-images/blob/win25-vs2026/20260925.250/images/windows/Windows2025-VS2026-Readme.md
2026-10-09T18:35:43.1057014Z Image Release: https://github.com/actions/runner-images/releases/tag/win25-vs2026%2F20260925.250
2026-10-09T18:35:43.1057966Z ##[endgroup]
2026-10-09T18:35:43.1059066Z ##[group]GITHUB_TOKEN Permissions
2026-10-09T18:35:43.1060904Z Contents: read
2026-10-09T18:35:43.1061524Z Metadata: read
2026-10-09T18:35:43.1062092Z ##[endgroup]
2026-10-09T18:35:43.1064187Z Secret source: Actions
2026-10-09T18:35:43.1065152Z Cache mode: write
2026-10-09T18:35:43.1065804Z Prepare workflow directory
2026-10-09T18:35:43.2073547Z Prepare all required actions
2026-10-09T18:35:43.2122926Z Getting action download info
2026-10-09T18:35:43.4492164Z Download action repository 'actions/checkout@v5' (SHA:fbc6f3992d24b796d5a048ff273f7fcc4a7b6c09)
2026-10-09T18:35:43.6330170Z Download action repository 'dtolnay/rust-toolchain@stable' (SHA:686976e191b89faba57d3206551f0f330d8cb249)
2026-10-09T18:35:43.7694511Z Download action repository 'Swatinem/rust-cache@v2' (SHA:6323deb102c322ba6fcbdcafc7e3dddab59af2b6)
2026-10-09T18:35:44.0776782Z Download action repository 'actions/setup-python@v6' (SHA:ece7cb06caefa5fff74198d8649806c4678c61a1)
2026-10-09T18:35:44.3891322Z Download action repository 'browser-actions/setup-chrome@v2' (SHA:48ad923757ca74d66703209fe939badbdf80f2f4)
2026-10-09T18:35:44.6053660Z Download action repository 'browser-actions/setup-firefox@v1' (SHA:0bc507ddf224827e3b1af68e014d5e42ab93e795)
2026-10-09T18:35:45.0076511Z Download action repository 'actions/upload-artifact@v4' (SHA:ea165f8d65b6e75b540449e92b4886f43607fa02)
2026-10-09T18:35:46.3665482Z Complete job name: Required Chrome + Firefox / windows-latest
2026-10-09T18:35:46.5817274Z ##[group]Run actions/checkout@v5
2026-10-09T18:35:46.5819313Z with:
2026-10-09T18:35:46.5820465Z   repository: rsasaki0109/rustwright
2026-10-09T18:35:46.5835298Z   token: ***
2026-10-09T18:35:46.5836507Z   ssh-strict: true
2026-10-09T18:35:46.5837714Z   ssh-user: git
2026-10-09T18:35:46.5838989Z   persist-credentials: true
2026-10-09T18:35:46.5840359Z   clean: true
2026-10-09T18:35:46.5841604Z   sparse-checkout-cone-mode: true
2026-10-09T18:35:46.5843098Z   fetch-depth: 1
2026-10-09T18:35:46.5844290Z   fetch-tags: false
2026-10-09T18:35:46.5845539Z   show-progress: true
2026-10-09T18:35:46.5847155Z   lfs: false
2026-10-09T18:35:46.5848396Z   submodules: false
2026-10-09T18:35:46.5849626Z   set-safe-directory: true
2026-10-09T18:35:46.5851032Z   allow-unsafe-pr-checkout: false
2026-10-09T18:35:46.5852868Z env:
2026-10-09T18:35:46.5853990Z   CARGO_TERM_COLOR: always
2026-10-09T18:35:46.5855320Z   RUST_BACKTRACE: 1
2026-10-09T18:35:46.5856511Z ##[endgroup]
2026-10-09T18:35:46.7960098Z Syncing repository: rsasaki0109/rustwright
2026-10-09T18:35:46.7963689Z ##[group]Getting Git version info
2026-10-09T18:35:46.7965536Z Working directory is 'D:\a\rustwright\rustwright'
2026-10-09T18:35:46.9156644Z [command]"C:\Program Files\Git\bin\git.exe" version
2026-10-09T18:35:47.3980688Z git version 2.55.0.windows.5
2026-10-09T18:35:47.4044855Z ##[endgroup]
2026-10-09T18:35:47.4068470Z Temporarily overriding HOME='D:\a\_temp\84995dd1-5639-447a-99ac-54b4cbe09930' before making global git config changes
2026-10-09T18:35:47.4072527Z Adding repository directory to the temporary git global config as a safe directory
2026-10-09T18:35:47.4084163Z [command]"C:\Program Files\Git\bin\git.exe" config --global --add safe.directory D:\a\rustwright\rustwright
2026-10-09T18:35:47.5041545Z Deleting the contents of 'D:\a\rustwright\rustwright'
2026-10-09T18:35:47.5049352Z ##[group]Initializing the repository
2026-10-09T18:35:47.5060497Z [command]"C:\Program Files\Git\bin\git.exe" init D:\a\rustwright\rustwright
2026-10-09T18:35:47.6142017Z Initialized empty Git repository in D:/a/rustwright/rustwright/.git/
2026-10-09T18:35:47.6252463Z [command]"C:\Program Files\Git\bin\git.exe" remote add origin https://github.com/rsasaki0109/rustwright
2026-10-09T18:35:47.7997538Z ##[endgroup]
2026-10-09T18:35:47.7998851Z ##[group]Disabling automatic garbage collection
2026-10-09T18:35:47.8005224Z [command]"C:\Program Files\Git\bin\git.exe" config --local gc.auto 0
2026-10-09T18:35:47.8846771Z ##[endgroup]
2026-10-09T18:35:47.8847712Z ##[group]Setting up auth
2026-10-09T18:35:47.8862556Z [command]"C:\Program Files\Git\bin\git.exe" config --local --name-only --get-regexp core\.sshCommand
2026-10-09T18:35:47.9665042Z [command]"C:\Program Files\Git\bin\git.exe" submodule foreach --recursive "sh -c \"git config --local --name-only --get-regexp 'core\.sshCommand' && git config --local --unset-all 'core.sshCommand' || :\""
2026-10-09T18:35:50.2225326Z [command]"C:\Program Files\Git\bin\git.exe" config --local --name-only --get-regexp http\.https\:\/\/github\.com\/\.extraheader
2026-10-09T18:35:50.3877001Z [command]"C:\Program Files\Git\bin\git.exe" submodule foreach --recursive "sh -c \"git config --local --name-only --get-regexp 'http\.https\:\/\/github\.com\/\.extraheader' && git config --local --unset-all 'http.https://github.com/.extraheader' || :\""
2026-10-09T18:35:51.4026818Z [command]"C:\Program Files\Git\bin\git.exe" config --local --name-only --get-regexp ^includeIf\.gitdir:
2026-10-09T18:35:51.5028481Z [command]"C:\Program Files\Git\bin\git.exe" submodule foreach --recursive "git config --local --show-origin --name-only --get-regexp remote.origin.url"
2026-10-09T18:35:52.7005424Z [command]"C:\Program Files\Git\bin\git.exe" config --local http.https://github.com/.extraheader "AUTHORIZATION: basic ***"
2026-10-09T18:35:52.7945945Z ##[endgroup]
2026-10-09T18:35:52.7946689Z ##[group]Fetching the repository
2026-10-09T18:35:52.7963728Z [command]"C:\Program Files\Git\bin\git.exe" -c protocol.version=2 fetch --no-tags --prune --no-recurse-submodules --depth=1 origin +a5ad697d97ded9323679eba93726cd7da324e269:refs/remotes/pull/1/merge
2026-10-09T18:35:54.5402152Z From https://github.com/rsasaki0109/rustwright
2026-10-09T18:35:54.5402917Z  * [new ref]         a5ad697d97ded9323679eba93726cd7da324e269 -> pull/1/merge
2026-10-09T18:35:54.5557423Z ##[endgroup]
2026-10-09T18:35:54.5558206Z ##[group]Determining the checkout info
2026-10-09T18:35:54.5559952Z ##[endgroup]
2026-10-09T18:35:54.5571288Z [command]"C:\Program Files\Git\bin\git.exe" sparse-checkout disable
2026-10-09T18:35:54.7641091Z [command]"C:\Program Files\Git\bin\git.exe" config --local --unset-all extensions.worktreeConfig
2026-10-09T18:35:55.1507318Z ##[group]Checking out the ref
2026-10-09T18:35:55.1524523Z [command]"C:\Program Files\Git\bin\git.exe" checkout --progress --force refs/remotes/pull/1/merge
2026-10-09T18:35:55.7746554Z Note: switching to 'refs/remotes/pull/1/merge'.
2026-10-09T18:35:55.7747065Z 
2026-10-09T18:35:55.7747916Z You are in 'detached HEAD' state. You can look around, make experimental
2026-10-09T18:35:55.7749006Z changes and commit them, and you can discard any commits you make in this
2026-10-09T18:35:55.7749507Z state without impacting any branches by switching back to a branch.
2026-10-09T18:35:55.7749793Z 
2026-10-09T18:35:55.7750892Z If you want to create a new branch to retain commits you create, you may
2026-10-09T18:35:55.7751692Z do so (now or later) by using -c with the switch command. Example:
2026-10-09T18:35:55.7752043Z 
2026-10-09T18:35:55.7752163Z   git switch -c <new-branch-name>
2026-10-09T18:35:55.7752338Z 
2026-10-09T18:35:55.7752433Z Or undo this operation with:
2026-10-09T18:35:55.7752610Z 
2026-10-09T18:35:55.7752742Z   git switch -
2026-10-09T18:35:55.7752855Z 
2026-10-09T18:35:55.7753053Z Turn off this advice by setting config variable advice.detachedHead to false
2026-10-09T18:35:55.7753354Z 
2026-10-09T18:35:55.7753713Z HEAD is now at a5ad697 Merge e3bc08e7ce0a117d173bdcde2924165806e8e854 into 91e72af388d000266c9b4e7567a3e1fe4007fc33
2026-10-09T18:35:55.7900992Z ##[endgroup]
2026-10-09T18:35:56.0002339Z [command]"C:\Program Files\Git\bin\git.exe" log -1 --format=%H
2026-10-09T18:35:56.1862942Z a5ad697d97ded9323679eba93726cd7da324e269
2026-10-09T18:35:56.2757404Z ##[group]Run dtolnay/rust-toolchain@stable
2026-10-09T18:35:56.2757763Z with:
2026-10-09T18:35:56.2757939Z   toolchain: stable
2026-10-09T18:35:56.2758119Z env:
2026-10-09T18:35:56.2758281Z   CARGO_TERM_COLOR: always
2026-10-09T18:35:56.2758480Z   RUST_BACKTRACE: 1
2026-10-09T18:35:56.2758651Z ##[endgroup]
2026-10-09T18:35:56.2826550Z ##[start-action display=Parse toolchain version;id=__dtolnay_rust-toolchain.parse]
2026-10-09T18:35:56.3176473Z ##[group]Run if [[ -z $toolchain ]]; then
2026-10-09T18:35:56.3176860Z [36;1mif [[ -z $toolchain ]]; then[0m
2026-10-09T18:35:56.3177393Z [36;1m  # GitHub does not enforce `required: true` inputs itself. https://github.com/actions/runner/issues/1070[0m
2026-10-09T18:35:56.3177947Z [36;1m  echo "'toolchain' is a required input" >&2[0m
2026-10-09T18:35:56.3178222Z [36;1m  exit 1[0m
2026-10-09T18:35:56.3178536Z [36;1melif [[ $toolchain =~ ^stable' '[0-9]+' '(year|month|week|day)s?' 'ago$ ]]; then[0m
2026-10-09T18:35:56.3178989Z [36;1m  if [[ Windows == macOS ]]; then[0m
2026-10-09T18:35:56.3179525Z [36;1m    echo "toolchain=1.$((($(date -v-$(sed 's/stable \([0-9]*\) \(.\).*/\1\2/' <<< $toolchain) +%s)/60/60/24-16569)/7/6))" >> $GITHUB_OUTPUT[0m
2026-10-09T18:35:56.3180017Z [36;1m  else[0m
2026-10-09T18:35:56.3180396Z [36;1m    echo "toolchain=1.$((($(date --date "${toolchain#stable }" +%s)/60/60/24-16569)/7/6))" >> $GITHUB_OUTPUT[0m
2026-10-09T18:35:56.3180829Z [36;1m  fi[0m
2026-10-09T18:35:56.3181102Z [36;1melif [[ $toolchain =~ ^stable' 'minus' '[0-9]+' 'releases?$ ]]; then[0m
2026-10-09T18:35:56.3181615Z [36;1m  echo "toolchain=1.$((($(date +%s)/60/60/24-16569)/7/6-${toolchain//[^0-9]/}))" >> $GITHUB_OUTPUT[0m
2026-10-09T18:35:56.3182053Z [36;1melif [[ $toolchain =~ ^1\.[0-9]+$ ]]; then[0m
2026-10-09T18:35:56.3182548Z [36;1m  echo "toolchain=1.$((i=${toolchain#1.}, c=($(date +%s)/60/60/24-16569)/7/6, i+9*i*(10*i<=c)+90*i*(100*i<=c)))" >> $GITHUB_OUTPUT[0m
2026-10-09T18:35:56.3183042Z [36;1melse[0m
2026-10-09T18:35:56.3183223Z [36;1m  delimiter=EOF[0m
2026-10-09T18:35:56.3183516Z [36;1m  while [[ $toolchain == *$delimiter* ]]; do delimiter+=_; done[0m
2026-10-09T18:35:56.3184000Z [36;1m  printf 'toolchain<<%s\n%s\n%s\n' "$delimiter" "$toolchain" "$delimiter" >> $GITHUB_OUTPUT[0m
2026-10-09T18:35:56.3184403Z [36;1mfi[0m
2026-10-09T18:35:56.3210753Z shell: C:\Program Files\Git\bin\bash.EXE --noprofile --norc -e -o pipefail {0}
2026-10-09T18:35:56.3211157Z env:
2026-10-09T18:35:56.3211338Z   CARGO_TERM_COLOR: always
2026-10-09T18:35:56.3211558Z   RUST_BACKTRACE: 1
2026-10-09T18:35:56.3211803Z   toolchain: stable
2026-10-09T18:35:56.3212006Z ##[endgroup]
2026-10-09T18:35:56.6354676Z ##[end-action id=__dtolnay_rust-toolchain.parse;outcome=success;conclusion=success;duration_ms=352]
2026-10-09T18:35:56.6386597Z ##[start-action display=Set $CARGO_HOME;id=__dtolnay_rust-toolchain.__run]
2026-10-09T18:35:56.6710758Z ##[group]Run echo CARGO_HOME=${CARGO_HOME:-"$USERPROFILE\.cargo"} >> $GITHUB_ENV
2026-10-09T18:35:56.6711266Z [36;1mecho CARGO_HOME=${CARGO_HOME:-"$USERPROFILE\.cargo"} >> $GITHUB_ENV[0m
2026-10-09T18:35:56.6727133Z shell: C:\Program Files\Git\bin\bash.EXE --noprofile --norc -e -o pipefail {0}
2026-10-09T18:35:56.6727508Z env:
2026-10-09T18:35:56.6727671Z   CARGO_TERM_COLOR: always
2026-10-09T18:35:56.6727893Z   RUST_BACKTRACE: 1
2026-10-09T18:35:56.6728072Z ##[endgroup]
2026-10-09T18:35:56.8391747Z ##[end-action id=__dtolnay_rust-toolchain.__run;outcome=success;conclusion=success;duration_ms=200]
2026-10-09T18:35:56.8394174Z ##[start-action display=Install rustup if needed;id=__dtolnay_rust-toolchain.__run_2]
2026-10-09T18:35:56.8404958Z ##[end-action id=__dtolnay_rust-toolchain.__run_2;outcome=skipped;conclusion=skipped;duration_ms=0]
2026-10-09T18:35:56.8407042Z ##[start-action display=Install rustup if needed on windows;id=__dtolnay_rust-toolchain.__run_3]
2026-10-09T18:35:56.8714753Z ##[group]Run if ! command -v rustup &>/dev/null; then
2026-10-09T18:35:56.8717446Z [36;1mif ! command -v rustup &>/dev/null; then[0m
2026-10-09T18:35:56.8718808Z [36;1m  curl --proto '=https' --tlsv1.2 --retry 10 --retry-connrefused --location --silent --show-error --fail https://win.rustup.rs/x86_64 --output 'D:\a\_temp\rustup-init.exe'[0m
2026-10-09T18:35:56.8720284Z [36;1m  'D:\a\_temp\rustup-init.exe' --default-toolchain none --no-modify-path -y[0m
2026-10-09T18:35:56.8720986Z [36;1m  echo "$CARGO_HOME\bin" >> $GITHUB_PATH[0m
2026-10-09T18:35:56.8721412Z [36;1mfi[0m
2026-10-09T18:35:56.8741584Z shell: C:\Program Files\Git\bin\bash.EXE --noprofile --norc -e -o pipefail {0}
2026-10-09T18:35:56.8742209Z env:
2026-10-09T18:35:56.8742480Z   CARGO_TERM_COLOR: always
2026-10-09T18:35:56.8742809Z   RUST_BACKTRACE: 1
2026-10-09T18:35:56.8743132Z   CARGO_HOME: C:\Users\runneradmin\.cargo
2026-10-09T18:35:56.8743546Z ##[endgroup]
2026-10-09T18:35:57.0590167Z ##[end-action id=__dtolnay_rust-toolchain.__run_3;outcome=success;conclusion=success;duration_ms=218]
2026-10-09T18:35:57.0607506Z ##[start-action display=rustup toolchain install stable;id=__dtolnay_rust-toolchain.__run_4]
2026-10-09T18:35:57.0823303Z ##[group]Run set -f  # split targets and components on commas and whitespace, without glob expansion
2026-10-09T18:35:57.0823956Z [36;1mset -f  # split targets and components on commas and whitespace, without glob expansion[0m
2026-10-09T18:35:57.0824375Z [36;1mflags=()[0m
2026-10-09T18:35:57.0824631Z [36;1mfor t in ${targets//,/ }; do flags+=(--target "$t"); done[0m
2026-10-09T18:35:57.0825023Z [36;1mfor c in ${components//,/ }; do flags+=(--component "$c"); done[0m
2026-10-09T18:35:57.0825502Z [36;1mif [[ $toolchain == nightly && -n $components ]]; then flags+=(--allow-downgrade); fi[0m
2026-10-09T18:35:57.0825903Z [36;1mlog=$(mktemp)[0m
2026-10-09T18:35:57.0826118Z [36;1mtrap 'rm -f "$log"' EXIT[0m
2026-10-09T18:35:57.0826358Z [36;1mfor attempt in 1 2 3 4 5; do[0m
2026-10-09T18:35:57.0826921Z [36;1m  if rustup toolchain install "$toolchain" "${flags[@]}" --profile minimal --no-self-update --force-non-host 2>&1 | tee "$log"; then[0m
2026-10-09T18:35:57.0827485Z [36;1m    break[0m
2026-10-09T18:35:57.0827666Z [36;1m  else[0m
2026-10-09T18:35:57.0827843Z [36;1m    status=$?[0m
2026-10-09T18:35:57.0828032Z [36;1m  fi[0m
2026-10-09T18:35:57.0828303Z [36;1m  if [[ $attempt == 5 ]] || ! grep -Fq 'checksum failed for ' "$log" \[0m
2026-10-09T18:35:57.0829274Z [36;1m      || ! grep -Fq 'this is likely due to an ongoing update of the official release server' "$log"; then[0m
2026-10-09T18:35:57.0829739Z [36;1m    exit "$status"[0m
2026-10-09T18:35:57.0829944Z [36;1m  fi[0m
2026-10-09T18:35:57.0830280Z [36;1m  echo "Retrying rustup toolchain install in 30 seconds (retry $attempt of 4)" >&2[0m
2026-10-09T18:35:57.0830700Z [36;1m  sleep 30[0m
2026-10-09T18:35:57.0830883Z [36;1mdone[0m
2026-10-09T18:35:57.0845041Z shell: C:\Program Files\Git\bin\bash.EXE --noprofile --norc -e -o pipefail {0}
2026-10-09T18:35:57.0845430Z env:
2026-10-09T18:35:57.0845606Z   CARGO_TERM_COLOR: always
2026-10-09T18:35:57.0845985Z   RUST_BACKTRACE: 1
2026-10-09T18:35:57.0846198Z   CARGO_HOME: C:\Users\runneradmin\.cargo
2026-10-09T18:35:57.0846448Z   toolchain: stable
2026-10-09T18:35:57.0846623Z   targets: 
2026-10-09T18:35:57.0846785Z   components: 
2026-10-09T18:35:57.0846968Z   RUSTUP_PERMIT_COPY_RENAME: 1
2026-10-09T18:35:57.0847182Z ##[endgroup]
2026-10-09T18:36:00.5739506Z info: syncing channel updates for stable-x86_64-pc-windows-msvc
2026-10-09T18:36:01.1920864Z info: latest update on 2026-10-01 for version 1.99.0 (b940084d7 2026-09-28)
2026-10-09T18:36:01.2236545Z info: removing previous version of component rustfmt
2026-10-09T18:36:01.2556453Z info: removing previous version of component clippy
2026-10-09T18:36:01.2714402Z info: removing previous version of component rust-std for target x86_64-pc-windows-gnu
2026-10-09T18:36:01.4004264Z info: removing previous version of component rust-std for target i686-pc-windows-msvc
2026-10-09T18:36:01.5097753Z info: removing previous version of component cargo
2026-10-09T18:36:01.6202994Z info: removing previous version of component rust-std
2026-10-09T18:36:01.7788818Z info: removing previous version of component rustc
2026-10-09T18:36:01.9373649Z info: downloading 7 components
2026-10-09T18:36:15.3882198Z 
2026-10-09T18:36:15.4199261Z   stable-x86_64-pc-windows-msvc updated - rustc 1.99.0 (b940084d7 2026-09-28) (from rustc 1.98.1 (48a229cea 2026-09-01))
2026-10-09T18:36:15.4200056Z 
2026-10-09T18:36:15.4554867Z ##[end-action id=__dtolnay_rust-toolchain.__run_4;outcome=success;conclusion=success;duration_ms=18394]
2026-10-09T18:36:15.4562227Z ##[start-action display=rustup default stable;id=__dtolnay_rust-toolchain.__run_5]
2026-10-09T18:36:15.4702739Z ##[group]Run rustup default "$toolchain" --force-non-host
2026-10-09T18:36:15.4703106Z [36;1mrustup default "$toolchain" --force-non-host[0m
2026-10-09T18:36:15.4717342Z shell: C:\Program Files\Git\bin\bash.EXE --noprofile --norc -e -o pipefail {0}
2026-10-09T18:36:15.4717736Z env:
2026-10-09T18:36:15.4717906Z   CARGO_TERM_COLOR: always
2026-10-09T18:36:15.4718110Z   RUST_BACKTRACE: 1
2026-10-09T18:36:15.4718309Z   CARGO_HOME: C:\Users\runneradmin\.cargo
2026-10-09T18:36:15.4718551Z   toolchain: stable
2026-10-09T18:36:15.4718719Z ##[endgroup]
2026-10-09T18:36:15.5393777Z info: using existing install for stable-x86_64-pc-windows-msvc
2026-10-09T18:36:15.7554870Z info: default toolchain set to stable-x86_64-pc-windows-msvc
2026-10-09T18:36:15.7555230Z 
2026-10-09T18:36:15.7762832Z   stable-x86_64-pc-windows-msvc unchanged - rustc 1.99.0 (b940084d7 2026-09-28)
2026-10-09T18:36:15.7763191Z 
2026-10-09T18:36:15.7850479Z ##[end-action id=__dtolnay_rust-toolchain.__run_5;outcome=success;conclusion=success;duration_ms=328]
2026-10-09T18:36:15.7853873Z ##[start-action display=Create cachekey;id=__dtolnay_rust-toolchain.rustc-version]
2026-10-09T18:36:15.7980363Z ##[group]Run DATE=$(rustc +"$toolchain" --version --verbose | sed -ne 's/^commit-date: \(20[0-9][0-9]\)-\([01][0-9]\)-\([0-3][0-9]\)$/\1\2\3/p')
2026-10-09T18:36:15.7981205Z [36;1mDATE=$(rustc +"$toolchain" --version --verbose | sed -ne 's/^commit-date: \(20[0-9][0-9]\)-\([01][0-9]\)-\([0-3][0-9]\)$/\1\2\3/p')[0m
2026-10-09T18:36:15.7981849Z [36;1mHASH=$(rustc +"$toolchain" --version --verbose | sed -ne 's/^commit-hash: //p')[0m
2026-10-09T18:36:15.7982340Z [36;1mecho "cachekey=$(echo $DATE$HASH | head -c12)" >> $GITHUB_OUTPUT[0m
2026-10-09T18:36:15.7996795Z shell: C:\Program Files\Git\bin\bash.EXE --noprofile --norc -e -o pipefail {0}
2026-10-09T18:36:15.7997180Z env:
2026-10-09T18:36:15.7997350Z   CARGO_TERM_COLOR: always
2026-10-09T18:36:15.7997555Z   RUST_BACKTRACE: 1
2026-10-09T18:36:15.7997755Z   CARGO_HOME: C:\Users\runneradmin\.cargo
2026-10-09T18:36:15.7997998Z   toolchain: stable
2026-10-09T18:36:15.7998172Z ##[endgroup]
2026-10-09T18:36:16.5516461Z ##[end-action id=__dtolnay_rust-toolchain.rustc-version;outcome=success;conclusion=success;duration_ms=766]
2026-10-09T18:36:16.5519134Z ##[start-action display=Disable incremental compilation;id=__dtolnay_rust-toolchain.__run_6]
2026-10-09T18:36:16.5661207Z ##[group]Run if [ -z "${CARGO_INCREMENTAL+set}" ]; then
2026-10-09T18:36:16.5661586Z [36;1mif [ -z "${CARGO_INCREMENTAL+set}" ]; then[0m
2026-10-09T18:36:16.5661896Z [36;1m  echo CARGO_INCREMENTAL=0 >> $GITHUB_ENV[0m
2026-10-09T18:36:16.5662158Z [36;1mfi[0m
2026-10-09T18:36:16.5677512Z shell: C:\Program Files\Git\bin\bash.EXE --noprofile --norc -e -o pipefail {0}
2026-10-09T18:36:16.5677891Z env:
2026-10-09T18:36:16.5678082Z   CARGO_TERM_COLOR: always
2026-10-09T18:36:16.5678417Z   RUST_BACKTRACE: 1
2026-10-09T18:36:16.5678709Z   CARGO_HOME: C:\Users\runneradmin\.cargo
2026-10-09T18:36:16.5679097Z ##[endgroup]
2026-10-09T18:36:16.6106077Z ##[end-action id=__dtolnay_rust-toolchain.__run_6;outcome=success;conclusion=success;duration_ms=58]
2026-10-09T18:36:16.6108929Z ##[start-action display=Enable colors in Cargo output;id=__dtolnay_rust-toolchain.__run_7]
2026-10-09T18:36:16.6235399Z ##[group]Run if [ -z "${CARGO_TERM_COLOR+set}" ]; then
2026-10-09T18:36:16.6235750Z [36;1mif [ -z "${CARGO_TERM_COLOR+set}" ]; then[0m
2026-10-09T18:36:16.6236064Z [36;1m  echo CARGO_TERM_COLOR=always >> $GITHUB_ENV[0m
2026-10-09T18:36:16.6236386Z [36;1mfi[0m
2026-10-09T18:36:16.6250924Z shell: C:\Program Files\Git\bin\bash.EXE --noprofile --norc -e -o pipefail {0}
2026-10-09T18:36:16.6251314Z env:
2026-10-09T18:36:16.6251487Z   CARGO_TERM_COLOR: always
2026-10-09T18:36:16.6251688Z   RUST_BACKTRACE: 1
2026-10-09T18:36:16.6251891Z   CARGO_HOME: C:\Users\runneradmin\.cargo
2026-10-09T18:36:16.6252140Z   CARGO_INCREMENTAL: 0
2026-10-09T18:36:16.6252388Z ##[endgroup]
2026-10-09T18:36:16.6650251Z ##[end-action id=__dtolnay_rust-toolchain.__run_7;outcome=success;conclusion=success;duration_ms=54]
2026-10-09T18:36:16.6654188Z ##[start-action display=Enable Cargo sparse registry;id=__dtolnay_rust-toolchain.__run_8]
2026-10-09T18:36:16.6780450Z ##[group]Run # implemented in 1.66, stabilized in 1.68, made default in 1.70
2026-10-09T18:36:16.6780955Z [36;1m# implemented in 1.66, stabilized in 1.68, made default in 1.70[0m
2026-10-09T18:36:16.6781596Z [36;1mif [ -z "${CARGO_REGISTRIES_CRATES_IO_PROTOCOL+set}" -o -f "D:\a\_temp"/.implicit_cargo_registries_crates_io_protocol ]; then[0m
2026-10-09T18:36:16.6782276Z [36;1m  if rustc +"$toolchain" --version --verbose | grep -q '^release: 1\.6[89]\.'; then[0m
2026-10-09T18:36:16.6782783Z [36;1m    touch "D:\a\_temp"/.implicit_cargo_registries_crates_io_protocol || true[0m
2026-10-09T18:36:16.6783248Z [36;1m    echo CARGO_REGISTRIES_CRATES_IO_PROTOCOL=sparse >> $GITHUB_ENV[0m
2026-10-09T18:36:16.6783741Z [36;1m  elif rustc +"$toolchain" --version --verbose | grep -q '^release: 1\.6[67]\.'; then[0m
2026-10-09T18:36:16.6784254Z [36;1m    touch "D:\a\_temp"/.implicit_cargo_registries_crates_io_protocol || true[0m
2026-10-09T18:36:16.6784701Z [36;1m    echo CARGO_REGISTRIES_CRATES_IO_PROTOCOL=git >> $GITHUB_ENV[0m
2026-10-09T18:36:16.6785031Z [36;1m  fi[0m
2026-10-09T18:36:16.6785201Z [36;1mfi[0m
2026-10-09T18:36:16.6799948Z shell: C:\Program Files\Git\bin\bash.EXE --noprofile --norc -e -o pipefail {0}
2026-10-09T18:36:16.6800340Z env:
2026-10-09T18:36:16.6800513Z   CARGO_TERM_COLOR: always
2026-10-09T18:36:16.6800721Z   RUST_BACKTRACE: 1
2026-10-09T18:36:16.6800926Z   CARGO_HOME: C:\Users\runneradmin\.cargo
2026-10-09T18:36:16.6801180Z   CARGO_INCREMENTAL: 0
2026-10-09T18:36:16.6801370Z   toolchain: stable
2026-10-09T18:36:16.6801546Z ##[endgroup]
2026-10-09T18:36:16.8835619Z ##[end-action id=__dtolnay_rust-toolchain.__run_8;outcome=success;conclusion=success;duration_ms=218]
2026-10-09T18:36:16.8839602Z ##[start-action display=Work around spurious network errors in curl 8.0;id=__dtolnay_rust-toolchain.__run_9]
2026-10-09T18:36:16.8972315Z ##[group]Run # https://rust-lang.zulipchat.com/#narrow/stream/246057-t-cargo/topic/timeout.20investigation
2026-10-09T18:36:16.8973057Z [36;1m# https://rust-lang.zulipchat.com/#narrow/stream/246057-t-cargo/topic/timeout.20investigation[0m
2026-10-09T18:36:16.8973817Z [36;1mif rustc +"$toolchain" --version --verbose | grep -q '^release: 1\.7[01]\.'; then[0m
2026-10-09T18:36:16.8974266Z [36;1m  echo CARGO_HTTP_MULTIPLEXING=false >> $GITHUB_ENV[0m
2026-10-09T18:36:16.8974558Z [36;1mfi[0m
2026-10-09T18:36:16.8989986Z shell: C:\Program Files\Git\bin\bash.EXE --noprofile --norc -e -o pipefail {0}
2026-10-09T18:36:16.8990379Z env:
2026-10-09T18:36:16.8990548Z   CARGO_TERM_COLOR: always
2026-10-09T18:36:16.8990752Z   RUST_BACKTRACE: 1
2026-10-09T18:36:16.8990950Z   CARGO_HOME: C:\Users\runneradmin\.cargo
2026-10-09T18:36:16.8991201Z   CARGO_INCREMENTAL: 0
2026-10-09T18:36:16.8991387Z   toolchain: stable
2026-10-09T18:36:16.8991562Z ##[endgroup]
2026-10-09T18:36:17.0261302Z ##[end-action id=__dtolnay_rust-toolchain.__run_9;outcome=success;conclusion=success;duration_ms=142]
2026-10-09T18:36:17.0266522Z ##[start-action display=rustc +stable --version --verbose;id=__dtolnay_rust-toolchain.__run_10]
2026-10-09T18:36:17.0400587Z ##[group]Run rustc +"$toolchain" --version --verbose
2026-10-09T18:36:17.0400925Z [36;1mrustc +"$toolchain" --version --verbose[0m
2026-10-09T18:36:17.0415175Z shell: C:\Program Files\Git\bin\bash.EXE --noprofile --norc -e -o pipefail {0}
2026-10-09T18:36:17.0415561Z env:
2026-10-09T18:36:17.0415730Z   CARGO_TERM_COLOR: always
2026-10-09T18:36:17.0415937Z   RUST_BACKTRACE: 1
2026-10-09T18:36:17.0416138Z   CARGO_HOME: C:\Users\runneradmin\.cargo
2026-10-09T18:36:17.0416383Z   CARGO_INCREMENTAL: 0
2026-10-09T18:36:17.0416570Z   toolchain: stable
2026-10-09T18:36:17.0416744Z ##[endgroup]
2026-10-09T18:36:17.1241623Z rustc 1.99.0 (b940084d7 2026-09-28)
2026-10-09T18:36:17.1242196Z binary: rustc
2026-10-09T18:36:17.1242731Z commit-hash: b940084d7eb6a299eb4bfeb8e34901bc051e7ac4
2026-10-09T18:36:17.1243628Z commit-date: 2026-09-28
2026-10-09T18:36:17.1244378Z host: x86_64-pc-windows-msvc
2026-10-09T18:36:17.1245084Z release: 1.99.0
2026-10-09T18:36:17.1245454Z LLVM version: 23.1.1
2026-10-09T18:36:17.1376406Z ##[end-action id=__dtolnay_rust-toolchain.__run_10;outcome=success;conclusion=success;duration_ms=110]
2026-10-09T18:36:17.1602924Z ##[group]Run Swatinem/rust-cache@v2
2026-10-09T18:36:17.1603255Z with:
2026-10-09T18:36:17.1603436Z   prefix-key: v0-rust
2026-10-09T18:36:17.1603646Z   add-job-id-key: true
2026-10-09T18:36:17.1603861Z   add-rust-environment-hash-key: true
2026-10-09T18:36:17.1604105Z   cache-targets: true
2026-10-09T18:36:17.1604304Z   cache-all-crates: false
2026-10-09T18:36:17.1604520Z   cache-workspace-crates: false
2026-10-09T18:36:17.1604740Z   save-if: true
2026-10-09T18:36:17.1604918Z   cache-provider: github
2026-10-09T18:36:17.1605122Z   cache-bin: true
2026-10-09T18:36:17.1605300Z   lookup-only: false
2026-10-09T18:36:17.1605482Z   cmd-format: {0}
2026-10-09T18:36:17.1605646Z env:
2026-10-09T18:36:17.1605805Z   CARGO_TERM_COLOR: always
2026-10-09T18:36:17.1606000Z   RUST_BACKTRACE: 1
2026-10-09T18:36:17.1606211Z   CARGO_HOME: C:\Users\runneradmin\.cargo
2026-10-09T18:36:17.1606456Z   CARGO_INCREMENTAL: 0
2026-10-09T18:36:17.1606636Z ##[endgroup]
2026-10-09T18:36:19.1426642Z ##[group]Cache Configuration
2026-10-09T18:36:19.1427052Z Cache Provider:
2026-10-09T18:36:19.1427321Z     github
2026-10-09T18:36:19.1427551Z Workspaces:
2026-10-09T18:36:19.1427814Z     D:\a\rustwright\rustwright
2026-10-09T18:36:19.1428139Z Cache Paths:
2026-10-09T18:36:19.1428407Z     C:\Users\runneradmin\.cargo\bin
2026-10-09T18:36:19.1428800Z     C:\Users\runneradmin\.cargo\.crates.toml
2026-10-09T18:36:19.1429261Z     C:\Users\runneradmin\.cargo\.crates2.json
2026-10-09T18:36:19.1429728Z     C:\Users\runneradmin\.cargo\registry
2026-10-09T18:36:19.1430138Z     C:\Users\runneradmin\.cargo\git
2026-10-09T18:36:19.1430531Z     D:\a\rustwright\rustwright\target
2026-10-09T18:36:19.1430917Z Restore Key:
2026-10-09T18:36:19.1431290Z     v0-rust-browser-compat-Windows_NT-x64-878c1c10
2026-10-09T18:36:19.1431787Z Cache Key:
2026-10-09T18:36:19.1432565Z     v0-rust-browser-compat-Windows_NT-x64-878c1c10-7114a7cb
2026-10-09T18:36:19.1433077Z .. Prefix:
2026-10-09T18:36:19.1433405Z   - v0-rust-browser-compat-Windows_NT-x64
2026-10-09T18:36:19.1433871Z .. Environment considered:
2026-10-09T18:36:19.1434226Z   - Rust Versions:
2026-10-09T18:36:19.1434794Z     - 1.99.0 x86_64-pc-windows-msvc b940084d7eb6a299eb4bfeb8e34901bc051e7ac4
2026-10-09T18:36:19.1435422Z   - CARGO_HOME
2026-10-09T18:36:19.1436393Z   - CARGO_INCREMENTAL
2026-10-09T18:36:19.1436756Z   - CARGO_TERM_COLOR
2026-10-09T18:36:19.1437965Z   - RUST_BACKTRACE
2026-10-09T18:36:19.1438874Z .. Lockfiles considered:
2026-10-09T18:36:19.1439297Z   - D:\a\rustwright\rustwright\Cargo.lock
2026-10-09T18:36:19.1439887Z   - D:\a\rustwright\rustwright\crates\rustwright-bidi\Cargo.toml
2026-10-09T18:36:19.1440666Z   - D:\a\rustwright\rustwright\crates\rustwright-browser\Cargo.toml
2026-10-09T18:36:19.1441377Z   - D:\a\rustwright\rustwright\crates\rustwright-cdp\Cargo.toml
2026-10-09T18:36:19.1442065Z   - D:\a\rustwright\rustwright\crates\rustwright-common\Cargo.toml
2026-10-09T18:36:19.1442768Z   - D:\a\rustwright\rustwright\crates\rustwright-core\Cargo.toml
2026-10-09T18:36:19.1443851Z   - D:\a\rustwright\rustwright\crates\rustwright-test-macros\Cargo.toml
2026-10-09T18:36:19.1444607Z   - D:\a\rustwright\rustwright\crates\rustwright-test\Cargo.toml
2026-10-09T18:36:19.1445297Z   - D:\a\rustwright\rustwright\crates\rustwright\Cargo.toml
2026-10-09T18:36:19.1446344Z   - D:\a\rustwright\rustwright\docs\ci\results\remote-20261009\followup-local\consumer\.cargo\config.toml
2026-10-09T18:36:19.1447680Z   - D:\a\rustwright\rustwright\docs\ci\results\required-browser\release\consumer\.cargo\config.toml
2026-10-09T18:36:19.1448903Z   - D:\a\rustwright\rustwright\docs\release\results\local-package\consumer\.cargo\config.toml
2026-10-09T18:36:19.1467646Z   - D:\a\rustwright\rustwright\examples\Cargo.toml
2026-10-09T18:36:19.1468200Z   - D:\a\rustwright\rustwright\tests\Cargo.toml
2026-10-09T18:36:19.1469008Z ##[endgroup]
2026-10-09T18:36:19.1469183Z 
2026-10-09T18:36:19.1469304Z ... Restoring cache ...
2026-10-09T18:36:19.3370392Z Cache hit for restore-key: v0-rust-browser-compat-Windows_NT-x64-878c1c10-b02f8b42
2026-10-09T18:36:19.9291462Z Received 67039737 of 67039737 (100.0%), 118.0 MBs/sec
2026-10-09T18:36:19.9294558Z Cache Size: ~64 MB (67039737 B)
2026-10-09T18:36:19.9331537Z [command]"C:\Program Files\Git\usr\bin\tar.exe" -xf D:/a/_temp/109f5ef6-35a8-4348-8c29-20f4abe179fa/cache.tzst -P -C D:/a/rustwright/rustwright --force-local --use-compress-program "zstd -d"
2026-10-09T18:36:22.7632281Z Cache restored successfully
2026-10-09T18:36:22.7683236Z Restored from cache key "v0-rust-browser-compat-Windows_NT-x64-878c1c10-b02f8b42" full match: false.
2026-10-09T18:36:22.8135937Z ##[group]Run actions/setup-python@v6
2026-10-09T18:36:22.8136279Z with:
2026-10-09T18:36:22.8136470Z   python-version: 3.11
2026-10-09T18:36:22.8136686Z   check-latest: false
2026-10-09T18:36:22.8139843Z   token: ***
2026-10-09T18:36:22.8140052Z   update-environment: true
2026-10-09T18:36:22.8140282Z   allow-prereleases: false
2026-10-09T18:36:22.8140488Z   freethreaded: false
2026-10-09T18:36:22.8140670Z env:
2026-10-09T18:36:22.8140829Z   CARGO_TERM_COLOR: always
2026-10-09T18:36:22.8141025Z   RUST_BACKTRACE: 1
2026-10-09T18:36:22.8141237Z   CARGO_HOME: C:\Users\runneradmin\.cargo
2026-10-09T18:36:22.8141497Z   CARGO_INCREMENTAL: 0
2026-10-09T18:36:22.8141694Z   CACHE_ON_FAILURE: false
2026-10-09T18:36:22.8141892Z ##[endgroup]
2026-10-09T18:36:22.9771812Z ##[group]Installed versions
2026-10-09T18:36:23.0184273Z Successfully set up CPython (3.11.9)
2026-10-09T18:36:23.0184998Z ##[endgroup]
2026-10-09T18:36:23.0466568Z ##[group]Run browser-actions/setup-chrome@v2
2026-10-09T18:36:23.0466917Z with:
2026-10-09T18:36:23.0467100Z   chrome-version: stable
2026-10-09T18:36:23.0467329Z   install-dependencies: true
2026-10-09T18:36:23.0467562Z   install-chromedriver: false
2026-10-09T18:36:23.0467997Z   no-sudo: false
2026-10-09T18:36:23.0468170Z env:
2026-10-09T18:36:23.0468333Z   CARGO_TERM_COLOR: always
2026-10-09T18:36:23.0468554Z   RUST_BACKTRACE: 1
2026-10-09T18:36:23.0468760Z   CARGO_HOME: C:\Users\runneradmin\.cargo
2026-10-09T18:36:23.0469008Z   CARGO_INCREMENTAL: 0
2026-10-09T18:36:23.0469204Z   CACHE_ON_FAILURE: false
2026-10-09T18:36:23.0469492Z   pythonLocation: C:\hostedtoolcache\windows\Python\3.11.9\x64
2026-10-09T18:36:23.0469955Z   PKG_CONFIG_PATH: C:\hostedtoolcache\windows\Python\3.11.9\x64/lib/pkgconfig
2026-10-09T18:36:23.0470408Z   Python_ROOT_DIR: C:\hostedtoolcache\windows\Python\3.11.9\x64
2026-10-09T18:36:23.0470827Z   Python2_ROOT_DIR: C:\hostedtoolcache\windows\Python\3.11.9\x64
2026-10-09T18:36:23.0471213Z   Python3_ROOT_DIR: C:\hostedtoolcache\windows\Python\3.11.9\x64
2026-10-09T18:36:23.0471519Z ##[endgroup]
2026-10-09T18:36:23.1524174Z Installing dependencies
2026-10-09T18:36:23.1553408Z ##[warning]install-dependencies is only supported on Linux, but current platform is windows
2026-10-09T18:36:23.1561693Z Setup chrome stable
2026-10-09T18:36:23.1562369Z Attempting to download chrome stable...
2026-10-09T18:36:23.2093387Z Acquiring chrome stable from https://storage.googleapis.com/chrome-for-testing-public/155.0.8059.39/win64/chrome-win64.zip
2026-10-09T18:36:24.6476981Z Installing chrome...
2026-10-09T18:36:25.0060308Z [command]"C:\Program Files\PowerShell\7\pwsh.exe" -NoLogo -NoProfile -NonInteractive -ExecutionPolicy Unrestricted -Command "$ErrorActionPreference = 'Stop' ; try { Add-Type -AssemblyName System.IO.Compression.ZipFile } catch { } ; try { [System.IO.Compression.ZipFile]::ExtractToDirectory('D:\a\_temp\abe084fe-0d15-46ea-a126-7bc5e4efbfe8', 'D:\a\_temp\a7523549-1259-4d7d-80a4-98864c2b3811', $true) } catch { if (($_.Exception.GetType().FullName -eq 'System.Management.Automation.MethodException') -or ($_.Exception.GetType().FullName -eq 'System.Management.Automation.RuntimeException') ){ Expand-Archive -LiteralPath 'D:\a\_temp\abe084fe-0d15-46ea-a126-7bc5e4efbfe8' -DestinationPath 'D:\a\_temp\a7523549-1259-4d7d-80a4-98864c2b3811' -Force } else { throw $_ } } ;"
2026-10-09T18:36:27.2474619Z Successfully Installed chrome to C:\hostedtoolcache\windows\setup-chrome\chrome\stable\x64
2026-10-09T18:36:27.3283736Z [command]C:\Windows\System32\WindowsPowerShell\v1.0\powershell.exe -Command "(Get-Item (Get-Command 'C:\hostedtoolcache\windows\setup-chrome\chrome\stable\x64\chrome.exe').Source).VersionInfo.ProductVersion"
2026-10-09T18:36:29.7482526Z 155.0.8059.39
2026-10-09T18:36:29.7806209Z Successfully setup chrome 155.0.8059.39
2026-10-09T18:36:29.8087451Z ##[group]Run browser-actions/setup-firefox@v1
2026-10-09T18:36:29.8087823Z with:
2026-10-09T18:36:29.8088018Z   firefox-version: 157.0.1
2026-10-09T18:36:29.8088237Z env:
2026-10-09T18:36:29.8088405Z   CARGO_TERM_COLOR: always
2026-10-09T18:36:29.8088619Z   RUST_BACKTRACE: 1
2026-10-09T18:36:29.8088824Z   CARGO_HOME: C:\Users\runneradmin\.cargo
2026-10-09T18:36:29.8089440Z   CARGO_INCREMENTAL: 0
2026-10-09T18:36:29.8089683Z   CACHE_ON_FAILURE: false
2026-10-09T18:36:29.8089984Z   pythonLocation: C:\hostedtoolcache\windows\Python\3.11.9\x64
2026-10-09T18:36:29.8090422Z   PKG_CONFIG_PATH: C:\hostedtoolcache\windows\Python\3.11.9\x64/lib/pkgconfig
2026-10-09T18:36:29.8090859Z   Python_ROOT_DIR: C:\hostedtoolcache\windows\Python\3.11.9\x64
2026-10-09T18:36:29.8091252Z   Python2_ROOT_DIR: C:\hostedtoolcache\windows\Python\3.11.9\x64
2026-10-09T18:36:29.8091655Z   Python3_ROOT_DIR: C:\hostedtoolcache\windows\Python\3.11.9\x64
2026-10-09T18:36:29.8091961Z ##[endgroup]
2026-10-09T18:36:29.9051275Z Setup firefox 157.0.1 (en-US)
2026-10-09T18:36:29.9063816Z Attempting to download firefox 157.0.1...
2026-10-09T18:36:29.9066750Z This is the version number:157
2026-10-09T18:36:29.9067456Z Acquiring 157.0.1 from https://ftp.mozilla.org/pub/firefox/releases/157.0.1/win64/en-US/Firefox%20Setup%20157.0.1.exe
2026-10-09T18:36:30.5116756Z Extracting Firefox...
2026-10-09T18:36:30.5140737Z [command]D:\a\_temp\0d103d7f-a85f-4c9f-84dd-9da3e2475e63.exe /S /InstallDirectoryName=Firefox_157.0.1
2026-10-09T18:36:45.2986064Z Successfully installed firefox 157.0.1 to C:\Program Files\Firefox_157.0.1
2026-10-09T18:36:45.2999246Z [command]"C:\Program Files\Firefox_157.0.1\firefox.exe" --version
2026-10-09T18:36:45.3558392Z Mozilla Firefox 157.0.1
2026-10-09T18:36:45.3582050Z Successfully setup firefox version 157.0.1
2026-10-09T18:36:45.3878210Z ##[group]Run $chromeDirectory = Split-Path -Parent $env:CHROME_EXECUTABLE
2026-10-09T18:36:45.3878828Z [36;1m$chromeDirectory = Split-Path -Parent $env:CHROME_EXECUTABLE[0m
2026-10-09T18:36:45.3879301Z [36;1m$setupExecutable = Join-Path $chromeDirectory 'setup.exe'[0m
2026-10-09T18:36:45.3879764Z [36;1mif (-not (Test-Path -LiteralPath $setupExecutable -PathType Leaf)) {[0m
2026-10-09T18:36:45.3880266Z [36;1m  throw "Chrome for Testing sandbox setup executable is missing"[0m
2026-10-09T18:36:45.3880618Z [36;1m}[0m
2026-10-09T18:36:45.3880942Z [36;1m# The Chrome-provided helper grants its installation capabilities[0m
2026-10-09T18:36:45.3881406Z [36;1m# read/execute access. It returns installer status 78 on success.[0m
2026-10-09T18:36:45.3881909Z [36;1m$setupArgument = '--configure-browser-in-directory="{0}"' -f $chromeDirectory[0m
2026-10-09T18:36:45.3882601Z [36;1m$setupProcess = Start-Process -FilePath $setupExecutable -ArgumentList $setupArgument -Wait -PassThru[0m
2026-10-09T18:36:45.3883231Z [36;1mWrite-Host "Chrome sandbox setup exit code: $($setupProcess.ExitCode)"[0m
2026-10-09T18:36:45.3883808Z [36;1mif ($setupProcess.ExitCode -ne 78) { throw "Chrome sandbox permission configuration failed" }[0m
2026-10-09T18:36:45.3884291Z [36;1m& icacls.exe $env:CHROME_EXECUTABLE[0m
2026-10-09T18:36:45.3884724Z [36;1mif ($LASTEXITCODE -ne 0) { throw "Unable to inspect Chrome executable permissions" }[0m
2026-10-09T18:36:45.4316102Z shell: C:\Program Files\PowerShell\7\pwsh.EXE -command ". '{0}'"
2026-10-09T18:36:45.4316512Z env:
2026-10-09T18:36:45.4316713Z   CARGO_TERM_COLOR: always
2026-10-09T18:36:45.4316956Z   RUST_BACKTRACE: 1
2026-10-09T18:36:45.4317198Z   CARGO_HOME: C:\Users\runneradmin\.cargo
2026-10-09T18:36:45.4317501Z   CARGO_INCREMENTAL: 0
2026-10-09T18:36:45.4317726Z   CACHE_ON_FAILURE: false
2026-10-09T18:36:45.4318062Z   pythonLocation: C:\hostedtoolcache\windows\Python\3.11.9\x64
2026-10-09T18:36:45.4318593Z   PKG_CONFIG_PATH: C:\hostedtoolcache\windows\Python\3.11.9\x64/lib/pkgconfig
2026-10-09T18:36:45.4319103Z   Python_ROOT_DIR: C:\hostedtoolcache\windows\Python\3.11.9\x64
2026-10-09T18:36:45.4319549Z   Python2_ROOT_DIR: C:\hostedtoolcache\windows\Python\3.11.9\x64
2026-10-09T18:36:45.4319997Z   Python3_ROOT_DIR: C:\hostedtoolcache\windows\Python\3.11.9\x64
2026-10-09T18:36:45.4320541Z   CHROME_EXECUTABLE: C:\hostedtoolcache\windows\setup-chrome\chrome\stable\x64\chrome.exe
2026-10-09T18:36:45.4321015Z ##[endgroup]
2026-10-09T18:36:45.9751901Z Chrome sandbox setup exit code: 78
2026-10-09T18:36:45.9912892Z C:\hostedtoolcache\windows\setup-chrome\chrome\stable\x64\chrome.exe S-1-15-3-1024-3424233489-972189580-2057154623-747635277-1604371224-316187997-3786583170-1043257646:(I)(RX)
2026-10-09T18:36:45.9915072Z                                                                      S-1-15-3-1024-2302894289-466761758-1166120688-1039016420-2430351297-4240214049-4028510897-3317428798:(I)(RX)
2026-10-09T18:36:45.9916231Z                                                                      NT AUTHORITY\Authenticated Users:(I)(M)
2026-10-09T18:36:45.9918072Z                                                                      NT AUTHORITY\SYSTEM:(I)(F)
2026-10-09T18:36:45.9922320Z                                                                      BUILTIN\Administrators:(I)(F)
2026-10-09T18:36:45.9925306Z                                                                      BUILTIN\Users:(I)(RX)
2026-10-09T18:36:45.9925921Z 
2026-10-09T18:36:45.9928100Z Successfully processed 1 files; Failed processing 0 files
2026-10-09T18:36:46.0588385Z ##[group]Run echo "Chrome: $CHROME_VERSION"
2026-10-09T18:36:46.0588813Z [36;1mecho "Chrome: $CHROME_VERSION"[0m
2026-10-09T18:36:46.0589118Z [36;1mecho "Firefox: $FIREFOX_VERSION"[0m
2026-10-09T18:36:46.0608386Z shell: C:\Program Files\Git\bin\bash.EXE --noprofile --norc -e -o pipefail {0}
2026-10-09T18:36:46.0608782Z env:
2026-10-09T18:36:46.0608967Z   CARGO_TERM_COLOR: always
2026-10-09T18:36:46.0609179Z   RUST_BACKTRACE: 1
2026-10-09T18:36:46.0609384Z   CARGO_HOME: C:\Users\runneradmin\.cargo
2026-10-09T18:36:46.0609641Z   CARGO_INCREMENTAL: 0
2026-10-09T18:36:46.0609839Z   CACHE_ON_FAILURE: false
2026-10-09T18:36:46.0610122Z   pythonLocation: C:\hostedtoolcache\windows\Python\3.11.9\x64
2026-10-09T18:36:46.0610573Z   PKG_CONFIG_PATH: C:\hostedtoolcache\windows\Python\3.11.9\x64/lib/pkgconfig
2026-10-09T18:36:46.0611031Z   Python_ROOT_DIR: C:\hostedtoolcache\windows\Python\3.11.9\x64
2026-10-09T18:36:46.0611464Z   Python2_ROOT_DIR: C:\hostedtoolcache\windows\Python\3.11.9\x64
2026-10-09T18:36:46.0611876Z   Python3_ROOT_DIR: C:\hostedtoolcache\windows\Python\3.11.9\x64
2026-10-09T18:36:46.0612190Z   CHROME_VERSION: 155.0.8059.39
2026-10-09T18:36:46.0612410Z   FIREFOX_VERSION: 157.0.1
2026-10-09T18:36:46.0612622Z ##[endgroup]
2026-10-09T18:36:46.0983825Z Chrome: 155.0.8059.39
2026-10-09T18:36:46.0984291Z Firefox: 157.0.1
2026-10-09T18:36:46.1162963Z ##[group]Run python scripts/ci/browser_checks.py --suite portable
2026-10-09T18:36:46.1163501Z [36;1mpython scripts/ci/browser_checks.py --suite portable[0m
2026-10-09T18:36:46.1234918Z shell: C:\Program Files\PowerShell\7\pwsh.EXE -command ". '{0}'"
2026-10-09T18:36:46.1235260Z env:
2026-10-09T18:36:46.1235437Z   CARGO_TERM_COLOR: always
2026-10-09T18:36:46.1235651Z   RUST_BACKTRACE: 1
2026-10-09T18:36:46.1235868Z   CARGO_HOME: C:\Users\runneradmin\.cargo
2026-10-09T18:36:46.1236126Z   CARGO_INCREMENTAL: 0
2026-10-09T18:36:46.1236325Z   CACHE_ON_FAILURE: false
2026-10-09T18:36:46.1236642Z   pythonLocation: C:\hostedtoolcache\windows\Python\3.11.9\x64
2026-10-09T18:36:46.1237089Z   PKG_CONFIG_PATH: C:\hostedtoolcache\windows\Python\3.11.9\x64/lib/pkgconfig
2026-10-09T18:36:46.1237523Z   Python_ROOT_DIR: C:\hostedtoolcache\windows\Python\3.11.9\x64
2026-10-09T18:36:46.1237918Z   Python2_ROOT_DIR: C:\hostedtoolcache\windows\Python\3.11.9\x64
2026-10-09T18:36:46.1238340Z   Python3_ROOT_DIR: C:\hostedtoolcache\windows\Python\3.11.9\x64
2026-10-09T18:36:46.1238818Z   RUSTWRIGHT_CHROME: C:\hostedtoolcache\windows\setup-chrome\chrome\stable\x64\chrome.exe
2026-10-09T18:36:46.1239315Z   RUSTWRIGHT_FIREFOX: C:\Program Files\Firefox_157.0.1\firefox.exe
2026-10-09T18:36:46.1239638Z ##[endgroup]
2026-10-09T18:36:47.7851417Z Running http_compat; log: D:\a\rustwright\rustwright\target\ci\portable\http_compat.log
2026-10-09T18:38:27.8533549Z Running http_actionability; log: D:\a\rustwright\rustwright\target\ci\portable\http_actionability.log
2026-10-09T18:39:13.6018091Z Running http_clipped_control; log: D:\a\rustwright\rustwright\target\ci\portable\http_clipped_control.log
2026-10-09T18:39:46.9495296Z Running http_bidi_navigation; log: D:\a\rustwright\rustwright\target\ci\portable\http_bidi_navigation.log
2026-10-09T18:40:13.2102332Z Running http_network_idle_parity; log: D:\a\rustwright\rustwright\target\ci\portable\http_network_idle_parity.log
2026-10-09T18:42:28.0849082Z Native HTTP portable: 79 passed, no skips
2026-10-09T18:42:28.2695769Z ##[group]Run actions/upload-artifact@v4
2026-10-09T18:42:28.2696414Z with:
2026-10-09T18:42:28.2696856Z   name: native-http-windows-latest
2026-10-09T18:42:28.2697395Z   path: target/ci/
2026-10-09T18:42:28.2697838Z   if-no-files-found: error
2026-10-09T18:42:28.2698362Z   compression-level: 6
2026-10-09T18:42:28.2698806Z   overwrite: false
2026-10-09T18:42:28.2699243Z   include-hidden-files: false
2026-10-09T18:42:28.2699708Z env:
2026-10-09T18:42:28.2700125Z   CARGO_TERM_COLOR: always
2026-10-09T18:42:28.2700579Z   RUST_BACKTRACE: 1
2026-10-09T18:42:28.2701352Z   CARGO_HOME: C:\Users\runneradmin\.cargo
2026-10-09T18:42:28.2701898Z   CARGO_INCREMENTAL: 0
2026-10-09T18:42:28.2702387Z   CACHE_ON_FAILURE: false
2026-10-09T18:42:28.2702989Z   pythonLocation: C:\hostedtoolcache\windows\Python\3.11.9\x64
2026-10-09T18:42:28.2703869Z   PKG_CONFIG_PATH: C:\hostedtoolcache\windows\Python\3.11.9\x64/lib/pkgconfig
2026-10-09T18:42:28.2704880Z   Python_ROOT_DIR: C:\hostedtoolcache\windows\Python\3.11.9\x64
2026-10-09T18:42:28.2706099Z   Python2_ROOT_DIR: C:\hostedtoolcache\windows\Python\3.11.9\x64
2026-10-09T18:42:28.2707026Z   Python3_ROOT_DIR: C:\hostedtoolcache\windows\Python\3.11.9\x64
2026-10-09T18:42:28.2707716Z ##[endgroup]
2026-10-09T18:42:28.5144514Z (node:8700) [DEP0040] DeprecationWarning: The `punycode` module is deprecated. Please use a userland alternative instead.
2026-10-09T18:42:28.5145919Z (Use `node --trace-deprecation ...` to show where the warning was created)
2026-10-09T18:42:28.5280911Z With the provided path, there will be 6 files uploaded
2026-10-09T18:42:28.5298243Z Artifact name is valid!
2026-10-09T18:42:28.5299783Z Root directory input is valid!
2026-10-09T18:42:28.7753862Z Beginning upload of artifact content to blob storage
2026-10-09T18:42:28.8332932Z (node:8700) [DEP0169] DeprecationWarning: `url.parse()` behavior is not standardized and prone to errors that have security implications. Use the WHATWG URL API instead. CVEs are not issued for `url.parse()` vulnerabilities.
2026-10-09T18:42:28.8576540Z Uploaded bytes 7278
2026-10-09T18:42:28.8728280Z Finished uploading artifact content to blob storage!
2026-10-09T18:42:28.8729852Z SHA256 digest of uploaded artifact zip is 279adea46ca8a1473d560c59e76ec5123441bee25c5eee5ba2a26bf6bbe8889d
2026-10-09T18:42:28.8732779Z Finalizing artifact upload
2026-10-09T18:42:29.0775981Z Artifact native-http-windows-latest.zip successfully finalized. Artifact ID 11638520666
2026-10-09T18:42:29.0777794Z Artifact native-http-windows-latest has been successfully uploaded! Final size is 7278 bytes. Artifact ID is 11638520666
2026-10-09T18:42:29.0788563Z Artifact download URL: https://github.com/rsasaki0109/rustwright/actions/runs/37974358667/artifacts/11638520666
2026-10-09T18:42:29.1238054Z Post job cleanup.
2026-10-09T18:42:29.4015498Z Post job cleanup.
2026-10-09T18:42:29.6597965Z ##[group]Cache Configuration
2026-10-09T18:42:29.6609476Z Cache Provider:
2026-10-09T18:42:29.6611306Z     github
2026-10-09T18:42:29.6623991Z Workspaces:
2026-10-09T18:42:29.6624696Z     D:\a\rustwright\rustwright
2026-10-09T18:42:29.6625356Z Cache Paths:
2026-10-09T18:42:29.6626188Z     C:\Users\runneradmin\.cargo\bin
2026-10-09T18:42:29.6626919Z     C:\Users\runneradmin\.cargo\.crates.toml
2026-10-09T18:42:29.6627589Z     C:\Users\runneradmin\.cargo\.crates2.json
2026-10-09T18:42:29.6628255Z     C:\Users\runneradmin\.cargo\registry
2026-10-09T18:42:29.6628885Z     C:\Users\runneradmin\.cargo\git
2026-10-09T18:42:29.6629515Z     D:\a\rustwright\rustwright\target
2026-10-09T18:42:29.6630136Z Restore Key:
2026-10-09T18:42:29.6630735Z     v0-rust-browser-compat-Windows_NT-x64-878c1c10
2026-10-09T18:42:29.6631360Z Cache Key:
2026-10-09T18:42:29.6632023Z     v0-rust-browser-compat-Windows_NT-x64-878c1c10-7114a7cb
2026-10-09T18:42:29.6632950Z .. Prefix:
2026-10-09T18:42:29.6633978Z   - v0-rust-browser-compat-Windows_NT-x64
2026-10-09T18:42:29.6634782Z .. Environment considered:
2026-10-09T18:42:29.6635319Z   - Rust Versions:
2026-10-09T18:42:29.6636154Z     - 1.99.0 x86_64-pc-windows-msvc b940084d7eb6a299eb4bfeb8e34901bc051e7ac4
2026-10-09T18:42:29.6636974Z   - CARGO_HOME
2026-10-09T18:42:29.6637852Z   - CARGO_INCREMENTAL
2026-10-09T18:42:29.6638422Z   - CARGO_TERM_COLOR
2026-10-09T18:42:29.6638927Z   - RUST_BACKTRACE
2026-10-09T18:42:29.6639454Z .. Lockfiles considered:
2026-10-09T18:42:29.6640047Z   - D:\a\rustwright\rustwright\Cargo.lock
2026-10-09T18:42:29.6640818Z   - D:\a\rustwright\rustwright\crates\rustwright-bidi\Cargo.toml
2026-10-09T18:42:29.6641729Z   - D:\a\rustwright\rustwright\crates\rustwright-browser\Cargo.toml
2026-10-09T18:42:29.6643084Z   - D:\a\rustwright\rustwright\crates\rustwright-cdp\Cargo.toml
2026-10-09T18:42:29.6643968Z   - D:\a\rustwright\rustwright\crates\rustwright-common\Cargo.toml
2026-10-09T18:42:29.6644895Z   - D:\a\rustwright\rustwright\crates\rustwright-core\Cargo.toml
2026-10-09T18:42:29.6645818Z   - D:\a\rustwright\rustwright\crates\rustwright-test-macros\Cargo.toml
2026-10-09T18:42:29.6646765Z   - D:\a\rustwright\rustwright\crates\rustwright-test\Cargo.toml
2026-10-09T18:42:29.6647632Z   - D:\a\rustwright\rustwright\crates\rustwright\Cargo.toml
2026-10-09T18:42:29.6648744Z   - D:\a\rustwright\rustwright\docs\ci\results\remote-20261009\followup-local\consumer\.cargo\config.toml
2026-10-09T18:42:29.6650605Z   - D:\a\rustwright\rustwright\docs\ci\results\required-browser\release\consumer\.cargo\config.toml
2026-10-09T18:42:29.6651895Z   - D:\a\rustwright\rustwright\docs\release\results\local-package\consumer\.cargo\config.toml
2026-10-09T18:42:29.6652933Z   - D:\a\rustwright\rustwright\examples\Cargo.toml
2026-10-09T18:42:29.6653640Z   - D:\a\rustwright\rustwright\tests\Cargo.toml
2026-10-09T18:42:29.6654642Z ##[endgroup]
2026-10-09T18:42:29.6654937Z 
2026-10-09T18:42:31.6080834Z ... Cleaning D:\a\rustwright\rustwright\target ...
2026-10-09T18:42:31.6734428Z ... Cleaning cargo registry (cache-all-crates: false) ...
2026-10-09T18:42:32.3141714Z ... Cleaning cargo/bin ...
2026-10-09T18:42:32.3231723Z ... Cleaning cargo git cache ...
2026-10-09T18:42:32.3237524Z ... Saving cache ...
2026-10-09T18:42:32.4234799Z [command]"C:\Program Files\Git\usr\bin\tar.exe" --posix -cf cache.tzst --exclude cache.tzst -P -C D:/a/rustwright/rustwright --files-from manifest.txt --force-local --use-compress-program "zstd -T0"
2026-10-09T18:42:35.4636375Z Sent 67042124 of 67042124 (100.0%), 63.8 MBs/sec
2026-10-09T18:42:35.6044148Z Post job cleanup.
2026-10-09T18:42:35.7933408Z [command]"C:\Program Files\Git\bin\git.exe" version
2026-10-09T18:42:35.8198237Z git version 2.55.0.windows.5
2026-10-09T18:42:35.8260442Z Temporarily overriding HOME='D:\a\_temp\94353f5e-4c3e-4dab-a3dc-df105ce4e3ce' before making global git config changes
2026-10-09T18:42:35.8261491Z Adding repository directory to the temporary git global config as a safe directory
2026-10-09T18:42:35.8271116Z [command]"C:\Program Files\Git\bin\git.exe" config --global --add safe.directory D:\a\rustwright\rustwright
2026-10-09T18:42:35.8569862Z [command]"C:\Program Files\Git\bin\git.exe" config --local --name-only --get-regexp core\.sshCommand
2026-10-09T18:42:35.8866068Z [command]"C:\Program Files\Git\bin\git.exe" submodule foreach --recursive "sh -c \"git config --local --name-only --get-regexp 'core\.sshCommand' && git config --local --unset-all 'core.sshCommand' || :\""
2026-10-09T18:42:36.4287471Z [command]"C:\Program Files\Git\bin\git.exe" config --local --name-only --get-regexp http\.https\:\/\/github\.com\/\.extraheader
2026-10-09T18:42:36.4541718Z http.https://github.com/.extraheader
2026-10-09T18:42:36.4580056Z [command]"C:\Program Files\Git\bin\git.exe" config --local --unset-all http.https://github.com/.extraheader
2026-10-09T18:42:36.4879019Z [command]"C:\Program Files\Git\bin\git.exe" submodule foreach --recursive "sh -c \"git config --local --name-only --get-regexp 'http\.https\:\/\/github\.com\/\.extraheader' && git config --local --unset-all 'http.https://github.com/.extraheader' || :\""
2026-10-09T18:42:37.0007216Z [command]"C:\Program Files\Git\bin\git.exe" config --local --name-only --get-regexp ^includeIf\.gitdir:
2026-10-09T18:42:37.0295809Z [command]"C:\Program Files\Git\bin\git.exe" submodule foreach --recursive "git config --local --show-origin --name-only --get-regexp remote.origin.url"
2026-10-09T18:42:37.5699278Z Cleaning up orphan processes
2026-10-09T18:42:37.6367908Z Terminate orphan process: pid (8736) (vctip)
2026-10-09T18:42:37.6731797Z ##[warning]Node.js 20 is deprecated. The following actions target Node.js 20 but are being forced to run on Node.js 24: actions/upload-artifact@v4. For more information see: https://github.blog/changelog/2025-09-19-deprecation-of-node-20-on-github-actions-runners/
