[1m[92m   Compiling[0m rustwright-integration-tests v0.1.0 (/home/runner/work/rustwright/rustwright/tests)
[1m[92m    Finished[0m `test` profile [unoptimized + debuginfo] target(s) in 1.54s
[1m[92m     Running[0m http_disconnect.rs (target/debug/deps/http_disconnect-361a0c13e0bab97a)

running 2 tests
test chrome_process_loss_and_manual_restart ... {"cleanup_ms":27.805568,"cycle":1,"engine":"chrome","event_channel_closed":true,"pending_after_loss":0,"pid":43056,"root_exited":true,"version":"Chrome/155.0.8059.39","wake_ms":27.582041}
{"cleanup_ms":25.010476,"cycle":2,"engine":"chrome","event_channel_closed":true,"pending_after_loss":0,"pid":43233,"root_exited":true,"version":"Chrome/155.0.8059.39","wake_ms":24.862493}
{"cleanup_ms":21.429672,"cycle":3,"engine":"chrome","event_channel_closed":true,"pending_after_loss":0,"pid":43410,"root_exited":true,"version":"Chrome/155.0.8059.39","wake_ms":21.298594}
{"cleanup_ms":30.655067000000003,"cycle":4,"engine":"chrome","event_channel_closed":true,"pending_after_loss":0,"pid":43588,"root_exited":true,"version":"Chrome/155.0.8059.39","wake_ms":30.508816}
{"cleanup_ms":25.43645,"cycle":5,"engine":"chrome","event_channel_closed":true,"pending_after_loss":0,"pid":43766,"root_exited":true,"version":"Chrome/155.0.8059.39","wake_ms":25.297299}
{"cleanup_ms":15.827774999999999,"cycle":6,"engine":"chrome","event_channel_closed":true,"pending_after_loss":0,"pid":43941,"root_exited":true,"version":"Chrome/155.0.8059.39","wake_ms":15.689747}
{"cleanup_ms":20.162974,"cycle":7,"engine":"chrome","event_channel_closed":true,"pending_after_loss":0,"pid":44115,"root_exited":true,"version":"Chrome/155.0.8059.39","wake_ms":20.023063}
{"cleanup_ms":27.999921,"cycle":8,"engine":"chrome","event_channel_closed":true,"pending_after_loss":0,"pid":44291,"root_exited":true,"version":"Chrome/155.0.8059.39","wake_ms":27.868813}
{"cleanup_ms":28.57648,"cycle":9,"engine":"chrome","event_channel_closed":true,"pending_after_loss":0,"pid":44470,"root_exited":true,"version":"Chrome/155.0.8059.39","wake_ms":27.843333}
{"cleanup_ms":25.704794,"cycle":10,"engine":"chrome","event_channel_closed":true,"pending_after_loss":0,"pid":44648,"root_exited":true,"version":"Chrome/155.0.8059.39","wake_ms":25.565293}
{"cleanup_ms":15.115409999999999,"cycle":11,"engine":"chrome","event_channel_closed":true,"pending_after_loss":0,"pid":44829,"root_exited":true,"version":"Chrome/155.0.8059.39","wake_ms":14.531597999999999}
{"cleanup_ms":21.1543,"cycle":12,"engine":"chrome","event_channel_closed":true,"pending_after_loss":0,"pid":45007,"root_exited":true,"version":"Chrome/155.0.8059.39","wake_ms":21.003473000000003}
{"cleanup_ms":24.752815000000002,"cycle":13,"engine":"chrome","event_channel_closed":true,"pending_after_loss":0,"pid":45185,"root_exited":true,"version":"Chrome/155.0.8059.39","wake_ms":23.173849999999998}
{"cleanup_ms":25.688504000000002,"cycle":14,"engine":"chrome","event_channel_closed":true,"pending_after_loss":0,"pid":45363,"root_exited":true,"version":"Chrome/155.0.8059.39","wake_ms":25.562764}
{"cleanup_ms":27.736871999999998,"cycle":15,"engine":"chrome","event_channel_closed":true,"pending_after_loss":0,"pid":45537,"root_exited":true,"version":"Chrome/155.0.8059.39","wake_ms":27.601958999999997}
{"cleanup_ms":28.727729,"cycle":16,"engine":"chrome","event_channel_closed":true,"pending_after_loss":0,"pid":45715,"root_exited":true,"version":"Chrome/155.0.8059.39","wake_ms":28.597282}
{"cleanup_ms":22.327554,"cycle":17,"engine":"chrome","event_channel_closed":true,"pending_after_loss":0,"pid":45890,"root_exited":true,"version":"Chrome/155.0.8059.39","wake_ms":22.095081999999998}
{"cleanup_ms":19.825309,"cycle":18,"engine":"chrome","event_channel_closed":true,"pending_after_loss":0,"pid":46067,"root_exited":true,"version":"Chrome/155.0.8059.39","wake_ms":19.673941}
{"cleanup_ms":27.025759,"cycle":19,"engine":"chrome","event_channel_closed":true,"pending_after_loss":0,"pid":46243,"root_exited":true,"version":"Chrome/155.0.8059.39","wake_ms":26.89377}
{"cleanup_ms":20.157044,"cycle":20,"engine":"chrome","event_channel_closed":true,"pending_after_loss":0,"pid":46416,"root_exited":true,"version":"Chrome/155.0.8059.39","wake_ms":20.024785}
{"cleanup_ms":28.962645,"cycle":21,"engine":"chrome","event_channel_closed":true,"pending_after_loss":0,"pid":46594,"root_exited":true,"version":"Chrome/155.0.8059.39","wake_ms":28.821241}
{"cleanup_ms":24.252875,"cycle":22,"engine":"chrome","event_channel_closed":true,"pending_after_loss":0,"pid":46769,"root_exited":true,"version":"Chrome/155.0.8059.39","wake_ms":24.086403999999998}
{"cleanup_ms":21.933037,"cycle":23,"engine":"chrome","event_channel_closed":true,"pending_after_loss":0,"pid":46947,"root_exited":true,"version":"Chrome/155.0.8059.39","wake_ms":21.801097}
{"cleanup_ms":22.473764,"cycle":24,"engine":"chrome","event_channel_closed":true,"pending_after_loss":0,"pid":47123,"root_exited":true,"version":"Chrome/155.0.8059.39","wake_ms":22.33824}
{"cleanup_ms":22.502426999999997,"cycle":25,"engine":"chrome","event_channel_closed":true,"pending_after_loss":0,"pid":47301,"root_exited":true,"version":"Chrome/155.0.8059.39","wake_ms":21.250436}
ok
test firefox_process_loss_and_manual_restart ... {"cleanup_ms":34.074765,"cycle":1,"engine":"firefox","event_channel_closed":true,"pending_after_loss":0,"pid":47475,"root_exited":true,"version":"157.0.1","wake_ms":33.509361}
{"cleanup_ms":33.712582999999995,"cycle":2,"engine":"firefox","event_channel_closed":true,"pending_after_loss":0,"pid":47747,"root_exited":true,"version":"157.0.1","wake_ms":32.950713}
{"cleanup_ms":35.451901,"cycle":3,"engine":"firefox","event_channel_closed":true,"pending_after_loss":0,"pid":48011,"root_exited":true,"version":"157.0.1","wake_ms":34.447434}
{"cleanup_ms":37.980055,"cycle":4,"engine":"firefox","event_channel_closed":true,"pending_after_loss":0,"pid":48344,"root_exited":true,"version":"157.0.1","wake_ms":37.363825000000006}
{"cleanup_ms":44.762288,"cycle":5,"engine":"firefox","event_channel_closed":true,"pending_after_loss":0,"pid":48619,"root_exited":true,"version":"157.0.1","wake_ms":44.234201}
{"cleanup_ms":34.011675,"cycle":6,"engine":"firefox","event_channel_closed":true,"pending_after_loss":0,"pid":48946,"root_exited":true,"version":"157.0.1","wake_ms":33.362745}
{"cleanup_ms":38.783558,"cycle":7,"engine":"firefox","event_channel_closed":true,"pending_after_loss":0,"pid":49272,"root_exited":true,"version":"157.0.1","wake_ms":37.992162}
{"cleanup_ms":41.320739,"cycle":8,"engine":"firefox","event_channel_closed":true,"pending_after_loss":0,"pid":49611,"root_exited":true,"version":"157.0.1","wake_ms":40.729066}
{"cleanup_ms":33.21452,"cycle":9,"engine":"firefox","event_channel_closed":true,"pending_after_loss":0,"pid":49919,"root_exited":true,"version":"157.0.1","wake_ms":32.313429}
{"cleanup_ms":39.489126999999996,"cycle":10,"engine":"firefox","event_channel_closed":true,"pending_after_loss":0,"pid":50228,"root_exited":true,"version":"157.0.1","wake_ms":38.570859999999996}
{"cleanup_ms":31.867856,"cycle":11,"engine":"firefox","event_channel_closed":true,"pending_after_loss":0,"pid":50532,"root_exited":true,"version":"157.0.1","wake_ms":31.182791}
{"cleanup_ms":33.447880999999995,"cycle":12,"engine":"firefox","event_channel_closed":true,"pending_after_loss":0,"pid":50797,"root_exited":true,"version":"157.0.1","wake_ms":32.824139}
{"cleanup_ms":34.332938,"cycle":13,"engine":"firefox","event_channel_closed":true,"pending_after_loss":0,"pid":51109,"root_exited":true,"version":"157.0.1","wake_ms":33.863088}
{"cleanup_ms":34.749455,"cycle":14,"engine":"firefox","event_channel_closed":true,"pending_after_loss":0,"pid":51431,"root_exited":true,"version":"157.0.1","wake_ms":33.912501}
{"cleanup_ms":31.885780000000004,"cycle":15,"engine":"firefox","event_channel_closed":true,"pending_after_loss":0,"pid":51703,"root_exited":true,"version":"157.0.1","wake_ms":31.350151}
{"cleanup_ms":31.567215,"cycle":16,"engine":"firefox","event_channel_closed":true,"pending_after_loss":0,"pid":52045,"root_exited":true,"version":"157.0.1","wake_ms":30.897723}
{"cleanup_ms":37.130998,"cycle":17,"engine":"firefox","event_channel_closed":true,"pending_after_loss":0,"pid":52314,"root_exited":true,"version":"157.0.1","wake_ms":35.87449}
{"cleanup_ms":50.089619,"cycle":18,"engine":"firefox","event_channel_closed":true,"pending_after_loss":0,"pid":52579,"root_exited":true,"version":"157.0.1","wake_ms":49.380978999999996}
{"cleanup_ms":33.134268,"cycle":19,"engine":"firefox","event_channel_closed":true,"pending_after_loss":0,"pid":52910,"root_exited":true,"version":"157.0.1","wake_ms":32.398075999999996}
{"cleanup_ms":37.516814000000004,"cycle":20,"engine":"firefox","event_channel_closed":true,"pending_after_loss":0,"pid":53176,"root_exited":true,"version":"157.0.1","wake_ms":37.05082}
{"cleanup_ms":35.678957,"cycle":21,"engine":"firefox","event_channel_closed":true,"pending_after_loss":0,"pid":53511,"root_exited":true,"version":"157.0.1","wake_ms":33.932323000000004}
{"cleanup_ms":57.331140000000005,"cycle":22,"engine":"firefox","event_channel_closed":true,"pending_after_loss":0,"pid":53775,"root_exited":true,"version":"157.0.1","wake_ms":56.736952}
{"cleanup_ms":34.957532,"cycle":23,"engine":"firefox","event_channel_closed":true,"pending_after_loss":0,"pid":54112,"root_exited":true,"version":"157.0.1","wake_ms":34.332848999999996}
{"cleanup_ms":35.582681,"cycle":24,"engine":"firefox","event_channel_closed":true,"pending_after_loss":0,"pid":54441,"root_exited":true,"version":"157.0.1","wake_ms":33.164158}
{"cleanup_ms":33.589479999999995,"cycle":25,"engine":"firefox","event_channel_closed":true,"pending_after_loss":0,"pid":54708,"root_exited":true,"version":"157.0.1","wake_ms":32.91412}
ok

test result: ok. 2 passed; 0 failed; 0 ignored; 0 measured; 0 filtered out; finished in 69.58s

