[1m[92m   Packaging[0m rustwright-cdp v0.1.0 (/home/runner/work/rustwright/rustwright/crates/rustwright-cdp)
[1m[92m    Packaged[0m 25 files, 120.6KiB (30.1KiB compressed)
[1m[92m   Packaging[0m rustwright-browser v0.1.0 (/home/runner/work/rustwright/rustwright/crates/rustwright-browser)
[1m[92m    Packaged[0m 13 files, 83.7KiB (21.7KiB compressed)
[1m[92m   Packaging[0m rustwright-common v0.1.0 (/home/runner/work/rustwright/rustwright/crates/rustwright-common)
[1m[92m    Packaged[0m 13 files, 51.8KiB (15.7KiB compressed)
[1m[92m   Packaging[0m rustwright-bidi v0.1.0 (/home/runner/work/rustwright/rustwright/crates/rustwright-bidi)
[1m[92m    Packaged[0m 29 files, 333.8KiB (69.5KiB compressed)
[1m[92m   Packaging[0m rustwright-core v0.1.0 (/home/runner/work/rustwright/rustwright/crates/rustwright-core)
[1m[92m    Packaged[0m 24 files, 301.8KiB (67.1KiB compressed)
[1m[92m   Packaging[0m rustwright v0.1.0 (/home/runner/work/rustwright/rustwright/crates/rustwright)
[1m[92m    Packaged[0m 9 files, 50.5KiB (14.1KiB compressed)
[1m[92m   Packaging[0m rustwright-test-macros v0.1.0 (/home/runner/work/rustwright/rustwright/crates/rustwright-test-macros)
[1m[92m    Packaged[0m 8 files, 18.4KiB (7.0KiB compressed)
[1m[92m   Packaging[0m rustwright-test v0.1.0 (/home/runner/work/rustwright/rustwright/crates/rustwright-test)
[1m[92m    Packaged[0m 12 files, 65.5KiB (19.0KiB compressed)
[1m[92m   Verifying[0m rustwright-cdp v0.1.0 (/home/runner/work/rustwright/rustwright/crates/rustwright-cdp)
[1m[92m   Compiling[0m rustwright-cdp v0.1.0 (/home/runner/work/rustwright/rustwright/target/release-check/package-target/1e79ef93767eac83/package/rustwright-cdp-0.1.0)
[1m[92m    Finished[0m `dev` profile [unoptimized + debuginfo] target(s) in 6.79s
[1m[92m   Verifying[0m rustwright-browser v0.1.0 (/home/runner/work/rustwright/rustwright/crates/rustwright-browser)
[1m[92m   Unpacking[0m rustwright-cdp v0.1.0 (registry `/home/runner/work/rustwright/rustwright/target/release-check/package-target/1e79ef93767eac83/package/tmp-registry`)
[1m[92m   Compiling[0m rustwright-cdp v0.1.0
[1m[92m   Compiling[0m rustwright-browser v0.1.0 (/home/runner/work/rustwright/rustwright/target/release-check/package-target/1e79ef93767eac83/package/rustwright-browser-0.1.0)
[1m[92m    Finished[0m `dev` profile [unoptimized + debuginfo] target(s) in 7.70s
[1m[92m   Verifying[0m rustwright-common v0.1.0 (/home/runner/work/rustwright/rustwright/crates/rustwright-common)
[1m[92m   Compiling[0m rustwright-common v0.1.0 (/home/runner/work/rustwright/rustwright/target/release-check/package-target/1e79ef93767eac83/package/rustwright-common-0.1.0)
[1m[92m    Finished[0m `dev` profile [unoptimized + debuginfo] target(s) in 7.93s
[1m[92m   Verifying[0m rustwright-bidi v0.1.0 (/home/runner/work/rustwright/rustwright/crates/rustwright-bidi)
[1m[92m   Unpacking[0m rustwright-browser v0.1.0 (registry `/home/runner/work/rustwright/rustwright/target/release-check/package-target/1e79ef93767eac83/package/tmp-registry`)
[1m[92m   Unpacking[0m rustwright-common v0.1.0 (registry `/home/runner/work/rustwright/rustwright/target/release-check/package-target/1e79ef93767eac83/package/tmp-registry`)
[1m[92m   Compiling[0m rustwright-common v0.1.0
[1m[92m   Compiling[0m rustwright-browser v0.1.0
[1m[92m   Compiling[0m rustwright-bidi v0.1.0 (/home/runner/work/rustwright/rustwright/target/release-check/package-target/1e79ef93767eac83/package/rustwright-bidi-0.1.0)
[1m[92m    Finished[0m `dev` profile [unoptimized + debuginfo] target(s) in 9.55s
[1m[92m   Verifying[0m rustwright-core v0.1.0 (/home/runner/work/rustwright/rustwright/crates/rustwright-core)
[1m[92m   Compiling[0m rustwright-core v0.1.0 (/home/runner/work/rustwright/rustwright/target/release-check/package-target/1e79ef93767eac83/package/rustwright-core-0.1.0)
[1m[92m    Finished[0m `dev` profile [unoptimized + debuginfo] target(s) in 10.90s
[1m[92m   Verifying[0m rustwright v0.1.0 (/home/runner/work/rustwright/rustwright/crates/rustwright)
[1m[92m   Unpacking[0m rustwright-bidi v0.1.0 (registry `/home/runner/work/rustwright/rustwright/target/release-check/package-target/1e79ef93767eac83/package/tmp-registry`)
[1m[92m   Unpacking[0m rustwright-core v0.1.0 (registry `/home/runner/work/rustwright/rustwright/target/release-check/package-target/1e79ef93767eac83/package/tmp-registry`)
[1m[92m   Compiling[0m rustwright-core v0.1.0
[1m[92m   Compiling[0m rustwright-bidi v0.1.0
[1m[92m   Compiling[0m rustwright v0.1.0 (/home/runner/work/rustwright/rustwright/target/release-check/package-target/1e79ef93767eac83/package/rustwright-0.1.0)
[1m[92m    Finished[0m `dev` profile [unoptimized + debuginfo] target(s) in 12.51s
[1m[92m   Verifying[0m rustwright-test-macros v0.1.0 (/home/runner/work/rustwright/rustwright/crates/rustwright-test-macros)
[1m[92m   Compiling[0m rustwright-test-macros v0.1.0 (/home/runner/work/rustwright/rustwright/target/release-check/package-target/1e79ef93767eac83/package/rustwright-test-macros-0.1.0)
[1m[92m    Finished[0m `dev` profile [unoptimized + debuginfo] target(s) in 14.25s
[1m[92m   Verifying[0m rustwright-test v0.1.0 (/home/runner/work/rustwright/rustwright/crates/rustwright-test)
[1m[92m   Unpacking[0m rustwright v0.1.0 (registry `/home/runner/work/rustwright/rustwright/target/release-check/package-target/1e79ef93767eac83/package/tmp-registry`)
[1m[92m   Unpacking[0m rustwright-test-macros v0.1.0 (registry `/home/runner/work/rustwright/rustwright/target/release-check/package-target/1e79ef93767eac83/package/tmp-registry`)
[1m[92m   Compiling[0m rustwright-test-macros v0.1.0
[1m[92m   Compiling[0m rustwright-cdp v0.1.0
[1m[92m   Compiling[0m rustwright-browser v0.1.0
[1m[92m   Compiling[0m rustwright-bidi v0.1.0
[1m[92m   Compiling[0m rustwright-core v0.1.0
[1m[92m   Compiling[0m rustwright v0.1.0
[1m[92m   Compiling[0m rustwright-test v0.1.0 (/home/runner/work/rustwright/rustwright/target/release-check/package-target/1e79ef93767eac83/package/rustwright-test-0.1.0)
[1m[92m    Finished[0m `dev` profile [unoptimized + debuginfo] target(s) in 16.81s
