[1m[93mwarning[0m[1m[97m: function `find_on_path` is never used[0m
   [1m[96m--> [0mcrates\rustwright-browser\src\discovery.rs:179:8
    [1m[96m|[0m
[1m[96m179[0m [1m[96m|[0m pub fn find_on_path(name: &str) -> Vec<PathBuf> {
    [1m[96m|[0m        [1m[93m^^^^^^^^^^^^[0m
    [1m[96m|[0m
    [1m[96m= [0m[1m[97mnote[0m: `#[warn(dead_code)]` (part of `#[warn(unused)]`) on by default

[1m[93mwarning[0m[1m[97m: function `executable_name` is never used[0m
   [1m[96m--> [0mcrates\rustwright-browser\src\discovery.rs:197:4
    [1m[96m|[0m
[1m[96m197[0m [1m[96m|[0m fn executable_name(name: &str) -> String {
    [1m[96m|[0m    [1m[93m^^^^^^^^^^^^^^^[0m

[1m[93mwarning[0m: `rustwright-browser` (lib) generated 2 warnings
[1m[92m   Compiling[0m rustwright-integration-tests v0.1.0 (D:\a\rustwright\rustwright\tests)
[1m[92m    Finished[0m `test` profile [unoptimized + debuginfo] target(s) in 4.76s
[1m[92m     Running[0m http_network_idle_parity.rs (target\debug\deps\http_network_idle_parity-070d38c9e9d4220c.exe)

running 26 tests
test chrome_abort ... backend=chrome version=Chrome/155.0.8059.39
ok
test chrome_body_timeout_reuse ... backend=chrome version=Chrome/155.0.8059.39
ok
test chrome_browser_closure ... backend=chrome version=Chrome/155.0.8059.39
ok
test chrome_cancelled_waiter ... backend=chrome version=Chrome/155.0.8059.39
ok
test chrome_child_removal ... backend=chrome version=Chrome/155.0.8059.39
ok
test chrome_cross_origin_child ... backend=chrome version=Chrome/155.0.8059.39
ok
test chrome_document_replacement ... backend=chrome version=Chrome/155.0.8059.39
ok
test chrome_foreign_tab ... backend=chrome version=Chrome/155.0.8059.39
ok
test chrome_interrupted_quiet ... backend=chrome version=Chrome/155.0.8059.39
ok
test chrome_nested_children ... backend=chrome version=Chrome/155.0.8059.39
ok
test chrome_page_closure ... backend=chrome version=Chrome/155.0.8059.39
ok
test chrome_partial_body ... backend=chrome version=Chrome/155.0.8059.39
ok
test chrome_redirects ... backend=chrome version=Chrome/155.0.8059.39
ok
test firefox_abort ... backend=firefox version=Some("157.0.1")
ok
test firefox_body_timeout_reuse ... backend=firefox version=Some("157.0.1")
ok
test firefox_browser_closure ... backend=firefox version=Some("157.0.1")
ok
test firefox_cancelled_waiter ... backend=firefox version=Some("157.0.1")
ok
test firefox_child_removal ... backend=firefox version=Some("157.0.1")
ok
test firefox_cross_origin_child ... backend=firefox version=Some("157.0.1")
ok
test firefox_document_replacement ... backend=firefox version=Some("157.0.1")
ok
test firefox_foreign_tab ... backend=firefox version=Some("157.0.1")
ok
test firefox_interrupted_quiet ... backend=firefox version=Some("157.0.1")
ok
test firefox_nested_children ... backend=firefox version=Some("157.0.1")
ok
test firefox_page_closure ... backend=firefox version=Some("157.0.1")
ok
test firefox_partial_body ... backend=firefox version=Some("157.0.1")
ok
test firefox_redirects ... backend=firefox version=Some("157.0.1")
ok

test result: ok. 26 passed; 0 failed; 0 ignored; 0 measured; 0 filtered out; finished in 130.05s

