[1m[33mwarning[0m[1m: function `find_on_path` is never used[0m
   [1m[94m--> [0mcrates/rustwright-browser/src/discovery.rs:179:8
    [1m[94m|[0m
[1m[94m179[0m [1m[94m|[0m pub fn find_on_path(name: &str) -> Vec<PathBuf> {
    [1m[94m|[0m        [1m[33m^^^^^^^^^^^^[0m
    [1m[94m|[0m
    [1m[94m= [0m[1mnote[0m: `#[warn(dead_code)]` (part of `#[warn(unused)]`) on by default

[1m[33mwarning[0m[1m: function `executable_name` is never used[0m
   [1m[94m--> [0mcrates/rustwright-browser/src/discovery.rs:197:4
    [1m[94m|[0m
[1m[94m197[0m [1m[94m|[0m fn executable_name(name: &str) -> String {
    [1m[94m|[0m    [1m[33m^^^^^^^^^^^^^^^[0m

[1m[33mwarning[0m: `rustwright-browser` (lib) generated 2 warnings
[1m[92m   Compiling[0m rustwright-integration-tests v0.1.0 (/Users/runner/work/rustwright/rustwright/tests)
[1m[92m    Finished[0m `test` profile [unoptimized + debuginfo] target(s) in 3.08s
[1m[92m     Running[0m http_bidi_navigation.rs (target/debug/deps/http_bidi_navigation-dd8fffbb31eadfec)

running 7 tests
test chrome_history_boundary_and_closed_errors ... backend=chrome version=Chrome/155.0.8059.39
ok
test chrome_history_commits_and_loads ... backend=chrome version=Chrome/155.0.8059.39
ok
test chrome_reload_waits_for_resources ... backend=chrome version=Chrome/155.0.8059.39
ok
test firefox_history_boundary_and_closed_errors ... backend=firefox version=Some("157.0.1")
ok
test firefox_history_commits_and_loads ... backend=firefox version=Some("157.0.1")
ok
test firefox_reload_deadline_cancellation_and_recovery ... backend=firefox version=Some("157.0.1")
ok
test firefox_reload_waits_for_resources ... backend=firefox version=Some("157.0.1")
ok

test result: ok. 7 passed; 0 failed; 0 ignored; 0 measured; 0 filtered out; finished in 21.04s

