[3593:3593:1009/204640.756960:FATAL:content/browser/zygote_host/zygote_host_impl_linux.cc:128] No usable sandbox! If you are running on Ubuntu 23.10+ or another Linux distro that has disabled unprivileged user namespaces with AppArmor, see https://chromium.googlesource.com/chromium/src/+/main/docs/security/apparmor-userns-restrictions.md. Otherwise see https://chromium.googlesource.com/chromium/src/+/main/docs/linux/suid_sandbox_development.md for more information on developing with the (older) SUID sandbox. If you want to live dangerously and need an immediate workaround, you can try using --no-sandbox.
Received signal 6
#0 0x55c8b719ee33 (/opt/hostedtoolcache/setup-chrome/chrome/151.0.7922.138/x64/chrome+0x6a7fe32)
#1 0x55c8bbc37964 (/opt/hostedtoolcache/setup-chrome/chrome/151.0.7922.138/x64/chrome+0xb518963)
#2 0x7fdaf4045330 (/usr/lib/x86_64-linux-gnu/libc.so.6+0x4532f)
#3 0x7fdaf404527e (/usr/lib/x86_64-linux-gnu/libc.so.6+0x4527d)
#4 0x7fdaf40288ff (/usr/lib/x86_64-linux-gnu/libc.so.6+0x288fe)
#5 0x55c8bbc2f875 (/opt/hostedtoolcache/setup-chrome/chrome/151.0.7922.138/x64/chrome+0xb510874)
#6 0x55c8bbbf317d (/opt/hostedtoolcache/setup-chrome/chrome/151.0.7922.138/x64/chrome+0xb4d417c)
#7 0x55c8bbbf310e (/opt/hostedtoolcache/setup-chrome/chrome/151.0.7922.138/x64/chrome+0xb4d410d)
#8 0x55c8b6e830d8 (/opt/hostedtoolcache/setup-chrome/chrome/151.0.7922.138/x64/chrome+0x67640d7)
#9 0x55c8b5909b29 (/opt/hostedtoolcache/setup-chrome/chrome/151.0.7922.138/x64/chrome+0x51eab28)
#10 0x55c8b56df3fb (/opt/hostedtoolcache/setup-chrome/chrome/151.0.7922.138/x64/chrome+0x4fc03fa)
#11 0x55c8bb0278fc (/opt/hostedtoolcache/setup-chrome/chrome/151.0.7922.138/x64/chrome+0xa9088fb)
#12 0x55c8b5e9090c (/opt/hostedtoolcache/setup-chrome/chrome/151.0.7922.138/x64/chrome+0x577190b)
#13 0x55c8b5e91375 (/opt/hostedtoolcache/setup-chrome/chrome/151.0.7922.138/x64/chrome+0x5772374)
#14 0x7fdaf402a1ca (/usr/lib/x86_64-linux-gnu/libc.so.6+0x2a1c9)
#15 0x7fdaf402a28b (/usr/lib/x86_64-linux-gnu/libc.so.6+0x2a28a)
#16 0x55c8b73ded9a (/opt/hostedtoolcache/setup-chrome/chrome/151.0.7922.138/x64/chrome+0x6cbfd99)
  r8: 00003740000b4263  r9: 0000000000000001 r10: 0000000000000008 r11: 0000000000000246
 r12: 0000000000000006 r13: 0000000000000264 r14: 0000000000000016 r15: 00007ffcf3799fb8
  di: 0000000000000e09  si: 0000000000000e09  bp: 00007ffcf3799930  bx: 0000000000000e09
  dx: 0000000000000006  ax: 0000000000000000  cx: 00007fdaf409ec0c  sp: 00007ffcf37998f0
  ip: 00007fdaf409ec0c efl: 0000000000000246 cgf: 002b000000000033 erf: 0000000000000000
 trp: 0000000000000000 msk: 0000000000000000 cr2: 0000000000000000
[end of stack trace]
