    Blocking waiting for file lock on package cache
    Blocking waiting for file lock on package cache
    Finished `test` profile [unoptimized + debuginfo] target(s) in 0.12s
     Running unittests src/lib.rs (target/debug/deps/rustwright_bidi-cedd5209c7d1f7e2)

running 106 tests
test browser::creation_tests::cancelled_default_page_before_creation_reply_is_closed ... ok
test browser::creation_tests::cancelled_creation_with_silent_peer_releases_local_waiter_after_grace ... ok
test browser::creation_tests::cancelled_context_before_creation_reply_is_removed ... ok
test browser::creation_tests::cancelled_after_reply_before_handoff_removes_context ... ok
test browser::creation_tests::cancelled_page_before_creation_reply_is_closed ... ok
test browser::creation_tests::cancelled_initialization_outside_runtime_thread_cleans_up ... ok
test browser::frame_helper_cache_tests::destroyed_frame_is_not_treated_as_an_initialized_document ... ok
test browser::creation_tests::failed_page_initialization_closes_created_page ... ok
test browser::frame_helper_cache_tests::live_frame_reuses_its_document_helper_without_reinjection ... ok
test browser::creation_tests::cancelled_page_initialization_closes_created_page ... ok
test browser::frame_helper_cache_tests::late_injection_reply_does_not_initialize_a_replacement_document ... ok
test browser::frame_helper_cache_tests::same_frame_id_in_a_new_document_gets_its_helper_again ... ok
test browser::interception_tests::canceled_pre_ack_event_continues_instead_of_being_lost ... ok
test browser::interception_tests::canceled_registration_reclaims_the_late_id ... ok
test browser::interception_tests::canceled_reconciliation_restores_previous_committed_rules ... ok
test browser::interception_tests::clear_continues_after_waiter_cancellation ... ok
test browser::interception_tests::cancellation_after_old_phase_removal_preserves_previous_rules ... ok
test browser::interception_tests::concurrent_registration_does_not_return_before_ack ... ok
test browser::interception_tests::closing_during_unacknowledged_add_closes_remote_and_removes_helper ... ok
test browser::interception_tests::descendant_events_use_owned_ids_and_foreign_intercepts_are_untouched ... ok
test browser::interception_tests::discovered_handles_share_routes_and_keep_registration_alive ... ok
test browser::interception_tests::failed_drop_retirement_is_reused_by_discovered_handle ... ok
test browser::interception_tests::failed_phase_expansion_preserves_existing_registration ... ok
test browser::interception_tests::failed_broader_registration_keeps_previous_phases_usable ... ok
test browser::interception_tests::final_handle_drop_outside_runtime_uses_its_origin_runtime ... ok
test browser::interception_tests::final_routed_page_handle_drop_removes_registration ... ok
test browser::interception_tests::page_close_retires_routes_while_handle_is_retained ... ok
test browser::interception_tests::context_close_marks_every_page_closed_before_waiting_for_late_add ... ok
test browser::interception_tests::previous_routes_keep_dispatching_while_broader_allocation_is_unacknowledged ... ok
test browser::interception_tests::rejected_registration_is_retryable ... ok
test browser::interception_tests::queued_unobserved_registration_handoff_is_rolled_back ... ok
test browser::interception_tests::removal_error_is_typed_and_retains_the_id ... ok
test browser::interception_tests::persistent_drop_rejection_exits_after_explicit_browser_close ... ok
test browser::interception_tests::route_removal_failure_does_not_skip_native_close_or_helper_cleanup ... ok
test browser::interception_tests::user_context_close_retires_only_owned_routes ... ok
test browser::interception_tests::retiring_intercept_continues_blocked_requests_until_ack ... ok
test browser::navigation_tests::connection_shutdown_wakes_history_waiter ... ok
test browser::navigation_tests::context_destruction_wakes_history_even_with_command_acknowledgment_held ... ok
test browser::navigation_tests::cancelled_history_releases_command_and_next_traversal_recovers ... ok
test browser::navigation_tests::history_deadline_covers_lifecycle_and_releases_pending_command ... ok
test browser::navigation_tests::history_timeout_includes_subscription_acknowledgment ... ok
test browser::navigation_tests::missing_history_entry_preserves_typed_protocol_error ... ok
test browser::navigation_tests::lifecycle_before_command_acknowledgment_is_not_lost ... ok
test browser::navigation_tests::reload_waits_for_complete_and_uses_one_explicit_deadline ... ok
test browser::navigation_tests::stale_foreign_and_wrong_navigation_loads_do_not_finish_history ... ok
test browser::interception_tests::repeated_canceled_upgrades_do_not_retain_historical_intercept_ids ... ok
test browser::navigation_tests::same_document_history_and_fragment_commits_share_one_subscription ... ok
test browser::navigation_tests::subscription_setup_survives_cancellation_without_duplicate_registration ... ok
test browser::network_subscription_tests::cancelling_subscription_waiter_keeps_acknowledgment_owned ... ok
test browser::network_subscription_tests::cancelled_monitoring_retains_events_received_before_subscription_acknowledgment ... ok
test browser::network_subscription_tests::cancelled_monitoring_setup_finishes_with_one_reused_pump ... ok
test browser::network_subscription_tests::concurrent_session_subscription_waits_for_the_same_successful_handshake ... ok
test browser::network_subscription_tests::rejected_monitoring_setup_can_retry_without_installing_a_failed_pump ... ok
test browser::network_subscription_tests::rejected_subscription_preserves_error_and_queued_caller_retries ... ok
test browser::network_subscription_tests::silent_subscription_has_a_bounded_local_waiter ... ok
test browser::shutdown_tests::browser_close_bounds_silent_end_and_closes_retained_connection ... ok
test browser::shutdown_tests::cancelled_browser_close_closes_retained_connection ... ok
test browser::shutdown_tests::cancelled_context_close_bounds_silent_remote_waiter ... ok
test browser::shutdown_tests::cancelled_context_close_before_reply_removes_retained_helper ... ok
test browser::shutdown_tests::cancelled_page_close_during_helper_removal_closes_page ... ok
test browser::network_subscription_tests::monitoring_retains_events_received_before_subscription_acknowledgment ... ok
test browser::shutdown_tests::concurrent_and_repeated_context_close_remove_helper_once ... ok
test browser::shutdown_tests::cancelled_context_close_during_helper_removal_finishes ... ok
test browser::shutdown_tests::failed_helper_removal_is_retried_after_context_is_gone ... ok
test browser::shutdown_tests::remote_context_error_is_returned_and_retry_cleans_helper ... ok
test browser::shutdown_tests::page_helper_cleanup_error_is_returned_and_clone_retries ... ok
test connection::tests::cancelled_request_is_removed ... ok
test connection::tests::protocol_error_preserves_command_details ... ok
test connection::tests::timed_out_request_is_removed ... ok
test connection::transport_lifetime_tests::last_clone_drop_releases_inner_and_socket ... ok
test browser::shutdown_tests::concurrent_context_cleanup_error_does_not_skip_other_helpers ... ok
test connection::transport_lifetime_tests::peer_loss_releases_waiters_and_inner ... ok
test connection::transport_lifetime_tests::writer_failure_releases_idle_reader_and_socket ... ok
test lifecycle_tests::cancelling_helper_registration_still_releases_the_remote_script ... ok
test lifecycle_tests::closing_one_context_preserves_other_context_helpers ... ok
test lifecycle_tests::context_close_releases_helpers_even_while_page_handles_are_retained ... ok
test lifecycle_tests::dropping_the_last_page_handle_releases_its_helper_registration ... ok
test lifecycle_tests::repeated_discovery_reuses_the_page_helper_registration ... ok
test network::interception_queue_tests::deferred_allocation_events_have_a_separate_bounded_queue ... ok
test network_idle::tests::actual_broadcast_lag_invalidates_the_live_pump_and_releases_waiters ... ok
test network_idle::tests::already_quiet_page_still_observes_a_fresh_window_per_call ... ok
test network_idle::tests::committed_new_document_preserves_incoming_request_and_new_subresources ... ok
test network_idle::tests::completed_historical_start_and_non_http_activity_do_not_create_pending_work ... ok
test network_idle::tests::descendant_requests_count_and_destroying_subtree_preserves_other_work ... ok
test network_idle::tests::discovered_incomplete_lost_and_closed_are_explicit_errors ... ok
test network_idle::tests::headers_leave_body_pending_and_errors_start_quiet_window ... ok
test connection::transport_lifetime_tests::explicit_close_interrupts_blocked_write_and_close ... ok
test connection::transport_lifetime_tests::reader_failure_interrupts_blocked_write_and_close ... ok
test network_idle::tests::protocol_tests::cancelling_new_page_during_setup_closes_allocation_and_does_not_poison_retry ... ok
test network_idle::tests::protocol_tests::dropped_last_observer_aborts_its_pump_without_a_registry_cycle ... ok
test network_idle::tests::protocol_tests::concurrent_idle_setup_survives_cancel_and_reuses_one_acknowledged_pump ... ok
test network_idle::tests::protocol_tests::held_snapshot_overflow_fails_setup_instead_of_claiming_idle ... ok
test network_idle::tests::protocol_tests::discovered_handles_reuse_created_observer_and_unobserved_pages_are_rejected ... ok
test network_idle::tests::protocol_tests::page_close_and_disconnect_wake_pending_waiters ... ok
test network_idle::tests::protocol_tests::silent_idle_setup_has_a_finite_budget_and_a_late_ack_does_not_poison_retry ... ok
test network_idle::tests::protocol_tests::rejected_setup_closes_unexposed_page_and_next_creation_retries ... ok
test network_idle::tests::request_delivered_after_triggering_command_ack_interrupts_fresh_window ... ok
test network_idle::tests::stale_redirect_terminal_and_duplicates_cannot_finish_new_hop ... ok
test network_idle::tests::timeout_and_cancel_leave_shared_state_and_interrupted_quiet_window_intact ... ok
test session::tests::converts_arrays_and_objects ... ok
test session::tests::converts_scalars ... ok
test session::tests::evaluation_exceptions_preserve_the_browser_message ... ok
test session::tests::successful_null_and_undefined_are_distinct_from_exceptions ... ok
test network_idle::tests::repeated_document_and_request_churn_retains_only_live_ownership ... ok
test network_idle::tests::protocol_tests::public_creation_waits_for_ack_and_retains_early_nested_requests ... ok
test browser::interception_tests::acknowledged_late_removal_is_reconciled_before_a_new_route ... ok

test result: ok. 106 passed; 0 failed; 0 ignored; 0 measured; 0 filtered out; finished in 5.08s

