[3355:3355:1009/181759.120569:FATAL:content/browser/zygote_host/zygote_host_impl_linux.cc:130] No usable sandbox! If you are running on Ubuntu 23.10+ or another Linux distro that has disabled unprivileged user namespaces with AppArmor, see https://chromium.googlesource.com/chromium/src/+/main/docs/security/apparmor-userns-restrictions.md. Otherwise see https://chromium.googlesource.com/chromium/src/+/main/docs/linux/suid_sandbox_development.md for more information on developing with the (older) SUID sandbox. If you want to live dangerously and need an immediate workaround, you can try using --no-sandbox.
Received signal 6
#0 0x557897963fc3 (/opt/hostedtoolcache/setup-chrome/chrome/stable/x64/chrome+0x6aecfc2)
#1 0x55789c932174 (/opt/hostedtoolcache/setup-chrome/chrome/stable/x64/chrome+0xbabb173)
#2 0x7f2894045330 (/usr/lib/x86_64-linux-gnu/libc.so.6+0x4532f)
#3 0x7f289404527e (/usr/lib/x86_64-linux-gnu/libc.so.6+0x4527d)
#4 0x7f28940288ff (/usr/lib/x86_64-linux-gnu/libc.so.6+0x288fe)
#5 0x55789c928ed5 (/opt/hostedtoolcache/setup-chrome/chrome/stable/x64/chrome+0xbab1ed4)
#6 0x55789c8e8b8d (/opt/hostedtoolcache/setup-chrome/chrome/stable/x64/chrome+0xba71b8c)
#7 0x55789c8e8add (/opt/hostedtoolcache/setup-chrome/chrome/stable/x64/chrome+0xba71adc)
#8 0x55789762dc12 (/opt/hostedtoolcache/setup-chrome/chrome/stable/x64/chrome+0x67b6c11)
#9 0x557896d54829 (/opt/hostedtoolcache/setup-chrome/chrome/stable/x64/chrome+0x5edd828)
#10 0x55789688cf58 (/opt/hostedtoolcache/setup-chrome/chrome/stable/x64/chrome+0x5a15f57)
#11 0x55789bdfb74f (/opt/hostedtoolcache/setup-chrome/chrome/stable/x64/chrome+0xaf8474e)
#12 0x557896d9d90c (/opt/hostedtoolcache/setup-chrome/chrome/stable/x64/chrome+0x5f2690b)
#13 0x557896d9d060 (/opt/hostedtoolcache/setup-chrome/chrome/stable/x64/chrome+0x5f2605f)
#14 0x7f289402a1ca (/usr/lib/x86_64-linux-gnu/libc.so.6+0x2a1c9)
#15 0x7f289402a28b (/usr/lib/x86_64-linux-gnu/libc.so.6+0x2a28a)
#16 0x557897c1d36a (/opt/hostedtoolcache/setup-chrome/chrome/stable/x64/chrome+0x6da6369)
  r8: 000010480013c263  r9: 0000000000000001 r10: 0000000000000008 r11: 0000000000000246
 r12: 0000000000000006 r13: 000010480013c000 r14: 0000000000000016 r15: 00007ffdb0b05c58
  di: 0000000000000d1b  si: 0000000000000d1b  bp: 00007ffdb0b055d0  bx: 0000000000000d1b
  dx: 0000000000000006  ax: 0000000000000000  cx: 00007f289409ec0c  sp: 00007ffdb0b05590
  ip: 00007f289409ec0c efl: 0000000000000246 cgf: 002b000000000033 erf: 0000000000000000
 trp: 0000000000000000 msk: 0000000000000000 cr2: 0000000000000000
[end of stack trace]
