[1m[92m   Compiling[0m rustwright-integration-tests v0.1.0 (/home/runner/work/rustwright/rustwright/tests)
[1m[92m    Finished[0m `test` profile [unoptimized + debuginfo] target(s) in 1.97s
[1m[92m     Running[0m http_intercept_lifecycle.rs (target/debug/deps/http_intercept_lifecycle-e4f04b177e9dceb5)

running 4 tests
test firefox_intercept_cancellation_preserves_live_requests_and_prior_rules ... {"cycle":1,"known_intercept_ids":["5a21d196-4917-4dff-a0fe-8d2d66cc8392"],"known_intercepts_absent":true,"mode":"cancel-add-with-blocked-request","pending":0,"version":"157.0.1"}
{"cycle":1,"known_intercept_ids":["8e222b63-d103-4d49-8217-1acf0bf06b74"],"known_intercepts_absent":true,"mode":"cancel-clear","pending":0,"version":"157.0.1"}
{"cycle":1,"known_intercept_ids":["e63ef8f2-2f48-4e33-ac58-eb5e1ccadf49","fca96078-a54c-4d64-8554-fa74f5836823","b3f6f254-c940-49a4-8484-ea714dc8648f"],"known_intercepts_absent":true,"mode":"cancel-phase-upgrade","pending":0,"version":"157.0.1"}
{"cycle":2,"known_intercept_ids":["6a7071d2-6f12-41a5-b43d-76276c6758ea"],"known_intercepts_absent":true,"mode":"cancel-add-with-blocked-request","pending":0,"version":"157.0.1"}
{"cycle":2,"known_intercept_ids":["05f22151-af8b-4645-88ca-ddb2594d0018"],"known_intercepts_absent":true,"mode":"cancel-clear","pending":0,"version":"157.0.1"}
{"cycle":2,"known_intercept_ids":["3b7b9131-b3db-4e6c-8f26-1d898604c97d","1d949951-61ee-4f6e-bba6-9c4e3ef35e10","eb4477e3-194c-42e7-959e-9172d7f263fc"],"known_intercepts_absent":true,"mode":"cancel-phase-upgrade","pending":0,"version":"157.0.1"}
{"cycle":3,"known_intercept_ids":["765569d0-2647-4769-b9de-467d13b47bb0"],"known_intercepts_absent":true,"mode":"cancel-add-with-blocked-request","pending":0,"version":"157.0.1"}
{"cycle":3,"known_intercept_ids":["2bfc420f-abac-419e-a1fa-d57a61a96f71"],"known_intercepts_absent":true,"mode":"cancel-clear","pending":0,"version":"157.0.1"}
{"cycle":3,"known_intercept_ids":["20b8399f-7ab4-4ecc-8e22-c54f070888ef","27cda118-524f-4d84-b0a0-d124e68afa5c","7a58110c-deee-480e-9634-c15836413744"],"known_intercepts_absent":true,"mode":"cancel-phase-upgrade","pending":0,"version":"157.0.1"}
{"cycle":4,"known_intercept_ids":["d9df8c09-0ad5-4352-9b94-66df94b85743"],"known_intercepts_absent":true,"mode":"cancel-add-with-blocked-request","pending":0,"version":"157.0.1"}
{"cycle":4,"known_intercept_ids":["d5a6d47c-2283-40aa-bbbd-92563bde1220"],"known_intercepts_absent":true,"mode":"cancel-clear","pending":0,"version":"157.0.1"}
{"cycle":4,"known_intercept_ids":["f99ac76a-cfe9-457c-bc67-7338612d4ad8","fad4149f-4125-4ca3-9af1-e4c0cf3ae4c8","3c0ebb27-5b10-42b5-a6ce-5c707de77d2e"],"known_intercepts_absent":true,"mode":"cancel-phase-upgrade","pending":0,"version":"157.0.1"}
{"cycle":5,"known_intercept_ids":["805abc89-701e-4edf-ae61-360b153c87f4"],"known_intercepts_absent":true,"mode":"cancel-add-with-blocked-request","pending":0,"version":"157.0.1"}
{"cycle":5,"known_intercept_ids":["a77abd52-8e14-45df-ad7d-7f126be62e76"],"known_intercepts_absent":true,"mode":"cancel-clear","pending":0,"version":"157.0.1"}
{"cycle":5,"known_intercept_ids":["64313021-93ae-43df-a073-cb2d1599a968","bb6542ec-de08-4ec8-8d8e-38df218250ab","071b32b4-b17c-42aa-acfa-e52605a1e3e1"],"known_intercepts_absent":true,"mode":"cancel-phase-upgrade","pending":0,"version":"157.0.1"}
{"cycle":6,"known_intercept_ids":["85e2e6e7-3cdd-4ec2-960f-00f8ee1111e2"],"known_intercepts_absent":true,"mode":"cancel-add-with-blocked-request","pending":0,"version":"157.0.1"}
{"cycle":6,"known_intercept_ids":["319a7f59-7a9d-44c5-9e44-719638a76b73"],"known_intercepts_absent":true,"mode":"cancel-clear","pending":0,"version":"157.0.1"}
{"cycle":6,"known_intercept_ids":["45c0d379-cee6-476c-8093-906e1102a189","3e354e3a-916c-4e4b-9a90-e8a05edb37b2","ae173f86-410d-44b0-8f90-cbdf18e73d39"],"known_intercepts_absent":true,"mode":"cancel-phase-upgrade","pending":0,"version":"157.0.1"}
{"cycle":7,"known_intercept_ids":["004859e8-b969-445f-9dfe-741b63856df2"],"known_intercepts_absent":true,"mode":"cancel-add-with-blocked-request","pending":0,"version":"157.0.1"}
{"cycle":7,"known_intercept_ids":["0c330d15-7f27-42ce-9bf9-74ff396cf9c6"],"known_intercepts_absent":true,"mode":"cancel-clear","pending":0,"version":"157.0.1"}
{"cycle":7,"known_intercept_ids":["5b2edd54-fcfd-456e-9e00-2688cc47037e","aa377885-2d86-4816-83c0-d2d4e4494da1","e5539377-4d93-46e4-8566-b5517f59f17a"],"known_intercepts_absent":true,"mode":"cancel-phase-upgrade","pending":0,"version":"157.0.1"}
{"cycle":8,"known_intercept_ids":["923dda4c-6b7c-4b16-9853-33f7c28235da"],"known_intercepts_absent":true,"mode":"cancel-add-with-blocked-request","pending":0,"version":"157.0.1"}
{"cycle":8,"known_intercept_ids":["aa76b900-d165-4741-b85e-c2d8aa9cebe6"],"known_intercepts_absent":true,"mode":"cancel-clear","pending":0,"version":"157.0.1"}
{"cycle":8,"known_intercept_ids":["0f6cb0d9-a7b2-4696-b778-36e69ebddfce","f9c94597-3042-4c42-845c-1b20de75647c","8a57ec28-f374-4767-be33-96a8c9a5ac9b"],"known_intercepts_absent":true,"mode":"cancel-phase-upgrade","pending":0,"version":"157.0.1"}
{"cycle":9,"known_intercept_ids":["e61cd9b6-e0da-409f-b080-671d41ff9a02"],"known_intercepts_absent":true,"mode":"cancel-add-with-blocked-request","pending":0,"version":"157.0.1"}
{"cycle":9,"known_intercept_ids":["8a39802a-8522-4f1e-a0e3-376142e40a04"],"known_intercepts_absent":true,"mode":"cancel-clear","pending":0,"version":"157.0.1"}
{"cycle":9,"known_intercept_ids":["b2f3efb9-180a-4810-bc2b-39babc824e0e","fc828612-8b4e-4744-b6ac-da12c0484980","6de89b98-20e6-4f4b-91cd-5f3aa0d512b3"],"known_intercepts_absent":true,"mode":"cancel-phase-upgrade","pending":0,"version":"157.0.1"}
{"cycle":10,"known_intercept_ids":["2d32e2d5-a9ca-4602-82b4-00e72efa5109"],"known_intercepts_absent":true,"mode":"cancel-add-with-blocked-request","pending":0,"version":"157.0.1"}
{"cycle":10,"known_intercept_ids":["315a3e6d-125a-4c4b-bda4-041b097626eb"],"known_intercepts_absent":true,"mode":"cancel-clear","pending":0,"version":"157.0.1"}
{"cycle":10,"known_intercept_ids":["afa3df24-a894-40f4-bd40-15a5adc6bdc7","0deda3df-2c79-41b4-9157-6b0d372a076d","4a46b6e4-623a-4f4b-9987-a33893dd11d1"],"known_intercepts_absent":true,"mode":"cancel-phase-upgrade","pending":0,"version":"157.0.1"}
ok
test firefox_phase_expansion_keeps_prior_rules_usable_before_acknowledgment ... {"cycle":1,"known_intercept_ids":["3c51e7ca-02b4-452d-88b2-b0ee4ee8756e","fa015599-fe60-4d71-b46a-d74f5379ef65"],"known_intercepts_absent":true,"mode":"active-rules-during-phase-upgrade","pending":0,"version":"157.0.1"}
{"cycle":2,"known_intercept_ids":["c5e96d73-879f-4db7-b9fe-82714ea99743","de8097b7-0dff-492e-8e65-8784fee752cc"],"known_intercepts_absent":true,"mode":"active-rules-during-phase-upgrade","pending":0,"version":"157.0.1"}
{"cycle":3,"known_intercept_ids":["1ca2527e-ba1f-4211-b4ea-f4d4bd450a68","5d87e1d5-5d89-4c92-ae8a-60a367ce6e33"],"known_intercepts_absent":true,"mode":"active-rules-during-phase-upgrade","pending":0,"version":"157.0.1"}
{"cycle":4,"known_intercept_ids":["109d90bc-880b-4f58-93db-e096590b0411","3138bf78-5465-4a49-b812-ec47ac189b18"],"known_intercepts_absent":true,"mode":"active-rules-during-phase-upgrade","pending":0,"version":"157.0.1"}
{"cycle":5,"known_intercept_ids":["ff9fb420-0679-4b37-a321-6b7f24c56eea","b855aebc-e6e8-46ac-b9fd-0ed42b55d2cc"],"known_intercepts_absent":true,"mode":"active-rules-during-phase-upgrade","pending":0,"version":"157.0.1"}
{"cycle":6,"known_intercept_ids":["887f4320-b7d7-4262-b664-062a4c68ed90","0167e09c-87bc-4de8-a165-2f978be85bab"],"known_intercepts_absent":true,"mode":"active-rules-during-phase-upgrade","pending":0,"version":"157.0.1"}
{"cycle":7,"known_intercept_ids":["f2386a36-f353-4005-9b93-3ef424bcb84f","2740e6fb-7adc-4c97-a0d4-1b1b18c62cfc"],"known_intercepts_absent":true,"mode":"active-rules-during-phase-upgrade","pending":0,"version":"157.0.1"}
{"cycle":8,"known_intercept_ids":["acc71d6b-8eee-46ea-90ce-111b50156870","dc089274-05b1-465a-b46c-b256764a078b"],"known_intercepts_absent":true,"mode":"active-rules-during-phase-upgrade","pending":0,"version":"157.0.1"}
{"cycle":9,"known_intercept_ids":["0c6f15b4-1767-4718-b98b-292917abd1af","3e16e25e-7e18-4fdc-a6bc-239884c2eb8f"],"known_intercepts_absent":true,"mode":"active-rules-during-phase-upgrade","pending":0,"version":"157.0.1"}
{"cycle":10,"known_intercept_ids":["08948972-086f-46d6-8af8-d111553e6750","4207dfaf-6488-4fed-af2f-4946130e61da"],"known_intercepts_absent":true,"mode":"active-rules-during-phase-upgrade","pending":0,"version":"157.0.1"}
ok
test firefox_routing_phases_and_child_frame_requests_remain_functional ... {"cycle":1,"known_intercept_ids":["f4bd88a9-12b8-4299-b8ec-9aed8afe70bd","80a7cff3-db4e-483b-8c6c-0491c0c45501"],"known_intercepts_absent":true,"mode":"request-response-child-frame","pending":0,"version":"157.0.1"}
ok
test firefox_shared_handles_drop_and_close_retire_only_owned_intercepts ... {"cycle":1,"known_intercept_ids":["193331c6-7daf-4338-b021-7505527e3923"],"known_intercepts_absent":true,"mode":"shared-handles-final-drop","pending":0,"version":"157.0.1"}
{"cycle":1,"known_intercept_ids":["a939dc95-789c-4a14-a7aa-7fe901830724"],"known_intercepts_absent":true,"mode":"page-close-retained-handles","pending":0,"version":"157.0.1"}
{"cycle":1,"known_intercept_ids":["8f76b0dd-edf1-4ea2-abcb-76cc6d66b828","fffce507-5e86-48f0-8452-3c3ddd652c86"],"known_intercepts_absent":true,"mode":"user-context-close-retained-pages","pending":0,"version":"157.0.1"}
{"cycle":2,"known_intercept_ids":["7160066d-7fb3-4cc3-8014-9da7866c6116"],"known_intercepts_absent":true,"mode":"shared-handles-final-drop","pending":0,"version":"157.0.1"}
{"cycle":2,"known_intercept_ids":["57cf46b6-b113-4e97-95db-4fb7ea4b9a7a"],"known_intercepts_absent":true,"mode":"page-close-retained-handles","pending":0,"version":"157.0.1"}
{"cycle":2,"known_intercept_ids":["9b7b3338-f546-4829-856c-3c493483feeb","b94eb51e-84af-4a9c-b40f-af4016357e2b"],"known_intercepts_absent":true,"mode":"user-context-close-retained-pages","pending":0,"version":"157.0.1"}
{"cycle":3,"known_intercept_ids":["9b9928cd-d399-408b-b294-5ec72f33769c"],"known_intercepts_absent":true,"mode":"shared-handles-final-drop","pending":0,"version":"157.0.1"}
{"cycle":3,"known_intercept_ids":["3a5e0477-7acf-4813-ba29-03399e3ded04"],"known_intercepts_absent":true,"mode":"page-close-retained-handles","pending":0,"version":"157.0.1"}
{"cycle":3,"known_intercept_ids":["c7548d32-8a8f-4bb3-a4f7-8517115b8619","f323a6a5-a345-40be-ac11-8f2a2662baf3"],"known_intercepts_absent":true,"mode":"user-context-close-retained-pages","pending":0,"version":"157.0.1"}
{"cycle":4,"known_intercept_ids":["103a31ac-a427-41ac-8696-0fe11c4fe1f8"],"known_intercepts_absent":true,"mode":"shared-handles-final-drop","pending":0,"version":"157.0.1"}
{"cycle":4,"known_intercept_ids":["44afb075-3f3d-4b11-99a3-0ba13a35cd12"],"known_intercepts_absent":true,"mode":"page-close-retained-handles","pending":0,"version":"157.0.1"}
{"cycle":4,"known_intercept_ids":["bbd87a3d-8945-406b-a7a7-aa5b975ce931","e6978cf3-93a4-4305-aafd-adf35bb0324e"],"known_intercepts_absent":true,"mode":"user-context-close-retained-pages","pending":0,"version":"157.0.1"}
{"cycle":5,"known_intercept_ids":["1024a8ba-0dfa-4631-aea2-e12a6ad18a66"],"known_intercepts_absent":true,"mode":"shared-handles-final-drop","pending":0,"version":"157.0.1"}
{"cycle":5,"known_intercept_ids":["d2983d74-c7b3-4776-92a1-29bfb8b64bc2"],"known_intercepts_absent":true,"mode":"page-close-retained-handles","pending":0,"version":"157.0.1"}
{"cycle":5,"known_intercept_ids":["24522708-b989-48c7-ab92-eed2191ff4b6","6f8c3d19-6e21-4f49-9de2-1672f0d209f1"],"known_intercepts_absent":true,"mode":"user-context-close-retained-pages","pending":0,"version":"157.0.1"}
{"cycle":6,"known_intercept_ids":["ce9587fb-2977-4859-a668-2dfa7531b7ae"],"known_intercepts_absent":true,"mode":"shared-handles-final-drop","pending":0,"version":"157.0.1"}
{"cycle":6,"known_intercept_ids":["cb419fa2-8fd9-464d-b277-69637cc4f866"],"known_intercepts_absent":true,"mode":"page-close-retained-handles","pending":0,"version":"157.0.1"}
{"cycle":6,"known_intercept_ids":["d4fb9b2d-ae34-42eb-ac5c-ded833d372dd","cb8b495b-6489-4511-a604-6ec100c32930"],"known_intercepts_absent":true,"mode":"user-context-close-retained-pages","pending":0,"version":"157.0.1"}
{"cycle":7,"known_intercept_ids":["89a6ec31-dfd7-4f41-887c-fcc9d594b1f9"],"known_intercepts_absent":true,"mode":"shared-handles-final-drop","pending":0,"version":"157.0.1"}
{"cycle":7,"known_intercept_ids":["68cf4598-30ac-4746-ad64-4785acd2104f"],"known_intercepts_absent":true,"mode":"page-close-retained-handles","pending":0,"version":"157.0.1"}
{"cycle":7,"known_intercept_ids":["4b392a76-3eff-4ae5-a4a1-a71db7e593e6","a88e23ee-fa79-4b1d-8cb1-d7f6c3132427"],"known_intercepts_absent":true,"mode":"user-context-close-retained-pages","pending":0,"version":"157.0.1"}
{"cycle":8,"known_intercept_ids":["c81a79bc-c731-4c38-9d50-13bb50079381"],"known_intercepts_absent":true,"mode":"shared-handles-final-drop","pending":0,"version":"157.0.1"}
{"cycle":8,"known_intercept_ids":["674d48fb-0e1e-4a0b-820b-7f0ab8e644b7"],"known_intercepts_absent":true,"mode":"page-close-retained-handles","pending":0,"version":"157.0.1"}
{"cycle":8,"known_intercept_ids":["9f0f3817-b087-47b2-bc64-36994857f3c9","ae32a3fb-47c8-4ba8-a213-6aad92d92632"],"known_intercepts_absent":true,"mode":"user-context-close-retained-pages","pending":0,"version":"157.0.1"}
{"cycle":9,"known_intercept_ids":["2aa7ab71-7346-424c-b8f1-b97cd485801f"],"known_intercepts_absent":true,"mode":"shared-handles-final-drop","pending":0,"version":"157.0.1"}
{"cycle":9,"known_intercept_ids":["9f45705e-2ad8-44aa-8a65-bd3b632b0aef"],"known_intercepts_absent":true,"mode":"page-close-retained-handles","pending":0,"version":"157.0.1"}
{"cycle":9,"known_intercept_ids":["a3bfe6d3-9349-4fc4-aeb8-d54b1fe48439","7626b79a-390d-4774-bc48-5b39444e3524"],"known_intercepts_absent":true,"mode":"user-context-close-retained-pages","pending":0,"version":"157.0.1"}
{"cycle":10,"known_intercept_ids":["73802378-f5cc-496d-b7f5-b9096708432e"],"known_intercepts_absent":true,"mode":"shared-handles-final-drop","pending":0,"version":"157.0.1"}
{"cycle":10,"known_intercept_ids":["63954d66-d032-4738-8133-53ae60e84d31"],"known_intercepts_absent":true,"mode":"page-close-retained-handles","pending":0,"version":"157.0.1"}
{"cycle":10,"known_intercept_ids":["cf011942-08a2-416c-8d3c-4b937ae9d586","3179f1b4-5011-45c4-8386-5a89da5a9e62"],"known_intercepts_absent":true,"mode":"user-context-close-retained-pages","pending":0,"version":"157.0.1"}
ok

test result: ok. 4 passed; 0 failed; 0 ignored; 0 measured; 0 filtered out; finished in 28.65s

