[1m[92m   Compiling[0m rustwright-integration-tests v0.1.0 (/home/runner/work/rustwright/rustwright/tests)
[1m[92m    Finished[0m `test` profile [unoptimized + debuginfo] target(s) in 1.46s
[1m[92m     Running[0m http_disconnect.rs (target/debug/deps/http_disconnect-361a0c13e0bab97a)

running 2 tests
test chrome_process_loss_and_manual_restart ... {"cleanup_ms":22.177618,"cycle":1,"engine":"chrome","event_channel_closed":true,"pending_after_loss":0,"pid":45161,"root_exited":true,"version":"Chrome/155.0.8059.39","wake_ms":21.984337999999997}
{"cleanup_ms":20.487588000000002,"cycle":2,"engine":"chrome","event_channel_closed":true,"pending_after_loss":0,"pid":45340,"root_exited":true,"version":"Chrome/155.0.8059.39","wake_ms":20.262800000000002}
{"cleanup_ms":19.712083,"cycle":3,"engine":"chrome","event_channel_closed":true,"pending_after_loss":0,"pid":45516,"root_exited":true,"version":"Chrome/155.0.8059.39","wake_ms":19.494858999999998}
{"cleanup_ms":13.123492,"cycle":4,"engine":"chrome","event_channel_closed":true,"pending_after_loss":0,"pid":45694,"root_exited":true,"version":"Chrome/155.0.8059.39","wake_ms":13.002387}
{"cleanup_ms":24.399449,"cycle":5,"engine":"chrome","event_channel_closed":true,"pending_after_loss":0,"pid":45873,"root_exited":true,"version":"Chrome/155.0.8059.39","wake_ms":24.273756}
{"cleanup_ms":19.542928,"cycle":6,"engine":"chrome","event_channel_closed":true,"pending_after_loss":0,"pid":46043,"root_exited":true,"version":"Chrome/155.0.8059.39","wake_ms":19.02736}
{"cleanup_ms":25.312145,"cycle":7,"engine":"chrome","event_channel_closed":true,"pending_after_loss":0,"pid":46220,"root_exited":true,"version":"Chrome/155.0.8059.39","wake_ms":18.119805}
{"cleanup_ms":24.790045,"cycle":8,"engine":"chrome","event_channel_closed":true,"pending_after_loss":0,"pid":46398,"root_exited":true,"version":"Chrome/155.0.8059.39","wake_ms":24.664912}
{"cleanup_ms":28.405977,"cycle":9,"engine":"chrome","event_channel_closed":true,"pending_after_loss":0,"pid":46577,"root_exited":true,"version":"Chrome/155.0.8059.39","wake_ms":28.281245}
{"cleanup_ms":15.510538,"cycle":10,"engine":"chrome","event_channel_closed":true,"pending_after_loss":0,"pid":46757,"root_exited":true,"version":"Chrome/155.0.8059.39","wake_ms":15.358205}
{"cleanup_ms":18.261861,"cycle":11,"engine":"chrome","event_channel_closed":true,"pending_after_loss":0,"pid":46934,"root_exited":true,"version":"Chrome/155.0.8059.39","wake_ms":18.125417000000002}
{"cleanup_ms":18.394018000000003,"cycle":12,"engine":"chrome","event_channel_closed":true,"pending_after_loss":0,"pid":47110,"root_exited":true,"version":"Chrome/155.0.8059.39","wake_ms":18.184458}
{"cleanup_ms":23.183485,"cycle":13,"engine":"chrome","event_channel_closed":true,"pending_after_loss":0,"pid":47288,"root_exited":true,"version":"Chrome/155.0.8059.39","wake_ms":23.02448}
{"cleanup_ms":18.484787,"cycle":14,"engine":"chrome","event_channel_closed":true,"pending_after_loss":0,"pid":47465,"root_exited":true,"version":"Chrome/155.0.8059.39","wake_ms":18.356328}
{"cleanup_ms":23.626052,"cycle":15,"engine":"chrome","event_channel_closed":true,"pending_after_loss":0,"pid":47643,"root_exited":true,"version":"Chrome/155.0.8059.39","wake_ms":23.49624}
{"cleanup_ms":17.834895,"cycle":16,"engine":"chrome","event_channel_closed":true,"pending_after_loss":0,"pid":47820,"root_exited":true,"version":"Chrome/155.0.8059.39","wake_ms":17.672252999999998}
{"cleanup_ms":24.304343,"cycle":17,"engine":"chrome","event_channel_closed":true,"pending_after_loss":0,"pid":47998,"root_exited":true,"version":"Chrome/155.0.8059.39","wake_ms":24.179160000000003}
{"cleanup_ms":26.144492,"cycle":18,"engine":"chrome","event_channel_closed":true,"pending_after_loss":0,"pid":48175,"root_exited":true,"version":"Chrome/155.0.8059.39","wake_ms":26.014540999999998}
{"cleanup_ms":22.42268,"cycle":19,"engine":"chrome","event_channel_closed":true,"pending_after_loss":0,"pid":48353,"root_exited":true,"version":"Chrome/155.0.8059.39","wake_ms":22.296897}
{"cleanup_ms":21.34135,"cycle":20,"engine":"chrome","event_channel_closed":true,"pending_after_loss":0,"pid":48530,"root_exited":true,"version":"Chrome/155.0.8059.39","wake_ms":21.181583}
{"cleanup_ms":15.416549999999999,"cycle":21,"engine":"chrome","event_channel_closed":true,"pending_after_loss":0,"pid":48706,"root_exited":true,"version":"Chrome/155.0.8059.39","wake_ms":15.284264}
{"cleanup_ms":20.300784,"cycle":22,"engine":"chrome","event_channel_closed":true,"pending_after_loss":0,"pid":48884,"root_exited":true,"version":"Chrome/155.0.8059.39","wake_ms":20.176944}
{"cleanup_ms":21.167106,"cycle":23,"engine":"chrome","event_channel_closed":true,"pending_after_loss":0,"pid":49062,"root_exited":true,"version":"Chrome/155.0.8059.39","wake_ms":21.043025}
{"cleanup_ms":18.203884,"cycle":24,"engine":"chrome","event_channel_closed":true,"pending_after_loss":0,"pid":49241,"root_exited":true,"version":"Chrome/155.0.8059.39","wake_ms":18.055679}
{"cleanup_ms":22.483884999999997,"cycle":25,"engine":"chrome","event_channel_closed":true,"pending_after_loss":0,"pid":49419,"root_exited":true,"version":"Chrome/155.0.8059.39","wake_ms":22.340057}
ok
test firefox_process_loss_and_manual_restart ... {"cleanup_ms":36.203219000000004,"cycle":1,"engine":"firefox","event_channel_closed":true,"pending_after_loss":0,"pid":49597,"root_exited":true,"version":"157.0.1","wake_ms":35.276465}
{"cleanup_ms":33.198293,"cycle":2,"engine":"firefox","event_channel_closed":true,"pending_after_loss":0,"pid":49898,"root_exited":true,"version":"157.0.1","wake_ms":32.793330000000005}
{"cleanup_ms":32.652001,"cycle":3,"engine":"firefox","event_channel_closed":true,"pending_after_loss":0,"pid":50164,"root_exited":true,"version":"157.0.1","wake_ms":31.923607}
{"cleanup_ms":31.661132000000002,"cycle":4,"engine":"firefox","event_channel_closed":true,"pending_after_loss":0,"pid":50488,"root_exited":true,"version":"157.0.1","wake_ms":31.058540999999998}
{"cleanup_ms":33.24238999999999,"cycle":5,"engine":"firefox","event_channel_closed":true,"pending_after_loss":0,"pid":50802,"root_exited":true,"version":"157.0.1","wake_ms":32.545794}
{"cleanup_ms":34.571743000000005,"cycle":6,"engine":"firefox","event_channel_closed":true,"pending_after_loss":0,"pid":51059,"root_exited":true,"version":"157.0.1","wake_ms":34.144238}
{"cleanup_ms":32.243127,"cycle":7,"engine":"firefox","event_channel_closed":true,"pending_after_loss":0,"pid":51368,"root_exited":true,"version":"157.0.1","wake_ms":28.357513}
{"cleanup_ms":28.85715,"cycle":8,"engine":"firefox","event_channel_closed":true,"pending_after_loss":0,"pid":51696,"root_exited":true,"version":"157.0.1","wake_ms":25.966435}
{"cleanup_ms":47.255412,"cycle":9,"engine":"firefox","event_channel_closed":true,"pending_after_loss":0,"pid":51989,"root_exited":true,"version":"157.0.1","wake_ms":46.658080999999996}
{"cleanup_ms":35.019368,"cycle":10,"engine":"firefox","event_channel_closed":true,"pending_after_loss":0,"pid":52318,"root_exited":true,"version":"157.0.1","wake_ms":34.397282000000004}
{"cleanup_ms":30.181267000000002,"cycle":11,"engine":"firefox","event_channel_closed":true,"pending_after_loss":0,"pid":52633,"root_exited":true,"version":"157.0.1","wake_ms":29.465176}
{"cleanup_ms":32.839358,"cycle":12,"engine":"firefox","event_channel_closed":true,"pending_after_loss":0,"pid":52901,"root_exited":true,"version":"157.0.1","wake_ms":32.272875}
{"cleanup_ms":31.161319,"cycle":13,"engine":"firefox","event_channel_closed":true,"pending_after_loss":0,"pid":53166,"root_exited":true,"version":"157.0.1","wake_ms":30.627235}
{"cleanup_ms":32.800467,"cycle":14,"engine":"firefox","event_channel_closed":true,"pending_after_loss":0,"pid":53428,"root_exited":true,"version":"157.0.1","wake_ms":32.171347000000004}
{"cleanup_ms":29.89001,"cycle":15,"engine":"firefox","event_channel_closed":true,"pending_after_loss":0,"pid":53732,"root_exited":true,"version":"157.0.1","wake_ms":29.321513}
{"cleanup_ms":30.550901,"cycle":16,"engine":"firefox","event_channel_closed":true,"pending_after_loss":0,"pid":53999,"root_exited":true,"version":"157.0.1","wake_ms":29.110951999999997}
{"cleanup_ms":34.288607999999996,"cycle":17,"engine":"firefox","event_channel_closed":true,"pending_after_loss":0,"pid":54323,"root_exited":true,"version":"157.0.1","wake_ms":33.671260000000004}
{"cleanup_ms":34.073325000000004,"cycle":18,"engine":"firefox","event_channel_closed":true,"pending_after_loss":0,"pid":54642,"root_exited":true,"version":"157.0.1","wake_ms":33.358005000000006}
{"cleanup_ms":29.478337,"cycle":19,"engine":"firefox","event_channel_closed":true,"pending_after_loss":0,"pid":54956,"root_exited":true,"version":"157.0.1","wake_ms":29.063926}
{"cleanup_ms":33.96894,"cycle":20,"engine":"firefox","event_channel_closed":true,"pending_after_loss":0,"pid":55267,"root_exited":true,"version":"157.0.1","wake_ms":33.390664}
{"cleanup_ms":32.287311,"cycle":21,"engine":"firefox","event_channel_closed":true,"pending_after_loss":0,"pid":55576,"root_exited":true,"version":"157.0.1","wake_ms":31.508161}
{"cleanup_ms":26.585116,"cycle":22,"engine":"firefox","event_channel_closed":true,"pending_after_loss":0,"pid":55889,"root_exited":true,"version":"157.0.1","wake_ms":26.141531}
{"cleanup_ms":36.247217,"cycle":23,"engine":"firefox","event_channel_closed":true,"pending_after_loss":0,"pid":56161,"root_exited":true,"version":"157.0.1","wake_ms":34.556129}
{"cleanup_ms":30.406404000000002,"cycle":24,"engine":"firefox","event_channel_closed":true,"pending_after_loss":0,"pid":56461,"root_exited":true,"version":"157.0.1","wake_ms":29.847663999999998}
{"cleanup_ms":31.857490000000002,"cycle":25,"engine":"firefox","event_channel_closed":true,"pending_after_loss":0,"pid":56779,"root_exited":true,"version":"157.0.1","wake_ms":31.250060000000005}
ok

test result: ok. 2 passed; 0 failed; 0 ignored; 0 measured; 0 filtered out; finished in 68.74s

