[1m[92m   Compiling[0m rustwright-integration-tests v0.1.0 (/home/runner/work/rustwright/rustwright/tests)
[1m[92m    Finished[0m `test` profile [unoptimized + debuginfo] target(s) in 1.90s
[1m[92m     Running[0m http_intercept_lifecycle.rs (target/debug/deps/http_intercept_lifecycle-e4f04b177e9dceb5)

running 4 tests
test firefox_intercept_cancellation_preserves_live_requests_and_prior_rules ... {"cycle":1,"known_intercept_ids":["6acb4086-5c04-4747-9e65-49ea007a576b"],"known_intercepts_absent":true,"mode":"cancel-add-with-blocked-request","pending":0,"version":"157.0.1"}
{"cycle":1,"known_intercept_ids":["50cc1e2a-6a62-4fa3-94eb-bf17c9891eb7"],"known_intercepts_absent":true,"mode":"cancel-clear","pending":0,"version":"157.0.1"}
{"cycle":1,"known_intercept_ids":["312e50b7-7f89-4b9f-89c9-f8982ba170c4","fbd0ec20-cece-45fe-b451-c191bb1ee833","6b8e0637-b801-43f6-8e6d-350779349797"],"known_intercepts_absent":true,"mode":"cancel-phase-upgrade","pending":0,"version":"157.0.1"}
{"cycle":2,"known_intercept_ids":["b022ac23-210d-4089-846c-1521c102e3c1"],"known_intercepts_absent":true,"mode":"cancel-add-with-blocked-request","pending":0,"version":"157.0.1"}
{"cycle":2,"known_intercept_ids":["ea6bb4a6-83a5-4747-ace7-f472d8279e3c"],"known_intercepts_absent":true,"mode":"cancel-clear","pending":0,"version":"157.0.1"}
{"cycle":2,"known_intercept_ids":["881ac26e-c835-4045-b81b-f879e74e121f","68bf50a2-71c2-451a-a4f6-ec2f0800369b","291866e3-2c28-4d49-b698-3220fe4c97a1"],"known_intercepts_absent":true,"mode":"cancel-phase-upgrade","pending":0,"version":"157.0.1"}
{"cycle":3,"known_intercept_ids":["1a8467b7-2293-485c-8ba9-7b32c3391bf1"],"known_intercepts_absent":true,"mode":"cancel-add-with-blocked-request","pending":0,"version":"157.0.1"}
{"cycle":3,"known_intercept_ids":["1aeba55c-e152-4896-9511-dc3ba1482392"],"known_intercepts_absent":true,"mode":"cancel-clear","pending":0,"version":"157.0.1"}
{"cycle":3,"known_intercept_ids":["3630e991-0eac-4442-9ce9-d17345024376","72ec56b7-1770-42d6-8c34-286dc5f6f1f0","2a63dbe7-e573-4903-8bef-6279c3c1804f"],"known_intercepts_absent":true,"mode":"cancel-phase-upgrade","pending":0,"version":"157.0.1"}
{"cycle":4,"known_intercept_ids":["c118627d-718f-4896-921c-3efe65c1dc79"],"known_intercepts_absent":true,"mode":"cancel-add-with-blocked-request","pending":0,"version":"157.0.1"}
{"cycle":4,"known_intercept_ids":["d6bc20d7-cb43-444a-bb00-9b50f7c7c384"],"known_intercepts_absent":true,"mode":"cancel-clear","pending":0,"version":"157.0.1"}
{"cycle":4,"known_intercept_ids":["0ab2f27e-9588-4aa0-8b59-948739d54275","ab86ef21-b354-4fee-a0fa-2482a6a5f5e3","411f92d6-a6fc-4fe5-b00c-42755458cecf"],"known_intercepts_absent":true,"mode":"cancel-phase-upgrade","pending":0,"version":"157.0.1"}
{"cycle":5,"known_intercept_ids":["e6952cbc-7daa-41af-8004-12ecb29634b4"],"known_intercepts_absent":true,"mode":"cancel-add-with-blocked-request","pending":0,"version":"157.0.1"}
{"cycle":5,"known_intercept_ids":["3bda34ac-d502-4628-acb8-f6561127407c"],"known_intercepts_absent":true,"mode":"cancel-clear","pending":0,"version":"157.0.1"}
{"cycle":5,"known_intercept_ids":["4375b3af-2820-4490-9ec9-742a27f3b33f","cbcb4376-250d-4090-b291-1a3eef880cc1","57bd2514-d709-42eb-b402-69be7a73cf78"],"known_intercepts_absent":true,"mode":"cancel-phase-upgrade","pending":0,"version":"157.0.1"}
{"cycle":6,"known_intercept_ids":["a2400d5b-99a2-4272-ad60-9ca4584d844d"],"known_intercepts_absent":true,"mode":"cancel-add-with-blocked-request","pending":0,"version":"157.0.1"}
{"cycle":6,"known_intercept_ids":["9ecbe812-7359-4312-a52f-3fb06849746c"],"known_intercepts_absent":true,"mode":"cancel-clear","pending":0,"version":"157.0.1"}
{"cycle":6,"known_intercept_ids":["3f056144-5518-4f50-9f0d-04f0f6100ff3","06897a7b-8323-4dd2-917b-8861cb6f5c53","ab51da61-ae5f-49b1-8c10-71312653531e"],"known_intercepts_absent":true,"mode":"cancel-phase-upgrade","pending":0,"version":"157.0.1"}
{"cycle":7,"known_intercept_ids":["de73923b-3213-4a27-9db1-ed7bd8353a59"],"known_intercepts_absent":true,"mode":"cancel-add-with-blocked-request","pending":0,"version":"157.0.1"}
{"cycle":7,"known_intercept_ids":["4e22354d-f4a2-492f-88ab-4b8dcea83391"],"known_intercepts_absent":true,"mode":"cancel-clear","pending":0,"version":"157.0.1"}
{"cycle":7,"known_intercept_ids":["f4ebef3e-45c1-47af-a971-244c00a56172","f4407b4c-6f52-442f-ad97-43fec3c51727","788c4a88-a5ae-455c-8eaf-98bcb951a31d"],"known_intercepts_absent":true,"mode":"cancel-phase-upgrade","pending":0,"version":"157.0.1"}
{"cycle":8,"known_intercept_ids":["caf37d58-49f8-409b-abfb-560957569228"],"known_intercepts_absent":true,"mode":"cancel-add-with-blocked-request","pending":0,"version":"157.0.1"}
{"cycle":8,"known_intercept_ids":["ac14c4ba-4a39-4177-a448-f0a92fcce8d5"],"known_intercepts_absent":true,"mode":"cancel-clear","pending":0,"version":"157.0.1"}
{"cycle":8,"known_intercept_ids":["4a9237d5-2644-4c34-b001-1d08545a1e8d","19f6d7d5-d885-414f-9152-50f8631575fb","8ba134d8-950d-4894-8d1a-8720dd1fd841"],"known_intercepts_absent":true,"mode":"cancel-phase-upgrade","pending":0,"version":"157.0.1"}
{"cycle":9,"known_intercept_ids":["5c87dbc3-a80e-4435-a772-7288f2d35efa"],"known_intercepts_absent":true,"mode":"cancel-add-with-blocked-request","pending":0,"version":"157.0.1"}
{"cycle":9,"known_intercept_ids":["d1ec4882-b216-4760-aae7-36dbc3f981b3"],"known_intercepts_absent":true,"mode":"cancel-clear","pending":0,"version":"157.0.1"}
{"cycle":9,"known_intercept_ids":["804b70d1-3e75-464e-9078-c7b27e8d0495","12bff577-d7b7-48a6-9ce5-fb8e23649023","5c279162-3739-4b77-bb41-c4ebf7082ba2"],"known_intercepts_absent":true,"mode":"cancel-phase-upgrade","pending":0,"version":"157.0.1"}
{"cycle":10,"known_intercept_ids":["75f75e18-89fd-4a6a-bd1f-a3b055435d5e"],"known_intercepts_absent":true,"mode":"cancel-add-with-blocked-request","pending":0,"version":"157.0.1"}
{"cycle":10,"known_intercept_ids":["9d164a1b-357c-4ffe-a012-08d1666fb03c"],"known_intercepts_absent":true,"mode":"cancel-clear","pending":0,"version":"157.0.1"}
{"cycle":10,"known_intercept_ids":["02fb9d24-c189-4e2e-ba88-fab3924d0055","35d191c5-2c2c-4d64-95e6-a1d40d6b6b1a","ac41e077-4ecd-432d-85ee-f71073838892"],"known_intercepts_absent":true,"mode":"cancel-phase-upgrade","pending":0,"version":"157.0.1"}
ok
test firefox_phase_expansion_keeps_prior_rules_usable_before_acknowledgment ... {"cycle":1,"known_intercept_ids":["b666546f-f90a-4fbf-95bf-d41f1ed389f0","8e0f152d-c49f-40bd-9826-42d3ecfc9508"],"known_intercepts_absent":true,"mode":"active-rules-during-phase-upgrade","pending":0,"version":"157.0.1"}
{"cycle":2,"known_intercept_ids":["cc7b3638-77e9-49e8-b999-f2c0a91115cb","167dc176-6947-4618-85af-a6d12c6b68bd"],"known_intercepts_absent":true,"mode":"active-rules-during-phase-upgrade","pending":0,"version":"157.0.1"}
{"cycle":3,"known_intercept_ids":["03f7f890-6dc5-43a1-8655-999a5491db39","81046cfd-8f04-4c94-8075-f83c6cab865c"],"known_intercepts_absent":true,"mode":"active-rules-during-phase-upgrade","pending":0,"version":"157.0.1"}
{"cycle":4,"known_intercept_ids":["473ac829-fcde-4b53-a775-856c8b87a566","f5aa8d00-3709-4306-99ec-f01591975ff4"],"known_intercepts_absent":true,"mode":"active-rules-during-phase-upgrade","pending":0,"version":"157.0.1"}
{"cycle":5,"known_intercept_ids":["7cd77075-7d0f-4365-ba50-eb34a1d7f22f","08167103-c041-4353-8af2-54f9fce066cf"],"known_intercepts_absent":true,"mode":"active-rules-during-phase-upgrade","pending":0,"version":"157.0.1"}
{"cycle":6,"known_intercept_ids":["f37b8359-0cd4-44bb-b3e7-9c1a6bde4212","8f1e3d46-ad26-4618-966c-d521777a68a7"],"known_intercepts_absent":true,"mode":"active-rules-during-phase-upgrade","pending":0,"version":"157.0.1"}
{"cycle":7,"known_intercept_ids":["9b893756-68bf-4a1a-a5af-d47260579818","c1e1f0df-0b25-452e-acdd-9305f9923e1d"],"known_intercepts_absent":true,"mode":"active-rules-during-phase-upgrade","pending":0,"version":"157.0.1"}
{"cycle":8,"known_intercept_ids":["58e5cca8-d011-4b99-87c2-8663b06b30ff","0994d592-9c42-4ca1-9736-9b277766d7f8"],"known_intercepts_absent":true,"mode":"active-rules-during-phase-upgrade","pending":0,"version":"157.0.1"}
{"cycle":9,"known_intercept_ids":["7f6c76da-6752-4b9a-af02-f3431626fbc1","e14f756a-8830-4ce4-9d05-6bcdcf62f8a8"],"known_intercepts_absent":true,"mode":"active-rules-during-phase-upgrade","pending":0,"version":"157.0.1"}
{"cycle":10,"known_intercept_ids":["5a9822a2-e4b9-4b09-bacd-8e3ce62e6791","d1a65131-3959-4191-aad5-3d76d556b80d"],"known_intercepts_absent":true,"mode":"active-rules-during-phase-upgrade","pending":0,"version":"157.0.1"}
ok
test firefox_routing_phases_and_child_frame_requests_remain_functional ... {"cycle":1,"known_intercept_ids":["3c3f9013-d1da-444a-9d3e-90d6894368b9","f0db063c-4340-4aa8-a356-b1f666ca725e"],"known_intercepts_absent":true,"mode":"request-response-child-frame","pending":0,"version":"157.0.1"}
ok
test firefox_shared_handles_drop_and_close_retire_only_owned_intercepts ... {"cycle":1,"known_intercept_ids":["48e6b5eb-69dd-4bac-becf-ced8318ca465"],"known_intercepts_absent":true,"mode":"shared-handles-final-drop","pending":0,"version":"157.0.1"}
{"cycle":1,"known_intercept_ids":["bbb54787-067b-4f25-ac14-f4f52f11df2c"],"known_intercepts_absent":true,"mode":"page-close-retained-handles","pending":0,"version":"157.0.1"}
{"cycle":1,"known_intercept_ids":["d3ff0c0f-fce7-4679-99e6-a438aeae0e7f","1be1229e-4351-473f-b32e-dfce024cbe0a"],"known_intercepts_absent":true,"mode":"user-context-close-retained-pages","pending":0,"version":"157.0.1"}
{"cycle":2,"known_intercept_ids":["81fc7909-49c2-4908-a47d-8f3e4a462700"],"known_intercepts_absent":true,"mode":"shared-handles-final-drop","pending":0,"version":"157.0.1"}
{"cycle":2,"known_intercept_ids":["820499c3-5fa0-4361-b4e3-b023a0d90423"],"known_intercepts_absent":true,"mode":"page-close-retained-handles","pending":0,"version":"157.0.1"}
{"cycle":2,"known_intercept_ids":["c665efef-c64b-4ebf-a6db-300d906f0513","c57fdcb9-90a3-4e7d-a402-7ed91c566ffb"],"known_intercepts_absent":true,"mode":"user-context-close-retained-pages","pending":0,"version":"157.0.1"}
{"cycle":3,"known_intercept_ids":["861b87ff-fd48-4ed1-9232-f15a361bd71e"],"known_intercepts_absent":true,"mode":"shared-handles-final-drop","pending":0,"version":"157.0.1"}
{"cycle":3,"known_intercept_ids":["a9f877e7-4acf-44b3-833f-48684c932ee2"],"known_intercepts_absent":true,"mode":"page-close-retained-handles","pending":0,"version":"157.0.1"}
{"cycle":3,"known_intercept_ids":["ec8464f6-cd57-4158-940a-9f681d57302f","b44b4193-e5c1-4800-8757-57d49b45c430"],"known_intercepts_absent":true,"mode":"user-context-close-retained-pages","pending":0,"version":"157.0.1"}
{"cycle":4,"known_intercept_ids":["bcff6de1-64e5-4d46-aa81-5e75d671cd4e"],"known_intercepts_absent":true,"mode":"shared-handles-final-drop","pending":0,"version":"157.0.1"}
{"cycle":4,"known_intercept_ids":["563cf663-840e-456d-baa1-97946f548b9d"],"known_intercepts_absent":true,"mode":"page-close-retained-handles","pending":0,"version":"157.0.1"}
{"cycle":4,"known_intercept_ids":["97d8b436-767b-49c6-ba36-312d2415af4d","e8a67b49-29f1-4843-88a9-205e05cdad3d"],"known_intercepts_absent":true,"mode":"user-context-close-retained-pages","pending":0,"version":"157.0.1"}
{"cycle":5,"known_intercept_ids":["ad4eec0f-d241-4479-bd63-e48f39104c2d"],"known_intercepts_absent":true,"mode":"shared-handles-final-drop","pending":0,"version":"157.0.1"}
{"cycle":5,"known_intercept_ids":["aaa67bac-70b5-43ff-9a25-ffa08740710d"],"known_intercepts_absent":true,"mode":"page-close-retained-handles","pending":0,"version":"157.0.1"}
{"cycle":5,"known_intercept_ids":["a80bebf0-82b0-422d-9370-801240fcb6d3","38c795d4-7f32-4ef0-84ea-7be2f03a01d9"],"known_intercepts_absent":true,"mode":"user-context-close-retained-pages","pending":0,"version":"157.0.1"}
{"cycle":6,"known_intercept_ids":["7f630e78-285e-4913-887c-529d143cb774"],"known_intercepts_absent":true,"mode":"shared-handles-final-drop","pending":0,"version":"157.0.1"}
{"cycle":6,"known_intercept_ids":["88ed3fb0-0799-4d3b-a8aa-393c5b6904ee"],"known_intercepts_absent":true,"mode":"page-close-retained-handles","pending":0,"version":"157.0.1"}
{"cycle":6,"known_intercept_ids":["576c7daf-ed35-441e-a6ab-ee7011ef67e4","bfbe14d9-940a-4811-9dc9-3012aac5dd4c"],"known_intercepts_absent":true,"mode":"user-context-close-retained-pages","pending":0,"version":"157.0.1"}
{"cycle":7,"known_intercept_ids":["c2259ed0-81bc-4f75-9950-e357d05a811e"],"known_intercepts_absent":true,"mode":"shared-handles-final-drop","pending":0,"version":"157.0.1"}
{"cycle":7,"known_intercept_ids":["8c537143-f50d-481b-ac02-ccb9b81390d3"],"known_intercepts_absent":true,"mode":"page-close-retained-handles","pending":0,"version":"157.0.1"}
{"cycle":7,"known_intercept_ids":["7f5d14e4-c3f9-4648-836e-bdb0ce7ed37a","e0775105-9611-4d16-999d-215c1592a2df"],"known_intercepts_absent":true,"mode":"user-context-close-retained-pages","pending":0,"version":"157.0.1"}
{"cycle":8,"known_intercept_ids":["252080d6-d7be-471f-a7aa-a7d010c69a41"],"known_intercepts_absent":true,"mode":"shared-handles-final-drop","pending":0,"version":"157.0.1"}
{"cycle":8,"known_intercept_ids":["8824a276-4169-4d91-9e67-5ddbd9e0a539"],"known_intercepts_absent":true,"mode":"page-close-retained-handles","pending":0,"version":"157.0.1"}
{"cycle":8,"known_intercept_ids":["baa5d291-73cc-49de-bfc4-d867646fb4f9","d04d7b49-8366-4b7a-bfd1-8152522767ae"],"known_intercepts_absent":true,"mode":"user-context-close-retained-pages","pending":0,"version":"157.0.1"}
{"cycle":9,"known_intercept_ids":["2d96a69a-dac2-4373-a044-fd7f5f04574c"],"known_intercepts_absent":true,"mode":"shared-handles-final-drop","pending":0,"version":"157.0.1"}
{"cycle":9,"known_intercept_ids":["533952b7-7c7b-4a7d-a8cd-5a2a786cebbb"],"known_intercepts_absent":true,"mode":"page-close-retained-handles","pending":0,"version":"157.0.1"}
{"cycle":9,"known_intercept_ids":["c485e253-eaaf-4559-9015-ee953bf6d147","2942ef99-40e3-4696-946b-bb49ab532aee"],"known_intercepts_absent":true,"mode":"user-context-close-retained-pages","pending":0,"version":"157.0.1"}
{"cycle":10,"known_intercept_ids":["9d5f9e5f-fcc6-41a6-ba08-8fe165a7c109"],"known_intercepts_absent":true,"mode":"shared-handles-final-drop","pending":0,"version":"157.0.1"}
{"cycle":10,"known_intercept_ids":["b94aa32f-6a19-4068-888e-92162ce7dbdf"],"known_intercepts_absent":true,"mode":"page-close-retained-handles","pending":0,"version":"157.0.1"}
{"cycle":10,"known_intercept_ids":["b87b65c8-bef0-4b8b-bef0-436c4bae9ed7","845cd618-31f1-47b9-9dc3-b048a11dba6c"],"known_intercepts_absent":true,"mode":"user-context-close-retained-pages","pending":0,"version":"157.0.1"}
ok

test result: ok. 4 passed; 0 failed; 0 ignored; 0 measured; 0 filtered out; finished in 26.11s

