[1m[92m   Compiling[0m rustwright-integration-tests v0.1.0 (/home/runner/work/rustwright/rustwright/tests)
[1m[92m    Finished[0m `test` profile [unoptimized + debuginfo] target(s) in 1.36s
[1m[92m     Running[0m http_disconnect.rs (target/debug/deps/http_disconnect-361a0c13e0bab97a)

running 2 tests
test chrome_process_loss_and_manual_restart ... {"cleanup_ms":16.269319,"cycle":1,"engine":"chrome","event_channel_closed":true,"pending_after_loss":0,"pid":36457,"root_exited":true,"version":"Chrome/155.0.8059.39","wake_ms":16.065407}
{"cleanup_ms":23.285832,"cycle":2,"engine":"chrome","event_channel_closed":true,"pending_after_loss":0,"pid":36635,"root_exited":true,"version":"Chrome/155.0.8059.39","wake_ms":23.124038}
{"cleanup_ms":21.035014,"cycle":3,"engine":"chrome","event_channel_closed":true,"pending_after_loss":0,"pid":36812,"root_exited":true,"version":"Chrome/155.0.8059.39","wake_ms":20.911552999999998}
{"cleanup_ms":13.835394,"cycle":4,"engine":"chrome","event_channel_closed":true,"pending_after_loss":0,"pid":36988,"root_exited":true,"version":"Chrome/155.0.8059.39","wake_ms":13.714527}
{"cleanup_ms":23.431685,"cycle":5,"engine":"chrome","event_channel_closed":true,"pending_after_loss":0,"pid":37162,"root_exited":true,"version":"Chrome/155.0.8059.39","wake_ms":23.301932}
{"cleanup_ms":19.612433,"cycle":6,"engine":"chrome","event_channel_closed":true,"pending_after_loss":0,"pid":37339,"root_exited":true,"version":"Chrome/155.0.8059.39","wake_ms":19.474875}
{"cleanup_ms":22.700942,"cycle":7,"engine":"chrome","event_channel_closed":true,"pending_after_loss":0,"pid":37514,"root_exited":true,"version":"Chrome/155.0.8059.39","wake_ms":22.575937}
{"cleanup_ms":27.422511,"cycle":8,"engine":"chrome","event_channel_closed":true,"pending_after_loss":0,"pid":37694,"root_exited":true,"version":"Chrome/155.0.8059.39","wake_ms":27.291715}
{"cleanup_ms":21.25115,"cycle":9,"engine":"chrome","event_channel_closed":true,"pending_after_loss":0,"pid":37872,"root_exited":true,"version":"Chrome/155.0.8059.39","wake_ms":21.131526}
{"cleanup_ms":29.414531,"cycle":10,"engine":"chrome","event_channel_closed":true,"pending_after_loss":0,"pid":38050,"root_exited":true,"version":"Chrome/155.0.8059.39","wake_ms":29.290829000000002}
{"cleanup_ms":27.474469000000003,"cycle":11,"engine":"chrome","event_channel_closed":true,"pending_after_loss":0,"pid":38227,"root_exited":true,"version":"Chrome/155.0.8059.39","wake_ms":27.349142999999998}
{"cleanup_ms":16.941765,"cycle":12,"engine":"chrome","event_channel_closed":true,"pending_after_loss":0,"pid":38403,"root_exited":true,"version":"Chrome/155.0.8059.39","wake_ms":16.808916}
{"cleanup_ms":24.267235000000003,"cycle":13,"engine":"chrome","event_channel_closed":true,"pending_after_loss":0,"pid":38581,"root_exited":true,"version":"Chrome/155.0.8059.39","wake_ms":24.109869}
{"cleanup_ms":14.544675,"cycle":14,"engine":"chrome","event_channel_closed":true,"pending_after_loss":0,"pid":38760,"root_exited":true,"version":"Chrome/155.0.8059.39","wake_ms":14.414221}
{"cleanup_ms":14.157385,"cycle":15,"engine":"chrome","event_channel_closed":true,"pending_after_loss":0,"pid":38940,"root_exited":true,"version":"Chrome/155.0.8059.39","wake_ms":14.012553}
{"cleanup_ms":17.040349,"cycle":16,"engine":"chrome","event_channel_closed":true,"pending_after_loss":0,"pid":39117,"root_exited":true,"version":"Chrome/155.0.8059.39","wake_ms":16.943617}
{"cleanup_ms":12.776953,"cycle":17,"engine":"chrome","event_channel_closed":true,"pending_after_loss":0,"pid":39295,"root_exited":true,"version":"Chrome/155.0.8059.39","wake_ms":12.651307000000001}
{"cleanup_ms":27.034068,"cycle":18,"engine":"chrome","event_channel_closed":true,"pending_after_loss":0,"pid":39473,"root_exited":true,"version":"Chrome/155.0.8059.39","wake_ms":26.913281}
{"cleanup_ms":21.095644,"cycle":19,"engine":"chrome","event_channel_closed":true,"pending_after_loss":0,"pid":39651,"root_exited":true,"version":"Chrome/155.0.8059.39","wake_ms":20.96569}
{"cleanup_ms":29.291517,"cycle":20,"engine":"chrome","event_channel_closed":true,"pending_after_loss":0,"pid":39825,"root_exited":true,"version":"Chrome/155.0.8059.39","wake_ms":28.706307}
{"cleanup_ms":21.165144,"cycle":21,"engine":"chrome","event_channel_closed":true,"pending_after_loss":0,"pid":40002,"root_exited":true,"version":"Chrome/155.0.8059.39","wake_ms":20.804407}
{"cleanup_ms":20.453438000000002,"cycle":22,"engine":"chrome","event_channel_closed":true,"pending_after_loss":0,"pid":40179,"root_exited":true,"version":"Chrome/155.0.8059.39","wake_ms":20.328202}
{"cleanup_ms":22.399862,"cycle":23,"engine":"chrome","event_channel_closed":true,"pending_after_loss":0,"pid":40355,"root_exited":true,"version":"Chrome/155.0.8059.39","wake_ms":22.27627}
{"cleanup_ms":20.4497,"cycle":24,"engine":"chrome","event_channel_closed":true,"pending_after_loss":0,"pid":40533,"root_exited":true,"version":"Chrome/155.0.8059.39","wake_ms":20.315528}
{"cleanup_ms":24.600204,"cycle":25,"engine":"chrome","event_channel_closed":true,"pending_after_loss":0,"pid":40711,"root_exited":true,"version":"Chrome/155.0.8059.39","wake_ms":24.45969}
ok
test firefox_process_loss_and_manual_restart ... {"cleanup_ms":31.511964000000003,"cycle":1,"engine":"firefox","event_channel_closed":true,"pending_after_loss":0,"pid":40891,"root_exited":true,"version":"157.0.1","wake_ms":31.346944}
{"cleanup_ms":31.486536,"cycle":2,"engine":"firefox","event_channel_closed":true,"pending_after_loss":0,"pid":41217,"root_exited":true,"version":"157.0.1","wake_ms":31.298702999999996}
{"cleanup_ms":28.391721,"cycle":3,"engine":"firefox","event_channel_closed":true,"pending_after_loss":0,"pid":41479,"root_exited":true,"version":"157.0.1","wake_ms":28.250275}
{"cleanup_ms":27.372359,"cycle":4,"engine":"firefox","event_channel_closed":true,"pending_after_loss":0,"pid":41754,"root_exited":true,"version":"157.0.1","wake_ms":27.164730000000002}
{"cleanup_ms":26.376703000000003,"cycle":5,"engine":"firefox","event_channel_closed":true,"pending_after_loss":0,"pid":42074,"root_exited":true,"version":"157.0.1","wake_ms":26.226671}
{"cleanup_ms":37.912781,"cycle":6,"engine":"firefox","event_channel_closed":true,"pending_after_loss":0,"pid":42336,"root_exited":true,"version":"157.0.1","wake_ms":37.75797}
{"cleanup_ms":25.187279,"cycle":7,"engine":"firefox","event_channel_closed":true,"pending_after_loss":0,"pid":42661,"root_exited":true,"version":"157.0.1","wake_ms":24.990288999999997}
{"cleanup_ms":44.52489,"cycle":8,"engine":"firefox","event_channel_closed":true,"pending_after_loss":0,"pid":42916,"root_exited":true,"version":"157.0.1","wake_ms":44.376411}
{"cleanup_ms":30.575762,"cycle":9,"engine":"firefox","event_channel_closed":true,"pending_after_loss":0,"pid":43239,"root_exited":true,"version":"157.0.1","wake_ms":30.410311}
{"cleanup_ms":29.968049999999998,"cycle":10,"engine":"firefox","event_channel_closed":true,"pending_after_loss":0,"pid":43574,"root_exited":true,"version":"157.0.1","wake_ms":29.781169}
{"cleanup_ms":31.872266000000003,"cycle":11,"engine":"firefox","event_channel_closed":true,"pending_after_loss":0,"pid":43845,"root_exited":true,"version":"157.0.1","wake_ms":31.655990000000003}
{"cleanup_ms":30.620195,"cycle":12,"engine":"firefox","event_channel_closed":true,"pending_after_loss":0,"pid":44117,"root_exited":true,"version":"157.0.1","wake_ms":30.409959999999998}
{"cleanup_ms":35.06571700000001,"cycle":13,"engine":"firefox","event_channel_closed":true,"pending_after_loss":0,"pid":44439,"root_exited":true,"version":"157.0.1","wake_ms":34.776854}
{"cleanup_ms":44.929117,"cycle":14,"engine":"firefox","event_channel_closed":true,"pending_after_loss":0,"pid":44761,"root_exited":true,"version":"157.0.1","wake_ms":44.777502}
{"cleanup_ms":30.381704,"cycle":15,"engine":"firefox","event_channel_closed":true,"pending_after_loss":0,"pid":45057,"root_exited":true,"version":"157.0.1","wake_ms":30.233194}
{"cleanup_ms":34.817454,"cycle":16,"engine":"firefox","event_channel_closed":true,"pending_after_loss":0,"pid":45307,"root_exited":true,"version":"157.0.1","wake_ms":34.694914}
{"cleanup_ms":28.450962999999998,"cycle":17,"engine":"firefox","event_channel_closed":true,"pending_after_loss":0,"pid":45654,"root_exited":true,"version":"157.0.1","wake_ms":28.299405999999998}
{"cleanup_ms":36.168479000000005,"cycle":18,"engine":"firefox","event_channel_closed":true,"pending_after_loss":0,"pid":45937,"root_exited":true,"version":"157.0.1","wake_ms":36.004411}
{"cleanup_ms":39.834469999999996,"cycle":19,"engine":"firefox","event_channel_closed":true,"pending_after_loss":0,"pid":46217,"root_exited":true,"version":"157.0.1","wake_ms":38.945081}
{"cleanup_ms":28.821546,"cycle":20,"engine":"firefox","event_channel_closed":true,"pending_after_loss":0,"pid":46560,"root_exited":true,"version":"157.0.1","wake_ms":28.534036}
{"cleanup_ms":33.078936000000006,"cycle":21,"engine":"firefox","event_channel_closed":true,"pending_after_loss":0,"pid":46839,"root_exited":true,"version":"157.0.1","wake_ms":32.931844000000005}
{"cleanup_ms":33.157790999999996,"cycle":22,"engine":"firefox","event_channel_closed":true,"pending_after_loss":0,"pid":47169,"root_exited":true,"version":"157.0.1","wake_ms":32.980738}
{"cleanup_ms":34.200093,"cycle":23,"engine":"firefox","event_channel_closed":true,"pending_after_loss":0,"pid":47440,"root_exited":true,"version":"157.0.1","wake_ms":34.040272}
{"cleanup_ms":36.125917,"cycle":24,"engine":"firefox","event_channel_closed":true,"pending_after_loss":0,"pid":47708,"root_exited":true,"version":"157.0.1","wake_ms":35.97329}
{"cleanup_ms":29.114835,"cycle":25,"engine":"firefox","event_channel_closed":true,"pending_after_loss":0,"pid":47965,"root_exited":true,"version":"157.0.1","wake_ms":28.968168}
ok

test result: ok. 2 passed; 0 failed; 0 ignored; 0 measured; 0 filtered out; finished in 65.47s

