[1m[92m   Compiling[0m rustwright-integration-tests v0.1.0 (/home/runner/work/rustwright/rustwright/tests)
[1m[92m    Finished[0m `test` profile [unoptimized + debuginfo] target(s) in 2.36s
[1m[92m     Running[0m http_frames.rs (target/debug/deps/http_frames-e413dec6df770dc8)

running 67 tests
test checkbox_actions_wait_for_the_same_click_checks ... ok
test click_accepts_descendants_and_native_fieldset_legend_exceptions ... ok
test click_deadline_bounds_a_stalled_preparation_promise ... ok
test click_deadline_includes_a_missing_frame ... ok
test click_does_not_intercept_an_overlay_above_the_iframe ... ok
test click_handles_a_one_pixel_target ... ok
test click_maps_an_offscreen_iframe_to_root_viewport_coordinates ... ok
test click_preserves_javascript_and_closed_page_errors ... ok
test click_rechecks_overlay_created_on_hover ... ok
test click_reresolves_target_replaced_on_hover ... ok
test click_scrolls_an_offscreen_target_into_view ... ok
test click_timeout_reports_disabled_and_intercepted_targets_without_clicking ... ok
test click_waits_until_aria_disabled_ancestor_is_enabled ... ok
test click_waits_until_button_is_enabled ... ok
test click_waits_until_button_stops_moving ... ok
test click_waits_until_overlay_disappears ... ok
test click_waits_until_parent_fieldset_is_enabled ... ok
test cross_origin_frame_with_another_port_fills_and_submits ... ok
test cross_site_already_loaded_frame_is_initialized_when_connecting ... ok
test cross_site_click_checks_parent_overlays_and_transformed_scrolled_coordinates ... ok
test cross_site_click_retries_when_its_renderer_detaches_during_preparation ... ok
test cross_site_frame_fills_and_submits ... ok
test cross_site_frame_keeps_working_after_reload_and_swaps_back_to_the_parent_site ... ok
test cross_site_frame_removal_cleans_up_and_a_new_frame_can_be_resolved ... ok
test cross_site_frame_wait_survives_a_process_swap ... ok
test cross_site_isolated_worlds_do_not_replace_default_context_and_errors_propagate ... ok
test cross_site_nested_renderer_click_maps_both_frame_boundaries ... ok
test cross_site_network_block_is_inherited_and_clear_restores_requests ... ok
test cross_site_network_diagnostics_capture_initial_request_and_response_body ... ok
test cross_site_network_diagnostics_capture_mocked_responses_and_blocked_failures ... ok
test cross_site_network_diagnostics_capture_nested_renderer_bodies ... ok
test cross_site_network_diagnostics_follow_reloads_and_repeated_process_swaps ... ok
test cross_site_network_diagnostics_keep_concurrent_parent_and_child_bodies_separate ... ok
test cross_site_network_diagnostics_retain_detached_requests_without_reusing_the_parent_session ... ok
test cross_site_network_existing_child_adds_clears_and_readds_mocks ... ok
test cross_site_network_gate_blocks_the_first_request_on_return_to_parent ... ok
test cross_site_network_gate_changes_the_first_response_header_on_return_to_parent ... ok
test cross_site_network_gate_covers_fetch_and_xhr_on_repeated_returns_without_server_access ... ok
test cross_site_network_gate_restores_the_first_request_when_nested_child_returns_to_outer ... ok
test cross_site_network_gate_resumes_application_debugger_statements_and_clears_cleanly ... ok
test cross_site_network_mock_is_inherited_before_child_scripts_run ... ok
test cross_site_network_mock_overrides_previously_cached_responses ... ok
test cross_site_network_nested_child_inherits_routes_and_clear_reaches_every_renderer ... ok
test cross_site_network_request_headers_apply_to_child_without_losing_original_headers ... ok
test cross_site_network_response_stage_upgrades_existing_and_new_children ... ok
test cross_site_network_route_changes_and_child_attachment_are_serialized ... ok
test cross_site_network_rules_cover_first_script_requests_after_process_swaps ... ok
test cross_site_sibling_sessions_do_not_mix_contexts ... ok
test fills_and_clicks_in_a_frame_added_after_the_action_starts ... ok
test frame_wait_deadline_also_bounds_the_child_element_wait ... ok
test frame_wait_includes_iframe_resolution_in_its_deadline ... ok
test frame_wait_preserves_javascript_errors ... ok
test frame_wait_propagates_closed_page_errors_without_waiting_for_timeout ... ok
test geometry_click_finds_an_uncovered_point_away_from_the_center ... ok
test geometry_click_handles_a_clip_path_with_an_occluded_center ... ok
test geometry_click_handles_a_rotated_element_clipped_by_the_viewport ... ok
test geometry_click_handles_a_transformed_iframe ... ok
test geometry_click_handles_overflow_clipping ... ok
test geometry_click_handles_perspective_transforms ... ok
test geometry_click_selects_an_uncovered_point_on_a_rotated_target ... ok
test geometry_click_uses_an_uncovered_inline_fragment ... ok
test geometry_click_waits_for_transform_changes_with_identical_bounding_rects ... ok
test network_gate_cancelled_updates_finish_before_later_cleanup_or_reconfiguration ... ok
test network_gate_is_inert_for_other_debuggers_after_routes_are_cleared ... ok
test network_gate_keeps_cached_resources_mocked_across_navigation_and_frame_returns ... ok
test waiting_locator_survives_frame_navigation ... ok
test waits_for_the_frame_document_to_load ... ok

test result: ok. 67 passed; 0 failed; 0 ignored; 0 measured; 0 filtered out; finished in 58.91s

