[1m[92m   Compiling[0m rustwright-integration-tests v0.1.0 (/home/runner/work/rustwright/rustwright/tests)
[1m[92m    Finished[0m `test` profile [unoptimized + debuginfo] target(s) in 1.54s
[1m[92m     Running[0m http_disconnect.rs (target/debug/deps/http_disconnect-361a0c13e0bab97a)

running 2 tests
test chrome_process_loss_and_manual_restart ... {"cleanup_ms":19.535790000000002,"cycle":1,"engine":"chrome","event_channel_closed":true,"pending_after_loss":0,"pid":42808,"root_exited":true,"version":"Chrome/155.0.8059.39","wake_ms":18.964159000000002}
{"cleanup_ms":14.01328,"cycle":2,"engine":"chrome","event_channel_closed":true,"pending_after_loss":0,"pid":42982,"root_exited":true,"version":"Chrome/155.0.8059.39","wake_ms":13.893626}
{"cleanup_ms":19.085507,"cycle":3,"engine":"chrome","event_channel_closed":true,"pending_after_loss":0,"pid":43159,"root_exited":true,"version":"Chrome/155.0.8059.39","wake_ms":18.958068}
{"cleanup_ms":21.032703,"cycle":4,"engine":"chrome","event_channel_closed":true,"pending_after_loss":0,"pid":43335,"root_exited":true,"version":"Chrome/155.0.8059.39","wake_ms":20.904433}
{"cleanup_ms":24.404436,"cycle":5,"engine":"chrome","event_channel_closed":true,"pending_after_loss":0,"pid":43512,"root_exited":true,"version":"Chrome/155.0.8059.39","wake_ms":24.030315}
{"cleanup_ms":14.338655000000001,"cycle":6,"engine":"chrome","event_channel_closed":true,"pending_after_loss":0,"pid":43687,"root_exited":true,"version":"Chrome/155.0.8059.39","wake_ms":14.20755}
{"cleanup_ms":17.434593000000003,"cycle":7,"engine":"chrome","event_channel_closed":true,"pending_after_loss":0,"pid":43866,"root_exited":true,"version":"Chrome/155.0.8059.39","wake_ms":17.296775}
{"cleanup_ms":17.939005,"cycle":8,"engine":"chrome","event_channel_closed":true,"pending_after_loss":0,"pid":44045,"root_exited":true,"version":"Chrome/155.0.8059.39","wake_ms":17.572899}
{"cleanup_ms":17.239444,"cycle":9,"engine":"chrome","event_channel_closed":true,"pending_after_loss":0,"pid":44223,"root_exited":true,"version":"Chrome/155.0.8059.39","wake_ms":17.108178000000002}
{"cleanup_ms":15.054131,"cycle":10,"engine":"chrome","event_channel_closed":true,"pending_after_loss":0,"pid":44402,"root_exited":true,"version":"Chrome/155.0.8059.39","wake_ms":14.924267}
{"cleanup_ms":21.147498000000002,"cycle":11,"engine":"chrome","event_channel_closed":true,"pending_after_loss":0,"pid":44582,"root_exited":true,"version":"Chrome/155.0.8059.39","wake_ms":21.001164}
{"cleanup_ms":21.233839,"cycle":12,"engine":"chrome","event_channel_closed":true,"pending_after_loss":0,"pid":44760,"root_exited":true,"version":"Chrome/155.0.8059.39","wake_ms":21.100299}
{"cleanup_ms":20.720969999999998,"cycle":13,"engine":"chrome","event_channel_closed":true,"pending_after_loss":0,"pid":44939,"root_exited":true,"version":"Chrome/155.0.8059.39","wake_ms":20.586218}
{"cleanup_ms":19.729127,"cycle":14,"engine":"chrome","event_channel_closed":true,"pending_after_loss":0,"pid":45117,"root_exited":true,"version":"Chrome/155.0.8059.39","wake_ms":19.600015}
{"cleanup_ms":17.252568999999998,"cycle":15,"engine":"chrome","event_channel_closed":true,"pending_after_loss":0,"pid":45291,"root_exited":true,"version":"Chrome/155.0.8059.39","wake_ms":17.127315}
{"cleanup_ms":16.381155,"cycle":16,"engine":"chrome","event_channel_closed":true,"pending_after_loss":0,"pid":45470,"root_exited":true,"version":"Chrome/155.0.8059.39","wake_ms":16.247214}
{"cleanup_ms":26.613021,"cycle":17,"engine":"chrome","event_channel_closed":true,"pending_after_loss":0,"pid":45649,"root_exited":true,"version":"Chrome/155.0.8059.39","wake_ms":26.486843999999998}
{"cleanup_ms":26.134584,"cycle":18,"engine":"chrome","event_channel_closed":true,"pending_after_loss":0,"pid":45825,"root_exited":true,"version":"Chrome/155.0.8059.39","wake_ms":25.993951000000003}
{"cleanup_ms":20.446188,"cycle":19,"engine":"chrome","event_channel_closed":true,"pending_after_loss":0,"pid":46003,"root_exited":true,"version":"Chrome/155.0.8059.39","wake_ms":20.306296000000003}
{"cleanup_ms":20.345370000000003,"cycle":20,"engine":"chrome","event_channel_closed":true,"pending_after_loss":0,"pid":46180,"root_exited":true,"version":"Chrome/155.0.8059.39","wake_ms":20.214916}
{"cleanup_ms":24.839757,"cycle":21,"engine":"chrome","event_channel_closed":true,"pending_after_loss":0,"pid":46356,"root_exited":true,"version":"Chrome/155.0.8059.39","wake_ms":24.709142}
{"cleanup_ms":27.401193,"cycle":22,"engine":"chrome","event_channel_closed":true,"pending_after_loss":0,"pid":46533,"root_exited":true,"version":"Chrome/155.0.8059.39","wake_ms":27.274135}
{"cleanup_ms":33.239418,"cycle":23,"engine":"chrome","event_channel_closed":true,"pending_after_loss":0,"pid":46710,"root_exited":true,"version":"Chrome/155.0.8059.39","wake_ms":33.0805}
{"cleanup_ms":17.981173,"cycle":24,"engine":"chrome","event_channel_closed":true,"pending_after_loss":0,"pid":46888,"root_exited":true,"version":"Chrome/155.0.8059.39","wake_ms":17.850428}
{"cleanup_ms":22.254680999999998,"cycle":25,"engine":"chrome","event_channel_closed":true,"pending_after_loss":0,"pid":47066,"root_exited":true,"version":"Chrome/155.0.8059.39","wake_ms":22.119929}
ok
test firefox_process_loss_and_manual_restart ... {"cleanup_ms":37.582612000000005,"cycle":1,"engine":"firefox","event_channel_closed":true,"pending_after_loss":0,"pid":47246,"root_exited":true,"version":"157.0.1","wake_ms":36.324817}
{"cleanup_ms":34.373457,"cycle":2,"engine":"firefox","event_channel_closed":true,"pending_after_loss":0,"pid":47576,"root_exited":true,"version":"157.0.1","wake_ms":33.8252}
{"cleanup_ms":34.595679,"cycle":3,"engine":"firefox","event_channel_closed":true,"pending_after_loss":0,"pid":47844,"root_exited":true,"version":"157.0.1","wake_ms":32.919941}
{"cleanup_ms":35.873573,"cycle":4,"engine":"firefox","event_channel_closed":true,"pending_after_loss":0,"pid":48186,"root_exited":true,"version":"157.0.1","wake_ms":35.095045}
{"cleanup_ms":31.382976,"cycle":5,"engine":"firefox","event_channel_closed":true,"pending_after_loss":0,"pid":48491,"root_exited":true,"version":"157.0.1","wake_ms":30.780297}
{"cleanup_ms":36.228306,"cycle":6,"engine":"firefox","event_channel_closed":true,"pending_after_loss":0,"pid":48762,"root_exited":true,"version":"157.0.1","wake_ms":35.627501}
{"cleanup_ms":32.285733,"cycle":7,"engine":"firefox","event_channel_closed":true,"pending_after_loss":0,"pid":49081,"root_exited":true,"version":"157.0.1","wake_ms":31.743588000000003}
{"cleanup_ms":34.50461,"cycle":8,"engine":"firefox","event_channel_closed":true,"pending_after_loss":0,"pid":49382,"root_exited":true,"version":"157.0.1","wake_ms":33.903714}
{"cleanup_ms":32.373489,"cycle":9,"engine":"firefox","event_channel_closed":true,"pending_after_loss":0,"pid":49709,"root_exited":true,"version":"157.0.1","wake_ms":31.759830000000004}
{"cleanup_ms":36.678568,"cycle":10,"engine":"firefox","event_channel_closed":true,"pending_after_loss":0,"pid":50037,"root_exited":true,"version":"157.0.1","wake_ms":36.095416}
{"cleanup_ms":33.822700999999995,"cycle":11,"engine":"firefox","event_channel_closed":true,"pending_after_loss":0,"pid":50312,"root_exited":true,"version":"157.0.1","wake_ms":33.215534}
{"cleanup_ms":34.726447,"cycle":12,"engine":"firefox","event_channel_closed":true,"pending_after_loss":0,"pid":50632,"root_exited":true,"version":"157.0.1","wake_ms":33.936668000000004}
{"cleanup_ms":33.576645,"cycle":13,"engine":"firefox","event_channel_closed":true,"pending_after_loss":0,"pid":50940,"root_exited":true,"version":"157.0.1","wake_ms":33.063694}
{"cleanup_ms":36.153163,"cycle":14,"engine":"firefox","event_channel_closed":true,"pending_after_loss":0,"pid":51198,"root_exited":true,"version":"157.0.1","wake_ms":35.541007}
{"cleanup_ms":33.559858999999996,"cycle":15,"engine":"firefox","event_channel_closed":true,"pending_after_loss":0,"pid":51460,"root_exited":true,"version":"157.0.1","wake_ms":33.129754}
{"cleanup_ms":33.499225,"cycle":16,"engine":"firefox","event_channel_closed":true,"pending_after_loss":0,"pid":51769,"root_exited":true,"version":"157.0.1","wake_ms":32.939397}
{"cleanup_ms":42.303885,"cycle":17,"engine":"firefox","event_channel_closed":true,"pending_after_loss":0,"pid":52087,"root_exited":true,"version":"157.0.1","wake_ms":41.383962000000004}
{"cleanup_ms":33.447479,"cycle":18,"engine":"firefox","event_channel_closed":true,"pending_after_loss":0,"pid":52420,"root_exited":true,"version":"157.0.1","wake_ms":32.736478}
{"cleanup_ms":29.311722,"cycle":19,"engine":"firefox","event_channel_closed":true,"pending_after_loss":0,"pid":52697,"root_exited":true,"version":"157.0.1","wake_ms":28.703182}
{"cleanup_ms":33.376720999999996,"cycle":20,"engine":"firefox","event_channel_closed":true,"pending_after_loss":0,"pid":52996,"root_exited":true,"version":"157.0.1","wake_ms":28.651137}
{"cleanup_ms":41.585459,"cycle":21,"engine":"firefox","event_channel_closed":true,"pending_after_loss":0,"pid":53299,"root_exited":true,"version":"157.0.1","wake_ms":40.902009}
{"cleanup_ms":33.018638,"cycle":22,"engine":"firefox","event_channel_closed":true,"pending_after_loss":0,"pid":53627,"root_exited":true,"version":"157.0.1","wake_ms":32.398576999999996}
{"cleanup_ms":34.575668,"cycle":23,"engine":"firefox","event_channel_closed":true,"pending_after_loss":0,"pid":53935,"root_exited":true,"version":"157.0.1","wake_ms":33.480588}
{"cleanup_ms":33.64528,"cycle":24,"engine":"firefox","event_channel_closed":true,"pending_after_loss":0,"pid":54260,"root_exited":true,"version":"157.0.1","wake_ms":33.134533}
{"cleanup_ms":35.300493,"cycle":25,"engine":"firefox","event_channel_closed":true,"pending_after_loss":0,"pid":54574,"root_exited":true,"version":"157.0.1","wake_ms":34.540681}
ok

test result: ok. 2 passed; 0 failed; 0 ignored; 0 measured; 0 filtered out; finished in 69.09s

