[1m[92m   Compiling[0m rustwright-integration-tests v0.1.0 (/home/runner/work/rustwright/rustwright/tests)
[1m[92m    Finished[0m `test` profile [unoptimized + debuginfo] target(s) in 1.98s
[1m[92m     Running[0m http_intercept_lifecycle.rs (target/debug/deps/http_intercept_lifecycle-e4f04b177e9dceb5)

running 4 tests
test firefox_intercept_cancellation_preserves_live_requests_and_prior_rules ... {"cycle":1,"known_intercept_ids":["ef96e79a-64ae-49f5-925c-3c834be5ac5f"],"known_intercepts_absent":true,"mode":"cancel-add-with-blocked-request","pending":0,"version":"157.0.1"}
{"cycle":1,"known_intercept_ids":["9c46d5c1-849b-4cf4-b7c6-e61e34920779"],"known_intercepts_absent":true,"mode":"cancel-clear","pending":0,"version":"157.0.1"}
{"cycle":1,"known_intercept_ids":["3b88bd3b-71ed-4b09-873e-d8f7c3210742","b29f0e47-4589-4e1d-9da1-32322c171831","4daa9631-74be-4903-a96d-52babb54d77f"],"known_intercepts_absent":true,"mode":"cancel-phase-upgrade","pending":0,"version":"157.0.1"}
{"cycle":2,"known_intercept_ids":["9df516d7-2ad6-4547-acb0-fb41bddd5ed1"],"known_intercepts_absent":true,"mode":"cancel-add-with-blocked-request","pending":0,"version":"157.0.1"}
{"cycle":2,"known_intercept_ids":["d18e1481-9e08-4756-b0b1-348f721e21bf"],"known_intercepts_absent":true,"mode":"cancel-clear","pending":0,"version":"157.0.1"}
{"cycle":2,"known_intercept_ids":["701f3f6f-88e3-4700-a9cf-7edd07502311","386bf1a6-e155-4a3c-8ea1-6d201fed8047","1dc884c0-9896-4f4d-b0ec-58f4c25c1717"],"known_intercepts_absent":true,"mode":"cancel-phase-upgrade","pending":0,"version":"157.0.1"}
{"cycle":3,"known_intercept_ids":["a917168e-77dd-4937-bc97-1a6bccc091dc"],"known_intercepts_absent":true,"mode":"cancel-add-with-blocked-request","pending":0,"version":"157.0.1"}
{"cycle":3,"known_intercept_ids":["ad04d623-5571-4748-86a8-8d750d65e068"],"known_intercepts_absent":true,"mode":"cancel-clear","pending":0,"version":"157.0.1"}
{"cycle":3,"known_intercept_ids":["4f04876a-5fe0-43f4-993a-eb0b0d7040c6","3ef752fd-f6bd-473e-ab3e-f0f75d9a0138","67902943-d4b3-46a5-9931-5f5356e71e6b"],"known_intercepts_absent":true,"mode":"cancel-phase-upgrade","pending":0,"version":"157.0.1"}
{"cycle":4,"known_intercept_ids":["e814eb68-76ac-42b4-97db-2bed03e4f96f"],"known_intercepts_absent":true,"mode":"cancel-add-with-blocked-request","pending":0,"version":"157.0.1"}
{"cycle":4,"known_intercept_ids":["84a7d0ee-ce0c-440f-a5fe-061df1e71eaa"],"known_intercepts_absent":true,"mode":"cancel-clear","pending":0,"version":"157.0.1"}
{"cycle":4,"known_intercept_ids":["8356df27-e152-4af4-b3e0-42d680715b03","e2d35064-918f-4846-b35e-c5ebc1aac4af","a4fad5fe-d617-48da-98b4-23c32fd496b1"],"known_intercepts_absent":true,"mode":"cancel-phase-upgrade","pending":0,"version":"157.0.1"}
{"cycle":5,"known_intercept_ids":["aaa1d5df-6ed7-479e-bbff-e1d6301fcc0b"],"known_intercepts_absent":true,"mode":"cancel-add-with-blocked-request","pending":0,"version":"157.0.1"}
{"cycle":5,"known_intercept_ids":["f736caed-6cf9-41f6-9b74-60c95b9fda13"],"known_intercepts_absent":true,"mode":"cancel-clear","pending":0,"version":"157.0.1"}
{"cycle":5,"known_intercept_ids":["7f62454d-8fae-44ed-a12a-17663d5e3bd1","159a01b6-980a-456f-8c56-1b9afdded3e7","ee99f166-a04a-47fa-8400-04122f2456e0"],"known_intercepts_absent":true,"mode":"cancel-phase-upgrade","pending":0,"version":"157.0.1"}
{"cycle":6,"known_intercept_ids":["3c31a63a-7a82-4c0b-9292-a8daa7f5897a"],"known_intercepts_absent":true,"mode":"cancel-add-with-blocked-request","pending":0,"version":"157.0.1"}
{"cycle":6,"known_intercept_ids":["67ebc435-ddfb-41c1-9282-d1be28f2abd7"],"known_intercepts_absent":true,"mode":"cancel-clear","pending":0,"version":"157.0.1"}
{"cycle":6,"known_intercept_ids":["53476f94-8f1d-4e85-9f42-e6d01f34b14a","5737f10b-2195-468e-ac27-db020aa75d52","4077b0d5-db65-4800-ba95-860138082437"],"known_intercepts_absent":true,"mode":"cancel-phase-upgrade","pending":0,"version":"157.0.1"}
{"cycle":7,"known_intercept_ids":["ac8efe12-acc5-47d7-ac2e-aa875245b326"],"known_intercepts_absent":true,"mode":"cancel-add-with-blocked-request","pending":0,"version":"157.0.1"}
{"cycle":7,"known_intercept_ids":["0971d5ae-066c-42f5-a53d-b279c487d3e1"],"known_intercepts_absent":true,"mode":"cancel-clear","pending":0,"version":"157.0.1"}
{"cycle":7,"known_intercept_ids":["5ba0dd40-d2b9-4fab-acfa-b0bdc4344ee4","7f59779d-414e-4f2e-870b-b1d2d961039c","42998288-6467-4c92-a62e-4744ce880431"],"known_intercepts_absent":true,"mode":"cancel-phase-upgrade","pending":0,"version":"157.0.1"}
{"cycle":8,"known_intercept_ids":["b5f8507f-ad6a-4a6a-91d6-a438ac3ec111"],"known_intercepts_absent":true,"mode":"cancel-add-with-blocked-request","pending":0,"version":"157.0.1"}
{"cycle":8,"known_intercept_ids":["09f803a0-513e-4ff2-bf8f-d31c4059f815"],"known_intercepts_absent":true,"mode":"cancel-clear","pending":0,"version":"157.0.1"}
{"cycle":8,"known_intercept_ids":["1123dcce-e5f1-4b4d-85b6-0622c6581a6d","4d14e8c5-5bd1-4367-bf5a-1647983afc40","b829303f-840c-495a-8363-56a496575e05"],"known_intercepts_absent":true,"mode":"cancel-phase-upgrade","pending":0,"version":"157.0.1"}
{"cycle":9,"known_intercept_ids":["889c8cd7-edd0-4ccb-b065-d9ccd2d086bc"],"known_intercepts_absent":true,"mode":"cancel-add-with-blocked-request","pending":0,"version":"157.0.1"}
{"cycle":9,"known_intercept_ids":["3f3fb614-629a-4842-960a-d43617932508"],"known_intercepts_absent":true,"mode":"cancel-clear","pending":0,"version":"157.0.1"}
{"cycle":9,"known_intercept_ids":["0a71053a-e094-4350-ab9b-3fa8c364af2d","46118a48-86d5-4002-800d-3ce387da60b8","03052f01-ad37-40a7-9c89-57a9f699435b"],"known_intercepts_absent":true,"mode":"cancel-phase-upgrade","pending":0,"version":"157.0.1"}
{"cycle":10,"known_intercept_ids":["8e3c9268-3c83-4688-8ef3-9d2a473937c3"],"known_intercepts_absent":true,"mode":"cancel-add-with-blocked-request","pending":0,"version":"157.0.1"}
{"cycle":10,"known_intercept_ids":["69139a02-645b-4fba-94b0-a4fe569ebbb4"],"known_intercepts_absent":true,"mode":"cancel-clear","pending":0,"version":"157.0.1"}
{"cycle":10,"known_intercept_ids":["f4e9c814-2117-48ef-ac66-554183c5881e","bd223b87-76ea-400d-b037-da25d9ebb66d","2efc2bdf-a601-40c2-b7a5-9d03a3a68754"],"known_intercepts_absent":true,"mode":"cancel-phase-upgrade","pending":0,"version":"157.0.1"}
ok
test firefox_phase_expansion_keeps_prior_rules_usable_before_acknowledgment ... {"cycle":1,"known_intercept_ids":["d4a0539d-4543-47f6-af42-e707e8e83d5c","4b20f47c-19cb-41c3-b497-0ce307301391"],"known_intercepts_absent":true,"mode":"active-rules-during-phase-upgrade","pending":0,"version":"157.0.1"}
{"cycle":2,"known_intercept_ids":["a01b9300-bd63-48d1-aa7c-35341db6ffb9","d73e5f01-c755-4487-9622-8a63e118ff99"],"known_intercepts_absent":true,"mode":"active-rules-during-phase-upgrade","pending":0,"version":"157.0.1"}
{"cycle":3,"known_intercept_ids":["892b3169-a0bc-4750-8358-8123a616d519","57d30422-7520-4b78-9bf7-3a1ad46210b3"],"known_intercepts_absent":true,"mode":"active-rules-during-phase-upgrade","pending":0,"version":"157.0.1"}
{"cycle":4,"known_intercept_ids":["86a72689-7588-45d4-a86d-1c0c2bb28523","1d2a4bfd-57b0-4471-9947-5fe9f77d72d3"],"known_intercepts_absent":true,"mode":"active-rules-during-phase-upgrade","pending":0,"version":"157.0.1"}
{"cycle":5,"known_intercept_ids":["51e056cc-5c3e-4f47-8333-5752cfd0ad85","c6fd329a-57c9-4f66-a650-8f6908d43832"],"known_intercepts_absent":true,"mode":"active-rules-during-phase-upgrade","pending":0,"version":"157.0.1"}
{"cycle":6,"known_intercept_ids":["2de53311-03d2-48bd-8a81-f31bda4b874c","d8e9559a-df01-423a-b7a1-8a6ec593b97c"],"known_intercepts_absent":true,"mode":"active-rules-during-phase-upgrade","pending":0,"version":"157.0.1"}
{"cycle":7,"known_intercept_ids":["b97b4033-c0ae-4373-b8b7-103485dbeda0","f80e618a-943e-4736-866b-b5b0eee5ffa2"],"known_intercepts_absent":true,"mode":"active-rules-during-phase-upgrade","pending":0,"version":"157.0.1"}
{"cycle":8,"known_intercept_ids":["0113deee-3554-4497-a581-52b8fccd19f9","99c2c99d-a2e1-409f-bbb1-e1b10247f779"],"known_intercepts_absent":true,"mode":"active-rules-during-phase-upgrade","pending":0,"version":"157.0.1"}
{"cycle":9,"known_intercept_ids":["91b39130-41b8-4610-9f0d-9c83e73b3c98","630783c9-4955-4582-bb77-8fc02cda938c"],"known_intercepts_absent":true,"mode":"active-rules-during-phase-upgrade","pending":0,"version":"157.0.1"}
{"cycle":10,"known_intercept_ids":["6ca8be28-6e43-4515-884e-fbabe6bc7017","291da36c-1887-440c-b999-1e6a6e1f4735"],"known_intercepts_absent":true,"mode":"active-rules-during-phase-upgrade","pending":0,"version":"157.0.1"}
ok
test firefox_routing_phases_and_child_frame_requests_remain_functional ... {"cycle":1,"known_intercept_ids":["a409acb4-6e4b-4a8f-8066-e949bb2eac77","414d9ae9-7042-4d8f-870f-948daf4d4265"],"known_intercepts_absent":true,"mode":"request-response-child-frame","pending":0,"version":"157.0.1"}
ok
test firefox_shared_handles_drop_and_close_retire_only_owned_intercepts ... {"cycle":1,"known_intercept_ids":["eb4479d9-31ea-4891-a1fb-cc47713cf84e"],"known_intercepts_absent":true,"mode":"shared-handles-final-drop","pending":0,"version":"157.0.1"}
{"cycle":1,"known_intercept_ids":["c5e42eb4-c93a-403c-bd77-ade69c447614"],"known_intercepts_absent":true,"mode":"page-close-retained-handles","pending":0,"version":"157.0.1"}
{"cycle":1,"known_intercept_ids":["f7253f40-088e-4dc3-bcc5-b8f0b669642d","0404717c-7ac7-4536-9ea2-85cd8f987ec7"],"known_intercepts_absent":true,"mode":"user-context-close-retained-pages","pending":0,"version":"157.0.1"}
{"cycle":2,"known_intercept_ids":["e9c806fb-53df-4b30-be59-b9c86a3a1bf4"],"known_intercepts_absent":true,"mode":"shared-handles-final-drop","pending":0,"version":"157.0.1"}
{"cycle":2,"known_intercept_ids":["387bc8fc-ce6a-4cd0-a43b-180135904766"],"known_intercepts_absent":true,"mode":"page-close-retained-handles","pending":0,"version":"157.0.1"}
{"cycle":2,"known_intercept_ids":["417e327d-4199-444d-9560-69c3d62d39dd","2b53cca8-1754-4658-b851-bf67c1a12ab6"],"known_intercepts_absent":true,"mode":"user-context-close-retained-pages","pending":0,"version":"157.0.1"}
{"cycle":3,"known_intercept_ids":["1582e734-0cbe-4d60-ba47-14174e773880"],"known_intercepts_absent":true,"mode":"shared-handles-final-drop","pending":0,"version":"157.0.1"}
{"cycle":3,"known_intercept_ids":["76889dce-2e99-4dc0-9182-599987d4e5a2"],"known_intercepts_absent":true,"mode":"page-close-retained-handles","pending":0,"version":"157.0.1"}
{"cycle":3,"known_intercept_ids":["eb42a51d-45eb-4532-bbce-e8e3c19953d4","2829b5d8-04bc-408a-8997-4c7b61d7caf7"],"known_intercepts_absent":true,"mode":"user-context-close-retained-pages","pending":0,"version":"157.0.1"}
{"cycle":4,"known_intercept_ids":["4ce83ed4-b423-4780-b0a9-f8b9e3fd835c"],"known_intercepts_absent":true,"mode":"shared-handles-final-drop","pending":0,"version":"157.0.1"}
{"cycle":4,"known_intercept_ids":["d82989c6-1906-4a3c-a8cd-dbde0d067ef0"],"known_intercepts_absent":true,"mode":"page-close-retained-handles","pending":0,"version":"157.0.1"}
{"cycle":4,"known_intercept_ids":["a89d04ff-fed9-471c-838e-541adb54e13c","192a6e74-4cb6-4590-8d88-9dc90965eb1e"],"known_intercepts_absent":true,"mode":"user-context-close-retained-pages","pending":0,"version":"157.0.1"}
{"cycle":5,"known_intercept_ids":["59520522-6bb9-4ab4-a888-0d63fc3de48a"],"known_intercepts_absent":true,"mode":"shared-handles-final-drop","pending":0,"version":"157.0.1"}
{"cycle":5,"known_intercept_ids":["262f1ba4-2fae-4fb9-83de-d85e30464de4"],"known_intercepts_absent":true,"mode":"page-close-retained-handles","pending":0,"version":"157.0.1"}
{"cycle":5,"known_intercept_ids":["dbda8e25-2316-46e2-9831-c8e9a4b6cbd1","7bfe1c56-9a8b-40a3-8f6a-880a9667aef6"],"known_intercepts_absent":true,"mode":"user-context-close-retained-pages","pending":0,"version":"157.0.1"}
{"cycle":6,"known_intercept_ids":["8db94655-9078-4f1b-9607-56519b12d24d"],"known_intercepts_absent":true,"mode":"shared-handles-final-drop","pending":0,"version":"157.0.1"}
{"cycle":6,"known_intercept_ids":["a4fd557d-c57b-478e-9ee8-e393014fa417"],"known_intercepts_absent":true,"mode":"page-close-retained-handles","pending":0,"version":"157.0.1"}
{"cycle":6,"known_intercept_ids":["4fc71735-7e45-42f6-a230-6f0dde5b71e9","53582f6f-6eca-4ea3-bca3-a1a370c6bc9a"],"known_intercepts_absent":true,"mode":"user-context-close-retained-pages","pending":0,"version":"157.0.1"}
{"cycle":7,"known_intercept_ids":["3163b858-6ea4-47d6-9aa5-bf3bf5b8e016"],"known_intercepts_absent":true,"mode":"shared-handles-final-drop","pending":0,"version":"157.0.1"}
{"cycle":7,"known_intercept_ids":["72982dbf-2945-46fe-beae-21a51649ed5d"],"known_intercepts_absent":true,"mode":"page-close-retained-handles","pending":0,"version":"157.0.1"}
{"cycle":7,"known_intercept_ids":["cfd0261e-e208-4811-a9e6-2a8344e86435","c63ce2ef-723c-42a1-bbcb-817203da75f3"],"known_intercepts_absent":true,"mode":"user-context-close-retained-pages","pending":0,"version":"157.0.1"}
{"cycle":8,"known_intercept_ids":["73313e18-8b1f-4283-954a-d61199da3399"],"known_intercepts_absent":true,"mode":"shared-handles-final-drop","pending":0,"version":"157.0.1"}
{"cycle":8,"known_intercept_ids":["c97c6ec5-6092-471b-847c-0fb6c54d5258"],"known_intercepts_absent":true,"mode":"page-close-retained-handles","pending":0,"version":"157.0.1"}
{"cycle":8,"known_intercept_ids":["6afc0efe-452e-4d57-b0f0-80c2801e3e3a","20ccb2b5-05b7-4601-9f1c-af224d4a5a1c"],"known_intercepts_absent":true,"mode":"user-context-close-retained-pages","pending":0,"version":"157.0.1"}
{"cycle":9,"known_intercept_ids":["9ed1ce06-d3a2-4929-8324-f7660fe1d0cd"],"known_intercepts_absent":true,"mode":"shared-handles-final-drop","pending":0,"version":"157.0.1"}
{"cycle":9,"known_intercept_ids":["62f6278c-38dc-44f1-9aed-c64b91cda1eb"],"known_intercepts_absent":true,"mode":"page-close-retained-handles","pending":0,"version":"157.0.1"}
{"cycle":9,"known_intercept_ids":["5a8df6c7-000d-41fb-92ee-11d78a81613b","ce085b32-a371-4828-928a-bd4f8c46024f"],"known_intercepts_absent":true,"mode":"user-context-close-retained-pages","pending":0,"version":"157.0.1"}
{"cycle":10,"known_intercept_ids":["d90c4abc-48b2-4524-8bfc-2031d344a320"],"known_intercepts_absent":true,"mode":"shared-handles-final-drop","pending":0,"version":"157.0.1"}
{"cycle":10,"known_intercept_ids":["c0e6384e-6e1b-46c9-b40d-af22ae6d622f"],"known_intercepts_absent":true,"mode":"page-close-retained-handles","pending":0,"version":"157.0.1"}
{"cycle":10,"known_intercept_ids":["5deec318-82fc-48fa-8b10-141efd52e75e","f9a957c6-cb36-4763-a496-31db49ad5510"],"known_intercepts_absent":true,"mode":"user-context-close-retained-pages","pending":0,"version":"157.0.1"}
ok

test result: ok. 4 passed; 0 failed; 0 ignored; 0 measured; 0 filtered out; finished in 28.60s

