[1m[92m   Compiling[0m rustwright-integration-tests v0.1.0 (/home/runner/work/rustwright/rustwright/tests)
[1m[92m    Finished[0m `test` profile [unoptimized + debuginfo] target(s) in 2.02s
[1m[92m     Running[0m http_intercept_lifecycle.rs (target/debug/deps/http_intercept_lifecycle-e4f04b177e9dceb5)

running 4 tests
test firefox_intercept_cancellation_preserves_live_requests_and_prior_rules ... {"cycle":1,"known_intercept_ids":["daf98ad7-2263-48db-8256-a49f2dc0ffc6"],"known_intercepts_absent":true,"mode":"cancel-add-with-blocked-request","pending":0,"version":"157.0.1"}
{"cycle":1,"known_intercept_ids":["c83a968e-b172-4e9e-bf34-95b18395e9df"],"known_intercepts_absent":true,"mode":"cancel-clear","pending":0,"version":"157.0.1"}
{"cycle":1,"known_intercept_ids":["caabbcfc-831a-4a18-89d4-37ae6b9c07c2","65da9b78-b9af-4f86-9020-6d54e94339a1","9e084b75-7dde-4820-ac51-73a8e2293b0b"],"known_intercepts_absent":true,"mode":"cancel-phase-upgrade","pending":0,"version":"157.0.1"}
{"cycle":2,"known_intercept_ids":["7651accf-578a-45de-8038-542648495592"],"known_intercepts_absent":true,"mode":"cancel-add-with-blocked-request","pending":0,"version":"157.0.1"}
{"cycle":2,"known_intercept_ids":["54cd92c7-8285-43cc-bb76-89fb8d914b68"],"known_intercepts_absent":true,"mode":"cancel-clear","pending":0,"version":"157.0.1"}
{"cycle":2,"known_intercept_ids":["31e68a27-1b9d-49cf-affe-5f9c7b108f7d","ef5d0d70-b4d1-4340-8229-018536ee76b0","d0aecb4a-94cb-4a2b-b528-a24594435050"],"known_intercepts_absent":true,"mode":"cancel-phase-upgrade","pending":0,"version":"157.0.1"}
{"cycle":3,"known_intercept_ids":["47d757bd-249f-4904-89f8-81f53ae3efe3"],"known_intercepts_absent":true,"mode":"cancel-add-with-blocked-request","pending":0,"version":"157.0.1"}
{"cycle":3,"known_intercept_ids":["3e562abb-c2ab-47ad-abf5-8de35d121ece"],"known_intercepts_absent":true,"mode":"cancel-clear","pending":0,"version":"157.0.1"}
{"cycle":3,"known_intercept_ids":["f1c4141d-84ae-4273-989c-ab50d8ac16a7","156a8194-1bda-46c0-8db3-236de09726b3","25576cd6-9bfd-4a22-880c-d2da14c834a2"],"known_intercepts_absent":true,"mode":"cancel-phase-upgrade","pending":0,"version":"157.0.1"}
{"cycle":4,"known_intercept_ids":["376f7c3a-0a7e-42b5-b3cd-e4b6dd756776"],"known_intercepts_absent":true,"mode":"cancel-add-with-blocked-request","pending":0,"version":"157.0.1"}
{"cycle":4,"known_intercept_ids":["be1ab0d7-d8ce-450a-9004-7fc82867ade4"],"known_intercepts_absent":true,"mode":"cancel-clear","pending":0,"version":"157.0.1"}
{"cycle":4,"known_intercept_ids":["14959bb0-8a61-4761-a89f-64b2069b7295","b5b07b35-f9b9-41fb-abdc-75e65e48ff0b","a12eb610-faa6-4ba2-a73b-242518732617"],"known_intercepts_absent":true,"mode":"cancel-phase-upgrade","pending":0,"version":"157.0.1"}
{"cycle":5,"known_intercept_ids":["b915383a-330b-4a69-8b2a-e02f29c52bf4"],"known_intercepts_absent":true,"mode":"cancel-add-with-blocked-request","pending":0,"version":"157.0.1"}
{"cycle":5,"known_intercept_ids":["ee068a4f-ebb6-424d-b31d-ea688f6f7e8f"],"known_intercepts_absent":true,"mode":"cancel-clear","pending":0,"version":"157.0.1"}
{"cycle":5,"known_intercept_ids":["32a4300d-0e44-4c3e-b705-3525c7509a4a","a2e03f61-c296-47e4-873f-218c094fc351","5dec792a-da40-494b-b199-ee8999a993cb"],"known_intercepts_absent":true,"mode":"cancel-phase-upgrade","pending":0,"version":"157.0.1"}
{"cycle":6,"known_intercept_ids":["717c9eb8-a498-4c75-a3ac-0dfd67ba256c"],"known_intercepts_absent":true,"mode":"cancel-add-with-blocked-request","pending":0,"version":"157.0.1"}
{"cycle":6,"known_intercept_ids":["0194cfa7-3ffe-4b0b-9cfe-400630a97ede"],"known_intercepts_absent":true,"mode":"cancel-clear","pending":0,"version":"157.0.1"}
{"cycle":6,"known_intercept_ids":["ec05c98d-953c-4e2c-99c6-57b446d5b0c8","a985ff58-12bd-469b-b568-c1968bcc6953","535f3629-47e8-457c-a4af-7036dd957205"],"known_intercepts_absent":true,"mode":"cancel-phase-upgrade","pending":0,"version":"157.0.1"}
{"cycle":7,"known_intercept_ids":["0a9be843-fd42-4b58-bb89-da04b5b57660"],"known_intercepts_absent":true,"mode":"cancel-add-with-blocked-request","pending":0,"version":"157.0.1"}
{"cycle":7,"known_intercept_ids":["b24a3e6a-ab92-4a76-93d5-1b051a7f6ba0"],"known_intercepts_absent":true,"mode":"cancel-clear","pending":0,"version":"157.0.1"}
{"cycle":7,"known_intercept_ids":["3991c6ec-6a37-4ac6-981a-556004c7c808","b90193f6-2826-4c33-9355-0a8b4d42d163","1c93ccf2-6b0b-4bcd-bdef-f3c93f568736"],"known_intercepts_absent":true,"mode":"cancel-phase-upgrade","pending":0,"version":"157.0.1"}
{"cycle":8,"known_intercept_ids":["05307fa3-cb2d-4406-888e-f7531d146451"],"known_intercepts_absent":true,"mode":"cancel-add-with-blocked-request","pending":0,"version":"157.0.1"}
{"cycle":8,"known_intercept_ids":["c25ac968-f7be-4e36-8cd3-a987be494038"],"known_intercepts_absent":true,"mode":"cancel-clear","pending":0,"version":"157.0.1"}
{"cycle":8,"known_intercept_ids":["93acfa0d-d5a8-42c1-95f4-c203ea68ca61","9a6dafb7-871c-4a2b-b2c9-15bf84daf4c7","2ee44e2f-c0dc-432e-a4c0-0779b57e52c1"],"known_intercepts_absent":true,"mode":"cancel-phase-upgrade","pending":0,"version":"157.0.1"}
{"cycle":9,"known_intercept_ids":["1d5ec545-2ae0-4ce5-b523-9a07b73fa330"],"known_intercepts_absent":true,"mode":"cancel-add-with-blocked-request","pending":0,"version":"157.0.1"}
{"cycle":9,"known_intercept_ids":["5ea06dd5-3589-48b0-8398-ea3b7b52152e"],"known_intercepts_absent":true,"mode":"cancel-clear","pending":0,"version":"157.0.1"}
{"cycle":9,"known_intercept_ids":["b6b34f0c-b285-450d-8fc7-5b2cdba62fee","740a8afb-4475-4c1c-a056-89319cda2e36","450151f9-a4a8-4e4a-aa23-645be04bf09f"],"known_intercepts_absent":true,"mode":"cancel-phase-upgrade","pending":0,"version":"157.0.1"}
{"cycle":10,"known_intercept_ids":["e54008e2-3491-40b9-a29d-1ea53dbcf968"],"known_intercepts_absent":true,"mode":"cancel-add-with-blocked-request","pending":0,"version":"157.0.1"}
{"cycle":10,"known_intercept_ids":["c02b526e-39c0-481b-a023-b3705bbabdf1"],"known_intercepts_absent":true,"mode":"cancel-clear","pending":0,"version":"157.0.1"}
{"cycle":10,"known_intercept_ids":["53c7b845-2297-47a2-9990-f721e82bd4a6","5a48a840-3864-42ac-bbd1-169e8f9c743c","95bcf7fd-cf88-4291-aa46-5ca1cbc7c1f3"],"known_intercepts_absent":true,"mode":"cancel-phase-upgrade","pending":0,"version":"157.0.1"}
ok
test firefox_phase_expansion_keeps_prior_rules_usable_before_acknowledgment ... {"cycle":1,"known_intercept_ids":["2b4fc03a-b252-43fb-a075-e9e77dd93fd1","a145989d-35d2-4cc7-9850-f9338bac54a7"],"known_intercepts_absent":true,"mode":"active-rules-during-phase-upgrade","pending":0,"version":"157.0.1"}
{"cycle":2,"known_intercept_ids":["66c72e3e-dd30-4589-9dc4-5a48c23929e4","d2d8e767-5872-4ef3-acc6-467774b374ee"],"known_intercepts_absent":true,"mode":"active-rules-during-phase-upgrade","pending":0,"version":"157.0.1"}
{"cycle":3,"known_intercept_ids":["b2359a3c-3960-42cc-90d3-1a7fbb709745","1e76e563-cd9d-42e0-ae94-531fed3ef3b7"],"known_intercepts_absent":true,"mode":"active-rules-during-phase-upgrade","pending":0,"version":"157.0.1"}
{"cycle":4,"known_intercept_ids":["a15279d5-de3a-4368-982b-ae3a9a88e532","ce44794a-056d-4140-b23b-5315338167bd"],"known_intercepts_absent":true,"mode":"active-rules-during-phase-upgrade","pending":0,"version":"157.0.1"}
{"cycle":5,"known_intercept_ids":["318b390d-ec3d-4dc0-bb36-d3d10bbd1629","f79371e5-8d5f-40d6-ab0a-e93c9480bd81"],"known_intercepts_absent":true,"mode":"active-rules-during-phase-upgrade","pending":0,"version":"157.0.1"}
{"cycle":6,"known_intercept_ids":["661b5217-30f3-48e3-9d56-dac4be34b934","b23cd576-0cca-41d2-8e50-178555a604a6"],"known_intercepts_absent":true,"mode":"active-rules-during-phase-upgrade","pending":0,"version":"157.0.1"}
{"cycle":7,"known_intercept_ids":["4d6eefa1-f534-48b8-a65a-248d5640afce","37f106fa-34d5-4a72-a1b8-e83c4d3169b4"],"known_intercepts_absent":true,"mode":"active-rules-during-phase-upgrade","pending":0,"version":"157.0.1"}
{"cycle":8,"known_intercept_ids":["64404590-9f3b-4279-8733-89e05dac01ea","1194780b-b924-4200-acb1-d8b872946c0b"],"known_intercepts_absent":true,"mode":"active-rules-during-phase-upgrade","pending":0,"version":"157.0.1"}
{"cycle":9,"known_intercept_ids":["a3916d61-6439-4fe1-b3db-598f9cf5dc74","5166ce99-d455-4bcd-a442-8fc358cfc7f7"],"known_intercepts_absent":true,"mode":"active-rules-during-phase-upgrade","pending":0,"version":"157.0.1"}
{"cycle":10,"known_intercept_ids":["98274021-0c28-4796-932c-608a961911c4","ed1d3f17-0e5b-4f69-a4c0-c62816ec2f30"],"known_intercepts_absent":true,"mode":"active-rules-during-phase-upgrade","pending":0,"version":"157.0.1"}
ok
test firefox_routing_phases_and_child_frame_requests_remain_functional ... {"cycle":1,"known_intercept_ids":["e5b7fc79-821c-4e17-b493-8b28b6889c0a","a2259b7c-d3da-4ffa-8da9-4fbfc2bcdab8"],"known_intercepts_absent":true,"mode":"request-response-child-frame","pending":0,"version":"157.0.1"}
ok
test firefox_shared_handles_drop_and_close_retire_only_owned_intercepts ... {"cycle":1,"known_intercept_ids":["72cf9618-ff28-46c1-bb7d-ddd6925f7a49"],"known_intercepts_absent":true,"mode":"shared-handles-final-drop","pending":0,"version":"157.0.1"}
{"cycle":1,"known_intercept_ids":["98113da7-7672-4a43-bfe4-91e95657f547"],"known_intercepts_absent":true,"mode":"page-close-retained-handles","pending":0,"version":"157.0.1"}
{"cycle":1,"known_intercept_ids":["4408dfe1-7470-486c-8280-f903e7722753","be1e249e-ac56-4e6f-830e-7ce5ca75d8b9"],"known_intercepts_absent":true,"mode":"user-context-close-retained-pages","pending":0,"version":"157.0.1"}
{"cycle":2,"known_intercept_ids":["a2b90cc2-9838-407d-b265-8d861b38bf48"],"known_intercepts_absent":true,"mode":"shared-handles-final-drop","pending":0,"version":"157.0.1"}
{"cycle":2,"known_intercept_ids":["0bd2501d-a076-4c5b-92bb-ca69ec536817"],"known_intercepts_absent":true,"mode":"page-close-retained-handles","pending":0,"version":"157.0.1"}
{"cycle":2,"known_intercept_ids":["de546339-a035-4b1c-a5f6-e34c762da0bd","1ed071b6-dcf1-49f3-ad28-bbe8a582a60b"],"known_intercepts_absent":true,"mode":"user-context-close-retained-pages","pending":0,"version":"157.0.1"}
{"cycle":3,"known_intercept_ids":["bd08c91a-7811-4e50-bee2-1ebf956a38b1"],"known_intercepts_absent":true,"mode":"shared-handles-final-drop","pending":0,"version":"157.0.1"}
{"cycle":3,"known_intercept_ids":["0a302aa3-c32e-432d-8013-eacba9e3f6cd"],"known_intercepts_absent":true,"mode":"page-close-retained-handles","pending":0,"version":"157.0.1"}
{"cycle":3,"known_intercept_ids":["0bd9942b-45fb-4a7b-91f7-16bb404d2cd5","9e2ea135-5d45-47a8-93c1-a96d345d8348"],"known_intercepts_absent":true,"mode":"user-context-close-retained-pages","pending":0,"version":"157.0.1"}
{"cycle":4,"known_intercept_ids":["ad2c8b59-7f05-43d5-82a0-ffda597bbce8"],"known_intercepts_absent":true,"mode":"shared-handles-final-drop","pending":0,"version":"157.0.1"}
{"cycle":4,"known_intercept_ids":["e2294a77-3687-4122-bb34-db330fb7415c"],"known_intercepts_absent":true,"mode":"page-close-retained-handles","pending":0,"version":"157.0.1"}
{"cycle":4,"known_intercept_ids":["4b18a215-313c-4445-9252-3bd3b30acefc","d4dffe7e-86a7-45b3-8c1b-df112ed1ba9d"],"known_intercepts_absent":true,"mode":"user-context-close-retained-pages","pending":0,"version":"157.0.1"}
{"cycle":5,"known_intercept_ids":["400853a0-a10c-443c-b1f7-09e66e719d58"],"known_intercepts_absent":true,"mode":"shared-handles-final-drop","pending":0,"version":"157.0.1"}
{"cycle":5,"known_intercept_ids":["dfcdffa7-6eb1-4db6-816b-30a75af63f9b"],"known_intercepts_absent":true,"mode":"page-close-retained-handles","pending":0,"version":"157.0.1"}
{"cycle":5,"known_intercept_ids":["ead38586-8cf8-44e4-885a-957924cfaa89","c971ca72-c2dc-476b-b181-6de93100bada"],"known_intercepts_absent":true,"mode":"user-context-close-retained-pages","pending":0,"version":"157.0.1"}
{"cycle":6,"known_intercept_ids":["91c46285-3e9e-403c-b564-379d68d00049"],"known_intercepts_absent":true,"mode":"shared-handles-final-drop","pending":0,"version":"157.0.1"}
{"cycle":6,"known_intercept_ids":["cac8584a-c0e2-473d-bfdc-e3dea574e59c"],"known_intercepts_absent":true,"mode":"page-close-retained-handles","pending":0,"version":"157.0.1"}
{"cycle":6,"known_intercept_ids":["dc3fb658-9eda-4cb3-855f-4e73b98499e3","1b658c2e-5276-4024-beba-17f73e6fdabb"],"known_intercepts_absent":true,"mode":"user-context-close-retained-pages","pending":0,"version":"157.0.1"}
{"cycle":7,"known_intercept_ids":["508157b4-cae5-403a-9647-82981747dfa1"],"known_intercepts_absent":true,"mode":"shared-handles-final-drop","pending":0,"version":"157.0.1"}
{"cycle":7,"known_intercept_ids":["eb7f51bf-f87a-4fe1-b9ba-3862b17969b1"],"known_intercepts_absent":true,"mode":"page-close-retained-handles","pending":0,"version":"157.0.1"}
{"cycle":7,"known_intercept_ids":["4f8c5932-d670-42ea-ac54-7af859597783","824db0f9-90bf-4966-92be-48a8f22a80c6"],"known_intercepts_absent":true,"mode":"user-context-close-retained-pages","pending":0,"version":"157.0.1"}
{"cycle":8,"known_intercept_ids":["d5f45885-594a-4047-8601-27e274fc542b"],"known_intercepts_absent":true,"mode":"shared-handles-final-drop","pending":0,"version":"157.0.1"}
{"cycle":8,"known_intercept_ids":["6e0985ed-7fe2-4a67-9b67-dd0317a90a35"],"known_intercepts_absent":true,"mode":"page-close-retained-handles","pending":0,"version":"157.0.1"}
{"cycle":8,"known_intercept_ids":["4355ec3f-830e-4c33-aa36-09b92b4ef4d6","cfb8ba58-eb30-4327-890d-270fd49b0887"],"known_intercepts_absent":true,"mode":"user-context-close-retained-pages","pending":0,"version":"157.0.1"}
{"cycle":9,"known_intercept_ids":["d5fbcaf6-eb6b-45c1-ac24-c3008dfb1596"],"known_intercepts_absent":true,"mode":"shared-handles-final-drop","pending":0,"version":"157.0.1"}
{"cycle":9,"known_intercept_ids":["ce4a545d-d516-4947-8825-7528f7d46f84"],"known_intercepts_absent":true,"mode":"page-close-retained-handles","pending":0,"version":"157.0.1"}
{"cycle":9,"known_intercept_ids":["c81d2c08-ff5a-4911-b60d-78a427288550","fdededf5-f112-409a-a9cf-176d7a70a8ad"],"known_intercepts_absent":true,"mode":"user-context-close-retained-pages","pending":0,"version":"157.0.1"}
{"cycle":10,"known_intercept_ids":["9a152f63-2ce1-4a9f-9577-0cd586829aff"],"known_intercepts_absent":true,"mode":"shared-handles-final-drop","pending":0,"version":"157.0.1"}
{"cycle":10,"known_intercept_ids":["39fa715c-abea-4f5e-8b10-f7641c980900"],"known_intercepts_absent":true,"mode":"page-close-retained-handles","pending":0,"version":"157.0.1"}
{"cycle":10,"known_intercept_ids":["9034d5d8-adf7-4bdf-9756-23358d72aaa3","4e6462c4-3833-4a4c-9f53-11c05521ca94"],"known_intercepts_absent":true,"mode":"user-context-close-retained-pages","pending":0,"version":"157.0.1"}
ok

test result: ok. 4 passed; 0 failed; 0 ignored; 0 measured; 0 filtered out; finished in 28.38s

