[1m[92m   Compiling[0m rustwright-integration-tests v0.1.0 (/home/runner/work/rustwright/rustwright/tests)
[1m[92m    Finished[0m `test` profile [unoptimized + debuginfo] target(s) in 1.52s
[1m[92m     Running[0m http_disconnect.rs (target/debug/deps/http_disconnect-361a0c13e0bab97a)

running 2 tests
test chrome_process_loss_and_manual_restart ... {"cleanup_ms":15.826164,"cycle":1,"engine":"chrome","event_channel_closed":true,"pending_after_loss":0,"pid":42532,"root_exited":true,"version":"Chrome/155.0.8059.39","wake_ms":15.631511000000001}
{"cleanup_ms":22.419774,"cycle":2,"engine":"chrome","event_channel_closed":true,"pending_after_loss":0,"pid":42710,"root_exited":true,"version":"Chrome/155.0.8059.39","wake_ms":22.18698}
{"cleanup_ms":12.190971,"cycle":3,"engine":"chrome","event_channel_closed":true,"pending_after_loss":0,"pid":42886,"root_exited":true,"version":"Chrome/155.0.8059.39","wake_ms":12.059536}
{"cleanup_ms":14.998075,"cycle":4,"engine":"chrome","event_channel_closed":true,"pending_after_loss":0,"pid":43063,"root_exited":true,"version":"Chrome/155.0.8059.39","wake_ms":14.865999}
{"cleanup_ms":28.793788,"cycle":5,"engine":"chrome","event_channel_closed":true,"pending_after_loss":0,"pid":43241,"root_exited":true,"version":"Chrome/155.0.8059.39","wake_ms":28.622198}
{"cleanup_ms":19.18127,"cycle":6,"engine":"chrome","event_channel_closed":true,"pending_after_loss":0,"pid":43418,"root_exited":true,"version":"Chrome/155.0.8059.39","wake_ms":16.357767}
{"cleanup_ms":23.582362,"cycle":7,"engine":"chrome","event_channel_closed":true,"pending_after_loss":0,"pid":43595,"root_exited":true,"version":"Chrome/155.0.8059.39","wake_ms":23.423797}
{"cleanup_ms":24.313406999999998,"cycle":8,"engine":"chrome","event_channel_closed":true,"pending_after_loss":0,"pid":43774,"root_exited":true,"version":"Chrome/155.0.8059.39","wake_ms":23.2044}
{"cleanup_ms":20.371488,"cycle":9,"engine":"chrome","event_channel_closed":true,"pending_after_loss":0,"pid":43951,"root_exited":true,"version":"Chrome/155.0.8059.39","wake_ms":20.223360999999997}
{"cleanup_ms":16.389927,"cycle":10,"engine":"chrome","event_channel_closed":true,"pending_after_loss":0,"pid":44129,"root_exited":true,"version":"Chrome/155.0.8059.39","wake_ms":16.254814999999997}
{"cleanup_ms":28.875307,"cycle":11,"engine":"chrome","event_channel_closed":true,"pending_after_loss":0,"pid":44302,"root_exited":true,"version":"Chrome/155.0.8059.39","wake_ms":28.768959}
{"cleanup_ms":20.411332,"cycle":12,"engine":"chrome","event_channel_closed":true,"pending_after_loss":0,"pid":44481,"root_exited":true,"version":"Chrome/155.0.8059.39","wake_ms":20.282812}
{"cleanup_ms":26.142472,"cycle":13,"engine":"chrome","event_channel_closed":true,"pending_after_loss":0,"pid":44660,"root_exited":true,"version":"Chrome/155.0.8059.39","wake_ms":26.010245}
{"cleanup_ms":24.301322,"cycle":14,"engine":"chrome","event_channel_closed":true,"pending_after_loss":0,"pid":44837,"root_exited":true,"version":"Chrome/155.0.8059.39","wake_ms":24.174986999999998}
{"cleanup_ms":17.060697,"cycle":15,"engine":"chrome","event_channel_closed":true,"pending_after_loss":0,"pid":45014,"root_exited":true,"version":"Chrome/155.0.8059.39","wake_ms":16.880241}
{"cleanup_ms":19.811664999999998,"cycle":16,"engine":"chrome","event_channel_closed":true,"pending_after_loss":0,"pid":45192,"root_exited":true,"version":"Chrome/155.0.8059.39","wake_ms":19.686031}
{"cleanup_ms":30.38952,"cycle":17,"engine":"chrome","event_channel_closed":true,"pending_after_loss":0,"pid":45369,"root_exited":true,"version":"Chrome/155.0.8059.39","wake_ms":30.209484000000003}
{"cleanup_ms":24.586685,"cycle":18,"engine":"chrome","event_channel_closed":true,"pending_after_loss":0,"pid":45547,"root_exited":true,"version":"Chrome/155.0.8059.39","wake_ms":24.451583999999997}
{"cleanup_ms":21.275823,"cycle":19,"engine":"chrome","event_channel_closed":true,"pending_after_loss":0,"pid":45727,"root_exited":true,"version":"Chrome/155.0.8059.39","wake_ms":21.146693000000003}
{"cleanup_ms":11.620237,"cycle":20,"engine":"chrome","event_channel_closed":true,"pending_after_loss":0,"pid":45904,"root_exited":true,"version":"Chrome/155.0.8059.39","wake_ms":11.481577999999999}
{"cleanup_ms":14.116921,"cycle":21,"engine":"chrome","event_channel_closed":true,"pending_after_loss":0,"pid":46082,"root_exited":true,"version":"Chrome/155.0.8059.39","wake_ms":13.989865}
{"cleanup_ms":19.73384,"cycle":22,"engine":"chrome","event_channel_closed":true,"pending_after_loss":0,"pid":46258,"root_exited":true,"version":"Chrome/155.0.8059.39","wake_ms":19.596304}
{"cleanup_ms":22.702360000000002,"cycle":23,"engine":"chrome","event_channel_closed":true,"pending_after_loss":0,"pid":46433,"root_exited":true,"version":"Chrome/155.0.8059.39","wake_ms":22.579461}
{"cleanup_ms":24.538722999999997,"cycle":24,"engine":"chrome","event_channel_closed":true,"pending_after_loss":0,"pid":46611,"root_exited":true,"version":"Chrome/155.0.8059.39","wake_ms":24.34942}
{"cleanup_ms":21.928929999999998,"cycle":25,"engine":"chrome","event_channel_closed":true,"pending_after_loss":0,"pid":46788,"root_exited":true,"version":"Chrome/155.0.8059.39","wake_ms":21.766668}
ok
test firefox_process_loss_and_manual_restart ... {"cleanup_ms":33.845420000000004,"cycle":1,"engine":"firefox","event_channel_closed":true,"pending_after_loss":0,"pid":46962,"root_exited":true,"version":"157.0.1","wake_ms":33.324729999999995}
{"cleanup_ms":34.531629,"cycle":2,"engine":"firefox","event_channel_closed":true,"pending_after_loss":0,"pid":47223,"root_exited":true,"version":"157.0.1","wake_ms":33.926381}
{"cleanup_ms":29.444436,"cycle":3,"engine":"firefox","event_channel_closed":true,"pending_after_loss":0,"pid":47557,"root_exited":true,"version":"157.0.1","wake_ms":29.027288}
{"cleanup_ms":26.924223,"cycle":4,"engine":"firefox","event_channel_closed":true,"pending_after_loss":0,"pid":47827,"root_exited":true,"version":"157.0.1","wake_ms":26.315379}
{"cleanup_ms":31.751979,"cycle":5,"engine":"firefox","event_channel_closed":true,"pending_after_loss":0,"pid":48082,"root_exited":true,"version":"157.0.1","wake_ms":31.161919}
{"cleanup_ms":42.739225999999995,"cycle":6,"engine":"firefox","event_channel_closed":true,"pending_after_loss":0,"pid":48414,"root_exited":true,"version":"157.0.1","wake_ms":35.921169000000006}
{"cleanup_ms":36.656031,"cycle":7,"engine":"firefox","event_channel_closed":true,"pending_after_loss":0,"pid":48748,"root_exited":true,"version":"157.0.1","wake_ms":36.043980000000005}
{"cleanup_ms":25.911813,"cycle":8,"engine":"firefox","event_channel_closed":true,"pending_after_loss":0,"pid":49001,"root_exited":true,"version":"157.0.1","wake_ms":25.289874}
{"cleanup_ms":38.064253,"cycle":9,"engine":"firefox","event_channel_closed":true,"pending_after_loss":0,"pid":49250,"root_exited":true,"version":"157.0.1","wake_ms":37.450829999999996}
{"cleanup_ms":32.876397000000004,"cycle":10,"engine":"firefox","event_channel_closed":true,"pending_after_loss":0,"pid":49581,"root_exited":true,"version":"157.0.1","wake_ms":30.065617999999997}
{"cleanup_ms":28.271492,"cycle":11,"engine":"firefox","event_channel_closed":true,"pending_after_loss":0,"pid":49900,"root_exited":true,"version":"157.0.1","wake_ms":27.414655}
{"cleanup_ms":28.976666,"cycle":12,"engine":"firefox","event_channel_closed":true,"pending_after_loss":0,"pid":50177,"root_exited":true,"version":"157.0.1","wake_ms":28.449243}
{"cleanup_ms":29.526,"cycle":13,"engine":"firefox","event_channel_closed":true,"pending_after_loss":0,"pid":50439,"root_exited":true,"version":"157.0.1","wake_ms":28.840181}
{"cleanup_ms":27.394229,"cycle":14,"engine":"firefox","event_channel_closed":true,"pending_after_loss":0,"pid":50699,"root_exited":true,"version":"157.0.1","wake_ms":26.705165}
{"cleanup_ms":34.323161999999996,"cycle":15,"engine":"firefox","event_channel_closed":true,"pending_after_loss":0,"pid":51006,"root_exited":true,"version":"157.0.1","wake_ms":31.212004}
{"cleanup_ms":30.88316,"cycle":16,"engine":"firefox","event_channel_closed":true,"pending_after_loss":0,"pid":51282,"root_exited":true,"version":"157.0.1","wake_ms":30.030601}
{"cleanup_ms":38.066728,"cycle":17,"engine":"firefox","event_channel_closed":true,"pending_after_loss":0,"pid":51547,"root_exited":true,"version":"157.0.1","wake_ms":37.42949}
{"cleanup_ms":30.333495,"cycle":18,"engine":"firefox","event_channel_closed":true,"pending_after_loss":0,"pid":51863,"root_exited":true,"version":"157.0.1","wake_ms":29.605959000000002}
{"cleanup_ms":36.684982999999995,"cycle":19,"engine":"firefox","event_channel_closed":true,"pending_after_loss":0,"pid":52171,"root_exited":true,"version":"157.0.1","wake_ms":36.248539}
{"cleanup_ms":32.942813,"cycle":20,"engine":"firefox","event_channel_closed":true,"pending_after_loss":0,"pid":52501,"root_exited":true,"version":"157.0.1","wake_ms":32.341973}
{"cleanup_ms":28.373584,"cycle":21,"engine":"firefox","event_channel_closed":true,"pending_after_loss":0,"pid":52800,"root_exited":true,"version":"157.0.1","wake_ms":27.764499}
{"cleanup_ms":33.158282,"cycle":22,"engine":"firefox","event_channel_closed":true,"pending_after_loss":0,"pid":53060,"root_exited":true,"version":"157.0.1","wake_ms":32.280005}
{"cleanup_ms":33.136264999999995,"cycle":23,"engine":"firefox","event_channel_closed":true,"pending_after_loss":0,"pid":53338,"root_exited":true,"version":"157.0.1","wake_ms":32.485171}
{"cleanup_ms":31.980416999999996,"cycle":24,"engine":"firefox","event_channel_closed":true,"pending_after_loss":0,"pid":53604,"root_exited":true,"version":"157.0.1","wake_ms":31.211274}
{"cleanup_ms":33.699352000000005,"cycle":25,"engine":"firefox","event_channel_closed":true,"pending_after_loss":0,"pid":53870,"root_exited":true,"version":"157.0.1","wake_ms":33.103842}
ok

test result: ok. 2 passed; 0 failed; 0 ignored; 0 measured; 0 filtered out; finished in 67.57s

