2026-10-09T23:25:24.6604544Z Current runner version: '2.337.0'
2026-10-09T23:25:24.6629910Z ##[group]Runner Image Provisioner
2026-10-09T23:25:24.6631325Z Hosted Compute Agent
2026-10-09T23:25:24.6632065Z Version: 20261002.596
2026-10-09T23:25:24.6632869Z Commit: c3d12f3313a95f25162a1503be624f3b0617f8c0
2026-10-09T23:25:24.6633709Z Build Date: 2026-10-02T22:28:27Z
2026-10-09T23:25:24.6634431Z Worker ID: {1c764c9d-c89c-4d85-b131-db4380f10909}
2026-10-09T23:25:24.6635240Z Region: northcentralus
2026-10-09T23:25:24.6635826Z Cloud: Azure
2026-10-09T23:25:24.6636349Z ##[endgroup]
2026-10-09T23:25:24.6637986Z ##[group]Operating System
2026-10-09T23:25:24.6638661Z Ubuntu
2026-10-09T23:25:24.6639422Z 24.04.5
2026-10-09T23:25:24.6639954Z LTS
2026-10-09T23:25:24.6640476Z ##[endgroup]
2026-10-09T23:25:24.6641359Z ##[group]Runner Image
2026-10-09T23:25:24.6642023Z Image: ubuntu-24.04
2026-10-09T23:25:24.6642729Z Version: 20261004.327.1
2026-10-09T23:25:24.6644034Z Included Software: https://github.com/actions/runner-images/blob/ubuntu24/20261004.327/images/ubuntu/Ubuntu2404-Readme.md
2026-10-09T23:25:24.6645707Z Image Release: https://github.com/actions/runner-images/releases/tag/ubuntu24%2F20261004.327
2026-10-09T23:25:24.6646735Z ##[endgroup]
2026-10-09T23:25:24.6647920Z ##[group]GITHUB_TOKEN Permissions
2026-10-09T23:25:24.6650139Z Contents: read
2026-10-09T23:25:24.6650855Z Metadata: read
2026-10-09T23:25:24.6651728Z ##[endgroup]
2026-10-09T23:25:24.6654474Z Secret source: Actions
2026-10-09T23:25:24.6655650Z Cache mode: write
2026-10-09T23:25:24.6656651Z Prepare workflow directory
2026-10-09T23:25:24.7073576Z Prepare all required actions
2026-10-09T23:25:24.7123060Z Getting action download info
2026-10-09T23:25:24.9812855Z Download action repository 'actions/checkout@v5' (SHA:fbc6f3992d24b796d5a048ff273f7fcc4a7b6c09)
2026-10-09T23:25:25.1042608Z Download action repository 'dtolnay/rust-toolchain@stable' (SHA:686976e191b89faba57d3206551f0f330d8cb249)
2026-10-09T23:25:25.2463071Z Download action repository 'Swatinem/rust-cache@v2' (SHA:6323deb102c322ba6fcbdcafc7e3dddab59af2b6)
2026-10-09T23:25:25.5886018Z Download action repository 'actions/setup-python@v6' (SHA:ece7cb06caefa5fff74198d8649806c4678c61a1)
2026-10-09T23:25:25.7009573Z Download action repository 'browser-actions/setup-chrome@v2' (SHA:48ad923757ca74d66703209fe939badbdf80f2f4)
2026-10-09T23:25:25.8846260Z Download action repository 'browser-actions/setup-firefox@v1' (SHA:0bc507ddf224827e3b1af68e014d5e42ab93e795)
2026-10-09T23:25:26.0918315Z Download action repository 'actions/upload-artifact@v4' (SHA:ea165f8d65b6e75b540449e92b4886f43607fa02)
2026-10-09T23:25:26.4178913Z Complete job name: Required headed / alternate versions / public sites
2026-10-09T23:25:26.5254247Z ##[group]Run actions/checkout@v5
2026-10-09T23:25:26.5255633Z with:
2026-10-09T23:25:26.5256497Z   repository: rsasaki0109/rustwright
2026-10-09T23:25:26.5264958Z   token: ***
2026-10-09T23:25:26.5265796Z   ssh-strict: true
2026-10-09T23:25:26.5266656Z   ssh-user: git
2026-10-09T23:25:26.5267533Z   persist-credentials: true
2026-10-09T23:25:26.5268526Z   clean: true
2026-10-09T23:25:26.5269411Z   sparse-checkout-cone-mode: true
2026-10-09T23:25:26.5270433Z   fetch-depth: 1
2026-10-09T23:25:26.5271510Z   fetch-tags: false
2026-10-09T23:25:26.5272384Z   show-progress: true
2026-10-09T23:25:26.5273252Z   lfs: false
2026-10-09T23:25:26.5274059Z   submodules: false
2026-10-09T23:25:26.5274947Z   set-safe-directory: true
2026-10-09T23:25:26.5275931Z   allow-unsafe-pr-checkout: false
2026-10-09T23:25:26.5277220Z env:
2026-10-09T23:25:26.5278020Z   CARGO_TERM_COLOR: always
2026-10-09T23:25:26.5278961Z   RUST_BACKTRACE: 1
2026-10-09T23:25:26.5279801Z ##[endgroup]
2026-10-09T23:25:26.6312143Z Syncing repository: rsasaki0109/rustwright
2026-10-09T23:25:26.6315344Z ##[group]Getting Git version info
2026-10-09T23:25:26.6316922Z Working directory is '/home/runner/work/rustwright/rustwright'
2026-10-09T23:25:26.6341215Z [command]/usr/bin/git version
2026-10-09T23:25:26.6482711Z git version 2.55.0
2026-10-09T23:25:26.6506926Z ##[endgroup]
2026-10-09T23:25:26.6525696Z Temporarily overriding HOME='/home/runner/work/_temp/f6190dd8-e345-4330-9143-98fc9f6e0def' before making global git config changes
2026-10-09T23:25:26.6530330Z Adding repository directory to the temporary git global config as a safe directory
2026-10-09T23:25:26.6535068Z [command]/usr/bin/git config --global --add safe.directory /home/runner/work/rustwright/rustwright
2026-10-09T23:25:26.6599545Z Deleting the contents of '/home/runner/work/rustwright/rustwright'
2026-10-09T23:25:26.6604307Z ##[group]Initializing the repository
2026-10-09T23:25:26.6609312Z [command]/usr/bin/git init /home/runner/work/rustwright/rustwright
2026-10-09T23:25:26.6753195Z hint: Using 'master' as the name for the initial branch. This default branch name
2026-10-09T23:25:26.6756632Z hint: will change to "main" in Git 3.0. To configure the initial branch name
2026-10-09T23:25:26.6759842Z hint: to use in all of your new repositories, which will suppress this warning,
2026-10-09T23:25:26.6762556Z hint: call:
2026-10-09T23:25:26.6763935Z hint:
2026-10-09T23:25:26.6765680Z hint: 	git config --global init.defaultBranch <name>
2026-10-09T23:25:26.6767826Z hint:
2026-10-09T23:25:26.6769879Z hint: Names commonly chosen instead of 'master' are 'main', 'trunk' and
2026-10-09T23:25:26.6773647Z hint: 'development'. The just-created branch can be renamed via this command:
2026-10-09T23:25:26.6776381Z hint:
2026-10-09T23:25:26.6777862Z hint: 	git branch -m <name>
2026-10-09T23:25:26.6779486Z hint:
2026-10-09T23:25:26.6812739Z hint: Disable this message with "git config set advice.defaultBranchName false"
2026-10-09T23:25:26.6816461Z Initialized empty Git repository in /home/runner/work/rustwright/rustwright/.git/
2026-10-09T23:25:26.6826173Z [command]/usr/bin/git remote add origin https://github.com/rsasaki0109/rustwright
2026-10-09T23:25:26.6869469Z ##[endgroup]
2026-10-09T23:25:26.6871971Z ##[group]Disabling automatic garbage collection
2026-10-09T23:25:26.6874357Z [command]/usr/bin/git config --local gc.auto 0
2026-10-09T23:25:26.6934696Z ##[endgroup]
2026-10-09T23:25:26.6937799Z ##[group]Setting up auth
2026-10-09T23:25:26.6941948Z [command]/usr/bin/git config --local --name-only --get-regexp core\.sshCommand
2026-10-09T23:25:26.6993293Z [command]/usr/bin/git submodule foreach --recursive sh -c "git config --local --name-only --get-regexp 'core\.sshCommand' && git config --local --unset-all 'core.sshCommand' || :"
2026-10-09T23:25:26.7465073Z [command]/usr/bin/git config --local --name-only --get-regexp http\.https\:\/\/github\.com\/\.extraheader
2026-10-09T23:25:26.7511599Z [command]/usr/bin/git submodule foreach --recursive sh -c "git config --local --name-only --get-regexp 'http\.https\:\/\/github\.com\/\.extraheader' && git config --local --unset-all 'http.https://github.com/.extraheader' || :"
2026-10-09T23:25:26.7746316Z [command]/usr/bin/git config --local --name-only --get-regexp ^includeIf\.gitdir:
2026-10-09T23:25:26.7835128Z [command]/usr/bin/git submodule foreach --recursive git config --local --show-origin --name-only --get-regexp remote.origin.url
2026-10-09T23:25:26.8124540Z [command]/usr/bin/git config --local http.https://github.com/.extraheader AUTHORIZATION: basic ***
2026-10-09T23:25:26.8177018Z ##[endgroup]
2026-10-09T23:25:26.8180287Z ##[group]Fetching the repository
2026-10-09T23:25:26.8192501Z [command]/usr/bin/git -c protocol.version=2 fetch --no-tags --prune --no-recurse-submodules --depth=1 origin +06f12ef94b5edce44df68db6c28fb40b50421cb2:refs/remotes/pull/1/merge
2026-10-09T23:25:28.8987443Z From https://github.com/rsasaki0109/rustwright
2026-10-09T23:25:28.8989544Z  * [new ref]         06f12ef94b5edce44df68db6c28fb40b50421cb2 -> pull/1/merge
2026-10-09T23:25:28.8993583Z ##[endgroup]
2026-10-09T23:25:28.8994489Z ##[group]Determining the checkout info
2026-10-09T23:25:28.9003008Z ##[endgroup]
2026-10-09T23:25:28.9037866Z [command]/usr/bin/git sparse-checkout disable
2026-10-09T23:25:28.9091966Z [command]/usr/bin/git config --local --unset-all extensions.worktreeConfig
2026-10-09T23:25:28.9125239Z ##[group]Checking out the ref
2026-10-09T23:25:28.9129741Z [command]/usr/bin/git checkout --progress --force refs/remotes/pull/1/merge
2026-10-09T23:25:29.2500561Z Note: switching to 'refs/remotes/pull/1/merge'.
2026-10-09T23:25:29.2501543Z 
2026-10-09T23:25:29.2501924Z You are in 'detached HEAD' state. You can look around, make experimental
2026-10-09T23:25:29.2502659Z changes and commit them, and you can discard any commits you make in this
2026-10-09T23:25:29.2503389Z state without impacting any branches by switching back to a branch.
2026-10-09T23:25:29.2503820Z 
2026-10-09T23:25:29.2504155Z If you want to create a new branch to retain commits you create, you may
2026-10-09T23:25:29.2504883Z do so (now or later) by using -c with the switch command. Example:
2026-10-09T23:25:29.2505251Z 
2026-10-09T23:25:29.2505467Z   git switch -c <new-branch-name>
2026-10-09T23:25:29.2505735Z 
2026-10-09T23:25:29.2505949Z Or undo this operation with:
2026-10-09T23:25:29.2506183Z 
2026-10-09T23:25:29.2506385Z   git switch -
2026-10-09T23:25:29.2506640Z 
2026-10-09T23:25:29.2506926Z Turn off this advice by setting config variable advice.detachedHead to false
2026-10-09T23:25:29.2507428Z 
2026-10-09T23:25:29.2507853Z HEAD is now at 06f12ef Merge d563c82875b3ca820cfa5bd798fcd40ba878763e into 91e72af388d000266c9b4e7567a3e1fe4007fc33
2026-10-09T23:25:29.2531970Z ##[endgroup]
2026-10-09T23:25:29.2582442Z [command]/usr/bin/git log -1 --format=%H
2026-10-09T23:25:29.2611903Z 06f12ef94b5edce44df68db6c28fb40b50421cb2
2026-10-09T23:25:29.3004554Z ##[group]Run dtolnay/rust-toolchain@stable
2026-10-09T23:25:29.3004937Z with:
2026-10-09T23:25:29.3005182Z   toolchain: stable
2026-10-09T23:25:29.3005449Z env:
2026-10-09T23:25:29.3005682Z   CARGO_TERM_COLOR: always
2026-10-09T23:25:29.3005958Z   RUST_BACKTRACE: 1
2026-10-09T23:25:29.3006209Z ##[endgroup]
2026-10-09T23:25:29.3073672Z ##[start-action display=Parse toolchain version;id=__dtolnay_rust-toolchain.parse]
2026-10-09T23:25:29.3188977Z ##[group]Run if [[ -z $toolchain ]]; then
2026-10-09T23:25:29.3189496Z [36;1mif [[ -z $toolchain ]]; then[0m
2026-10-09T23:25:29.3190113Z [36;1m  # GitHub does not enforce `required: true` inputs itself. https://github.com/actions/runner/issues/1070[0m
2026-10-09T23:25:29.3190741Z [36;1m  echo "'toolchain' is a required input" >&2[0m
2026-10-09T23:25:29.3191299Z [36;1m  exit 1[0m
2026-10-09T23:25:29.3191700Z [36;1melif [[ $toolchain =~ ^stable' '[0-9]+' '(year|month|week|day)s?' 'ago$ ]]; then[0m
2026-10-09T23:25:29.3192216Z [36;1m  if [[ Linux == macOS ]]; then[0m
2026-10-09T23:25:29.3192806Z [36;1m    echo "toolchain=1.$((($(date -v-$(sed 's/stable \([0-9]*\) \(.\).*/\1\2/' <<< $toolchain) +%s)/60/60/24-16569)/7/6))" >> $GITHUB_OUTPUT[0m
2026-10-09T23:25:29.3193397Z [36;1m  else[0m
2026-10-09T23:25:29.3193853Z [36;1m    echo "toolchain=1.$((($(date --date "${toolchain#stable }" +%s)/60/60/24-16569)/7/6))" >> $GITHUB_OUTPUT[0m
2026-10-09T23:25:29.3194355Z [36;1m  fi[0m
2026-10-09T23:25:29.3194707Z [36;1melif [[ $toolchain =~ ^stable' 'minus' '[0-9]+' 'releases?$ ]]; then[0m
2026-10-09T23:25:29.3195308Z [36;1m  echo "toolchain=1.$((($(date +%s)/60/60/24-16569)/7/6-${toolchain//[^0-9]/}))" >> $GITHUB_OUTPUT[0m
2026-10-09T23:25:29.3195816Z [36;1melif [[ $toolchain =~ ^1\.[0-9]+$ ]]; then[0m
2026-10-09T23:25:29.3196381Z [36;1m  echo "toolchain=1.$((i=${toolchain#1.}, c=($(date +%s)/60/60/24-16569)/7/6, i+9*i*(10*i<=c)+90*i*(100*i<=c)))" >> $GITHUB_OUTPUT[0m
2026-10-09T23:25:29.3196922Z [36;1melse[0m
2026-10-09T23:25:29.3197173Z [36;1m  delimiter=EOF[0m
2026-10-09T23:25:29.3197529Z [36;1m  while [[ $toolchain == *$delimiter* ]]; do delimiter+=_; done[0m
2026-10-09T23:25:29.3198080Z [36;1m  printf 'toolchain<<%s\n%s\n%s\n' "$delimiter" "$toolchain" "$delimiter" >> $GITHUB_OUTPUT[0m
2026-10-09T23:25:29.3198553Z [36;1mfi[0m
2026-10-09T23:25:29.3474222Z shell: /usr/bin/bash --noprofile --norc -e -o pipefail {0}
2026-10-09T23:25:29.3474740Z env:
2026-10-09T23:25:29.3475029Z   CARGO_TERM_COLOR: always
2026-10-09T23:25:29.3475341Z   RUST_BACKTRACE: 1
2026-10-09T23:25:29.3475873Z   toolchain: stable
2026-10-09T23:25:29.3476148Z ##[endgroup]
2026-10-09T23:25:29.3631501Z ##[end-action id=__dtolnay_rust-toolchain.parse;outcome=success;conclusion=success;duration_ms=55]
2026-10-09T23:25:29.3636621Z ##[start-action display=Set $CARGO_HOME;id=__dtolnay_rust-toolchain.__run]
2026-10-09T23:25:29.3684757Z ##[group]Run echo CARGO_HOME=${CARGO_HOME:-"$HOME/.cargo"} >> $GITHUB_ENV
2026-10-09T23:25:29.3685358Z [36;1mecho CARGO_HOME=${CARGO_HOME:-"$HOME/.cargo"} >> $GITHUB_ENV[0m
2026-10-09T23:25:29.3751249Z shell: /usr/bin/bash --noprofile --norc -e -o pipefail {0}
2026-10-09T23:25:29.3751666Z env:
2026-10-09T23:25:29.3751916Z   CARGO_TERM_COLOR: always
2026-10-09T23:25:29.3752192Z   RUST_BACKTRACE: 1
2026-10-09T23:25:29.3752441Z ##[endgroup]
2026-10-09T23:25:29.3853264Z ##[end-action id=__dtolnay_rust-toolchain.__run;outcome=success;conclusion=success;duration_ms=21]
2026-10-09T23:25:29.3856080Z ##[start-action display=Install rustup if needed;id=__dtolnay_rust-toolchain.__run_2]
2026-10-09T23:25:29.3919007Z ##[group]Run if ! command -v rustup &>/dev/null; then
2026-10-09T23:25:29.3919453Z [36;1mif ! command -v rustup &>/dev/null; then[0m
2026-10-09T23:25:29.3920262Z [36;1m  curl --proto '=https' --tlsv1.2 --retry 10 --retry-connrefused --location --silent --show-error --fail https://sh.rustup.rs | sh -s -- --default-toolchain none -y[0m
2026-10-09T23:25:29.3921352Z [36;1m  echo "$CARGO_HOME/bin" >> $GITHUB_PATH[0m
2026-10-09T23:25:29.3921911Z [36;1mfi[0m
2026-10-09T23:25:29.3988672Z shell: /usr/bin/bash --noprofile --norc -e -o pipefail {0}
2026-10-09T23:25:29.3989059Z env:
2026-10-09T23:25:29.3989313Z   CARGO_TERM_COLOR: always
2026-10-09T23:25:29.3989596Z   RUST_BACKTRACE: 1
2026-10-09T23:25:29.3989867Z   CARGO_HOME: /home/runner/.cargo
2026-10-09T23:25:29.3990157Z ##[endgroup]
2026-10-09T23:25:29.4085027Z ##[end-action id=__dtolnay_rust-toolchain.__run_2;outcome=success;conclusion=success;duration_ms=22]
2026-10-09T23:25:29.4087705Z ##[start-action display=Install rustup if needed on windows;id=__dtolnay_rust-toolchain.__run_3]
2026-10-09T23:25:29.4096930Z ##[end-action id=__dtolnay_rust-toolchain.__run_3;outcome=skipped;conclusion=skipped;duration_ms=0]
2026-10-09T23:25:29.4113182Z ##[start-action display=rustup toolchain install stable;id=__dtolnay_rust-toolchain.__run_4]
2026-10-09T23:25:29.4144188Z ##[group]Run set -f  # split targets and components on commas and whitespace, without glob expansion
2026-10-09T23:25:29.4144932Z [36;1mset -f  # split targets and components on commas and whitespace, without glob expansion[0m
2026-10-09T23:25:29.4145423Z [36;1mflags=()[0m
2026-10-09T23:25:29.4145745Z [36;1mfor t in ${targets//,/ }; do flags+=(--target "$t"); done[0m
2026-10-09T23:25:29.4146192Z [36;1mfor c in ${components//,/ }; do flags+=(--component "$c"); done[0m
2026-10-09T23:25:29.4146733Z [36;1mif [[ $toolchain == nightly && -n $components ]]; then flags+=(--allow-downgrade); fi[0m
2026-10-09T23:25:29.4147206Z [36;1mlog=$(mktemp)[0m
2026-10-09T23:25:29.4147493Z [36;1mtrap 'rm -f "$log"' EXIT[0m
2026-10-09T23:25:29.4147792Z [36;1mfor attempt in 1 2 3 4 5; do[0m
2026-10-09T23:25:29.4148410Z [36;1m  if rustup toolchain install "$toolchain" "${flags[@]}" --profile minimal --no-self-update --force-non-host 2>&1 | tee "$log"; then[0m
2026-10-09T23:25:29.4149018Z [36;1m    break[0m
2026-10-09T23:25:29.4149256Z [36;1m  else[0m
2026-10-09T23:25:29.4149495Z [36;1m    status=$?[0m
2026-10-09T23:25:29.4149756Z [36;1m  fi[0m
2026-10-09T23:25:29.4150085Z [36;1m  if [[ $attempt == 5 ]] || ! grep -Fq 'checksum failed for ' "$log" \[0m
2026-10-09T23:25:29.4150679Z [36;1m      || ! grep -Fq 'this is likely due to an ongoing update of the official release server' "$log"; then[0m
2026-10-09T23:25:29.4151494Z [36;1m    exit "$status"[0m
2026-10-09T23:25:29.4151782Z [36;1m  fi[0m
2026-10-09T23:25:29.4152185Z [36;1m  echo "Retrying rustup toolchain install in 30 seconds (retry $attempt of 4)" >&2[0m
2026-10-09T23:25:29.4152653Z [36;1m  sleep 30[0m
2026-10-09T23:25:29.4153079Z [36;1mdone[0m
2026-10-09T23:25:29.4216743Z shell: /usr/bin/bash --noprofile --norc -e -o pipefail {0}
2026-10-09T23:25:29.4217140Z env:
2026-10-09T23:25:29.4217380Z   CARGO_TERM_COLOR: always
2026-10-09T23:25:29.4217661Z   RUST_BACKTRACE: 1
2026-10-09T23:25:29.4217923Z   CARGO_HOME: /home/runner/.cargo
2026-10-09T23:25:29.4218227Z   toolchain: stable
2026-10-09T23:25:29.4218469Z   targets: 
2026-10-09T23:25:29.4218704Z   components: 
2026-10-09T23:25:29.4218967Z   RUSTUP_PERMIT_COPY_RENAME: 1
2026-10-09T23:25:29.4219246Z ##[endgroup]
2026-10-09T23:25:29.6345256Z info: syncing channel updates for stable-x86_64-unknown-linux-gnu
2026-10-09T23:25:29.7155272Z 
2026-10-09T23:25:29.7260800Z   stable-x86_64-unknown-linux-gnu unchanged - rustc 1.99.0 (b940084d7 2026-09-28)
2026-10-09T23:25:29.7261632Z 
2026-10-09T23:25:29.7306983Z ##[end-action id=__dtolnay_rust-toolchain.__run_4;outcome=success;conclusion=success;duration_ms=319]
2026-10-09T23:25:29.7313433Z ##[start-action display=rustup default stable;id=__dtolnay_rust-toolchain.__run_5]
2026-10-09T23:25:29.7336888Z ##[group]Run rustup default "$toolchain" --force-non-host
2026-10-09T23:25:29.7337286Z [36;1mrustup default "$toolchain" --force-non-host[0m
2026-10-09T23:25:29.7404592Z shell: /usr/bin/bash --noprofile --norc -e -o pipefail {0}
2026-10-09T23:25:29.7404930Z env:
2026-10-09T23:25:29.7405127Z   CARGO_TERM_COLOR: always
2026-10-09T23:25:29.7405366Z   RUST_BACKTRACE: 1
2026-10-09T23:25:29.7405788Z   CARGO_HOME: /home/runner/.cargo
2026-10-09T23:25:29.7406037Z   toolchain: stable
2026-10-09T23:25:29.7406231Z ##[endgroup]
2026-10-09T23:25:29.7535948Z info: using existing install for stable-x86_64-unknown-linux-gnu
2026-10-09T23:25:29.7546955Z info: default toolchain set to stable-x86_64-unknown-linux-gnu
2026-10-09T23:25:29.7547437Z 
2026-10-09T23:25:29.7625689Z   stable-x86_64-unknown-linux-gnu unchanged - rustc 1.99.0 (b940084d7 2026-09-28)
2026-10-09T23:25:29.7626288Z 
2026-10-09T23:25:29.7696594Z ##[end-action id=__dtolnay_rust-toolchain.__run_5;outcome=success;conclusion=success;duration_ms=38]
2026-10-09T23:25:29.7700343Z ##[start-action display=Create cachekey;id=__dtolnay_rust-toolchain.rustc-version]
2026-10-09T23:25:29.7724438Z ##[group]Run DATE=$(rustc +"$toolchain" --version --verbose | sed -ne 's/^commit-date: \(20[0-9][0-9]\)-\([01][0-9]\)-\([0-3][0-9]\)$/\1\2\3/p')
2026-10-09T23:25:29.7725297Z [36;1mDATE=$(rustc +"$toolchain" --version --verbose | sed -ne 's/^commit-date: \(20[0-9][0-9]\)-\([01][0-9]\)-\([0-3][0-9]\)$/\1\2\3/p')[0m
2026-10-09T23:25:29.7725980Z [36;1mHASH=$(rustc +"$toolchain" --version --verbose | sed -ne 's/^commit-hash: //p')[0m
2026-10-09T23:25:29.7726490Z [36;1mecho "cachekey=$(echo $DATE$HASH | head -c12)" >> $GITHUB_OUTPUT[0m
2026-10-09T23:25:29.7794913Z shell: /usr/bin/bash --noprofile --norc -e -o pipefail {0}
2026-10-09T23:25:29.7795261Z env:
2026-10-09T23:25:29.7795460Z   CARGO_TERM_COLOR: always
2026-10-09T23:25:29.7795694Z   RUST_BACKTRACE: 1
2026-10-09T23:25:29.7795918Z   CARGO_HOME: /home/runner/.cargo
2026-10-09T23:25:29.7796180Z   toolchain: stable
2026-10-09T23:25:29.7796380Z ##[endgroup]
2026-10-09T23:25:29.8199259Z ##[end-action id=__dtolnay_rust-toolchain.rustc-version;outcome=success;conclusion=success;duration_ms=49]
2026-10-09T23:25:29.8202116Z ##[start-action display=Disable incremental compilation;id=__dtolnay_rust-toolchain.__run_6]
2026-10-09T23:25:29.8223409Z ##[group]Run if [ -z "${CARGO_INCREMENTAL+set}" ]; then
2026-10-09T23:25:29.8223802Z [36;1mif [ -z "${CARGO_INCREMENTAL+set}" ]; then[0m
2026-10-09T23:25:29.8224129Z [36;1m  echo CARGO_INCREMENTAL=0 >> $GITHUB_ENV[0m
2026-10-09T23:25:29.8224412Z [36;1mfi[0m
2026-10-09T23:25:29.8287411Z shell: /usr/bin/bash --noprofile --norc -e -o pipefail {0}
2026-10-09T23:25:29.8287762Z env:
2026-10-09T23:25:29.8287958Z   CARGO_TERM_COLOR: always
2026-10-09T23:25:29.8288181Z   RUST_BACKTRACE: 1
2026-10-09T23:25:29.8288398Z   CARGO_HOME: /home/runner/.cargo
2026-10-09T23:25:29.8288642Z ##[endgroup]
2026-10-09T23:25:29.8384262Z ##[end-action id=__dtolnay_rust-toolchain.__run_6;outcome=success;conclusion=success;duration_ms=18]
2026-10-09T23:25:29.8386579Z ##[start-action display=Enable colors in Cargo output;id=__dtolnay_rust-toolchain.__run_7]
2026-10-09T23:25:29.8406847Z ##[group]Run if [ -z "${CARGO_TERM_COLOR+set}" ]; then
2026-10-09T23:25:29.8407213Z [36;1mif [ -z "${CARGO_TERM_COLOR+set}" ]; then[0m
2026-10-09T23:25:29.8407549Z [36;1m  echo CARGO_TERM_COLOR=always >> $GITHUB_ENV[0m
2026-10-09T23:25:29.8407852Z [36;1mfi[0m
2026-10-09T23:25:29.8471318Z shell: /usr/bin/bash --noprofile --norc -e -o pipefail {0}
2026-10-09T23:25:29.8471674Z env:
2026-10-09T23:25:29.8471868Z   CARGO_TERM_COLOR: always
2026-10-09T23:25:29.8472093Z   RUST_BACKTRACE: 1
2026-10-09T23:25:29.8472308Z   CARGO_HOME: /home/runner/.cargo
2026-10-09T23:25:29.8472552Z   CARGO_INCREMENTAL: 0
2026-10-09T23:25:29.8472760Z ##[endgroup]
2026-10-09T23:25:29.8565760Z ##[end-action id=__dtolnay_rust-toolchain.__run_7;outcome=success;conclusion=success;duration_ms=17]
2026-10-09T23:25:29.8569347Z ##[start-action display=Enable Cargo sparse registry;id=__dtolnay_rust-toolchain.__run_8]
2026-10-09T23:25:29.8591464Z ##[group]Run # implemented in 1.66, stabilized in 1.68, made default in 1.70
2026-10-09T23:25:29.8592008Z [36;1m# implemented in 1.66, stabilized in 1.68, made default in 1.70[0m
2026-10-09T23:25:29.8592927Z [36;1mif [ -z "${CARGO_REGISTRIES_CRATES_IO_PROTOCOL+set}" -o -f "/home/runner/work/_temp"/.implicit_cargo_registries_crates_io_protocol ]; then[0m
2026-10-09T23:25:29.8593677Z [36;1m  if rustc +"$toolchain" --version --verbose | grep -q '^release: 1\.6[89]\.'; then[0m
2026-10-09T23:25:29.8594289Z [36;1m    touch "/home/runner/work/_temp"/.implicit_cargo_registries_crates_io_protocol || true[0m
2026-10-09T23:25:29.8594833Z [36;1m    echo CARGO_REGISTRIES_CRATES_IO_PROTOCOL=sparse >> $GITHUB_ENV[0m
2026-10-09T23:25:29.8595356Z [36;1m  elif rustc +"$toolchain" --version --verbose | grep -q '^release: 1\.6[67]\.'; then[0m
2026-10-09T23:25:29.8595946Z [36;1m    touch "/home/runner/work/_temp"/.implicit_cargo_registries_crates_io_protocol || true[0m
2026-10-09T23:25:29.8596458Z [36;1m    echo CARGO_REGISTRIES_CRATES_IO_PROTOCOL=git >> $GITHUB_ENV[0m
2026-10-09T23:25:29.8596826Z [36;1m  fi[0m
2026-10-09T23:25:29.8597138Z [36;1mfi[0m
2026-10-09T23:25:29.8657772Z shell: /usr/bin/bash --noprofile --norc -e -o pipefail {0}
2026-10-09T23:25:29.8658123Z env:
2026-10-09T23:25:29.8658321Z   CARGO_TERM_COLOR: always
2026-10-09T23:25:29.8658565Z   RUST_BACKTRACE: 1
2026-10-09T23:25:29.8658784Z   CARGO_HOME: /home/runner/.cargo
2026-10-09T23:25:29.8659027Z   CARGO_INCREMENTAL: 0
2026-10-09T23:25:29.8659230Z   toolchain: stable
2026-10-09T23:25:29.8659426Z ##[endgroup]
2026-10-09T23:25:29.9002493Z ##[end-action id=__dtolnay_rust-toolchain.__run_8;outcome=success;conclusion=success;duration_ms=43]
2026-10-09T23:25:29.9006294Z ##[start-action display=Work around spurious network errors in curl 8.0;id=__dtolnay_rust-toolchain.__run_9]
2026-10-09T23:25:29.9026664Z ##[group]Run # https://rust-lang.zulipchat.com/#narrow/stream/246057-t-cargo/topic/timeout.20investigation
2026-10-09T23:25:29.9027422Z [36;1m# https://rust-lang.zulipchat.com/#narrow/stream/246057-t-cargo/topic/timeout.20investigation[0m
2026-10-09T23:25:29.9028055Z [36;1mif rustc +"$toolchain" --version --verbose | grep -q '^release: 1\.7[01]\.'; then[0m
2026-10-09T23:25:29.9028550Z [36;1m  echo CARGO_HTTP_MULTIPLEXING=false >> $GITHUB_ENV[0m
2026-10-09T23:25:29.9028888Z [36;1mfi[0m
2026-10-09T23:25:29.9092009Z shell: /usr/bin/bash --noprofile --norc -e -o pipefail {0}
2026-10-09T23:25:29.9092352Z env:
2026-10-09T23:25:29.9092548Z   CARGO_TERM_COLOR: always
2026-10-09T23:25:29.9092780Z   RUST_BACKTRACE: 1
2026-10-09T23:25:29.9092998Z   CARGO_HOME: /home/runner/.cargo
2026-10-09T23:25:29.9093240Z   CARGO_INCREMENTAL: 0
2026-10-09T23:25:29.9093447Z   toolchain: stable
2026-10-09T23:25:29.9093642Z ##[endgroup]
2026-10-09T23:25:29.9342025Z ##[end-action id=__dtolnay_rust-toolchain.__run_9;outcome=success;conclusion=success;duration_ms=33]
2026-10-09T23:25:29.9350746Z ##[start-action display=rustc +stable --version --verbose;id=__dtolnay_rust-toolchain.__run_10]
2026-10-09T23:25:29.9382077Z ##[group]Run rustc +"$toolchain" --version --verbose
2026-10-09T23:25:29.9382700Z [36;1mrustc +"$toolchain" --version --verbose[0m
2026-10-09T23:25:29.9474959Z shell: /usr/bin/bash --noprofile --norc -e -o pipefail {0}
2026-10-09T23:25:29.9475568Z env:
2026-10-09T23:25:29.9475952Z   CARGO_TERM_COLOR: always
2026-10-09T23:25:29.9476370Z   RUST_BACKTRACE: 1
2026-10-09T23:25:29.9476773Z   CARGO_HOME: /home/runner/.cargo
2026-10-09T23:25:29.9477229Z   CARGO_INCREMENTAL: 0
2026-10-09T23:25:29.9477618Z   toolchain: stable
2026-10-09T23:25:29.9477976Z ##[endgroup]
2026-10-09T23:25:29.9709546Z rustc 1.99.0 (b940084d7 2026-09-28)
2026-10-09T23:25:29.9710661Z binary: rustc
2026-10-09T23:25:29.9711818Z commit-hash: b940084d7eb6a299eb4bfeb8e34901bc051e7ac4
2026-10-09T23:25:29.9712761Z commit-date: 2026-09-28
2026-10-09T23:25:29.9713121Z host: x86_64-unknown-linux-gnu
2026-10-09T23:25:29.9713392Z release: 1.99.0
2026-10-09T23:25:29.9713603Z LLVM version: 23.1.1
2026-10-09T23:25:29.9735680Z ##[end-action id=__dtolnay_rust-toolchain.__run_10;outcome=success;conclusion=success;duration_ms=38]
2026-10-09T23:25:29.9849221Z ##[group]Run Swatinem/rust-cache@v2
2026-10-09T23:25:29.9849510Z with:
2026-10-09T23:25:29.9849703Z   prefix-key: v0-rust
2026-10-09T23:25:29.9849922Z   add-job-id-key: true
2026-10-09T23:25:29.9850160Z   add-rust-environment-hash-key: true
2026-10-09T23:25:29.9850422Z   cache-targets: true
2026-10-09T23:25:29.9850639Z   cache-all-crates: false
2026-10-09T23:25:29.9850872Z   cache-workspace-crates: false
2026-10-09T23:25:29.9851294Z   save-if: true
2026-10-09T23:25:29.9851491Z   cache-provider: github
2026-10-09T23:25:29.9851703Z   cache-bin: true
2026-10-09T23:25:29.9851894Z   lookup-only: false
2026-10-09T23:25:29.9852087Z   cmd-format: {0}
2026-10-09T23:25:29.9852268Z env:
2026-10-09T23:25:29.9852446Z   CARGO_TERM_COLOR: always
2026-10-09T23:25:29.9852676Z   RUST_BACKTRACE: 1
2026-10-09T23:25:29.9852892Z   CARGO_HOME: /home/runner/.cargo
2026-10-09T23:25:29.9853136Z   CARGO_INCREMENTAL: 0
2026-10-09T23:25:29.9853342Z ##[endgroup]
2026-10-09T23:25:30.7699966Z ##[group]Cache Configuration
2026-10-09T23:25:30.7701431Z Cache Provider:
2026-10-09T23:25:30.7702093Z     github
2026-10-09T23:25:30.7702432Z Workspaces:
2026-10-09T23:25:30.7702763Z     /home/runner/work/rustwright/rustwright
2026-10-09T23:25:30.7703226Z Cache Paths:
2026-10-09T23:25:30.7703565Z     /home/runner/.cargo/bin
2026-10-09T23:25:30.7703965Z     /home/runner/.cargo/.crates.toml
2026-10-09T23:25:30.7704403Z     /home/runner/.cargo/.crates2.json
2026-10-09T23:25:30.7704855Z     /home/runner/.cargo/registry
2026-10-09T23:25:30.7705190Z     /home/runner/.cargo/git
2026-10-09T23:25:30.7705469Z     /home/runner/work/rustwright/rustwright/target
2026-10-09T23:25:30.7705757Z Restore Key:
2026-10-09T23:25:30.7706011Z     v0-rust-headed-versions-sites-Linux-x64-2c4d122c
2026-10-09T23:25:30.7706338Z Cache Key:
2026-10-09T23:25:30.7706603Z     v0-rust-headed-versions-sites-Linux-x64-2c4d122c-f6e92162
2026-10-09T23:25:30.7706963Z .. Prefix:
2026-10-09T23:25:30.7707180Z   - v0-rust-headed-versions-sites-Linux-x64
2026-10-09T23:25:30.7707477Z .. Environment considered:
2026-10-09T23:25:30.7707863Z   - Rust Versions:
2026-10-09T23:25:30.7708368Z     - 1.99.0 x86_64-unknown-linux-gnu b940084d7eb6a299eb4bfeb8e34901bc051e7ac4
2026-10-09T23:25:30.7708941Z   - CARGO_HOME
2026-10-09T23:25:30.7709143Z   - CARGO_INCREMENTAL
2026-10-09T23:25:30.7709346Z   - CARGO_TERM_COLOR
2026-10-09T23:25:30.7709544Z   - RUST_BACKTRACE
2026-10-09T23:25:30.7709745Z .. Lockfiles considered:
2026-10-09T23:25:30.7710009Z   - /home/runner/work/rustwright/rustwright/Cargo.lock
2026-10-09T23:25:30.7710468Z   - /home/runner/work/rustwright/rustwright/crates/rustwright-bidi/Cargo.toml
2026-10-09T23:25:30.7711304Z   - /home/runner/work/rustwright/rustwright/crates/rustwright-browser/Cargo.toml
2026-10-09T23:25:30.7712203Z   - /home/runner/work/rustwright/rustwright/crates/rustwright-cdp/Cargo.toml
2026-10-09T23:25:30.7713037Z   - /home/runner/work/rustwright/rustwright/crates/rustwright-common/Cargo.toml
2026-10-09T23:25:30.7713930Z   - /home/runner/work/rustwright/rustwright/crates/rustwright-core/Cargo.toml
2026-10-09T23:25:30.7714812Z   - /home/runner/work/rustwright/rustwright/crates/rustwright-test-macros/Cargo.toml
2026-10-09T23:25:30.7715715Z   - /home/runner/work/rustwright/rustwright/crates/rustwright-test/Cargo.toml
2026-10-09T23:25:30.7716552Z   - /home/runner/work/rustwright/rustwright/crates/rustwright/Cargo.toml
2026-10-09T23:25:30.7717651Z   - /home/runner/work/rustwright/rustwright/docs/ci/results/firefox-network-idle/local/release/consumer/.cargo/config.toml
2026-10-09T23:25:30.7719092Z   - /home/runner/work/rustwright/rustwright/docs/ci/results/reliability-95/local/distribution/consumer/.cargo/config.toml
2026-10-09T23:25:30.7720518Z   - /home/runner/work/rustwright/rustwright/docs/ci/results/remote-20261009/followup-local/consumer/.cargo/config.toml
2026-10-09T23:25:30.7722111Z   - /home/runner/work/rustwright/rustwright/docs/ci/results/required-browser/release/consumer/.cargo/config.toml
2026-10-09T23:25:30.7723752Z   - /home/runner/work/rustwright/rustwright/docs/release/results/local-package/consumer/.cargo/config.toml
2026-10-09T23:25:30.7724755Z   - /home/runner/work/rustwright/rustwright/examples/Cargo.toml
2026-10-09T23:25:30.7725440Z   - /home/runner/work/rustwright/rustwright/tests/Cargo.toml
2026-10-09T23:25:30.7726335Z ##[endgroup]
2026-10-09T23:25:30.7726527Z 
2026-10-09T23:25:30.7726678Z ... Restoring cache ...
2026-10-09T23:25:30.9245108Z Cache hit for: v0-rust-headed-versions-sites-Linux-x64-2c4d122c-f6e92162
2026-10-09T23:25:31.8945428Z Received 73762545 of 73762545 (100.0%), 82.0 MBs/sec
2026-10-09T23:25:31.8946512Z Cache Size: ~70 MB (73762545 B)
2026-10-09T23:25:31.9061263Z [command]/usr/bin/tar -xf /home/runner/work/_temp/4fc8e99d-d28f-436b-b75b-d09f73cf7cd1/cache.tzst -P -C /home/runner/work/rustwright/rustwright --use-compress-program unzstd
2026-10-09T23:25:32.3884762Z Cache restored successfully
2026-10-09T23:25:32.3919927Z Restored from cache key "v0-rust-headed-versions-sites-Linux-x64-2c4d122c-f6e92162" full match: true.
2026-10-09T23:25:32.4077897Z ##[group]Run actions/setup-python@v6
2026-10-09T23:25:32.4078198Z with:
2026-10-09T23:25:32.4078401Z   python-version: 3.11
2026-10-09T23:25:32.4078631Z   check-latest: false
2026-10-09T23:25:32.4080910Z   token: ***
2026-10-09T23:25:32.4081453Z   update-environment: true
2026-10-09T23:25:32.4081710Z   allow-prereleases: false
2026-10-09T23:25:32.4081948Z   freethreaded: false
2026-10-09T23:25:32.4082158Z env:
2026-10-09T23:25:32.4082344Z   CARGO_TERM_COLOR: always
2026-10-09T23:25:32.4082572Z   RUST_BACKTRACE: 1
2026-10-09T23:25:32.4082805Z   CARGO_HOME: /home/runner/.cargo
2026-10-09T23:25:32.4083062Z   CARGO_INCREMENTAL: 0
2026-10-09T23:25:32.4083287Z   CACHE_ON_FAILURE: false
2026-10-09T23:25:32.4083512Z ##[endgroup]
2026-10-09T23:25:32.5404195Z ##[group]Installed versions
2026-10-09T23:25:32.5501583Z Successfully set up CPython (3.11.17)
2026-10-09T23:25:32.5502395Z ##[endgroup]
2026-10-09T23:25:32.5628033Z ##[group]Run sudo apt-get update
2026-10-09T23:25:32.5628356Z [36;1msudo apt-get update[0m
2026-10-09T23:25:32.5628671Z [36;1msudo apt-get install --yes xvfb xauth x11-utils[0m
2026-10-09T23:25:32.5629051Z [36;1mcommand -v Xvfb xvfb-run xauth xwininfo xprop[0m
2026-10-09T23:25:32.5703878Z shell: /usr/bin/bash -e {0}
2026-10-09T23:25:32.5704141Z env:
2026-10-09T23:25:32.5704343Z   CARGO_TERM_COLOR: always
2026-10-09T23:25:32.5704589Z   RUST_BACKTRACE: 1
2026-10-09T23:25:32.5704815Z   CARGO_HOME: /home/runner/.cargo
2026-10-09T23:25:32.5705085Z   CARGO_INCREMENTAL: 0
2026-10-09T23:25:32.5705312Z   CACHE_ON_FAILURE: false
2026-10-09T23:25:32.5705605Z   pythonLocation: /opt/hostedtoolcache/Python/3.11.17/x64
2026-10-09T23:25:32.5706073Z   PKG_CONFIG_PATH: /opt/hostedtoolcache/Python/3.11.17/x64/lib/pkgconfig
2026-10-09T23:25:32.5706706Z   Python_ROOT_DIR: /opt/hostedtoolcache/Python/3.11.17/x64
2026-10-09T23:25:32.5707120Z   Python2_ROOT_DIR: /opt/hostedtoolcache/Python/3.11.17/x64
2026-10-09T23:25:32.5707502Z   Python3_ROOT_DIR: /opt/hostedtoolcache/Python/3.11.17/x64
2026-10-09T23:25:32.5707886Z   LD_LIBRARY_PATH: /opt/hostedtoolcache/Python/3.11.17/x64/lib
2026-10-09T23:25:32.5708208Z ##[endgroup]
2026-10-09T23:25:32.6543066Z Get:1 file:/etc/apt/apt-mirrors.txt Mirrorlist [144 B]
2026-10-09T23:25:32.6885850Z Hit:2 http://azure.archive.ubuntu.com/ubuntu noble InRelease
2026-10-09T23:25:32.6887799Z Get:6 https://packages.microsoft.com/ubuntu/24.04/prod noble InRelease [3600 B]
2026-10-09T23:25:32.6905616Z Get:3 http://azure.archive.ubuntu.com/ubuntu noble-updates InRelease [126 kB]
2026-10-09T23:25:32.6990610Z Get:4 http://azure.archive.ubuntu.com/ubuntu noble-backports InRelease [126 kB]
2026-10-09T23:25:32.6992467Z Get:5 http://azure.archive.ubuntu.com/ubuntu noble-security InRelease [126 kB]
2026-10-09T23:25:32.8332515Z Get:7 https://packages.microsoft.com/ubuntu/24.04/prod noble/main all Packages [640 B]
2026-10-09T23:25:32.8431343Z Get:8 https://packages.microsoft.com/ubuntu/24.04/prod noble/main arm64 Packages [492 kB]
2026-10-09T23:25:32.8566186Z Get:9 https://packages.microsoft.com/ubuntu/24.04/prod noble/main amd64 Packages [548 kB]
2026-10-09T23:25:32.8634877Z Get:10 https://packages.microsoft.com/ubuntu/24.04/prod noble/main armhf Packages [12.3 kB]
2026-10-09T23:25:32.8858010Z Get:11 http://azure.archive.ubuntu.com/ubuntu noble-updates/main amd64 Packages [1375 kB]
2026-10-09T23:25:32.9011594Z Get:12 http://azure.archive.ubuntu.com/ubuntu noble-updates/main Translation-en [306 kB]
2026-10-09T23:25:32.9043368Z Get:13 http://azure.archive.ubuntu.com/ubuntu noble-updates/universe amd64 Packages [1702 kB]
2026-10-09T23:25:32.9152362Z Get:14 http://azure.archive.ubuntu.com/ubuntu noble-updates/universe Translation-en [342 kB]
2026-10-09T23:25:32.9181722Z Get:15 http://azure.archive.ubuntu.com/ubuntu noble-updates/restricted amd64 Packages [1761 kB]
2026-10-09T23:25:32.9283362Z Get:16 http://azure.archive.ubuntu.com/ubuntu noble-updates/restricted Translation-en [401 kB]
2026-10-09T23:25:32.9322535Z Get:17 http://azure.archive.ubuntu.com/ubuntu noble-updates/multiverse amd64 Packages [55.0 kB]
2026-10-09T23:25:32.9327408Z Get:18 http://azure.archive.ubuntu.com/ubuntu noble-updates/multiverse Translation-en [14.3 kB]
2026-10-09T23:25:33.0079958Z Get:19 http://azure.archive.ubuntu.com/ubuntu noble-security/main amd64 Packages [1121 kB]
2026-10-09T23:25:33.0137746Z Get:20 http://azure.archive.ubuntu.com/ubuntu noble-security/main Translation-en [228 kB]
2026-10-09T23:25:33.0573835Z Get:21 http://azure.archive.ubuntu.com/ubuntu noble-security/universe amd64 Packages [1220 kB]
2026-10-09T23:25:33.0647954Z Get:22 http://azure.archive.ubuntu.com/ubuntu noble-security/universe Translation-en [245 kB]
2026-10-09T23:25:33.0669640Z Get:23 http://azure.archive.ubuntu.com/ubuntu noble-security/restricted amd64 Packages [1669 kB]
2026-10-09T23:25:33.0768245Z Get:24 http://azure.archive.ubuntu.com/ubuntu noble-security/restricted Translation-en [383 kB]
2026-10-09T23:25:33.0813709Z Get:25 http://azure.archive.ubuntu.com/ubuntu noble-security/multiverse amd64 Packages [49.8 kB]
2026-10-09T23:25:33.0824676Z Get:26 http://azure.archive.ubuntu.com/ubuntu noble-security/multiverse Translation-en [12.4 kB]
2026-10-09T23:25:36.0742342Z Fetched 12.3 MB in 1s (9569 kB/s)
2026-10-09T23:25:36.9410309Z Reading package lists...
2026-10-09T23:25:36.9888141Z Reading package lists...
2026-10-09T23:25:37.1955169Z Building dependency tree...
2026-10-09T23:25:37.1962530Z Reading state information...
2026-10-09T23:25:37.3558281Z xvfb is already the newest version (2:21.1.12-1ubuntu1.8).
2026-10-09T23:25:37.3558897Z xauth is already the newest version (1:1.1.2-1build1).
2026-10-09T23:25:37.3559514Z xauth set to manually installed.
2026-10-09T23:25:37.3560066Z The following additional packages will be installed:
2026-10-09T23:25:37.3560642Z   libxcb-shape0 libxv1 libxxf86dga1
2026-10-09T23:25:37.3568254Z Suggested packages:
2026-10-09T23:25:37.3568556Z   mesa-utils
2026-10-09T23:25:37.3568820Z Recommended packages:
2026-10-09T23:25:37.3569103Z   luit
2026-10-09T23:25:37.3759869Z The following NEW packages will be installed:
2026-10-09T23:25:37.3762767Z   libxcb-shape0 libxv1 libxxf86dga1 x11-utils
2026-10-09T23:25:37.3941677Z 0 upgraded, 4 newly installed, 0 to remove and 23 not upgraded.
2026-10-09T23:25:37.3942398Z Need to get 217 kB of archives.
2026-10-09T23:25:37.3943002Z After this operation, 779 kB of additional disk space will be used.
2026-10-09T23:25:37.3943729Z Get:1 file:/etc/apt/apt-mirrors.txt Mirrorlist [144 B]
2026-10-09T23:25:37.4335637Z Get:2 http://azure.archive.ubuntu.com/ubuntu noble/main amd64 libxcb-shape0 amd64 1.15-1ubuntu2 [6100 B]
2026-10-09T23:25:37.4557876Z Get:3 http://azure.archive.ubuntu.com/ubuntu noble/main amd64 libxv1 amd64 2:1.0.11-1.1build1 [10.7 kB]
2026-10-09T23:25:37.4778864Z Get:4 http://azure.archive.ubuntu.com/ubuntu noble/main amd64 libxxf86dga1 amd64 2:1.1.5-1build1 [11.6 kB]
2026-10-09T23:25:37.5000638Z Get:5 http://azure.archive.ubuntu.com/ubuntu noble/main amd64 x11-utils amd64 7.7+6build2 [189 kB]
2026-10-09T23:25:37.7641125Z Fetched 217 kB in 0s (1769 kB/s)
2026-10-09T23:25:37.7862468Z Selecting previously unselected package libxcb-shape0:amd64.
2026-10-09T23:25:37.8163142Z (Reading database ... 
2026-10-09T23:25:37.8163726Z (Reading database ... 5%
2026-10-09T23:25:37.8164312Z (Reading database ... 10%
2026-10-09T23:25:37.8164755Z (Reading database ... 15%
2026-10-09T23:25:37.8165020Z (Reading database ... 20%
2026-10-09T23:25:37.8165275Z (Reading database ... 25%
2026-10-09T23:25:37.8165504Z (Reading database ... 30%
2026-10-09T23:25:37.8165730Z (Reading database ... 35%
2026-10-09T23:25:37.8166011Z (Reading database ... 40%
2026-10-09T23:25:37.8166417Z (Reading database ... 45%
2026-10-09T23:25:37.8166840Z (Reading database ... 50%
2026-10-09T23:25:37.8222911Z (Reading database ... 55%
2026-10-09T23:25:37.9407277Z (Reading database ... 60%
2026-10-09T23:25:38.1340045Z (Reading database ... 65%
2026-10-09T23:25:38.3362385Z (Reading database ... 70%
2026-10-09T23:25:38.4857862Z (Reading database ... 75%
2026-10-09T23:25:38.6442459Z (Reading database ... 80%
2026-10-09T23:25:38.8451554Z (Reading database ... 85%
2026-10-09T23:25:39.0326182Z (Reading database ... 90%
2026-10-09T23:25:39.1946693Z (Reading database ... 95%
2026-10-09T23:25:39.1947185Z (Reading database ... 100%
2026-10-09T23:25:39.1947773Z (Reading database ... 203191 files and directories currently installed.)
2026-10-09T23:25:39.1989719Z Preparing to unpack .../libxcb-shape0_1.15-1ubuntu2_amd64.deb ...
2026-10-09T23:25:39.2029681Z Unpacking libxcb-shape0:amd64 (1.15-1ubuntu2) ...
2026-10-09T23:25:39.2235727Z Selecting previously unselected package libxv1:amd64.
2026-10-09T23:25:39.2363077Z Preparing to unpack .../libxv1_2%3a1.0.11-1.1build1_amd64.deb ...
2026-10-09T23:25:39.2373463Z Unpacking libxv1:amd64 (2:1.0.11-1.1build1) ...
2026-10-09T23:25:39.2589491Z Selecting previously unselected package libxxf86dga1:amd64.
2026-10-09T23:25:39.2712665Z Preparing to unpack .../libxxf86dga1_2%3a1.1.5-1build1_amd64.deb ...
2026-10-09T23:25:39.2723097Z Unpacking libxxf86dga1:amd64 (2:1.1.5-1build1) ...
2026-10-09T23:25:39.2929285Z Selecting previously unselected package x11-utils.
2026-10-09T23:25:39.3051536Z Preparing to unpack .../x11-utils_7.7+6build2_amd64.deb ...
2026-10-09T23:25:39.3061315Z Unpacking x11-utils (7.7+6build2) ...
2026-10-09T23:25:39.3564945Z Setting up libxcb-shape0:amd64 (1.15-1ubuntu2) ...
2026-10-09T23:25:39.3589741Z Setting up libxxf86dga1:amd64 (2:1.1.5-1build1) ...
2026-10-09T23:25:39.3612614Z Setting up libxv1:amd64 (2:1.0.11-1.1build1) ...
2026-10-09T23:25:39.3634449Z Setting up x11-utils (7.7+6build2) ...
2026-10-09T23:25:39.3732528Z Processing triggers for man-db (2.12.0-4build2) ...
2026-10-09T23:25:39.3755448Z Not building database; man-db/auto-update is not 'true'.
2026-10-09T23:25:39.3769207Z Processing triggers for libc-bin (2.39-0ubuntu8.9) ...
2026-10-09T23:25:40.0238412Z 
2026-10-09T23:25:40.0239008Z Running kernel seems to be up-to-date.
2026-10-09T23:25:40.0239509Z 
2026-10-09T23:25:40.0239769Z No services need to be restarted.
2026-10-09T23:25:40.0240132Z 
2026-10-09T23:25:40.0240361Z No containers need to be restarted.
2026-10-09T23:25:40.0240655Z 
2026-10-09T23:25:40.0240830Z No user sessions are running outdated binaries.
2026-10-09T23:25:40.0241615Z 
2026-10-09T23:25:40.0241881Z No VM guests are running outdated hypervisor (qemu) binaries on this host.
2026-10-09T23:25:40.8840267Z /usr/bin/Xvfb
2026-10-09T23:25:40.8840702Z /usr/bin/xvfb-run
2026-10-09T23:25:40.8841294Z /usr/bin/xauth
2026-10-09T23:25:40.8841848Z /usr/bin/xwininfo
2026-10-09T23:25:40.8842485Z /usr/bin/xprop
2026-10-09T23:25:40.8889315Z ##[group]Run browser-actions/setup-chrome@v2
2026-10-09T23:25:40.8889645Z with:
2026-10-09T23:25:40.8889850Z   chrome-version: 155.0.8059.39
2026-10-09T23:25:40.8890109Z   install-dependencies: true
2026-10-09T23:25:40.8890365Z   install-chromedriver: false
2026-10-09T23:25:40.8890625Z   no-sudo: false
2026-10-09T23:25:40.8890821Z env:
2026-10-09T23:25:40.8891343Z   CARGO_TERM_COLOR: always
2026-10-09T23:25:40.8891722Z   RUST_BACKTRACE: 1
2026-10-09T23:25:40.8892074Z   CARGO_HOME: /home/runner/.cargo
2026-10-09T23:25:40.8892328Z   CARGO_INCREMENTAL: 0
2026-10-09T23:25:40.8892549Z   CACHE_ON_FAILURE: false
2026-10-09T23:25:40.8892844Z   pythonLocation: /opt/hostedtoolcache/Python/3.11.17/x64
2026-10-09T23:25:40.8893271Z   PKG_CONFIG_PATH: /opt/hostedtoolcache/Python/3.11.17/x64/lib/pkgconfig
2026-10-09T23:25:40.8893691Z   Python_ROOT_DIR: /opt/hostedtoolcache/Python/3.11.17/x64
2026-10-09T23:25:40.8894074Z   Python2_ROOT_DIR: /opt/hostedtoolcache/Python/3.11.17/x64
2026-10-09T23:25:40.8894502Z   Python3_ROOT_DIR: /opt/hostedtoolcache/Python/3.11.17/x64
2026-10-09T23:25:40.8894886Z   LD_LIBRARY_PATH: /opt/hostedtoolcache/Python/3.11.17/x64/lib
2026-10-09T23:25:40.8895212Z ##[endgroup]
2026-10-09T23:25:40.9585005Z Installing dependencies
2026-10-09T23:25:40.9639130Z [command]/usr/bin/sudo apt-get update
2026-10-09T23:25:41.0652691Z Get:1 file:/etc/apt/apt-mirrors.txt Mirrorlist [144 B]
2026-10-09T23:25:41.0943158Z Hit:6 https://packages.microsoft.com/ubuntu/24.04/prod noble InRelease
2026-10-09T23:25:41.0955931Z Hit:2 http://azure.archive.ubuntu.com/ubuntu noble InRelease
2026-10-09T23:25:41.0993964Z Hit:3 http://azure.archive.ubuntu.com/ubuntu noble-updates InRelease
2026-10-09T23:25:41.1035549Z Hit:4 http://azure.archive.ubuntu.com/ubuntu noble-backports InRelease
2026-10-09T23:25:41.1038766Z Hit:5 http://azure.archive.ubuntu.com/ubuntu noble-security InRelease
2026-10-09T23:25:42.3907500Z Reading package lists...
2026-10-09T23:25:42.4035708Z [command]/usr/bin/sudo apt-get install --yes --no-install-recommends libasound2t64 libatk-bridge2.0-0t64 libatk1.0-0t64 libcairo2 libcups2t64 libdbus-1-3 libexpat1 libgbm1 libglib2.0-0t64 libnss3 libpango-1.0-0 libxcomposite1 libxdamage1 libxfixes3 libxkbcommon0 libxrandr2
2026-10-09T23:25:42.4239627Z Reading package lists...
2026-10-09T23:25:42.6363611Z Building dependency tree...
2026-10-09T23:25:42.6370065Z Reading state information...
2026-10-09T23:25:42.8197574Z libasound2t64 is already the newest version (1.2.11-1ubuntu0.3).
2026-10-09T23:25:42.8198193Z libasound2t64 set to manually installed.
2026-10-09T23:25:42.8198696Z libatk-bridge2.0-0t64 is already the newest version (2.52.0-1build1).
2026-10-09T23:25:42.8199234Z libatk-bridge2.0-0t64 set to manually installed.
2026-10-09T23:25:42.8199757Z libatk1.0-0t64 is already the newest version (2.52.0-1build1).
2026-10-09T23:25:42.8200218Z libatk1.0-0t64 set to manually installed.
2026-10-09T23:25:42.8200661Z libcairo2 is already the newest version (1.18.0-3build1).
2026-10-09T23:25:42.8201304Z libcairo2 set to manually installed.
2026-10-09T23:25:42.8201766Z libcups2t64 is already the newest version (2.4.7-1.2ubuntu7.14).
2026-10-09T23:25:42.8202252Z libcups2t64 set to manually installed.
2026-10-09T23:25:42.8202783Z libdbus-1-3 is already the newest version (1.14.10-4ubuntu4.1).
2026-10-09T23:25:42.8204197Z libdbus-1-3 set to manually installed.
2026-10-09T23:25:42.8204848Z libexpat1 is already the newest version (2.6.1-2ubuntu0.6).
2026-10-09T23:25:42.8205616Z libexpat1 set to manually installed.
2026-10-09T23:25:42.8207003Z libgbm1 is already the newest version (25.2.8-0ubuntu0.24.04.4).
2026-10-09T23:25:42.8207689Z libgbm1 set to manually installed.
2026-10-09T23:25:42.8208280Z libglib2.0-0t64 is already the newest version (2.80.0-6ubuntu3.9).
2026-10-09T23:25:42.8208949Z libglib2.0-0t64 set to manually installed.
2026-10-09T23:25:42.8209489Z libnss3 is already the newest version (2:3.98-1ubuntu0.2).
2026-10-09T23:25:42.8210191Z libnss3 set to manually installed.
2026-10-09T23:25:42.8211416Z libpango-1.0-0 is already the newest version (1.52.1+ds-1build1).
2026-10-09T23:25:42.8212117Z libpango-1.0-0 set to manually installed.
2026-10-09T23:25:42.8212683Z libxcomposite1 is already the newest version (1:0.4.5-1build3).
2026-10-09T23:25:42.8213253Z libxcomposite1 set to manually installed.
2026-10-09T23:25:42.8213830Z libxdamage1 is already the newest version (1:1.1.6-1build1).
2026-10-09T23:25:42.8214395Z libxdamage1 set to manually installed.
2026-10-09T23:25:42.8214944Z libxfixes3 is already the newest version (1:6.0.0-2build1).
2026-10-09T23:25:42.8215443Z libxfixes3 set to manually installed.
2026-10-09T23:25:42.8215789Z libxkbcommon0 is already the newest version (1.6.0-1build1).
2026-10-09T23:25:42.8216146Z libxkbcommon0 set to manually installed.
2026-10-09T23:25:42.8216488Z libxrandr2 is already the newest version (2:1.5.2-2build1).
2026-10-09T23:25:42.8216826Z libxrandr2 set to manually installed.
2026-10-09T23:25:42.8217167Z 0 upgraded, 0 newly installed, 0 to remove and 23 not upgraded.
2026-10-09T23:25:42.8218682Z Setup chrome 155.0.8059.39
2026-10-09T23:25:42.8231527Z Attempting to download chrome 155.0.8059.39...
2026-10-09T23:25:43.1231707Z Acquiring chrome 155.0.8059.39 from https://storage.googleapis.com/chrome-for-testing-public/155.0.8059.39/linux64/chrome-linux64.zip
2026-10-09T23:25:44.3826943Z Installing chrome...
2026-10-09T23:25:44.3868644Z [command]/usr/bin/unzip -o -q /home/runner/work/_temp/1d53350b-fd97-4d0f-99e8-8c9d0bef1baa
2026-10-09T23:25:48.2102047Z Successfully Installed chrome to /opt/hostedtoolcache/setup-chrome/chrome/155.0.8059.39/x64
2026-10-09T23:25:48.2110495Z [command]/opt/hostedtoolcache/setup-chrome/chrome/155.0.8059.39/x64/chrome --version
2026-10-09T23:25:48.5349130Z Google Chrome for Testing 155.0.8059.39 
2026-10-09T23:25:48.5618198Z Successfully setup chrome 155.0.8059.39
2026-10-09T23:25:48.5791693Z ##[group]Run python scripts/ci/chrome_linux_sandbox.py --output target/ci/extended/sandbox-current
2026-10-09T23:25:48.5792469Z [36;1mpython scripts/ci/chrome_linux_sandbox.py --output target/ci/extended/sandbox-current[0m
2026-10-09T23:25:48.5855968Z shell: /usr/bin/bash -e {0}
2026-10-09T23:25:48.5856226Z env:
2026-10-09T23:25:48.5856433Z   CARGO_TERM_COLOR: always
2026-10-09T23:25:48.5856675Z   RUST_BACKTRACE: 1
2026-10-09T23:25:48.5856917Z   CARGO_HOME: /home/runner/.cargo
2026-10-09T23:25:48.5857174Z   CARGO_INCREMENTAL: 0
2026-10-09T23:25:48.5857396Z   CACHE_ON_FAILURE: false
2026-10-09T23:25:48.5857693Z   pythonLocation: /opt/hostedtoolcache/Python/3.11.17/x64
2026-10-09T23:25:48.5858125Z   PKG_CONFIG_PATH: /opt/hostedtoolcache/Python/3.11.17/x64/lib/pkgconfig
2026-10-09T23:25:48.5858542Z   Python_ROOT_DIR: /opt/hostedtoolcache/Python/3.11.17/x64
2026-10-09T23:25:48.5858928Z   Python2_ROOT_DIR: /opt/hostedtoolcache/Python/3.11.17/x64
2026-10-09T23:25:48.5859338Z   Python3_ROOT_DIR: /opt/hostedtoolcache/Python/3.11.17/x64
2026-10-09T23:25:48.5859721Z   LD_LIBRARY_PATH: /opt/hostedtoolcache/Python/3.11.17/x64/lib
2026-10-09T23:25:48.5860192Z   RUSTWRIGHT_CHROME: /opt/hostedtoolcache/setup-chrome/chrome/155.0.8059.39/x64/chrome
2026-10-09T23:25:48.5860615Z   CHROME_DEVEL_SANDBOX: 
2026-10-09T23:25:48.5860842Z ##[endgroup]
2026-10-09T23:25:49.2956934Z Chrome before: {"phase": "before", "method": "CDP HTTP renderer preflight", "outer_timeout_seconds": 25, "stdout": "/home/runner/work/rustwright/rustwright/target/ci/extended/sandbox-current/before-stdout.log", "stderr": "/home/runner/work/rustwright/rustwright/target/ci/extended/sandbox-current/before-stderr.log", "protocol": "/home/runner/work/rustwright/rustwright/target/ci/extended/sandbox-current/before-cdp.jsonl", "timed_out": false, "document_rendered": false, "exit_code": -6, "passed": false, "profile_path": "/home/runner/work/_temp/rustwright-before-g5eajc7o", "command": ["/opt/hostedtoolcache/setup-chrome/chrome/155.0.8059.39/x64/chrome", "--no-first-run", "--no-default-browser-check", "--user-data-dir=/home/runner/work/_temp/rustwright-before-g5eajc7o", "--headless=new", "--disable-gpu", "--hide-scrollbars", "--mute-audio", "--remote-debugging-address=127.0.0.1", "--remote-debugging-port=0", "about:blank"], "fixture_url": "http://127.0.0.1:34271/preflight-64181bf5bfea0fa9", "fixture_path": "/preflight-64181bf5bfea0fa9", "error": "RuntimeError: Chrome exited before its debugging endpoint: -6", "cleanup": {"termination_requested": false, "errors": [], "direct_child_reaped": true, "exit_code": -6}, "fixture_requests": [], "profile_removed": true}
2026-10-09T23:25:49.2969542Z [3238:3238:1009/232549.055910:FATAL:content/browser/zygote_host/zygote_host_impl_linux.cc:130] No usable sandbox! If you are running on Ubuntu 23.10+ or another Linux distro that has disabled unprivileged user namespaces with AppArmor, see https://chromium.googlesource.com/chromium/src/+/main/docs/security/apparmor-userns-restrictions.md. Otherwise see https://chromium.googlesource.com/chromium/src/+/main/docs/linux/suid_sandbox_development.md for more information on developing with the (older) SUID sandbox. If you want to live dangerously and need an immediate workaround, you can try using --no-sandbox.
2026-10-09T23:25:49.2973136Z [1009/232549.063776:ERROR:third_party/crashpad/crashpad/util/file/file_io_posix.cc:145] open /sys/devices/system/cpu/cpu0/cpufreq/scaling_cur_freq: No such file or directory (2)
2026-10-09T23:25:49.2974322Z [1009/232549.063814:ERROR:third_party/crashpad/crashpad/util/file/file_io_posix.cc:145] open /sys/devices/system/cpu/cpu0/cpufreq/scaling_max_freq: No such file or directory (2)
2026-10-09T23:25:49.2975020Z Received signal 6
2026-10-09T23:25:49.2975433Z #0 0x55d375065fc3 (/opt/hostedtoolcache/setup-chrome/chrome/155.0.8059.39/x64/chrome+0x6aecfc2)
2026-10-09T23:25:49.2976061Z #1 0x55d37a034174 (/opt/hostedtoolcache/setup-chrome/chrome/155.0.8059.39/x64/chrome+0xbabb173)
2026-10-09T23:25:49.2976850Z #2 0x7f6b20645330 (/usr/lib/x86_64-linux-gnu/libc.so.6+0x4532f)
2026-10-09T23:25:49.2977256Z #3 0x7f6b2064527e (/usr/lib/x86_64-linux-gnu/libc.so.6+0x4527d)
2026-10-09T23:25:49.2977638Z #4 0x7f6b206288ff (/usr/lib/x86_64-linux-gnu/libc.so.6+0x288fe)
2026-10-09T23:25:49.2978137Z #5 0x55d37a02aed5 (/opt/hostedtoolcache/setup-chrome/chrome/155.0.8059.39/x64/chrome+0xbab1ed4)
2026-10-09T23:25:49.2978761Z #6 0x55d379feab8d (/opt/hostedtoolcache/setup-chrome/chrome/155.0.8059.39/x64/chrome+0xba71b8c)
2026-10-09T23:25:49.2979374Z #7 0x55d379feaadd (/opt/hostedtoolcache/setup-chrome/chrome/155.0.8059.39/x64/chrome+0xba71adc)
2026-10-09T23:25:49.2979963Z #8 0x55d374d2fc12 (/opt/hostedtoolcache/setup-chrome/chrome/155.0.8059.39/x64/chrome+0x67b6c11)
2026-10-09T23:25:49.2980546Z #9 0x55d374456829 (/opt/hostedtoolcache/setup-chrome/chrome/155.0.8059.39/x64/chrome+0x5edd828)
2026-10-09T23:25:49.2981533Z #10 0x55d373f8ef58 (/opt/hostedtoolcache/setup-chrome/chrome/155.0.8059.39/x64/chrome+0x5a15f57)
2026-10-09T23:25:49.2982169Z #11 0x55d3794fd74f (/opt/hostedtoolcache/setup-chrome/chrome/155.0.8059.39/x64/chrome+0xaf8474e)
2026-10-09T23:25:49.2982769Z #12 0x55d37449f90c (/opt/hostedtoolcache/setup-chrome/chrome/155.0.8059.39/x64/chrome+0x5f2690b)
2026-10-09T23:25:49.2983360Z #13 0x55d37449f060 (/opt/hostedtoolcache/setup-chrome/chrome/155.0.8059.39/x64/chrome+0x5f2605f)
2026-10-09T23:25:49.2983872Z #14 0x7f6b2062a1ca (/usr/lib/x86_64-linux-gnu/libc.so.6+0x2a1c9)
2026-10-09T23:25:49.2984258Z #15 0x7f6b2062a28b (/usr/lib/x86_64-linux-gnu/libc.so.6+0x2a28a)
2026-10-09T23:25:49.2984955Z #16 0x55d37531f36a (/opt/hostedtoolcache/setup-chrome/chrome/155.0.8059.39/x64/chrome+0x6da6369)
2026-10-09T23:25:49.2985523Z   r8: 000023e0000a8263  r9: 0000000000000001 r10: 0000000000000008 r11: 0000000000000246
2026-10-09T23:25:49.2986036Z  r12: 0000000000000006 r13: 000023e0000a8000 r14: 0000000000000016 r15: 00007fffa0377898
2026-10-09T23:25:49.2986536Z   di: 0000000000000ca6  si: 0000000000000ca6  bp: 00007fffa0377210  bx: 0000000000000ca6
2026-10-09T23:25:49.2987035Z   dx: 0000000000000006  ax: 0000000000000000  cx: 00007f6b2069ec0c  sp: 00007fffa03771d0
2026-10-09T23:25:49.2987536Z   ip: 00007f6b2069ec0c efl: 0000000000000246 cgf: 002b000000000033 erf: 0000000000000000
2026-10-09T23:25:49.2987980Z  trp: 0000000000000000 msk: 0000000000000000 cr2: 0000000000000000
2026-10-09T23:25:49.2988308Z [end of stack trace]
2026-10-09T23:25:49.2988447Z 
2026-10-09T23:25:50.2509472Z Chrome after-configuration: {"phase": "after-configuration", "method": "CDP HTTP renderer preflight", "outer_timeout_seconds": 25, "stdout": "/home/runner/work/rustwright/rustwright/target/ci/extended/sandbox-current/after-configuration-stdout.log", "stderr": "/home/runner/work/rustwright/rustwright/target/ci/extended/sandbox-current/after-configuration-stderr.log", "protocol": "/home/runner/work/rustwright/rustwright/target/ci/extended/sandbox-current/after-configuration-cdp.jsonl", "timed_out": false, "document_rendered": true, "exit_code": 0, "passed": true, "profile_path": "/home/runner/work/_temp/rustwright-after-configuration-m29ebudb", "command": ["/opt/hostedtoolcache/setup-chrome/chrome/155.0.8059.39/x64/chrome", "--no-first-run", "--no-default-browser-check", "--user-data-dir=/home/runner/work/_temp/rustwright-after-configuration-m29ebudb", "--headless=new", "--disable-gpu", "--hide-scrollbars", "--mute-audio", "--remote-debugging-address=127.0.0.1", "--remote-debugging-port=0", "about:blank"], "fixture_url": "http://127.0.0.1:39487/preflight-11b7a79a2d117edd", "fixture_path": "/preflight-11b7a79a2d117edd", "navigation": {"frameId": "4B4B6CFE03CE34862FCC7604FB169A94", "loaderId": "D0AB6FBBE29D1BD21B51975FEA37E0DA", "isDownload": false}, "document": {"url": "http://127.0.0.1:39487/preflight-11b7a79a2d117edd", "title": "Rustwright Linux sandbox preflight", "body": "<h1>ready</h1>", "readyState": "complete"}, "lifecycle": {"frameId": "4B4B6CFE03CE34862FCC7604FB169A94", "loaderId": "D0AB6FBBE29D1BD21B51975FEA37E0DA", "name": "DOMContentLoaded", "timestamp": 117.389071}, "document_response": {"requestId": "D0AB6FBBE29D1BD21B51975FEA37E0DA", "loaderId": "D0AB6FBBE29D1BD21B51975FEA37E0DA", "timestamp": 117.367207, "type": "Document", "response": {"url": "http://127.0.0.1:39487/preflight-11b7a79a2d117edd", "status": 200, "statusText": "OK", "headers": {"Content-Length": "78", "Content-Type": "text/html; charset=utf-8", "Date": "Fri, 09 Oct 2026 23:25:50 GMT", "Server": "BaseHTTP/0.6 Python/3.11.17"}, "mimeType": "text/html", "charset": "utf-8", "connectionReused": true, "connectionId": 138, "remoteIPAddress": "127.0.0.1", "remotePort": 39487, "fromDiskCache": false, "fromServiceWorker": false, "fromPrefetchCache": false, "encodedDataLength": 153, "timing": {"requestTime": 117.354811, "proxyStart": -1, "proxyEnd": -1, "dnsStart": -1, "dnsEnd": -1, "connectStart": -1, "connectEnd": -1, "sslStart": -1, "sslEnd": -1, "workerStart": -1, "workerReady": -1, "workerFetchStart": -1, "workerRespondWithSettled": -1, "sendStart": 0.73, "sendEnd": 0.836, "pushStart": 0, "pushEnd": 0, "receiveHeadersStart": 5.992, "receiveHeadersEnd": 6.046}, "responseTime": 1791588350016.889, "protocol": "http/1.0", "alternateProtocolUsage": "unspecifiedReason", "securityState": "secure"}, "hasExtraInfo": true, "frameId": "4B4B6CFE03CE34862FCC7604FB169A94"}, "loading_finished": {"requestId": "D0AB6FBBE29D1BD21B51975FEA37E0DA", "timestamp": 117.36121, "encodedDataLength": 231}, "browser_close_acknowledged": true, "cleanup": {"termination_requested": false, "errors": [], "direct_child_reaped": true, "exit_code": 0}, "fixture_requests": [{"path": "/preflight-11b7a79a2d117edd", "status": 200, "bytes_written": 78}, {"path": "/favicon.ico", "status": 200, "bytes_written": 78}], "profile_removed": true}
2026-10-09T23:25:50.2527053Z [3261:3281:1009/232549.624273:ERROR:dbus/bus.cc:405] Failed to connect to the bus: Could not parse server address: Unknown address type (examples of valid types are "tcp" and on UNIX "unix")
2026-10-09T23:25:50.2528938Z [3261:3281:1009/232549.625338:ERROR:dbus/bus.cc:405] Failed to connect to the bus: Could not parse server address: Unknown address type (examples of valid types are "tcp" and on UNIX "unix")
2026-10-09T23:25:50.2530751Z [3261:3281:1009/232549.625561:ERROR:dbus/bus.cc:405] Failed to connect to the bus: Could not parse server address: Unknown address type (examples of valid types are "tcp" and on UNIX "unix")
2026-10-09T23:25:50.2532733Z [3261:3281:1009/232549.628130:ERROR:dbus/bus.cc:405] Failed to connect to the bus: Could not parse server address: Unknown address type (examples of valid types are "tcp" and on UNIX "unix")
2026-10-09T23:25:50.2534510Z [3261:3281:1009/232549.657019:ERROR:dbus/bus.cc:405] Failed to connect to the bus: Could not parse server address: Unknown address type (examples of valid types are "tcp" and on UNIX "unix")
2026-10-09T23:25:50.2535488Z 
2026-10-09T23:25:50.2535896Z DevTools listening on ws://127.0.0.1:36223/devtools/browser/2984597e-4ce3-4e16-b1f7-0093348f5269
2026-10-09T23:25:50.2537289Z [3261:3261:1009/232549.810720:ERROR:dbus/object_proxy.cc:572] Failed to call method: org.freedesktop.DBus.NameHasOwner: object_path= /org/freedesktop/DBus: unknown error type: 
2026-10-09T23:25:50.2539221Z [3261:3281:1009/232549.810861:ERROR:dbus/bus.cc:405] Failed to connect to the bus: Could not parse server address: Unknown address type (examples of valid types are "tcp" and on UNIX "unix")
2026-10-09T23:25:50.2541091Z [3261:3261:1009/232549.810927:ERROR:dbus/object_proxy.cc:572] Failed to call method: org.freedesktop.DBus.NameHasOwner: object_path= /org/freedesktop/DBus: unknown error type: 
2026-10-09T23:25:50.2542957Z [3261:3281:1009/232549.811940:ERROR:dbus/bus.cc:405] Failed to connect to the bus: Could not parse server address: Unknown address type (examples of valid types are "tcp" and on UNIX "unix")
2026-10-09T23:25:50.2544867Z [3261:3261:1009/232549.818679:ERROR:dbus/object_proxy.cc:572] Failed to call method: org.freedesktop.DBus.NameHasOwner: object_path= /org/freedesktop/DBus: unknown error type: 
2026-10-09T23:25:50.2546928Z [3261:3261:1009/232549.820627:ERROR:dbus/object_proxy.cc:572] Failed to call method: org.freedesktop.DBus.NameHasOwner: object_path= /org/freedesktop/DBus: unknown error type: 
2026-10-09T23:25:50.2548786Z [3261:3281:1009/232549.820731:ERROR:dbus/bus.cc:405] Failed to connect to the bus: Could not parse server address: Unknown address type (examples of valid types are "tcp" and on UNIX "unix")
2026-10-09T23:25:50.2550622Z [3261:3261:1009/232549.854180:ERROR:dbus/object_proxy.cc:572] Failed to call method: org.freedesktop.DBus.NameHasOwner: object_path= /org/freedesktop/DBus: unknown error type: 
2026-10-09T23:25:50.2552736Z [3261:3261:1009/232549.856496:ERROR:dbus/object_proxy.cc:572] Failed to call method: org.freedesktop.DBus.NameHasOwner: object_path= /org/freedesktop/DBus: unknown error type: 
2026-10-09T23:25:50.2554573Z [3261:3281:1009/232549.856558:ERROR:dbus/bus.cc:405] Failed to connect to the bus: Could not parse server address: Unknown address type (examples of valid types are "tcp" and on UNIX "unix")
2026-10-09T23:25:50.2556516Z [3261:3261:1009/232549.861367:ERROR:dbus/object_proxy.cc:572] Failed to call method: org.freedesktop.DBus.NameHasOwner: object_path= /org/freedesktop/DBus: unknown error type: 
2026-10-09T23:25:50.2559134Z [3261:3261:1009/232549.907578:ERROR:dbus/object_proxy.cc:572] Failed to call method: org.freedesktop.DBus.Properties.GetAll: object_path= /org/freedesktop/UPower/devices/DisplayDevice: org.freedesktop.DBus.Error.ServiceUnknown: The name org.freedesktop.UPower was not provided by any .service files
2026-10-09T23:25:50.2562061Z [3261:3261:1009/232549.907675:ERROR:dbus/object_proxy.cc:572] Failed to call method: org.freedesktop.DBus.NameHasOwner: object_path= /org/freedesktop/DBus: unknown error type: 
2026-10-09T23:25:50.2564078Z [3261:3281:1009/232549.907748:ERROR:dbus/bus.cc:405] Failed to connect to the bus: Could not parse server address: Unknown address type (examples of valid types are "tcp" and on UNIX "unix")
2026-10-09T23:25:50.2565986Z [3261:3261:1009/232549.937166:ERROR:dbus/object_proxy.cc:572] Failed to call method: org.freedesktop.DBus.NameHasOwner: object_path= /org/freedesktop/DBus: unknown error type: 
2026-10-09T23:25:50.2567880Z [3261:3281:1009/232549.939136:ERROR:dbus/bus.cc:405] Failed to connect to the bus: Could not parse server address: Unknown address type (examples of valid types are "tcp" and on UNIX "unix")
2026-10-09T23:25:50.2569745Z [3261:3261:1009/232549.957376:ERROR:dbus/object_proxy.cc:572] Failed to call method: org.freedesktop.DBus.NameHasOwner: object_path= /org/freedesktop/DBus: unknown error type: 
2026-10-09T23:25:50.2572379Z [3261:3261:1009/232549.960033:ERROR:dbus/object_proxy.cc:572] Failed to call method: org.freedesktop.NetworkManager.GetDevices: object_path= /org/freedesktop/NetworkManager: org.freedesktop.DBus.Error.ServiceUnknown: The name org.freedesktop.NetworkManager was not provided by any .service files
2026-10-09T23:25:50.2574099Z 
2026-10-09T23:25:50.2675155Z ##[group]Run browser-actions/setup-firefox@v1
2026-10-09T23:25:50.2675492Z with:
2026-10-09T23:25:50.2675705Z   firefox-version: 157.0.1
2026-10-09T23:25:50.2675937Z env:
2026-10-09T23:25:50.2676120Z   CARGO_TERM_COLOR: always
2026-10-09T23:25:50.2676353Z   RUST_BACKTRACE: 1
2026-10-09T23:25:50.2676572Z   CARGO_HOME: /home/runner/.cargo
2026-10-09T23:25:50.2676826Z   CARGO_INCREMENTAL: 0
2026-10-09T23:25:50.2677046Z   CACHE_ON_FAILURE: false
2026-10-09T23:25:50.2677347Z   pythonLocation: /opt/hostedtoolcache/Python/3.11.17/x64
2026-10-09T23:25:50.2677784Z   PKG_CONFIG_PATH: /opt/hostedtoolcache/Python/3.11.17/x64/lib/pkgconfig
2026-10-09T23:25:50.2678225Z   Python_ROOT_DIR: /opt/hostedtoolcache/Python/3.11.17/x64
2026-10-09T23:25:50.2678600Z   Python2_ROOT_DIR: /opt/hostedtoolcache/Python/3.11.17/x64
2026-10-09T23:25:50.2678985Z   Python3_ROOT_DIR: /opt/hostedtoolcache/Python/3.11.17/x64
2026-10-09T23:25:50.2679370Z   LD_LIBRARY_PATH: /opt/hostedtoolcache/Python/3.11.17/x64/lib
2026-10-09T23:25:50.2679865Z   CHROME_DEVEL_SANDBOX: /usr/local/lib/rustwright-ci/155.0.8059.39/chrome-sandbox
2026-10-09T23:25:50.2680257Z ##[endgroup]
2026-10-09T23:25:50.3409986Z Setup firefox 157.0.1 (en-US)
2026-10-09T23:25:50.3418141Z Attempting to download firefox 157.0.1...
2026-10-09T23:25:50.3420847Z This is the version number:157
2026-10-09T23:25:50.3422045Z Acquiring 157.0.1 from https://ftp.mozilla.org/pub/firefox/releases/157.0.1/linux-x86_64/en-US/firefox-157.0.1.tar.xz
2026-10-09T23:25:50.7528348Z Extracting Firefox...
2026-10-09T23:25:50.7656874Z [command]/usr/bin/tar xJ --strip-components=1 --warning=no-unknown-keyword --overwrite -C /home/runner/work/_temp/7e7c43ed-2d86-4a23-9497-6c03cda3bd49 -f /home/runner/work/_temp/d4c99e51-8ce6-4ac4-9228-71995139a2b5
2026-10-09T23:25:56.4588599Z Successfully extracted firefox 157.0.1 to /home/runner/work/_temp/7e7c43ed-2d86-4a23-9497-6c03cda3bd49
2026-10-09T23:25:56.4589476Z Adding to the cache ...
2026-10-09T23:25:56.4607337Z (node:3463) Warning: Closing file descriptor 21 on garbage collection
2026-10-09T23:25:56.4608168Z (Use `node --trace-warnings ...` to show where the warning was created)
2026-10-09T23:25:56.4610066Z (node:3463) [DEP0137] DeprecationWarning: Closing a FileHandle object on garbage collection is deprecated. Please close FileHandle objects explicitly using FileHandle.prototype.close(). In the future, an error will be thrown if a file descriptor is closed during garbage collection.
2026-10-09T23:25:56.9051556Z Successfully cached firefox 157.0.1 to /opt/hostedtoolcache/firefox/157.0.1/x64
2026-10-09T23:25:56.9052481Z [command]/opt/hostedtoolcache/firefox/157.0.1/x64/firefox --version
2026-10-09T23:25:56.9113442Z [3481] Sandbox: CanCreateUserNamespace() unshare(CLONE_NEWPID): EPERM
2026-10-09T23:25:57.5872722Z Mozilla Firefox 157.0.1
2026-10-09T23:25:57.5890024Z Successfully setup firefox version 157.0.1
2026-10-09T23:25:57.6047416Z ##[group]Run browser-actions/setup-chrome@v2
2026-10-09T23:25:57.6047977Z with:
2026-10-09T23:25:57.6048337Z   chrome-version: 151.0.7922.138
2026-10-09T23:25:57.6048789Z   install-dependencies: true
2026-10-09T23:25:57.6049230Z   install-chromedriver: false
2026-10-09T23:25:57.6049645Z   no-sudo: false
2026-10-09T23:25:57.6049986Z env:
2026-10-09T23:25:57.6050310Z   CARGO_TERM_COLOR: always
2026-10-09T23:25:57.6050694Z   RUST_BACKTRACE: 1
2026-10-09T23:25:57.6051616Z   CARGO_HOME: /home/runner/.cargo
2026-10-09T23:25:57.6052071Z   CARGO_INCREMENTAL: 0
2026-10-09T23:25:57.6052454Z   CACHE_ON_FAILURE: false
2026-10-09T23:25:57.6052951Z   pythonLocation: /opt/hostedtoolcache/Python/3.11.17/x64
2026-10-09T23:25:57.6053731Z   PKG_CONFIG_PATH: /opt/hostedtoolcache/Python/3.11.17/x64/lib/pkgconfig
2026-10-09T23:25:57.6054495Z   Python_ROOT_DIR: /opt/hostedtoolcache/Python/3.11.17/x64
2026-10-09T23:25:57.6055157Z   Python2_ROOT_DIR: /opt/hostedtoolcache/Python/3.11.17/x64
2026-10-09T23:25:57.6055858Z   Python3_ROOT_DIR: /opt/hostedtoolcache/Python/3.11.17/x64
2026-10-09T23:25:57.6056524Z   LD_LIBRARY_PATH: /opt/hostedtoolcache/Python/3.11.17/x64/lib
2026-10-09T23:25:57.6057313Z   CHROME_DEVEL_SANDBOX: /usr/local/lib/rustwright-ci/155.0.8059.39/chrome-sandbox
2026-10-09T23:25:57.6057998Z ##[endgroup]
2026-10-09T23:25:57.6779227Z Installing dependencies
2026-10-09T23:25:57.6857478Z [command]/usr/bin/sudo apt-get update
2026-10-09T23:25:57.7612819Z Get:1 file:/etc/apt/apt-mirrors.txt Mirrorlist [144 B]
2026-10-09T23:25:57.8051198Z Hit:2 http://azure.archive.ubuntu.com/ubuntu noble InRelease
2026-10-09T23:25:57.8062619Z Hit:6 https://packages.microsoft.com/ubuntu/24.04/prod noble InRelease
2026-10-09T23:25:57.8101834Z Hit:3 http://azure.archive.ubuntu.com/ubuntu noble-updates InRelease
2026-10-09T23:25:57.8103279Z Hit:4 http://azure.archive.ubuntu.com/ubuntu noble-backports InRelease
2026-10-09T23:25:57.8104162Z Hit:5 http://azure.archive.ubuntu.com/ubuntu noble-security InRelease
2026-10-09T23:25:59.0417818Z Reading package lists...
2026-10-09T23:25:59.0548068Z [command]/usr/bin/sudo apt-get install --yes --no-install-recommends libasound2t64 libatk-bridge2.0-0t64 libatk1.0-0t64 libcairo2 libcups2t64 libdbus-1-3 libexpat1 libgbm1 libglib2.0-0t64 libnss3 libpango-1.0-0 libxcomposite1 libxdamage1 libxfixes3 libxkbcommon0 libxrandr2
2026-10-09T23:25:59.0749937Z Reading package lists...
2026-10-09T23:25:59.2612569Z Building dependency tree...
2026-10-09T23:25:59.2618267Z Reading state information...
2026-10-09T23:25:59.4262237Z libasound2t64 is already the newest version (1.2.11-1ubuntu0.3).
2026-10-09T23:25:59.4263059Z libatk-bridge2.0-0t64 is already the newest version (2.52.0-1build1).
2026-10-09T23:25:59.4263770Z libatk1.0-0t64 is already the newest version (2.52.0-1build1).
2026-10-09T23:25:59.4264467Z libcairo2 is already the newest version (1.18.0-3build1).
2026-10-09T23:25:59.4265158Z libcups2t64 is already the newest version (2.4.7-1.2ubuntu7.14).
2026-10-09T23:25:59.4265879Z libdbus-1-3 is already the newest version (1.14.10-4ubuntu4.1).
2026-10-09T23:25:59.4266565Z libexpat1 is already the newest version (2.6.1-2ubuntu0.6).
2026-10-09T23:25:59.4267221Z libgbm1 is already the newest version (25.2.8-0ubuntu0.24.04.4).
2026-10-09T23:25:59.4267729Z libglib2.0-0t64 is already the newest version (2.80.0-6ubuntu3.9).
2026-10-09T23:25:59.4268145Z libnss3 is already the newest version (2:3.98-1ubuntu0.2).
2026-10-09T23:25:59.4268549Z libpango-1.0-0 is already the newest version (1.52.1+ds-1build1).
2026-10-09T23:25:59.4268980Z libxcomposite1 is already the newest version (1:0.4.5-1build3).
2026-10-09T23:25:59.4269387Z libxdamage1 is already the newest version (1:1.1.6-1build1).
2026-10-09T23:25:59.4269776Z libxfixes3 is already the newest version (1:6.0.0-2build1).
2026-10-09T23:25:59.4270787Z libxkbcommon0 is already the newest version (1.6.0-1build1).
2026-10-09T23:25:59.4271514Z libxrandr2 is already the newest version (2:1.5.2-2build1).
2026-10-09T23:25:59.4272157Z 0 upgraded, 0 newly installed, 0 to remove and 23 not upgraded.
2026-10-09T23:25:59.4281226Z Setup chrome 151.0.7922.138
2026-10-09T23:25:59.4296889Z Attempting to download chrome 151.0.7922.138...
2026-10-09T23:25:59.7206630Z Acquiring chrome 151.0.7922.138 from https://storage.googleapis.com/chrome-for-testing-public/151.0.7922.138/linux64/chrome-linux64.zip
2026-10-09T23:26:01.0423156Z Installing chrome...
2026-10-09T23:26:01.0470356Z [command]/usr/bin/unzip -o -q /home/runner/work/_temp/a85b3dfd-1b4d-4d5f-bc90-af41e4d63224
2026-10-09T23:26:05.4181454Z Successfully Installed chrome to /opt/hostedtoolcache/setup-chrome/chrome/151.0.7922.138/x64
2026-10-09T23:26:05.4189991Z [command]/opt/hostedtoolcache/setup-chrome/chrome/151.0.7922.138/x64/chrome --version
2026-10-09T23:26:05.4456597Z Google Chrome for Testing 151.0.7922.138 
2026-10-09T23:26:05.4485622Z Successfully setup chrome 151.0.7922.138
2026-10-09T23:26:05.4653930Z ##[group]Run python scripts/ci/chrome_linux_sandbox.py --output target/ci/extended/sandbox-previous
2026-10-09T23:26:05.4654660Z [36;1mpython scripts/ci/chrome_linux_sandbox.py --output target/ci/extended/sandbox-previous[0m
2026-10-09T23:26:05.4718809Z shell: /usr/bin/bash -e {0}
2026-10-09T23:26:05.4719070Z env:
2026-10-09T23:26:05.4719264Z   CARGO_TERM_COLOR: always
2026-10-09T23:26:05.4719502Z   RUST_BACKTRACE: 1
2026-10-09T23:26:05.4719719Z   CARGO_HOME: /home/runner/.cargo
2026-10-09T23:26:05.4719969Z   CARGO_INCREMENTAL: 0
2026-10-09T23:26:05.4720196Z   CACHE_ON_FAILURE: false
2026-10-09T23:26:05.4720486Z   pythonLocation: /opt/hostedtoolcache/Python/3.11.17/x64
2026-10-09T23:26:05.4721220Z   PKG_CONFIG_PATH: /opt/hostedtoolcache/Python/3.11.17/x64/lib/pkgconfig
2026-10-09T23:26:05.4721680Z   Python_ROOT_DIR: /opt/hostedtoolcache/Python/3.11.17/x64
2026-10-09T23:26:05.4722086Z   Python2_ROOT_DIR: /opt/hostedtoolcache/Python/3.11.17/x64
2026-10-09T23:26:05.4722493Z   Python3_ROOT_DIR: /opt/hostedtoolcache/Python/3.11.17/x64
2026-10-09T23:26:05.4722873Z   LD_LIBRARY_PATH: /opt/hostedtoolcache/Python/3.11.17/x64/lib
2026-10-09T23:26:05.4723201Z   CHROME_DEVEL_SANDBOX: 
2026-10-09T23:26:05.4723575Z   RUSTWRIGHT_CHROME: /opt/hostedtoolcache/setup-chrome/chrome/151.0.7922.138/x64/chrome
2026-10-09T23:26:05.4723990Z ##[endgroup]
2026-10-09T23:26:06.0753170Z Chrome before: {"phase": "before", "method": "CDP HTTP renderer preflight", "outer_timeout_seconds": 25, "stdout": "/home/runner/work/rustwright/rustwright/target/ci/extended/sandbox-previous/before-stdout.log", "stderr": "/home/runner/work/rustwright/rustwright/target/ci/extended/sandbox-previous/before-stderr.log", "protocol": "/home/runner/work/rustwright/rustwright/target/ci/extended/sandbox-previous/before-cdp.jsonl", "timed_out": false, "document_rendered": false, "exit_code": -6, "passed": false, "profile_path": "/home/runner/work/_temp/rustwright-before-mp4e33q2", "command": ["/opt/hostedtoolcache/setup-chrome/chrome/151.0.7922.138/x64/chrome", "--no-first-run", "--no-default-browser-check", "--user-data-dir=/home/runner/work/_temp/rustwright-before-mp4e33q2", "--headless=new", "--disable-gpu", "--hide-scrollbars", "--mute-audio", "--remote-debugging-address=127.0.0.1", "--remote-debugging-port=0", "about:blank"], "fixture_url": "http://127.0.0.1:33069/preflight-33afe19ce1c7369a", "fixture_path": "/preflight-33afe19ce1c7369a", "error": "RuntimeError: Chrome exited before its debugging endpoint: -6", "cleanup": {"termination_requested": false, "errors": [], "direct_child_reaped": true, "exit_code": -6}, "fixture_requests": [], "profile_removed": true}
2026-10-09T23:26:06.0763346Z [3809:3809:1009/232605.803818:FATAL:content/browser/zygote_host/zygote_host_impl_linux.cc:128] No usable sandbox! If you are running on Ubuntu 23.10+ or another Linux distro that has disabled unprivileged user namespaces with AppArmor, see https://chromium.googlesource.com/chromium/src/+/main/docs/security/apparmor-userns-restrictions.md. Otherwise see https://chromium.googlesource.com/chromium/src/+/main/docs/linux/suid_sandbox_development.md for more information on developing with the (older) SUID sandbox. If you want to live dangerously and need an immediate workaround, you can try using --no-sandbox.
2026-10-09T23:26:06.0768485Z [1009/232605.814308:ERROR:third_party/crashpad/crashpad/util/file/file_io_posix.cc:145] open /sys/devices/system/cpu/cpu0/cpufreq/scaling_cur_freq: No such file or directory (2)
2026-10-09T23:26:06.0770531Z [1009/232605.814358:ERROR:third_party/crashpad/crashpad/util/file/file_io_posix.cc:145] open /sys/devices/system/cpu/cpu0/cpufreq/scaling_max_freq: No such file or directory (2)
2026-10-09T23:26:06.0772027Z Received signal 6
2026-10-09T23:26:06.0772691Z #0 0x55eeecc35e33 (/opt/hostedtoolcache/setup-chrome/chrome/151.0.7922.138/x64/chrome+0x6a7fe32)
2026-10-09T23:26:06.0773741Z #1 0x55eef16ce964 (/opt/hostedtoolcache/setup-chrome/chrome/151.0.7922.138/x64/chrome+0xb518963)
2026-10-09T23:26:06.0774967Z #2 0x7fcb22245330 (/usr/lib/x86_64-linux-gnu/libc.so.6+0x4532f)
2026-10-09T23:26:06.0775666Z #3 0x7fcb2224527e (/usr/lib/x86_64-linux-gnu/libc.so.6+0x4527d)
2026-10-09T23:26:06.0776315Z #4 0x7fcb222288ff (/usr/lib/x86_64-linux-gnu/libc.so.6+0x288fe)
2026-10-09T23:26:06.0777206Z #5 0x55eef16c6875 (/opt/hostedtoolcache/setup-chrome/chrome/151.0.7922.138/x64/chrome+0xb510874)
2026-10-09T23:26:06.0778266Z #6 0x55eef168a17d (/opt/hostedtoolcache/setup-chrome/chrome/151.0.7922.138/x64/chrome+0xb4d417c)
2026-10-09T23:26:06.0779311Z #7 0x55eef168a10e (/opt/hostedtoolcache/setup-chrome/chrome/151.0.7922.138/x64/chrome+0xb4d410d)
2026-10-09T23:26:06.0780383Z #8 0x55eeec91a0d8 (/opt/hostedtoolcache/setup-chrome/chrome/151.0.7922.138/x64/chrome+0x67640d7)
2026-10-09T23:26:06.0781999Z #9 0x55eeeb3a0b29 (/opt/hostedtoolcache/setup-chrome/chrome/151.0.7922.138/x64/chrome+0x51eab28)
2026-10-09T23:26:06.0783042Z #10 0x55eeeb1763fb (/opt/hostedtoolcache/setup-chrome/chrome/151.0.7922.138/x64/chrome+0x4fc03fa)
2026-10-09T23:26:06.0784116Z #11 0x55eef0abe8fc (/opt/hostedtoolcache/setup-chrome/chrome/151.0.7922.138/x64/chrome+0xa9088fb)
2026-10-09T23:26:06.0785203Z #12 0x55eeeb92790c (/opt/hostedtoolcache/setup-chrome/chrome/151.0.7922.138/x64/chrome+0x577190b)
2026-10-09T23:26:06.0786248Z #13 0x55eeeb928375 (/opt/hostedtoolcache/setup-chrome/chrome/151.0.7922.138/x64/chrome+0x5772374)
2026-10-09T23:26:06.0787138Z #14 0x7fcb2222a1ca (/usr/lib/x86_64-linux-gnu/libc.so.6+0x2a1c9)
2026-10-09T23:26:06.0787828Z #15 0x7fcb2222a28b (/usr/lib/x86_64-linux-gnu/libc.so.6+0x2a28a)
2026-10-09T23:26:06.0788615Z #16 0x55eeece75d9a (/opt/hostedtoolcache/setup-chrome/chrome/151.0.7922.138/x64/chrome+0x6cbfd99)
2026-10-09T23:26:06.0789479Z   r8: 00000d40000b4263  r9: 0000000000000001 r10: 0000000000000008 r11: 0000000000000246
2026-10-09T23:26:06.0790305Z  r12: 0000000000000006 r13: 0000000000000264 r14: 0000000000000016 r15: 00007ffee3ba1ea8
2026-10-09T23:26:06.0791549Z   di: 0000000000000ee1  si: 0000000000000ee1  bp: 00007ffee3ba1820  bx: 0000000000000ee1
2026-10-09T23:26:06.0792429Z   dx: 0000000000000006  ax: 0000000000000000  cx: 00007fcb2229ec0c  sp: 00007ffee3ba17e0
2026-10-09T23:26:06.0793323Z   ip: 00007fcb2229ec0c efl: 0000000000000246 cgf: 002b000000000033 erf: 0000000000000000
2026-10-09T23:26:06.0794096Z  trp: 0000000000000000 msk: 0000000000000000 cr2: 0000000000000000
2026-10-09T23:26:06.0794689Z [end of stack trace]
2026-10-09T23:26:06.0794928Z 
2026-10-09T23:26:06.9133842Z Chrome after-configuration: {"phase": "after-configuration", "method": "CDP HTTP renderer preflight", "outer_timeout_seconds": 25, "stdout": "/home/runner/work/rustwright/rustwright/target/ci/extended/sandbox-previous/after-configuration-stdout.log", "stderr": "/home/runner/work/rustwright/rustwright/target/ci/extended/sandbox-previous/after-configuration-stderr.log", "protocol": "/home/runner/work/rustwright/rustwright/target/ci/extended/sandbox-previous/after-configuration-cdp.jsonl", "timed_out": false, "document_rendered": true, "exit_code": 0, "passed": true, "profile_path": "/home/runner/work/_temp/rustwright-after-configuration-xlu2ve8l", "command": ["/opt/hostedtoolcache/setup-chrome/chrome/151.0.7922.138/x64/chrome", "--no-first-run", "--no-default-browser-check", "--user-data-dir=/home/runner/work/_temp/rustwright-after-configuration-xlu2ve8l", "--headless=new", "--disable-gpu", "--hide-scrollbars", "--mute-audio", "--remote-debugging-address=127.0.0.1", "--remote-debugging-port=0", "about:blank"], "fixture_url": "http://127.0.0.1:34475/preflight-e17ae3c4fa5e25ef", "fixture_path": "/preflight-e17ae3c4fa5e25ef", "navigation": {"frameId": "BE0E329EAE266EB3F9C099AF25F85DD9", "loaderId": "51ECE5838A33B258A6B5F070BE3D2C68", "isDownload": false}, "document": {"url": "http://127.0.0.1:34475/preflight-e17ae3c4fa5e25ef", "title": "Rustwright Linux sandbox preflight", "body": "<h1>ready</h1>", "readyState": "complete"}, "lifecycle": {"frameId": "BE0E329EAE266EB3F9C099AF25F85DD9", "loaderId": "51ECE5838A33B258A6B5F070BE3D2C68", "name": "DOMContentLoaded", "timestamp": 134.073903}, "document_response": {"requestId": "51ECE5838A33B258A6B5F070BE3D2C68", "loaderId": "51ECE5838A33B258A6B5F070BE3D2C68", "timestamp": 134.046577, "type": "Document", "response": {"url": "http://127.0.0.1:34475/preflight-e17ae3c4fa5e25ef", "status": 200, "statusText": "OK", "headers": {"Content-Length": "78", "Content-Type": "text/html; charset=utf-8", "Date": "Fri, 09 Oct 2026 23:26:06 GMT", "Server": "BaseHTTP/0.6 Python/3.11.17"}, "mimeType": "text/html", "charset": "utf-8", "connectionReused": true, "connectionId": 133, "remoteIPAddress": "127.0.0.1", "remotePort": 34475, "fromDiskCache": false, "fromServiceWorker": false, "fromPrefetchCache": false, "encodedDataLength": 153, "timing": {"requestTime": 134.034552, "proxyStart": -1, "proxyEnd": -1, "dnsStart": -1, "dnsEnd": -1, "connectStart": -1, "connectEnd": -1, "sslStart": -1, "sslEnd": -1, "workerStart": -1, "workerReady": -1, "workerFetchStart": -1, "workerRespondWithSettled": -1, "sendStart": 0.773, "sendEnd": 0.865, "pushStart": 0, "pushEnd": 0, "receiveHeadersStart": 2.501, "receiveHeadersEnd": 2.57}, "responseTime": 1791588366693.139, "protocol": "http/1.0", "alternateProtocolUsage": "unspecifiedReason", "securityState": "secure"}, "hasExtraInfo": true, "frameId": "BE0E329EAE266EB3F9C099AF25F85DD9"}, "loading_finished": {"requestId": "51ECE5838A33B258A6B5F070BE3D2C68", "timestamp": 134.040462, "encodedDataLength": 231}, "browser_close_acknowledged": true, "cleanup": {"termination_requested": false, "errors": [], "direct_child_reaped": true, "exit_code": 0}, "fixture_requests": [{"path": "/preflight-e17ae3c4fa5e25ef", "status": 200, "bytes_written": 78}, {"path": "/favicon.ico", "status": 200, "bytes_written": 78}], "profile_removed": true}
2026-10-09T23:26:06.9146033Z [3832:3852:1009/232606.195069:ERROR:dbus/bus.cc:405] Failed to connect to the bus: Could not parse server address: Unknown address type (examples of valid types are "tcp" and on UNIX "unix")
2026-10-09T23:26:06.9147303Z [3832:3852:1009/232606.200158:ERROR:dbus/bus.cc:405] Failed to connect to the bus: Could not parse server address: Unknown address type (examples of valid types are "tcp" and on UNIX "unix")
2026-10-09T23:26:06.9148541Z [3832:3852:1009/232606.253708:ERROR:dbus/bus.cc:405] Failed to connect to the bus: Could not parse server address: Unknown address type (examples of valid types are "tcp" and on UNIX "unix")
2026-10-09T23:26:06.9149712Z [3832:3852:1009/232606.286210:ERROR:dbus/bus.cc:405] Failed to connect to the bus: Could not parse server address: Unknown address type (examples of valid types are "tcp" and on UNIX "unix")
2026-10-09T23:26:06.9150353Z 
2026-10-09T23:26:06.9150628Z DevTools listening on ws://127.0.0.1:46535/devtools/browser/c0102604-c8b6-403f-bd0d-5826b8e427dd
2026-10-09T23:26:06.9151748Z [3832:3832:1009/232606.324382:ERROR:dbus/object_proxy.cc:572] Failed to call method: org.freedesktop.DBus.NameHasOwner: object_path= /org/freedesktop/DBus: unknown error type: 
2026-10-09T23:26:06.9153080Z [3832:3832:1009/232606.324496:ERROR:dbus/object_proxy.cc:572] Failed to call method: org.freedesktop.DBus.NameHasOwner: object_path= /org/freedesktop/DBus: unknown error type: 
2026-10-09T23:26:06.9154232Z [3832:3852:1009/232606.325023:ERROR:dbus/bus.cc:405] Failed to connect to the bus: Could not parse server address: Unknown address type (examples of valid types are "tcp" and on UNIX "unix")
2026-10-09T23:26:06.9155399Z [3832:3852:1009/232606.325297:ERROR:dbus/bus.cc:405] Failed to connect to the bus: Could not parse server address: Unknown address type (examples of valid types are "tcp" and on UNIX "unix")
2026-10-09T23:26:06.9156544Z [3832:3832:1009/232606.325296:ERROR:dbus/object_proxy.cc:572] Failed to call method: org.freedesktop.DBus.NameHasOwner: object_path= /org/freedesktop/DBus: unknown error type: 
2026-10-09T23:26:06.9157653Z [3832:3832:1009/232606.329400:ERROR:dbus/object_proxy.cc:572] Failed to call method: org.freedesktop.DBus.NameHasOwner: object_path= /org/freedesktop/DBus: unknown error type: 
2026-10-09T23:26:06.9158910Z [3832:3832:1009/232606.474583:ERROR:dbus/object_proxy.cc:572] Failed to call method: org.freedesktop.DBus.NameHasOwner: object_path= /org/freedesktop/DBus: unknown error type: 
2026-10-09T23:26:06.9160031Z [3832:3832:1009/232606.474964:ERROR:dbus/object_proxy.cc:572] Failed to call method: org.freedesktop.DBus.NameHasOwner: object_path= /org/freedesktop/DBus: unknown error type: 
2026-10-09T23:26:06.9161321Z [3832:3852:1009/232606.475662:ERROR:dbus/bus.cc:405] Failed to connect to the bus: Could not parse server address: Unknown address type (examples of valid types are "tcp" and on UNIX "unix")
2026-10-09T23:26:06.9162936Z [3832:3832:1009/232606.479209:ERROR:dbus/object_proxy.cc:572] Failed to call method: org.freedesktop.DBus.Properties.GetAll: object_path= /org/freedesktop/UPower/devices/DisplayDevice: org.freedesktop.DBus.Error.ServiceUnknown: The name org.freedesktop.UPower was not provided by any .service files
2026-10-09T23:26:06.9164525Z [3832:3832:1009/232606.505872:ERROR:dbus/object_proxy.cc:572] Failed to call method: org.freedesktop.DBus.NameHasOwner: object_path= /org/freedesktop/DBus: unknown error type: 
2026-10-09T23:26:06.9165674Z [3832:3852:1009/232606.505955:ERROR:dbus/bus.cc:405] Failed to connect to the bus: Could not parse server address: Unknown address type (examples of valid types are "tcp" and on UNIX "unix")
2026-10-09T23:26:06.9166816Z [3832:3832:1009/232606.560608:ERROR:dbus/object_proxy.cc:572] Failed to call method: org.freedesktop.DBus.NameHasOwner: object_path= /org/freedesktop/DBus: unknown error type: 
2026-10-09T23:26:06.9167959Z [3832:3852:1009/232606.560722:ERROR:dbus/bus.cc:405] Failed to connect to the bus: Could not parse server address: Unknown address type (examples of valid types are "tcp" and on UNIX "unix")
2026-10-09T23:26:06.9169107Z [3832:3832:1009/232606.585402:ERROR:dbus/object_proxy.cc:572] Failed to call method: org.freedesktop.DBus.NameHasOwner: object_path= /org/freedesktop/DBus: unknown error type: 
2026-10-09T23:26:06.9169717Z 
2026-10-09T23:26:06.9285214Z ##[group]Run browser-actions/setup-firefox@v1
2026-10-09T23:26:06.9285546Z with:
2026-10-09T23:26:06.9285757Z   firefox-version: 153.4.0esr
2026-10-09T23:26:06.9286002Z env:
2026-10-09T23:26:06.9286194Z   CARGO_TERM_COLOR: always
2026-10-09T23:26:06.9286438Z   RUST_BACKTRACE: 1
2026-10-09T23:26:06.9286663Z   CARGO_HOME: /home/runner/.cargo
2026-10-09T23:26:06.9286921Z   CARGO_INCREMENTAL: 0
2026-10-09T23:26:06.9287148Z   CACHE_ON_FAILURE: false
2026-10-09T23:26:06.9287460Z   pythonLocation: /opt/hostedtoolcache/Python/3.11.17/x64
2026-10-09T23:26:06.9287926Z   PKG_CONFIG_PATH: /opt/hostedtoolcache/Python/3.11.17/x64/lib/pkgconfig
2026-10-09T23:26:06.9288369Z   Python_ROOT_DIR: /opt/hostedtoolcache/Python/3.11.17/x64
2026-10-09T23:26:06.9288779Z   Python2_ROOT_DIR: /opt/hostedtoolcache/Python/3.11.17/x64
2026-10-09T23:26:06.9289200Z   Python3_ROOT_DIR: /opt/hostedtoolcache/Python/3.11.17/x64
2026-10-09T23:26:06.9289638Z   LD_LIBRARY_PATH: /opt/hostedtoolcache/Python/3.11.17/x64/lib
2026-10-09T23:26:06.9290305Z   CHROME_DEVEL_SANDBOX: /usr/local/lib/rustwright-ci/151.0.7922.138/chrome-sandbox
2026-10-09T23:26:06.9290714Z ##[endgroup]
2026-10-09T23:26:07.0036415Z Setup firefox 153.4.0esr (en-US)
2026-10-09T23:26:07.0064383Z Attempting to download firefox 153.4.0esr...
2026-10-09T23:26:07.0066759Z This is the version number:153
2026-10-09T23:26:07.0068154Z Acquiring 153.4.0esr from https://ftp.mozilla.org/pub/firefox/releases/153.4.0esr/linux-x86_64/en-US/firefox-153.4.0esr.tar.xz
2026-10-09T23:26:07.4170226Z Extracting Firefox...
2026-10-09T23:26:07.4300268Z [command]/usr/bin/tar xJ --strip-components=1 --warning=no-unknown-keyword --overwrite -C /home/runner/work/_temp/94bfdf89-0c49-4a47-9103-1abbfedbfdf8 -f /home/runner/work/_temp/9b53c747-7e0a-404f-96f7-ad9a2b8a12a5
2026-10-09T23:26:12.8634794Z Successfully extracted firefox 153.4.0esr to /home/runner/work/_temp/94bfdf89-0c49-4a47-9103-1abbfedbfdf8
2026-10-09T23:26:12.8635475Z Adding to the cache ...
2026-10-09T23:26:12.9194906Z (node:4095) Warning: Closing file descriptor 21 on garbage collection
2026-10-09T23:26:12.9195981Z (Use `node --trace-warnings ...` to show where the warning was created)
2026-10-09T23:26:12.9203909Z (node:4095) [DEP0137] DeprecationWarning: Closing a FileHandle object on garbage collection is deprecated. Please close FileHandle objects explicitly using FileHandle.prototype.close(). In the future, an error will be thrown if a file descriptor is closed during garbage collection.
2026-10-09T23:26:13.1388529Z Successfully cached firefox 153.4.0esr to /opt/hostedtoolcache/firefox/153.4.0esr/x64
2026-10-09T23:26:13.1395127Z [command]/opt/hostedtoolcache/firefox/153.4.0esr/x64/firefox --version
2026-10-09T23:26:13.1457374Z [4113] Sandbox: CanCreateUserNamespace() unshare(CLONE_NEWPID): EPERM
2026-10-09T23:26:13.1643869Z Mozilla Firefox 153.4.0esr
2026-10-09T23:26:13.1661678Z Successfully setup firefox version 153.4.0esr
2026-10-09T23:26:13.1820520Z ##[group]Run xvfb-run -a --server-args '-screen 0 1280x1024x24 -nolisten tcp -noreset' \
2026-10-09T23:26:13.1821917Z [36;1mxvfb-run -a --server-args '-screen 0 1280x1024x24 -nolisten tcp -noreset' \[0m
2026-10-09T23:26:13.1822783Z [36;1m  python scripts/ci/headed_sites.py \[0m
2026-10-09T23:26:13.1823557Z [36;1m    --chrome-current "$CHROME_CURRENT" --firefox-current "$FIREFOX_CURRENT" \[0m
2026-10-09T23:26:13.1824519Z [36;1m    --chrome-previous "$CHROME_PREVIOUS" --firefox-esr "$FIREFOX_ESR" \[0m
2026-10-09T23:26:13.1825150Z [36;1m    --sandbox-current target/ci/extended/sandbox-current/report.json \[0m
2026-10-09T23:26:13.1825674Z [36;1m    --sandbox-previous target/ci/extended/sandbox-previous/report.json \[0m
2026-10-09T23:26:13.1826088Z [36;1m    --output target/ci/extended[0m
2026-10-09T23:26:13.1890106Z shell: /usr/bin/bash -e {0}
2026-10-09T23:26:13.1890366Z env:
2026-10-09T23:26:13.1890565Z   CARGO_TERM_COLOR: always
2026-10-09T23:26:13.1890839Z   RUST_BACKTRACE: 1
2026-10-09T23:26:13.1891254Z   CARGO_HOME: /home/runner/.cargo
2026-10-09T23:26:13.1891523Z   CARGO_INCREMENTAL: 0
2026-10-09T23:26:13.1891742Z   CACHE_ON_FAILURE: false
2026-10-09T23:26:13.1892041Z   pythonLocation: /opt/hostedtoolcache/Python/3.11.17/x64
2026-10-09T23:26:13.1892475Z   PKG_CONFIG_PATH: /opt/hostedtoolcache/Python/3.11.17/x64/lib/pkgconfig
2026-10-09T23:26:13.1892894Z   Python_ROOT_DIR: /opt/hostedtoolcache/Python/3.11.17/x64
2026-10-09T23:26:13.1893277Z   Python2_ROOT_DIR: /opt/hostedtoolcache/Python/3.11.17/x64
2026-10-09T23:26:13.1893658Z   Python3_ROOT_DIR: /opt/hostedtoolcache/Python/3.11.17/x64
2026-10-09T23:26:13.1894059Z   LD_LIBRARY_PATH: /opt/hostedtoolcache/Python/3.11.17/x64/lib
2026-10-09T23:26:13.1894542Z   CHROME_DEVEL_SANDBOX: /usr/local/lib/rustwright-ci/151.0.7922.138/chrome-sandbox
2026-10-09T23:26:13.1895088Z   CHROME_CURRENT: /opt/hostedtoolcache/setup-chrome/chrome/155.0.8059.39/x64/chrome
2026-10-09T23:26:13.1895581Z   FIREFOX_CURRENT: /opt/hostedtoolcache/firefox/157.0.1/x64/firefox
2026-10-09T23:26:13.1896071Z   CHROME_PREVIOUS: /opt/hostedtoolcache/setup-chrome/chrome/151.0.7922.138/x64/chrome
2026-10-09T23:26:13.1896778Z   FIREFOX_ESR: /opt/hostedtoolcache/firefox/153.4.0esr/x64/firefox
2026-10-09T23:26:13.1897125Z ##[endgroup]
2026-10-09T23:26:13.9006825Z Running version-chrome_current: ['/opt/hostedtoolcache/setup-chrome/chrome/155.0.8059.39/x64/chrome', '--version']
2026-10-09T23:26:13.9340854Z Running version-firefox_current: ['/opt/hostedtoolcache/firefox/157.0.1/x64/firefox', '--version']
2026-10-09T23:26:13.9671745Z Running version-chrome_previous: ['/opt/hostedtoolcache/setup-chrome/chrome/151.0.7922.138/x64/chrome', '--version']
2026-10-09T23:26:14.0005754Z Running version-firefox_esr: ['/opt/hostedtoolcache/firefox/153.4.0esr/x64/firefox', '--version']
2026-10-09T23:26:14.0349990Z Refusing to reuse native result directory: /home/runner/work/rustwright/rustwright/target/ci/extended/headed-current
2026-10-09T23:26:14.0457380Z ##[error]Process completed with exit code 1.
2026-10-09T23:26:14.0542617Z ##[group]Run actions/upload-artifact@v4
2026-10-09T23:26:14.0542970Z with:
2026-10-09T23:26:14.0543181Z   name: headed-versions-sites
2026-10-09T23:26:14.0543441Z   path: target/ci/extended/
2026-10-09T23:26:14.0543678Z   if-no-files-found: warn
2026-10-09T23:26:14.0543904Z   compression-level: 6
2026-10-09T23:26:14.0544125Z   overwrite: false
2026-10-09T23:26:14.0544341Z   include-hidden-files: false
2026-10-09T23:26:14.0544567Z env:
2026-10-09T23:26:14.0544747Z   CARGO_TERM_COLOR: always
2026-10-09T23:26:14.0544968Z   RUST_BACKTRACE: 1
2026-10-09T23:26:14.0545178Z   CARGO_HOME: /home/runner/.cargo
2026-10-09T23:26:14.0545424Z   CARGO_INCREMENTAL: 0
2026-10-09T23:26:14.0545640Z   CACHE_ON_FAILURE: false
2026-10-09T23:26:14.0545929Z   pythonLocation: /opt/hostedtoolcache/Python/3.11.17/x64
2026-10-09T23:26:14.0546357Z   PKG_CONFIG_PATH: /opt/hostedtoolcache/Python/3.11.17/x64/lib/pkgconfig
2026-10-09T23:26:14.0546775Z   Python_ROOT_DIR: /opt/hostedtoolcache/Python/3.11.17/x64
2026-10-09T23:26:14.0547191Z   Python2_ROOT_DIR: /opt/hostedtoolcache/Python/3.11.17/x64
2026-10-09T23:26:14.0547572Z   Python3_ROOT_DIR: /opt/hostedtoolcache/Python/3.11.17/x64
2026-10-09T23:26:14.0547954Z   LD_LIBRARY_PATH: /opt/hostedtoolcache/Python/3.11.17/x64/lib
2026-10-09T23:26:14.0548414Z   CHROME_DEVEL_SANDBOX: /usr/local/lib/rustwright-ci/151.0.7922.138/chrome-sandbox
2026-10-09T23:26:14.0548801Z ##[endgroup]
2026-10-09T23:26:14.2232307Z (node:4142) [DEP0040] DeprecationWarning: The `punycode` module is deprecated. Please use a userland alternative instead.
2026-10-09T23:26:14.2233328Z (Use `node --trace-deprecation ...` to show where the warning was created)
2026-10-09T23:26:14.2374398Z With the provided path, there will be 25 files uploaded
2026-10-09T23:26:14.2375208Z Artifact name is valid!
2026-10-09T23:26:14.2375613Z Root directory input is valid!
2026-10-09T23:26:14.4789310Z Beginning upload of artifact content to blob storage
2026-10-09T23:26:14.5311388Z (node:4142) [DEP0169] DeprecationWarning: `url.parse()` behavior is not standardized and prone to errors that have security implications. Use the WHATWG URL API instead. CVEs are not issued for `url.parse()` vulnerabilities.
2026-10-09T23:26:14.6338505Z Uploaded bytes 21821
2026-10-09T23:26:14.6638889Z Finished uploading artifact content to blob storage!
2026-10-09T23:26:14.6639990Z SHA256 digest of uploaded artifact zip is 055c2328b2f7cad4721c2b268fc50d198efdb65032e1d794d851d7530ea2a147
2026-10-09T23:26:14.6642158Z Finalizing artifact upload
2026-10-09T23:26:14.8934843Z Artifact headed-versions-sites.zip successfully finalized. Artifact ID 11650562096
2026-10-09T23:26:14.8936207Z Artifact headed-versions-sites has been successfully uploaded! Final size is 21821 bytes. Artifact ID is 11650562096
2026-10-09T23:26:14.8942481Z Artifact download URL: https://github.com/rsasaki0109/rustwright/actions/runs/38002188290/artifacts/11650562096
2026-10-09T23:26:14.9137982Z Post job cleanup.
2026-10-09T23:26:14.9998195Z [command]/usr/bin/git version
2026-10-09T23:26:15.0044624Z git version 2.55.0
2026-10-09T23:26:15.0090455Z Temporarily overriding HOME='/home/runner/work/_temp/feaad4fe-229e-4769-8a4f-49b737086aa6' before making global git config changes
2026-10-09T23:26:15.0092000Z Adding repository directory to the temporary git global config as a safe directory
2026-10-09T23:26:15.0098265Z [command]/usr/bin/git config --global --add safe.directory /home/runner/work/rustwright/rustwright
2026-10-09T23:26:15.0141922Z [command]/usr/bin/git config --local --name-only --get-regexp core\.sshCommand
2026-10-09T23:26:15.0179477Z [command]/usr/bin/git submodule foreach --recursive sh -c "git config --local --name-only --get-regexp 'core\.sshCommand' && git config --local --unset-all 'core.sshCommand' || :"
2026-10-09T23:26:15.0454471Z [command]/usr/bin/git config --local --name-only --get-regexp http\.https\:\/\/github\.com\/\.extraheader
2026-10-09T23:26:15.0488137Z http.https://github.com/.extraheader
2026-10-09T23:26:15.0501657Z [command]/usr/bin/git config --local --unset-all http.https://github.com/.extraheader
2026-10-09T23:26:15.0549939Z [command]/usr/bin/git submodule foreach --recursive sh -c "git config --local --name-only --get-regexp 'http\.https\:\/\/github\.com\/\.extraheader' && git config --local --unset-all 'http.https://github.com/.extraheader' || :"
2026-10-09T23:26:15.0831479Z [command]/usr/bin/git config --local --name-only --get-regexp ^includeIf\.gitdir:
2026-10-09T23:26:15.0877340Z [command]/usr/bin/git submodule foreach --recursive git config --local --show-origin --name-only --get-regexp remote.origin.url
2026-10-09T23:26:15.1333717Z Cleaning up orphan processes
2026-10-09T23:26:15.1638707Z ##[warning]Node.js 20 is deprecated. The following actions target Node.js 20 but are being forced to run on Node.js 24: actions/upload-artifact@v4. For more information see: https://github.blog/changelog/2025-09-19-deprecation-of-node-20-on-github-actions-runners/
