2026-10-09T23:26:19.8792520Z Current runner version: '2.337.0'
2026-10-09T23:26:19.8811212Z ##[group]Runner Image Provisioner
2026-10-09T23:26:19.8811798Z Hosted Compute Agent
2026-10-09T23:26:19.8812147Z Version: 20261002.596
2026-10-09T23:26:19.8812616Z Commit: c3d12f3313a95f25162a1503be624f3b0617f8c0
2026-10-09T23:26:19.8813046Z Build Date: 2026-10-02T22:28:27Z
2026-10-09T23:26:19.8813678Z Worker ID: {76386199-cfb6-44f2-9b6e-c75d9bbee92a}
2026-10-09T23:26:19.8814149Z Region: westus2
2026-10-09T23:26:19.8814481Z Cloud: Azure
2026-10-09T23:26:19.8814881Z ##[endgroup]
2026-10-09T23:26:19.8815816Z ##[group]Operating System
2026-10-09T23:26:19.8816254Z Ubuntu
2026-10-09T23:26:19.8816661Z 24.04.5
2026-10-09T23:26:19.8816973Z LTS
2026-10-09T23:26:19.8817354Z ##[endgroup]
2026-10-09T23:26:19.8817683Z ##[group]Runner Image
2026-10-09T23:26:19.8818040Z Image: ubuntu-24.04
2026-10-09T23:26:19.8818431Z Version: 20261004.327.1
2026-10-09T23:26:19.8819179Z Included Software: https://github.com/actions/runner-images/blob/ubuntu24/20261004.327/images/ubuntu/Ubuntu2404-Readme.md
2026-10-09T23:26:19.8820132Z Image Release: https://github.com/actions/runner-images/releases/tag/ubuntu24%2F20261004.327
2026-10-09T23:26:19.8820677Z ##[endgroup]
2026-10-09T23:26:19.8821394Z ##[group]GITHUB_TOKEN Permissions
2026-10-09T23:26:19.8822595Z Contents: read
2026-10-09T23:26:19.8823033Z Metadata: read
2026-10-09T23:26:19.8823373Z ##[endgroup]
2026-10-09T23:26:19.8825118Z Secret source: Actions
2026-10-09T23:26:19.8825724Z Cache mode: write
2026-10-09T23:26:19.8826216Z Prepare workflow directory
2026-10-09T23:26:19.9072995Z Prepare all required actions
2026-10-09T23:26:19.9104681Z Getting action download info
2026-10-09T23:26:20.2743547Z Download action repository 'actions/checkout@v5' (SHA:fbc6f3992d24b796d5a048ff273f7fcc4a7b6c09)
2026-10-09T23:26:20.3479336Z Download action repository 'dtolnay/rust-toolchain@1.85.0' (SHA:69084b241933c14c2fa24234c4596f11a2655339)
2026-10-09T23:26:20.5068328Z Download action repository 'dtolnay/rust-toolchain@stable' (SHA:686976e191b89faba57d3206551f0f330d8cb249)
2026-10-09T23:26:20.6596128Z Download action repository 'Swatinem/rust-cache@v2' (SHA:6323deb102c322ba6fcbdcafc7e3dddab59af2b6)
2026-10-09T23:26:20.8601379Z Download action repository 'actions/setup-python@v6' (SHA:ece7cb06caefa5fff74198d8649806c4678c61a1)
2026-10-09T23:26:20.9509968Z Download action repository 'browser-actions/setup-chrome@v2' (SHA:48ad923757ca74d66703209fe939badbdf80f2f4)
2026-10-09T23:26:21.1383167Z Download action repository 'browser-actions/setup-firefox@v1' (SHA:0bc507ddf224827e3b1af68e014d5e42ab93e795)
2026-10-09T23:26:21.2933293Z Download action repository 'actions/upload-artifact@v4' (SHA:ea165f8d65b6e75b540449e92b4886f43607fa02)
2026-10-09T23:26:21.5850098Z Complete job name: Verified archives / stable + MSRV / native consumers
2026-10-09T23:26:21.6472809Z ##[group]Run actions/checkout@v5
2026-10-09T23:26:21.6473696Z with:
2026-10-09T23:26:21.6474228Z   repository: rsasaki0109/rustwright
2026-10-09T23:26:21.6479064Z   token: ***
2026-10-09T23:26:21.6479600Z   ssh-strict: true
2026-10-09T23:26:21.6480123Z   ssh-user: git
2026-10-09T23:26:21.6480661Z   persist-credentials: true
2026-10-09T23:26:21.6481244Z   clean: true
2026-10-09T23:26:21.6481789Z   sparse-checkout-cone-mode: true
2026-10-09T23:26:21.6482427Z   fetch-depth: 1
2026-10-09T23:26:21.6482954Z   fetch-tags: false
2026-10-09T23:26:21.6483567Z   show-progress: true
2026-10-09T23:26:21.6484101Z   lfs: false
2026-10-09T23:26:21.6484595Z   submodules: false
2026-10-09T23:26:21.6485156Z   set-safe-directory: true
2026-10-09T23:26:21.6485768Z   allow-unsafe-pr-checkout: false
2026-10-09T23:26:21.6486457Z env:
2026-10-09T23:26:21.6486952Z   CARGO_TERM_COLOR: always
2026-10-09T23:26:21.6487511Z   RUST_BACKTRACE: 1
2026-10-09T23:26:21.6488024Z ##[endgroup]
2026-10-09T23:26:21.7190042Z Syncing repository: rsasaki0109/rustwright
2026-10-09T23:26:21.7192464Z ##[group]Getting Git version info
2026-10-09T23:26:21.7193926Z Working directory is '/home/runner/work/rustwright/rustwright'
2026-10-09T23:26:21.7195856Z [command]/usr/bin/git version
2026-10-09T23:26:21.7246138Z git version 2.55.0
2026-10-09T23:26:21.7253001Z ##[endgroup]
2026-10-09T23:26:21.7268194Z Temporarily overriding HOME='/home/runner/work/_temp/b3641b8a-aee3-43cb-9c04-90374cdfa937' before making global git config changes
2026-10-09T23:26:21.7271044Z Adding repository directory to the temporary git global config as a safe directory
2026-10-09T23:26:21.7273168Z [command]/usr/bin/git config --global --add safe.directory /home/runner/work/rustwright/rustwright
2026-10-09T23:26:21.7320346Z Deleting the contents of '/home/runner/work/rustwright/rustwright'
2026-10-09T23:26:21.7323270Z ##[group]Initializing the repository
2026-10-09T23:26:21.7326242Z [command]/usr/bin/git init /home/runner/work/rustwright/rustwright
2026-10-09T23:26:21.7431038Z hint: Using 'master' as the name for the initial branch. This default branch name
2026-10-09T23:26:21.7432872Z hint: will change to "main" in Git 3.0. To configure the initial branch name
2026-10-09T23:26:21.7434690Z hint: to use in all of your new repositories, which will suppress this warning,
2026-10-09T23:26:21.7436116Z hint: call:
2026-10-09T23:26:21.7436882Z hint:
2026-10-09T23:26:21.7437847Z hint: 	git config --global init.defaultBranch <name>
2026-10-09T23:26:21.7438970Z hint:
2026-10-09T23:26:21.7440033Z hint: Names commonly chosen instead of 'master' are 'main', 'trunk' and
2026-10-09T23:26:21.7441745Z hint: 'development'. The just-created branch can be renamed via this command:
2026-10-09T23:26:21.7443082Z hint:
2026-10-09T23:26:21.7443978Z hint: 	git branch -m <name>
2026-10-09T23:26:21.7444855Z hint:
2026-10-09T23:26:21.7445854Z hint: Disable this message with "git config set advice.defaultBranchName false"
2026-10-09T23:26:21.7447095Z Initialized empty Git repository in /home/runner/work/rustwright/rustwright/.git/
2026-10-09T23:26:21.7450315Z [command]/usr/bin/git remote add origin https://github.com/rsasaki0109/rustwright
2026-10-09T23:26:21.7490125Z ##[endgroup]
2026-10-09T23:26:21.7491082Z ##[group]Disabling automatic garbage collection
2026-10-09T23:26:21.7493268Z [command]/usr/bin/git config --local gc.auto 0
2026-10-09T23:26:21.7524115Z ##[endgroup]
2026-10-09T23:26:21.7525036Z ##[group]Setting up auth
2026-10-09T23:26:21.7529720Z [command]/usr/bin/git config --local --name-only --get-regexp core\.sshCommand
2026-10-09T23:26:21.7566141Z [command]/usr/bin/git submodule foreach --recursive sh -c "git config --local --name-only --get-regexp 'core\.sshCommand' && git config --local --unset-all 'core.sshCommand' || :"
2026-10-09T23:26:21.7877244Z [command]/usr/bin/git config --local --name-only --get-regexp http\.https\:\/\/github\.com\/\.extraheader
2026-10-09T23:26:21.7907956Z [command]/usr/bin/git submodule foreach --recursive sh -c "git config --local --name-only --get-regexp 'http\.https\:\/\/github\.com\/\.extraheader' && git config --local --unset-all 'http.https://github.com/.extraheader' || :"
2026-10-09T23:26:21.8088244Z [command]/usr/bin/git config --local --name-only --get-regexp ^includeIf\.gitdir:
2026-10-09T23:26:21.8118012Z [command]/usr/bin/git submodule foreach --recursive git config --local --show-origin --name-only --get-regexp remote.origin.url
2026-10-09T23:26:21.8297109Z [command]/usr/bin/git config --local http.https://github.com/.extraheader AUTHORIZATION: basic ***
2026-10-09T23:26:21.8334672Z ##[endgroup]
2026-10-09T23:26:21.8336125Z ##[group]Fetching the repository
2026-10-09T23:26:21.8342517Z [command]/usr/bin/git -c protocol.version=2 fetch --no-tags --prune --no-recurse-submodules --depth=1 origin +06f12ef94b5edce44df68db6c28fb40b50421cb2:refs/remotes/pull/1/merge
2026-10-09T23:26:23.5801852Z From https://github.com/rsasaki0109/rustwright
2026-10-09T23:26:23.5802486Z  * [new ref]         06f12ef94b5edce44df68db6c28fb40b50421cb2 -> pull/1/merge
2026-10-09T23:26:23.5805063Z ##[endgroup]
2026-10-09T23:26:23.5805503Z ##[group]Determining the checkout info
2026-10-09T23:26:23.5807903Z ##[endgroup]
2026-10-09T23:26:23.5818216Z [command]/usr/bin/git sparse-checkout disable
2026-10-09T23:26:23.5865541Z [command]/usr/bin/git config --local --unset-all extensions.worktreeConfig
2026-10-09T23:26:23.5891869Z ##[group]Checking out the ref
2026-10-09T23:26:23.5894621Z [command]/usr/bin/git checkout --progress --force refs/remotes/pull/1/merge
2026-10-09T23:26:23.8325437Z Note: switching to 'refs/remotes/pull/1/merge'.
2026-10-09T23:26:23.8325787Z 
2026-10-09T23:26:23.8325917Z You are in 'detached HEAD' state. You can look around, make experimental
2026-10-09T23:26:23.8326209Z changes and commit them, and you can discard any commits you make in this
2026-10-09T23:26:23.8326475Z state without impacting any branches by switching back to a branch.
2026-10-09T23:26:23.8326652Z 
2026-10-09T23:26:23.8326785Z If you want to create a new branch to retain commits you create, you may
2026-10-09T23:26:23.8327100Z do so (now or later) by using -c with the switch command. Example:
2026-10-09T23:26:23.8327256Z 
2026-10-09T23:26:23.8327365Z   git switch -c <new-branch-name>
2026-10-09T23:26:23.8327499Z 
2026-10-09T23:26:23.8327582Z Or undo this operation with:
2026-10-09T23:26:23.8327689Z 
2026-10-09T23:26:23.8327742Z   git switch -
2026-10-09T23:26:23.8327830Z 
2026-10-09T23:26:23.8327960Z Turn off this advice by setting config variable advice.detachedHead to false
2026-10-09T23:26:23.8328132Z 
2026-10-09T23:26:23.8328326Z HEAD is now at 06f12ef Merge d563c82875b3ca820cfa5bd798fcd40ba878763e into 91e72af388d000266c9b4e7567a3e1fe4007fc33
2026-10-09T23:26:23.8357009Z ##[endgroup]
2026-10-09T23:26:23.8399800Z [command]/usr/bin/git log -1 --format=%H
2026-10-09T23:26:23.8425177Z 06f12ef94b5edce44df68db6c28fb40b50421cb2
2026-10-09T23:26:23.8680000Z ##[group]Run dtolnay/rust-toolchain@1.85.0
2026-10-09T23:26:23.8680185Z with:
2026-10-09T23:26:23.8680300Z env:
2026-10-09T23:26:23.8680425Z   CARGO_TERM_COLOR: always
2026-10-09T23:26:23.8680558Z   RUST_BACKTRACE: 1
2026-10-09T23:26:23.8680681Z ##[endgroup]
2026-10-09T23:26:23.8722094Z ##[start-action display=Parse toolchain version;id=__dtolnay_rust-toolchain.parse]
2026-10-09T23:26:23.8802995Z ##[group]Run if [[ -z $toolchain ]]; then
2026-10-09T23:26:23.8803250Z [36;1mif [[ -z $toolchain ]]; then[0m
2026-10-09T23:26:23.8803700Z [36;1m  # GitHub does not enforce `required: true` inputs itself. https://github.com/actions/runner/issues/1070[0m
2026-10-09T23:26:23.8804021Z [36;1m  echo "'toolchain' is a required input" >&2[0m
2026-10-09T23:26:23.8804196Z [36;1m  exit 1[0m
2026-10-09T23:26:23.8804392Z [36;1melif [[ $toolchain =~ ^stable' '[0-9]+' '(year|month|week|day)s?' 'ago$ ]]; then[0m
2026-10-09T23:26:23.8804630Z [36;1m  if [[ Linux == macOS ]]; then[0m
2026-10-09T23:26:23.8804971Z [36;1m    echo "toolchain=1.$((($(date -v-$(sed 's/stable \([0-9]*\) \(.\).*/\1\2/' <<< $toolchain) +%s)/60/60/24-16569)/7/6))" >> $GITHUB_OUTPUT[0m
2026-10-09T23:26:23.8805255Z [36;1m  else[0m
2026-10-09T23:26:23.8805485Z [36;1m    echo "toolchain=1.$((($(date --date "${toolchain#stable }" +%s)/60/60/24-16569)/7/6))" >> $GITHUB_OUTPUT[0m
2026-10-09T23:26:23.8805735Z [36;1m  fi[0m
2026-10-09T23:26:23.8805920Z [36;1melif [[ $toolchain =~ ^stable' 'minus' '[0-9]+' 'releases?$ ]]; then[0m
2026-10-09T23:26:23.8806217Z [36;1m  echo "toolchain=1.$((($(date +%s)/60/60/24-16569)/7/6-${toolchain//[^0-9]/}))" >> $GITHUB_OUTPUT[0m
2026-10-09T23:26:23.8806479Z [36;1melif [[ $toolchain =~ ^1\.[0-9]+$ ]]; then[0m
2026-10-09T23:26:23.8806774Z [36;1m  echo "toolchain=1.$((i=${toolchain#1.}, c=($(date +%s)/60/60/24-16569)/7/6, i+9*i*(10*i<=c)+90*i*(100*i<=c)))" >> $GITHUB_OUTPUT[0m
2026-10-09T23:26:23.8807043Z [36;1melse[0m
2026-10-09T23:26:23.8807163Z [36;1m  delimiter=EOF[0m
2026-10-09T23:26:23.8807342Z [36;1m  while [[ $toolchain == *$delimiter* ]]; do delimiter+=_; done[0m
2026-10-09T23:26:23.8807629Z [36;1m  printf 'toolchain<<%s\n%s\n%s\n' "$delimiter" "$toolchain" "$delimiter" >> $GITHUB_OUTPUT[0m
2026-10-09T23:26:23.8807858Z [36;1mfi[0m
2026-10-09T23:26:23.9033824Z shell: /usr/bin/bash --noprofile --norc -e -o pipefail {0}
2026-10-09T23:26:23.9034043Z env:
2026-10-09T23:26:23.9034352Z   CARGO_TERM_COLOR: always
2026-10-09T23:26:23.9034488Z   RUST_BACKTRACE: 1
2026-10-09T23:26:23.9034608Z   toolchain: 1.85.0
2026-10-09T23:26:23.9034728Z ##[endgroup]
2026-10-09T23:26:23.9149511Z ##[end-action id=__dtolnay_rust-toolchain.parse;outcome=success;conclusion=success;duration_ms=42]
2026-10-09T23:26:23.9152863Z ##[start-action display=Set $CARGO_HOME;id=__dtolnay_rust-toolchain.__run]
2026-10-09T23:26:23.9181354Z ##[group]Run echo CARGO_HOME=${CARGO_HOME:-"$HOME/.cargo"} >> $GITHUB_ENV
2026-10-09T23:26:23.9181645Z [36;1mecho CARGO_HOME=${CARGO_HOME:-"$HOME/.cargo"} >> $GITHUB_ENV[0m
2026-10-09T23:26:23.9233513Z shell: /usr/bin/bash --noprofile --norc -e -o pipefail {0}
2026-10-09T23:26:23.9233728Z env:
2026-10-09T23:26:23.9233849Z   CARGO_TERM_COLOR: always
2026-10-09T23:26:23.9233980Z   RUST_BACKTRACE: 1
2026-10-09T23:26:23.9234104Z ##[endgroup]
2026-10-09T23:26:23.9307297Z ##[end-action id=__dtolnay_rust-toolchain.__run;outcome=success;conclusion=success;duration_ms=15]
2026-10-09T23:26:23.9308877Z ##[start-action display=Install rustup if needed;id=__dtolnay_rust-toolchain.__run_2]
2026-10-09T23:26:23.9350066Z ##[group]Run if ! command -v rustup &>/dev/null; then
2026-10-09T23:26:23.9350285Z [36;1mif ! command -v rustup &>/dev/null; then[0m
2026-10-09T23:26:23.9350721Z [36;1m  curl --proto '=https' --tlsv1.2 --retry 10 --retry-connrefused --location --silent --show-error --fail https://sh.rustup.rs | sh -s -- --default-toolchain none -y[0m
2026-10-09T23:26:23.9351110Z [36;1m  echo "$CARGO_HOME/bin" >> $GITHUB_PATH[0m
2026-10-09T23:26:23.9351270Z [36;1mfi[0m
2026-10-09T23:26:23.9400725Z shell: /usr/bin/bash --noprofile --norc -e -o pipefail {0}
2026-10-09T23:26:23.9400914Z env:
2026-10-09T23:26:23.9401038Z   CARGO_TERM_COLOR: always
2026-10-09T23:26:23.9401169Z   RUST_BACKTRACE: 1
2026-10-09T23:26:23.9401298Z   CARGO_HOME: /home/runner/.cargo
2026-10-09T23:26:23.9401442Z ##[endgroup]
2026-10-09T23:26:23.9469255Z ##[end-action id=__dtolnay_rust-toolchain.__run_2;outcome=success;conclusion=success;duration_ms=15]
2026-10-09T23:26:23.9470861Z ##[start-action display=Install rustup if needed on windows;id=__dtolnay_rust-toolchain.__run_3]
2026-10-09T23:26:23.9475869Z ##[end-action id=__dtolnay_rust-toolchain.__run_3;outcome=skipped;conclusion=skipped;duration_ms=0]
2026-10-09T23:26:23.9485054Z ##[start-action display=rustup toolchain install 1.85.0;id=__dtolnay_rust-toolchain.__run_4]
2026-10-09T23:26:23.9502583Z ##[group]Run set -f  # split targets and components on commas and whitespace, without glob expansion
2026-10-09T23:26:23.9502965Z [36;1mset -f  # split targets and components on commas and whitespace, without glob expansion[0m
2026-10-09T23:26:23.9503203Z [36;1mflags=()[0m
2026-10-09T23:26:23.9503359Z [36;1mfor t in ${targets//,/ }; do flags+=(--target "$t"); done[0m
2026-10-09T23:26:23.9503835Z [36;1mfor c in ${components//,/ }; do flags+=(--component "$c"); done[0m
2026-10-09T23:26:23.9504108Z [36;1mif [[ $toolchain == nightly && -n $components ]]; then flags+=(--allow-downgrade); fi[0m
2026-10-09T23:26:23.9504347Z [36;1mlog=$(mktemp)[0m
2026-10-09T23:26:23.9504484Z [36;1mtrap 'rm -f "$log"' EXIT[0m
2026-10-09T23:26:23.9504631Z [36;1mfor attempt in 1 2 3 4 5; do[0m
2026-10-09T23:26:23.9504943Z [36;1m  if rustup toolchain install "$toolchain" "${flags[@]}" --profile minimal --no-self-update --force-non-host 2>&1 | tee "$log"; then[0m
2026-10-09T23:26:23.9505245Z [36;1m    break[0m
2026-10-09T23:26:23.9505361Z [36;1m  else[0m
2026-10-09T23:26:23.9505474Z [36;1m    status=$?[0m
2026-10-09T23:26:23.9505594Z [36;1m  fi[0m
2026-10-09T23:26:23.9505764Z [36;1m  if [[ $attempt == 5 ]] || ! grep -Fq 'checksum failed for ' "$log" \[0m
2026-10-09T23:26:23.9506071Z [36;1m      || ! grep -Fq 'this is likely due to an ongoing update of the official release server' "$log"; then[0m
2026-10-09T23:26:23.9506324Z [36;1m    exit "$status"[0m
2026-10-09T23:26:23.9506451Z [36;1m  fi[0m
2026-10-09T23:26:23.9506646Z [36;1m  echo "Retrying rustup toolchain install in 30 seconds (retry $attempt of 4)" >&2[0m
2026-10-09T23:26:23.9507001Z [36;1m  sleep 30[0m
2026-10-09T23:26:23.9507117Z [36;1mdone[0m
2026-10-09T23:26:23.9553153Z shell: /usr/bin/bash --noprofile --norc -e -o pipefail {0}
2026-10-09T23:26:23.9553339Z env:
2026-10-09T23:26:23.9553590Z   CARGO_TERM_COLOR: always
2026-10-09T23:26:23.9553722Z   RUST_BACKTRACE: 1
2026-10-09T23:26:23.9553869Z   CARGO_HOME: /home/runner/.cargo
2026-10-09T23:26:23.9554009Z   toolchain: 1.85.0
2026-10-09T23:26:23.9554127Z   targets: 
2026-10-09T23:26:23.9554237Z   components: 
2026-10-09T23:26:23.9554363Z   RUSTUP_PERMIT_COPY_RENAME: 1
2026-10-09T23:26:23.9554503Z ##[endgroup]
2026-10-09T23:26:24.0798351Z info: syncing channel updates for 1.85.0-x86_64-unknown-linux-gnu
2026-10-09T23:26:24.3744958Z info: latest update on 2025-02-20 for version 1.85.0 (4d91de4e4 2025-02-17)
2026-10-09T23:26:24.3745626Z info: downloading 3 components
2026-10-09T23:26:29.6350700Z 
2026-10-09T23:26:29.6411795Z   1.85.0-x86_64-unknown-linux-gnu installed - rustc 1.85.0 (4d91de4e4 2025-02-17)
2026-10-09T23:26:29.6412149Z 
2026-10-09T23:26:29.6494336Z ##[end-action id=__dtolnay_rust-toolchain.__run_4;outcome=success;conclusion=success;duration_ms=5700]
2026-10-09T23:26:29.6500915Z ##[start-action display=rustup default 1.85.0;id=__dtolnay_rust-toolchain.__run_5]
2026-10-09T23:26:29.6518060Z ##[group]Run rustup default "$toolchain" --force-non-host
2026-10-09T23:26:29.6518294Z [36;1mrustup default "$toolchain" --force-non-host[0m
2026-10-09T23:26:29.6567313Z shell: /usr/bin/bash --noprofile --norc -e -o pipefail {0}
2026-10-09T23:26:29.6567486Z env:
2026-10-09T23:26:29.6567734Z   CARGO_TERM_COLOR: always
2026-10-09T23:26:29.6567862Z   RUST_BACKTRACE: 1
2026-10-09T23:26:29.6567984Z   CARGO_HOME: /home/runner/.cargo
2026-10-09T23:26:29.6568115Z   toolchain: 1.85.0
2026-10-09T23:26:29.6568228Z ##[endgroup]
2026-10-09T23:26:29.6661574Z info: using existing install for 1.85.0-x86_64-unknown-linux-gnu
2026-10-09T23:26:29.6668345Z info: default toolchain set to 1.85.0-x86_64-unknown-linux-gnu
2026-10-09T23:26:29.6668515Z 
2026-10-09T23:26:29.6725244Z   1.85.0-x86_64-unknown-linux-gnu unchanged - rustc 1.85.0 (4d91de4e4 2025-02-17)
2026-10-09T23:26:29.6725523Z 
2026-10-09T23:26:29.6740068Z ##[end-action id=__dtolnay_rust-toolchain.__run_5;outcome=success;conclusion=success;duration_ms=23]
2026-10-09T23:26:29.6743260Z ##[start-action display=Create cachekey;id=__dtolnay_rust-toolchain.rustc-version]
2026-10-09T23:26:29.6757496Z ##[group]Run DATE=$(rustc +"$toolchain" --version --verbose | sed -ne 's/^commit-date: \(20[0-9][0-9]\)-\([01][0-9]\)-\([0-3][0-9]\)$/\1\2\3/p')
2026-10-09T23:26:29.6757963Z [36;1mDATE=$(rustc +"$toolchain" --version --verbose | sed -ne 's/^commit-date: \(20[0-9][0-9]\)-\([01][0-9]\)-\([0-3][0-9]\)$/\1\2\3/p')[0m
2026-10-09T23:26:29.6758309Z [36;1mHASH=$(rustc +"$toolchain" --version --verbose | sed -ne 's/^commit-hash: //p')[0m
2026-10-09T23:26:29.6758581Z [36;1mecho "cachekey=$(echo $DATE$HASH | head -c12)" >> $GITHUB_OUTPUT[0m
2026-10-09T23:26:29.6809483Z shell: /usr/bin/bash --noprofile --norc -e -o pipefail {0}
2026-10-09T23:26:29.6809664Z env:
2026-10-09T23:26:29.6809776Z   CARGO_TERM_COLOR: always
2026-10-09T23:26:29.6809901Z   RUST_BACKTRACE: 1
2026-10-09T23:26:29.6810027Z   CARGO_HOME: /home/runner/.cargo
2026-10-09T23:26:29.6810160Z   toolchain: 1.85.0
2026-10-09T23:26:29.6810271Z ##[endgroup]
2026-10-09T23:26:29.7096914Z ##[end-action id=__dtolnay_rust-toolchain.rustc-version;outcome=success;conclusion=success;duration_ms=35]
2026-10-09T23:26:29.7098900Z ##[start-action display=Disable incremental compilation;id=__dtolnay_rust-toolchain.__run_6]
2026-10-09T23:26:29.7115458Z ##[group]Run if [ -z "${CARGO_INCREMENTAL+set}" ]; then
2026-10-09T23:26:29.7115691Z [36;1mif [ -z "${CARGO_INCREMENTAL+set}" ]; then[0m
2026-10-09T23:26:29.7115879Z [36;1m  echo CARGO_INCREMENTAL=0 >> $GITHUB_ENV[0m
2026-10-09T23:26:29.7116038Z [36;1mfi[0m
2026-10-09T23:26:29.7168757Z shell: /usr/bin/bash --noprofile --norc -e -o pipefail {0}
2026-10-09T23:26:29.7169086Z env:
2026-10-09T23:26:29.7169207Z   CARGO_TERM_COLOR: always
2026-10-09T23:26:29.7169342Z   RUST_BACKTRACE: 1
2026-10-09T23:26:29.7169469Z   CARGO_HOME: /home/runner/.cargo
2026-10-09T23:26:29.7169611Z ##[endgroup]
2026-10-09T23:26:29.7238621Z ##[end-action id=__dtolnay_rust-toolchain.__run_6;outcome=success;conclusion=success;duration_ms=13]
2026-10-09T23:26:29.7240051Z ##[start-action display=Enable colors in Cargo output;id=__dtolnay_rust-toolchain.__run_7]
2026-10-09T23:26:29.7253862Z ##[group]Run if [ -z "${CARGO_TERM_COLOR+set}" ]; then
2026-10-09T23:26:29.7254089Z [36;1mif [ -z "${CARGO_TERM_COLOR+set}" ]; then[0m
2026-10-09T23:26:29.7254310Z [36;1m  echo CARGO_TERM_COLOR=always >> $GITHUB_ENV[0m
2026-10-09T23:26:29.7254476Z [36;1mfi[0m
2026-10-09T23:26:29.7302724Z shell: /usr/bin/bash --noprofile --norc -e -o pipefail {0}
2026-10-09T23:26:29.7302913Z env:
2026-10-09T23:26:29.7303031Z   CARGO_TERM_COLOR: always
2026-10-09T23:26:29.7303160Z   RUST_BACKTRACE: 1
2026-10-09T23:26:29.7303288Z   CARGO_HOME: /home/runner/.cargo
2026-10-09T23:26:29.7303612Z   CARGO_INCREMENTAL: 0
2026-10-09T23:26:29.7303736Z ##[endgroup]
2026-10-09T23:26:29.7370189Z ##[end-action id=__dtolnay_rust-toolchain.__run_7;outcome=success;conclusion=success;duration_ms=12]
2026-10-09T23:26:29.7372608Z ##[start-action display=Enable Cargo sparse registry;id=__dtolnay_rust-toolchain.__run_8]
2026-10-09T23:26:29.7387931Z ##[group]Run # implemented in 1.66, stabilized in 1.68, made default in 1.70
2026-10-09T23:26:29.7388225Z [36;1m# implemented in 1.66, stabilized in 1.68, made default in 1.70[0m
2026-10-09T23:26:29.7388754Z [36;1mif [ -z "${CARGO_REGISTRIES_CRATES_IO_PROTOCOL+set}" -o -f "/home/runner/work/_temp"/.implicit_cargo_registries_crates_io_protocol ]; then[0m
2026-10-09T23:26:29.7389158Z [36;1m  if rustc +"$toolchain" --version --verbose | grep -q '^release: 1\.6[89]\.'; then[0m
2026-10-09T23:26:29.7389481Z [36;1m    touch "/home/runner/work/_temp"/.implicit_cargo_registries_crates_io_protocol || true[0m
2026-10-09T23:26:29.7389786Z [36;1m    echo CARGO_REGISTRIES_CRATES_IO_PROTOCOL=sparse >> $GITHUB_ENV[0m
2026-10-09T23:26:29.7390072Z [36;1m  elif rustc +"$toolchain" --version --verbose | grep -q '^release: 1\.6[67]\.'; then[0m
2026-10-09T23:26:29.7390388Z [36;1m    touch "/home/runner/work/_temp"/.implicit_cargo_registries_crates_io_protocol || true[0m
2026-10-09T23:26:29.7390668Z [36;1m    echo CARGO_REGISTRIES_CRATES_IO_PROTOCOL=git >> $GITHUB_ENV[0m
2026-10-09T23:26:29.7390858Z [36;1m  fi[0m
2026-10-09T23:26:29.7390971Z [36;1mfi[0m
2026-10-09T23:26:29.7437115Z shell: /usr/bin/bash --noprofile --norc -e -o pipefail {0}
2026-10-09T23:26:29.7437301Z env:
2026-10-09T23:26:29.7437419Z   CARGO_TERM_COLOR: always
2026-10-09T23:26:29.7437553Z   RUST_BACKTRACE: 1
2026-10-09T23:26:29.7437680Z   CARGO_HOME: /home/runner/.cargo
2026-10-09T23:26:29.7437825Z   CARGO_INCREMENTAL: 0
2026-10-09T23:26:29.7437948Z   toolchain: 1.85.0
2026-10-09T23:26:29.7438067Z ##[endgroup]
2026-10-09T23:26:29.7704510Z ##[end-action id=__dtolnay_rust-toolchain.__run_8;outcome=success;conclusion=success;duration_ms=33]
2026-10-09T23:26:29.7707807Z ##[start-action display=Work around spurious network errors in curl 8.0;id=__dtolnay_rust-toolchain.__run_9]
2026-10-09T23:26:29.7722642Z ##[group]Run # https://rust-lang.zulipchat.com/#narrow/stream/246057-t-cargo/topic/timeout.20investigation
2026-10-09T23:26:29.7734609Z [36;1m# https://rust-lang.zulipchat.com/#narrow/stream/246057-t-cargo/topic/timeout.20investigation[0m
2026-10-09T23:26:29.7735149Z [36;1mif rustc +"$toolchain" --version --verbose | grep -q '^release: 1\.7[01]\.'; then[0m
2026-10-09T23:26:29.7735448Z [36;1m  echo CARGO_HTTP_MULTIPLEXING=false >> $GITHUB_ENV[0m
2026-10-09T23:26:29.7735627Z [36;1mfi[0m
2026-10-09T23:26:29.7787814Z shell: /usr/bin/bash --noprofile --norc -e -o pipefail {0}
2026-10-09T23:26:29.7788167Z env:
2026-10-09T23:26:29.7788318Z   CARGO_TERM_COLOR: always
2026-10-09T23:26:29.7788451Z   RUST_BACKTRACE: 1
2026-10-09T23:26:29.7788577Z   CARGO_HOME: /home/runner/.cargo
2026-10-09T23:26:29.7788859Z   CARGO_INCREMENTAL: 0
2026-10-09T23:26:29.7788983Z   toolchain: 1.85.0
2026-10-09T23:26:29.7789102Z ##[endgroup]
2026-10-09T23:26:29.7960705Z ##[end-action id=__dtolnay_rust-toolchain.__run_9;outcome=success;conclusion=success;duration_ms=25]
2026-10-09T23:26:29.7965496Z ##[start-action display=rustc +1.85.0 --version --verbose;id=__dtolnay_rust-toolchain.__run_10]
2026-10-09T23:26:29.7980157Z ##[group]Run rustc +"$toolchain" --version --verbose
2026-10-09T23:26:29.7980384Z [36;1mrustc +"$toolchain" --version --verbose[0m
2026-10-09T23:26:29.8032507Z shell: /usr/bin/bash --noprofile --norc -e -o pipefail {0}
2026-10-09T23:26:29.8032699Z env:
2026-10-09T23:26:29.8032821Z   CARGO_TERM_COLOR: always
2026-10-09T23:26:29.8032954Z   RUST_BACKTRACE: 1
2026-10-09T23:26:29.8033094Z   CARGO_HOME: /home/runner/.cargo
2026-10-09T23:26:29.8033237Z   CARGO_INCREMENTAL: 0
2026-10-09T23:26:29.8033360Z   toolchain: 1.85.0
2026-10-09T23:26:29.8033658Z ##[endgroup]
2026-10-09T23:26:29.8187765Z rustc 1.85.0 (4d91de4e4 2025-02-17)
2026-10-09T23:26:29.8188107Z binary: rustc
2026-10-09T23:26:29.8188344Z commit-hash: 4d91de4e48198da2e33413efdcd9cd2cc0c46688
2026-10-09T23:26:29.8188562Z commit-date: 2025-02-17
2026-10-09T23:26:29.8188702Z host: x86_64-unknown-linux-gnu
2026-10-09T23:26:29.8188843Z release: 1.85.0
2026-10-09T23:26:29.8188968Z LLVM version: 19.1.7
2026-10-09T23:26:29.8201915Z ##[end-action id=__dtolnay_rust-toolchain.__run_10;outcome=success;conclusion=success;duration_ms=23]
2026-10-09T23:26:29.8327657Z ##[group]Run dtolnay/rust-toolchain@stable
2026-10-09T23:26:29.8327823Z with:
2026-10-09T23:26:29.8327940Z   toolchain: stable
2026-10-09T23:26:29.8328057Z env:
2026-10-09T23:26:29.8328170Z   CARGO_TERM_COLOR: always
2026-10-09T23:26:29.8328302Z   RUST_BACKTRACE: 1
2026-10-09T23:26:29.8328427Z   CARGO_HOME: /home/runner/.cargo
2026-10-09T23:26:29.8328570Z   CARGO_INCREMENTAL: 0
2026-10-09T23:26:29.8328693Z ##[endgroup]
2026-10-09T23:26:29.8334892Z ##[start-action display=Parse toolchain version;id=__dtolnay_rust-toolchain_2.parse]
2026-10-09T23:26:29.8348905Z ##[group]Run if [[ -z $toolchain ]]; then
2026-10-09T23:26:29.8349123Z [36;1mif [[ -z $toolchain ]]; then[0m
2026-10-09T23:26:29.8349408Z [36;1m  # GitHub does not enforce `required: true` inputs itself. https://github.com/actions/runner/issues/1070[0m
2026-10-09T23:26:29.8349711Z [36;1m  echo "'toolchain' is a required input" >&2[0m
2026-10-09T23:26:29.8349881Z [36;1m  exit 1[0m
2026-10-09T23:26:29.8350107Z [36;1melif [[ $toolchain =~ ^stable' '[0-9]+' '(year|month|week|day)s?' 'ago$ ]]; then[0m
2026-10-09T23:26:29.8350341Z [36;1m  if [[ Linux == macOS ]]; then[0m
2026-10-09T23:26:29.8350638Z [36;1m    echo "toolchain=1.$((($(date -v-$(sed 's/stable \([0-9]*\) \(.\).*/\1\2/' <<< $toolchain) +%s)/60/60/24-16569)/7/6))" >> $GITHUB_OUTPUT[0m
2026-10-09T23:26:29.8350918Z [36;1m  else[0m
2026-10-09T23:26:29.8351146Z [36;1m    echo "toolchain=1.$((($(date --date "${toolchain#stable }" +%s)/60/60/24-16569)/7/6))" >> $GITHUB_OUTPUT[0m
2026-10-09T23:26:29.8351409Z [36;1m  fi[0m
2026-10-09T23:26:29.8351584Z [36;1melif [[ $toolchain =~ ^stable' 'minus' '[0-9]+' 'releases?$ ]]; then[0m
2026-10-09T23:26:29.8351884Z [36;1m  echo "toolchain=1.$((($(date +%s)/60/60/24-16569)/7/6-${toolchain//[^0-9]/}))" >> $GITHUB_OUTPUT[0m
2026-10-09T23:26:29.8352138Z [36;1melif [[ $toolchain =~ ^1\.[0-9]+$ ]]; then[0m
2026-10-09T23:26:29.8352433Z [36;1m  echo "toolchain=1.$((i=${toolchain#1.}, c=($(date +%s)/60/60/24-16569)/7/6, i+9*i*(10*i<=c)+90*i*(100*i<=c)))" >> $GITHUB_OUTPUT[0m
2026-10-09T23:26:29.8352721Z [36;1melse[0m
2026-10-09T23:26:29.8352839Z [36;1m  delimiter=EOF[0m
2026-10-09T23:26:29.8353015Z [36;1m  while [[ $toolchain == *$delimiter* ]]; do delimiter+=_; done[0m
2026-10-09T23:26:29.8353302Z [36;1m  printf 'toolchain<<%s\n%s\n%s\n' "$delimiter" "$toolchain" "$delimiter" >> $GITHUB_OUTPUT[0m
2026-10-09T23:26:29.8353652Z [36;1mfi[0m
2026-10-09T23:26:29.8406445Z shell: /usr/bin/bash --noprofile --norc -e -o pipefail {0}
2026-10-09T23:26:29.8406764Z env:
2026-10-09T23:26:29.8406881Z   CARGO_TERM_COLOR: always
2026-10-09T23:26:29.8407013Z   RUST_BACKTRACE: 1
2026-10-09T23:26:29.8407142Z   CARGO_HOME: /home/runner/.cargo
2026-10-09T23:26:29.8407287Z   CARGO_INCREMENTAL: 0
2026-10-09T23:26:29.8407410Z   toolchain: stable
2026-10-09T23:26:29.8407534Z ##[endgroup]
2026-10-09T23:26:29.8480605Z ##[end-action id=__dtolnay_rust-toolchain_2.parse;outcome=success;conclusion=success;duration_ms=14]
2026-10-09T23:26:29.8481988Z ##[start-action display=Set $CARGO_HOME;id=__dtolnay_rust-toolchain_2.__run]
2026-10-09T23:26:29.8496416Z ##[group]Run echo CARGO_HOME=${CARGO_HOME:-"$HOME/.cargo"} >> $GITHUB_ENV
2026-10-09T23:26:29.8496694Z [36;1mecho CARGO_HOME=${CARGO_HOME:-"$HOME/.cargo"} >> $GITHUB_ENV[0m
2026-10-09T23:26:29.8545314Z shell: /usr/bin/bash --noprofile --norc -e -o pipefail {0}
2026-10-09T23:26:29.8545499Z env:
2026-10-09T23:26:29.8545616Z   CARGO_TERM_COLOR: always
2026-10-09T23:26:29.8545748Z   RUST_BACKTRACE: 1
2026-10-09T23:26:29.8545882Z   CARGO_HOME: /home/runner/.cargo
2026-10-09T23:26:29.8546026Z   CARGO_INCREMENTAL: 0
2026-10-09T23:26:29.8546148Z ##[endgroup]
2026-10-09T23:26:29.8613853Z ##[end-action id=__dtolnay_rust-toolchain_2.__run;outcome=success;conclusion=success;duration_ms=13]
2026-10-09T23:26:29.8615225Z ##[start-action display=Install rustup if needed;id=__dtolnay_rust-toolchain_2.__run_2]
2026-10-09T23:26:29.8629013Z ##[group]Run if ! command -v rustup &>/dev/null; then
2026-10-09T23:26:29.8629393Z [36;1mif ! command -v rustup &>/dev/null; then[0m
2026-10-09T23:26:29.8629818Z [36;1m  curl --proto '=https' --tlsv1.2 --retry 10 --retry-connrefused --location --silent --show-error --fail https://sh.rustup.rs | sh -s -- --default-toolchain none -y[0m
2026-10-09T23:26:29.8630211Z [36;1m  echo "$CARGO_HOME/bin" >> $GITHUB_PATH[0m
2026-10-09T23:26:29.8630370Z [36;1mfi[0m
2026-10-09T23:26:29.8676782Z shell: /usr/bin/bash --noprofile --norc -e -o pipefail {0}
2026-10-09T23:26:29.8676965Z env:
2026-10-09T23:26:29.8677091Z   CARGO_TERM_COLOR: always
2026-10-09T23:26:29.8677219Z   RUST_BACKTRACE: 1
2026-10-09T23:26:29.8677348Z   CARGO_HOME: /home/runner/.cargo
2026-10-09T23:26:29.8677491Z   CARGO_INCREMENTAL: 0
2026-10-09T23:26:29.8677616Z ##[endgroup]
2026-10-09T23:26:29.8743873Z ##[end-action id=__dtolnay_rust-toolchain_2.__run_2;outcome=success;conclusion=success;duration_ms=12]
2026-10-09T23:26:29.8745212Z ##[start-action display=Install rustup if needed on windows;id=__dtolnay_rust-toolchain_2.__run_3]
2026-10-09T23:26:29.8747635Z ##[end-action id=__dtolnay_rust-toolchain_2.__run_3;outcome=skipped;conclusion=skipped;duration_ms=0]
2026-10-09T23:26:29.8750151Z ##[start-action display=rustup toolchain install stable;id=__dtolnay_rust-toolchain_2.__run_4]
2026-10-09T23:26:29.8763255Z ##[group]Run set -f  # split targets and components on commas and whitespace, without glob expansion
2026-10-09T23:26:29.8763814Z [36;1mset -f  # split targets and components on commas and whitespace, without glob expansion[0m
2026-10-09T23:26:29.8764059Z [36;1mflags=()[0m
2026-10-09T23:26:29.8764219Z [36;1mfor t in ${targets//,/ }; do flags+=(--target "$t"); done[0m
2026-10-09T23:26:29.8764446Z [36;1mfor c in ${components//,/ }; do flags+=(--component "$c"); done[0m
2026-10-09T23:26:29.8764723Z [36;1mif [[ $toolchain == nightly && -n $components ]]; then flags+=(--allow-downgrade); fi[0m
2026-10-09T23:26:29.8764955Z [36;1mlog=$(mktemp)[0m
2026-10-09T23:26:29.8765092Z [36;1mtrap 'rm -f "$log"' EXIT[0m
2026-10-09T23:26:29.8765246Z [36;1mfor attempt in 1 2 3 4 5; do[0m
2026-10-09T23:26:29.8765561Z [36;1m  if rustup toolchain install "$toolchain" "${flags[@]}" --profile minimal --no-self-update --force-non-host 2>&1 | tee "$log"; then[0m
2026-10-09T23:26:29.8765887Z [36;1m    break[0m
2026-10-09T23:26:29.8766006Z [36;1m  else[0m
2026-10-09T23:26:29.8766120Z [36;1m    status=$?[0m
2026-10-09T23:26:29.8766242Z [36;1m  fi[0m
2026-10-09T23:26:29.8766414Z [36;1m  if [[ $attempt == 5 ]] || ! grep -Fq 'checksum failed for ' "$log" \[0m
2026-10-09T23:26:29.8766837Z [36;1m      || ! grep -Fq 'this is likely due to an ongoing update of the official release server' "$log"; then[0m
2026-10-09T23:26:29.8767090Z [36;1m    exit "$status"[0m
2026-10-09T23:26:29.8767223Z [36;1m  fi[0m
2026-10-09T23:26:29.8767424Z [36;1m  echo "Retrying rustup toolchain install in 30 seconds (retry $attempt of 4)" >&2[0m
2026-10-09T23:26:29.8767652Z [36;1m  sleep 30[0m
2026-10-09T23:26:29.8767770Z [36;1mdone[0m
2026-10-09T23:26:29.8813935Z shell: /usr/bin/bash --noprofile --norc -e -o pipefail {0}
2026-10-09T23:26:29.8814123Z env:
2026-10-09T23:26:29.8814240Z   CARGO_TERM_COLOR: always
2026-10-09T23:26:29.8814371Z   RUST_BACKTRACE: 1
2026-10-09T23:26:29.8814504Z   CARGO_HOME: /home/runner/.cargo
2026-10-09T23:26:29.8814650Z   CARGO_INCREMENTAL: 0
2026-10-09T23:26:29.8814775Z   toolchain: stable
2026-10-09T23:26:29.8814894Z   targets: 
2026-10-09T23:26:29.8815004Z   components: 
2026-10-09T23:26:29.8815127Z   RUSTUP_PERMIT_COPY_RENAME: 1
2026-10-09T23:26:29.8815271Z ##[endgroup]
2026-10-09T23:26:30.0537112Z info: syncing channel updates for stable-x86_64-unknown-linux-gnu
2026-10-09T23:26:30.1282969Z 
2026-10-09T23:26:30.1370357Z   stable-x86_64-unknown-linux-gnu unchanged - rustc 1.99.0 (b940084d7 2026-09-28)
2026-10-09T23:26:30.1370774Z 
2026-10-09T23:26:30.1414948Z ##[end-action id=__dtolnay_rust-toolchain_2.__run_4;outcome=success;conclusion=success;duration_ms=266]
2026-10-09T23:26:30.1419229Z ##[start-action display=rustup default stable;id=__dtolnay_rust-toolchain_2.__run_5]
2026-10-09T23:26:30.1445342Z ##[group]Run rustup default "$toolchain" --force-non-host
2026-10-09T23:26:30.1445588Z [36;1mrustup default "$toolchain" --force-non-host[0m
2026-10-09T23:26:30.1498290Z shell: /usr/bin/bash --noprofile --norc -e -o pipefail {0}
2026-10-09T23:26:30.1498482Z env:
2026-10-09T23:26:30.1498602Z   CARGO_TERM_COLOR: always
2026-10-09T23:26:30.1498731Z   RUST_BACKTRACE: 1
2026-10-09T23:26:30.1498860Z   CARGO_HOME: /home/runner/.cargo
2026-10-09T23:26:30.1499015Z   CARGO_INCREMENTAL: 0
2026-10-09T23:26:30.1499140Z   toolchain: stable
2026-10-09T23:26:30.1499257Z ##[endgroup]
2026-10-09T23:26:30.1595563Z info: using existing install for stable-x86_64-unknown-linux-gnu
2026-10-09T23:26:30.1601472Z info: default toolchain set to stable-x86_64-unknown-linux-gnu
2026-10-09T23:26:30.1601639Z 
2026-10-09T23:26:30.1667215Z   stable-x86_64-unknown-linux-gnu unchanged - rustc 1.99.0 (b940084d7 2026-09-28)
2026-10-09T23:26:30.1667494Z 
2026-10-09T23:26:30.1682140Z ##[end-action id=__dtolnay_rust-toolchain_2.__run_5;outcome=success;conclusion=success;duration_ms=26]
2026-10-09T23:26:30.1685402Z ##[start-action display=Create cachekey;id=__dtolnay_rust-toolchain_2.rustc-version]
2026-10-09T23:26:30.1698589Z ##[group]Run DATE=$(rustc +"$toolchain" --version --verbose | sed -ne 's/^commit-date: \(20[0-9][0-9]\)-\([01][0-9]\)-\([0-3][0-9]\)$/\1\2\3/p')
2026-10-09T23:26:30.1699090Z [36;1mDATE=$(rustc +"$toolchain" --version --verbose | sed -ne 's/^commit-date: \(20[0-9][0-9]\)-\([01][0-9]\)-\([0-3][0-9]\)$/\1\2\3/p')[0m
2026-10-09T23:26:30.1699476Z [36;1mHASH=$(rustc +"$toolchain" --version --verbose | sed -ne 's/^commit-hash: //p')[0m
2026-10-09T23:26:30.1699761Z [36;1mecho "cachekey=$(echo $DATE$HASH | head -c12)" >> $GITHUB_OUTPUT[0m
2026-10-09T23:26:30.1748905Z shell: /usr/bin/bash --noprofile --norc -e -o pipefail {0}
2026-10-09T23:26:30.1749093Z env:
2026-10-09T23:26:30.1749208Z   CARGO_TERM_COLOR: always
2026-10-09T23:26:30.1749368Z   RUST_BACKTRACE: 1
2026-10-09T23:26:30.1749497Z   CARGO_HOME: /home/runner/.cargo
2026-10-09T23:26:30.1749640Z   CARGO_INCREMENTAL: 0
2026-10-09T23:26:30.1749761Z   toolchain: stable
2026-10-09T23:26:30.1749880Z ##[endgroup]
2026-10-09T23:26:30.2265152Z ##[end-action id=__dtolnay_rust-toolchain_2.rustc-version;outcome=success;conclusion=success;duration_ms=57]
2026-10-09T23:26:30.2266897Z ##[start-action display=Disable incremental compilation;id=__dtolnay_rust-toolchain_2.__run_6]
2026-10-09T23:26:30.2280747Z ##[group]Run if [ -z "${CARGO_INCREMENTAL+set}" ]; then
2026-10-09T23:26:30.2281111Z [36;1mif [ -z "${CARGO_INCREMENTAL+set}" ]; then[0m
2026-10-09T23:26:30.2281301Z [36;1m  echo CARGO_INCREMENTAL=0 >> $GITHUB_ENV[0m
2026-10-09T23:26:30.2281460Z [36;1mfi[0m
2026-10-09T23:26:30.2333230Z shell: /usr/bin/bash --noprofile --norc -e -o pipefail {0}
2026-10-09T23:26:30.2333600Z env:
2026-10-09T23:26:30.2333745Z   CARGO_TERM_COLOR: always
2026-10-09T23:26:30.2333878Z   RUST_BACKTRACE: 1
2026-10-09T23:26:30.2334023Z   CARGO_HOME: /home/runner/.cargo
2026-10-09T23:26:30.2334166Z   CARGO_INCREMENTAL: 0
2026-10-09T23:26:30.2334288Z ##[endgroup]
2026-10-09T23:26:30.2401560Z ##[end-action id=__dtolnay_rust-toolchain_2.__run_6;outcome=success;conclusion=success;duration_ms=13]
2026-10-09T23:26:30.2402944Z ##[start-action display=Enable colors in Cargo output;id=__dtolnay_rust-toolchain_2.__run_7]
2026-10-09T23:26:30.2416107Z ##[group]Run if [ -z "${CARGO_TERM_COLOR+set}" ]; then
2026-10-09T23:26:30.2416329Z [36;1mif [ -z "${CARGO_TERM_COLOR+set}" ]; then[0m
2026-10-09T23:26:30.2416535Z [36;1m  echo CARGO_TERM_COLOR=always >> $GITHUB_ENV[0m
2026-10-09T23:26:30.2416702Z [36;1mfi[0m
2026-10-09T23:26:30.2462937Z shell: /usr/bin/bash --noprofile --norc -e -o pipefail {0}
2026-10-09T23:26:30.2463123Z env:
2026-10-09T23:26:30.2463243Z   CARGO_TERM_COLOR: always
2026-10-09T23:26:30.2463373Z   RUST_BACKTRACE: 1
2026-10-09T23:26:30.2463655Z   CARGO_HOME: /home/runner/.cargo
2026-10-09T23:26:30.2463799Z   CARGO_INCREMENTAL: 0
2026-10-09T23:26:30.2464064Z ##[endgroup]
2026-10-09T23:26:30.2526994Z ##[end-action id=__dtolnay_rust-toolchain_2.__run_7;outcome=success;conclusion=success;duration_ms=12]
2026-10-09T23:26:30.2528856Z ##[start-action display=Enable Cargo sparse registry;id=__dtolnay_rust-toolchain_2.__run_8]
2026-10-09T23:26:30.2541477Z ##[group]Run # implemented in 1.66, stabilized in 1.68, made default in 1.70
2026-10-09T23:26:30.2541765Z [36;1m# implemented in 1.66, stabilized in 1.68, made default in 1.70[0m
2026-10-09T23:26:30.2542161Z [36;1mif [ -z "${CARGO_REGISTRIES_CRATES_IO_PROTOCOL+set}" -o -f "/home/runner/work/_temp"/.implicit_cargo_registries_crates_io_protocol ]; then[0m
2026-10-09T23:26:30.2542566Z [36;1m  if rustc +"$toolchain" --version --verbose | grep -q '^release: 1\.6[89]\.'; then[0m
2026-10-09T23:26:30.2542895Z [36;1m    touch "/home/runner/work/_temp"/.implicit_cargo_registries_crates_io_protocol || true[0m
2026-10-09T23:26:30.2543203Z [36;1m    echo CARGO_REGISTRIES_CRATES_IO_PROTOCOL=sparse >> $GITHUB_ENV[0m
2026-10-09T23:26:30.2543675Z [36;1m  elif rustc +"$toolchain" --version --verbose | grep -q '^release: 1\.6[67]\.'; then[0m
2026-10-09T23:26:30.2543995Z [36;1m    touch "/home/runner/work/_temp"/.implicit_cargo_registries_crates_io_protocol || true[0m
2026-10-09T23:26:30.2544276Z [36;1m    echo CARGO_REGISTRIES_CRATES_IO_PROTOCOL=git >> $GITHUB_ENV[0m
2026-10-09T23:26:30.2544468Z [36;1m  fi[0m
2026-10-09T23:26:30.2544582Z [36;1mfi[0m
2026-10-09T23:26:30.2589678Z shell: /usr/bin/bash --noprofile --norc -e -o pipefail {0}
2026-10-09T23:26:30.2589867Z env:
2026-10-09T23:26:30.2590062Z   CARGO_TERM_COLOR: always
2026-10-09T23:26:30.2590270Z   RUST_BACKTRACE: 1
2026-10-09T23:26:30.2590463Z   CARGO_HOME: /home/runner/.cargo
2026-10-09T23:26:30.2590682Z   CARGO_INCREMENTAL: 0
2026-10-09T23:26:30.2590868Z   toolchain: stable
2026-10-09T23:26:30.2591024Z ##[endgroup]
2026-10-09T23:26:30.2858439Z ##[end-action id=__dtolnay_rust-toolchain_2.__run_8;outcome=success;conclusion=success;duration_ms=32]
2026-10-09T23:26:30.2861066Z ##[start-action display=Work around spurious network errors in curl 8.0;id=__dtolnay_rust-toolchain_2.__run_9]
2026-10-09T23:26:30.2874826Z ##[group]Run # https://rust-lang.zulipchat.com/#narrow/stream/246057-t-cargo/topic/timeout.20investigation
2026-10-09T23:26:30.2875252Z [36;1m# https://rust-lang.zulipchat.com/#narrow/stream/246057-t-cargo/topic/timeout.20investigation[0m
2026-10-09T23:26:30.2875593Z [36;1mif rustc +"$toolchain" --version --verbose | grep -q '^release: 1\.7[01]\.'; then[0m
2026-10-09T23:26:30.2875986Z [36;1m  echo CARGO_HTTP_MULTIPLEXING=false >> $GITHUB_ENV[0m
2026-10-09T23:26:30.2876162Z [36;1mfi[0m
2026-10-09T23:26:30.2926778Z shell: /usr/bin/bash --noprofile --norc -e -o pipefail {0}
2026-10-09T23:26:30.2926964Z env:
2026-10-09T23:26:30.2927078Z   CARGO_TERM_COLOR: always
2026-10-09T23:26:30.2927205Z   RUST_BACKTRACE: 1
2026-10-09T23:26:30.2927331Z   CARGO_HOME: /home/runner/.cargo
2026-10-09T23:26:30.2927474Z   CARGO_INCREMENTAL: 0
2026-10-09T23:26:30.2927602Z   toolchain: stable
2026-10-09T23:26:30.2927720Z ##[endgroup]
2026-10-09T23:26:30.3094233Z ##[end-action id=__dtolnay_rust-toolchain_2.__run_9;outcome=success;conclusion=success;duration_ms=23]
2026-10-09T23:26:30.3097115Z ##[start-action display=rustc +stable --version --verbose;id=__dtolnay_rust-toolchain_2.__run_10]
2026-10-09T23:26:30.3109916Z ##[group]Run rustc +"$toolchain" --version --verbose
2026-10-09T23:26:30.3110140Z [36;1mrustc +"$toolchain" --version --verbose[0m
2026-10-09T23:26:30.3158393Z shell: /usr/bin/bash --noprofile --norc -e -o pipefail {0}
2026-10-09T23:26:30.3158579Z env:
2026-10-09T23:26:30.3158698Z   CARGO_TERM_COLOR: always
2026-10-09T23:26:30.3158830Z   RUST_BACKTRACE: 1
2026-10-09T23:26:30.3158957Z   CARGO_HOME: /home/runner/.cargo
2026-10-09T23:26:30.3159099Z   CARGO_INCREMENTAL: 0
2026-10-09T23:26:30.3159220Z   toolchain: stable
2026-10-09T23:26:30.3159337Z ##[endgroup]
2026-10-09T23:26:30.3309162Z rustc 1.99.0 (b940084d7 2026-09-28)
2026-10-09T23:26:30.3309797Z binary: rustc
2026-10-09T23:26:30.3310006Z commit-hash: b940084d7eb6a299eb4bfeb8e34901bc051e7ac4
2026-10-09T23:26:30.3310240Z commit-date: 2026-09-28
2026-10-09T23:26:30.3310388Z host: x86_64-unknown-linux-gnu
2026-10-09T23:26:30.3310528Z release: 1.99.0
2026-10-09T23:26:30.3310706Z LLVM version: 23.1.1
2026-10-09T23:26:30.3327375Z ##[end-action id=__dtolnay_rust-toolchain_2.__run_10;outcome=success;conclusion=success;duration_ms=22]
2026-10-09T23:26:30.3389953Z ##[group]Run Swatinem/rust-cache@v2
2026-10-09T23:26:30.3390116Z with:
2026-10-09T23:26:30.3390232Z   prefix-key: v0-rust
2026-10-09T23:26:30.3390358Z   add-job-id-key: true
2026-10-09T23:26:30.3390493Z   add-rust-environment-hash-key: true
2026-10-09T23:26:30.3390647Z   cache-targets: true
2026-10-09T23:26:30.3390770Z   cache-all-crates: false
2026-10-09T23:26:30.3390906Z   cache-workspace-crates: false
2026-10-09T23:26:30.3391044Z   save-if: true
2026-10-09T23:26:30.3391159Z   cache-provider: github
2026-10-09T23:26:30.3391282Z   cache-bin: true
2026-10-09T23:26:30.3391392Z   lookup-only: false
2026-10-09T23:26:30.3391509Z   cmd-format: {0}
2026-10-09T23:26:30.3391619Z env:
2026-10-09T23:26:30.3391726Z   CARGO_TERM_COLOR: always
2026-10-09T23:26:30.3391849Z   RUST_BACKTRACE: 1
2026-10-09T23:26:30.3391969Z   CARGO_HOME: /home/runner/.cargo
2026-10-09T23:26:30.3392107Z   CARGO_INCREMENTAL: 0
2026-10-09T23:26:30.3392225Z ##[endgroup]
2026-10-09T23:26:31.5834187Z ##[group]Cache Configuration
2026-10-09T23:26:31.5834594Z Cache Provider:
2026-10-09T23:26:31.5834785Z     github
2026-10-09T23:26:31.5834952Z Workspaces:
2026-10-09T23:26:31.5835143Z     /home/runner/work/rustwright/rustwright
2026-10-09T23:26:31.5835392Z Cache Paths:
2026-10-09T23:26:31.5835574Z     /home/runner/.cargo/bin
2026-10-09T23:26:31.5835780Z     /home/runner/.cargo/.crates.toml
2026-10-09T23:26:31.5836006Z     /home/runner/.cargo/.crates2.json
2026-10-09T23:26:31.5836244Z     /home/runner/.cargo/registry
2026-10-09T23:26:31.5836463Z     /home/runner/.cargo/git
2026-10-09T23:26:31.5836706Z     /home/runner/work/rustwright/rustwright/target
2026-10-09T23:26:31.5836967Z Restore Key:
2026-10-09T23:26:31.5837177Z     v0-rust-package-consumer-Linux-x64-7a998008
2026-10-09T23:26:31.5837436Z Cache Key:
2026-10-09T23:26:31.5837666Z     v0-rust-package-consumer-Linux-x64-7a998008-f6e92162
2026-10-09T23:26:31.5837951Z .. Prefix:
2026-10-09T23:26:31.5838149Z   - v0-rust-package-consumer-Linux-x64
2026-10-09T23:26:31.5838406Z .. Environment considered:
2026-10-09T23:26:31.5838613Z   - Rust Versions:
2026-10-09T23:26:31.5839402Z     - 1.85.0 x86_64-unknown-linux-gnu 4d91de4e48198da2e33413efdcd9cd2cc0c46688
2026-10-09T23:26:31.5839822Z     - 1.99.0 x86_64-unknown-linux-gnu b940084d7eb6a299eb4bfeb8e34901bc051e7ac4
2026-10-09T23:26:31.5840145Z   - CARGO_HOME
2026-10-09T23:26:31.5840322Z   - CARGO_INCREMENTAL
2026-10-09T23:26:31.5840511Z   - CARGO_TERM_COLOR
2026-10-09T23:26:31.5840694Z   - RUST_BACKTRACE
2026-10-09T23:26:31.5840874Z .. Lockfiles considered:
2026-10-09T23:26:31.5841109Z   - /home/runner/work/rustwright/rustwright/Cargo.lock
2026-10-09T23:26:31.5841496Z   - /home/runner/work/rustwright/rustwright/crates/rustwright-bidi/Cargo.toml
2026-10-09T23:26:31.5841963Z   - /home/runner/work/rustwright/rustwright/crates/rustwright-browser/Cargo.toml
2026-10-09T23:26:31.5842412Z   - /home/runner/work/rustwright/rustwright/crates/rustwright-cdp/Cargo.toml
2026-10-09T23:26:31.5842871Z   - /home/runner/work/rustwright/rustwright/crates/rustwright-common/Cargo.toml
2026-10-09T23:26:31.5843329Z   - /home/runner/work/rustwright/rustwright/crates/rustwright-core/Cargo.toml
2026-10-09T23:26:31.5843973Z   - /home/runner/work/rustwright/rustwright/crates/rustwright-test-macros/Cargo.toml
2026-10-09T23:26:31.5844421Z   - /home/runner/work/rustwright/rustwright/crates/rustwright-test/Cargo.toml
2026-10-09T23:26:31.5844830Z   - /home/runner/work/rustwright/rustwright/crates/rustwright/Cargo.toml
2026-10-09T23:26:31.5845407Z   - /home/runner/work/rustwright/rustwright/docs/ci/results/firefox-network-idle/local/release/consumer/.cargo/config.toml
2026-10-09T23:26:31.5846108Z   - /home/runner/work/rustwright/rustwright/docs/ci/results/reliability-95/local/distribution/consumer/.cargo/config.toml
2026-10-09T23:26:31.5846871Z   - /home/runner/work/rustwright/rustwright/docs/ci/results/remote-20261009/followup-local/consumer/.cargo/config.toml
2026-10-09T23:26:31.5847905Z   - /home/runner/work/rustwright/rustwright/docs/ci/results/required-browser/release/consumer/.cargo/config.toml
2026-10-09T23:26:31.5848613Z   - /home/runner/work/rustwright/rustwright/docs/release/results/local-package/consumer/.cargo/config.toml
2026-10-09T23:26:31.5849109Z   - /home/runner/work/rustwright/rustwright/examples/Cargo.toml
2026-10-09T23:26:31.5849495Z   - /home/runner/work/rustwright/rustwright/tests/Cargo.toml
2026-10-09T23:26:31.5849973Z ##[endgroup]
2026-10-09T23:26:31.5850093Z 
2026-10-09T23:26:31.5850188Z ... Restoring cache ...
2026-10-09T23:26:31.8297820Z Cache hit for: v0-rust-package-consumer-Linux-x64-7a998008-f6e92162
2026-10-09T23:26:33.1008949Z Received 0 of 449609175 (0.0%), 0.0 MBs/sec
2026-10-09T23:26:34.1020966Z Received 163577856 of 449609175 (36.4%), 78.0 MBs/sec
2026-10-09T23:26:35.1030644Z Received 318767104 of 449609175 (70.9%), 101.3 MBs/sec
2026-10-09T23:26:36.0314740Z Received 449609175 of 449609175 (100.0%), 109.2 MBs/sec
2026-10-09T23:26:36.0315512Z Cache Size: ~429 MB (449609175 B)
2026-10-09T23:26:36.0372580Z [command]/usr/bin/tar -xf /home/runner/work/_temp/0b5984cb-fb31-4b53-be23-68f6423f8f06/cache.tzst -P -C /home/runner/work/rustwright/rustwright --use-compress-program unzstd
2026-10-09T23:26:39.1618633Z Cache restored successfully
2026-10-09T23:26:39.1804697Z Restored from cache key "v0-rust-package-consumer-Linux-x64-7a998008-f6e92162" full match: true.
2026-10-09T23:26:39.3243802Z ##[group]Run actions/setup-python@v6
2026-10-09T23:26:39.3243973Z with:
2026-10-09T23:26:39.3244099Z   python-version: 3.11
2026-10-09T23:26:39.3244231Z   check-latest: false
2026-10-09T23:26:39.3245558Z   token: ***
2026-10-09T23:26:39.3245684Z   update-environment: true
2026-10-09T23:26:39.3245828Z   allow-prereleases: false
2026-10-09T23:26:39.3245965Z   freethreaded: false
2026-10-09T23:26:39.3246087Z env:
2026-10-09T23:26:39.3246203Z   CARGO_TERM_COLOR: always
2026-10-09T23:26:39.3246333Z   RUST_BACKTRACE: 1
2026-10-09T23:26:39.3246462Z   CARGO_HOME: /home/runner/.cargo
2026-10-09T23:26:39.3246608Z   CARGO_INCREMENTAL: 0
2026-10-09T23:26:39.3246740Z   CACHE_ON_FAILURE: false
2026-10-09T23:26:39.3246871Z ##[endgroup]
2026-10-09T23:26:39.4085559Z ##[group]Installed versions
2026-10-09T23:26:39.4180244Z Successfully set up CPython (3.11.17)
2026-10-09T23:26:39.4180681Z ##[endgroup]
2026-10-09T23:26:39.4643992Z ##[group]Run browser-actions/setup-chrome@v2
2026-10-09T23:26:39.4644275Z with:
2026-10-09T23:26:39.4644459Z   chrome-version: stable
2026-10-09T23:26:39.4644677Z   install-dependencies: true
2026-10-09T23:26:39.4644908Z   install-chromedriver: false
2026-10-09T23:26:39.4645123Z   no-sudo: false
2026-10-09T23:26:39.4645300Z env:
2026-10-09T23:26:39.4645474Z   CARGO_TERM_COLOR: always
2026-10-09T23:26:39.4645683Z   RUST_BACKTRACE: 1
2026-10-09T23:26:39.4645884Z   CARGO_HOME: /home/runner/.cargo
2026-10-09T23:26:39.4646111Z   CARGO_INCREMENTAL: 0
2026-10-09T23:26:39.4646312Z   CACHE_ON_FAILURE: false
2026-10-09T23:26:39.4646576Z   pythonLocation: /opt/hostedtoolcache/Python/3.11.17/x64
2026-10-09T23:26:39.4646997Z   PKG_CONFIG_PATH: /opt/hostedtoolcache/Python/3.11.17/x64/lib/pkgconfig
2026-10-09T23:26:39.4647376Z   Python_ROOT_DIR: /opt/hostedtoolcache/Python/3.11.17/x64
2026-10-09T23:26:39.4647735Z   Python2_ROOT_DIR: /opt/hostedtoolcache/Python/3.11.17/x64
2026-10-09T23:26:39.4648099Z   Python3_ROOT_DIR: /opt/hostedtoolcache/Python/3.11.17/x64
2026-10-09T23:26:39.4648445Z   LD_LIBRARY_PATH: /opt/hostedtoolcache/Python/3.11.17/x64/lib
2026-10-09T23:26:39.4648735Z ##[endgroup]
2026-10-09T23:26:39.5207252Z Installing dependencies
2026-10-09T23:26:39.5244923Z [command]/usr/bin/sudo apt-get update
2026-10-09T23:26:39.5987869Z Get:1 file:/etc/apt/apt-mirrors.txt Mirrorlist [144 B]
2026-10-09T23:26:39.6511373Z Get:6 https://packages.microsoft.com/ubuntu/24.04/prod noble InRelease [3600 B]
2026-10-09T23:26:39.7679199Z Hit:2 http://azure.archive.ubuntu.com/ubuntu noble InRelease
2026-10-09T23:26:39.7690180Z Get:3 http://azure.archive.ubuntu.com/ubuntu noble-updates InRelease [126 kB]
2026-10-09T23:26:39.8115765Z Get:7 https://packages.microsoft.com/ubuntu/24.04/prod noble/main arm64 Packages [492 kB]
2026-10-09T23:26:39.9386912Z Get:4 http://azure.archive.ubuntu.com/ubuntu noble-backports InRelease [126 kB]
2026-10-09T23:26:39.9429777Z Get:8 https://packages.microsoft.com/ubuntu/24.04/prod noble/main amd64 Packages [548 kB]
2026-10-09T23:26:40.0968513Z Get:5 http://azure.archive.ubuntu.com/ubuntu noble-security InRelease [126 kB]
2026-10-09T23:26:40.0996092Z Get:17 https://packages.microsoft.com/ubuntu/24.04/prod noble/main all Packages [640 B]
2026-10-09T23:26:40.1176186Z Get:9 http://azure.archive.ubuntu.com/ubuntu noble-updates/main amd64 Packages [1375 kB]
2026-10-09T23:26:40.1188594Z Get:18 https://packages.microsoft.com/ubuntu/24.04/prod noble/main armhf Packages [12.3 kB]
2026-10-09T23:26:40.1238072Z Get:10 http://azure.archive.ubuntu.com/ubuntu noble-updates/main Translation-en [306 kB]
2026-10-09T23:26:40.1525503Z Get:11 http://azure.archive.ubuntu.com/ubuntu noble-updates/universe amd64 Packages [1702 kB]
2026-10-09T23:26:40.1919696Z Get:12 http://azure.archive.ubuntu.com/ubuntu noble-updates/universe Translation-en [342 kB]
2026-10-09T23:26:40.2018010Z Get:13 http://azure.archive.ubuntu.com/ubuntu noble-updates/restricted amd64 Packages [1761 kB]
2026-10-09T23:26:40.2117614Z Get:14 http://azure.archive.ubuntu.com/ubuntu noble-updates/restricted Translation-en [401 kB]
2026-10-09T23:26:40.2218258Z Get:15 http://azure.archive.ubuntu.com/ubuntu noble-updates/multiverse amd64 Packages [55.0 kB]
2026-10-09T23:26:40.2275222Z Get:16 http://azure.archive.ubuntu.com/ubuntu noble-updates/multiverse Translation-en [14.3 kB]
2026-10-09T23:26:40.2628767Z Get:19 http://azure.archive.ubuntu.com/ubuntu noble-security/main amd64 Packages [1121 kB]
2026-10-09T23:26:40.2971338Z Get:20 http://azure.archive.ubuntu.com/ubuntu noble-security/main Translation-en [228 kB]
2026-10-09T23:26:40.3540285Z Get:21 http://azure.archive.ubuntu.com/ubuntu noble-security/universe amd64 Packages [1220 kB]
2026-10-09T23:26:40.4272331Z Get:22 http://azure.archive.ubuntu.com/ubuntu noble-security/universe Translation-en [245 kB]
2026-10-09T23:26:40.4286966Z Get:23 http://azure.archive.ubuntu.com/ubuntu noble-security/restricted amd64 Packages [1669 kB]
2026-10-09T23:26:40.4355509Z Get:24 http://azure.archive.ubuntu.com/ubuntu noble-security/restricted Translation-en [383 kB]
2026-10-09T23:26:40.5432781Z Get:25 http://azure.archive.ubuntu.com/ubuntu noble-security/multiverse amd64 Packages [49.8 kB]
2026-10-09T23:26:40.5442057Z Get:26 http://azure.archive.ubuntu.com/ubuntu noble-security/multiverse Translation-en [12.4 kB]
2026-10-09T23:26:46.1127738Z Fetched 12.3 MB in 1s (9194 kB/s)
2026-10-09T23:26:46.7077635Z Reading package lists...
2026-10-09T23:26:46.7191942Z [command]/usr/bin/sudo apt-get install --yes --no-install-recommends libasound2t64 libatk-bridge2.0-0t64 libatk1.0-0t64 libcairo2 libcups2t64 libdbus-1-3 libexpat1 libgbm1 libglib2.0-0t64 libnss3 libpango-1.0-0 libxcomposite1 libxdamage1 libxfixes3 libxkbcommon0 libxrandr2
2026-10-09T23:26:46.7357875Z Reading package lists...
2026-10-09T23:26:46.9108333Z Building dependency tree...
2026-10-09T23:26:46.9113697Z Reading state information...
2026-10-09T23:26:47.0639828Z libasound2t64 is already the newest version (1.2.11-1ubuntu0.3).
2026-10-09T23:26:47.0640249Z libasound2t64 set to manually installed.
2026-10-09T23:26:47.0640575Z libatk-bridge2.0-0t64 is already the newest version (2.52.0-1build1).
2026-10-09T23:26:47.0640926Z libatk-bridge2.0-0t64 set to manually installed.
2026-10-09T23:26:47.0641241Z libatk1.0-0t64 is already the newest version (2.52.0-1build1).
2026-10-09T23:26:47.0641545Z libatk1.0-0t64 set to manually installed.
2026-10-09T23:26:47.0641833Z libcairo2 is already the newest version (1.18.0-3build1).
2026-10-09T23:26:47.0642131Z libcairo2 set to manually installed.
2026-10-09T23:26:47.0642434Z libcups2t64 is already the newest version (2.4.7-1.2ubuntu7.14).
2026-10-09T23:26:47.0642746Z libcups2t64 set to manually installed.
2026-10-09T23:26:47.0643042Z libdbus-1-3 is already the newest version (1.14.10-4ubuntu4.1).
2026-10-09T23:26:47.0643355Z libdbus-1-3 set to manually installed.
2026-10-09T23:26:47.0643879Z libexpat1 is already the newest version (2.6.1-2ubuntu0.6).
2026-10-09T23:26:47.0644172Z libexpat1 set to manually installed.
2026-10-09T23:26:47.0644457Z libgbm1 is already the newest version (25.2.8-0ubuntu0.24.04.4).
2026-10-09T23:26:47.0644733Z libgbm1 set to manually installed.
2026-10-09T23:26:47.0644925Z libglib2.0-0t64 is already the newest version (2.80.0-6ubuntu3.9).
2026-10-09T23:26:47.0645132Z libglib2.0-0t64 set to manually installed.
2026-10-09T23:26:47.0645322Z libnss3 is already the newest version (2:3.98-1ubuntu0.2).
2026-10-09T23:26:47.0645511Z libnss3 set to manually installed.
2026-10-09T23:26:47.0645702Z libpango-1.0-0 is already the newest version (1.52.1+ds-1build1).
2026-10-09T23:26:47.0645903Z libpango-1.0-0 set to manually installed.
2026-10-09T23:26:47.0646190Z libxcomposite1 is already the newest version (1:0.4.5-1build3).
2026-10-09T23:26:47.0646491Z libxcomposite1 set to manually installed.
2026-10-09T23:26:47.0646776Z libxdamage1 is already the newest version (1:1.1.6-1build1).
2026-10-09T23:26:47.0647067Z libxdamage1 set to manually installed.
2026-10-09T23:26:47.0647353Z libxfixes3 is already the newest version (1:6.0.0-2build1).
2026-10-09T23:26:47.0647838Z libxfixes3 set to manually installed.
2026-10-09T23:26:47.0648421Z libxkbcommon0 is already the newest version (1.6.0-1build1).
2026-10-09T23:26:47.0665661Z libxkbcommon0 set to manually installed.
2026-10-09T23:26:47.0666225Z libxrandr2 is already the newest version (2:1.5.2-2build1).
2026-10-09T23:26:47.0666725Z libxrandr2 set to manually installed.
2026-10-09T23:26:47.0667234Z 0 upgraded, 0 newly installed, 0 to remove and 23 not upgraded.
2026-10-09T23:26:47.0667456Z Setup chrome stable
2026-10-09T23:26:47.0669673Z Attempting to download chrome stable...
2026-10-09T23:26:47.1266265Z Acquiring chrome stable from https://storage.googleapis.com/chrome-for-testing-public/155.0.8059.39/linux64/chrome-linux64.zip
2026-10-09T23:26:47.7756982Z Installing chrome...
2026-10-09T23:26:47.7781368Z [command]/usr/bin/unzip -o -q /home/runner/work/_temp/6f173421-4297-4953-8a9b-e12a9ca51af5
2026-10-09T23:26:56.5621923Z Successfully Installed chrome to /opt/hostedtoolcache/setup-chrome/chrome/stable/x64
2026-10-09T23:26:56.5627841Z [command]/opt/hostedtoolcache/setup-chrome/chrome/stable/x64/chrome --version
2026-10-09T23:26:56.6793070Z Google Chrome for Testing 155.0.8059.39 
2026-10-09T23:26:56.6834773Z Successfully setup chrome 155.0.8059.39
2026-10-09T23:26:56.7424416Z ##[group]Run browser-actions/setup-firefox@v1
2026-10-09T23:26:56.7424597Z with:
2026-10-09T23:26:56.7424720Z   firefox-version: 157.0.1
2026-10-09T23:26:56.7424857Z env:
2026-10-09T23:26:56.7424969Z   CARGO_TERM_COLOR: always
2026-10-09T23:26:56.7425101Z   RUST_BACKTRACE: 1
2026-10-09T23:26:56.7425236Z   CARGO_HOME: /home/runner/.cargo
2026-10-09T23:26:56.7435563Z   CARGO_INCREMENTAL: 0
2026-10-09T23:26:56.7435790Z   CACHE_ON_FAILURE: false
2026-10-09T23:26:56.7436050Z   pythonLocation: /opt/hostedtoolcache/Python/3.11.17/x64
2026-10-09T23:26:56.7436413Z   PKG_CONFIG_PATH: /opt/hostedtoolcache/Python/3.11.17/x64/lib/pkgconfig
2026-10-09T23:26:56.7436789Z   Python_ROOT_DIR: /opt/hostedtoolcache/Python/3.11.17/x64
2026-10-09T23:26:56.7437118Z   Python2_ROOT_DIR: /opt/hostedtoolcache/Python/3.11.17/x64
2026-10-09T23:26:56.7437449Z   Python3_ROOT_DIR: /opt/hostedtoolcache/Python/3.11.17/x64
2026-10-09T23:26:56.7437689Z   LD_LIBRARY_PATH: /opt/hostedtoolcache/Python/3.11.17/x64/lib
2026-10-09T23:26:56.7437892Z ##[endgroup]
2026-10-09T23:26:56.7888226Z Setup firefox 157.0.1 (en-US)
2026-10-09T23:26:56.7891948Z Attempting to download firefox 157.0.1...
2026-10-09T23:26:56.7893573Z This is the version number:157
2026-10-09T23:26:56.7893925Z Acquiring 157.0.1 from https://ftp.mozilla.org/pub/firefox/releases/157.0.1/linux-x86_64/en-US/firefox-157.0.1.tar.xz
2026-10-09T23:26:57.2551029Z Extracting Firefox...
2026-10-09T23:26:57.2636316Z [command]/usr/bin/tar xJ --strip-components=1 --warning=no-unknown-keyword --overwrite -C /home/runner/work/_temp/0ede19ab-05c6-497d-bfb6-cddfc2e32eda -f /home/runner/work/_temp/706bae2a-6a61-464f-8964-06e8fb6c65f7
2026-10-09T23:27:01.4073531Z Successfully extracted firefox 157.0.1 to /home/runner/work/_temp/0ede19ab-05c6-497d-bfb6-cddfc2e32eda
2026-10-09T23:27:01.4073869Z Adding to the cache ...
2026-10-09T23:27:01.8273569Z (node:2717) Warning: Closing file descriptor 21 on garbage collection
2026-10-09T23:27:01.8274033Z (Use `node --trace-warnings ...` to show where the warning was created)
2026-10-09T23:27:01.8274675Z (node:2717) [DEP0137] DeprecationWarning: Closing a FileHandle object on garbage collection is deprecated. Please close FileHandle objects explicitly using FileHandle.prototype.close(). In the future, an error will be thrown if a file descriptor is closed during garbage collection.
2026-10-09T23:27:02.9785657Z Successfully cached firefox 157.0.1 to /opt/hostedtoolcache/firefox/157.0.1/x64
2026-10-09T23:27:02.9790439Z [command]/opt/hostedtoolcache/firefox/157.0.1/x64/firefox --version
2026-10-09T23:27:02.9847559Z [2735] Sandbox: CanCreateUserNamespace() unshare(CLONE_NEWPID): EPERM
2026-10-09T23:27:03.0882539Z Mozilla Firefox 157.0.1
2026-10-09T23:27:03.0897622Z Successfully setup firefox version 157.0.1
2026-10-09T23:27:03.1114803Z ##[group]Run python3 scripts/ci/chrome_linux_sandbox.py --output target/release-check/linux-sandbox
2026-10-09T23:27:03.1115209Z [36;1mpython3 scripts/ci/chrome_linux_sandbox.py --output target/release-check/linux-sandbox[0m
2026-10-09T23:27:03.1176076Z shell: /usr/bin/bash -e {0}
2026-10-09T23:27:03.1176228Z env:
2026-10-09T23:27:03.1176354Z   CARGO_TERM_COLOR: always
2026-10-09T23:27:03.1176494Z   RUST_BACKTRACE: 1
2026-10-09T23:27:03.1176625Z   CARGO_HOME: /home/runner/.cargo
2026-10-09T23:27:03.1176775Z   CARGO_INCREMENTAL: 0
2026-10-09T23:27:03.1176910Z   CACHE_ON_FAILURE: false
2026-10-09T23:27:03.1177084Z   pythonLocation: /opt/hostedtoolcache/Python/3.11.17/x64
2026-10-09T23:27:03.1177334Z   PKG_CONFIG_PATH: /opt/hostedtoolcache/Python/3.11.17/x64/lib/pkgconfig
2026-10-09T23:27:03.1177579Z   Python_ROOT_DIR: /opt/hostedtoolcache/Python/3.11.17/x64
2026-10-09T23:27:03.1177959Z   Python2_ROOT_DIR: /opt/hostedtoolcache/Python/3.11.17/x64
2026-10-09T23:27:03.1178198Z   Python3_ROOT_DIR: /opt/hostedtoolcache/Python/3.11.17/x64
2026-10-09T23:27:03.1178419Z   LD_LIBRARY_PATH: /opt/hostedtoolcache/Python/3.11.17/x64/lib
2026-10-09T23:27:03.1178680Z   RUSTWRIGHT_CHROME: /opt/hostedtoolcache/setup-chrome/chrome/stable/x64/chrome
2026-10-09T23:27:03.1178911Z ##[endgroup]
2026-10-09T23:27:03.6761253Z Chrome before: {"phase": "before", "method": "CDP HTTP renderer preflight", "outer_timeout_seconds": 25, "stdout": "/home/runner/work/rustwright/rustwright/target/release-check/linux-sandbox/before-stdout.log", "stderr": "/home/runner/work/rustwright/rustwright/target/release-check/linux-sandbox/before-stderr.log", "protocol": "/home/runner/work/rustwright/rustwright/target/release-check/linux-sandbox/before-cdp.jsonl", "timed_out": false, "document_rendered": false, "exit_code": -6, "passed": false, "profile_path": "/home/runner/work/_temp/rustwright-before-4mmkxas7", "command": ["/opt/hostedtoolcache/setup-chrome/chrome/stable/x64/chrome", "--no-first-run", "--no-default-browser-check", "--user-data-dir=/home/runner/work/_temp/rustwright-before-4mmkxas7", "--headless=new", "--disable-gpu", "--hide-scrollbars", "--mute-audio", "--remote-debugging-address=127.0.0.1", "--remote-debugging-port=0", "about:blank"], "fixture_url": "http://127.0.0.1:36825/preflight-070920e82596e799", "fixture_path": "/preflight-070920e82596e799", "error": "RuntimeError: Chrome exited before its debugging endpoint: -6", "cleanup": {"termination_requested": false, "errors": [], "direct_child_reaped": true, "exit_code": -6}, "fixture_requests": [], "profile_removed": true}
2026-10-09T23:27:03.6767610Z [2743:2743:1009/232703.471663:FATAL:content/browser/zygote_host/zygote_host_impl_linux.cc:130] No usable sandbox! If you are running on Ubuntu 23.10+ or another Linux distro that has disabled unprivileged user namespaces with AppArmor, see https://chromium.googlesource.com/chromium/src/+/main/docs/security/apparmor-userns-restrictions.md. Otherwise see https://chromium.googlesource.com/chromium/src/+/main/docs/linux/suid_sandbox_development.md for more information on developing with the (older) SUID sandbox. If you want to live dangerously and need an immediate workaround, you can try using --no-sandbox.
2026-10-09T23:27:03.6770477Z [1009/232703.478432:ERROR:third_party/crashpad/crashpad/util/file/file_io_posix.cc:145] open /sys/devices/system/cpu/cpu0/cpufreq/scaling_cur_freq: No such file or directory (2)
2026-10-09T23:27:03.6771702Z [1009/232703.478461:ERROR:third_party/crashpad/crashpad/util/file/file_io_posix.cc:145] open /sys/devices/system/cpu/cpu0/cpufreq/scaling_max_freq: No such file or directory (2)
2026-10-09T23:27:03.6772563Z Received signal 6
2026-10-09T23:27:03.6773355Z #0 0x55f6d9924fc3 (/opt/hostedtoolcache/setup-chrome/chrome/stable/x64/chrome+0x6aecfc2)
2026-10-09T23:27:03.6774221Z #1 0x55f6de8f3174 (/opt/hostedtoolcache/setup-chrome/chrome/stable/x64/chrome+0xbabb173)
2026-10-09T23:27:03.6774851Z #2 0x7f18d9645330 (/usr/lib/x86_64-linux-gnu/libc.so.6+0x4532f)
2026-10-09T23:27:03.6775654Z #3 0x7f18d964527e (/usr/lib/x86_64-linux-gnu/libc.so.6+0x4527d)
2026-10-09T23:27:03.6776198Z #4 0x7f18d96288ff (/usr/lib/x86_64-linux-gnu/libc.so.6+0x288fe)
2026-10-09T23:27:03.6776759Z #5 0x55f6de8e9ed5 (/opt/hostedtoolcache/setup-chrome/chrome/stable/x64/chrome+0xbab1ed4)
2026-10-09T23:27:03.6777407Z #6 0x55f6de8a9b8d (/opt/hostedtoolcache/setup-chrome/chrome/stable/x64/chrome+0xba71b8c)
2026-10-09T23:27:03.6778057Z #7 0x55f6de8a9add (/opt/hostedtoolcache/setup-chrome/chrome/stable/x64/chrome+0xba71adc)
2026-10-09T23:27:03.6778705Z #8 0x55f6d95eec12 (/opt/hostedtoolcache/setup-chrome/chrome/stable/x64/chrome+0x67b6c11)
2026-10-09T23:27:03.6779334Z #9 0x55f6d8d15829 (/opt/hostedtoolcache/setup-chrome/chrome/stable/x64/chrome+0x5edd828)
2026-10-09T23:27:03.6779984Z #10 0x55f6d884df58 (/opt/hostedtoolcache/setup-chrome/chrome/stable/x64/chrome+0x5a15f57)
2026-10-09T23:27:03.6780837Z #11 0x55f6dddbc74f (/opt/hostedtoolcache/setup-chrome/chrome/stable/x64/chrome+0xaf8474e)
2026-10-09T23:27:03.6781520Z #12 0x55f6d8d5e90c (/opt/hostedtoolcache/setup-chrome/chrome/stable/x64/chrome+0x5f2690b)
2026-10-09T23:27:03.6782168Z #13 0x55f6d8d5e060 (/opt/hostedtoolcache/setup-chrome/chrome/stable/x64/chrome+0x5f2605f)
2026-10-09T23:27:03.6782752Z #14 0x7f18d962a1ca (/usr/lib/x86_64-linux-gnu/libc.so.6+0x2a1c9)
2026-10-09T23:27:03.6783263Z #15 0x7f18d962a28b (/usr/lib/x86_64-linux-gnu/libc.so.6+0x2a28a)
2026-10-09T23:27:03.6784001Z #16 0x55f6d9bde36a (/opt/hostedtoolcache/setup-chrome/chrome/stable/x64/chrome+0x6da6369)
2026-10-09T23:27:03.6784633Z   r8: 00001a600013c263  r9: 0000000000000001 r10: 0000000000000008 r11: 0000000000000246
2026-10-09T23:27:03.6785228Z  r12: 0000000000000006 r13: 00001a600013c000 r14: 0000000000000016 r15: 00007ffcf4f46e78
2026-10-09T23:27:03.6785832Z   di: 0000000000000ab7  si: 0000000000000ab7  bp: 00007ffcf4f467f0  bx: 0000000000000ab7
2026-10-09T23:27:03.6786437Z   dx: 0000000000000006  ax: 0000000000000000  cx: 00007f18d969ec0c  sp: 00007ffcf4f467b0
2026-10-09T23:27:03.6787034Z   ip: 00007f18d969ec0c efl: 0000000000000246 cgf: 002b000000000033 erf: 0000000000000000
2026-10-09T23:27:03.6787583Z  trp: 0000000000000000 msk: 0000000000000000 cr2: 0000000000000000
2026-10-09T23:27:03.6788021Z [end of stack trace]
2026-10-09T23:27:03.6788288Z 
2026-10-09T23:27:04.5374344Z Chrome after-configuration: {"phase": "after-configuration", "method": "CDP HTTP renderer preflight", "outer_timeout_seconds": 25, "stdout": "/home/runner/work/rustwright/rustwright/target/release-check/linux-sandbox/after-configuration-stdout.log", "stderr": "/home/runner/work/rustwright/rustwright/target/release-check/linux-sandbox/after-configuration-stderr.log", "protocol": "/home/runner/work/rustwright/rustwright/target/release-check/linux-sandbox/after-configuration-cdp.jsonl", "timed_out": false, "document_rendered": true, "exit_code": 0, "passed": true, "profile_path": "/home/runner/work/_temp/rustwright-after-configuration-ijz9q234", "command": ["/opt/hostedtoolcache/setup-chrome/chrome/stable/x64/chrome", "--no-first-run", "--no-default-browser-check", "--user-data-dir=/home/runner/work/_temp/rustwright-after-configuration-ijz9q234", "--headless=new", "--disable-gpu", "--hide-scrollbars", "--mute-audio", "--remote-debugging-address=127.0.0.1", "--remote-debugging-port=0", "about:blank"], "fixture_url": "http://127.0.0.1:45907/preflight-b7bba29de67df113", "fixture_path": "/preflight-b7bba29de67df113", "navigation": {"frameId": "629FFAFC783AA054595DF1B029C80829", "loaderId": "86C9EF595D009A0FD0AC2E05237F630B", "isDownload": false}, "document": {"url": "http://127.0.0.1:45907/preflight-b7bba29de67df113", "title": "Rustwright Linux sandbox preflight", "body": "<h1>ready</h1>", "readyState": "complete"}, "lifecycle": {"frameId": "629FFAFC783AA054595DF1B029C80829", "loaderId": "86C9EF595D009A0FD0AC2E05237F630B", "name": "DOMContentLoaded", "timestamp": 191.681263}, "document_response": {"requestId": "86C9EF595D009A0FD0AC2E05237F630B", "loaderId": "86C9EF595D009A0FD0AC2E05237F630B", "timestamp": 191.652217, "type": "Document", "response": {"url": "http://127.0.0.1:45907/preflight-b7bba29de67df113", "status": 200, "statusText": "OK", "headers": {"Content-Length": "78", "Content-Type": "text/html; charset=utf-8", "Date": "Fri, 09 Oct 2026 23:27:04 GMT", "Server": "BaseHTTP/0.6 Python/3.11.17"}, "mimeType": "text/html", "charset": "utf-8", "connectionReused": true, "connectionId": 128, "remoteIPAddress": "127.0.0.1", "remotePort": 45907, "fromDiskCache": false, "fromServiceWorker": false, "fromPrefetchCache": false, "encodedDataLength": 153, "timing": {"requestTime": 191.625544, "proxyStart": -1, "proxyEnd": -1, "dnsStart": -1, "dnsEnd": -1, "connectStart": -1, "connectEnd": -1, "sslStart": -1, "sslEnd": -1, "workerStart": -1, "workerReady": -1, "workerFetchStart": -1, "workerRespondWithSettled": -1, "sendStart": 6.534, "sendEnd": 6.614, "pushStart": 0, "pushEnd": 0, "receiveHeadersStart": 8.752, "receiveHeadersEnd": 8.836}, "responseTime": 1791588424312.635, "protocol": "http/1.0", "alternateProtocolUsage": "unspecifiedReason", "securityState": "secure"}, "hasExtraInfo": true, "frameId": "629FFAFC783AA054595DF1B029C80829"}, "loading_finished": {"requestId": "86C9EF595D009A0FD0AC2E05237F630B", "timestamp": 191.635154, "encodedDataLength": 231}, "browser_close_acknowledged": true, "cleanup": {"termination_requested": false, "errors": [], "direct_child_reaped": true, "exit_code": 0}, "fixture_requests": [{"path": "/preflight-b7bba29de67df113", "status": 200, "bytes_written": 78}], "profile_removed": true}
2026-10-09T23:27:04.5380250Z [2767:2790:1009/232704.049928:ERROR:dbus/bus.cc:405] Failed to connect to the bus: Could not parse server address: Unknown address type (examples of valid types are "tcp" and on UNIX "unix")
2026-10-09T23:27:04.5380873Z [2767:2790:1009/232704.050756:ERROR:dbus/bus.cc:405] Failed to connect to the bus: Could not parse server address: Unknown address type (examples of valid types are "tcp" and on UNIX "unix")
2026-10-09T23:27:04.5381487Z [2767:2790:1009/232704.050769:ERROR:dbus/bus.cc:405] Failed to connect to the bus: Could not parse server address: Unknown address type (examples of valid types are "tcp" and on UNIX "unix")
2026-10-09T23:27:04.5382088Z [2767:2790:1009/232704.052235:ERROR:dbus/bus.cc:405] Failed to connect to the bus: Could not parse server address: Unknown address type (examples of valid types are "tcp" and on UNIX "unix")
2026-10-09T23:27:04.5382691Z [2767:2790:1009/232704.068469:ERROR:dbus/bus.cc:405] Failed to connect to the bus: Could not parse server address: Unknown address type (examples of valid types are "tcp" and on UNIX "unix")
2026-10-09T23:27:04.5383025Z 
2026-10-09T23:27:04.5383188Z DevTools listening on ws://127.0.0.1:45701/devtools/browser/769a3af0-d106-4d13-a192-ac6c8454b4fe
2026-10-09T23:27:04.5383878Z [2767:2767:1009/232704.185685:ERROR:dbus/object_proxy.cc:572] Failed to call method: org.freedesktop.DBus.NameHasOwner: object_path= /org/freedesktop/DBus: unknown error type: 
2026-10-09T23:27:04.5384494Z [2767:2790:1009/232704.185794:ERROR:dbus/bus.cc:405] Failed to connect to the bus: Could not parse server address: Unknown address type (examples of valid types are "tcp" and on UNIX "unix")
2026-10-09T23:27:04.5385098Z [2767:2767:1009/232704.185803:ERROR:dbus/object_proxy.cc:572] Failed to call method: org.freedesktop.DBus.NameHasOwner: object_path= /org/freedesktop/DBus: unknown error type: 
2026-10-09T23:27:04.5385699Z [2767:2790:1009/232704.185850:ERROR:dbus/bus.cc:405] Failed to connect to the bus: Could not parse server address: Unknown address type (examples of valid types are "tcp" and on UNIX "unix")
2026-10-09T23:27:04.5386298Z [2767:2767:1009/232704.188306:ERROR:dbus/object_proxy.cc:572] Failed to call method: org.freedesktop.DBus.NameHasOwner: object_path= /org/freedesktop/DBus: unknown error type: 
2026-10-09T23:27:04.5386890Z [2767:2767:1009/232704.188913:ERROR:dbus/object_proxy.cc:572] Failed to call method: org.freedesktop.DBus.NameHasOwner: object_path= /org/freedesktop/DBus: unknown error type: 
2026-10-09T23:27:04.5387584Z [2767:2790:1009/232704.188984:ERROR:dbus/bus.cc:405] Failed to connect to the bus: Could not parse server address: Unknown address type (examples of valid types are "tcp" and on UNIX "unix")
2026-10-09T23:27:04.5388180Z [2767:2767:1009/232704.203570:ERROR:dbus/object_proxy.cc:572] Failed to call method: org.freedesktop.DBus.NameHasOwner: object_path= /org/freedesktop/DBus: unknown error type: 
2026-10-09T23:27:04.5388765Z [2767:2767:1009/232704.206026:ERROR:dbus/object_proxy.cc:572] Failed to call method: org.freedesktop.DBus.NameHasOwner: object_path= /org/freedesktop/DBus: unknown error type: 
2026-10-09T23:27:04.5389362Z [2767:2790:1009/232704.206334:ERROR:dbus/bus.cc:405] Failed to connect to the bus: Could not parse server address: Unknown address type (examples of valid types are "tcp" and on UNIX "unix")
2026-10-09T23:27:04.5389960Z [2767:2767:1009/232704.207557:ERROR:dbus/object_proxy.cc:572] Failed to call method: org.freedesktop.DBus.NameHasOwner: object_path= /org/freedesktop/DBus: unknown error type: 
2026-10-09T23:27:04.5390871Z [2767:2767:1009/232704.242455:ERROR:dbus/object_proxy.cc:572] Failed to call method: org.freedesktop.DBus.Properties.GetAll: object_path= /org/freedesktop/UPower/devices/DisplayDevice: org.freedesktop.DBus.Error.ServiceUnknown: The name org.freedesktop.UPower was not provided by any .service files
2026-10-09T23:27:04.5391695Z [2767:2767:1009/232704.242792:ERROR:dbus/object_proxy.cc:572] Failed to call method: org.freedesktop.DBus.NameHasOwner: object_path= /org/freedesktop/DBus: unknown error type: 
2026-10-09T23:27:04.5392296Z [2767:2790:1009/232704.243564:ERROR:dbus/bus.cc:405] Failed to connect to the bus: Could not parse server address: Unknown address type (examples of valid types are "tcp" and on UNIX "unix")
2026-10-09T23:27:04.5392895Z [2767:2767:1009/232704.262184:ERROR:dbus/object_proxy.cc:572] Failed to call method: org.freedesktop.DBus.NameHasOwner: object_path= /org/freedesktop/DBus: unknown error type: 
2026-10-09T23:27:04.5393619Z [2767:2790:1009/232704.264389:ERROR:dbus/bus.cc:405] Failed to connect to the bus: Could not parse server address: Unknown address type (examples of valid types are "tcp" and on UNIX "unix")
2026-10-09T23:27:04.5394219Z [2767:2767:1009/232704.272729:ERROR:dbus/object_proxy.cc:572] Failed to call method: org.freedesktop.DBus.NameHasOwner: object_path= /org/freedesktop/DBus: unknown error type: 
2026-10-09T23:27:04.5395034Z [2767:2767:1009/232704.281644:ERROR:dbus/object_proxy.cc:572] Failed to call method: org.freedesktop.NetworkManager.GetDevices: object_path= /org/freedesktop/NetworkManager: org.freedesktop.DBus.Error.ServiceUnknown: The name org.freedesktop.NetworkManager was not provided by any .service files
2026-10-09T23:27:04.5395582Z 
2026-10-09T23:27:04.5500155Z ##[group]Run cargo +stable fetch --locked
2026-10-09T23:27:04.5500356Z [36;1mcargo +stable fetch --locked[0m
2026-10-09T23:27:04.5556518Z shell: /usr/bin/bash -e {0}
2026-10-09T23:27:04.5556677Z env:
2026-10-09T23:27:04.5556797Z   CARGO_TERM_COLOR: always
2026-10-09T23:27:04.5556933Z   RUST_BACKTRACE: 1
2026-10-09T23:27:04.5557064Z   CARGO_HOME: /home/runner/.cargo
2026-10-09T23:27:04.5557228Z   CARGO_INCREMENTAL: 0
2026-10-09T23:27:04.5557358Z   CACHE_ON_FAILURE: false
2026-10-09T23:27:04.5557533Z   pythonLocation: /opt/hostedtoolcache/Python/3.11.17/x64
2026-10-09T23:27:04.5557781Z   PKG_CONFIG_PATH: /opt/hostedtoolcache/Python/3.11.17/x64/lib/pkgconfig
2026-10-09T23:27:04.5558020Z   Python_ROOT_DIR: /opt/hostedtoolcache/Python/3.11.17/x64
2026-10-09T23:27:04.5558240Z   Python2_ROOT_DIR: /opt/hostedtoolcache/Python/3.11.17/x64
2026-10-09T23:27:04.5558461Z   Python3_ROOT_DIR: /opt/hostedtoolcache/Python/3.11.17/x64
2026-10-09T23:27:04.5558699Z   LD_LIBRARY_PATH: /opt/hostedtoolcache/Python/3.11.17/x64/lib
2026-10-09T23:27:04.5558957Z   CHROME_DEVEL_SANDBOX: /usr/local/lib/rustwright-ci/155.0.8059.39/chrome-sandbox
2026-10-09T23:27:04.5559180Z ##[endgroup]
2026-10-09T23:27:04.7470365Z [1m[92m    Updating[0m crates.io index
2026-10-09T23:27:05.4974005Z ##[group]Run python scripts/release_check.py --run-browser-tests
2026-10-09T23:27:05.4974283Z [36;1mpython scripts/release_check.py --run-browser-tests[0m
2026-10-09T23:27:05.5027948Z shell: /usr/bin/bash -e {0}
2026-10-09T23:27:05.5028093Z env:
2026-10-09T23:27:05.5028214Z   CARGO_TERM_COLOR: always
2026-10-09T23:27:05.5028344Z   RUST_BACKTRACE: 1
2026-10-09T23:27:05.5028472Z   CARGO_HOME: /home/runner/.cargo
2026-10-09T23:27:05.5028617Z   CARGO_INCREMENTAL: 0
2026-10-09T23:27:05.5028743Z   CACHE_ON_FAILURE: false
2026-10-09T23:27:05.5028912Z   pythonLocation: /opt/hostedtoolcache/Python/3.11.17/x64
2026-10-09T23:27:05.5029153Z   PKG_CONFIG_PATH: /opt/hostedtoolcache/Python/3.11.17/x64/lib/pkgconfig
2026-10-09T23:27:05.5029390Z   Python_ROOT_DIR: /opt/hostedtoolcache/Python/3.11.17/x64
2026-10-09T23:27:05.5029609Z   Python2_ROOT_DIR: /opt/hostedtoolcache/Python/3.11.17/x64
2026-10-09T23:27:05.5029820Z   Python3_ROOT_DIR: /opt/hostedtoolcache/Python/3.11.17/x64
2026-10-09T23:27:05.5030267Z   LD_LIBRARY_PATH: /opt/hostedtoolcache/Python/3.11.17/x64/lib
2026-10-09T23:27:05.5030524Z   CHROME_DEVEL_SANDBOX: /usr/local/lib/rustwright-ci/155.0.8059.39/chrome-sandbox
2026-10-09T23:27:05.5030814Z   RUSTWRIGHT_CHROME: /opt/hostedtoolcache/setup-chrome/chrome/stable/x64/chrome
2026-10-09T23:27:05.5031085Z   RUSTWRIGHT_FIREFOX: /opt/hostedtoolcache/firefox/157.0.1/x64/firefox
2026-10-09T23:27:05.5031281Z ##[endgroup]
2026-10-09T23:27:05.5564891Z Running /home/runner/.cargo/bin/cargo +stable package --allow-dirty --offline --locked --target-dir /home/runner/work/rustwright/rustwright/target/release-check/package-target/1e79ef93767eac83 --package rustwright --package rustwright-bidi --package rustwright-browser --package rustwright-cdp --package rustwright-common --package rustwright-core --package rustwright-test --package rustwright-test-macros
2026-10-09T23:27:22.6541037Z Running /home/runner/.cargo/bin/cargo +stable generate-lockfile --offline
2026-10-09T23:27:22.7052398Z Running /home/runner/.cargo/bin/cargo +stable test --offline --locked --all-targets --no-run
2026-10-09T23:27:36.4630780Z Running /home/runner/.cargo/bin/cargo +stable run --offline --locked --bin rustwright-release-consumer
2026-10-09T23:27:36.4997054Z Running /home/runner/.cargo/bin/cargo +stable metadata --offline --locked --format-version 1
2026-10-09T23:27:36.6066535Z Running /home/runner/.cargo/bin/cargo +1.85.0 test --offline --locked --all-targets --no-run
2026-10-09T23:27:51.8395235Z Running /home/runner/.cargo/bin/cargo +1.85.0 run --offline --locked --bin rustwright-release-consumer
2026-10-09T23:27:51.8755009Z Running /home/runner/.cargo/bin/cargo +1.85.0 metadata --offline --locked --format-version 1
2026-10-09T23:27:51.9099201Z Running /home/runner/.cargo/bin/cargo +stable test --offline --locked --test browser -- --test-threads=1 --nocapture
2026-10-09T23:27:53.2442613Z Running /home/runner/.cargo/bin/cargo +stable test --offline --locked --test browser -- --test-threads=1 --nocapture
2026-10-09T23:27:56.8206787Z Release checks passed: /home/runner/work/rustwright/rustwright/target/release-check/report.json
2026-10-09T23:27:56.8406915Z ##[group]Run python scripts/release/readme_runtime.py
2026-10-09T23:27:56.8407271Z [36;1mpython scripts/release/readme_runtime.py[0m
2026-10-09T23:27:56.8462248Z shell: /usr/bin/bash -e {0}
2026-10-09T23:27:56.8462400Z env:
2026-10-09T23:27:56.8462525Z   CARGO_TERM_COLOR: always
2026-10-09T23:27:56.8462664Z   RUST_BACKTRACE: 1
2026-10-09T23:27:56.8462798Z   CARGO_HOME: /home/runner/.cargo
2026-10-09T23:27:56.8462946Z   CARGO_INCREMENTAL: 0
2026-10-09T23:27:56.8463073Z   CACHE_ON_FAILURE: false
2026-10-09T23:27:56.8463247Z   pythonLocation: /opt/hostedtoolcache/Python/3.11.17/x64
2026-10-09T23:27:56.8463655Z   PKG_CONFIG_PATH: /opt/hostedtoolcache/Python/3.11.17/x64/lib/pkgconfig
2026-10-09T23:27:56.8463891Z   Python_ROOT_DIR: /opt/hostedtoolcache/Python/3.11.17/x64
2026-10-09T23:27:56.8464112Z   Python2_ROOT_DIR: /opt/hostedtoolcache/Python/3.11.17/x64
2026-10-09T23:27:56.8464342Z   Python3_ROOT_DIR: /opt/hostedtoolcache/Python/3.11.17/x64
2026-10-09T23:27:56.8464582Z   LD_LIBRARY_PATH: /opt/hostedtoolcache/Python/3.11.17/x64/lib
2026-10-09T23:27:56.8464839Z   CHROME_DEVEL_SANDBOX: /usr/local/lib/rustwright-ci/155.0.8059.39/chrome-sandbox
2026-10-09T23:27:56.8465131Z   RUSTWRIGHT_CHROME: /opt/hostedtoolcache/setup-chrome/chrome/stable/x64/chrome
2026-10-09T23:27:56.8465407Z   RUSTWRIGHT_FIREFOX: /opt/hostedtoolcache/firefox/157.0.1/x64/firefox
2026-10-09T23:27:56.8465606Z ##[endgroup]
2026-10-09T23:28:03.0381997Z README runtime checks passed: 2
2026-10-09T23:28:03.0510902Z ##[group]Run actions/upload-artifact@v4
2026-10-09T23:28:03.0511082Z with:
2026-10-09T23:28:03.0511211Z   name: release-verification
2026-10-09T23:28:03.0511891Z   path: target/release-check/*.log
target/release-check/*.json
target/release-check/package-target/*/package/*.crate
target/release-check/consumer/Cargo.lock
target/release-check/consumer/readme-snippets.json
target/release-check/consumer/firefox.png
target/release-check/native-screenshots/
target/release-check/linux-sandbox/

2026-10-09T23:28:03.0512745Z   if-no-files-found: error
2026-10-09T23:28:03.0512886Z   compression-level: 6
2026-10-09T23:28:03.0513013Z   overwrite: false
2026-10-09T23:28:03.0513140Z   include-hidden-files: false
2026-10-09T23:28:03.0513281Z env:
2026-10-09T23:28:03.0513549Z   CARGO_TERM_COLOR: always
2026-10-09T23:28:03.0513735Z   RUST_BACKTRACE: 1
2026-10-09T23:28:03.0513862Z   CARGO_HOME: /home/runner/.cargo
2026-10-09T23:28:03.0514005Z   CARGO_INCREMENTAL: 0
2026-10-09T23:28:03.0514147Z   CACHE_ON_FAILURE: false
2026-10-09T23:28:03.0514318Z   pythonLocation: /opt/hostedtoolcache/Python/3.11.17/x64
2026-10-09T23:28:03.0514560Z   PKG_CONFIG_PATH: /opt/hostedtoolcache/Python/3.11.17/x64/lib/pkgconfig
2026-10-09T23:28:03.0514796Z   Python_ROOT_DIR: /opt/hostedtoolcache/Python/3.11.17/x64
2026-10-09T23:28:03.0515012Z   Python2_ROOT_DIR: /opt/hostedtoolcache/Python/3.11.17/x64
2026-10-09T23:28:03.0515238Z   Python3_ROOT_DIR: /opt/hostedtoolcache/Python/3.11.17/x64
2026-10-09T23:28:03.0515457Z   LD_LIBRARY_PATH: /opt/hostedtoolcache/Python/3.11.17/x64/lib
2026-10-09T23:28:03.0515711Z   CHROME_DEVEL_SANDBOX: /usr/local/lib/rustwright-ci/155.0.8059.39/chrome-sandbox
2026-10-09T23:28:03.0515937Z ##[endgroup]
2026-10-09T23:28:03.1552847Z (node:7038) [DEP0040] DeprecationWarning: The `punycode` module is deprecated. Please use a userland alternative instead.
2026-10-09T23:28:03.1553385Z (Use `node --trace-deprecation ...` to show where the warning was created)
2026-10-09T23:28:03.1705645Z With the provided path, there will be 43 files uploaded
2026-10-09T23:28:03.1706107Z Artifact name is valid!
2026-10-09T23:28:03.1706323Z Root directory input is valid!
2026-10-09T23:28:03.5634903Z Beginning upload of artifact content to blob storage
2026-10-09T23:28:03.6111223Z (node:7038) [DEP0169] DeprecationWarning: `url.parse()` behavior is not standardized and prone to errors that have security implications. Use the WHATWG URL API instead. CVEs are not issued for `url.parse()` vulnerabilities.
2026-10-09T23:28:04.1730663Z Uploaded bytes 383956
2026-10-09T23:28:04.2507388Z Finished uploading artifact content to blob storage!
2026-10-09T23:28:04.2507925Z SHA256 digest of uploaded artifact zip is d53fbb969bc167a33eb43c0aa06cfaefaaec9c4b3c600df1e308f5c6cdd40195
2026-10-09T23:28:04.2509619Z Finalizing artifact upload
2026-10-09T23:28:04.5033270Z Artifact release-verification.zip successfully finalized. Artifact ID 11650412782
2026-10-09T23:28:04.5034119Z Artifact release-verification has been successfully uploaded! Final size is 383956 bytes. Artifact ID is 11650412782
2026-10-09T23:28:04.5037751Z Artifact download URL: https://github.com/rsasaki0109/rustwright/actions/runs/38002188290/artifacts/11650412782
2026-10-09T23:28:04.5187120Z Post job cleanup.
2026-10-09T23:28:04.6098729Z Post job cleanup.
2026-10-09T23:28:04.6876241Z Cache up-to-date.
2026-10-09T23:28:04.7006572Z Post job cleanup.
2026-10-09T23:28:04.7587637Z [command]/usr/bin/git version
2026-10-09T23:28:04.7619613Z git version 2.55.0
2026-10-09T23:28:04.7641829Z Temporarily overriding HOME='/home/runner/work/_temp/5b353008-16be-4cec-a01d-6635e9a7dc33' before making global git config changes
2026-10-09T23:28:04.7642649Z Adding repository directory to the temporary git global config as a safe directory
2026-10-09T23:28:04.7645258Z [command]/usr/bin/git config --global --add safe.directory /home/runner/work/rustwright/rustwright
2026-10-09T23:28:04.7675122Z [command]/usr/bin/git config --local --name-only --get-regexp core\.sshCommand
2026-10-09T23:28:04.7701178Z [command]/usr/bin/git submodule foreach --recursive sh -c "git config --local --name-only --get-regexp 'core\.sshCommand' && git config --local --unset-all 'core.sshCommand' || :"
2026-10-09T23:28:04.7913055Z [command]/usr/bin/git config --local --name-only --get-regexp http\.https\:\/\/github\.com\/\.extraheader
2026-10-09T23:28:04.7936988Z http.https://github.com/.extraheader
2026-10-09T23:28:04.7945496Z [command]/usr/bin/git config --local --unset-all http.https://github.com/.extraheader
2026-10-09T23:28:04.7980529Z [command]/usr/bin/git submodule foreach --recursive sh -c "git config --local --name-only --get-regexp 'http\.https\:\/\/github\.com\/\.extraheader' && git config --local --unset-all 'http.https://github.com/.extraheader' || :"
2026-10-09T23:28:04.8182734Z [command]/usr/bin/git config --local --name-only --get-regexp ^includeIf\.gitdir:
2026-10-09T23:28:04.8213020Z [command]/usr/bin/git submodule foreach --recursive git config --local --show-origin --name-only --get-regexp remote.origin.url
2026-10-09T23:28:04.8513588Z Cleaning up orphan processes
2026-10-09T23:28:04.8736997Z ##[warning]Node.js 20 is deprecated. The following actions target Node.js 20 but are being forced to run on Node.js 24: actions/upload-artifact@v4. For more information see: https://github.blog/changelog/2025-09-19-deprecation-of-node-20-on-github-actions-runners/
