2026-10-09T14:31:42.9655827Z Current runner version: '2.337.0'
2026-10-09T14:31:42.9679050Z ##[group]Runner Image Provisioner
2026-10-09T14:31:42.9679744Z Hosted Compute Agent
2026-10-09T14:31:42.9680211Z Version: 20260901.588
2026-10-09T14:31:42.9680686Z Commit: f88ec8081b781fac6c440065ac7ff9e710ce3d0b
2026-10-09T14:31:42.9681636Z Build Date: 2026-09-01T19:56:44Z
2026-10-09T14:31:42.9682174Z Worker ID: {7ee04f30-ead7-4bd8-9085-d589d82bcbd4}
2026-10-09T14:31:42.9682707Z Azure Region: westus3
2026-10-09T14:31:42.9683174Z ##[endgroup]
2026-10-09T14:31:42.9684357Z ##[group]Operating System
2026-10-09T14:31:42.9684820Z Microsoft Windows Server 2025
2026-10-09T14:31:42.9685303Z 10.0.26100
2026-10-09T14:31:42.9685695Z Datacenter
2026-10-09T14:31:42.9686073Z ##[endgroup]
2026-10-09T14:31:42.9686489Z ##[group]Runner Image
2026-10-09T14:31:42.9687001Z Image: windows-2025-vs2026
2026-10-09T14:31:42.9687495Z Version: 20260925.250.1
2026-10-09T14:31:42.9688866Z Included Software: https://github.com/actions/runner-images/blob/win25-vs2026/20260925.250/images/windows/Windows2025-VS2026-Readme.md
2026-10-09T14:31:42.9690130Z Image Release: https://github.com/actions/runner-images/releases/tag/win25-vs2026%2F20260925.250
2026-10-09T14:31:42.9690877Z ##[endgroup]
2026-10-09T14:31:42.9691862Z ##[group]GITHUB_TOKEN Permissions
2026-10-09T14:31:42.9693355Z Contents: read
2026-10-09T14:31:42.9693859Z Metadata: read
2026-10-09T14:31:42.9694306Z ##[endgroup]
2026-10-09T14:31:42.9696023Z Secret source: Actions
2026-10-09T14:31:42.9696774Z Cache mode: write
2026-10-09T14:31:42.9697309Z Prepare workflow directory
2026-10-09T14:31:43.0056102Z Prepare all required actions
2026-10-09T14:31:43.0094742Z Getting action download info
2026-10-09T14:31:43.3725670Z Download action repository 'actions/checkout@v5' (SHA:fbc6f3992d24b796d5a048ff273f7fcc4a7b6c09)
2026-10-09T14:31:43.4821494Z Download action repository 'dtolnay/rust-toolchain@stable' (SHA:686976e191b89faba57d3206551f0f330d8cb249)
2026-10-09T14:31:43.7219458Z Download action repository 'Swatinem/rust-cache@v2' (SHA:6323deb102c322ba6fcbdcafc7e3dddab59af2b6)
2026-10-09T14:31:44.3545771Z Download action repository 'actions/setup-python@v6' (SHA:ece7cb06caefa5fff74198d8649806c4678c61a1)
2026-10-09T14:31:44.7078296Z Download action repository 'browser-actions/setup-chrome@v2' (SHA:48ad923757ca74d66703209fe939badbdf80f2f4)
2026-10-09T14:31:45.1507113Z Download action repository 'browser-actions/setup-firefox@v1' (SHA:0bc507ddf224827e3b1af68e014d5e42ab93e795)
2026-10-09T14:31:45.5858913Z Download action repository 'actions/upload-artifact@v4' (SHA:ea165f8d65b6e75b540449e92b4886f43607fa02)
2026-10-09T14:31:45.8912842Z Complete job name: Required Chrome + Firefox / windows-latest
2026-10-09T14:31:46.0648831Z ##[group]Run actions/checkout@v5
2026-10-09T14:31:46.0649487Z with:
2026-10-09T14:31:46.0649701Z   repository: rsasaki0109/rustwright
2026-10-09T14:31:46.0651915Z   token: ***
2026-10-09T14:31:46.0652141Z   ssh-strict: true
2026-10-09T14:31:46.0652347Z   ssh-user: git
2026-10-09T14:31:46.0652620Z   persist-credentials: true
2026-10-09T14:31:46.0652845Z   clean: true
2026-10-09T14:31:46.0653042Z   sparse-checkout-cone-mode: true
2026-10-09T14:31:46.0653285Z   fetch-depth: 1
2026-10-09T14:31:46.0653478Z   fetch-tags: false
2026-10-09T14:31:46.0653696Z   show-progress: true
2026-10-09T14:31:46.0653890Z   lfs: false
2026-10-09T14:31:46.0654067Z   submodules: false
2026-10-09T14:31:46.0654257Z   set-safe-directory: true
2026-10-09T14:31:46.0654477Z   allow-unsafe-pr-checkout: false
2026-10-09T14:31:46.0654877Z env:
2026-10-09T14:31:46.0655053Z   CARGO_TERM_COLOR: always
2026-10-09T14:31:46.0655255Z   RUST_BACKTRACE: 1
2026-10-09T14:31:46.0655438Z ##[endgroup]
2026-10-09T14:31:46.1879576Z Syncing repository: rsasaki0109/rustwright
2026-10-09T14:31:46.1880873Z ##[group]Getting Git version info
2026-10-09T14:31:46.1881167Z Working directory is 'D:\a\rustwright\rustwright'
2026-10-09T14:31:46.2509603Z [command]"C:\Program Files\Git\bin\git.exe" version
2026-10-09T14:31:46.7215217Z git version 2.55.0.windows.5
2026-10-09T14:31:46.7259779Z ##[endgroup]
2026-10-09T14:31:46.7274526Z Temporarily overriding HOME='D:\a\_temp\abc6549f-4084-4340-9b8f-18dc811b040a' before making global git config changes
2026-10-09T14:31:46.7275143Z Adding repository directory to the temporary git global config as a safe directory
2026-10-09T14:31:46.7283498Z [command]"C:\Program Files\Git\bin\git.exe" config --global --add safe.directory D:\a\rustwright\rustwright
2026-10-09T14:31:46.7915206Z Deleting the contents of 'D:\a\rustwright\rustwright'
2026-10-09T14:31:46.7920265Z ##[group]Initializing the repository
2026-10-09T14:31:46.7927955Z [command]"C:\Program Files\Git\bin\git.exe" init D:\a\rustwright\rustwright
2026-10-09T14:31:46.8742373Z Initialized empty Git repository in D:/a/rustwright/rustwright/.git/
2026-10-09T14:31:46.8783594Z [command]"C:\Program Files\Git\bin\git.exe" remote add origin https://github.com/rsasaki0109/rustwright
2026-10-09T14:31:46.9372643Z ##[endgroup]
2026-10-09T14:31:46.9373083Z ##[group]Disabling automatic garbage collection
2026-10-09T14:31:46.9381821Z [command]"C:\Program Files\Git\bin\git.exe" config --local gc.auto 0
2026-10-09T14:31:46.9653615Z ##[endgroup]
2026-10-09T14:31:46.9654189Z ##[group]Setting up auth
2026-10-09T14:31:46.9654897Z [command]"C:\Program Files\Git\bin\git.exe" config --local --name-only --get-regexp core\.sshCommand
2026-10-09T14:31:46.9955304Z [command]"C:\Program Files\Git\bin\git.exe" submodule foreach --recursive "sh -c \"git config --local --name-only --get-regexp 'core\.sshCommand' && git config --local --unset-all 'core.sshCommand' || :\""
2026-10-09T14:31:48.7095625Z [command]"C:\Program Files\Git\bin\git.exe" config --local --name-only --get-regexp http\.https\:\/\/github\.com\/\.extraheader
2026-10-09T14:31:48.7358872Z [command]"C:\Program Files\Git\bin\git.exe" submodule foreach --recursive "sh -c \"git config --local --name-only --get-regexp 'http\.https\:\/\/github\.com\/\.extraheader' && git config --local --unset-all 'http.https://github.com/.extraheader' || :\""
2026-10-09T14:31:49.1819195Z [command]"C:\Program Files\Git\bin\git.exe" config --local --name-only --get-regexp ^includeIf\.gitdir:
2026-10-09T14:31:49.2085953Z [command]"C:\Program Files\Git\bin\git.exe" submodule foreach --recursive "git config --local --show-origin --name-only --get-regexp remote.origin.url"
2026-10-09T14:31:49.6734606Z [command]"C:\Program Files\Git\bin\git.exe" config --local http.https://github.com/.extraheader "AUTHORIZATION: basic ***"
2026-10-09T14:31:49.6997951Z ##[endgroup]
2026-10-09T14:31:49.6998550Z ##[group]Fetching the repository
2026-10-09T14:31:49.7010569Z [command]"C:\Program Files\Git\bin\git.exe" -c protocol.version=2 fetch --no-tags --prune --no-recurse-submodules --depth=1 origin +a316273513a600cca1e709cbd489a11447c85254:refs/remotes/pull/1/merge
2026-10-09T14:31:51.9136708Z From https://github.com/rsasaki0109/rustwright
2026-10-09T14:31:51.9137406Z  * [new ref]         a316273513a600cca1e709cbd489a11447c85254 -> pull/1/merge
2026-10-09T14:31:51.9177307Z ##[endgroup]
2026-10-09T14:31:51.9177778Z ##[group]Determining the checkout info
2026-10-09T14:31:51.9180421Z ##[endgroup]
2026-10-09T14:31:51.9188892Z [command]"C:\Program Files\Git\bin\git.exe" sparse-checkout disable
2026-10-09T14:31:51.9559700Z [command]"C:\Program Files\Git\bin\git.exe" config --local --unset-all extensions.worktreeConfig
2026-10-09T14:31:51.9817487Z ##[group]Checking out the ref
2026-10-09T14:31:51.9825201Z [command]"C:\Program Files\Git\bin\git.exe" checkout --progress --force refs/remotes/pull/1/merge
2026-10-09T14:31:52.3342655Z Note: switching to 'refs/remotes/pull/1/merge'.
2026-10-09T14:31:52.3343020Z 
2026-10-09T14:31:52.3343286Z You are in 'detached HEAD' state. You can look around, make experimental
2026-10-09T14:31:52.3343892Z changes and commit them, and you can discard any commits you make in this
2026-10-09T14:31:52.3344465Z state without impacting any branches by switching back to a branch.
2026-10-09T14:31:52.3344977Z 
2026-10-09T14:31:52.3346326Z If you want to create a new branch to retain commits you create, you may
2026-10-09T14:31:52.3346735Z do so (now or later) by using -c with the switch command. Example:
2026-10-09T14:31:52.3346933Z 
2026-10-09T14:31:52.3347029Z   git switch -c <new-branch-name>
2026-10-09T14:31:52.3347168Z 
2026-10-09T14:31:52.3347244Z Or undo this operation with:
2026-10-09T14:31:52.3347406Z 
2026-10-09T14:31:52.3347478Z   git switch -
2026-10-09T14:31:52.3347576Z 
2026-10-09T14:31:52.3347735Z Turn off this advice by setting config variable advice.detachedHead to false
2026-10-09T14:31:52.3347961Z 
2026-10-09T14:31:52.3348298Z HEAD is now at a316273 Merge a8098f2707b70dec44b133d4eb54a99b7a12650f into 91e72af388d000266c9b4e7567a3e1fe4007fc33
2026-10-09T14:31:52.3463628Z ##[endgroup]
2026-10-09T14:31:52.3814234Z [command]"C:\Program Files\Git\bin\git.exe" log -1 --format=%H
2026-10-09T14:31:52.4077176Z a316273513a600cca1e709cbd489a11447c85254
2026-10-09T14:31:52.4547699Z ##[group]Run dtolnay/rust-toolchain@stable
2026-10-09T14:31:52.4548029Z with:
2026-10-09T14:31:52.4548184Z   toolchain: stable
2026-10-09T14:31:52.4548349Z env:
2026-10-09T14:31:52.4548489Z   CARGO_TERM_COLOR: always
2026-10-09T14:31:52.4548662Z   RUST_BACKTRACE: 1
2026-10-09T14:31:52.4548808Z ##[endgroup]
2026-10-09T14:31:52.4604126Z ##[start-action display=Parse toolchain version;id=__dtolnay_rust-toolchain.parse]
2026-10-09T14:31:52.4753937Z ##[group]Run if [[ -z $toolchain ]]; then
2026-10-09T14:31:52.4754265Z [36;1mif [[ -z $toolchain ]]; then[0m
2026-10-09T14:31:52.4754686Z [36;1m  # GitHub does not enforce `required: true` inputs itself. https://github.com/actions/runner/issues/1070[0m
2026-10-09T14:31:52.4755129Z [36;1m  echo "'toolchain' is a required input" >&2[0m
2026-10-09T14:31:52.4755357Z [36;1m  exit 1[0m
2026-10-09T14:31:52.4755610Z [36;1melif [[ $toolchain =~ ^stable' '[0-9]+' '(year|month|week|day)s?' 'ago$ ]]; then[0m
2026-10-09T14:31:52.4755974Z [36;1m  if [[ Windows == macOS ]]; then[0m
2026-10-09T14:31:52.4756389Z [36;1m    echo "toolchain=1.$((($(date -v-$(sed 's/stable \([0-9]*\) \(.\).*/\1\2/' <<< $toolchain) +%s)/60/60/24-16569)/7/6))" >> $GITHUB_OUTPUT[0m
2026-10-09T14:31:52.4756758Z [36;1m  else[0m
2026-10-09T14:31:52.4757051Z [36;1m    echo "toolchain=1.$((($(date --date "${toolchain#stable }" +%s)/60/60/24-16569)/7/6))" >> $GITHUB_OUTPUT[0m
2026-10-09T14:31:52.4757381Z [36;1m  fi[0m
2026-10-09T14:31:52.4757678Z [36;1melif [[ $toolchain =~ ^stable' 'minus' '[0-9]+' 'releases?$ ]]; then[0m
2026-10-09T14:31:52.4758091Z [36;1m  echo "toolchain=1.$((($(date +%s)/60/60/24-16569)/7/6-${toolchain//[^0-9]/}))" >> $GITHUB_OUTPUT[0m
2026-10-09T14:31:52.4758426Z [36;1melif [[ $toolchain =~ ^1\.[0-9]+$ ]]; then[0m
2026-10-09T14:31:52.4758809Z [36;1m  echo "toolchain=1.$((i=${toolchain#1.}, c=($(date +%s)/60/60/24-16569)/7/6, i+9*i*(10*i<=c)+90*i*(100*i<=c)))" >> $GITHUB_OUTPUT[0m
2026-10-09T14:31:52.4759164Z [36;1melse[0m
2026-10-09T14:31:52.4759313Z [36;1m  delimiter=EOF[0m
2026-10-09T14:31:52.4759558Z [36;1m  while [[ $toolchain == *$delimiter* ]]; do delimiter+=_; done[0m
2026-10-09T14:31:52.4759943Z [36;1m  printf 'toolchain<<%s\n%s\n%s\n' "$delimiter" "$toolchain" "$delimiter" >> $GITHUB_OUTPUT[0m
2026-10-09T14:31:52.4760243Z [36;1mfi[0m
2026-10-09T14:31:52.4777999Z shell: C:\Program Files\Git\bin\bash.EXE --noprofile --norc -e -o pipefail {0}
2026-10-09T14:31:52.4778315Z env:
2026-10-09T14:31:52.4778488Z   CARGO_TERM_COLOR: always
2026-10-09T14:31:52.4778670Z   RUST_BACKTRACE: 1
2026-10-09T14:31:52.4778826Z   toolchain: stable
2026-10-09T14:31:52.4778970Z ##[endgroup]
2026-10-09T14:31:52.8893873Z ##[end-action id=__dtolnay_rust-toolchain.parse;outcome=success;conclusion=success;duration_ms=428]
2026-10-09T14:31:52.8897836Z ##[start-action display=Set $CARGO_HOME;id=__dtolnay_rust-toolchain.__run]
2026-10-09T14:31:52.9051130Z ##[group]Run echo CARGO_HOME=${CARGO_HOME:-"$USERPROFILE\.cargo"} >> $GITHUB_ENV
2026-10-09T14:31:52.9051540Z [36;1mecho CARGO_HOME=${CARGO_HOME:-"$USERPROFILE\.cargo"} >> $GITHUB_ENV[0m
2026-10-09T14:31:52.9061886Z shell: C:\Program Files\Git\bin\bash.EXE --noprofile --norc -e -o pipefail {0}
2026-10-09T14:31:52.9062187Z env:
2026-10-09T14:31:52.9062332Z   CARGO_TERM_COLOR: always
2026-10-09T14:31:52.9062509Z   RUST_BACKTRACE: 1
2026-10-09T14:31:52.9062668Z ##[endgroup]
2026-10-09T14:31:52.9402107Z ##[end-action id=__dtolnay_rust-toolchain.__run;outcome=success;conclusion=success;duration_ms=50]
2026-10-09T14:31:52.9404199Z ##[start-action display=Install rustup if needed;id=__dtolnay_rust-toolchain.__run_2]
2026-10-09T14:31:52.9413985Z ##[end-action id=__dtolnay_rust-toolchain.__run_2;outcome=skipped;conclusion=skipped;duration_ms=0]
2026-10-09T14:31:52.9415677Z ##[start-action display=Install rustup if needed on windows;id=__dtolnay_rust-toolchain.__run_3]
2026-10-09T14:31:52.9526587Z ##[group]Run if ! command -v rustup &>/dev/null; then
2026-10-09T14:31:52.9528536Z [36;1mif ! command -v rustup &>/dev/null; then[0m
2026-10-09T14:31:52.9529184Z [36;1m  curl --proto '=https' --tlsv1.2 --retry 10 --retry-connrefused --location --silent --show-error --fail https://win.rustup.rs/x86_64 --output 'D:\a\_temp\rustup-init.exe'[0m
2026-10-09T14:31:52.9529837Z [36;1m  'D:\a\_temp\rustup-init.exe' --default-toolchain none --no-modify-path -y[0m
2026-10-09T14:31:52.9530161Z [36;1m  echo "$CARGO_HOME\bin" >> $GITHUB_PATH[0m
2026-10-09T14:31:52.9530367Z [36;1mfi[0m
2026-10-09T14:31:52.9539986Z shell: C:\Program Files\Git\bin\bash.EXE --noprofile --norc -e -o pipefail {0}
2026-10-09T14:31:52.9540283Z env:
2026-10-09T14:31:52.9540428Z   CARGO_TERM_COLOR: always
2026-10-09T14:31:52.9540598Z   RUST_BACKTRACE: 1
2026-10-09T14:31:52.9540762Z   CARGO_HOME: C:\Users\runneradmin\.cargo
2026-10-09T14:31:52.9540961Z ##[endgroup]
2026-10-09T14:31:53.0024398Z ##[end-action id=__dtolnay_rust-toolchain.__run_3;outcome=success;conclusion=success;duration_ms=60]
2026-10-09T14:31:53.0038367Z ##[start-action display=rustup toolchain install stable;id=__dtolnay_rust-toolchain.__run_4]
2026-10-09T14:31:53.0146258Z ##[group]Run set -f  # split targets and components on commas and whitespace, without glob expansion
2026-10-09T14:31:53.0146811Z [36;1mset -f  # split targets and components on commas and whitespace, without glob expansion[0m
2026-10-09T14:31:53.0147134Z [36;1mflags=()[0m
2026-10-09T14:31:53.0147351Z [36;1mfor t in ${targets//,/ }; do flags+=(--target "$t"); done[0m
2026-10-09T14:31:53.0147654Z [36;1mfor c in ${components//,/ }; do flags+=(--component "$c"); done[0m
2026-10-09T14:31:53.0148028Z [36;1mif [[ $toolchain == nightly && -n $components ]]; then flags+=(--allow-downgrade); fi[0m
2026-10-09T14:31:53.0148337Z [36;1mlog=$(mktemp)[0m
2026-10-09T14:31:53.0148518Z [36;1mtrap 'rm -f "$log"' EXIT[0m
2026-10-09T14:31:53.0148714Z [36;1mfor attempt in 1 2 3 4 5; do[0m
2026-10-09T14:31:53.0149157Z [36;1m  if rustup toolchain install "$toolchain" "${flags[@]}" --profile minimal --no-self-update --force-non-host 2>&1 | tee "$log"; then[0m
2026-10-09T14:31:53.0149579Z [36;1m    break[0m
2026-10-09T14:31:53.0149728Z [36;1m  else[0m
2026-10-09T14:31:53.0149874Z [36;1m    status=$?[0m
2026-10-09T14:31:53.0150025Z [36;1m  fi[0m
2026-10-09T14:31:53.0150237Z [36;1m  if [[ $attempt == 5 ]] || ! grep -Fq 'checksum failed for ' "$log" \[0m
2026-10-09T14:31:53.0150656Z [36;1m      || ! grep -Fq 'this is likely due to an ongoing update of the official release server' "$log"; then[0m
2026-10-09T14:31:53.0150998Z [36;1m    exit "$status"[0m
2026-10-09T14:31:53.0151165Z [36;1m  fi[0m
2026-10-09T14:31:53.0151426Z [36;1m  echo "Retrying rustup toolchain install in 30 seconds (retry $attempt of 4)" >&2[0m
2026-10-09T14:31:53.0151735Z [36;1m  sleep 30[0m
2026-10-09T14:31:53.0151885Z [36;1mdone[0m
2026-10-09T14:31:53.0163065Z shell: C:\Program Files\Git\bin\bash.EXE --noprofile --norc -e -o pipefail {0}
2026-10-09T14:31:53.0163374Z env:
2026-10-09T14:31:53.0163528Z   CARGO_TERM_COLOR: always
2026-10-09T14:31:53.0163889Z   RUST_BACKTRACE: 1
2026-10-09T14:31:53.0164054Z   CARGO_HOME: C:\Users\runneradmin\.cargo
2026-10-09T14:31:53.0164252Z   toolchain: stable
2026-10-09T14:31:53.0164394Z   targets: 
2026-10-09T14:31:53.0164533Z   components: 
2026-10-09T14:31:53.0164685Z   RUSTUP_PERMIT_COPY_RENAME: 1
2026-10-09T14:31:53.0164873Z ##[endgroup]
2026-10-09T14:31:57.8898474Z info: syncing channel updates for stable-x86_64-pc-windows-msvc
2026-10-09T14:31:59.0639035Z info: latest update on 2026-10-01 for version 1.99.0 (b940084d7 2026-09-28)
2026-10-09T14:31:59.0957023Z info: removing previous version of component rustfmt
2026-10-09T14:31:59.1409537Z info: removing previous version of component clippy
2026-10-09T14:31:59.1880930Z info: removing previous version of component rust-std for target x86_64-pc-windows-gnu
2026-10-09T14:31:59.2988319Z info: removing previous version of component rust-std for target i686-pc-windows-msvc
2026-10-09T14:31:59.3781300Z info: removing previous version of component cargo
2026-10-09T14:31:59.4569657Z info: removing previous version of component rust-std
2026-10-09T14:31:59.5360163Z info: removing previous version of component rustc
2026-10-09T14:31:59.6625282Z info: downloading 7 components
2026-10-09T14:32:12.2857908Z 
2026-10-09T14:32:12.3037803Z   stable-x86_64-pc-windows-msvc updated - rustc 1.99.0 (b940084d7 2026-09-28) (from rustc 1.98.1 (48a229cea 2026-09-01))
2026-10-09T14:32:12.3038386Z 
2026-10-09T14:32:12.3517757Z ##[end-action id=__dtolnay_rust-toolchain.__run_4;outcome=success;conclusion=success;duration_ms=19346]
2026-10-09T14:32:12.3523515Z ##[start-action display=rustup default stable;id=__dtolnay_rust-toolchain.__run_5]
2026-10-09T14:32:12.3637053Z ##[group]Run rustup default "$toolchain" --force-non-host
2026-10-09T14:32:12.3637367Z [36;1mrustup default "$toolchain" --force-non-host[0m
2026-10-09T14:32:12.3647570Z shell: C:\Program Files\Git\bin\bash.EXE --noprofile --norc -e -o pipefail {0}
2026-10-09T14:32:12.3647890Z env:
2026-10-09T14:32:12.3648040Z   CARGO_TERM_COLOR: always
2026-10-09T14:32:12.3648214Z   RUST_BACKTRACE: 1
2026-10-09T14:32:12.3648379Z   CARGO_HOME: C:\Users\runneradmin\.cargo
2026-10-09T14:32:12.3648580Z   toolchain: stable
2026-10-09T14:32:12.3648723Z ##[endgroup]
2026-10-09T14:32:12.4217420Z info: using existing install for stable-x86_64-pc-windows-msvc
2026-10-09T14:32:12.4262982Z info: default toolchain set to stable-x86_64-pc-windows-msvc
2026-10-09T14:32:12.4312901Z 
2026-10-09T14:32:12.4492595Z   stable-x86_64-pc-windows-msvc unchanged - rustc 1.99.0 (b940084d7 2026-09-28)
2026-10-09T14:32:12.4492909Z 
2026-10-09T14:32:12.5313970Z ##[end-action id=__dtolnay_rust-toolchain.__run_5;outcome=success;conclusion=success;duration_ms=178]
2026-10-09T14:32:12.5317106Z ##[start-action display=Create cachekey;id=__dtolnay_rust-toolchain.rustc-version]
2026-10-09T14:32:12.5423151Z ##[group]Run DATE=$(rustc +"$toolchain" --version --verbose | sed -ne 's/^commit-date: \(20[0-9][0-9]\)-\([01][0-9]\)-\([0-3][0-9]\)$/\1\2\3/p')
2026-10-09T14:32:12.5423809Z [36;1mDATE=$(rustc +"$toolchain" --version --verbose | sed -ne 's/^commit-date: \(20[0-9][0-9]\)-\([01][0-9]\)-\([0-3][0-9]\)$/\1\2\3/p')[0m
2026-10-09T14:32:12.5424311Z [36;1mHASH=$(rustc +"$toolchain" --version --verbose | sed -ne 's/^commit-hash: //p')[0m
2026-10-09T14:32:12.5424709Z [36;1mecho "cachekey=$(echo $DATE$HASH | head -c12)" >> $GITHUB_OUTPUT[0m
2026-10-09T14:32:12.5435271Z shell: C:\Program Files\Git\bin\bash.EXE --noprofile --norc -e -o pipefail {0}
2026-10-09T14:32:12.5435575Z env:
2026-10-09T14:32:12.5435716Z   CARGO_TERM_COLOR: always
2026-10-09T14:32:12.5435884Z   RUST_BACKTRACE: 1
2026-10-09T14:32:12.5436055Z   CARGO_HOME: C:\Users\runneradmin\.cargo
2026-10-09T14:32:12.5436264Z   toolchain: stable
2026-10-09T14:32:12.5436411Z ##[endgroup]
2026-10-09T14:32:13.3193935Z ##[end-action id=__dtolnay_rust-toolchain.rustc-version;outcome=success;conclusion=success;duration_ms=787]
2026-10-09T14:32:13.3196310Z ##[start-action display=Disable incremental compilation;id=__dtolnay_rust-toolchain.__run_6]
2026-10-09T14:32:13.3299103Z ##[group]Run if [ -z "${CARGO_INCREMENTAL+set}" ]; then
2026-10-09T14:32:13.3299404Z [36;1mif [ -z "${CARGO_INCREMENTAL+set}" ]; then[0m
2026-10-09T14:32:13.3299649Z [36;1m  echo CARGO_INCREMENTAL=0 >> $GITHUB_ENV[0m
2026-10-09T14:32:13.3300257Z [36;1mfi[0m
2026-10-09T14:32:13.3309713Z shell: C:\Program Files\Git\bin\bash.EXE --noprofile --norc -e -o pipefail {0}
2026-10-09T14:32:13.3310016Z env:
2026-10-09T14:32:13.3310163Z   CARGO_TERM_COLOR: always
2026-10-09T14:32:13.3310333Z   RUST_BACKTRACE: 1
2026-10-09T14:32:13.3310505Z   CARGO_HOME: C:\Users\runneradmin\.cargo
2026-10-09T14:32:13.3310712Z ##[endgroup]
2026-10-09T14:32:13.3640411Z ##[end-action id=__dtolnay_rust-toolchain.__run_6;outcome=success;conclusion=success;duration_ms=44]
2026-10-09T14:32:13.3642640Z ##[start-action display=Enable colors in Cargo output;id=__dtolnay_rust-toolchain.__run_7]
2026-10-09T14:32:13.3762027Z ##[group]Run if [ -z "${CARGO_TERM_COLOR+set}" ]; then
2026-10-09T14:32:13.3762336Z [36;1mif [ -z "${CARGO_TERM_COLOR+set}" ]; then[0m
2026-10-09T14:32:13.3762595Z [36;1m  echo CARGO_TERM_COLOR=always >> $GITHUB_ENV[0m
2026-10-09T14:32:13.3762817Z [36;1mfi[0m
2026-10-09T14:32:13.3772355Z shell: C:\Program Files\Git\bin\bash.EXE --noprofile --norc -e -o pipefail {0}
2026-10-09T14:32:13.3772657Z env:
2026-10-09T14:32:13.3772803Z   CARGO_TERM_COLOR: always
2026-10-09T14:32:13.3772978Z   RUST_BACKTRACE: 1
2026-10-09T14:32:13.3773153Z   CARGO_HOME: C:\Users\runneradmin\.cargo
2026-10-09T14:32:13.3773364Z   CARGO_INCREMENTAL: 0
2026-10-09T14:32:13.3773521Z ##[endgroup]
2026-10-09T14:32:13.4110460Z ##[end-action id=__dtolnay_rust-toolchain.__run_7;outcome=success;conclusion=success;duration_ms=46]
2026-10-09T14:32:13.4114195Z ##[start-action display=Enable Cargo sparse registry;id=__dtolnay_rust-toolchain.__run_8]
2026-10-09T14:32:13.4222758Z ##[group]Run # implemented in 1.66, stabilized in 1.68, made default in 1.70
2026-10-09T14:32:13.4223197Z [36;1m# implemented in 1.66, stabilized in 1.68, made default in 1.70[0m
2026-10-09T14:32:13.4223698Z [36;1mif [ -z "${CARGO_REGISTRIES_CRATES_IO_PROTOCOL+set}" -o -f "D:\a\_temp"/.implicit_cargo_registries_crates_io_protocol ]; then[0m
2026-10-09T14:32:13.4224229Z [36;1m  if rustc +"$toolchain" --version --verbose | grep -q '^release: 1\.6[89]\.'; then[0m
2026-10-09T14:32:13.4224618Z [36;1m    touch "D:\a\_temp"/.implicit_cargo_registries_crates_io_protocol || true[0m
2026-10-09T14:32:13.4224980Z [36;1m    echo CARGO_REGISTRIES_CRATES_IO_PROTOCOL=sparse >> $GITHUB_ENV[0m
2026-10-09T14:32:13.4225391Z [36;1m  elif rustc +"$toolchain" --version --verbose | grep -q '^release: 1\.6[67]\.'; then[0m
2026-10-09T14:32:13.4225787Z [36;1m    touch "D:\a\_temp"/.implicit_cargo_registries_crates_io_protocol || true[0m
2026-10-09T14:32:13.4226135Z [36;1m    echo CARGO_REGISTRIES_CRATES_IO_PROTOCOL=git >> $GITHUB_ENV[0m
2026-10-09T14:32:13.4226392Z [36;1m  fi[0m
2026-10-09T14:32:13.4226534Z [36;1mfi[0m
2026-10-09T14:32:13.4237047Z shell: C:\Program Files\Git\bin\bash.EXE --noprofile --norc -e -o pipefail {0}
2026-10-09T14:32:13.4237345Z env:
2026-10-09T14:32:13.4237494Z   CARGO_TERM_COLOR: always
2026-10-09T14:32:13.4237666Z   RUST_BACKTRACE: 1
2026-10-09T14:32:13.4237831Z   CARGO_HOME: C:\Users\runneradmin\.cargo
2026-10-09T14:32:13.4238026Z   CARGO_INCREMENTAL: 0
2026-10-09T14:32:13.4238177Z   toolchain: stable
2026-10-09T14:32:13.4238325Z ##[endgroup]
2026-10-09T14:32:13.6059300Z ##[end-action id=__dtolnay_rust-toolchain.__run_8;outcome=success;conclusion=success;duration_ms=194]
2026-10-09T14:32:13.6063318Z ##[start-action display=Work around spurious network errors in curl 8.0;id=__dtolnay_rust-toolchain.__run_9]
2026-10-09T14:32:13.6176650Z ##[group]Run # https://rust-lang.zulipchat.com/#narrow/stream/246057-t-cargo/topic/timeout.20investigation
2026-10-09T14:32:13.6177238Z [36;1m# https://rust-lang.zulipchat.com/#narrow/stream/246057-t-cargo/topic/timeout.20investigation[0m
2026-10-09T14:32:13.6177877Z [36;1mif rustc +"$toolchain" --version --verbose | grep -q '^release: 1\.7[01]\.'; then[0m
2026-10-09T14:32:13.6178259Z [36;1m  echo CARGO_HTTP_MULTIPLEXING=false >> $GITHUB_ENV[0m
2026-10-09T14:32:13.6178489Z [36;1mfi[0m
2026-10-09T14:32:13.6188992Z shell: C:\Program Files\Git\bin\bash.EXE --noprofile --norc -e -o pipefail {0}
2026-10-09T14:32:13.6189299Z env:
2026-10-09T14:32:13.6189444Z   CARGO_TERM_COLOR: always
2026-10-09T14:32:13.6189623Z   RUST_BACKTRACE: 1
2026-10-09T14:32:13.6189801Z   CARGO_HOME: C:\Users\runneradmin\.cargo
2026-10-09T14:32:13.6190009Z   CARGO_INCREMENTAL: 0
2026-10-09T14:32:13.6190168Z   toolchain: stable
2026-10-09T14:32:13.6190315Z ##[endgroup]
2026-10-09T14:32:13.6993621Z ##[end-action id=__dtolnay_rust-toolchain.__run_9;outcome=success;conclusion=success;duration_ms=92]
2026-10-09T14:32:13.6997566Z ##[start-action display=rustc +stable --version --verbose;id=__dtolnay_rust-toolchain.__run_10]
2026-10-09T14:32:13.7101649Z ##[group]Run rustc +"$toolchain" --version --verbose
2026-10-09T14:32:13.7101937Z [36;1mrustc +"$toolchain" --version --verbose[0m
2026-10-09T14:32:13.7112239Z shell: C:\Program Files\Git\bin\bash.EXE --noprofile --norc -e -o pipefail {0}
2026-10-09T14:32:13.7112542Z env:
2026-10-09T14:32:13.7112690Z   CARGO_TERM_COLOR: always
2026-10-09T14:32:13.7112859Z   RUST_BACKTRACE: 1
2026-10-09T14:32:13.7113028Z   CARGO_HOME: C:\Users\runneradmin\.cargo
2026-10-09T14:32:13.7113231Z   CARGO_INCREMENTAL: 0
2026-10-09T14:32:13.7113394Z   toolchain: stable
2026-10-09T14:32:13.7113537Z ##[endgroup]
2026-10-09T14:32:13.7777805Z rustc 1.99.0 (b940084d7 2026-09-28)
2026-10-09T14:32:13.7778204Z binary: rustc
2026-10-09T14:32:13.7778928Z commit-hash: b940084d7eb6a299eb4bfeb8e34901bc051e7ac4
2026-10-09T14:32:13.7779318Z commit-date: 2026-09-28
2026-10-09T14:32:13.7779580Z host: x86_64-pc-windows-msvc
2026-10-09T14:32:13.7779909Z release: 1.99.0
2026-10-09T14:32:13.7780396Z LLVM version: 23.1.1
2026-10-09T14:32:13.7886495Z ##[end-action id=__dtolnay_rust-toolchain.__run_10;outcome=success;conclusion=success;duration_ms=88]
2026-10-09T14:32:13.8066094Z ##[group]Run Swatinem/rust-cache@v2
2026-10-09T14:32:13.8066362Z with:
2026-10-09T14:32:13.8066516Z   prefix-key: v0-rust
2026-10-09T14:32:13.8066687Z   add-job-id-key: true
2026-10-09T14:32:13.8066870Z   add-rust-environment-hash-key: true
2026-10-09T14:32:13.8067077Z   cache-targets: true
2026-10-09T14:32:13.8067248Z   cache-all-crates: false
2026-10-09T14:32:13.8067429Z   cache-workspace-crates: false
2026-10-09T14:32:13.8067604Z   save-if: true
2026-10-09T14:32:13.8067757Z   cache-provider: github
2026-10-09T14:32:13.8067923Z   cache-bin: true
2026-10-09T14:32:13.8068071Z   lookup-only: false
2026-10-09T14:32:13.8068224Z   cmd-format: {0}
2026-10-09T14:32:13.8068358Z env:
2026-10-09T14:32:13.8068497Z   CARGO_TERM_COLOR: always
2026-10-09T14:32:13.8068661Z   RUST_BACKTRACE: 1
2026-10-09T14:32:13.8068848Z   CARGO_HOME: C:\Users\runneradmin\.cargo
2026-10-09T14:32:13.8069047Z   CARGO_INCREMENTAL: 0
2026-10-09T14:32:13.8069198Z ##[endgroup]
2026-10-09T14:32:15.2409167Z ##[group]Cache Configuration
2026-10-09T14:32:15.2409575Z Cache Provider:
2026-10-09T14:32:15.2409778Z     github
2026-10-09T14:32:15.2409960Z Workspaces:
2026-10-09T14:32:15.2410166Z     D:\a\rustwright\rustwright
2026-10-09T14:32:15.2410454Z Cache Paths:
2026-10-09T14:32:15.2410672Z     C:\Users\runneradmin\.cargo\bin
2026-10-09T14:32:15.2410962Z     C:\Users\runneradmin\.cargo\.crates.toml
2026-10-09T14:32:15.2411296Z     C:\Users\runneradmin\.cargo\.crates2.json
2026-10-09T14:32:15.2411614Z     C:\Users\runneradmin\.cargo\registry
2026-10-09T14:32:15.2411921Z     C:\Users\runneradmin\.cargo\git
2026-10-09T14:32:15.2412226Z     D:\a\rustwright\rustwright\target
2026-10-09T14:32:15.2412990Z Restore Key:
2026-10-09T14:32:15.2413297Z     v0-rust-browser-compat-Windows_NT-x64-878c1c10
2026-10-09T14:32:15.2413624Z Cache Key:
2026-10-09T14:32:15.2414235Z     v0-rust-browser-compat-Windows_NT-x64-878c1c10-034af34b
2026-10-09T14:32:15.2414596Z .. Prefix:
2026-10-09T14:32:15.2414847Z   - v0-rust-browser-compat-Windows_NT-x64
2026-10-09T14:32:15.2415179Z .. Environment considered:
2026-10-09T14:32:15.2415452Z   - Rust Versions:
2026-10-09T14:32:15.2415823Z     - 1.99.0 x86_64-pc-windows-msvc b940084d7eb6a299eb4bfeb8e34901bc051e7ac4
2026-10-09T14:32:15.2416259Z   - CARGO_HOME
2026-10-09T14:32:15.2416492Z   - CARGO_INCREMENTAL
2026-10-09T14:32:15.2416730Z   - CARGO_TERM_COLOR
2026-10-09T14:32:15.2416954Z   - RUST_BACKTRACE
2026-10-09T14:32:15.2417192Z .. Lockfiles considered:
2026-10-09T14:32:15.2417489Z   - D:\a\rustwright\rustwright\Cargo.lock
2026-10-09T14:32:15.2417897Z   - D:\a\rustwright\rustwright\crates\rustwright-bidi\Cargo.toml
2026-10-09T14:32:15.2418417Z   - D:\a\rustwright\rustwright\crates\rustwright-browser\Cargo.toml
2026-10-09T14:32:15.2418923Z   - D:\a\rustwright\rustwright\crates\rustwright-cdp\Cargo.toml
2026-10-09T14:32:15.2419437Z   - D:\a\rustwright\rustwright\crates\rustwright-common\Cargo.toml
2026-10-09T14:32:15.2419950Z   - D:\a\rustwright\rustwright\crates\rustwright-core\Cargo.toml
2026-10-09T14:32:15.2420475Z   - D:\a\rustwright\rustwright\crates\rustwright-test-macros\Cargo.toml
2026-10-09T14:32:15.2421028Z   - D:\a\rustwright\rustwright\crates\rustwright-test\Cargo.toml
2026-10-09T14:32:15.2421504Z   - D:\a\rustwright\rustwright\crates\rustwright\Cargo.toml
2026-10-09T14:32:15.2422130Z   - D:\a\rustwright\rustwright\docs\ci\results\required-browser\release\consumer\.cargo\config.toml
2026-10-09T14:32:15.2422924Z   - D:\a\rustwright\rustwright\docs\release\results\local-package\consumer\.cargo\config.toml
2026-10-09T14:32:15.2423503Z   - D:\a\rustwright\rustwright\examples\Cargo.toml
2026-10-09T14:32:15.2423901Z   - D:\a\rustwright\rustwright\tests\Cargo.toml
2026-10-09T14:32:15.2424445Z ##[endgroup]
2026-10-09T14:32:15.2424577Z 
2026-10-09T14:32:15.2424672Z ... Restoring cache ...
2026-10-09T14:32:15.5353743Z No cache found.
2026-10-09T14:32:15.5617145Z ##[group]Run actions/setup-python@v6
2026-10-09T14:32:15.5617428Z with:
2026-10-09T14:32:15.5617590Z   python-version: 3.11
2026-10-09T14:32:15.5617773Z   check-latest: false
2026-10-09T14:32:15.5619791Z   token: ***
2026-10-09T14:32:15.5619968Z   update-environment: true
2026-10-09T14:32:15.5620167Z   allow-prereleases: false
2026-10-09T14:32:15.5620358Z   freethreaded: false
2026-10-09T14:32:15.5620525Z env:
2026-10-09T14:32:15.5620669Z   CARGO_TERM_COLOR: always
2026-10-09T14:32:15.5620835Z   RUST_BACKTRACE: 1
2026-10-09T14:32:15.5621008Z   CARGO_HOME: C:\Users\runneradmin\.cargo
2026-10-09T14:32:15.5621218Z   CARGO_INCREMENTAL: 0
2026-10-09T14:32:15.5621381Z   CACHE_ON_FAILURE: false
2026-10-09T14:32:15.5621546Z ##[endgroup]
2026-10-09T14:32:15.6947131Z ##[group]Installed versions
2026-10-09T14:32:15.7186956Z Successfully set up CPython (3.11.9)
2026-10-09T14:32:15.7187778Z ##[endgroup]
2026-10-09T14:32:15.7478379Z ##[group]Run browser-actions/setup-chrome@v2
2026-10-09T14:32:15.7478756Z with:
2026-10-09T14:32:15.7478913Z   chrome-version: stable
2026-10-09T14:32:15.7479100Z   install-dependencies: true
2026-10-09T14:32:15.7479292Z   install-chromedriver: false
2026-10-09T14:32:15.7479468Z   no-sudo: false
2026-10-09T14:32:15.7479615Z env:
2026-10-09T14:32:15.7479755Z   CARGO_TERM_COLOR: always
2026-10-09T14:32:15.7479929Z   RUST_BACKTRACE: 1
2026-10-09T14:32:15.7480090Z   CARGO_HOME: C:\Users\runneradmin\.cargo
2026-10-09T14:32:15.7480291Z   CARGO_INCREMENTAL: 0
2026-10-09T14:32:15.7480451Z   CACHE_ON_FAILURE: false
2026-10-09T14:32:15.7480679Z   pythonLocation: C:\hostedtoolcache\windows\Python\3.11.9\x64
2026-10-09T14:32:15.7481045Z   PKG_CONFIG_PATH: C:\hostedtoolcache\windows\Python\3.11.9\x64/lib/pkgconfig
2026-10-09T14:32:15.7481382Z   Python_ROOT_DIR: C:\hostedtoolcache\windows\Python\3.11.9\x64
2026-10-09T14:32:15.7481713Z   Python2_ROOT_DIR: C:\hostedtoolcache\windows\Python\3.11.9\x64
2026-10-09T14:32:15.7482232Z   Python3_ROOT_DIR: C:\hostedtoolcache\windows\Python\3.11.9\x64
2026-10-09T14:32:15.7482469Z ##[endgroup]
2026-10-09T14:32:15.8304849Z Installing dependencies
2026-10-09T14:32:15.8325882Z ##[warning]install-dependencies is only supported on Linux, but current platform is windows
2026-10-09T14:32:15.8334292Z Setup chrome stable
2026-10-09T14:32:15.8334833Z Attempting to download chrome stable...
2026-10-09T14:32:15.8605948Z Acquiring chrome stable from https://storage.googleapis.com/chrome-for-testing-public/155.0.8059.39/win64/chrome-win64.zip
2026-10-09T14:32:17.1509627Z Installing chrome...
2026-10-09T14:32:17.2418553Z [command]"C:\Program Files\PowerShell\7\pwsh.exe" -NoLogo -NoProfile -NonInteractive -ExecutionPolicy Unrestricted -Command "$ErrorActionPreference = 'Stop' ; try { Add-Type -AssemblyName System.IO.Compression.ZipFile } catch { } ; try { [System.IO.Compression.ZipFile]::ExtractToDirectory('D:\a\_temp\be9cc1b2-0838-4c42-949b-accf3a3a06ee', 'D:\a\_temp\7cb680c2-1cac-428e-ab8e-f16e18252ceb', $true) } catch { if (($_.Exception.GetType().FullName -eq 'System.Management.Automation.MethodException') -or ($_.Exception.GetType().FullName -eq 'System.Management.Automation.RuntimeException') ){ Expand-Archive -LiteralPath 'D:\a\_temp\be9cc1b2-0838-4c42-949b-accf3a3a06ee' -DestinationPath 'D:\a\_temp\7cb680c2-1cac-428e-ab8e-f16e18252ceb' -Force } else { throw $_ } } ;"
2026-10-09T14:32:19.8997617Z Successfully Installed chrome to C:\hostedtoolcache\windows\setup-chrome\chrome\stable\x64
2026-10-09T14:32:19.9470160Z [command]C:\Windows\System32\WindowsPowerShell\v1.0\powershell.exe -Command "(Get-Item (Get-Command 'C:\hostedtoolcache\windows\setup-chrome\chrome\stable\x64\chrome.exe').Source).VersionInfo.ProductVersion"
2026-10-09T14:32:23.3771666Z 155.0.8059.39
2026-10-09T14:32:23.4578238Z Successfully setup chrome 155.0.8059.39
2026-10-09T14:32:23.4822189Z ##[group]Run browser-actions/setup-firefox@v1
2026-10-09T14:32:23.4822628Z with:
2026-10-09T14:32:23.4822864Z   firefox-version: 157.0.1
2026-10-09T14:32:23.4823128Z env:
2026-10-09T14:32:23.4823354Z   CARGO_TERM_COLOR: always
2026-10-09T14:32:23.4823594Z   RUST_BACKTRACE: 1
2026-10-09T14:32:23.4823878Z   CARGO_HOME: C:\Users\runneradmin\.cargo
2026-10-09T14:32:23.4824159Z   CARGO_INCREMENTAL: 0
2026-10-09T14:32:23.4824393Z   CACHE_ON_FAILURE: false
2026-10-09T14:32:23.4824715Z   pythonLocation: C:\hostedtoolcache\windows\Python\3.11.9\x64
2026-10-09T14:32:23.4825149Z   PKG_CONFIG_PATH: C:\hostedtoolcache\windows\Python\3.11.9\x64/lib/pkgconfig
2026-10-09T14:32:23.4825575Z   Python_ROOT_DIR: C:\hostedtoolcache\windows\Python\3.11.9\x64
2026-10-09T14:32:23.4825953Z   Python2_ROOT_DIR: C:\hostedtoolcache\windows\Python\3.11.9\x64
2026-10-09T14:32:23.4826346Z   Python3_ROOT_DIR: C:\hostedtoolcache\windows\Python\3.11.9\x64
2026-10-09T14:32:23.4826675Z ##[endgroup]
2026-10-09T14:32:23.5618843Z Setup firefox 157.0.1 (en-US)
2026-10-09T14:32:23.5628201Z Attempting to download firefox 157.0.1...
2026-10-09T14:32:23.5630986Z This is the version number:157
2026-10-09T14:32:23.5631668Z Acquiring 157.0.1 from https://ftp.mozilla.org/pub/firefox/releases/157.0.1/win64/en-US/Firefox%20Setup%20157.0.1.exe
2026-10-09T14:32:24.0433737Z Extracting Firefox...
2026-10-09T14:32:24.0449352Z [command]D:\a\_temp\5a10ea0b-440d-4780-836c-22dc0ffda8d6.exe /S /InstallDirectoryName=Firefox_157.0.1
2026-10-09T14:32:39.6571164Z Successfully installed firefox 157.0.1 to C:\Program Files\Firefox_157.0.1
2026-10-09T14:32:39.6582325Z [command]"C:\Program Files\Firefox_157.0.1\firefox.exe" --version
2026-10-09T14:32:39.7039368Z Mozilla Firefox 157.0.1
2026-10-09T14:32:39.7059046Z Successfully setup firefox version 157.0.1
2026-10-09T14:32:39.7268391Z ##[group]Run echo "Chrome: $CHROME_VERSION"
2026-10-09T14:32:39.7268720Z [36;1mecho "Chrome: $CHROME_VERSION"[0m
2026-10-09T14:32:39.7268959Z [36;1mecho "Firefox: $FIREFOX_VERSION"[0m
2026-10-09T14:32:39.7280723Z shell: C:\Program Files\Git\bin\bash.EXE --noprofile --norc -e -o pipefail {0}
2026-10-09T14:32:39.7281625Z env:
2026-10-09T14:32:39.7281790Z   CARGO_TERM_COLOR: always
2026-10-09T14:32:39.7281972Z   RUST_BACKTRACE: 1
2026-10-09T14:32:39.7282149Z   CARGO_HOME: C:\Users\runneradmin\.cargo
2026-10-09T14:32:39.7282356Z   CARGO_INCREMENTAL: 0
2026-10-09T14:32:39.7282525Z   CACHE_ON_FAILURE: false
2026-10-09T14:32:39.7282763Z   pythonLocation: C:\hostedtoolcache\windows\Python\3.11.9\x64
2026-10-09T14:32:39.7283114Z   PKG_CONFIG_PATH: C:\hostedtoolcache\windows\Python\3.11.9\x64/lib/pkgconfig
2026-10-09T14:32:39.7283453Z   Python_ROOT_DIR: C:\hostedtoolcache\windows\Python\3.11.9\x64
2026-10-09T14:32:39.7283796Z   Python2_ROOT_DIR: C:\hostedtoolcache\windows\Python\3.11.9\x64
2026-10-09T14:32:39.7284102Z   Python3_ROOT_DIR: C:\hostedtoolcache\windows\Python\3.11.9\x64
2026-10-09T14:32:39.7284352Z   CHROME_VERSION: 155.0.8059.39
2026-10-09T14:32:39.7284533Z   FIREFOX_VERSION: 157.0.1
2026-10-09T14:32:39.7284705Z ##[endgroup]
2026-10-09T14:32:39.7568145Z Chrome: 155.0.8059.39
2026-10-09T14:32:39.7568579Z Firefox: 157.0.1
2026-10-09T14:32:39.7717160Z ##[group]Run python scripts/ci/browser_checks.py --suite portable
2026-10-09T14:32:39.7717661Z [36;1mpython scripts/ci/browser_checks.py --suite portable[0m
2026-10-09T14:32:39.8135115Z shell: C:\Program Files\PowerShell\7\pwsh.EXE -command ". '{0}'"
2026-10-09T14:32:39.8135410Z env:
2026-10-09T14:32:39.8135575Z   CARGO_TERM_COLOR: always
2026-10-09T14:32:39.8135753Z   RUST_BACKTRACE: 1
2026-10-09T14:32:39.8135935Z   CARGO_HOME: C:\Users\runneradmin\.cargo
2026-10-09T14:32:39.8136146Z   CARGO_INCREMENTAL: 0
2026-10-09T14:32:39.8136309Z   CACHE_ON_FAILURE: false
2026-10-09T14:32:39.8136542Z   pythonLocation: C:\hostedtoolcache\windows\Python\3.11.9\x64
2026-10-09T14:32:39.8136909Z   PKG_CONFIG_PATH: C:\hostedtoolcache\windows\Python\3.11.9\x64/lib/pkgconfig
2026-10-09T14:32:39.8137591Z   Python_ROOT_DIR: C:\hostedtoolcache\windows\Python\3.11.9\x64
2026-10-09T14:32:39.8137917Z   Python2_ROOT_DIR: C:\hostedtoolcache\windows\Python\3.11.9\x64
2026-10-09T14:32:39.8138276Z   Python3_ROOT_DIR: C:\hostedtoolcache\windows\Python\3.11.9\x64
2026-10-09T14:32:39.8138644Z   RUSTWRIGHT_CHROME: C:\hostedtoolcache\windows\setup-chrome\chrome\stable\x64\chrome.exe
2026-10-09T14:32:39.8139031Z   RUSTWRIGHT_FIREFOX: C:\Program Files\Firefox_157.0.1\firefox.exe
2026-10-09T14:32:39.8139282Z ##[endgroup]
2026-10-09T14:32:41.7846627Z Running http_compat; log: D:\a\rustwright\rustwright\target\ci\portable\http_compat.log
2026-10-09T14:34:32.9685441Z http_compat failed or did not finish one native suite; see D:\a\rustwright\rustwright\target\ci\portable\http_compat.log
2026-10-09T14:34:33.0601957Z ##[error]Process completed with exit code 1.
2026-10-09T14:34:33.0751504Z ##[group]Run actions/upload-artifact@v4
2026-10-09T14:34:33.0751845Z with:
2026-10-09T14:34:33.0752094Z   name: native-http-windows-latest
2026-10-09T14:34:33.0752372Z   path: target/ci/
2026-10-09T14:34:33.0752589Z   if-no-files-found: error
2026-10-09T14:34:33.0752854Z   compression-level: 6
2026-10-09T14:34:33.0753075Z   overwrite: false
2026-10-09T14:34:33.0753277Z   include-hidden-files: false
2026-10-09T14:34:33.0753498Z env:
2026-10-09T14:34:33.0753682Z   CARGO_TERM_COLOR: always
2026-10-09T14:34:33.0753896Z   RUST_BACKTRACE: 1
2026-10-09T14:34:33.0754114Z   CARGO_HOME: C:\Users\runneradmin\.cargo
2026-10-09T14:34:33.0754377Z   CARGO_INCREMENTAL: 0
2026-10-09T14:34:33.0754600Z   CACHE_ON_FAILURE: false
2026-10-09T14:34:33.0754917Z   pythonLocation: C:\hostedtoolcache\windows\Python\3.11.9\x64
2026-10-09T14:34:33.0755330Z   PKG_CONFIG_PATH: C:\hostedtoolcache\windows\Python\3.11.9\x64/lib/pkgconfig
2026-10-09T14:34:33.0755791Z   Python_ROOT_DIR: C:\hostedtoolcache\windows\Python\3.11.9\x64
2026-10-09T14:34:33.0756539Z   Python2_ROOT_DIR: C:\hostedtoolcache\windows\Python\3.11.9\x64
2026-10-09T14:34:33.0756901Z   Python3_ROOT_DIR: C:\hostedtoolcache\windows\Python\3.11.9\x64
2026-10-09T14:34:33.0757204Z ##[endgroup]
2026-10-09T14:34:33.2348853Z (node:8872) [DEP0040] DeprecationWarning: The `punycode` module is deprecated. Please use a userland alternative instead.
2026-10-09T14:34:33.2350338Z (Use `node --trace-deprecation ...` to show where the warning was created)
2026-10-09T14:34:33.2401316Z With the provided path, there will be 2 files uploaded
2026-10-09T14:34:33.2405293Z Artifact name is valid!
2026-10-09T14:34:33.2406360Z Root directory input is valid!
2026-10-09T14:34:33.5817929Z Beginning upload of artifact content to blob storage
2026-10-09T14:34:33.6002981Z (node:8872) [DEP0169] DeprecationWarning: `url.parse()` behavior is not standardized and prone to errors that have security implications. Use the WHATWG URL API instead. CVEs are not issued for `url.parse()` vulnerabilities.
2026-10-09T14:34:33.8171214Z Uploaded bytes 5084
2026-10-09T14:34:33.8805390Z Finished uploading artifact content to blob storage!
2026-10-09T14:34:33.8806065Z SHA256 digest of uploaded artifact zip is 2e6b5230393b3e1317f2f499ee62ff558762bad9ad2af6e94893e682e574f30d
2026-10-09T14:34:33.8807896Z Finalizing artifact upload
2026-10-09T14:34:34.1586215Z Artifact native-http-windows-latest.zip successfully finalized. Artifact ID 11623069573
2026-10-09T14:34:34.1587561Z Artifact native-http-windows-latest has been successfully uploaded! Final size is 5084 bytes. Artifact ID is 11623069573
2026-10-09T14:34:34.1596410Z Artifact download URL: https://github.com/rsasaki0109/rustwright/actions/runs/37944830831/artifacts/11623069573
2026-10-09T14:34:34.1891105Z Post job cleanup.
2026-10-09T14:34:34.3347831Z [command]"C:\Program Files\Git\bin\git.exe" version
2026-10-09T14:34:34.3567618Z git version 2.55.0.windows.5
2026-10-09T14:34:34.3619856Z Temporarily overriding HOME='D:\a\_temp\addb9e31-04a1-4690-8693-a98cec0f0814' before making global git config changes
2026-10-09T14:34:34.3620780Z Adding repository directory to the temporary git global config as a safe directory
2026-10-09T14:34:34.3628211Z [command]"C:\Program Files\Git\bin\git.exe" config --global --add safe.directory D:\a\rustwright\rustwright
2026-10-09T14:34:34.3874456Z [command]"C:\Program Files\Git\bin\git.exe" config --local --name-only --get-regexp core\.sshCommand
2026-10-09T14:34:34.4120495Z [command]"C:\Program Files\Git\bin\git.exe" submodule foreach --recursive "sh -c \"git config --local --name-only --get-regexp 'core\.sshCommand' && git config --local --unset-all 'core.sshCommand' || :\""
2026-10-09T14:34:34.8246338Z [command]"C:\Program Files\Git\bin\git.exe" config --local --name-only --get-regexp http\.https\:\/\/github\.com\/\.extraheader
2026-10-09T14:34:34.8484025Z http.https://github.com/.extraheader
2026-10-09T14:34:34.8518194Z [command]"C:\Program Files\Git\bin\git.exe" config --local --unset-all http.https://github.com/.extraheader
2026-10-09T14:34:34.8767267Z [command]"C:\Program Files\Git\bin\git.exe" submodule foreach --recursive "sh -c \"git config --local --name-only --get-regexp 'http\.https\:\/\/github\.com\/\.extraheader' && git config --local --unset-all 'http.https://github.com/.extraheader' || :\""
2026-10-09T14:34:35.3151133Z [command]"C:\Program Files\Git\bin\git.exe" config --local --name-only --get-regexp ^includeIf\.gitdir:
2026-10-09T14:34:35.3384517Z [command]"C:\Program Files\Git\bin\git.exe" submodule foreach --recursive "git config --local --show-origin --name-only --get-regexp remote.origin.url"
2026-10-09T14:34:35.7878096Z Cleaning up orphan processes
2026-10-09T14:34:35.8074322Z Terminate orphan process: pid (6620) (vctip)
2026-10-09T14:34:35.8116607Z ##[warning]Node.js 20 is deprecated. The following actions target Node.js 20 but are being forced to run on Node.js 24: actions/upload-artifact@v4. For more information see: https://github.blog/changelog/2025-09-19-deprecation-of-node-20-on-github-actions-runners/
