[1m[92m    Updating[0m crates.io index
[1m[92m Downloading[0m crates ...
[1m[92m  Downloaded[0m base64 v0.22.1
[1m[92m  Downloaded[0m digest v0.11.3
[1m[92m  Downloaded[0m slab v0.4.12
[1m[92m  Downloaded[0m memchr v2.8.3
[1m[92m  Downloaded[0m pin-project-lite v0.2.17
[1m[92m  Downloaded[0m serde v1.0.229
[1m[92m  Downloaded[0m tungstenite v0.30.0
[1m[92m  Downloaded[0m unicode-ident v1.0.26
[1m[92m  Downloaded[0m http v1.5.0
[1m[92m  Downloaded[0m rand v0.10.2
[1m[92m  Downloaded[0m crypto-common v0.2.2
[1m[92m  Downloaded[0m tokio-macros v2.7.2
[1m[92m  Downloaded[0m chacha20 v0.10.2
[1m[92m  Downloaded[0m futures-macro v0.3.34
[1m[92m  Downloaded[0m sha1 v0.11.0
[1m[92m  Downloaded[0m thiserror v2.0.20
[1m[92m  Downloaded[0m block-buffer v0.12.1
[1m[92m  Downloaded[0m const-oid v0.10.2
[1m[92m  Downloaded[0m errno v0.3.14
[1m[92m  Downloaded[0m futures-task v0.3.34
[1m[92m  Downloaded[0m cpufeatures v0.3.1
[1m[92m  Downloaded[0m futures-sink v0.3.34
[1m[92m  Downloaded[0m itoa v1.0.18
[1m[92m  Downloaded[0m once_cell v1.21.4
[1m[92m  Downloaded[0m rand_core v0.10.1
[1m[92m  Downloaded[0m thiserror-impl v2.0.20
[1m[92m  Downloaded[0m tokio-tungstenite v0.30.0
[1m[92m  Downloaded[0m cfg-if v1.0.5
[1m[92m  Downloaded[0m data-encoding v2.11.1
[1m[92m  Downloaded[0m futures-core v0.3.34
[1m[92m  Downloaded[0m quote v1.0.47
[1m[92m  Downloaded[0m serde_derive v1.0.229
[1m[92m  Downloaded[0m signal-hook-registry v1.4.8
[1m[92m  Downloaded[0m socket2 v0.6.5
[1m[92m  Downloaded[0m tracing-attributes v0.1.31
[1m[92m  Downloaded[0m zmij v1.0.23
[1m[92m  Downloaded[0m getrandom v0.4.3
[1m[92m  Downloaded[0m httparse v1.10.1
[1m[92m  Downloaded[0m hybrid-array v0.4.15
[1m[92m  Downloaded[0m proc-macro2 v1.0.107
[1m[92m  Downloaded[0m serde_core v1.0.229
[1m[92m  Downloaded[0m tracing-core v0.1.36
[1m[92m  Downloaded[0m bytes v1.12.1
[1m[92m  Downloaded[0m log v0.4.34
[1m[92m  Downloaded[0m mio v1.2.3
[1m[92m  Downloaded[0m typenum v1.20.1
[1m[92m  Downloaded[0m serde_json v1.0.151
[1m[92m  Downloaded[0m futures-util v0.3.34
[1m[92m  Downloaded[0m syn v2.0.119
[1m[92m  Downloaded[0m syn v3.0.6
[1m[92m  Downloaded[0m tracing v0.1.44
[1m[92m  Downloaded[0m tokio v1.53.1
[1m[92m  Downloaded[0m libc v0.2.189
[1m[92m   Compiling[0m proc-macro2 v1.0.107
[1m[92m   Compiling[0m quote v1.0.47
[1m[92m   Compiling[0m unicode-ident v1.0.26
[1m[92m   Compiling[0m libc v0.2.189
[1m[92m   Compiling[0m typenum v1.20.1
[1m[92m   Compiling[0m cfg-if v1.0.5
[1m[92m   Compiling[0m getrandom v0.4.3
[1m[92m   Compiling[0m hybrid-array v0.4.15
[1m[92m   Compiling[0m rand_core v0.10.1
[1m[92m   Compiling[0m syn v3.0.6
[1m[92m   Compiling[0m itoa v1.0.18
[1m[92m   Compiling[0m serde_core v1.0.229
[1m[92m   Compiling[0m crypto-common v0.2.2
[1m[92m   Compiling[0m block-buffer v0.12.1
[1m[92m   Compiling[0m pin-project-lite v0.2.17
[1m[92m   Compiling[0m httparse v1.10.1
[1m[92m   Compiling[0m zmij v1.0.23
[1m[92m   Compiling[0m bytes v1.12.1
[1m[92m   Compiling[0m thiserror v2.0.20
[1m[92m   Compiling[0m const-oid v0.10.2
[1m[92m   Compiling[0m digest v0.11.3
[1m[92m   Compiling[0m chacha20 v0.10.2
[1m[92m   Compiling[0m cpufeatures v0.3.1
[1m[92m   Compiling[0m errno v0.3.14
[1m[92m   Compiling[0m serde_json v1.0.151
[1m[92m   Compiling[0m signal-hook-registry v1.4.8
[1m[92m   Compiling[0m sha1 v0.11.0
[1m[92m   Compiling[0m rand v0.10.2
[1m[92m   Compiling[0m thiserror-impl v2.0.20
[1m[92m   Compiling[0m futures-macro v0.3.34
[1m[92m   Compiling[0m tokio-macros v2.7.2
[1m[92m   Compiling[0m http v1.5.0
[1m[92m   Compiling[0m syn v2.0.119
[1m[92m   Compiling[0m socket2 v0.6.5
[1m[92m   Compiling[0m mio v1.2.3
[1m[92m   Compiling[0m futures-task v0.3.34
[1m[92m   Compiling[0m futures-sink v0.3.34
[1m[92m   Compiling[0m data-encoding v2.11.1
[1m[92m   Compiling[0m log v0.4.34
[1m[92m   Compiling[0m once_cell v1.21.4
[1m[92m   Compiling[0m futures-core v0.3.34
[1m[92m   Compiling[0m memchr v2.8.3
[1m[92m   Compiling[0m serde v1.0.229
[1m[92m   Compiling[0m slab v0.4.12
[1m[92m   Compiling[0m futures-util v0.3.34
[1m[92m   Compiling[0m tracing-core v0.1.36
[1m[92m   Compiling[0m tungstenite v0.30.0
[1m[92m   Compiling[0m tracing-attributes v0.1.31
[1m[92m   Compiling[0m tokio v1.53.1
[1m[92m   Compiling[0m serde_derive v1.0.229
[1m[92m   Compiling[0m tracing v0.1.44
[1m[92m   Compiling[0m rustwright-common v0.1.0 (/Users/runner/work/rustwright/rustwright/crates/rustwright-common)
[1m[92m   Compiling[0m base64 v0.22.1
[1m[92m   Compiling[0m tokio-tungstenite v0.30.0
[1m[92m   Compiling[0m rustwright-cdp v0.1.0 (/Users/runner/work/rustwright/rustwright/crates/rustwright-cdp)
[1m[92m   Compiling[0m rustwright-browser v0.1.0 (/Users/runner/work/rustwright/rustwright/crates/rustwright-browser)
[1m[33mwarning[0m[1m: function `find_on_path` is never used[0m
   [1m[94m--> [0mcrates/rustwright-browser/src/discovery.rs:179:8
    [1m[94m|[0m
[1m[94m179[0m [1m[94m|[0m pub fn find_on_path(name: &str) -> Vec<PathBuf> {
    [1m[94m|[0m        [1m[33m^^^^^^^^^^^^[0m
    [1m[94m|[0m
    [1m[94m= [0m[1mnote[0m: `#[warn(dead_code)]` (part of `#[warn(unused)]`) on by default

[1m[33mwarning[0m[1m: function `executable_name` is never used[0m
   [1m[94m--> [0mcrates/rustwright-browser/src/discovery.rs:197:4
    [1m[94m|[0m
[1m[94m197[0m [1m[94m|[0m fn executable_name(name: &str) -> String {
    [1m[94m|[0m    [1m[33m^^^^^^^^^^^^^^^[0m

[1m[92m   Compiling[0m rustwright-core v0.1.0 (/Users/runner/work/rustwright/rustwright/crates/rustwright-core)
[1m[92m   Compiling[0m rustwright-bidi v0.1.0 (/Users/runner/work/rustwright/rustwright/crates/rustwright-bidi)
[1m[33mwarning[0m: `rustwright-browser` (lib) generated 2 warnings
[1m[92m   Compiling[0m rustwright v0.1.0 (/Users/runner/work/rustwright/rustwright/crates/rustwright)
[1m[92m   Compiling[0m rustwright-integration-tests v0.1.0 (/Users/runner/work/rustwright/rustwright/tests)
[1m[92m    Finished[0m `test` profile [unoptimized + debuginfo] target(s) in 34.47s
[1m[92m     Running[0m http_compat.rs (target/debug/deps/http_compat-560516b5daaad87b)

running 24 tests
test chrome_cancelled_wait_recovers ... Chrome version: Chrome/155.0.8059.39
