[1m[92m   Packaging[0m rustwright-cdp v0.1.0 (/home/runner/work/rustwright/rustwright/crates/rustwright-cdp)
[1m[92m    Packaged[0m 25 files, 120.6KiB (30.1KiB compressed)
[1m[92m   Packaging[0m rustwright-browser v0.1.0 (/home/runner/work/rustwright/rustwright/crates/rustwright-browser)
[1m[92m    Packaged[0m 13 files, 83.7KiB (21.7KiB compressed)
[1m[92m   Packaging[0m rustwright-common v0.1.0 (/home/runner/work/rustwright/rustwright/crates/rustwright-common)
[1m[92m    Packaged[0m 13 files, 51.8KiB (15.7KiB compressed)
[1m[92m   Packaging[0m rustwright-bidi v0.1.0 (/home/runner/work/rustwright/rustwright/crates/rustwright-bidi)
[1m[92m    Packaged[0m 29 files, 333.8KiB (69.5KiB compressed)
[1m[92m   Packaging[0m rustwright-core v0.1.0 (/home/runner/work/rustwright/rustwright/crates/rustwright-core)
[1m[92m    Packaged[0m 24 files, 301.8KiB (67.1KiB compressed)
[1m[92m   Packaging[0m rustwright v0.1.0 (/home/runner/work/rustwright/rustwright/crates/rustwright)
[1m[92m    Packaged[0m 9 files, 50.5KiB (14.1KiB compressed)
[1m[92m   Packaging[0m rustwright-test-macros v0.1.0 (/home/runner/work/rustwright/rustwright/crates/rustwright-test-macros)
[1m[92m    Packaged[0m 8 files, 18.4KiB (7.0KiB compressed)
[1m[92m   Packaging[0m rustwright-test v0.1.0 (/home/runner/work/rustwright/rustwright/crates/rustwright-test)
[1m[92m    Packaged[0m 12 files, 65.5KiB (19.0KiB compressed)
[1m[92m   Verifying[0m rustwright-cdp v0.1.0 (/home/runner/work/rustwright/rustwright/crates/rustwright-cdp)
[1m[92m   Compiling[0m proc-macro2 v1.0.107
[1m[92m   Compiling[0m unicode-ident v1.0.26
[1m[92m   Compiling[0m quote v1.0.47
[1m[92m   Compiling[0m libc v0.2.189
[1m[92m   Compiling[0m typenum v1.20.1
[1m[92m   Compiling[0m cfg-if v1.0.5
[1m[92m   Compiling[0m getrandom v0.4.3
[1m[92m   Compiling[0m rand_core v0.10.1
[1m[92m   Compiling[0m cpufeatures v0.3.1
[1m[92m   Compiling[0m httparse v1.10.1
[1m[92m   Compiling[0m itoa v1.0.18
[1m[92m   Compiling[0m pin-project-lite v0.2.17
[1m[92m   Compiling[0m const-oid v0.10.2
[1m[92m   Compiling[0m hybrid-array v0.4.15
[1m[92m   Compiling[0m thiserror v2.0.20
[1m[92m   Compiling[0m bytes v1.12.1
[1m[92m   Compiling[0m syn v3.0.6
[1m[92m   Compiling[0m serde_core v1.0.229
[1m[92m   Compiling[0m crypto-common v0.2.2
[1m[92m   Compiling[0m block-buffer v0.12.1
[1m[92m   Compiling[0m errno v0.3.14
[1m[92m   Compiling[0m chacha20 v0.10.2
[1m[92m   Compiling[0m zmij v1.0.23
[1m[92m   Compiling[0m digest v0.11.3
[1m[92m   Compiling[0m sha1 v0.11.0
[1m[92m   Compiling[0m rand v0.10.2
[1m[92m   Compiling[0m signal-hook-registry v1.4.8
[1m[92m   Compiling[0m http v1.5.0
[1m[92m   Compiling[0m mio v1.2.3
[1m[92m   Compiling[0m socket2 v0.6.5
[1m[92m   Compiling[0m syn v2.0.119
[1m[92m   Compiling[0m log v0.4.34
[1m[92m   Compiling[0m serde_json v1.0.151
[1m[92m   Compiling[0m slab v0.4.12
[1m[92m   Compiling[0m futures-sink v0.3.34
[1m[92m   Compiling[0m futures-task v0.3.34
[1m[92m   Compiling[0m once_cell v1.21.4
[1m[92m   Compiling[0m data-encoding v2.11.1
[1m[92m   Compiling[0m futures-core v0.3.34
[1m[92m   Compiling[0m serde v1.0.229
[1m[92m   Compiling[0m thiserror-impl v2.0.20
[1m[92m   Compiling[0m tokio-macros v2.7.2
[1m[92m   Compiling[0m futures-macro v0.3.34
[1m[92m   Compiling[0m tokio v1.53.1
[1m[92m   Compiling[0m tungstenite v0.30.0
[1m[92m   Compiling[0m futures-util v0.3.34
[1m[92m   Compiling[0m serde_derive v1.0.229
[1m[92m   Compiling[0m tracing-attributes v0.1.31
[1m[92m   Compiling[0m tracing-core v0.1.36
[1m[92m   Compiling[0m memchr v2.8.3
[1m[92m   Compiling[0m tracing v0.1.44
[1m[92m   Compiling[0m tokio-tungstenite v0.30.0
[1m[92m   Compiling[0m rustwright-cdp v0.1.0 (/home/runner/work/rustwright/rustwright/target/release-check/package-target/1e79ef93767eac83/package/rustwright-cdp-0.1.0)
[1m[92m    Finished[0m `dev` profile [unoptimized + debuginfo] target(s) in 12.15s
[1m[92m   Verifying[0m rustwright-browser v0.1.0 (/home/runner/work/rustwright/rustwright/crates/rustwright-browser)
[1m[92m   Unpacking[0m rustwright-cdp v0.1.0 (registry `/home/runner/work/rustwright/rustwright/target/release-check/package-target/1e79ef93767eac83/package/tmp-registry`)
[1m[92m   Compiling[0m rustwright-cdp v0.1.0
[1m[92m   Compiling[0m rustwright-browser v0.1.0 (/home/runner/work/rustwright/rustwright/target/release-check/package-target/1e79ef93767eac83/package/rustwright-browser-0.1.0)
[1m[92m    Finished[0m `dev` profile [unoptimized + debuginfo] target(s) in 13.37s
[1m[92m   Verifying[0m rustwright-common v0.1.0 (/home/runner/work/rustwright/rustwright/crates/rustwright-common)
[1m[92m   Compiling[0m serde_core v1.0.229
[1m[92m   Compiling[0m serde_json v1.0.151
[1m[92m   Compiling[0m rustwright-common v0.1.0 (/home/runner/work/rustwright/rustwright/target/release-check/package-target/1e79ef93767eac83/package/rustwright-common-0.1.0)
[1m[92m    Finished[0m `dev` profile [unoptimized + debuginfo] target(s) in 15.38s
[1m[92m   Verifying[0m rustwright-bidi v0.1.0 (/home/runner/work/rustwright/rustwright/crates/rustwright-bidi)
[1m[92m   Unpacking[0m rustwright-browser v0.1.0 (registry `/home/runner/work/rustwright/rustwright/target/release-check/package-target/1e79ef93767eac83/package/tmp-registry`)
[1m[92m   Unpacking[0m rustwright-common v0.1.0 (registry `/home/runner/work/rustwright/rustwright/target/release-check/package-target/1e79ef93767eac83/package/tmp-registry`)
[1m[92m   Compiling[0m rustwright-common v0.1.0
[1m[92m   Compiling[0m base64 v0.22.1
[1m[92m   Compiling[0m rustwright-browser v0.1.0
[1m[92m   Compiling[0m rustwright-bidi v0.1.0 (/home/runner/work/rustwright/rustwright/target/release-check/package-target/1e79ef93767eac83/package/rustwright-bidi-0.1.0)
[1m[92m    Finished[0m `dev` profile [unoptimized + debuginfo] target(s) in 17.42s
[1m[92m   Verifying[0m rustwright-core v0.1.0 (/home/runner/work/rustwright/rustwright/crates/rustwright-core)
[1m[92m   Compiling[0m rustwright-core v0.1.0 (/home/runner/work/rustwright/rustwright/target/release-check/package-target/1e79ef93767eac83/package/rustwright-core-0.1.0)
[1m[92m    Finished[0m `dev` profile [unoptimized + debuginfo] target(s) in 19.22s
[1m[92m   Verifying[0m rustwright v0.1.0 (/home/runner/work/rustwright/rustwright/crates/rustwright)
[1m[92m   Unpacking[0m rustwright-bidi v0.1.0 (registry `/home/runner/work/rustwright/rustwright/target/release-check/package-target/1e79ef93767eac83/package/tmp-registry`)
[1m[92m   Unpacking[0m rustwright-core v0.1.0 (registry `/home/runner/work/rustwright/rustwright/target/release-check/package-target/1e79ef93767eac83/package/tmp-registry`)
[1m[92m   Compiling[0m rustwright-core v0.1.0
[1m[92m   Compiling[0m rustwright-bidi v0.1.0
[1m[92m   Compiling[0m rustwright v0.1.0 (/home/runner/work/rustwright/rustwright/target/release-check/package-target/1e79ef93767eac83/package/rustwright-0.1.0)
[1m[92m    Finished[0m `dev` profile [unoptimized + debuginfo] target(s) in 21.68s
[1m[92m   Verifying[0m rustwright-test-macros v0.1.0 (/home/runner/work/rustwright/rustwright/crates/rustwright-test-macros)
[1m[92m   Compiling[0m syn v2.0.119
[1m[92m   Compiling[0m rustwright-test-macros v0.1.0 (/home/runner/work/rustwright/rustwright/target/release-check/package-target/1e79ef93767eac83/package/rustwright-test-macros-0.1.0)
[1m[92m    Finished[0m `dev` profile [unoptimized + debuginfo] target(s) in 23.44s
[1m[92m   Verifying[0m rustwright-test v0.1.0 (/home/runner/work/rustwright/rustwright/crates/rustwright-test)
[1m[92m   Unpacking[0m rustwright v0.1.0 (registry `/home/runner/work/rustwright/rustwright/target/release-check/package-target/1e79ef93767eac83/package/tmp-registry`)
[1m[92m   Unpacking[0m rustwright-test-macros v0.1.0 (registry `/home/runner/work/rustwright/rustwright/target/release-check/package-target/1e79ef93767eac83/package/tmp-registry`)
[1m[92m   Compiling[0m syn v2.0.119
[1m[92m   Compiling[0m tracing-attributes v0.1.31
[1m[92m   Compiling[0m rustwright-test-macros v0.1.0
[1m[92m   Compiling[0m tracing v0.1.44
[1m[92m   Compiling[0m rustwright-cdp v0.1.0
[1m[92m   Compiling[0m rustwright-browser v0.1.0
[1m[92m   Compiling[0m rustwright-core v0.1.0
[1m[92m   Compiling[0m rustwright-bidi v0.1.0
[1m[92m   Compiling[0m rustwright v0.1.0
[1m[92m   Compiling[0m rustwright-test v0.1.0 (/home/runner/work/rustwright/rustwright/target/release-check/package-target/1e79ef93767eac83/package/rustwright-test-0.1.0)
[1m[92m    Finished[0m `dev` profile [unoptimized + debuginfo] target(s) in 29.83s
