2026-10-09T22:11:47.3308360Z Current runner version: '2.337.0'
2026-10-09T22:11:47.3349690Z ##[group]Runner Image Provisioner
2026-10-09T22:11:47.3350670Z Hosted Compute Agent
2026-10-09T22:11:47.3351190Z Version: 20260828.587
2026-10-09T22:11:47.3351730Z Commit: abac92662cab4cc7352de4f9f9d2e2419aad9c29
2026-10-09T22:11:47.3352320Z Build Date: 2026-08-28T16:44:25Z
2026-10-09T22:11:47.3352860Z Worker ID: {b2030125-0714-4cfc-94ee-c1e101aa2814}
2026-10-09T22:11:47.3353360Z Azure Region: westus
2026-10-09T22:11:47.3354580Z ##[endgroup]
2026-10-09T22:11:47.3355840Z ##[group]Operating System
2026-10-09T22:11:47.3356420Z macOS
2026-10-09T22:11:47.3356770Z 26.6.2
2026-10-09T22:11:47.3357110Z 25G83
2026-10-09T22:11:47.3357620Z ##[endgroup]
2026-10-09T22:11:47.3358150Z ##[group]Runner Image
2026-10-09T22:11:47.3358590Z Image: macos-26-arm64
2026-10-09T22:11:47.3359040Z Version: 20260907.0351.1
2026-10-09T22:11:47.3359990Z Included Software: https://github.com/actions/runner-images/blob/macos-26-arm64/20260907.0351/images/macos/macos-26-arm64-Readme.md
2026-10-09T22:11:47.3361070Z Image Release: https://github.com/actions/runner-images/releases/tag/macos-26-arm64%2F20260907.0351
2026-10-09T22:11:47.3361790Z ##[endgroup]
2026-10-09T22:11:47.3362570Z ##[group]GITHUB_TOKEN Permissions
2026-10-09T22:11:47.3364040Z Contents: read
2026-10-09T22:11:47.3364440Z Metadata: read
2026-10-09T22:11:47.3364870Z ##[endgroup]
2026-10-09T22:11:47.3366480Z Secret source: Actions
2026-10-09T22:11:47.3367230Z Cache mode: write
2026-10-09T22:11:47.3367850Z Prepare workflow directory
2026-10-09T22:11:47.3699400Z Prepare all required actions
2026-10-09T22:11:47.3734980Z Getting action download info
2026-10-09T22:11:47.6656610Z Download action repository 'actions/checkout@v5' (SHA:fbc6f3992d24b796d5a048ff273f7fcc4a7b6c09)
2026-10-09T22:11:47.9491960Z Download action repository 'dtolnay/rust-toolchain@stable' (SHA:686976e191b89faba57d3206551f0f330d8cb249)
2026-10-09T22:11:48.3503270Z Download action repository 'Swatinem/rust-cache@v2' (SHA:6323deb102c322ba6fcbdcafc7e3dddab59af2b6)
2026-10-09T22:11:49.0973190Z Download action repository 'actions/setup-python@v6' (SHA:ece7cb06caefa5fff74198d8649806c4678c61a1)
2026-10-09T22:11:49.3252360Z Download action repository 'browser-actions/setup-chrome@v2' (SHA:48ad923757ca74d66703209fe939badbdf80f2f4)
2026-10-09T22:11:49.8939130Z Download action repository 'browser-actions/setup-firefox@v1' (SHA:0bc507ddf224827e3b1af68e014d5e42ab93e795)
2026-10-09T22:11:50.4882970Z Download action repository 'actions/upload-artifact@v4' (SHA:ea165f8d65b6e75b540449e92b4886f43607fa02)
2026-10-09T22:11:50.8111470Z Complete job name: Required Chrome + Firefox / macos-latest
2026-10-09T22:11:50.9203340Z ##[group]Run actions/checkout@v5
2026-10-09T22:11:50.9204390Z with:
2026-10-09T22:11:50.9204920Z   repository: rsasaki0109/rustwright
2026-10-09T22:11:50.9211200Z   token: ***
2026-10-09T22:11:50.9211740Z   ssh-strict: true
2026-10-09T22:11:50.9212240Z   ssh-user: git
2026-10-09T22:11:50.9212750Z   persist-credentials: true
2026-10-09T22:11:50.9213500Z   clean: true
2026-10-09T22:11:50.9214150Z   sparse-checkout-cone-mode: true
2026-10-09T22:11:50.9215150Z   fetch-depth: 1
2026-10-09T22:11:50.9215750Z   fetch-tags: false
2026-10-09T22:11:50.9216250Z   show-progress: true
2026-10-09T22:11:50.9216760Z   lfs: false
2026-10-09T22:11:50.9217230Z   submodules: false
2026-10-09T22:11:50.9217760Z   set-safe-directory: true
2026-10-09T22:11:50.9218330Z   allow-unsafe-pr-checkout: false
2026-10-09T22:11:50.9219280Z env:
2026-10-09T22:11:50.9219920Z   CARGO_TERM_COLOR: always
2026-10-09T22:11:50.9220560Z   RUST_BACKTRACE: 1
2026-10-09T22:11:50.9221090Z ##[endgroup]
2026-10-09T22:11:51.2947870Z Syncing repository: rsasaki0109/rustwright
2026-10-09T22:11:51.2950020Z ##[group]Getting Git version info
2026-10-09T22:11:51.2950910Z Working directory is '/Users/runner/work/rustwright/rustwright'
2026-10-09T22:11:51.2952180Z [command]/opt/homebrew/bin/git version
2026-10-09T22:11:51.3766430Z git version 2.55.0
2026-10-09T22:11:51.3782760Z ##[endgroup]
2026-10-09T22:11:51.3791700Z Copying '/Users/runner/.gitconfig' to '/Users/runner/work/_temp/c20cbf00-33c1-43cb-8cd8-1c63238a694a/.gitconfig'
2026-10-09T22:11:51.3799800Z Temporarily overriding HOME='/Users/runner/work/_temp/c20cbf00-33c1-43cb-8cd8-1c63238a694a' before making global git config changes
2026-10-09T22:11:51.3804270Z Adding repository directory to the temporary git global config as a safe directory
2026-10-09T22:11:51.3808240Z [command]/opt/homebrew/bin/git config --global --add safe.directory /Users/runner/work/rustwright/rustwright
2026-10-09T22:11:51.3925870Z Deleting the contents of '/Users/runner/work/rustwright/rustwright'
2026-10-09T22:11:51.3935730Z ##[group]Initializing the repository
2026-10-09T22:11:51.3945380Z [command]/opt/homebrew/bin/git init /Users/runner/work/rustwright/rustwright
2026-10-09T22:11:51.4281670Z hint: Using 'master' as the name for the initial branch. This default branch name
2026-10-09T22:11:51.4287760Z hint: will change to "main" in Git 3.0. To configure the initial branch name
2026-10-09T22:11:51.4296810Z hint: to use in all of your new repositories, which will suppress this warning,
2026-10-09T22:11:51.4299660Z hint: call:
2026-10-09T22:11:51.4302960Z hint:
2026-10-09T22:11:51.4304820Z hint: 	git config --global init.defaultBranch <name>
2026-10-09T22:11:51.4307450Z hint:
2026-10-09T22:11:51.4309690Z hint: Names commonly chosen instead of 'master' are 'main', 'trunk' and
2026-10-09T22:11:51.4318520Z hint: 'development'. The just-created branch can be renamed via this command:
2026-10-09T22:11:51.4321840Z hint:
2026-10-09T22:11:51.4323560Z hint: 	git branch -m <name>
2026-10-09T22:11:51.4325260Z hint:
2026-10-09T22:11:51.4327500Z hint: Disable this message with "git config set advice.defaultBranchName false"
2026-10-09T22:11:51.4331430Z Initialized empty Git repository in /Users/runner/work/rustwright/rustwright/.git/
2026-10-09T22:11:51.4339210Z [command]/opt/homebrew/bin/git remote add origin https://github.com/rsasaki0109/rustwright
2026-10-09T22:11:51.4453840Z ##[endgroup]
2026-10-09T22:11:51.4563700Z ##[group]Disabling automatic garbage collection
2026-10-09T22:11:51.4615320Z [command]/opt/homebrew/bin/git config --local gc.auto 0
2026-10-09T22:11:51.4639740Z ##[endgroup]
2026-10-09T22:11:51.4642780Z ##[group]Setting up auth
2026-10-09T22:11:51.4645620Z [command]/opt/homebrew/bin/git config --local --name-only --get-regexp core\.sshCommand
2026-10-09T22:11:51.4723230Z [command]/opt/homebrew/bin/git submodule foreach --recursive sh -c "git config --local --name-only --get-regexp 'core\.sshCommand' && git config --local --unset-all 'core.sshCommand' || :"
2026-10-09T22:11:51.5853350Z [command]/opt/homebrew/bin/git config --local --name-only --get-regexp http\.https\:\/\/github\.com\/\.extraheader
2026-10-09T22:11:51.5989460Z [command]/opt/homebrew/bin/git submodule foreach --recursive sh -c "git config --local --name-only --get-regexp 'http\.https\:\/\/github\.com\/\.extraheader' && git config --local --unset-all 'http.https://github.com/.extraheader' || :"
2026-10-09T22:11:51.7664150Z [command]/opt/homebrew/bin/git config --local --name-only --get-regexp ^includeIf\.gitdir:
2026-10-09T22:11:51.7987950Z [command]/opt/homebrew/bin/git submodule foreach --recursive git config --local --show-origin --name-only --get-regexp remote.origin.url
2026-10-09T22:11:51.8917380Z [command]/opt/homebrew/bin/git config --local http.https://github.com/.extraheader AUTHORIZATION: basic ***
2026-10-09T22:11:51.9074390Z ##[endgroup]
2026-10-09T22:11:51.9076690Z ##[group]Fetching the repository
2026-10-09T22:11:51.9089670Z [command]/opt/homebrew/bin/git -c protocol.version=2 fetch --no-tags --prune --no-recurse-submodules --depth=1 origin +a2191f83923497f1e34a7785f316e142206dda54:refs/remotes/pull/1/merge
2026-10-09T22:11:54.1755700Z From https://github.com/rsasaki0109/rustwright
2026-10-09T22:11:54.1756420Z  * [new ref]         a2191f83923497f1e34a7785f316e142206dda54 -> pull/1/merge
2026-10-09T22:11:54.1833330Z ##[endgroup]
2026-10-09T22:11:54.1835450Z ##[group]Determining the checkout info
2026-10-09T22:11:54.1848000Z ##[endgroup]
2026-10-09T22:11:54.1850530Z [command]/opt/homebrew/bin/git sparse-checkout disable
2026-10-09T22:11:54.4891850Z [command]/opt/homebrew/bin/git config --local --unset-all extensions.worktreeConfig
2026-10-09T22:11:54.5410550Z ##[group]Checking out the ref
2026-10-09T22:11:54.5453220Z [command]/opt/homebrew/bin/git checkout --progress --force refs/remotes/pull/1/merge
2026-10-09T22:11:55.3917400Z HEAD is now at a2191f8 Merge 39e1c8951dd2ebd67cd1ef8e7311f582d418d873 into 91e72af388d000266c9b4e7567a3e1fe4007fc33
2026-10-09T22:11:55.4125850Z ##[endgroup]
2026-10-09T22:11:55.4278470Z [command]/opt/homebrew/bin/git log -1 --format=%H
2026-10-09T22:11:55.4290410Z a2191f83923497f1e34a7785f316e142206dda54
2026-10-09T22:11:55.4874340Z ##[group]Run dtolnay/rust-toolchain@stable
2026-10-09T22:11:55.4874620Z with:
2026-10-09T22:11:55.4874780Z   toolchain: stable
2026-10-09T22:11:55.4874920Z env:
2026-10-09T22:11:55.4875050Z   CARGO_TERM_COLOR: always
2026-10-09T22:11:55.4875220Z   RUST_BACKTRACE: 1
2026-10-09T22:11:55.4875410Z ##[endgroup]
2026-10-09T22:11:55.4966280Z ##[start-action display=Parse toolchain version;id=__dtolnay_rust-toolchain.parse]
2026-10-09T22:11:55.5031960Z ##[group]Run if [[ -z $toolchain ]]; then
2026-10-09T22:11:55.5032290Z [36;1mif [[ -z $toolchain ]]; then[0m
2026-10-09T22:11:55.5033040Z [36;1m  # GitHub does not enforce `required: true` inputs itself. https://github.com/actions/runner/issues/1070[0m
2026-10-09T22:11:55.5033740Z [36;1m  echo "'toolchain' is a required input" >&2[0m
2026-10-09T22:11:55.5033980Z [36;1m  exit 1[0m
2026-10-09T22:11:55.5034250Z [36;1melif [[ $toolchain =~ ^stable' '[0-9]+' '(year|month|week|day)s?' 'ago$ ]]; then[0m
2026-10-09T22:11:55.5034630Z [36;1m  if [[ macOS == macOS ]]; then[0m
2026-10-09T22:11:55.5035110Z [36;1m    echo "toolchain=1.$((($(date -v-$(sed 's/stable \([0-9]*\) \(.\).*/\1\2/' <<< $toolchain) +%s)/60/60/24-16569)/7/6))" >> $GITHUB_OUTPUT[0m
2026-10-09T22:11:55.5035560Z [36;1m  else[0m
2026-10-09T22:11:55.5035960Z [36;1m    echo "toolchain=1.$((($(date --date "${toolchain#stable }" +%s)/60/60/24-16569)/7/6))" >> $GITHUB_OUTPUT[0m
2026-10-09T22:11:55.5036330Z [36;1m  fi[0m
2026-10-09T22:11:55.5036560Z [36;1melif [[ $toolchain =~ ^stable' 'minus' '[0-9]+' 'releases?$ ]]; then[0m
2026-10-09T22:11:55.5036990Z [36;1m  echo "toolchain=1.$((($(date +%s)/60/60/24-16569)/7/6-${toolchain//[^0-9]/}))" >> $GITHUB_OUTPUT[0m
2026-10-09T22:11:55.5037370Z [36;1melif [[ $toolchain =~ ^1\.[0-9]+$ ]]; then[0m
2026-10-09T22:11:55.5037810Z [36;1m  echo "toolchain=1.$((i=${toolchain#1.}, c=($(date +%s)/60/60/24-16569)/7/6, i+9*i*(10*i<=c)+90*i*(100*i<=c)))" >> $GITHUB_OUTPUT[0m
2026-10-09T22:11:55.5038240Z [36;1melse[0m
2026-10-09T22:11:55.5038390Z [36;1m  delimiter=EOF[0m
2026-10-09T22:11:55.5038670Z [36;1m  while [[ $toolchain == *$delimiter* ]]; do delimiter+=_; done[0m
2026-10-09T22:11:55.5039080Z [36;1m  printf 'toolchain<<%s\n%s\n%s\n' "$delimiter" "$toolchain" "$delimiter" >> $GITHUB_OUTPUT[0m
2026-10-09T22:11:55.5039480Z [36;1mfi[0m
2026-10-09T22:11:55.5086370Z shell: /bin/bash --noprofile --norc -e -o pipefail {0}
2026-10-09T22:11:55.5086670Z env:
2026-10-09T22:11:55.5086830Z   CARGO_TERM_COLOR: always
2026-10-09T22:11:55.5087040Z   RUST_BACKTRACE: 1
2026-10-09T22:11:55.5087230Z   toolchain: stable
2026-10-09T22:11:55.5087380Z ##[endgroup]
2026-10-09T22:11:55.5562050Z ##[end-action id=__dtolnay_rust-toolchain.parse;outcome=success;conclusion=success;duration_ms=59]
2026-10-09T22:11:55.5566230Z ##[start-action display=Set $CARGO_HOME;id=__dtolnay_rust-toolchain.__run]
2026-10-09T22:11:55.5662700Z ##[group]Run echo CARGO_HOME=${CARGO_HOME:-"$HOME/.cargo"} >> $GITHUB_ENV
2026-10-09T22:11:55.5663230Z [36;1mecho CARGO_HOME=${CARGO_HOME:-"$HOME/.cargo"} >> $GITHUB_ENV[0m
2026-10-09T22:11:55.5711840Z shell: /bin/bash --noprofile --norc -e -o pipefail {0}
2026-10-09T22:11:55.5712250Z env:
2026-10-09T22:11:55.5712450Z   CARGO_TERM_COLOR: always
2026-10-09T22:11:55.5712680Z   RUST_BACKTRACE: 1
2026-10-09T22:11:55.5712870Z ##[endgroup]
2026-10-09T22:11:55.6052910Z ##[end-action id=__dtolnay_rust-toolchain.__run;outcome=success;conclusion=success;duration_ms=48]
2026-10-09T22:11:55.6055530Z ##[start-action display=Install rustup if needed;id=__dtolnay_rust-toolchain.__run_2]
2026-10-09T22:11:55.6156270Z ##[group]Run if ! command -v rustup &>/dev/null; then
2026-10-09T22:11:55.6156660Z [36;1mif ! command -v rustup &>/dev/null; then[0m
2026-10-09T22:11:55.6157370Z [36;1m  curl --proto '=https' --tlsv1.2 --retry 10 --retry-connrefused --location --silent --show-error --fail https://sh.rustup.rs | sh -s -- --default-toolchain none -y[0m
2026-10-09T22:11:55.6157930Z [36;1m  echo "$CARGO_HOME/bin" >> $GITHUB_PATH[0m
2026-10-09T22:11:55.6158730Z [36;1mfi[0m
2026-10-09T22:11:55.6236470Z shell: /bin/bash --noprofile --norc -e -o pipefail {0}
2026-10-09T22:11:55.6237220Z env:
2026-10-09T22:11:55.6237760Z   CARGO_TERM_COLOR: always
2026-10-09T22:11:55.6238290Z   RUST_BACKTRACE: 1
2026-10-09T22:11:55.6238740Z   CARGO_HOME: /Users/runner/.cargo
2026-10-09T22:11:55.6239340Z ##[endgroup]
2026-10-09T22:11:55.6630980Z ##[end-action id=__dtolnay_rust-toolchain.__run_2;outcome=success;conclusion=success;duration_ms=57]
2026-10-09T22:11:55.6634120Z ##[start-action display=Install rustup if needed on windows;id=__dtolnay_rust-toolchain.__run_3]
2026-10-09T22:11:55.6643340Z ##[end-action id=__dtolnay_rust-toolchain.__run_3;outcome=skipped;conclusion=skipped;duration_ms=0]
2026-10-09T22:11:55.6657870Z ##[start-action display=rustup toolchain install stable;id=__dtolnay_rust-toolchain.__run_4]
2026-10-09T22:11:55.6688780Z ##[group]Run set -f  # split targets and components on commas and whitespace, without glob expansion
2026-10-09T22:11:55.6689450Z [36;1mset -f  # split targets and components on commas and whitespace, without glob expansion[0m
2026-10-09T22:11:55.6689860Z [36;1mflags=()[0m
2026-10-09T22:11:55.6690150Z [36;1mfor t in ${targets//,/ }; do flags+=(--target "$t"); done[0m
2026-10-09T22:11:55.6690590Z [36;1mfor c in ${components//,/ }; do flags+=(--component "$c"); done[0m
2026-10-09T22:11:55.6691080Z [36;1mif [[ $toolchain == nightly && -n $components ]]; then flags+=(--allow-downgrade); fi[0m
2026-10-09T22:11:55.6691420Z [36;1mlog=$(mktemp)[0m
2026-10-09T22:11:55.6691630Z [36;1mtrap 'rm -f "$log"' EXIT[0m
2026-10-09T22:11:55.6691850Z [36;1mfor attempt in 1 2 3 4 5; do[0m
2026-10-09T22:11:55.6692340Z [36;1m  if rustup toolchain install "$toolchain" "${flags[@]}" --profile minimal --no-self-update --force-non-host 2>&1 | tee "$log"; then[0m
2026-10-09T22:11:55.6692790Z [36;1m    break[0m
2026-10-09T22:11:55.6692980Z [36;1m  else[0m
2026-10-09T22:11:55.6693140Z [36;1m    status=$?[0m
2026-10-09T22:11:55.6693330Z [36;1m  fi[0m
2026-10-09T22:11:55.6693620Z [36;1m  if [[ $attempt == 5 ]] || ! grep -Fq 'checksum failed for ' "$log" \[0m
2026-10-09T22:11:55.6694160Z [36;1m      || ! grep -Fq 'this is likely due to an ongoing update of the official release server' "$log"; then[0m
2026-10-09T22:11:55.6694650Z [36;1m    exit "$status"[0m
2026-10-09T22:11:55.6694870Z [36;1m  fi[0m
2026-10-09T22:11:55.6695180Z [36;1m  echo "Retrying rustup toolchain install in 30 seconds (retry $attempt of 4)" >&2[0m
2026-10-09T22:11:55.6695530Z [36;1m  sleep 30[0m
2026-10-09T22:11:55.6695700Z [36;1mdone[0m
2026-10-09T22:11:55.6730240Z shell: /bin/bash --noprofile --norc -e -o pipefail {0}
2026-10-09T22:11:55.6730620Z env:
2026-10-09T22:11:55.6730810Z   CARGO_TERM_COLOR: always
2026-10-09T22:11:55.6731020Z   RUST_BACKTRACE: 1
2026-10-09T22:11:55.6731210Z   CARGO_HOME: /Users/runner/.cargo
2026-10-09T22:11:55.6731460Z   toolchain: stable
2026-10-09T22:11:55.6731670Z   targets: 
2026-10-09T22:11:55.6731850Z   components: 
2026-10-09T22:11:55.6732060Z   RUSTUP_PERMIT_COPY_RENAME: 1
2026-10-09T22:11:55.6732410Z ##[endgroup]
2026-10-09T22:11:56.1151540Z info: syncing channel updates for stable-aarch64-apple-darwin
2026-10-09T22:11:56.3419380Z info: latest update on 2026-10-01 for version 1.99.0 (b940084d7 2026-09-28)
2026-10-09T22:11:56.3565430Z info: removing previous version of component clippy
2026-10-09T22:11:56.3669790Z info: removing previous version of component rustfmt
2026-10-09T22:11:56.3727850Z info: removing previous version of component cargo
2026-10-09T22:11:56.3829820Z info: removing previous version of component rust-std
2026-10-09T22:11:56.3931350Z info: removing previous version of component rustc
2026-10-09T22:11:56.4023890Z info: downloading 5 components
2026-10-09T22:12:05.9289610Z 
2026-10-09T22:12:06.3782410Z   stable-aarch64-apple-darwin updated - rustc 1.99.0 (b940084d7 2026-09-28) (from rustc 1.98.1 (48a229cea 2026-09-01))
2026-10-09T22:12:06.3783860Z 
2026-10-09T22:12:06.3790130Z info: self-update is disabled for this build of rustup
2026-10-09T22:12:06.3794080Z info: any updates to rustup will need to be fetched with your system package manager
2026-10-09T22:12:06.4241280Z ##[end-action id=__dtolnay_rust-toolchain.__run_4;outcome=success;conclusion=success;duration_ms=10758]
2026-10-09T22:12:06.4273520Z ##[start-action display=rustup default stable;id=__dtolnay_rust-toolchain.__run_5]
2026-10-09T22:12:06.4479880Z ##[group]Run rustup default "$toolchain" --force-non-host
2026-10-09T22:12:06.4480480Z [36;1mrustup default "$toolchain" --force-non-host[0m
2026-10-09T22:12:06.4524040Z shell: /bin/bash --noprofile --norc -e -o pipefail {0}
2026-10-09T22:12:06.4524390Z env:
2026-10-09T22:12:06.4524680Z   CARGO_TERM_COLOR: always
2026-10-09T22:12:06.4524940Z   RUST_BACKTRACE: 1
2026-10-09T22:12:06.4525270Z   CARGO_HOME: /Users/runner/.cargo
2026-10-09T22:12:06.4525620Z   toolchain: stable
2026-10-09T22:12:06.4525860Z ##[endgroup]
2026-10-09T22:12:06.5452190Z info: using existing install for stable-aarch64-apple-darwin
2026-10-09T22:12:06.5504400Z info: default toolchain set to stable-aarch64-apple-darwin
2026-10-09T22:12:06.5505170Z 
2026-10-09T22:12:06.5701940Z   stable-aarch64-apple-darwin unchanged - rustc 1.99.0 (b940084d7 2026-09-28)
2026-10-09T22:12:06.5703660Z 
2026-10-09T22:12:06.5757480Z ##[end-action id=__dtolnay_rust-toolchain.__run_5;outcome=success;conclusion=success;duration_ms=148]
2026-10-09T22:12:06.5768760Z ##[start-action display=Create cachekey;id=__dtolnay_rust-toolchain.rustc-version]
2026-10-09T22:12:06.5833380Z ##[group]Run DATE=$(rustc +"$toolchain" --version --verbose | sed -ne 's/^commit-date: \(20[0-9][0-9]\)-\([01][0-9]\)-\([0-3][0-9]\)$/\1\2\3/p')
2026-10-09T22:12:06.5837130Z [36;1mDATE=$(rustc +"$toolchain" --version --verbose | sed -ne 's/^commit-date: \(20[0-9][0-9]\)-\([01][0-9]\)-\([0-3][0-9]\)$/\1\2\3/p')[0m
2026-10-09T22:12:06.5837770Z [36;1mHASH=$(rustc +"$toolchain" --version --verbose | sed -ne 's/^commit-hash: //p')[0m
2026-10-09T22:12:06.5841060Z [36;1mecho "cachekey=$(echo $DATE$HASH | head -c12)" >> $GITHUB_OUTPUT[0m
2026-10-09T22:12:06.5897030Z shell: /bin/bash --noprofile --norc -e -o pipefail {0}
2026-10-09T22:12:06.5897390Z env:
2026-10-09T22:12:06.5897650Z   CARGO_TERM_COLOR: always
2026-10-09T22:12:06.5897990Z   RUST_BACKTRACE: 1
2026-10-09T22:12:06.5898340Z   CARGO_HOME: /Users/runner/.cargo
2026-10-09T22:12:06.5898680Z   toolchain: stable
2026-10-09T22:12:06.5899310Z ##[endgroup]
2026-10-09T22:12:06.7254260Z ##[end-action id=__dtolnay_rust-toolchain.rustc-version;outcome=success;conclusion=success;duration_ms=148]
2026-10-09T22:12:06.7256910Z ##[start-action display=Disable incremental compilation;id=__dtolnay_rust-toolchain.__run_6]
2026-10-09T22:12:06.7300830Z ##[group]Run if [ -z "${CARGO_INCREMENTAL+set}" ]; then
2026-10-09T22:12:06.7301390Z [36;1mif [ -z "${CARGO_INCREMENTAL+set}" ]; then[0m
2026-10-09T22:12:06.7301720Z [36;1m  echo CARGO_INCREMENTAL=0 >> $GITHUB_ENV[0m
2026-10-09T22:12:06.7302070Z [36;1mfi[0m
2026-10-09T22:12:06.7335850Z shell: /bin/bash --noprofile --norc -e -o pipefail {0}
2026-10-09T22:12:06.7336220Z env:
2026-10-09T22:12:06.7336410Z   CARGO_TERM_COLOR: always
2026-10-09T22:12:06.7336780Z   RUST_BACKTRACE: 1
2026-10-09T22:12:06.7337050Z   CARGO_HOME: /Users/runner/.cargo
2026-10-09T22:12:06.7337390Z ##[endgroup]
2026-10-09T22:12:06.7696150Z ##[end-action id=__dtolnay_rust-toolchain.__run_6;outcome=success;conclusion=success;duration_ms=43]
2026-10-09T22:12:06.7699420Z ##[start-action display=Enable colors in Cargo output;id=__dtolnay_rust-toolchain.__run_7]
2026-10-09T22:12:06.7730740Z ##[group]Run if [ -z "${CARGO_TERM_COLOR+set}" ]; then
2026-10-09T22:12:06.7731050Z [36;1mif [ -z "${CARGO_TERM_COLOR+set}" ]; then[0m
2026-10-09T22:12:06.7731420Z [36;1m  echo CARGO_TERM_COLOR=always >> $GITHUB_ENV[0m
2026-10-09T22:12:06.7731670Z [36;1mfi[0m
2026-10-09T22:12:06.7763530Z shell: /bin/bash --noprofile --norc -e -o pipefail {0}
2026-10-09T22:12:06.7763810Z env:
2026-10-09T22:12:06.7764000Z   CARGO_TERM_COLOR: always
2026-10-09T22:12:06.7764820Z   RUST_BACKTRACE: 1
2026-10-09T22:12:06.7765030Z   CARGO_HOME: /Users/runner/.cargo
2026-10-09T22:12:06.7765240Z   CARGO_INCREMENTAL: 0
2026-10-09T22:12:06.7765440Z ##[endgroup]
2026-10-09T22:12:06.8115260Z ##[end-action id=__dtolnay_rust-toolchain.__run_7;outcome=success;conclusion=success;duration_ms=41]
2026-10-09T22:12:06.8118590Z ##[start-action display=Enable Cargo sparse registry;id=__dtolnay_rust-toolchain.__run_8]
2026-10-09T22:12:06.8137580Z ##[group]Run # implemented in 1.66, stabilized in 1.68, made default in 1.70
2026-10-09T22:12:06.8138050Z [36;1m# implemented in 1.66, stabilized in 1.68, made default in 1.70[0m
2026-10-09T22:12:06.8138630Z [36;1mif [ -z "${CARGO_REGISTRIES_CRATES_IO_PROTOCOL+set}" -o -f "/Users/runner/work/_temp"/.implicit_cargo_registries_crates_io_protocol ]; then[0m
2026-10-09T22:12:06.8139240Z [36;1m  if rustc +"$toolchain" --version --verbose | grep -q '^release: 1\.6[89]\.'; then[0m
2026-10-09T22:12:06.8139770Z [36;1m    touch "/Users/runner/work/_temp"/.implicit_cargo_registries_crates_io_protocol || true[0m
2026-10-09T22:12:06.8140220Z [36;1m    echo CARGO_REGISTRIES_CRATES_IO_PROTOCOL=sparse >> $GITHUB_ENV[0m
2026-10-09T22:12:06.8140660Z [36;1m  elif rustc +"$toolchain" --version --verbose | grep -q '^release: 1\.6[67]\.'; then[0m
2026-10-09T22:12:06.8141130Z [36;1m    touch "/Users/runner/work/_temp"/.implicit_cargo_registries_crates_io_protocol || true[0m
2026-10-09T22:12:06.8141590Z [36;1m    echo CARGO_REGISTRIES_CRATES_IO_PROTOCOL=git >> $GITHUB_ENV[0m
2026-10-09T22:12:06.8141880Z [36;1m  fi[0m
2026-10-09T22:12:06.8142030Z [36;1mfi[0m
2026-10-09T22:12:06.8174770Z shell: /bin/bash --noprofile --norc -e -o pipefail {0}
2026-10-09T22:12:06.8175040Z env:
2026-10-09T22:12:06.8175230Z   CARGO_TERM_COLOR: always
2026-10-09T22:12:06.8175420Z   RUST_BACKTRACE: 1
2026-10-09T22:12:06.8175610Z   CARGO_HOME: /Users/runner/.cargo
2026-10-09T22:12:06.8175830Z   CARGO_INCREMENTAL: 0
2026-10-09T22:12:06.8176010Z   toolchain: stable
2026-10-09T22:12:06.8176190Z ##[endgroup]
2026-10-09T22:12:06.9128360Z ##[end-action id=__dtolnay_rust-toolchain.__run_8;outcome=success;conclusion=success;duration_ms=100]
2026-10-09T22:12:06.9131470Z ##[start-action display=Work around spurious network errors in curl 8.0;id=__dtolnay_rust-toolchain.__run_9]
2026-10-09T22:12:06.9150260Z ##[group]Run # https://rust-lang.zulipchat.com/#narrow/stream/246057-t-cargo/topic/timeout.20investigation
2026-10-09T22:12:06.9151240Z [36;1m# https://rust-lang.zulipchat.com/#narrow/stream/246057-t-cargo/topic/timeout.20investigation[0m
2026-10-09T22:12:06.9151760Z [36;1mif rustc +"$toolchain" --version --verbose | grep -q '^release: 1\.7[01]\.'; then[0m
2026-10-09T22:12:06.9152150Z [36;1m  echo CARGO_HTTP_MULTIPLEXING=false >> $GITHUB_ENV[0m
2026-10-09T22:12:06.9152410Z [36;1mfi[0m
2026-10-09T22:12:06.9183830Z shell: /bin/bash --noprofile --norc -e -o pipefail {0}
2026-10-09T22:12:06.9184140Z env:
2026-10-09T22:12:06.9184320Z   CARGO_TERM_COLOR: always
2026-10-09T22:12:06.9184630Z   RUST_BACKTRACE: 1
2026-10-09T22:12:06.9184860Z   CARGO_HOME: /Users/runner/.cargo
2026-10-09T22:12:06.9185160Z   CARGO_INCREMENTAL: 0
2026-10-09T22:12:06.9185370Z   toolchain: stable
2026-10-09T22:12:06.9185530Z ##[endgroup]
2026-10-09T22:12:06.9800380Z ##[end-action id=__dtolnay_rust-toolchain.__run_9;outcome=success;conclusion=success;duration_ms=66]
2026-10-09T22:12:06.9804640Z ##[start-action display=rustc +stable --version --verbose;id=__dtolnay_rust-toolchain.__run_10]
2026-10-09T22:12:06.9836590Z ##[group]Run rustc +"$toolchain" --version --verbose
2026-10-09T22:12:06.9836960Z [36;1mrustc +"$toolchain" --version --verbose[0m
2026-10-09T22:12:06.9869860Z shell: /bin/bash --noprofile --norc -e -o pipefail {0}
2026-10-09T22:12:06.9870160Z env:
2026-10-09T22:12:06.9870360Z   CARGO_TERM_COLOR: always
2026-10-09T22:12:06.9870550Z   RUST_BACKTRACE: 1
2026-10-09T22:12:06.9870720Z   CARGO_HOME: /Users/runner/.cargo
2026-10-09T22:12:06.9870920Z   CARGO_INCREMENTAL: 0
2026-10-09T22:12:06.9871120Z   toolchain: stable
2026-10-09T22:12:06.9871550Z ##[endgroup]
2026-10-09T22:12:07.0448890Z rustc 1.99.0 (b940084d7 2026-09-28)
2026-10-09T22:12:07.0449790Z binary: rustc
2026-10-09T22:12:07.0450660Z commit-hash: b940084d7eb6a299eb4bfeb8e34901bc051e7ac4
2026-10-09T22:12:07.0451540Z commit-date: 2026-09-28
2026-10-09T22:12:07.0452190Z host: aarch64-apple-darwin
2026-10-09T22:12:07.0452990Z release: 1.99.0
2026-10-09T22:12:07.0453910Z LLVM version: 23.1.1
2026-10-09T22:12:07.0470190Z ##[end-action id=__dtolnay_rust-toolchain.__run_10;outcome=success;conclusion=success;duration_ms=66]
2026-10-09T22:12:07.0600320Z ##[group]Run Swatinem/rust-cache@v2
2026-10-09T22:12:07.0600570Z with:
2026-10-09T22:12:07.0600710Z   prefix-key: v0-rust
2026-10-09T22:12:07.0600930Z   add-job-id-key: true
2026-10-09T22:12:07.0601150Z   add-rust-environment-hash-key: true
2026-10-09T22:12:07.0601400Z   cache-targets: true
2026-10-09T22:12:07.0601620Z   cache-all-crates: false
2026-10-09T22:12:07.0601800Z   cache-workspace-crates: false
2026-10-09T22:12:07.0602030Z   save-if: true
2026-10-09T22:12:07.0602290Z   cache-provider: github
2026-10-09T22:12:07.0602500Z   cache-bin: true
2026-10-09T22:12:07.0602680Z   lookup-only: false
2026-10-09T22:12:07.0602850Z   cmd-format: {0}
2026-10-09T22:12:07.0603010Z env:
2026-10-09T22:12:07.0603160Z   CARGO_TERM_COLOR: always
2026-10-09T22:12:07.0603370Z   RUST_BACKTRACE: 1
2026-10-09T22:12:07.0603540Z   CARGO_HOME: /Users/runner/.cargo
2026-10-09T22:12:07.0603750Z   CARGO_INCREMENTAL: 0
2026-10-09T22:12:07.0603910Z ##[endgroup]
2026-10-09T22:12:07.8041870Z ##[group]Cache Configuration
2026-10-09T22:12:07.8043150Z Cache Provider:
2026-10-09T22:12:07.8043730Z     github
2026-10-09T22:12:07.8044750Z Workspaces:
2026-10-09T22:12:07.8046060Z     /Users/runner/work/rustwright/rustwright
2026-10-09T22:12:07.8046760Z Cache Paths:
2026-10-09T22:12:07.8047210Z     /Users/runner/.cargo/bin
2026-10-09T22:12:07.8047740Z     /Users/runner/.cargo/.crates.toml
2026-10-09T22:12:07.8048340Z     /Users/runner/.cargo/.crates2.json
2026-10-09T22:12:07.8048930Z     /Users/runner/.cargo/registry
2026-10-09T22:12:07.8049490Z     /Users/runner/.cargo/git
2026-10-09T22:12:07.8050100Z     /Users/runner/work/rustwright/rustwright/target
2026-10-09T22:12:07.8050740Z Restore Key:
2026-10-09T22:12:07.8051310Z     v0-rust-browser-compat-Darwin-arm64-22602039
2026-10-09T22:12:07.8052010Z Cache Key:
2026-10-09T22:12:07.8052570Z     v0-rust-browser-compat-Darwin-arm64-22602039-f6e92162
2026-10-09T22:12:07.8053280Z .. Prefix:
2026-10-09T22:12:07.8053740Z   - v0-rust-browser-compat-Darwin-arm64
2026-10-09T22:12:07.8054390Z .. Environment considered:
2026-10-09T22:12:07.8063760Z   - Rust Versions:
2026-10-09T22:12:07.8064220Z     - 1.99.0 aarch64-apple-darwin b940084d7eb6a299eb4bfeb8e34901bc051e7ac4
2026-10-09T22:12:07.8064550Z   - CARGO_HOME
2026-10-09T22:12:07.8064720Z   - CARGO_INCREMENTAL
2026-10-09T22:12:07.8064900Z   - CARGO_TERM_COLOR
2026-10-09T22:12:07.8065060Z   - RUST_BACKTRACE
2026-10-09T22:12:07.8065230Z .. Lockfiles considered:
2026-10-09T22:12:07.8065460Z   - /Users/runner/work/rustwright/rustwright/Cargo.lock
2026-10-09T22:12:07.8065970Z   - /Users/runner/work/rustwright/rustwright/crates/rustwright-bidi/Cargo.toml
2026-10-09T22:12:07.8066480Z   - /Users/runner/work/rustwright/rustwright/crates/rustwright-browser/Cargo.toml
2026-10-09T22:12:07.8067040Z   - /Users/runner/work/rustwright/rustwright/crates/rustwright-cdp/Cargo.toml
2026-10-09T22:12:07.8068150Z   - /Users/runner/work/rustwright/rustwright/crates/rustwright-common/Cargo.toml
2026-10-09T22:12:07.8068570Z   - /Users/runner/work/rustwright/rustwright/crates/rustwright-core/Cargo.toml
2026-10-09T22:12:07.8069090Z   - /Users/runner/work/rustwright/rustwright/crates/rustwright-test-macros/Cargo.toml
2026-10-09T22:12:07.8069610Z   - /Users/runner/work/rustwright/rustwright/crates/rustwright-test/Cargo.toml
2026-10-09T22:12:07.8070000Z   - /Users/runner/work/rustwright/rustwright/crates/rustwright/Cargo.toml
2026-10-09T22:12:07.8070580Z   - /Users/runner/work/rustwright/rustwright/docs/ci/results/firefox-network-idle/local/release/consumer/.cargo/config.toml
2026-10-09T22:12:07.8071270Z   - /Users/runner/work/rustwright/rustwright/docs/ci/results/reliability-95/local/distribution/consumer/.cargo/config.toml
2026-10-09T22:12:07.8071930Z   - /Users/runner/work/rustwright/rustwright/docs/ci/results/remote-20261009/followup-local/consumer/.cargo/config.toml
2026-10-09T22:12:07.8072670Z   - /Users/runner/work/rustwright/rustwright/docs/ci/results/required-browser/release/consumer/.cargo/config.toml
2026-10-09T22:12:07.8073680Z   - /Users/runner/work/rustwright/rustwright/docs/release/results/local-package/consumer/.cargo/config.toml
2026-10-09T22:12:07.8074250Z   - /Users/runner/work/rustwright/rustwright/examples/Cargo.toml
2026-10-09T22:12:07.8074630Z   - /Users/runner/work/rustwright/rustwright/tests/Cargo.toml
2026-10-09T22:12:07.8075160Z ##[endgroup]
2026-10-09T22:12:07.8075240Z 
2026-10-09T22:12:07.8075300Z ... Restoring cache ...
2026-10-09T22:12:07.9821040Z Cache hit for restore-key: v0-rust-browser-compat-Darwin-arm64-22602039-5e13362d
2026-10-09T22:12:09.1634450Z Received 25165824 of 56831950 (44.3%), 24.0 MBs/sec
2026-10-09T22:12:09.4176580Z Received 56831950 of 56831950 (100.0%), 43.2 MBs/sec
2026-10-09T22:12:09.4375370Z Cache Size: ~54 MB (56831950 B)
2026-10-09T22:12:09.4416930Z [command]/opt/homebrew/bin/gtar -xf /Users/runner/work/_temp/58999082-c9f6-482a-adc2-5052df361402/cache.tzst -P -C /Users/runner/work/rustwright/rustwright --delay-directory-restore --use-compress-program unzstd
2026-10-09T22:12:09.9391430Z Cache restored successfully
2026-10-09T22:12:09.9404670Z Restored from cache key "v0-rust-browser-compat-Darwin-arm64-22602039-5e13362d" full match: false.
2026-10-09T22:12:09.9572510Z ##[group]Run actions/setup-python@v6
2026-10-09T22:12:09.9573950Z with:
2026-10-09T22:12:09.9574150Z   python-version: 3.11
2026-10-09T22:12:09.9574340Z   check-latest: false
2026-10-09T22:12:09.9576270Z   token: ***
2026-10-09T22:12:09.9576450Z   update-environment: true
2026-10-09T22:12:09.9576670Z   allow-prereleases: false
2026-10-09T22:12:09.9576860Z   freethreaded: false
2026-10-09T22:12:09.9577070Z env:
2026-10-09T22:12:09.9577850Z   CARGO_TERM_COLOR: always
2026-10-09T22:12:09.9578080Z   RUST_BACKTRACE: 1
2026-10-09T22:12:09.9578240Z   CARGO_HOME: /Users/runner/.cargo
2026-10-09T22:12:09.9578440Z   CARGO_INCREMENTAL: 0
2026-10-09T22:12:09.9578610Z   CACHE_ON_FAILURE: false
2026-10-09T22:12:09.9578780Z ##[endgroup]
2026-10-09T22:12:10.0851220Z ##[group]Installed versions
2026-10-09T22:12:10.0942980Z Successfully set up CPython (3.11.9)
2026-10-09T22:12:10.0943970Z ##[endgroup]
2026-10-09T22:12:10.1063600Z ##[group]Run browser-actions/setup-chrome@v2
2026-10-09T22:12:10.1063870Z with:
2026-10-09T22:12:10.1064040Z   chrome-version: stable
2026-10-09T22:12:10.1064230Z   install-dependencies: true
2026-10-09T22:12:10.1064450Z   install-chromedriver: false
2026-10-09T22:12:10.1064640Z   no-sudo: false
2026-10-09T22:12:10.1064810Z env:
2026-10-09T22:12:10.1064960Z   CARGO_TERM_COLOR: always
2026-10-09T22:12:10.1065130Z   RUST_BACKTRACE: 1
2026-10-09T22:12:10.1065300Z   CARGO_HOME: /Users/runner/.cargo
2026-10-09T22:12:10.1065510Z   CARGO_INCREMENTAL: 0
2026-10-09T22:12:10.1065690Z   CACHE_ON_FAILURE: false
2026-10-09T22:12:10.1065970Z   pythonLocation: /Users/runner/hostedtoolcache/Python/3.11.9/arm64
2026-10-09T22:12:10.1066630Z   PKG_CONFIG_PATH: /Users/runner/hostedtoolcache/Python/3.11.9/arm64/lib/pkgconfig
2026-10-09T22:12:10.1067050Z   Python_ROOT_DIR: /Users/runner/hostedtoolcache/Python/3.11.9/arm64
2026-10-09T22:12:10.1067510Z   Python2_ROOT_DIR: /Users/runner/hostedtoolcache/Python/3.11.9/arm64
2026-10-09T22:12:10.1067850Z   Python3_ROOT_DIR: /Users/runner/hostedtoolcache/Python/3.11.9/arm64
2026-10-09T22:12:10.1068110Z ##[endgroup]
2026-10-09T22:12:10.1984430Z Installing dependencies
2026-10-09T22:12:10.2003650Z ##[warning]install-dependencies is only supported on Linux, but current platform is darwin
2026-10-09T22:12:10.2010050Z Setup chrome stable
2026-10-09T22:12:10.2010520Z Attempting to download chrome stable...
2026-10-09T22:12:10.2677130Z Acquiring chrome stable from https://storage.googleapis.com/chrome-for-testing-public/155.0.8059.39/mac-arm64/chrome-mac-arm64.zip
2026-10-09T22:12:12.9555640Z Installing chrome...
2026-10-09T22:12:12.9611600Z [command]/usr/bin/unzip -o -q /Users/runner/work/_temp/707053c4-b9d2-4993-bbbf-dc66f0902f44
2026-10-09T22:12:17.9265630Z Successfully Installed chrome to /Users/runner/hostedtoolcache/setup-chrome/chrome/stable/arm64
2026-10-09T22:12:17.9272200Z [command]/Users/runner/hostedtoolcache/setup-chrome/chrome/stable/arm64/Contents/MacOS/Google Chrome for Testing --version
2026-10-09T22:12:18.2081680Z Google Chrome for Testing 155.0.8059.39 
2026-10-09T22:12:18.2108340Z Successfully setup chrome 155.0.8059.39
2026-10-09T22:12:18.2277420Z ##[group]Run browser-actions/setup-firefox@v1
2026-10-09T22:12:18.2277860Z with:
2026-10-09T22:12:18.2278180Z   firefox-version: 157.0.1
2026-10-09T22:12:18.2278450Z env:
2026-10-09T22:12:18.2278750Z   CARGO_TERM_COLOR: always
2026-10-09T22:12:18.2279080Z   RUST_BACKTRACE: 1
2026-10-09T22:12:18.2279340Z   CARGO_HOME: /Users/runner/.cargo
2026-10-09T22:12:18.2279670Z   CARGO_INCREMENTAL: 0
2026-10-09T22:12:18.2279930Z   CACHE_ON_FAILURE: false
2026-10-09T22:12:18.2280310Z   pythonLocation: /Users/runner/hostedtoolcache/Python/3.11.9/arm64
2026-10-09T22:12:18.2281040Z   PKG_CONFIG_PATH: /Users/runner/hostedtoolcache/Python/3.11.9/arm64/lib/pkgconfig
2026-10-09T22:12:18.2281670Z   Python_ROOT_DIR: /Users/runner/hostedtoolcache/Python/3.11.9/arm64
2026-10-09T22:12:18.2282130Z   Python2_ROOT_DIR: /Users/runner/hostedtoolcache/Python/3.11.9/arm64
2026-10-09T22:12:18.2283910Z   Python3_ROOT_DIR: /Users/runner/hostedtoolcache/Python/3.11.9/arm64
2026-10-09T22:12:18.2284660Z ##[endgroup]
2026-10-09T22:12:18.4082570Z Setup firefox 157.0.1 (en-US)
2026-10-09T22:12:18.4085700Z Attempting to download firefox 157.0.1...
2026-10-09T22:12:18.4086860Z This is the version number:157
2026-10-09T22:12:18.4087970Z Acquiring 157.0.1 from https://ftp.mozilla.org/pub/firefox/releases/157.0.1/mac/en-US/Firefox%20157.0.1.dmg
2026-10-09T22:12:19.7156740Z Extracting Firefox...
2026-10-09T22:12:19.7259800Z [command]/usr/bin/hdiutil attach -quiet -noautofsck -noautoopen -mountpoint /Volumes/1263969a-3cb6-4398-a034-72c664a00242 /Users/runner/work/_temp/1263969a-3cb6-4398-a034-72c664a00242
2026-10-09T22:12:28.3186110Z Successfully extracted firefox 157.0.1 to /Volumes/1263969a-3cb6-4398-a034-72c664a00242/Firefox.app
2026-10-09T22:12:28.3307300Z Adding to the cache ...
2026-10-09T22:12:38.0539950Z Successfully cached firefox 157.0.1 to /Users/runner/hostedtoolcache/firefox/157.0.1/arm64
2026-10-09T22:12:38.0545400Z [command]/Users/runner/hostedtoolcache/firefox/157.0.1/arm64/Contents/MacOS/firefox --version
2026-10-09T22:12:39.1375770Z Mozilla Firefox 157.0.1
2026-10-09T22:12:39.1382460Z Successfully setup firefox version 157.0.1
2026-10-09T22:12:39.1553210Z ##[group]Run python - <<'PY'
2026-10-09T22:12:39.1553560Z [36;1mpython - <<'PY'[0m
2026-10-09T22:12:39.1553880Z [36;1mimport hashlib, json, os, pathlib, plistlib, re, subprocess, tempfile[0m
2026-10-09T22:12:39.1554290Z [36;1mversion = os.environ['CHROME_VERSION'][0m
2026-10-09T22:12:39.1554650Z [36;1mif not re.fullmatch(r'\d+\.\d+\.\d+\.\d+', version):[0m
2026-10-09T22:12:39.1555090Z [36;1m    raise ValueError(f'Expected the exact installed Chrome version: {version!r}')[0m
2026-10-09T22:12:39.1556600Z [36;1mplatform = {'ARM64': 'mac-arm64', 'X64': 'mac-x64'}[os.environ['RUNNER_ARCH']][0m
2026-10-09T22:12:39.1557170Z [36;1mwork = pathlib.Path(tempfile.mkdtemp(prefix='rustwright-chrome-', dir=os.environ['RUNNER_TEMP']))[0m
2026-10-09T22:12:39.1557610Z [36;1marchive = work / 'chrome.zip'[0m
2026-10-09T22:12:39.1558120Z [36;1murl = f'https://storage.googleapis.com/chrome-for-testing-public/{version}/{platform}/chrome-{platform}.zip'[0m
2026-10-09T22:12:39.1558950Z [36;1msubprocess.run(['curl', '--fail', '--location', '--silent', '--show-error', '--max-time', '120', '--output', str(archive), url], check=True)[0m
2026-10-09T22:12:39.1559570Z [36;1m# Re-extract the same engine with its original .app and relative links.[0m
2026-10-09T22:12:39.1560070Z [36;1m# Copying only .app contents into a toolcache breaks sandbox identity.[0m
2026-10-09T22:12:39.1560520Z [36;1msubprocess.run(['ditto', '-x', '-k', str(archive), str(work)], check=True)[0m
2026-10-09T22:12:39.1561090Z [36;1mbundle = work / f'chrome-{platform}' / 'Google Chrome for Testing.app'[0m
2026-10-09T22:12:39.1561530Z [36;1mexecutable = bundle / 'Contents/MacOS/Google Chrome for Testing'[0m
2026-10-09T22:12:39.1561940Z [36;1mif not executable.is_file():[0m
2026-10-09T22:12:39.1562280Z [36;1m    raise FileNotFoundError(executable)[0m
2026-10-09T22:12:39.1562770Z [36;1msignature = subprocess.run(['codesign', '--verify', '--deep', '--strict', str(bundle)], capture_output=True, text=True)[0m
2026-10-09T22:12:39.1563500Z [36;1mwith (bundle / 'Contents/Info.plist').open('rb') as stream:[0m
2026-10-09T22:12:39.1563920Z [36;1m    identifier = plistlib.load(stream)['CFBundleIdentifier'][0m
2026-10-09T22:12:39.1564460Z [36;1mwith archive.open('rb') as stream:[0m
2026-10-09T22:12:39.1564940Z [36;1m    digest = hashlib.file_digest(stream, 'sha256').hexdigest()[0m
2026-10-09T22:12:39.1565730Z [36;1mlinks = {str(p.relative_to(bundle)): os.readlink(p) for p in bundle.glob('Contents/Frameworks/*.framework/Versions/Current') if p.is_symlink()}[0m
2026-10-09T22:12:39.1567020Z [36;1mrecord = {'version': version, 'url': url, 'archive_sha256': digest, 'bundle_identifier': identifier, 'framework_links': links, 'executable': str(executable), 'signature_verification': {'exit_code': signature.returncode, 'stdout': signature.stdout, 'stderr': signature.stderr}}[0m
2026-10-09T22:12:39.1568040Z [36;1moutput = pathlib.Path('target/ci/chrome-macos-setup.json')[0m
2026-10-09T22:12:39.1568450Z [36;1moutput.parent.mkdir(parents=True, exist_ok=True)[0m
2026-10-09T22:12:39.1568980Z [36;1moutput.write_text(json.dumps(record, indent=2) + '\n', encoding='utf-8')[0m
2026-10-09T22:12:39.1569510Z [36;1mprint(json.dumps(record, indent=2))[0m
2026-10-09T22:12:39.1569960Z [36;1msubprocess.run([str(executable), '--version'], check=True)[0m
2026-10-09T22:12:39.1570560Z [36;1mwith open(os.environ['GITHUB_OUTPUT'], 'a', encoding='utf-8') as stream:[0m
2026-10-09T22:12:39.1571060Z [36;1m    stream.write(f'chrome-path={executable}\n')[0m
2026-10-09T22:12:39.1571430Z [36;1mPY[0m
2026-10-09T22:12:39.2284190Z shell: /bin/bash --noprofile --norc -e -o pipefail {0}
2026-10-09T22:12:39.2284620Z env:
2026-10-09T22:12:39.2284910Z   CARGO_TERM_COLOR: always
2026-10-09T22:12:39.2285140Z   RUST_BACKTRACE: 1
2026-10-09T22:12:39.2285420Z   CARGO_HOME: /Users/runner/.cargo
2026-10-09T22:12:39.2285670Z   CARGO_INCREMENTAL: 0
2026-10-09T22:12:39.2285970Z   CACHE_ON_FAILURE: false
2026-10-09T22:12:39.2286850Z   pythonLocation: /Users/runner/hostedtoolcache/Python/3.11.9/arm64
2026-10-09T22:12:39.2287320Z   PKG_CONFIG_PATH: /Users/runner/hostedtoolcache/Python/3.11.9/arm64/lib/pkgconfig
2026-10-09T22:12:39.2287940Z   Python_ROOT_DIR: /Users/runner/hostedtoolcache/Python/3.11.9/arm64
2026-10-09T22:12:39.2288420Z   Python2_ROOT_DIR: /Users/runner/hostedtoolcache/Python/3.11.9/arm64
2026-10-09T22:12:39.2288810Z   Python3_ROOT_DIR: /Users/runner/hostedtoolcache/Python/3.11.9/arm64
2026-10-09T22:12:39.2289190Z   CHROME_VERSION: 155.0.8059.39
2026-10-09T22:12:39.2289680Z ##[endgroup]
2026-10-09T22:12:44.1770670Z Google Chrome for Testing 155.0.8059.39 
2026-10-09T22:12:44.1786240Z {
2026-10-09T22:12:44.1787140Z   "version": "155.0.8059.39",
2026-10-09T22:12:44.1788660Z   "url": "https://storage.googleapis.com/chrome-for-testing-public/155.0.8059.39/mac-arm64/chrome-mac-arm64.zip",
2026-10-09T22:12:44.1790430Z   "archive_sha256": "529a71bd61aaa2ef266a4d4bd300ae9572ba6a3468a8d55c3023ffeffb5b6b4e",
2026-10-09T22:12:44.1791710Z   "bundle_identifier": "com.google.chrome.for.testing",
2026-10-09T22:12:44.1792780Z   "framework_links": {
2026-10-09T22:12:44.1793800Z     "Contents/Frameworks/Google Chrome for Testing Framework.framework/Versions/Current": "155.0.8059.39"
2026-10-09T22:12:44.1795070Z   },
2026-10-09T22:12:44.1796620Z   "executable": "/Users/runner/work/_temp/rustwright-chrome-jdcygw1e/chrome-mac-arm64/Google Chrome for Testing.app/Contents/MacOS/Google Chrome for Testing",
2026-10-09T22:12:44.1798190Z   "signature_verification": {
2026-10-09T22:12:44.1798950Z     "exit_code": 1,
2026-10-09T22:12:44.1799460Z     "stdout": "",
2026-10-09T22:12:44.1801150Z     "stderr": "/Users/runner/work/_temp/rustwright-chrome-jdcygw1e/chrome-mac-arm64/Google Chrome for Testing.app: code has no resources but signature indicates they must be present\n"
2026-10-09T22:12:44.1802990Z   }
2026-10-09T22:12:44.1803470Z }
2026-10-09T22:12:44.1966600Z ##[group]Run echo "Chrome: $CHROME_VERSION"
2026-10-09T22:12:44.1967460Z [36;1mecho "Chrome: $CHROME_VERSION"[0m
2026-10-09T22:12:44.1968100Z [36;1mecho "Firefox: $FIREFOX_VERSION"[0m
2026-10-09T22:12:44.2022940Z shell: /bin/bash --noprofile --norc -e -o pipefail {0}
2026-10-09T22:12:44.2023240Z env:
2026-10-09T22:12:44.2023450Z   CARGO_TERM_COLOR: always
2026-10-09T22:12:44.2023640Z   RUST_BACKTRACE: 1
2026-10-09T22:12:44.2023830Z   CARGO_HOME: /Users/runner/.cargo
2026-10-09T22:12:44.2024090Z   CARGO_INCREMENTAL: 0
2026-10-09T22:12:44.2024340Z   CACHE_ON_FAILURE: false
2026-10-09T22:12:44.2024650Z   pythonLocation: /Users/runner/hostedtoolcache/Python/3.11.9/arm64
2026-10-09T22:12:44.2025080Z   PKG_CONFIG_PATH: /Users/runner/hostedtoolcache/Python/3.11.9/arm64/lib/pkgconfig
2026-10-09T22:12:44.2025520Z   Python_ROOT_DIR: /Users/runner/hostedtoolcache/Python/3.11.9/arm64
2026-10-09T22:12:44.2026150Z   Python2_ROOT_DIR: /Users/runner/hostedtoolcache/Python/3.11.9/arm64
2026-10-09T22:12:44.2026620Z   Python3_ROOT_DIR: /Users/runner/hostedtoolcache/Python/3.11.9/arm64
2026-10-09T22:12:44.2027000Z   CHROME_VERSION: 155.0.8059.39
2026-10-09T22:12:44.2027710Z   FIREFOX_VERSION: 157.0.1
2026-10-09T22:12:44.2027900Z ##[endgroup]
2026-10-09T22:12:44.2497980Z Chrome: 155.0.8059.39
2026-10-09T22:12:44.2499280Z Firefox: 157.0.1
2026-10-09T22:12:44.2540600Z ##[group]Run python scripts/ci/browser_checks.py --suite portable
2026-10-09T22:12:44.2541060Z [36;1mpython scripts/ci/browser_checks.py --suite portable[0m
2026-10-09T22:12:44.2574460Z shell: /bin/bash -e {0}
2026-10-09T22:12:44.2574690Z env:
2026-10-09T22:12:44.2574900Z   CARGO_TERM_COLOR: always
2026-10-09T22:12:44.2575120Z   RUST_BACKTRACE: 1
2026-10-09T22:12:44.2575310Z   CARGO_HOME: /Users/runner/.cargo
2026-10-09T22:12:44.2575510Z   CARGO_INCREMENTAL: 0
2026-10-09T22:12:44.2575710Z   CACHE_ON_FAILURE: false
2026-10-09T22:12:44.2575990Z   pythonLocation: /Users/runner/hostedtoolcache/Python/3.11.9/arm64
2026-10-09T22:12:44.2576400Z   PKG_CONFIG_PATH: /Users/runner/hostedtoolcache/Python/3.11.9/arm64/lib/pkgconfig
2026-10-09T22:12:44.2576840Z   Python_ROOT_DIR: /Users/runner/hostedtoolcache/Python/3.11.9/arm64
2026-10-09T22:12:44.2577270Z   Python2_ROOT_DIR: /Users/runner/hostedtoolcache/Python/3.11.9/arm64
2026-10-09T22:12:44.2577690Z   Python3_ROOT_DIR: /Users/runner/hostedtoolcache/Python/3.11.9/arm64
2026-10-09T22:12:44.2578500Z   RUSTWRIGHT_CHROME: /Users/runner/work/_temp/rustwright-chrome-jdcygw1e/chrome-mac-arm64/Google Chrome for Testing.app/Contents/MacOS/Google Chrome for Testing
2026-10-09T22:12:44.2579300Z   RUSTWRIGHT_FIREFOX: /Users/runner/hostedtoolcache/firefox/157.0.1/arm64/Contents/MacOS/firefox
2026-10-09T22:12:44.2586660Z ##[endgroup]
2026-10-09T22:12:44.5114090Z Running http_compat; log: /Users/runner/work/rustwright/rustwright/target/ci/portable/http_compat.log
2026-10-09T22:13:57.2749640Z Running http_actionability; log: /Users/runner/work/rustwright/rustwright/target/ci/portable/http_actionability.log
2026-10-09T22:14:53.5037490Z Running http_clipped_control; log: /Users/runner/work/rustwright/rustwright/target/ci/portable/http_clipped_control.log
2026-10-09T22:15:24.3396850Z Running http_bidi_navigation; log: /Users/runner/work/rustwright/rustwright/target/ci/portable/http_bidi_navigation.log
2026-10-09T22:15:47.0690900Z Running http_network_idle_parity; log: /Users/runner/work/rustwright/rustwright/target/ci/portable/http_network_idle_parity.log
2026-10-09T22:17:46.6954890Z Native HTTP portable: 79 passed, no skips
2026-10-09T22:17:46.7391210Z ##[group]Run actions/upload-artifact@v4
2026-10-09T22:17:46.7391720Z with:
2026-10-09T22:17:46.7392310Z   name: native-http-macos-latest
2026-10-09T22:17:46.7392630Z   path: target/ci/
2026-10-09T22:17:46.7392950Z   if-no-files-found: error
2026-10-09T22:17:46.7393230Z   compression-level: 6
2026-10-09T22:17:46.7393630Z   overwrite: false
2026-10-09T22:17:46.7393990Z   include-hidden-files: false
2026-10-09T22:17:46.7394310Z env:
2026-10-09T22:17:46.7394570Z   CARGO_TERM_COLOR: always
2026-10-09T22:17:46.7394970Z   RUST_BACKTRACE: 1
2026-10-09T22:17:46.7395310Z   CARGO_HOME: /Users/runner/.cargo
2026-10-09T22:17:46.7395600Z   CARGO_INCREMENTAL: 0
2026-10-09T22:17:46.7395870Z   CACHE_ON_FAILURE: false
2026-10-09T22:17:46.7396190Z   pythonLocation: /Users/runner/hostedtoolcache/Python/3.11.9/arm64
2026-10-09T22:17:46.7396770Z   PKG_CONFIG_PATH: /Users/runner/hostedtoolcache/Python/3.11.9/arm64/lib/pkgconfig
2026-10-09T22:17:46.7397480Z   Python_ROOT_DIR: /Users/runner/hostedtoolcache/Python/3.11.9/arm64
2026-10-09T22:17:46.7397940Z   Python2_ROOT_DIR: /Users/runner/hostedtoolcache/Python/3.11.9/arm64
2026-10-09T22:17:46.7398470Z   Python3_ROOT_DIR: /Users/runner/hostedtoolcache/Python/3.11.9/arm64
2026-10-09T22:17:46.7398900Z ##[endgroup]
2026-10-09T22:17:47.3885330Z (node:13147) [DEP0040] DeprecationWarning: The `punycode` module is deprecated. Please use a userland alternative instead.
2026-10-09T22:17:47.3886110Z (Use `node --trace-deprecation ...` to show where the warning was created)
2026-10-09T22:17:47.3946680Z With the provided path, there will be 7 files uploaded
2026-10-09T22:17:47.3949690Z Artifact name is valid!
2026-10-09T22:17:47.3950200Z Root directory input is valid!
2026-10-09T22:17:47.6800010Z Beginning upload of artifact content to blob storage
2026-10-09T22:17:47.7182630Z (node:13147) [DEP0169] DeprecationWarning: `url.parse()` behavior is not standardized and prone to errors that have security implications. Use the WHATWG URL API instead. CVEs are not issued for `url.parse()` vulnerabilities.
2026-10-09T22:17:47.8909910Z Uploaded bytes 7922
2026-10-09T22:17:47.9351020Z Finished uploading artifact content to blob storage!
2026-10-09T22:17:47.9352690Z SHA256 digest of uploaded artifact zip is c7775cdd3441996f5006de74ed611dd5779e345d4df7e751b12104334e5f0180
2026-10-09T22:17:47.9353890Z Finalizing artifact upload
2026-10-09T22:17:48.2013860Z Artifact native-http-macos-latest.zip successfully finalized. Artifact ID 11647667620
2026-10-09T22:17:48.2016200Z Artifact native-http-macos-latest has been successfully uploaded! Final size is 7922 bytes. Artifact ID is 11647667620
2026-10-09T22:17:48.2023980Z Artifact download URL: https://github.com/rsasaki0109/rustwright/actions/runs/37994561086/artifacts/11647667620
2026-10-09T22:17:48.2179500Z Post job cleanup.
2026-10-09T22:17:48.3536380Z Post job cleanup.
2026-10-09T22:17:48.4939370Z ##[group]Cache Configuration
2026-10-09T22:17:48.4940220Z Cache Provider:
2026-10-09T22:17:48.4940900Z     github
2026-10-09T22:17:48.4941450Z Workspaces:
2026-10-09T22:17:48.4942130Z     /Users/runner/work/rustwright/rustwright
2026-10-09T22:17:48.4942970Z Cache Paths:
2026-10-09T22:17:48.4955880Z     /Users/runner/.cargo/bin
2026-10-09T22:17:48.4956320Z     /Users/runner/.cargo/.crates.toml
2026-10-09T22:17:48.4956580Z     /Users/runner/.cargo/.crates2.json
2026-10-09T22:17:48.4956890Z     /Users/runner/.cargo/registry
2026-10-09T22:17:48.4957160Z     /Users/runner/.cargo/git
2026-10-09T22:17:48.4957410Z     /Users/runner/work/rustwright/rustwright/target
2026-10-09T22:17:48.4957740Z Restore Key:
2026-10-09T22:17:48.4958050Z     v0-rust-browser-compat-Darwin-arm64-22602039
2026-10-09T22:17:48.4958380Z Cache Key:
2026-10-09T22:17:48.4958650Z     v0-rust-browser-compat-Darwin-arm64-22602039-f6e92162
2026-10-09T22:17:48.4959410Z .. Prefix:
2026-10-09T22:17:48.4959680Z   - v0-rust-browser-compat-Darwin-arm64
2026-10-09T22:17:48.4959950Z .. Environment considered:
2026-10-09T22:17:48.4960210Z   - Rust Versions:
2026-10-09T22:17:48.4960560Z     - 1.99.0 aarch64-apple-darwin b940084d7eb6a299eb4bfeb8e34901bc051e7ac4
2026-10-09T22:17:48.4960900Z   - CARGO_HOME
2026-10-09T22:17:48.4961130Z   - CARGO_INCREMENTAL
2026-10-09T22:17:48.4961470Z   - CARGO_TERM_COLOR
2026-10-09T22:17:48.4961670Z   - RUST_BACKTRACE
2026-10-09T22:17:48.4961930Z .. Lockfiles considered:
2026-10-09T22:17:48.4962240Z   - /Users/runner/work/rustwright/rustwright/Cargo.lock
2026-10-09T22:17:48.4962650Z   - /Users/runner/work/rustwright/rustwright/crates/rustwright-bidi/Cargo.toml
2026-10-09T22:17:48.4963120Z   - /Users/runner/work/rustwright/rustwright/crates/rustwright-browser/Cargo.toml
2026-10-09T22:17:48.4963590Z   - /Users/runner/work/rustwright/rustwright/crates/rustwright-cdp/Cargo.toml
2026-10-09T22:17:48.4964210Z   - /Users/runner/work/rustwright/rustwright/crates/rustwright-common/Cargo.toml
2026-10-09T22:17:48.4964670Z   - /Users/runner/work/rustwright/rustwright/crates/rustwright-core/Cargo.toml
2026-10-09T22:17:48.4965280Z   - /Users/runner/work/rustwright/rustwright/crates/rustwright-test-macros/Cargo.toml
2026-10-09T22:17:48.4965740Z   - /Users/runner/work/rustwright/rustwright/crates/rustwright-test/Cargo.toml
2026-10-09T22:17:48.4966160Z   - /Users/runner/work/rustwright/rustwright/crates/rustwright/Cargo.toml
2026-10-09T22:17:48.4966750Z   - /Users/runner/work/rustwright/rustwright/docs/ci/results/firefox-network-idle/local/release/consumer/.cargo/config.toml
2026-10-09T22:17:48.4967460Z   - /Users/runner/work/rustwright/rustwright/docs/ci/results/reliability-95/local/distribution/consumer/.cargo/config.toml
2026-10-09T22:17:48.4968390Z   - /Users/runner/work/rustwright/rustwright/docs/ci/results/remote-20261009/followup-local/consumer/.cargo/config.toml
2026-10-09T22:17:48.4969190Z   - /Users/runner/work/rustwright/rustwright/docs/ci/results/required-browser/release/consumer/.cargo/config.toml
2026-10-09T22:17:48.4969820Z   - /Users/runner/work/rustwright/rustwright/docs/release/results/local-package/consumer/.cargo/config.toml
2026-10-09T22:17:48.4970870Z   - /Users/runner/work/rustwright/rustwright/examples/Cargo.toml
2026-10-09T22:17:48.4971240Z   - /Users/runner/work/rustwright/rustwright/tests/Cargo.toml
2026-10-09T22:17:48.4971810Z ##[endgroup]
2026-10-09T22:17:48.4971920Z 
2026-10-09T22:17:50.6034080Z ... Cleaning /Users/runner/work/rustwright/rustwright/target ...
2026-10-09T22:17:50.6933620Z ... Cleaning cargo registry (cache-all-crates: false) ...
2026-10-09T22:17:51.1409040Z ... Cleaning cargo/bin ...
2026-10-09T22:17:51.1415450Z ... Cleaning cargo git cache ...
2026-10-09T22:17:51.1421610Z ... Saving cache ...
2026-10-09T22:17:51.2237600Z [command]/opt/homebrew/bin/gtar --posix -cf cache.tzst --exclude cache.tzst -P -C /Users/runner/work/rustwright/rustwright --files-from manifest.txt --delay-directory-restore --use-compress-program zstdmt
2026-10-09T22:17:53.5696760Z Sent 53215232 of 56830243 (93.6%), 50.8 MBs/sec
2026-10-09T22:17:53.8575730Z Sent 56830243 of 56830243 (100.0%), 42.0 MBs/sec
2026-10-09T22:17:54.0432100Z Post job cleanup.
2026-10-09T22:17:54.3651160Z [command]/opt/homebrew/bin/git version
2026-10-09T22:17:54.4038250Z git version 2.55.0
2026-10-09T22:17:54.4062580Z Copying '/Users/runner/.gitconfig' to '/Users/runner/work/_temp/3db30f7e-72fc-4e00-9688-f1d152fadbb2/.gitconfig'
2026-10-09T22:17:54.4076980Z Temporarily overriding HOME='/Users/runner/work/_temp/3db30f7e-72fc-4e00-9688-f1d152fadbb2' before making global git config changes
2026-10-09T22:17:54.4077870Z Adding repository directory to the temporary git global config as a safe directory
2026-10-09T22:17:54.4084590Z [command]/opt/homebrew/bin/git config --global --add safe.directory /Users/runner/work/rustwright/rustwright
2026-10-09T22:17:54.4396100Z [command]/opt/homebrew/bin/git config --local --name-only --get-regexp core\.sshCommand
2026-10-09T22:17:54.4431730Z [command]/opt/homebrew/bin/git submodule foreach --recursive sh -c "git config --local --name-only --get-regexp 'core\.sshCommand' && git config --local --unset-all 'core.sshCommand' || :"
2026-10-09T22:17:54.6180490Z [command]/opt/homebrew/bin/git config --local --name-only --get-regexp http\.https\:\/\/github\.com\/\.extraheader
2026-10-09T22:17:54.6261490Z http.https://github.com/.extraheader
2026-10-09T22:17:54.6270430Z [command]/opt/homebrew/bin/git config --local --unset-all http.https://github.com/.extraheader
2026-10-09T22:17:54.6362460Z [command]/opt/homebrew/bin/git submodule foreach --recursive sh -c "git config --local --name-only --get-regexp 'http\.https\:\/\/github\.com\/\.extraheader' && git config --local --unset-all 'http.https://github.com/.extraheader' || :"
2026-10-09T22:17:54.8631240Z [command]/opt/homebrew/bin/git config --local --name-only --get-regexp ^includeIf\.gitdir:
2026-10-09T22:17:54.8773070Z [command]/opt/homebrew/bin/git submodule foreach --recursive git config --local --show-origin --name-only --get-regexp remote.origin.url
2026-10-09T22:17:55.1117100Z Cleaning up orphan processes
2026-10-09T22:17:58.2333270Z Terminate orphan process: pid (3576) (diskimages-help)
2026-10-09T22:17:59.1712820Z ##[warning]Node.js 20 is deprecated. The following actions target Node.js 20 but are being forced to run on Node.js 24: actions/upload-artifact@v4. For more information see: https://github.blog/changelog/2025-09-19-deprecation-of-node-20-on-github-actions-runners/
