   Compiling rustwright-integration-tests v0.1.0 (/workspace/rustwright/tests)
    Finished `test` profile [unoptimized + debuginfo] target(s) in 3.72s
     Running http_clipped_control.rs (target/debug/deps/http_clipped_control-c65cc53e7d62ede0)

running 10 tests
test chrome_fixed_control_escapes_clip ... Requested browser mode: headless=true
Chrome version: Chrome/151.0.7922.173
width=60 nested=false click=Ok(()) observed=[1,true,0] geometry={"clip":{"bottom":160,"height":60,"left":100,"right":160,"top":100,"width":60,"x":100,"y":100},"hit":"","rect":{"bottom":250,"height":50,"left":300,"right":700,"top":200,"width":400,"x":300,"y":200},"scroll":0}
ok
test chrome_narrow_overflow_control ... Requested browser mode: headless=true
Chrome version: Chrome/151.0.7922.173
width=3 nested=false click=Ok(()) observed=[1,true,0] geometry={"clip":{"bottom":160,"height":60,"left":100,"right":103,"top":100,"width":3,"x":100,"y":100},"hit":"go","rect":{"bottom":150,"height":50,"left":-99,"right":301,"top":100,"width":400,"x":-99,"y":100},"scroll":199}
ok
test chrome_nested_overflow_control ... Requested browser mode: headless=true
Chrome version: Chrome/151.0.7922.173
width=60 nested=true click=Ok(()) observed=[1,true,0] geometry={"clip":{"bottom":160,"height":60,"left":80,"right":140,"top":100,"width":60,"x":80,"y":100},"hit":"go","rect":{"bottom":150,"height":50,"left":-90,"right":310,"top":100,"width":400,"x":-90,"y":100},"scroll":170}
ok
test chrome_overflow_hidden_control ... Requested browser mode: headless=true
Chrome version: Chrome/151.0.7922.173
width=60 nested=false click=Ok(()) observed=[1,true,0] geometry={"clip":{"bottom":160,"height":60,"left":100,"right":160,"top":100,"width":60,"x":100,"y":100},"hit":"go","rect":{"bottom":150,"height":50,"left":-70,"right":330,"top":100,"width":400,"x":-70,"y":100},"scroll":170}
ok
test chrome_scrolled_overflow_control ... Requested browser mode: headless=true
Chrome version: Chrome/151.0.7922.173
width=60 nested=false click=Ok(()) observed=[1,true,0] geometry={"clip":{"bottom":281,"height":60,"left":360,"right":420,"top":221,"width":60,"x":360,"y":221},"hit":"","rect":{"bottom":271,"height":50,"left":190,"right":590,"top":221,"width":400,"x":190,"y":221},"scroll":170}
ok
test firefox_fixed_control_escapes_clip ... Requested browser mode: headless=true
Firefox version: Some("153.4.0")
width=60 nested=false click=Ok(()) observed=[1,true,0] geometry={"clip":{"bottom":160,"height":60,"left":100,"right":160,"top":100,"width":60,"x":100,"y":100},"hit":"","rect":{"bottom":250,"height":50,"left":300,"right":700,"top":200,"width":400,"x":300,"y":200},"scroll":0}
ok
test firefox_narrow_overflow_control ... Requested browser mode: headless=true
Firefox version: Some("153.4.0")

thread 'firefox_narrow_overflow_control' (1906572) panicked at tests/http_clipped_control.rs:122:45:
called `Result::unwrap()` on an `Err` value: Protocol { method: "script.evaluate", error: "unsupported operation", message: "script.evaluate and script.callFunction are not supported for parent process browsing contexts: 14" }
note: run with `RUST_BACKTRACE=1` environment variable to display a backtrace
FAILED
test firefox_nested_overflow_control ... Requested browser mode: headless=true

thread 'firefox_nested_overflow_control' (1906899) panicked at tests/http_clipped_control.rs:120:10:
Firefox must start; no skip: Closed
FAILED
test firefox_overflow_hidden_control ... Requested browser mode: headless=true

thread 'firefox_overflow_hidden_control' (1907074) panicked at tests/http_clipped_control.rs:120:10:
Firefox must start; no skip: Browser(EarlyExit { status: "exit status: 11", log_path: "/tmp/rustwright-firefox-1905497-1791575881794589132-13.log" })
FAILED
test firefox_scrolled_overflow_control ... Requested browser mode: headless=true

thread 'firefox_scrolled_overflow_control' (1907167) panicked at tests/http_clipped_control.rs:120:10:
Firefox must start; no skip: Closed
FAILED

failures:

failures:
    firefox_narrow_overflow_control
    firefox_nested_overflow_control
    firefox_overflow_hidden_control
    firefox_scrolled_overflow_control

test result: FAILED. 6 passed; 4 failed; 0 ignored; 0 measured; 0 filtered out; finished in 13.27s

error: test failed, to rerun pass `-p rustwright-integration-tests --test http_clipped_control`
