[1m[92m   Compiling[0m rustwright-integration-tests v0.1.0 (/home/runner/work/rustwright/rustwright/tests)
[1m[92m    Finished[0m `test` profile [unoptimized + debuginfo] target(s) in 1.75s
[1m[92m     Running[0m http_network_idle_parity.rs (target/debug/deps/http_network_idle_parity-0a12434806582463)

running 26 tests
test chrome_abort ... Requested browser mode: headless=false
backend=chrome version=Chrome/155.0.8059.39
ok
test chrome_body_timeout_reuse ... Requested browser mode: headless=false
backend=chrome version=Chrome/155.0.8059.39
ok
test chrome_browser_closure ... Requested browser mode: headless=false
backend=chrome version=Chrome/155.0.8059.39
ok
test chrome_cancelled_waiter ... Requested browser mode: headless=false
backend=chrome version=Chrome/155.0.8059.39
ok
test chrome_child_removal ... Requested browser mode: headless=false
backend=chrome version=Chrome/155.0.8059.39
ok
test chrome_cross_origin_child ... Requested browser mode: headless=false
backend=chrome version=Chrome/155.0.8059.39
ok
test chrome_document_replacement ... Requested browser mode: headless=false
backend=chrome version=Chrome/155.0.8059.39
ok
test chrome_foreign_tab ... Requested browser mode: headless=false
backend=chrome version=Chrome/155.0.8059.39
ok
test chrome_interrupted_quiet ... Requested browser mode: headless=false
backend=chrome version=Chrome/155.0.8059.39
ok
test chrome_nested_children ... Requested browser mode: headless=false
backend=chrome version=Chrome/155.0.8059.39
ok
test chrome_page_closure ... Requested browser mode: headless=false
backend=chrome version=Chrome/155.0.8059.39
ok
test chrome_partial_body ... Requested browser mode: headless=false
backend=chrome version=Chrome/155.0.8059.39
ok
test chrome_redirects ... Requested browser mode: headless=false
backend=chrome version=Chrome/155.0.8059.39
ok
test firefox_abort ... Requested browser mode: headless=false
backend=firefox version=Some("157.0.1")
ok
test firefox_body_timeout_reuse ... Requested browser mode: headless=false
backend=firefox version=Some("157.0.1")
ok
test firefox_browser_closure ... Requested browser mode: headless=false
backend=firefox version=Some("157.0.1")
ok
test firefox_cancelled_waiter ... Requested browser mode: headless=false
backend=firefox version=Some("157.0.1")
ok
test firefox_child_removal ... Requested browser mode: headless=false
backend=firefox version=Some("157.0.1")
ok
test firefox_cross_origin_child ... Requested browser mode: headless=false
backend=firefox version=Some("157.0.1")
ok
test firefox_document_replacement ... Requested browser mode: headless=false
backend=firefox version=Some("157.0.1")
ok
test firefox_foreign_tab ... Requested browser mode: headless=false
backend=firefox version=Some("157.0.1")
ok
test firefox_interrupted_quiet ... Requested browser mode: headless=false
backend=firefox version=Some("157.0.1")
ok
test firefox_nested_children ... Requested browser mode: headless=false
backend=firefox version=Some("157.0.1")
ok
test firefox_page_closure ... Requested browser mode: headless=false
backend=firefox version=Some("157.0.1")
ok
test firefox_partial_body ... Requested browser mode: headless=false
backend=firefox version=Some("157.0.1")
ok
test firefox_redirects ... Requested browser mode: headless=false
backend=firefox version=Some("157.0.1")
ok

test result: ok. 26 passed; 0 failed; 0 ignored; 0 measured; 0 filtered out; finished in 80.90s

