[1m[92m   Compiling[0m rustwright-integration-tests v0.1.0 (/home/runner/work/rustwright/rustwright/tests)
[1m[92m    Finished[0m `test` profile [unoptimized + debuginfo] target(s) in 1.63s
[1m[92m     Running[0m http_bidi_navigation.rs (target/debug/deps/http_bidi_navigation-249aacb1cf2b7cf5)

running 7 tests
test chrome_history_boundary_and_closed_errors ... Requested browser mode: headless=false
backend=chrome version=Chrome/155.0.8059.39
ok
test chrome_history_commits_and_loads ... Requested browser mode: headless=false
backend=chrome version=Chrome/155.0.8059.39
ok
test chrome_reload_waits_for_resources ... Requested browser mode: headless=false
backend=chrome version=Chrome/155.0.8059.39
ok
test firefox_history_boundary_and_closed_errors ... Requested browser mode: headless=false
backend=firefox version=Some("157.0.1")
ok
test firefox_history_commits_and_loads ... Requested browser mode: headless=false
backend=firefox version=Some("157.0.1")
ok
test firefox_reload_deadline_cancellation_and_recovery ... Requested browser mode: headless=false
backend=firefox version=Some("157.0.1")
ok
test firefox_reload_waits_for_resources ... Requested browser mode: headless=false
backend=firefox version=Some("157.0.1")
ok

test result: ok. 7 passed; 0 failed; 0 ignored; 0 measured; 0 filtered out; finished in 10.43s

