[1m[93mwarning[0m[1m[97m: function `find_on_path` is never used[0m
   [1m[96m--> [0mcrates\rustwright-browser\src\discovery.rs:179:8
    [1m[96m|[0m
[1m[96m179[0m [1m[96m|[0m pub fn find_on_path(name: &str) -> Vec<PathBuf> {
    [1m[96m|[0m        [1m[93m^^^^^^^^^^^^[0m
    [1m[96m|[0m
    [1m[96m= [0m[1m[97mnote[0m: `#[warn(dead_code)]` (part of `#[warn(unused)]`) on by default

[1m[93mwarning[0m[1m[97m: function `executable_name` is never used[0m
   [1m[96m--> [0mcrates\rustwright-browser\src\discovery.rs:197:4
    [1m[96m|[0m
[1m[96m197[0m [1m[96m|[0m fn executable_name(name: &str) -> String {
    [1m[96m|[0m    [1m[93m^^^^^^^^^^^^^^^[0m

[1m[93mwarning[0m: `rustwright-browser` (lib) generated 2 warnings
[1m[92m   Compiling[0m rustwright-integration-tests v0.1.0 (D:\a\rustwright\rustwright\tests)
[1m[92m    Finished[0m `test` profile [unoptimized + debuginfo] target(s) in 5.22s
[1m[92m     Running[0m http_network_idle_parity.rs (target\debug\deps\http_network_idle_parity-070d38c9e9d4220c.exe)

running 26 tests
test chrome_abort ... Requested browser mode: headless=true
backend=chrome version=Chrome/155.0.8059.39
ok
test chrome_body_timeout_reuse ... Requested browser mode: headless=true
backend=chrome version=Chrome/155.0.8059.39
ok
test chrome_browser_closure ... Requested browser mode: headless=true
backend=chrome version=Chrome/155.0.8059.39
ok
test chrome_cancelled_waiter ... Requested browser mode: headless=true
backend=chrome version=Chrome/155.0.8059.39
ok
test chrome_child_removal ... Requested browser mode: headless=true
backend=chrome version=Chrome/155.0.8059.39
ok
test chrome_cross_origin_child ... Requested browser mode: headless=true
backend=chrome version=Chrome/155.0.8059.39
ok
test chrome_document_replacement ... Requested browser mode: headless=true
backend=chrome version=Chrome/155.0.8059.39
ok
test chrome_foreign_tab ... Requested browser mode: headless=true
backend=chrome version=Chrome/155.0.8059.39
ok
test chrome_interrupted_quiet ... Requested browser mode: headless=true
backend=chrome version=Chrome/155.0.8059.39
ok
test chrome_nested_children ... Requested browser mode: headless=true
backend=chrome version=Chrome/155.0.8059.39
ok
test chrome_page_closure ... Requested browser mode: headless=true
backend=chrome version=Chrome/155.0.8059.39
ok
test chrome_partial_body ... Requested browser mode: headless=true
backend=chrome version=Chrome/155.0.8059.39
ok
test chrome_redirects ... Requested browser mode: headless=true
backend=chrome version=Chrome/155.0.8059.39
ok
test firefox_abort ... Requested browser mode: headless=true
backend=firefox version=Some("157.0.1")
ok
test firefox_body_timeout_reuse ... Requested browser mode: headless=true
backend=firefox version=Some("157.0.1")
ok
test firefox_browser_closure ... Requested browser mode: headless=true
backend=firefox version=Some("157.0.1")
ok
test firefox_cancelled_waiter ... Requested browser mode: headless=true
backend=firefox version=Some("157.0.1")
ok
test firefox_child_removal ... Requested browser mode: headless=true
backend=firefox version=Some("157.0.1")
ok
test firefox_cross_origin_child ... Requested browser mode: headless=true
backend=firefox version=Some("157.0.1")
ok
test firefox_document_replacement ... Requested browser mode: headless=true
backend=firefox version=Some("157.0.1")
ok
test firefox_foreign_tab ... Requested browser mode: headless=true
backend=firefox version=Some("157.0.1")
ok
test firefox_interrupted_quiet ... Requested browser mode: headless=true
backend=firefox version=Some("157.0.1")
ok
test firefox_nested_children ... Requested browser mode: headless=true
backend=firefox version=Some("157.0.1")
ok
test firefox_page_closure ... Requested browser mode: headless=true
backend=firefox version=Some("157.0.1")

thread 'firefox_page_closure' (1808) panicked at tests\http_network_idle_parity.rs:131:64:
called `Result::unwrap()` on an `Err` value: Protocol { method: "browsingContext.create", error: "no such frame", message: "DiscardedBrowsingContextError: BrowsingContext does no longer exist" }
stack backtrace:
   0: std::panicking::panic_handler
             at /rustc/b940084d7eb6a299eb4bfeb8e34901bc051e7ac4/library\std\src\panicking.rs:679
   1: core::panicking::panic_fmt
             at /rustc/b940084d7eb6a299eb4bfeb8e34901bc051e7ac4/library\core\src\panicking.rs:80
   2: core::result::unwrap_failed
             at /rustc/b940084d7eb6a299eb4bfeb8e34901bc051e7ac4/library\core\src\result.rs:1871
   3: enum2$<core::result::Result<rustwright_bidi::browser::BidiPage,enum2$<rustwright_bidi::error::BidiError> > >::unwrap
             at /rustc/b940084d7eb6a299eb4bfeb8e34901bc051e7ac4/library\core\src\result.rs:1232
   4: http_network_idle_parity::impl$2::new_page::async_fn$0
             at .\http_network_idle_parity.rs:131
   5: http_network_idle_parity::open::async_fn$0
             at .\http_network_idle_parity.rs:183
   6: http_network_idle_parity::page_closure::async_fn$0
             at .\http_network_idle_parity.rs:449
   7: http_network_idle_parity::firefox_page_closure::async_block$0
             at .\http_network_idle_parity.rs:483
   8: core::future::future::impl$1::poll<ref_mut$<dyn$<core::future::future::Future<assoc$<Output,tuple$<> > > > > >
             at /rustc/b940084d7eb6a299eb4bfeb8e34901bc051e7ac4/library\core\src\future\future.rs:133
   9: core::future::future::impl$1::poll<ref_mut$<core::pin::Pin<ref_mut$<dyn$<core::future::future::Future<assoc$<Output,tuple$<> > > > > > > >
             at /rustc/b940084d7eb6a299eb4bfeb8e34901bc051e7ac4/library\core\src\future\future.rs:133
  10: tokio::runtime::scheduler::current_thread::impl$9::block_on::closure$0::closure$0::closure$0<core::pin::Pin<ref_mut$<core::pin::Pin<ref_mut$<dyn$<core::future::future::Future<assoc$<Output,tuple$<> > > > > > > > >
             at C:\Users\runneradmin\.cargo\registry\src\index.crates.io-1949cf8c6b5b557f\tokio-1.53.1\src\runtime\scheduler\current_thread\mod.rs:830
  11: tokio::task::coop::with_budget
             at C:\Users\runneradmin\.cargo\registry\src\index.crates.io-1949cf8c6b5b557f\tokio-1.53.1\src\task\coop\mod.rs:167
  12: tokio::task::coop::budget
             at C:\Users\runneradmin\.cargo\registry\src\index.crates.io-1949cf8c6b5b557f\tokio-1.53.1\src\task\coop\mod.rs:133
  13: tokio::runtime::scheduler::current_thread::impl$9::block_on::closure$0::closure$0<core::pin::Pin<ref_mut$<core::pin::Pin<ref_mut$<dyn$<core::future::future::Future<assoc$<Output,tuple$<> > > > > > > > >
             at C:\Users\runneradmin\.cargo\registry\src\index.crates.io-1949cf8c6b5b557f\tokio-1.53.1\src\runtime\scheduler\current_thread\mod.rs:830
  14: tokio::runtime::scheduler::current_thread::Context::enter<enum2$<core::task::poll::Poll<tuple$<> > >,tokio::runtime::scheduler::current_thread::impl$9::block_on::closure$0::closure_env$0<core::pin::Pin<ref_mut$<core::pin::Pin<ref_mut$<dyn$<core::future::fu
             at C:\Users\runneradmin\.cargo\registry\src\index.crates.io-1949cf8c6b5b557f\tokio-1.53.1\src\runtime\scheduler\current_thread\mod.rs:488
  15: tokio::runtime::scheduler::current_thread::impl$9::block_on::closure$0<core::pin::Pin<ref_mut$<core::pin::Pin<ref_mut$<dyn$<core::future::future::Future<assoc$<Output,tuple$<> > > > > > > > >
             at C:\Users\runneradmin\.cargo\registry\src\index.crates.io-1949cf8c6b5b557f\tokio-1.53.1\src\runtime\scheduler\current_thread\mod.rs:829
  16: tokio::runtime::scheduler::current_thread::impl$9::enter::closure$0<tokio::runtime::scheduler::current_thread::impl$9::block_on::closure_env$0<core::pin::Pin<ref_mut$<core::pin::Pin<ref_mut$<dyn$<core::future::future::Future<assoc$<Output,tuple$<> > > > > 
             at C:\Users\runneradmin\.cargo\registry\src\index.crates.io-1949cf8c6b5b557f\tokio-1.53.1\src\runtime\scheduler\current_thread\mod.rs:906
  17: tokio::runtime::context::scoped::Scoped<enum2$<tokio::runtime::scheduler::Context> >::set<enum2$<tokio::runtime::scheduler::Context>,tokio::runtime::scheduler::current_thread::impl$9::enter::closure_env$0<tokio::runtime::scheduler::current_thread::impl$9::
             at C:\Users\runneradmin\.cargo\registry\src\index.crates.io-1949cf8c6b5b557f\tokio-1.53.1\src\runtime\context\scoped.rs:40
  18: tokio::runtime::context::set_scheduler::closure$0<tuple$<alloc::boxed::Box<tokio::runtime::scheduler::current_thread::Core,alloc::alloc::Global>,enum2$<core::option::Option<tuple$<> > > >,tokio::runtime::scheduler::current_thread::impl$9::enter::closure_en
             at C:\Users\runneradmin\.cargo\registry\src\index.crates.io-1949cf8c6b5b557f\tokio-1.53.1\src\runtime\context.rs:187
  19: std::thread::local::LocalKey<tokio::runtime::context::Context>::try_with<tokio::runtime::context::Context,tokio::runtime::context::set_scheduler::closure_env$0<tuple$<alloc::boxed::Box<tokio::runtime::scheduler::current_thread::Core,alloc::alloc::Global>,e
             at /rustc/b940084d7eb6a299eb4bfeb8e34901bc051e7ac4/library\std\src\thread\local.rs:463
  20: std::thread::local::LocalKey<tokio::runtime::context::Context>::with<tokio::runtime::context::Context,tokio::runtime::context::set_scheduler::closure_env$0<tuple$<alloc::boxed::Box<tokio::runtime::scheduler::current_thread::Core,alloc::alloc::Global>,enum2
             at /rustc/b940084d7eb6a299eb4bfeb8e34901bc051e7ac4/library\std\src\thread\local.rs:427
  21: tokio::runtime::context::set_scheduler<tuple$<alloc::boxed::Box<tokio::runtime::scheduler::current_thread::Core,alloc::alloc::Global>,enum2$<core::option::Option<tuple$<> > > >,tokio::runtime::scheduler::current_thread::impl$9::enter::closure_env$0<tokio::
             at C:\Users\runneradmin\.cargo\registry\src\index.crates.io-1949cf8c6b5b557f\tokio-1.53.1\src\runtime\context.rs:187
  22: tokio::runtime::scheduler::current_thread::CoreGuard::enter<tokio::runtime::scheduler::current_thread::impl$9::block_on::closure_env$0<core::pin::Pin<ref_mut$<core::pin::Pin<ref_mut$<dyn$<core::future::future::Future<assoc$<Output,tuple$<> > > > > > > > >,
             at C:\Users\runneradmin\.cargo\registry\src\index.crates.io-1949cf8c6b5b557f\tokio-1.53.1\src\runtime\scheduler\current_thread\mod.rs:906
  23: tokio::runtime::scheduler::current_thread::CoreGuard::block_on<core::pin::Pin<ref_mut$<core::pin::Pin<ref_mut$<dyn$<core::future::future::Future<assoc$<Output,tuple$<> > > > > > > > >
             at C:\Users\runneradmin\.cargo\registry\src\index.crates.io-1949cf8c6b5b557f\tokio-1.53.1\src\runtime\scheduler\current_thread\mod.rs:817
  24: tokio::runtime::scheduler::current_thread::impl$0::block_on::closure$0<core::pin::Pin<ref_mut$<dyn$<core::future::future::Future<assoc$<Output,tuple$<> > > > > > >
             at C:\Users\runneradmin\.cargo\registry\src\index.crates.io-1949cf8c6b5b557f\tokio-1.53.1\src\runtime\scheduler\current_thread\mod.rs:218
  25: tokio::runtime::context::runtime::enter_runtime<tokio::runtime::scheduler::current_thread::impl$0::block_on::closure_env$0<core::pin::Pin<ref_mut$<dyn$<core::future::future::Future<assoc$<Output,tuple$<> > > > > > >,tuple$<> >
             at C:\Users\runneradmin\.cargo\registry\src\index.crates.io-1949cf8c6b5b557f\tokio-1.53.1\src\runtime\context\runtime.rs:65
  26: tokio::runtime::scheduler::current_thread::CurrentThread::block_on<core::pin::Pin<ref_mut$<dyn$<core::future::future::Future<assoc$<Output,tuple$<> > > > > > >
             at C:\Users\runneradmin\.cargo\registry\src\index.crates.io-1949cf8c6b5b557f\tokio-1.53.1\src\runtime\scheduler\current_thread\mod.rs:206
  27: tokio::runtime::runtime::Runtime::block_on_inner<core::pin::Pin<ref_mut$<dyn$<core::future::future::Future<assoc$<Output,tuple$<> > > > > > >
             at C:\Users\runneradmin\.cargo\registry\src\index.crates.io-1949cf8c6b5b557f\tokio-1.53.1\src\runtime\runtime.rs:374
  28: tokio::runtime::runtime::Runtime::block_on<core::pin::Pin<ref_mut$<dyn$<core::future::future::Future<assoc$<Output,tuple$<> > > > > > >
             at C:\Users\runneradmin\.cargo\registry\src\index.crates.io-1949cf8c6b5b557f\tokio-1.53.1\src\runtime\runtime.rs:343
  29: http_network_idle_parity::firefox_page_closure
             at .\http_network_idle_parity.rs:483
  30: http_network_idle_parity::firefox_page_closure::closure$0
             at .\http_network_idle_parity.rs:482
  31: core::ops::function::FnOnce::call_once<http_network_idle_parity::firefox_page_closure::closure_env$0,tuple$<> >
             at /rustc/b940084d7eb6a299eb4bfeb8e34901bc051e7ac4/library\core\src\ops\function.rs:250
  32: core::ops::function::FnOnce::call_once
             at /rustc/b940084d7eb6a299eb4bfeb8e34901bc051e7ac4/library\core\src\ops\function.rs:250
note: Some details are omitted, run with `RUST_BACKTRACE=full` for a verbose backtrace.
FAILED
test firefox_partial_body ... Requested browser mode: headless=true
backend=firefox version=Some("157.0.1")
ok
test firefox_redirects ... Requested browser mode: headless=true
backend=firefox version=Some("157.0.1")
ok

failures:

failures:
    firefox_page_closure

test result: FAILED. 25 passed; 1 failed; 0 ignored; 0 measured; 0 filtered out; finished in 143.95s

[1m[91merror[0m: test failed, to rerun pass `-p rustwright-integration-tests --test http_network_idle_parity`
