[1m[92m   Compiling[0m rustwright-integration-tests v0.1.0 (/home/runner/work/rustwright/rustwright/tests)
[1m[92m    Finished[0m `test` profile [unoptimized + debuginfo] target(s) in 1.44s
[1m[92m     Running[0m http_disconnect.rs (target/debug/deps/http_disconnect-361a0c13e0bab97a)

running 2 tests
test chrome_process_loss_and_manual_restart ... {"cleanup_ms":112.56066000000001,"cycle":1,"engine":"chrome","event_channel_closed":true,"pending_after_loss":0,"pid":44113,"root_exited":true,"version":"Chrome/155.0.8059.39","wake_ms":112.39094}
{"cleanup_ms":18.765278,"cycle":2,"engine":"chrome","event_channel_closed":true,"pending_after_loss":0,"pid":44290,"root_exited":true,"version":"Chrome/155.0.8059.39","wake_ms":18.646082}
{"cleanup_ms":18.747376,"cycle":3,"engine":"chrome","event_channel_closed":true,"pending_after_loss":0,"pid":44469,"root_exited":true,"version":"Chrome/155.0.8059.39","wake_ms":18.651275}
{"cleanup_ms":17.123475,"cycle":4,"engine":"chrome","event_channel_closed":true,"pending_after_loss":0,"pid":44648,"root_exited":true,"version":"Chrome/155.0.8059.39","wake_ms":17.022586}
{"cleanup_ms":15.475867000000001,"cycle":5,"engine":"chrome","event_channel_closed":true,"pending_after_loss":0,"pid":44827,"root_exited":true,"version":"Chrome/155.0.8059.39","wake_ms":15.371634}
{"cleanup_ms":20.443405000000002,"cycle":6,"engine":"chrome","event_channel_closed":true,"pending_after_loss":0,"pid":45007,"root_exited":true,"version":"Chrome/155.0.8059.39","wake_ms":20.327334}
{"cleanup_ms":17.41061,"cycle":7,"engine":"chrome","event_channel_closed":true,"pending_after_loss":0,"pid":45184,"root_exited":true,"version":"Chrome/155.0.8059.39","wake_ms":17.302290000000003}
{"cleanup_ms":18.366573,"cycle":8,"engine":"chrome","event_channel_closed":true,"pending_after_loss":0,"pid":45362,"root_exited":true,"version":"Chrome/155.0.8059.39","wake_ms":18.263690999999998}
{"cleanup_ms":61.243918,"cycle":9,"engine":"chrome","event_channel_closed":true,"pending_after_loss":0,"pid":45539,"root_exited":true,"version":"Chrome/155.0.8059.39","wake_ms":61.138802999999996}
{"cleanup_ms":55.186601,"cycle":10,"engine":"chrome","event_channel_closed":true,"pending_after_loss":0,"pid":45717,"root_exited":true,"version":"Chrome/155.0.8059.39","wake_ms":55.064150999999995}
{"cleanup_ms":24.874118,"cycle":11,"engine":"chrome","event_channel_closed":true,"pending_after_loss":0,"pid":45894,"root_exited":true,"version":"Chrome/155.0.8059.39","wake_ms":24.760381000000002}
{"cleanup_ms":23.278999000000002,"cycle":12,"engine":"chrome","event_channel_closed":true,"pending_after_loss":0,"pid":46072,"root_exited":true,"version":"Chrome/155.0.8059.39","wake_ms":23.15118}
{"cleanup_ms":15.54084,"cycle":13,"engine":"chrome","event_channel_closed":true,"pending_after_loss":0,"pid":46249,"root_exited":true,"version":"Chrome/155.0.8059.39","wake_ms":15.396918000000001}
{"cleanup_ms":18.374194,"cycle":14,"engine":"chrome","event_channel_closed":true,"pending_after_loss":0,"pid":46425,"root_exited":true,"version":"Chrome/155.0.8059.39","wake_ms":18.264312}
{"cleanup_ms":23.486694,"cycle":15,"engine":"chrome","event_channel_closed":true,"pending_after_loss":0,"pid":46601,"root_exited":true,"version":"Chrome/155.0.8059.39","wake_ms":23.377774}
{"cleanup_ms":15.921451,"cycle":16,"engine":"chrome","event_channel_closed":true,"pending_after_loss":0,"pid":46780,"root_exited":true,"version":"Chrome/155.0.8059.39","wake_ms":15.814814}
{"cleanup_ms":16.980856999999997,"cycle":17,"engine":"chrome","event_channel_closed":true,"pending_after_loss":0,"pid":46958,"root_exited":true,"version":"Chrome/155.0.8059.39","wake_ms":16.874911}
{"cleanup_ms":21.315345999999998,"cycle":18,"engine":"chrome","event_channel_closed":true,"pending_after_loss":0,"pid":47137,"root_exited":true,"version":"Chrome/155.0.8059.39","wake_ms":21.201027}
{"cleanup_ms":16.706039999999998,"cycle":19,"engine":"chrome","event_channel_closed":true,"pending_after_loss":0,"pid":47316,"root_exited":true,"version":"Chrome/155.0.8059.39","wake_ms":16.593134}
{"cleanup_ms":17.512718,"cycle":20,"engine":"chrome","event_channel_closed":true,"pending_after_loss":0,"pid":47493,"root_exited":true,"version":"Chrome/155.0.8059.39","wake_ms":17.383728}
{"cleanup_ms":19.221686000000002,"cycle":21,"engine":"chrome","event_channel_closed":true,"pending_after_loss":0,"pid":47672,"root_exited":true,"version":"Chrome/155.0.8059.39","wake_ms":19.101479}
{"cleanup_ms":19.986963,"cycle":22,"engine":"chrome","event_channel_closed":true,"pending_after_loss":0,"pid":47852,"root_exited":true,"version":"Chrome/155.0.8059.39","wake_ms":19.838123999999997}
{"cleanup_ms":14.931576,"cycle":23,"engine":"chrome","event_channel_closed":true,"pending_after_loss":0,"pid":48029,"root_exited":true,"version":"Chrome/155.0.8059.39","wake_ms":14.816526999999999}
{"cleanup_ms":26.686728,"cycle":24,"engine":"chrome","event_channel_closed":true,"pending_after_loss":0,"pid":48208,"root_exited":true,"version":"Chrome/155.0.8059.39","wake_ms":26.573671}
{"cleanup_ms":15.409525,"cycle":25,"engine":"chrome","event_channel_closed":true,"pending_after_loss":0,"pid":48387,"root_exited":true,"version":"Chrome/155.0.8059.39","wake_ms":15.307305}
ok
test firefox_process_loss_and_manual_restart ... {"cleanup_ms":29.136421,"cycle":1,"engine":"firefox","event_channel_closed":true,"pending_after_loss":0,"pid":48565,"root_exited":true,"version":"157.0.1","wake_ms":28.549577}
{"cleanup_ms":31.507895,"cycle":2,"engine":"firefox","event_channel_closed":true,"pending_after_loss":0,"pid":48898,"root_exited":true,"version":"157.0.1","wake_ms":31.00234}
{"cleanup_ms":33.880736,"cycle":3,"engine":"firefox","event_channel_closed":true,"pending_after_loss":0,"pid":49237,"root_exited":true,"version":"157.0.1","wake_ms":33.456791}
{"cleanup_ms":82.003486,"cycle":4,"engine":"firefox","event_channel_closed":true,"pending_after_loss":0,"pid":49549,"root_exited":true,"version":"157.0.1","wake_ms":81.29045599999999}
{"cleanup_ms":42.268412999999995,"cycle":5,"engine":"firefox","event_channel_closed":true,"pending_after_loss":0,"pid":49875,"root_exited":true,"version":"157.0.1","wake_ms":41.706596}
{"cleanup_ms":31.01193,"cycle":6,"engine":"firefox","event_channel_closed":true,"pending_after_loss":0,"pid":50212,"root_exited":true,"version":"157.0.1","wake_ms":30.525463}
{"cleanup_ms":28.931048,"cycle":7,"engine":"firefox","event_channel_closed":true,"pending_after_loss":0,"pid":50553,"root_exited":true,"version":"157.0.1","wake_ms":28.347348}
{"cleanup_ms":55.253083000000004,"cycle":8,"engine":"firefox","event_channel_closed":true,"pending_after_loss":0,"pid":50876,"root_exited":true,"version":"157.0.1","wake_ms":53.293357}
{"cleanup_ms":23.363998,"cycle":9,"engine":"firefox","event_channel_closed":true,"pending_after_loss":0,"pid":51206,"root_exited":true,"version":"157.0.1","wake_ms":22.975395}
{"cleanup_ms":34.492354000000006,"cycle":10,"engine":"firefox","event_channel_closed":true,"pending_after_loss":0,"pid":51546,"root_exited":true,"version":"157.0.1","wake_ms":33.903948}
{"cleanup_ms":28.106244,"cycle":11,"engine":"firefox","event_channel_closed":true,"pending_after_loss":0,"pid":51866,"root_exited":true,"version":"157.0.1","wake_ms":27.47277}
{"cleanup_ms":118.087394,"cycle":12,"engine":"firefox","event_channel_closed":true,"pending_after_loss":0,"pid":52208,"root_exited":true,"version":"157.0.1","wake_ms":117.56306099999999}
{"cleanup_ms":23.56854,"cycle":13,"engine":"firefox","event_channel_closed":true,"pending_after_loss":0,"pid":52525,"root_exited":true,"version":"157.0.1","wake_ms":23.035125}
{"cleanup_ms":33.085462,"cycle":14,"engine":"firefox","event_channel_closed":true,"pending_after_loss":0,"pid":52855,"root_exited":true,"version":"157.0.1","wake_ms":32.577053}
{"cleanup_ms":63.304401,"cycle":15,"engine":"firefox","event_channel_closed":true,"pending_after_loss":0,"pid":53114,"root_exited":true,"version":"157.0.1","wake_ms":62.80076900000001}
{"cleanup_ms":32.484141,"cycle":16,"engine":"firefox","event_channel_closed":true,"pending_after_loss":0,"pid":53426,"root_exited":true,"version":"157.0.1","wake_ms":31.970294000000003}
{"cleanup_ms":30.5794,"cycle":17,"engine":"firefox","event_channel_closed":true,"pending_after_loss":0,"pid":53762,"root_exited":true,"version":"157.0.1","wake_ms":30.08424}
{"cleanup_ms":25.120029,"cycle":18,"engine":"firefox","event_channel_closed":true,"pending_after_loss":0,"pid":54106,"root_exited":true,"version":"157.0.1","wake_ms":24.504001000000002}
{"cleanup_ms":31.456051,"cycle":19,"engine":"firefox","event_channel_closed":true,"pending_after_loss":0,"pid":54434,"root_exited":true,"version":"157.0.1","wake_ms":30.973871}
{"cleanup_ms":23.432344,"cycle":20,"engine":"firefox","event_channel_closed":true,"pending_after_loss":0,"pid":54740,"root_exited":true,"version":"157.0.1","wake_ms":22.914862}
{"cleanup_ms":60.688027999999996,"cycle":21,"engine":"firefox","event_channel_closed":true,"pending_after_loss":0,"pid":55077,"root_exited":true,"version":"157.0.1","wake_ms":60.18023}
{"cleanup_ms":26.652867999999998,"cycle":22,"engine":"firefox","event_channel_closed":true,"pending_after_loss":0,"pid":55406,"root_exited":true,"version":"157.0.1","wake_ms":26.075798000000002}
{"cleanup_ms":27.040227,"cycle":23,"engine":"firefox","event_channel_closed":true,"pending_after_loss":0,"pid":55739,"root_exited":true,"version":"157.0.1","wake_ms":26.532309}
{"cleanup_ms":87.575058,"cycle":24,"engine":"firefox","event_channel_closed":true,"pending_after_loss":0,"pid":56064,"root_exited":true,"version":"157.0.1","wake_ms":87.111205}
{"cleanup_ms":26.599604999999997,"cycle":25,"engine":"firefox","event_channel_closed":true,"pending_after_loss":0,"pid":56331,"root_exited":true,"version":"157.0.1","wake_ms":26.041313}
ok

test result: ok. 2 passed; 0 failed; 0 ignored; 0 measured; 0 filtered out; finished in 62.53s

