[1m[92m   Compiling[0m rustwright-integration-tests v0.1.0 (/home/runner/work/rustwright/rustwright/tests)
[1m[92m    Finished[0m `test` profile [unoptimized + debuginfo] target(s) in 1.61s
[1m[92m     Running[0m http_intercept_lifecycle.rs (target/debug/deps/http_intercept_lifecycle-e4f04b177e9dceb5)

running 4 tests
test firefox_intercept_cancellation_preserves_live_requests_and_prior_rules ... {"cycle":1,"known_intercept_ids":["146f421d-53b7-4758-8c98-69099ace1daa"],"known_intercepts_absent":true,"mode":"cancel-add-with-blocked-request","pending":0,"version":"157.0.1"}
{"cycle":1,"known_intercept_ids":["5fcac8c5-148c-47db-af42-fcf8a76c0ea1"],"known_intercepts_absent":true,"mode":"cancel-clear","pending":0,"version":"157.0.1"}
{"cycle":1,"known_intercept_ids":["273a31b3-2092-46bf-b3ae-dcff728ac342","38a75125-f2e0-4d38-b302-b590821c2fff","f28c03ce-d919-4f60-a5ed-8eaa8d840bda"],"known_intercepts_absent":true,"mode":"cancel-phase-upgrade","pending":0,"version":"157.0.1"}
{"cycle":2,"known_intercept_ids":["f4707f21-2bd2-431d-a716-cdd977365021"],"known_intercepts_absent":true,"mode":"cancel-add-with-blocked-request","pending":0,"version":"157.0.1"}
{"cycle":2,"known_intercept_ids":["9368c32c-3ced-488f-a939-caea9999099b"],"known_intercepts_absent":true,"mode":"cancel-clear","pending":0,"version":"157.0.1"}
{"cycle":2,"known_intercept_ids":["e08834a2-ecd7-4b51-b5dd-c3ea51e195da","252f4f8c-2db7-46db-9087-7b373160ce6c","720409cb-af65-42eb-ab7a-22c8bd8abc4a"],"known_intercepts_absent":true,"mode":"cancel-phase-upgrade","pending":0,"version":"157.0.1"}
{"cycle":3,"known_intercept_ids":["8907c42a-0944-4bbe-a8b5-f63f07460192"],"known_intercepts_absent":true,"mode":"cancel-add-with-blocked-request","pending":0,"version":"157.0.1"}
{"cycle":3,"known_intercept_ids":["bcae4264-7a0a-4cf4-8904-700d7109064f"],"known_intercepts_absent":true,"mode":"cancel-clear","pending":0,"version":"157.0.1"}
{"cycle":3,"known_intercept_ids":["1b59c5f9-b502-40f4-aa98-2d5664a02d43","bec530f9-db7a-49aa-a1c0-0e2a3e1317ca","6ad21d2b-2212-482d-a51d-bec4e88d5f31"],"known_intercepts_absent":true,"mode":"cancel-phase-upgrade","pending":0,"version":"157.0.1"}
{"cycle":4,"known_intercept_ids":["04cf73e1-da41-49c3-b247-a08484daa963"],"known_intercepts_absent":true,"mode":"cancel-add-with-blocked-request","pending":0,"version":"157.0.1"}
{"cycle":4,"known_intercept_ids":["73c567c5-c82a-4fec-9933-392d97994f62"],"known_intercepts_absent":true,"mode":"cancel-clear","pending":0,"version":"157.0.1"}
{"cycle":4,"known_intercept_ids":["ccff63c1-c810-4923-a880-60abd8966123","3769c3f1-bc5c-40d2-aac4-dbb353b235c4","0c9903cc-e6e9-44e2-ad5c-05aa99d18307"],"known_intercepts_absent":true,"mode":"cancel-phase-upgrade","pending":0,"version":"157.0.1"}
{"cycle":5,"known_intercept_ids":["7977e0d0-c001-4f75-a15c-432a695714df"],"known_intercepts_absent":true,"mode":"cancel-add-with-blocked-request","pending":0,"version":"157.0.1"}
{"cycle":5,"known_intercept_ids":["c140b823-b600-4c12-a26a-6d2e078675d7"],"known_intercepts_absent":true,"mode":"cancel-clear","pending":0,"version":"157.0.1"}
{"cycle":5,"known_intercept_ids":["a8395783-e90b-4d58-9cc6-50e7be22225f","608f5f10-3a96-4ba4-a9de-d08291aa2778","f3499384-6e9e-4083-bda6-184f4d610029"],"known_intercepts_absent":true,"mode":"cancel-phase-upgrade","pending":0,"version":"157.0.1"}
{"cycle":6,"known_intercept_ids":["90fc9d69-a73f-4fc6-a284-8d8a72aff610"],"known_intercepts_absent":true,"mode":"cancel-add-with-blocked-request","pending":0,"version":"157.0.1"}
{"cycle":6,"known_intercept_ids":["5c6ddbc5-2888-460f-b78d-fa5c730cad60"],"known_intercepts_absent":true,"mode":"cancel-clear","pending":0,"version":"157.0.1"}
{"cycle":6,"known_intercept_ids":["299748b4-2c4d-42bb-b355-719caa492718","47146601-fccc-419b-8876-784748bc9af5","061b6c3d-a20f-4abb-9920-75962b8c3fe4"],"known_intercepts_absent":true,"mode":"cancel-phase-upgrade","pending":0,"version":"157.0.1"}
{"cycle":7,"known_intercept_ids":["2d75dc46-c4aa-4dde-9ab3-1ca9a36de151"],"known_intercepts_absent":true,"mode":"cancel-add-with-blocked-request","pending":0,"version":"157.0.1"}
{"cycle":7,"known_intercept_ids":["9b8e4f64-edb1-4766-9e46-446751a2a9a9"],"known_intercepts_absent":true,"mode":"cancel-clear","pending":0,"version":"157.0.1"}
{"cycle":7,"known_intercept_ids":["90a87938-b6d2-4002-809e-f98df0843437","d930d348-8c06-421b-ae0b-1f1a848b7eaf","32648d01-f2ad-43ae-b937-f653c3c5d9c8"],"known_intercepts_absent":true,"mode":"cancel-phase-upgrade","pending":0,"version":"157.0.1"}
{"cycle":8,"known_intercept_ids":["fcf11fbb-ee96-431c-ad7b-c2e91a4bb4f1"],"known_intercepts_absent":true,"mode":"cancel-add-with-blocked-request","pending":0,"version":"157.0.1"}
{"cycle":8,"known_intercept_ids":["2fa046c4-1b8e-4f07-b23f-c39ab3fcef89"],"known_intercepts_absent":true,"mode":"cancel-clear","pending":0,"version":"157.0.1"}
{"cycle":8,"known_intercept_ids":["d607a7f7-6d3b-4da6-a126-9fafc66570e0","6906ad2d-54f5-4146-84c5-771c994aca72","d7c32b9f-27e2-493e-a75c-54d03ad64a04"],"known_intercepts_absent":true,"mode":"cancel-phase-upgrade","pending":0,"version":"157.0.1"}
{"cycle":9,"known_intercept_ids":["19b00f7b-bc01-416a-9f34-c748a2320791"],"known_intercepts_absent":true,"mode":"cancel-add-with-blocked-request","pending":0,"version":"157.0.1"}
{"cycle":9,"known_intercept_ids":["d13a4828-b5b5-47b4-84e9-281d5e6d22ed"],"known_intercepts_absent":true,"mode":"cancel-clear","pending":0,"version":"157.0.1"}
{"cycle":9,"known_intercept_ids":["492478f6-f17d-40b6-a761-97021ef37a18","dc9cc4ce-165d-4c77-b105-412088c76f41","d041dc32-f497-4bfa-b9bc-6747a23b1424"],"known_intercepts_absent":true,"mode":"cancel-phase-upgrade","pending":0,"version":"157.0.1"}
{"cycle":10,"known_intercept_ids":["bc4f4e17-5369-46e6-b50d-ab6057a7d7a3"],"known_intercepts_absent":true,"mode":"cancel-add-with-blocked-request","pending":0,"version":"157.0.1"}
{"cycle":10,"known_intercept_ids":["427dbfe4-438f-4fbd-a25e-2adf701bdc43"],"known_intercepts_absent":true,"mode":"cancel-clear","pending":0,"version":"157.0.1"}
{"cycle":10,"known_intercept_ids":["d2a7c4ff-1af6-4643-863d-6bebd0adfdc3","ddeea87c-4afe-4a69-92d9-eae9e0e33aff","334def26-663a-46e5-b382-1d977894e343"],"known_intercepts_absent":true,"mode":"cancel-phase-upgrade","pending":0,"version":"157.0.1"}
ok
test firefox_phase_expansion_keeps_prior_rules_usable_before_acknowledgment ... {"cycle":1,"known_intercept_ids":["e42dff21-1667-497d-9d3e-59aeab099024","4a970cc1-5634-4139-a20f-064c63eeb0e5"],"known_intercepts_absent":true,"mode":"active-rules-during-phase-upgrade","pending":0,"version":"157.0.1"}
{"cycle":2,"known_intercept_ids":["f9826f87-29ff-4e84-94ea-be7eef879fa0","0e47a035-c25a-4586-84e1-ba437bafeeb0"],"known_intercepts_absent":true,"mode":"active-rules-during-phase-upgrade","pending":0,"version":"157.0.1"}
{"cycle":3,"known_intercept_ids":["2cbf8f6c-03b4-4d43-b29c-c35f11e318b9","6a322e71-60d8-4cab-b8b7-1a672920bc68"],"known_intercepts_absent":true,"mode":"active-rules-during-phase-upgrade","pending":0,"version":"157.0.1"}
{"cycle":4,"known_intercept_ids":["2f292b8b-456a-4b33-81ab-4057a8787565","61bd41b2-a3d2-498e-a071-4ab26377a089"],"known_intercepts_absent":true,"mode":"active-rules-during-phase-upgrade","pending":0,"version":"157.0.1"}
{"cycle":5,"known_intercept_ids":["41b061e6-66a0-4016-b09e-df4b232bc5f9","dddfd3df-0833-4f39-b84a-76851291c474"],"known_intercepts_absent":true,"mode":"active-rules-during-phase-upgrade","pending":0,"version":"157.0.1"}
{"cycle":6,"known_intercept_ids":["f08d869c-d177-4be6-9225-68e04f4de23d","0e661a0e-9cdc-4415-95b2-76dc8f7bc23a"],"known_intercepts_absent":true,"mode":"active-rules-during-phase-upgrade","pending":0,"version":"157.0.1"}
{"cycle":7,"known_intercept_ids":["f515fe9c-e613-4c5f-8e60-aa261148be8c","007ff3d3-0183-4604-ab4f-20793e25d3bf"],"known_intercepts_absent":true,"mode":"active-rules-during-phase-upgrade","pending":0,"version":"157.0.1"}
{"cycle":8,"known_intercept_ids":["629e07d6-69c8-4bbc-af8f-71b129621b50","75ba3cb8-5926-41a7-ac9c-b668c4ae1ac5"],"known_intercepts_absent":true,"mode":"active-rules-during-phase-upgrade","pending":0,"version":"157.0.1"}
{"cycle":9,"known_intercept_ids":["46cd3bc5-92b7-4917-adc5-1746103b4ed9","00d44616-64a6-4d84-a413-06ab409647d2"],"known_intercepts_absent":true,"mode":"active-rules-during-phase-upgrade","pending":0,"version":"157.0.1"}
{"cycle":10,"known_intercept_ids":["9e06c45d-1d87-4381-8308-53dd3fc9a4b7","08c40917-565f-4f6e-8058-44ee28813216"],"known_intercepts_absent":true,"mode":"active-rules-during-phase-upgrade","pending":0,"version":"157.0.1"}
ok
test firefox_routing_phases_and_child_frame_requests_remain_functional ... {"cycle":1,"known_intercept_ids":["2dad61c5-f39e-4232-a0c9-d06d9363f5ea","7c3ae811-2a1b-4e58-9823-0fcfb1704bf2"],"known_intercepts_absent":true,"mode":"request-response-child-frame","pending":0,"version":"157.0.1"}
ok
test firefox_shared_handles_drop_and_close_retire_only_owned_intercepts ... {"cycle":1,"known_intercept_ids":["37ffb855-aea8-49d2-8456-57f92704fc54"],"known_intercepts_absent":true,"mode":"shared-handles-final-drop","pending":0,"version":"157.0.1"}
{"cycle":1,"known_intercept_ids":["990f0106-e3c8-493e-a6cd-60199554c300"],"known_intercepts_absent":true,"mode":"page-close-retained-handles","pending":0,"version":"157.0.1"}
{"cycle":1,"known_intercept_ids":["d687a8b1-8648-4c9b-9a53-c757b9b3ed43","0e541444-432a-4e94-989a-1007d57e12ac"],"known_intercepts_absent":true,"mode":"user-context-close-retained-pages","pending":0,"version":"157.0.1"}
{"cycle":2,"known_intercept_ids":["3a4dfc3f-67c0-4e1e-9fc8-ba5b6efd797e"],"known_intercepts_absent":true,"mode":"shared-handles-final-drop","pending":0,"version":"157.0.1"}
{"cycle":2,"known_intercept_ids":["35789c76-0e12-4f80-9147-3f8c3d0b135e"],"known_intercepts_absent":true,"mode":"page-close-retained-handles","pending":0,"version":"157.0.1"}
{"cycle":2,"known_intercept_ids":["d630735b-6ac6-40b1-88de-2b1e00b1d681","b434f10c-0458-4d99-b9b4-bc4cda763b64"],"known_intercepts_absent":true,"mode":"user-context-close-retained-pages","pending":0,"version":"157.0.1"}
{"cycle":3,"known_intercept_ids":["4b142da8-2550-4362-907c-658ba6266f00"],"known_intercepts_absent":true,"mode":"shared-handles-final-drop","pending":0,"version":"157.0.1"}
{"cycle":3,"known_intercept_ids":["6676151f-f026-414b-9a5b-fe93223aaf5b"],"known_intercepts_absent":true,"mode":"page-close-retained-handles","pending":0,"version":"157.0.1"}
{"cycle":3,"known_intercept_ids":["64241f0c-7623-4ae9-9cd3-43b39674f965","12f7774e-4357-494e-97f5-acfb16d80a8e"],"known_intercepts_absent":true,"mode":"user-context-close-retained-pages","pending":0,"version":"157.0.1"}
{"cycle":4,"known_intercept_ids":["5dd29fc7-c73f-437f-a2fe-a01897b0bb7c"],"known_intercepts_absent":true,"mode":"shared-handles-final-drop","pending":0,"version":"157.0.1"}
{"cycle":4,"known_intercept_ids":["1be61059-70fe-42d8-b1c3-ffeb30cf56aa"],"known_intercepts_absent":true,"mode":"page-close-retained-handles","pending":0,"version":"157.0.1"}
{"cycle":4,"known_intercept_ids":["ec3f767f-243e-47fb-8517-46ec71941039","2a9a0163-5b87-460b-a11a-c1a6b9337828"],"known_intercepts_absent":true,"mode":"user-context-close-retained-pages","pending":0,"version":"157.0.1"}
{"cycle":5,"known_intercept_ids":["1a0a3206-7253-4088-a9b0-2db6fcf9eb12"],"known_intercepts_absent":true,"mode":"shared-handles-final-drop","pending":0,"version":"157.0.1"}
{"cycle":5,"known_intercept_ids":["71185b33-9d57-4d38-9c71-5fb3e548e887"],"known_intercepts_absent":true,"mode":"page-close-retained-handles","pending":0,"version":"157.0.1"}
{"cycle":5,"known_intercept_ids":["fea8a0c4-7fc7-43ee-9ea5-63562773b7ff","4fb4c18a-c13b-497a-a26a-1cfb171d4581"],"known_intercepts_absent":true,"mode":"user-context-close-retained-pages","pending":0,"version":"157.0.1"}
{"cycle":6,"known_intercept_ids":["0481ab17-fbe2-414e-a425-7fe6460b2dbd"],"known_intercepts_absent":true,"mode":"shared-handles-final-drop","pending":0,"version":"157.0.1"}
{"cycle":6,"known_intercept_ids":["b4c1de9b-8230-4911-a7ce-e5155fedac8f"],"known_intercepts_absent":true,"mode":"page-close-retained-handles","pending":0,"version":"157.0.1"}
{"cycle":6,"known_intercept_ids":["cfe8284a-76d7-46b4-aeb6-849a507d43b2","7e01189d-310d-482e-8713-33bcdb8f582d"],"known_intercepts_absent":true,"mode":"user-context-close-retained-pages","pending":0,"version":"157.0.1"}
{"cycle":7,"known_intercept_ids":["40e9afda-0735-4319-9c32-2104b1741a12"],"known_intercepts_absent":true,"mode":"shared-handles-final-drop","pending":0,"version":"157.0.1"}
{"cycle":7,"known_intercept_ids":["91b44a67-946b-4bb5-9c1c-1ff20ba1b87e"],"known_intercepts_absent":true,"mode":"page-close-retained-handles","pending":0,"version":"157.0.1"}
{"cycle":7,"known_intercept_ids":["d65101b2-40b5-40fc-a9c7-9d4cfac62608","09d9373b-65c6-4587-a81d-2a2f4bd7cea1"],"known_intercepts_absent":true,"mode":"user-context-close-retained-pages","pending":0,"version":"157.0.1"}
{"cycle":8,"known_intercept_ids":["61ca21fc-00d7-4718-844f-4169226972b8"],"known_intercepts_absent":true,"mode":"shared-handles-final-drop","pending":0,"version":"157.0.1"}
{"cycle":8,"known_intercept_ids":["fc18c4a3-c5de-477a-9026-fb22af649de9"],"known_intercepts_absent":true,"mode":"page-close-retained-handles","pending":0,"version":"157.0.1"}
{"cycle":8,"known_intercept_ids":["b3c71dad-e8de-4ca7-9dde-95d1fe6b28b2","c0e657ae-b7e7-4b55-8e0e-0da3c34559ad"],"known_intercepts_absent":true,"mode":"user-context-close-retained-pages","pending":0,"version":"157.0.1"}
{"cycle":9,"known_intercept_ids":["86a96db8-2afc-4a97-bff0-ae05dab7a68c"],"known_intercepts_absent":true,"mode":"shared-handles-final-drop","pending":0,"version":"157.0.1"}
{"cycle":9,"known_intercept_ids":["0dbcf638-f25d-42f1-925c-04d4d6ac0191"],"known_intercepts_absent":true,"mode":"page-close-retained-handles","pending":0,"version":"157.0.1"}
{"cycle":9,"known_intercept_ids":["3a25de0e-dd91-4807-8b4b-aeb6dbe0e5c6","21feab78-be73-424d-962c-2a9eab9e48f1"],"known_intercepts_absent":true,"mode":"user-context-close-retained-pages","pending":0,"version":"157.0.1"}
{"cycle":10,"known_intercept_ids":["f739129a-05d2-4609-8495-03ecfa279b6a"],"known_intercepts_absent":true,"mode":"shared-handles-final-drop","pending":0,"version":"157.0.1"}
{"cycle":10,"known_intercept_ids":["3f3e9276-716e-4937-bf1c-7a04884ac246"],"known_intercepts_absent":true,"mode":"page-close-retained-handles","pending":0,"version":"157.0.1"}
{"cycle":10,"known_intercept_ids":["6d879813-1f2a-450b-b8d0-b7c91642448e","083f0ada-78df-4134-aaa1-ccdddece366c"],"known_intercepts_absent":true,"mode":"user-context-close-retained-pages","pending":0,"version":"157.0.1"}
ok

test result: ok. 4 passed; 0 failed; 0 ignored; 0 measured; 0 filtered out; finished in 26.41s

