[
  {
    "host": "host-1",
    "available": true,
    "report_sha256": "6020c67cc040c14574a0b5a4abe8ff9500112ae84b94382c81a930d96d7256fd",
    "status": "failed",
    "complete": false,
    "actual_identities": {
      "commit": "06f12ef94b5edce44df68db6c28fb40b50421cb2",
      "chrome_version": "155.0.8059.39",
      "playwright_core": "1.64.0",
      "node": "v24.19.0",
      "rustc": "rustc 1.99.0 (b940084d7 2026-09-28)"
    },
    "pins_verified": true,
    "source_selected_count": 98,
    "source_selected_sha256_equal": true,
    "empty_git_status_verified": true,
    "whole_declared_source_count": 3638,
    "whole_declared_source_sha256_equal_head": true,
    "schema_and_original_raw_sidecars_verified": false,
    "load_error": "incomplete/failed setup report",
    "counts": {
      "rustwright": {
        "measured_attempts": 800,
        "measured_successes": 800,
        "warmup_attempts": 16,
        "warmup_successes": 16,
        "failures": []
      }
    }
  },
  {
    "host": "host-2",
    "available": true,
    "report_sha256": "a726e10c67bde32d56ba0535c9fd1365700cc332dbb6554c166b09d0b0af1e7d",
    "status": "failed",
    "complete": false,
    "actual_identities": {
      "commit": "06f12ef94b5edce44df68db6c28fb40b50421cb2",
      "chrome_version": "155.0.8059.39",
      "playwright_core": "1.64.0",
      "node": "v24.19.0",
      "rustc": "rustc 1.99.0 (b940084d7 2026-09-28)"
    },
    "pins_verified": true,
    "source_selected_count": 98,
    "source_selected_sha256_equal": true,
    "empty_git_status_verified": true,
    "whole_declared_source_count": 3638,
    "whole_declared_source_sha256_equal_head": true,
    "schema_and_original_raw_sidecars_verified": false,
    "load_error": "incomplete/failed setup report",
    "counts": {
      "rustwright": {
        "measured_attempts": 800,
        "measured_successes": 800,
        "warmup_attempts": 16,
        "warmup_successes": 16,
        "failures": []
      }
    }
  },
  {
    "host": "host-3",
    "available": true,
    "report_sha256": "86df70a69a2d845a21a7fc7be8ee3af465dda00ccc907dbf4dc9e27e029ea056",
    "status": "failed",
    "complete": false,
    "actual_identities": {
      "commit": "06f12ef94b5edce44df68db6c28fb40b50421cb2",
      "chrome_version": "155.0.8059.39",
      "playwright_core": "1.64.0",
      "node": "v24.19.0",
      "rustc": "rustc 1.99.0 (b940084d7 2026-09-28)"
    },
    "pins_verified": true,
    "source_selected_count": 98,
    "source_selected_sha256_equal": true,
    "empty_git_status_verified": true,
    "whole_declared_source_count": 3638,
    "whole_declared_source_sha256_equal_head": true,
    "schema_and_original_raw_sidecars_verified": false,
    "load_error": "incomplete/failed setup report",
    "counts": {
      "rustwright": {
        "measured_attempts": 800,
        "measured_successes": 800,
        "warmup_attempts": 16,
        "warmup_successes": 16,
        "failures": []
      }
    }
  }
]
