   Compiling proc-macro2 v1.0.107
   Compiling quote v1.0.47
   Compiling unicode-ident v1.0.26
   Compiling libc v0.2.189
   Compiling typenum v1.20.1
   Compiling cfg-if v1.0.5
   Compiling rand_core v0.10.1
   Compiling getrandom v0.4.3
   Compiling hybrid-array v0.4.15
   Compiling syn v3.0.6
   Compiling cpufeatures v0.3.1
   Compiling itoa v1.0.18
   Compiling serde_core v1.0.229
   Compiling block-buffer v0.12.1
   Compiling crypto-common v0.2.2
   Compiling bytes v1.12.1
   Compiling const-oid v0.10.2
   Compiling zmij v1.0.23
   Compiling pin-project-lite v0.2.17
   Compiling httparse v1.10.1
   Compiling thiserror v2.0.20
   Compiling digest v0.11.3
   Compiling errno v0.3.14
   Compiling chacha20 v0.10.2
   Compiling syn v2.0.119
   Compiling serde_json v1.0.151
   Compiling rand v0.10.2
   Compiling signal-hook-registry v1.4.8
   Compiling sha1 v0.11.0
   Compiling http v1.5.0
   Compiling mio v1.2.3
   Compiling socket2 v0.6.5
   Compiling thiserror-impl v2.0.20
   Compiling tokio-macros v2.7.2
   Compiling futures-macro v0.3.34
   Compiling futures-sink v0.3.34
   Compiling memchr v2.8.3
   Compiling futures-core v0.3.34
   Compiling slab v0.4.12
   Compiling data-encoding v2.11.1
   Compiling log v0.4.34
   Compiling futures-task v0.3.34
   Compiling once_cell v1.21.4
   Compiling serde v1.0.229
   Compiling tungstenite v0.30.0
   Compiling tracing-core v0.1.36
   Compiling futures-util v0.3.34
   Compiling tokio v1.53.1
   Compiling tracing-attributes v0.1.31
   Compiling serde_derive v1.0.229
   Compiling rustwright-common v0.1.0
   Compiling base64 v0.22.1
   Compiling rustwright-test-macros v0.1.0
   Compiling tracing v0.1.44
   Compiling tokio-tungstenite v0.30.0
   Compiling rustwright-cdp v0.1.0
   Compiling rustwright-browser v0.1.0
   Compiling rustwright-core v0.1.0
   Compiling rustwright-bidi v0.1.0
   Compiling rustwright v0.1.0
   Compiling rustwright-test v0.1.0
   Compiling rustwright-release-consumer v0.0.0 (/workspace/rustwright/target/release-check/consumer)
warning: function `fill_and_read` is never used
 --> tests/../src/readme_generic.rs:3:14
  |
3 | pub async fn fill_and_read<P>(page: &P, url: &str, text: &str) -> std::result::Result<String, P::Error>
  |              ^^^^^^^^^^^^^
  |
  = note: `#[warn(dead_code)]` on by default

warning: `rustwright-release-consumer` (test "readme_compile") generated 1 warning
    Finished `test` profile [unoptimized + debuginfo] target(s) in 32.48s
  Executable unittests src/bin/readme_firefox.rs (/workspace/rustwright/target/release-check/consumer-target-msrv/debug/deps/readme_firefox-96f8b6e8d23e3ca7)
  Executable unittests src/bin/readme_quickstart.rs (/workspace/rustwright/target/release-check/consumer-target-msrv/debug/deps/readme_quickstart-23e7c39501b0c163)
  Executable unittests src/main.rs (/workspace/rustwright/target/release-check/consumer-target-msrv/debug/deps/rustwright_release_consumer-a290deb2fdbca70a)
  Executable tests/browser.rs (/workspace/rustwright/target/release-check/consumer-target-msrv/debug/deps/browser-b20bce341094a551)
  Executable tests/macro_compile.rs (/workspace/rustwright/target/release-check/consumer-target-msrv/debug/deps/macro_compile-82f5f2684765f04a)
  Executable tests/readme_compile.rs (/workspace/rustwright/target/release-check/consumer-target-msrv/debug/deps/readme_compile-6793762f73afe531)
