   Packaging rustwright-cdp v0.1.0 (/workspace/rustwright/crates/rustwright-cdp)
    Packaged 25 files, 120.6KiB (30.1KiB compressed)
   Packaging rustwright-browser v0.1.0 (/workspace/rustwright/crates/rustwright-browser)
    Packaged 13 files, 69.8KiB (19.0KiB compressed)
   Packaging rustwright-common v0.1.0 (/workspace/rustwright/crates/rustwright-common)
    Packaged 13 files, 51.8KiB (15.7KiB compressed)
   Packaging rustwright-bidi v0.1.0 (/workspace/rustwright/crates/rustwright-bidi)
    Packaged 26 files, 275.6KiB (59.0KiB compressed)
   Packaging rustwright-core v0.1.0 (/workspace/rustwright/crates/rustwright-core)
    Packaged 23 files, 291.2KiB (65.5KiB compressed)
   Packaging rustwright v0.1.0 (/workspace/rustwright/crates/rustwright)
    Packaged 9 files, 49.2KiB (13.7KiB compressed)
   Packaging rustwright-test-macros v0.1.0 (/workspace/rustwright/crates/rustwright-test-macros)
    Packaged 8 files, 18.4KiB (7.0KiB compressed)
   Packaging rustwright-test v0.1.0 (/workspace/rustwright/crates/rustwright-test)
    Packaged 12 files, 65.5KiB (19.0KiB compressed)
   Verifying rustwright-cdp v0.1.0 (/workspace/rustwright/crates/rustwright-cdp)
   Compiling proc-macro2 v1.0.107
   Compiling unicode-ident v1.0.26
   Compiling quote v1.0.47
   Compiling libc v0.2.189
   Compiling typenum v1.20.1
   Compiling cfg-if v1.0.5
   Compiling getrandom v0.4.3
   Compiling rand_core v0.10.1
   Compiling cpufeatures v0.3.1
   Compiling httparse v1.10.1
   Compiling hybrid-array v0.4.15
   Compiling itoa v1.0.18
   Compiling pin-project-lite v0.2.17
   Compiling const-oid v0.10.2
   Compiling thiserror v2.0.20
   Compiling crypto-common v0.2.2
   Compiling block-buffer v0.12.1
   Compiling bytes v1.12.1
   Compiling serde_core v1.0.229
   Compiling syn v3.0.6
   Compiling chacha20 v0.10.2
   Compiling errno v0.3.14
   Compiling zmij v1.0.23
   Compiling signal-hook-registry v1.4.8
   Compiling digest v0.11.3
   Compiling rand v0.10.2
   Compiling sha1 v0.11.0
   Compiling http v1.5.0
   Compiling syn v2.0.119
   Compiling socket2 v0.6.5
   Compiling mio v1.2.3
   Compiling thiserror-impl v2.0.20
   Compiling futures-macro v0.3.34
   Compiling tokio-macros v2.7.2
   Compiling slab v0.4.12
   Compiling futures-sink v0.3.34
   Compiling futures-core v0.3.34
   Compiling futures-task v0.3.34
   Compiling once_cell v1.21.4
   Compiling data-encoding v2.11.1
   Compiling serde v1.0.229
   Compiling log v0.4.34
   Compiling serde_json v1.0.151
   Compiling tungstenite v0.30.0
   Compiling tracing-core v0.1.36
   Compiling futures-util v0.3.34
   Compiling tokio v1.53.1
   Compiling tracing-attributes v0.1.31
   Compiling serde_derive v1.0.229
   Compiling memchr v2.8.3
   Compiling tracing v0.1.44
   Compiling tokio-tungstenite v0.30.0
   Compiling rustwright-cdp v0.1.0 (/workspace/rustwright/target/release-check/package-target/1692ce918eaf21d2/package/rustwright-cdp-0.1.0)
    Finished `dev` profile [unoptimized + debuginfo] target(s) in 16.69s
   Verifying rustwright-browser v0.1.0 (/workspace/rustwright/crates/rustwright-browser)
   Unpacking rustwright-cdp v0.1.0 (registry `/workspace/rustwright/target/release-check/package-target/1692ce918eaf21d2/package/tmp-registry`)
   Compiling rustwright-cdp v0.1.0
   Compiling rustwright-browser v0.1.0 (/workspace/rustwright/target/release-check/package-target/1692ce918eaf21d2/package/rustwright-browser-0.1.0)
    Finished `dev` profile [unoptimized + debuginfo] target(s) in 18.88s
   Verifying rustwright-common v0.1.0 (/workspace/rustwright/crates/rustwright-common)
   Compiling serde_core v1.0.229
   Compiling serde_json v1.0.151
   Compiling rustwright-common v0.1.0 (/workspace/rustwright/target/release-check/package-target/1692ce918eaf21d2/package/rustwright-common-0.1.0)
    Finished `dev` profile [unoptimized + debuginfo] target(s) in 21.13s
   Verifying rustwright-bidi v0.1.0 (/workspace/rustwright/crates/rustwright-bidi)
   Unpacking rustwright-browser v0.1.0 (registry `/workspace/rustwright/target/release-check/package-target/1692ce918eaf21d2/package/tmp-registry`)
   Unpacking rustwright-common v0.1.0 (registry `/workspace/rustwright/target/release-check/package-target/1692ce918eaf21d2/package/tmp-registry`)
   Compiling rustwright-common v0.1.0
   Compiling base64 v0.22.1
   Compiling rustwright-browser v0.1.0
   Compiling rustwright-bidi v0.1.0 (/workspace/rustwright/target/release-check/package-target/1692ce918eaf21d2/package/rustwright-bidi-0.1.0)
    Finished `dev` profile [unoptimized + debuginfo] target(s) in 24.80s
   Verifying rustwright-core v0.1.0 (/workspace/rustwright/crates/rustwright-core)
   Compiling rustwright-core v0.1.0 (/workspace/rustwright/target/release-check/package-target/1692ce918eaf21d2/package/rustwright-core-0.1.0)
    Finished `dev` profile [unoptimized + debuginfo] target(s) in 28.32s
   Verifying rustwright v0.1.0 (/workspace/rustwright/crates/rustwright)
   Unpacking rustwright-bidi v0.1.0 (registry `/workspace/rustwright/target/release-check/package-target/1692ce918eaf21d2/package/tmp-registry`)
   Unpacking rustwright-core v0.1.0 (registry `/workspace/rustwright/target/release-check/package-target/1692ce918eaf21d2/package/tmp-registry`)
   Compiling rustwright-core v0.1.0
   Compiling rustwright-bidi v0.1.0
   Compiling rustwright v0.1.0 (/workspace/rustwright/target/release-check/package-target/1692ce918eaf21d2/package/rustwright-0.1.0)
    Finished `dev` profile [unoptimized + debuginfo] target(s) in 32.79s
   Verifying rustwright-test-macros v0.1.0 (/workspace/rustwright/crates/rustwright-test-macros)
   Compiling syn v2.0.119
   Compiling rustwright-test-macros v0.1.0 (/workspace/rustwright/target/release-check/package-target/1692ce918eaf21d2/package/rustwright-test-macros-0.1.0)
    Finished `dev` profile [unoptimized + debuginfo] target(s) in 35.82s
   Verifying rustwright-test v0.1.0 (/workspace/rustwright/crates/rustwright-test)
   Unpacking rustwright v0.1.0 (registry `/workspace/rustwright/target/release-check/package-target/1692ce918eaf21d2/package/tmp-registry`)
   Unpacking rustwright-test-macros v0.1.0 (registry `/workspace/rustwright/target/release-check/package-target/1692ce918eaf21d2/package/tmp-registry`)
   Compiling syn v2.0.119
   Compiling tracing-attributes v0.1.31
   Compiling rustwright-test-macros v0.1.0
   Compiling tracing v0.1.44
   Compiling rustwright-cdp v0.1.0
   Compiling rustwright-browser v0.1.0
   Compiling rustwright-core v0.1.0
   Compiling rustwright-bidi v0.1.0
   Compiling rustwright v0.1.0
   Compiling rustwright-test v0.1.0 (/workspace/rustwright/target/release-check/package-target/1692ce918eaf21d2/package/rustwright-test-0.1.0)
    Finished `dev` profile [unoptimized + debuginfo] target(s) in 45.04s
