    Updating crates.io index
     Locking 72 packages to highest compatible versions
 Downloading crates ...
  Downloaded lock_api v0.4.14
  Downloaded parking_lot v0.12.5
  Downloaded parking_lot_core v0.9.12
  Downloaded thiserror-impl v2.0.21
  Downloaded smallvec v1.16.2
  Downloaded libc v0.2.190
  Downloaded thiserror v2.0.21
  Downloaded rand v0.10.3
  Downloaded scopeguard v1.2.0
  Downloaded tokio v1.53.2
  Downloaded mio v1.2.4
   Compiling proc-macro2 v1.0.107
   Compiling unicode-ident v1.0.26
   Compiling quote v1.0.47
   Compiling libc v0.2.190
    Checking cfg-if v1.0.5
    Checking typenum v1.20.1
   Compiling serde_core v1.0.229
    Checking rand_core v0.10.1
    Checking cpufeatures v0.3.1
    Checking itoa v1.0.18
   Compiling getrandom v0.4.3
   Compiling syn v3.0.6
   Compiling parking_lot_core v0.9.12
    Checking hybrid-array v0.4.15
    Checking bytes v1.12.1
   Compiling thiserror v2.0.21
    Checking crypto-common v0.2.2
    Checking block-buffer v0.12.1
    Checking const-oid v0.10.2
   Compiling zmij v1.0.23
    Checking pin-project-lite v0.2.17
    Checking smallvec v1.16.2
    Checking scopeguard v1.2.0
   Compiling httparse v1.10.1
    Checking lock_api v0.4.14
    Checking digest v0.11.3
    Checking errno v0.3.14
   Compiling syn v2.0.119
    Checking chacha20 v0.10.2
   Compiling serde_json v1.0.151
    Checking rand v0.10.3
    Checking signal-hook-registry v1.4.8
    Checking parking_lot v0.12.5
    Checking sha1 v0.11.0
    Checking http v1.5.0
   Compiling thiserror-impl v2.0.21
   Compiling tokio-macros v2.7.2
   Compiling futures-macro v0.3.34
    Checking mio v1.2.4
    Checking socket2 v0.6.5
    Checking data-encoding v2.11.1
    Checking slab v0.4.12
   Compiling serde v1.0.229
    Checking once_cell v1.21.4
    Checking log v0.4.34
    Checking futures-core v0.3.34
    Checking futures-sink v0.3.34
    Checking memchr v2.8.3
    Checking futures-task v0.3.34
    Checking tungstenite v0.30.0
    Checking futures-util v0.3.34
    Checking tracing-core v0.1.36
   Compiling tracing-attributes v0.1.31
    Checking tokio v1.53.2
   Compiling serde_derive v1.0.229
    Checking tracing v0.1.44
    Checking rustwright-common v0.1.0 (/workspace/rustwright/target/release-check/path-workflow/rustwright/crates/rustwright-common)
    Checking base64 v0.22.1
   Compiling rustwright-test-macros v0.1.0 (/workspace/rustwright/target/release-check/path-workflow/rustwright/crates/rustwright-test-macros)
    Checking tokio-tungstenite v0.30.0
    Checking rustwright-cdp v0.1.0 (/workspace/rustwright/target/release-check/path-workflow/rustwright/crates/rustwright-cdp)
    Checking rustwright-browser v0.1.0 (/workspace/rustwright/target/release-check/path-workflow/rustwright/crates/rustwright-browser)
    Checking rustwright-bidi v0.1.0 (/workspace/rustwright/target/release-check/path-workflow/rustwright/crates/rustwright-bidi)
    Checking rustwright-core v0.1.0 (/workspace/rustwright/target/release-check/path-workflow/rustwright/crates/rustwright-core)
    Checking rustwright v0.1.0 (/workspace/rustwright/target/release-check/path-workflow/rustwright/crates/rustwright)
    Checking rustwright-test v0.1.0 (/workspace/rustwright/target/release-check/path-workflow/rustwright/crates/rustwright-test)
    Checking readme-path-consumer v0.0.0 (/workspace/rustwright/target/release-check/path-workflow/project)
    Finished `dev` profile [unoptimized + debuginfo] target(s) in 20.94s
