2026-10-09T19:53:36.3958670Z Current runner version: '2.337.0'
2026-10-09T19:53:36.3974940Z ##[group]Runner Image Provisioner
2026-10-09T19:53:36.3975490Z Hosted Compute Agent
2026-10-09T19:53:36.3975880Z Version: 20260828.587
2026-10-09T19:53:36.3976330Z Commit: abac92662cab4cc7352de4f9f9d2e2419aad9c29
2026-10-09T19:53:36.3976810Z Build Date: 2026-08-28T16:44:25Z
2026-10-09T19:53:36.3977260Z Worker ID: {aadbb508-29fd-4487-89c6-26d3b81c0c85}
2026-10-09T19:53:36.3977730Z Azure Region: westus
2026-10-09T19:53:36.3978110Z ##[endgroup]
2026-10-09T19:53:36.3979100Z ##[group]Operating System
2026-10-09T19:53:36.3980460Z macOS
2026-10-09T19:53:36.3980910Z 26.6.2
2026-10-09T19:53:36.3981300Z 25G83
2026-10-09T19:53:36.3981650Z ##[endgroup]
2026-10-09T19:53:36.3982100Z ##[group]Runner Image
2026-10-09T19:53:36.3982520Z Image: macos-26-arm64
2026-10-09T19:53:36.3982900Z Version: 20260907.0351.1
2026-10-09T19:53:36.3983750Z Included Software: https://github.com/actions/runner-images/blob/macos-26-arm64/20260907.0351/images/macos/macos-26-arm64-Readme.md
2026-10-09T19:53:36.3984790Z Image Release: https://github.com/actions/runner-images/releases/tag/macos-26-arm64%2F20260907.0351
2026-10-09T19:53:36.3985460Z ##[endgroup]
2026-10-09T19:53:36.3986210Z ##[group]GITHUB_TOKEN Permissions
2026-10-09T19:53:36.3987730Z Contents: read
2026-10-09T19:53:36.3988110Z Metadata: read
2026-10-09T19:53:36.3988510Z ##[endgroup]
2026-10-09T19:53:36.3990100Z Secret source: Actions
2026-10-09T19:53:36.3990750Z Cache mode: write
2026-10-09T19:53:36.3991210Z Prepare workflow directory
2026-10-09T19:53:36.4255060Z Prepare all required actions
2026-10-09T19:53:36.4291380Z Getting action download info
2026-10-09T19:53:36.7556580Z Download action repository 'actions/checkout@v5' (SHA:fbc6f3992d24b796d5a048ff273f7fcc4a7b6c09)
2026-10-09T19:53:36.9015910Z Download action repository 'dtolnay/rust-toolchain@stable' (SHA:686976e191b89faba57d3206551f0f330d8cb249)
2026-10-09T19:53:37.2649070Z Download action repository 'Swatinem/rust-cache@v2' (SHA:6323deb102c322ba6fcbdcafc7e3dddab59af2b6)
2026-10-09T19:53:38.0087590Z Download action repository 'actions/setup-python@v6' (SHA:ece7cb06caefa5fff74198d8649806c4678c61a1)
2026-10-09T19:53:38.0719350Z Download action repository 'browser-actions/setup-chrome@v2' (SHA:48ad923757ca74d66703209fe939badbdf80f2f4)
2026-10-09T19:53:38.6405350Z Download action repository 'browser-actions/setup-firefox@v1' (SHA:0bc507ddf224827e3b1af68e014d5e42ab93e795)
2026-10-09T19:53:39.2050860Z Download action repository 'actions/upload-artifact@v4' (SHA:ea165f8d65b6e75b540449e92b4886f43607fa02)
2026-10-09T19:53:39.3909330Z Complete job name: Required Chrome + Firefox / macos-latest
2026-10-09T19:53:39.4345490Z ##[group]Run actions/checkout@v5
2026-10-09T19:53:39.4345860Z with:
2026-10-09T19:53:39.4346040Z   repository: rsasaki0109/rustwright
2026-10-09T19:53:39.4348300Z   token: ***
2026-10-09T19:53:39.4348510Z   ssh-strict: true
2026-10-09T19:53:39.4348680Z   ssh-user: git
2026-10-09T19:53:39.4348860Z   persist-credentials: true
2026-10-09T19:53:39.4349060Z   clean: true
2026-10-09T19:53:39.4349290Z   sparse-checkout-cone-mode: true
2026-10-09T19:53:39.4349500Z   fetch-depth: 1
2026-10-09T19:53:39.4349680Z   fetch-tags: false
2026-10-09T19:53:39.4349850Z   show-progress: true
2026-10-09T19:53:39.4350020Z   lfs: false
2026-10-09T19:53:39.4350190Z   submodules: false
2026-10-09T19:53:39.4350360Z   set-safe-directory: true
2026-10-09T19:53:39.4350570Z   allow-unsafe-pr-checkout: false
2026-10-09T19:53:39.4350880Z env:
2026-10-09T19:53:39.4351040Z   CARGO_TERM_COLOR: always
2026-10-09T19:53:39.4351230Z   RUST_BACKTRACE: 1
2026-10-09T19:53:39.4351400Z ##[endgroup]
2026-10-09T19:53:39.7380870Z Syncing repository: rsasaki0109/rustwright
2026-10-09T19:53:39.7382000Z ##[group]Getting Git version info
2026-10-09T19:53:39.7382390Z Working directory is '/Users/runner/work/rustwright/rustwright'
2026-10-09T19:53:39.7382890Z [command]/opt/homebrew/bin/git version
2026-10-09T19:53:39.7876430Z git version 2.55.0
2026-10-09T19:53:39.7887320Z ##[endgroup]
2026-10-09T19:53:39.7893250Z Copying '/Users/runner/.gitconfig' to '/Users/runner/work/_temp/54006202-cffe-4b89-8d28-90ae780d7ce8/.gitconfig'
2026-10-09T19:53:39.7900150Z Temporarily overriding HOME='/Users/runner/work/_temp/54006202-cffe-4b89-8d28-90ae780d7ce8' before making global git config changes
2026-10-09T19:53:39.7900850Z Adding repository directory to the temporary git global config as a safe directory
2026-10-09T19:53:39.7903600Z [command]/opt/homebrew/bin/git config --global --add safe.directory /Users/runner/work/rustwright/rustwright
2026-10-09T19:53:39.7998770Z Deleting the contents of '/Users/runner/work/rustwright/rustwright'
2026-10-09T19:53:39.8003080Z ##[group]Initializing the repository
2026-10-09T19:53:39.8006520Z [command]/opt/homebrew/bin/git init /Users/runner/work/rustwright/rustwright
2026-10-09T19:53:39.8214570Z hint: Using 'master' as the name for the initial branch. This default branch name
2026-10-09T19:53:39.8216260Z hint: will change to "main" in Git 3.0. To configure the initial branch name
2026-10-09T19:53:39.8216960Z hint: to use in all of your new repositories, which will suppress this warning,
2026-10-09T19:53:39.8217380Z hint: call:
2026-10-09T19:53:39.8217550Z hint:
2026-10-09T19:53:39.8217990Z hint: 	git config --global init.defaultBranch <name>
2026-10-09T19:53:39.8218280Z hint:
2026-10-09T19:53:39.8218610Z hint: Names commonly chosen instead of 'master' are 'main', 'trunk' and
2026-10-09T19:53:39.8219120Z hint: 'development'. The just-created branch can be renamed via this command:
2026-10-09T19:53:39.8219470Z hint:
2026-10-09T19:53:39.8219670Z hint: 	git branch -m <name>
2026-10-09T19:53:39.8219880Z hint:
2026-10-09T19:53:39.8220190Z hint: Disable this message with "git config set advice.defaultBranchName false"
2026-10-09T19:53:39.8220680Z Initialized empty Git repository in /Users/runner/work/rustwright/rustwright/.git/
2026-10-09T19:53:39.8223250Z [command]/opt/homebrew/bin/git remote add origin https://github.com/rsasaki0109/rustwright
2026-10-09T19:53:39.8290490Z ##[endgroup]
2026-10-09T19:53:39.8290900Z ##[group]Disabling automatic garbage collection
2026-10-09T19:53:39.8292600Z [command]/opt/homebrew/bin/git config --local gc.auto 0
2026-10-09T19:53:39.8350060Z ##[endgroup]
2026-10-09T19:53:39.8350430Z ##[group]Setting up auth
2026-10-09T19:53:39.8351050Z [command]/opt/homebrew/bin/git config --local --name-only --get-regexp core\.sshCommand
2026-10-09T19:53:39.8406470Z [command]/opt/homebrew/bin/git submodule foreach --recursive sh -c "git config --local --name-only --get-regexp 'core\.sshCommand' && git config --local --unset-all 'core.sshCommand' || :"
2026-10-09T19:53:39.9136780Z [command]/opt/homebrew/bin/git config --local --name-only --get-regexp http\.https\:\/\/github\.com\/\.extraheader
2026-10-09T19:53:39.9192470Z [command]/opt/homebrew/bin/git submodule foreach --recursive sh -c "git config --local --name-only --get-regexp 'http\.https\:\/\/github\.com\/\.extraheader' && git config --local --unset-all 'http.https://github.com/.extraheader' || :"
2026-10-09T19:53:39.9851000Z [command]/opt/homebrew/bin/git config --local --name-only --get-regexp ^includeIf\.gitdir:
2026-10-09T19:53:39.9902720Z [command]/opt/homebrew/bin/git submodule foreach --recursive git config --local --show-origin --name-only --get-regexp remote.origin.url
2026-10-09T19:53:40.0849740Z [command]/opt/homebrew/bin/git config --local http.https://github.com/.extraheader AUTHORIZATION: basic ***
2026-10-09T19:53:40.0851470Z ##[endgroup]
2026-10-09T19:53:40.0852070Z ##[group]Fetching the repository
2026-10-09T19:53:40.0853840Z [command]/opt/homebrew/bin/git -c protocol.version=2 fetch --no-tags --prune --no-recurse-submodules --depth=1 origin +58ac49fda4fd9c85cf7711b9dc99aef32acd1f82:refs/remotes/pull/1/merge
2026-10-09T19:53:41.5628360Z From https://github.com/rsasaki0109/rustwright
2026-10-09T19:53:41.5629700Z  * [new ref]         58ac49fda4fd9c85cf7711b9dc99aef32acd1f82 -> pull/1/merge
2026-10-09T19:53:41.5632070Z ##[endgroup]
2026-10-09T19:53:41.5632520Z ##[group]Determining the checkout info
2026-10-09T19:53:41.5632980Z ##[endgroup]
2026-10-09T19:53:41.5636880Z [command]/opt/homebrew/bin/git sparse-checkout disable
2026-10-09T19:53:41.5715150Z [command]/opt/homebrew/bin/git config --local --unset-all extensions.worktreeConfig
2026-10-09T19:53:41.5796970Z ##[group]Checking out the ref
2026-10-09T19:53:41.5799130Z [command]/opt/homebrew/bin/git checkout --progress --force refs/remotes/pull/1/merge
2026-10-09T19:53:41.7976170Z HEAD is now at 58ac49f Merge 4cdec571a26c64e123a4dde66d4d9b47e8c64f63 into 91e72af388d000266c9b4e7567a3e1fe4007fc33
2026-10-09T19:53:41.7984000Z ##[endgroup]
2026-10-09T19:53:41.8070350Z [command]/opt/homebrew/bin/git log -1 --format=%H
2026-10-09T19:53:41.8133260Z 58ac49fda4fd9c85cf7711b9dc99aef32acd1f82
2026-10-09T19:53:41.8392570Z ##[group]Run dtolnay/rust-toolchain@stable
2026-10-09T19:53:41.8392810Z with:
2026-10-09T19:53:41.8392960Z   toolchain: stable
2026-10-09T19:53:41.8393100Z env:
2026-10-09T19:53:41.8393240Z   CARGO_TERM_COLOR: always
2026-10-09T19:53:41.8393400Z   RUST_BACKTRACE: 1
2026-10-09T19:53:41.8393550Z ##[endgroup]
2026-10-09T19:53:41.8439650Z ##[start-action display=Parse toolchain version;id=__dtolnay_rust-toolchain.parse]
2026-10-09T19:53:41.8485480Z ##[group]Run if [[ -z $toolchain ]]; then
2026-10-09T19:53:41.8485760Z [36;1mif [[ -z $toolchain ]]; then[0m
2026-10-09T19:53:41.8486190Z [36;1m  # GitHub does not enforce `required: true` inputs itself. https://github.com/actions/runner/issues/1070[0m
2026-10-09T19:53:41.8486620Z [36;1m  echo "'toolchain' is a required input" >&2[0m
2026-10-09T19:53:41.8486850Z [36;1m  exit 1[0m
2026-10-09T19:53:41.8487130Z [36;1melif [[ $toolchain =~ ^stable' '[0-9]+' '(year|month|week|day)s?' 'ago$ ]]; then[0m
2026-10-09T19:53:41.8487500Z [36;1m  if [[ macOS == macOS ]]; then[0m
2026-10-09T19:53:41.8487920Z [36;1m    echo "toolchain=1.$((($(date -v-$(sed 's/stable \([0-9]*\) \(.\).*/\1\2/' <<< $toolchain) +%s)/60/60/24-16569)/7/6))" >> $GITHUB_OUTPUT[0m
2026-10-09T19:53:41.8488340Z [36;1m  else[0m
2026-10-09T19:53:41.8488670Z [36;1m    echo "toolchain=1.$((($(date --date "${toolchain#stable }" +%s)/60/60/24-16569)/7/6))" >> $GITHUB_OUTPUT[0m
2026-10-09T19:53:41.8489040Z [36;1m  fi[0m
2026-10-09T19:53:41.8489270Z [36;1melif [[ $toolchain =~ ^stable' 'minus' '[0-9]+' 'releases?$ ]]; then[0m
2026-10-09T19:53:41.8489700Z [36;1m  echo "toolchain=1.$((($(date +%s)/60/60/24-16569)/7/6-${toolchain//[^0-9]/}))" >> $GITHUB_OUTPUT[0m
2026-10-09T19:53:41.8490070Z [36;1melif [[ $toolchain =~ ^1\.[0-9]+$ ]]; then[0m
2026-10-09T19:53:41.8490490Z [36;1m  echo "toolchain=1.$((i=${toolchain#1.}, c=($(date +%s)/60/60/24-16569)/7/6, i+9*i*(10*i<=c)+90*i*(100*i<=c)))" >> $GITHUB_OUTPUT[0m
2026-10-09T19:53:41.8490870Z [36;1melse[0m
2026-10-09T19:53:41.8491020Z [36;1m  delimiter=EOF[0m
2026-10-09T19:53:41.8491260Z [36;1m  while [[ $toolchain == *$delimiter* ]]; do delimiter+=_; done[0m
2026-10-09T19:53:41.8491660Z [36;1m  printf 'toolchain<<%s\n%s\n%s\n' "$delimiter" "$toolchain" "$delimiter" >> $GITHUB_OUTPUT[0m
2026-10-09T19:53:41.8491980Z [36;1mfi[0m
2026-10-09T19:53:41.8527930Z shell: /bin/bash --noprofile --norc -e -o pipefail {0}
2026-10-09T19:53:41.8528220Z env:
2026-10-09T19:53:41.8528380Z   CARGO_TERM_COLOR: always
2026-10-09T19:53:41.8528550Z   RUST_BACKTRACE: 1
2026-10-09T19:53:41.8528710Z   toolchain: stable
2026-10-09T19:53:41.8528860Z ##[endgroup]
2026-10-09T19:53:41.8782430Z ##[end-action id=__dtolnay_rust-toolchain.parse;outcome=success;conclusion=success;duration_ms=34]
2026-10-09T19:53:41.8785690Z ##[start-action display=Set $CARGO_HOME;id=__dtolnay_rust-toolchain.__run]
2026-10-09T19:53:41.8855410Z ##[group]Run echo CARGO_HOME=${CARGO_HOME:-"$HOME/.cargo"} >> $GITHUB_ENV
2026-10-09T19:53:41.8855870Z [36;1mecho CARGO_HOME=${CARGO_HOME:-"$HOME/.cargo"} >> $GITHUB_ENV[0m
2026-10-09T19:53:41.8887190Z shell: /bin/bash --noprofile --norc -e -o pipefail {0}
2026-10-09T19:53:41.8887500Z env:
2026-10-09T19:53:41.8887660Z   CARGO_TERM_COLOR: always
2026-10-09T19:53:41.8887850Z   RUST_BACKTRACE: 1
2026-10-09T19:53:41.8888040Z ##[endgroup]
2026-10-09T19:53:41.9096740Z ##[end-action id=__dtolnay_rust-toolchain.__run;outcome=success;conclusion=success;duration_ms=31]
2026-10-09T19:53:41.9098880Z ##[start-action display=Install rustup if needed;id=__dtolnay_rust-toolchain.__run_2]
2026-10-09T19:53:41.9138960Z ##[group]Run if ! command -v rustup &>/dev/null; then
2026-10-09T19:53:41.9139290Z [36;1mif ! command -v rustup &>/dev/null; then[0m
2026-10-09T19:53:41.9139930Z [36;1m  curl --proto '=https' --tlsv1.2 --retry 10 --retry-connrefused --location --silent --show-error --fail https://sh.rustup.rs | sh -s -- --default-toolchain none -y[0m
2026-10-09T19:53:41.9140810Z [36;1m  echo "$CARGO_HOME/bin" >> $GITHUB_PATH[0m
2026-10-09T19:53:41.9141630Z [36;1mfi[0m
2026-10-09T19:53:41.9170230Z shell: /bin/bash --noprofile --norc -e -o pipefail {0}
2026-10-09T19:53:41.9170490Z env:
2026-10-09T19:53:41.9170640Z   CARGO_TERM_COLOR: always
2026-10-09T19:53:41.9170840Z   RUST_BACKTRACE: 1
2026-10-09T19:53:41.9171010Z   CARGO_HOME: /Users/runner/.cargo
2026-10-09T19:53:41.9171240Z ##[endgroup]
2026-10-09T19:53:41.9373910Z ##[end-action id=__dtolnay_rust-toolchain.__run_2;outcome=success;conclusion=success;duration_ms=27]
2026-10-09T19:53:41.9376170Z ##[start-action display=Install rustup if needed on windows;id=__dtolnay_rust-toolchain.__run_3]
2026-10-09T19:53:41.9383180Z ##[end-action id=__dtolnay_rust-toolchain.__run_3;outcome=skipped;conclusion=skipped;duration_ms=0]
2026-10-09T19:53:41.9392860Z ##[start-action display=rustup toolchain install stable;id=__dtolnay_rust-toolchain.__run_4]
2026-10-09T19:53:41.9415440Z ##[group]Run set -f  # split targets and components on commas and whitespace, without glob expansion
2026-10-09T19:53:41.9416110Z [36;1mset -f  # split targets and components on commas and whitespace, without glob expansion[0m
2026-10-09T19:53:41.9416530Z [36;1mflags=()[0m
2026-10-09T19:53:41.9416760Z [36;1mfor t in ${targets//,/ }; do flags+=(--target "$t"); done[0m
2026-10-09T19:53:41.9417130Z [36;1mfor c in ${components//,/ }; do flags+=(--component "$c"); done[0m
2026-10-09T19:53:41.9417630Z [36;1mif [[ $toolchain == nightly && -n $components ]]; then flags+=(--allow-downgrade); fi[0m
2026-10-09T19:53:41.9418010Z [36;1mlog=$(mktemp)[0m
2026-10-09T19:53:41.9418210Z [36;1mtrap 'rm -f "$log"' EXIT[0m
2026-10-09T19:53:41.9418430Z [36;1mfor attempt in 1 2 3 4 5; do[0m
2026-10-09T19:53:41.9418910Z [36;1m  if rustup toolchain install "$toolchain" "${flags[@]}" --profile minimal --no-self-update --force-non-host 2>&1 | tee "$log"; then[0m
2026-10-09T19:53:41.9419390Z [36;1m    break[0m
2026-10-09T19:53:41.9419550Z [36;1m  else[0m
2026-10-09T19:53:41.9419720Z [36;1m    status=$?[0m
2026-10-09T19:53:41.9419880Z [36;1m  fi[0m
2026-10-09T19:53:41.9420140Z [36;1m  if [[ $attempt == 5 ]] || ! grep -Fq 'checksum failed for ' "$log" \[0m
2026-10-09T19:53:41.9420620Z [36;1m      || ! grep -Fq 'this is likely due to an ongoing update of the official release server' "$log"; then[0m
2026-10-09T19:53:41.9421020Z [36;1m    exit "$status"[0m
2026-10-09T19:53:41.9421210Z [36;1m  fi[0m
2026-10-09T19:53:41.9421510Z [36;1m  echo "Retrying rustup toolchain install in 30 seconds (retry $attempt of 4)" >&2[0m
2026-10-09T19:53:41.9421860Z [36;1m  sleep 30[0m
2026-10-09T19:53:41.9422030Z [36;1mdone[0m
2026-10-09T19:53:41.9450840Z shell: /bin/bash --noprofile --norc -e -o pipefail {0}
2026-10-09T19:53:41.9451110Z env:
2026-10-09T19:53:41.9451270Z   CARGO_TERM_COLOR: always
2026-10-09T19:53:41.9451480Z   RUST_BACKTRACE: 1
2026-10-09T19:53:41.9451710Z   CARGO_HOME: /Users/runner/.cargo
2026-10-09T19:53:41.9451920Z   toolchain: stable
2026-10-09T19:53:41.9452080Z   targets: 
2026-10-09T19:53:41.9452230Z   components: 
2026-10-09T19:53:41.9452410Z   RUSTUP_PERMIT_COPY_RENAME: 1
2026-10-09T19:53:41.9452600Z ##[endgroup]
2026-10-09T19:53:42.2734060Z info: syncing channel updates for stable-aarch64-apple-darwin
2026-10-09T19:53:42.4724650Z info: latest update on 2026-10-01 for version 1.99.0 (b940084d7 2026-09-28)
2026-10-09T19:53:42.4814570Z info: removing previous version of component clippy
2026-10-09T19:53:42.4839250Z info: removing previous version of component rustfmt
2026-10-09T19:53:42.4849980Z info: removing previous version of component cargo
2026-10-09T19:53:42.4906930Z info: removing previous version of component rust-std
2026-10-09T19:53:42.4981000Z info: removing previous version of component rustc
2026-10-09T19:53:42.5043460Z info: downloading 5 components
2026-10-09T19:53:47.9496240Z 
2026-10-09T19:53:48.0381800Z   stable-aarch64-apple-darwin updated - rustc 1.99.0 (b940084d7 2026-09-28) (from rustc 1.98.1 (48a229cea 2026-09-01))
2026-10-09T19:53:48.0382240Z 
2026-10-09T19:53:48.0386240Z info: self-update is disabled for this build of rustup
2026-10-09T19:53:48.0386840Z info: any updates to rustup will need to be fetched with your system package manager
2026-10-09T19:53:48.0715480Z ##[end-action id=__dtolnay_rust-toolchain.__run_4;outcome=success;conclusion=success;duration_ms=6129]
2026-10-09T19:53:48.0720240Z ##[start-action display=rustup default stable;id=__dtolnay_rust-toolchain.__run_5]
2026-10-09T19:53:48.0762450Z ##[group]Run rustup default "$toolchain" --force-non-host
2026-10-09T19:53:48.0762800Z [36;1mrustup default "$toolchain" --force-non-host[0m
2026-10-09T19:53:48.0792230Z shell: /bin/bash --noprofile --norc -e -o pipefail {0}
2026-10-09T19:53:48.0792480Z env:
2026-10-09T19:53:48.0792640Z   CARGO_TERM_COLOR: always
2026-10-09T19:53:48.0792830Z   RUST_BACKTRACE: 1
2026-10-09T19:53:48.0792990Z   CARGO_HOME: /Users/runner/.cargo
2026-10-09T19:53:48.0793200Z   toolchain: stable
2026-10-09T19:53:48.0793350Z ##[endgroup]
2026-10-09T19:53:48.1128050Z info: using existing install for stable-aarch64-apple-darwin
2026-10-09T19:53:48.1142520Z info: default toolchain set to stable-aarch64-apple-darwin
2026-10-09T19:53:48.1142800Z 
2026-10-09T19:53:48.1309970Z   stable-aarch64-apple-darwin unchanged - rustc 1.99.0 (b940084d7 2026-09-28)
2026-10-09T19:53:48.1310300Z 
2026-10-09T19:53:48.1324540Z ##[end-action id=__dtolnay_rust-toolchain.__run_5;outcome=success;conclusion=success;duration_ms=60]
2026-10-09T19:53:48.1328150Z ##[start-action display=Create cachekey;id=__dtolnay_rust-toolchain.rustc-version]
2026-10-09T19:53:48.1350100Z ##[group]Run DATE=$(rustc +"$toolchain" --version --verbose | sed -ne 's/^commit-date: \(20[0-9][0-9]\)-\([01][0-9]\)-\([0-3][0-9]\)$/\1\2\3/p')
2026-10-09T19:53:48.1350980Z [36;1mDATE=$(rustc +"$toolchain" --version --verbose | sed -ne 's/^commit-date: \(20[0-9][0-9]\)-\([01][0-9]\)-\([0-3][0-9]\)$/\1\2\3/p')[0m
2026-10-09T19:53:48.1351640Z [36;1mHASH=$(rustc +"$toolchain" --version --verbose | sed -ne 's/^commit-hash: //p')[0m
2026-10-09T19:53:48.1352110Z [36;1mecho "cachekey=$(echo $DATE$HASH | head -c12)" >> $GITHUB_OUTPUT[0m
2026-10-09T19:53:48.1383870Z shell: /bin/bash --noprofile --norc -e -o pipefail {0}
2026-10-09T19:53:48.1384130Z env:
2026-10-09T19:53:48.1384340Z   CARGO_TERM_COLOR: always
2026-10-09T19:53:48.1384530Z   RUST_BACKTRACE: 1
2026-10-09T19:53:48.1384700Z   CARGO_HOME: /Users/runner/.cargo
2026-10-09T19:53:48.1384950Z   toolchain: stable
2026-10-09T19:53:48.1385110Z ##[endgroup]
2026-10-09T19:53:48.2172590Z ##[end-action id=__dtolnay_rust-toolchain.rustc-version;outcome=success;conclusion=success;duration_ms=84]
2026-10-09T19:53:48.2174750Z ##[start-action display=Disable incremental compilation;id=__dtolnay_rust-toolchain.__run_6]
2026-10-09T19:53:48.2193990Z ##[group]Run if [ -z "${CARGO_INCREMENTAL+set}" ]; then
2026-10-09T19:53:48.2194290Z [36;1mif [ -z "${CARGO_INCREMENTAL+set}" ]; then[0m
2026-10-09T19:53:48.2194580Z [36;1m  echo CARGO_INCREMENTAL=0 >> $GITHUB_ENV[0m
2026-10-09T19:53:48.2194800Z [36;1mfi[0m
2026-10-09T19:53:48.2223380Z shell: /bin/bash --noprofile --norc -e -o pipefail {0}
2026-10-09T19:53:48.2223650Z env:
2026-10-09T19:53:48.2223810Z   CARGO_TERM_COLOR: always
2026-10-09T19:53:48.2224000Z   RUST_BACKTRACE: 1
2026-10-09T19:53:48.2224180Z   CARGO_HOME: /Users/runner/.cargo
2026-10-09T19:53:48.2224380Z ##[endgroup]
2026-10-09T19:53:48.2425300Z ##[end-action id=__dtolnay_rust-toolchain.__run_6;outcome=success;conclusion=success;duration_ms=24]
2026-10-09T19:53:48.2427750Z ##[start-action display=Enable colors in Cargo output;id=__dtolnay_rust-toolchain.__run_7]
2026-10-09T19:53:48.2456390Z ##[group]Run if [ -z "${CARGO_TERM_COLOR+set}" ]; then
2026-10-09T19:53:48.2456700Z [36;1mif [ -z "${CARGO_TERM_COLOR+set}" ]; then[0m
2026-10-09T19:53:48.2456990Z [36;1m  echo CARGO_TERM_COLOR=always >> $GITHUB_ENV[0m
2026-10-09T19:53:48.2457240Z [36;1mfi[0m
2026-10-09T19:53:48.2485010Z shell: /bin/bash --noprofile --norc -e -o pipefail {0}
2026-10-09T19:53:48.2485270Z env:
2026-10-09T19:53:48.2485430Z   CARGO_TERM_COLOR: always
2026-10-09T19:53:48.2485810Z   RUST_BACKTRACE: 1
2026-10-09T19:53:48.2485990Z   CARGO_HOME: /Users/runner/.cargo
2026-10-09T19:53:48.2486200Z   CARGO_INCREMENTAL: 0
2026-10-09T19:53:48.2486350Z ##[endgroup]
2026-10-09T19:53:48.2686300Z ##[end-action id=__dtolnay_rust-toolchain.__run_7;outcome=success;conclusion=success;duration_ms=25]
2026-10-09T19:53:48.2689620Z ##[start-action display=Enable Cargo sparse registry;id=__dtolnay_rust-toolchain.__run_8]
2026-10-09T19:53:48.2707910Z ##[group]Run # implemented in 1.66, stabilized in 1.68, made default in 1.70
2026-10-09T19:53:48.2708330Z [36;1m# implemented in 1.66, stabilized in 1.68, made default in 1.70[0m
2026-10-09T19:53:48.2708900Z [36;1mif [ -z "${CARGO_REGISTRIES_CRATES_IO_PROTOCOL+set}" -o -f "/Users/runner/work/_temp"/.implicit_cargo_registries_crates_io_protocol ]; then[0m
2026-10-09T19:53:48.2709500Z [36;1m  if rustc +"$toolchain" --version --verbose | grep -q '^release: 1\.6[89]\.'; then[0m
2026-10-09T19:53:48.2709990Z [36;1m    touch "/Users/runner/work/_temp"/.implicit_cargo_registries_crates_io_protocol || true[0m
2026-10-09T19:53:48.2710460Z [36;1m    echo CARGO_REGISTRIES_CRATES_IO_PROTOCOL=sparse >> $GITHUB_ENV[0m
2026-10-09T19:53:48.2710860Z [36;1m  elif rustc +"$toolchain" --version --verbose | grep -q '^release: 1\.6[67]\.'; then[0m
2026-10-09T19:53:48.2711330Z [36;1m    touch "/Users/runner/work/_temp"/.implicit_cargo_registries_crates_io_protocol || true[0m
2026-10-09T19:53:48.2711760Z [36;1m    echo CARGO_REGISTRIES_CRATES_IO_PROTOCOL=git >> $GITHUB_ENV[0m
2026-10-09T19:53:48.2712040Z [36;1m  fi[0m
2026-10-09T19:53:48.2712170Z [36;1mfi[0m
2026-10-09T19:53:48.2739650Z shell: /bin/bash --noprofile --norc -e -o pipefail {0}
2026-10-09T19:53:48.2739900Z env:
2026-10-09T19:53:48.2740040Z   CARGO_TERM_COLOR: always
2026-10-09T19:53:48.2740210Z   RUST_BACKTRACE: 1
2026-10-09T19:53:48.2740370Z   CARGO_HOME: /Users/runner/.cargo
2026-10-09T19:53:48.2740570Z   CARGO_INCREMENTAL: 0
2026-10-09T19:53:48.2740750Z   toolchain: stable
2026-10-09T19:53:48.2740890Z ##[endgroup]
2026-10-09T19:53:48.3463970Z ##[end-action id=__dtolnay_rust-toolchain.__run_8;outcome=success;conclusion=success;duration_ms=77]
2026-10-09T19:53:48.3466850Z ##[start-action display=Work around spurious network errors in curl 8.0;id=__dtolnay_rust-toolchain.__run_9]
2026-10-09T19:53:48.3483760Z ##[group]Run # https://rust-lang.zulipchat.com/#narrow/stream/246057-t-cargo/topic/timeout.20investigation
2026-10-09T19:53:48.3484420Z [36;1m# https://rust-lang.zulipchat.com/#narrow/stream/246057-t-cargo/topic/timeout.20investigation[0m
2026-10-09T19:53:48.3484950Z [36;1mif rustc +"$toolchain" --version --verbose | grep -q '^release: 1\.7[01]\.'; then[0m
2026-10-09T19:53:48.3485330Z [36;1m  echo CARGO_HTTP_MULTIPLEXING=false >> $GITHUB_ENV[0m
2026-10-09T19:53:48.3485590Z [36;1mfi[0m
2026-10-09T19:53:48.3514050Z shell: /bin/bash --noprofile --norc -e -o pipefail {0}
2026-10-09T19:53:48.3514310Z env:
2026-10-09T19:53:48.3514460Z   CARGO_TERM_COLOR: always
2026-10-09T19:53:48.3514650Z   RUST_BACKTRACE: 1
2026-10-09T19:53:48.3514840Z   CARGO_HOME: /Users/runner/.cargo
2026-10-09T19:53:48.3515070Z   CARGO_INCREMENTAL: 0
2026-10-09T19:53:48.3515280Z   toolchain: stable
2026-10-09T19:53:48.3515470Z ##[endgroup]
2026-10-09T19:53:48.3990130Z ##[end-action id=__dtolnay_rust-toolchain.__run_9;outcome=success;conclusion=success;duration_ms=52]
2026-10-09T19:53:48.3993850Z ##[start-action display=rustc +stable --version --verbose;id=__dtolnay_rust-toolchain.__run_10]
2026-10-09T19:53:48.4193440Z ##[group]Run rustc +"$toolchain" --version --verbose
2026-10-09T19:53:48.4193760Z [36;1mrustc +"$toolchain" --version --verbose[0m
2026-10-09T19:53:48.4224680Z shell: /bin/bash --noprofile --norc -e -o pipefail {0}
2026-10-09T19:53:48.4224960Z env:
2026-10-09T19:53:48.4225120Z   CARGO_TERM_COLOR: always
2026-10-09T19:53:48.4225330Z   RUST_BACKTRACE: 1
2026-10-09T19:53:48.4225500Z   CARGO_HOME: /Users/runner/.cargo
2026-10-09T19:53:48.4225710Z   CARGO_INCREMENTAL: 0
2026-10-09T19:53:48.4225870Z   toolchain: stable
2026-10-09T19:53:48.4226260Z ##[endgroup]
2026-10-09T19:53:48.4755950Z rustc 1.99.0 (b940084d7 2026-09-28)
2026-10-09T19:53:48.4764200Z binary: rustc
2026-10-09T19:53:48.4764560Z commit-hash: b940084d7eb6a299eb4bfeb8e34901bc051e7ac4
2026-10-09T19:53:48.4765470Z commit-date: 2026-09-28
2026-10-09T19:53:48.4766720Z host: aarch64-apple-darwin
2026-10-09T19:53:48.4767170Z release: 1.99.0
2026-10-09T19:53:48.4767470Z LLVM version: 23.1.1
2026-10-09T19:53:48.4772790Z ##[end-action id=__dtolnay_rust-toolchain.__run_10;outcome=success;conclusion=success;duration_ms=77]
2026-10-09T19:53:48.5207200Z ##[group]Run Swatinem/rust-cache@v2
2026-10-09T19:53:48.5207450Z with:
2026-10-09T19:53:48.5207620Z   prefix-key: v0-rust
2026-10-09T19:53:48.5207830Z   add-job-id-key: true
2026-10-09T19:53:48.5208030Z   add-rust-environment-hash-key: true
2026-10-09T19:53:48.5208240Z   cache-targets: true
2026-10-09T19:53:48.5208430Z   cache-all-crates: false
2026-10-09T19:53:48.5208620Z   cache-workspace-crates: false
2026-10-09T19:53:48.5208830Z   save-if: true
2026-10-09T19:53:48.5209010Z   cache-provider: github
2026-10-09T19:53:48.5209220Z   cache-bin: true
2026-10-09T19:53:48.5209380Z   lookup-only: false
2026-10-09T19:53:48.5209550Z   cmd-format: {0}
2026-10-09T19:53:48.5209700Z env:
2026-10-09T19:53:48.5209870Z   CARGO_TERM_COLOR: always
2026-10-09T19:53:48.5210100Z   RUST_BACKTRACE: 1
2026-10-09T19:53:48.5210280Z   CARGO_HOME: /Users/runner/.cargo
2026-10-09T19:53:48.5210480Z   CARGO_INCREMENTAL: 0
2026-10-09T19:53:48.5210650Z ##[endgroup]
2026-10-09T19:53:49.7163600Z ##[group]Cache Configuration
2026-10-09T19:53:49.7164060Z Cache Provider:
2026-10-09T19:53:49.7164230Z     github
2026-10-09T19:53:49.7164380Z Workspaces:
2026-10-09T19:53:49.7164590Z     /Users/runner/work/rustwright/rustwright
2026-10-09T19:53:49.7164850Z Cache Paths:
2026-10-09T19:53:49.7165010Z     /Users/runner/.cargo/bin
2026-10-09T19:53:49.7165230Z     /Users/runner/.cargo/.crates.toml
2026-10-09T19:53:49.7165480Z     /Users/runner/.cargo/.crates2.json
2026-10-09T19:53:49.7165740Z     /Users/runner/.cargo/registry
2026-10-09T19:53:49.7175470Z     /Users/runner/.cargo/git
2026-10-09T19:53:49.7175740Z     /Users/runner/work/rustwright/rustwright/target
2026-10-09T19:53:49.7176040Z Restore Key:
2026-10-09T19:53:49.7176240Z     v0-rust-browser-compat-Darwin-arm64-22602039
2026-10-09T19:53:49.7176570Z Cache Key:
2026-10-09T19:53:49.7176810Z     v0-rust-browser-compat-Darwin-arm64-22602039-5e13362d
2026-10-09T19:53:49.7177120Z .. Prefix:
2026-10-09T19:53:49.7177310Z   - v0-rust-browser-compat-Darwin-arm64
2026-10-09T19:53:49.7177600Z .. Environment considered:
2026-10-09T19:53:49.7177810Z   - Rust Versions:
2026-10-09T19:53:49.7178120Z     - 1.99.0 aarch64-apple-darwin b940084d7eb6a299eb4bfeb8e34901bc051e7ac4
2026-10-09T19:53:49.7178480Z   - CARGO_HOME
2026-10-09T19:53:49.7178660Z   - CARGO_INCREMENTAL
2026-10-09T19:53:49.7178860Z   - CARGO_TERM_COLOR
2026-10-09T19:53:49.7179050Z   - RUST_BACKTRACE
2026-10-09T19:53:49.7179240Z .. Lockfiles considered:
2026-10-09T19:53:49.7179470Z   - /Users/runner/work/rustwright/rustwright/Cargo.lock
2026-10-09T19:53:49.7179910Z   - /Users/runner/work/rustwright/rustwright/crates/rustwright-bidi/Cargo.toml
2026-10-09T19:53:49.7180410Z   - /Users/runner/work/rustwright/rustwright/crates/rustwright-browser/Cargo.toml
2026-10-09T19:53:49.7180990Z   - /Users/runner/work/rustwright/rustwright/crates/rustwright-cdp/Cargo.toml
2026-10-09T19:53:49.7181860Z   - /Users/runner/work/rustwright/rustwright/crates/rustwright-common/Cargo.toml
2026-10-09T19:53:49.7182300Z   - /Users/runner/work/rustwright/rustwright/crates/rustwright-core/Cargo.toml
2026-10-09T19:53:49.7182760Z   - /Users/runner/work/rustwright/rustwright/crates/rustwright-test-macros/Cargo.toml
2026-10-09T19:53:49.7183220Z   - /Users/runner/work/rustwright/rustwright/crates/rustwright-test/Cargo.toml
2026-10-09T19:53:49.7183640Z   - /Users/runner/work/rustwright/rustwright/crates/rustwright/Cargo.toml
2026-10-09T19:53:49.7184180Z   - /Users/runner/work/rustwright/rustwright/docs/ci/results/firefox-network-idle/local/release/consumer/.cargo/config.toml
2026-10-09T19:53:49.7184860Z   - /Users/runner/work/rustwright/rustwright/docs/ci/results/remote-20261009/followup-local/consumer/.cargo/config.toml
2026-10-09T19:53:49.7185500Z   - /Users/runner/work/rustwright/rustwright/docs/ci/results/required-browser/release/consumer/.cargo/config.toml
2026-10-09T19:53:49.7186120Z   - /Users/runner/work/rustwright/rustwright/docs/release/results/local-package/consumer/.cargo/config.toml
2026-10-09T19:53:49.7187380Z   - /Users/runner/work/rustwright/rustwright/examples/Cargo.toml
2026-10-09T19:53:49.7187920Z   - /Users/runner/work/rustwright/rustwright/tests/Cargo.toml
2026-10-09T19:53:49.7188380Z ##[endgroup]
2026-10-09T19:53:49.7188470Z 
2026-10-09T19:53:49.7188550Z ... Restoring cache ...
2026-10-09T19:53:49.9009720Z Cache hit for: v0-rust-browser-compat-Darwin-arm64-22602039-5e13362d
2026-10-09T19:53:50.9431710Z Received 56831950 of 56831950 (100.0%), 62.3 MBs/sec
2026-10-09T19:53:50.9437950Z Cache Size: ~54 MB (56831950 B)
2026-10-09T19:53:50.9533670Z [command]/opt/homebrew/bin/gtar -xf /Users/runner/work/_temp/d5e7dcd0-adab-4048-b547-2c9f813ce305/cache.tzst -P -C /Users/runner/work/rustwright/rustwright --delay-directory-restore --use-compress-program unzstd
2026-10-09T19:53:51.2908600Z Cache restored successfully
2026-10-09T19:53:51.2918170Z Restored from cache key "v0-rust-browser-compat-Darwin-arm64-22602039-5e13362d" full match: true.
2026-10-09T19:53:51.3006310Z ##[group]Run actions/setup-python@v6
2026-10-09T19:53:51.3006550Z with:
2026-10-09T19:53:51.3006720Z   python-version: 3.11
2026-10-09T19:53:51.3006900Z   check-latest: false
2026-10-09T19:53:51.3009000Z   token: ***
2026-10-09T19:53:51.3009170Z   update-environment: true
2026-10-09T19:53:51.3009410Z   allow-prereleases: false
2026-10-09T19:53:51.3009590Z   freethreaded: false
2026-10-09T19:53:51.3009770Z env:
2026-10-09T19:53:51.3009920Z   CARGO_TERM_COLOR: always
2026-10-09T19:53:51.3010110Z   RUST_BACKTRACE: 1
2026-10-09T19:53:51.3010300Z   CARGO_HOME: /Users/runner/.cargo
2026-10-09T19:53:51.3010500Z   CARGO_INCREMENTAL: 0
2026-10-09T19:53:51.3010700Z   CACHE_ON_FAILURE: false
2026-10-09T19:53:51.3010920Z ##[endgroup]
2026-10-09T19:53:51.4003990Z ##[group]Installed versions
2026-10-09T19:53:51.4078840Z Successfully set up CPython (3.11.9)
2026-10-09T19:53:51.4079640Z ##[endgroup]
2026-10-09T19:53:51.4158160Z ##[group]Run browser-actions/setup-chrome@v2
2026-10-09T19:53:51.4158420Z with:
2026-10-09T19:53:51.4158600Z   chrome-version: stable
2026-10-09T19:53:51.4158800Z   install-dependencies: true
2026-10-09T19:53:51.4159000Z   install-chromedriver: false
2026-10-09T19:53:51.4159170Z   no-sudo: false
2026-10-09T19:53:51.4159320Z env:
2026-10-09T19:53:51.4159480Z   CARGO_TERM_COLOR: always
2026-10-09T19:53:51.4159660Z   RUST_BACKTRACE: 1
2026-10-09T19:53:51.4159830Z   CARGO_HOME: /Users/runner/.cargo
2026-10-09T19:53:51.4160030Z   CARGO_INCREMENTAL: 0
2026-10-09T19:53:51.4160210Z   CACHE_ON_FAILURE: false
2026-10-09T19:53:51.4160480Z   pythonLocation: /Users/runner/hostedtoolcache/Python/3.11.9/arm64
2026-10-09T19:53:51.4160890Z   PKG_CONFIG_PATH: /Users/runner/hostedtoolcache/Python/3.11.9/arm64/lib/pkgconfig
2026-10-09T19:53:51.4161320Z   Python_ROOT_DIR: /Users/runner/hostedtoolcache/Python/3.11.9/arm64
2026-10-09T19:53:51.4161730Z   Python2_ROOT_DIR: /Users/runner/hostedtoolcache/Python/3.11.9/arm64
2026-10-09T19:53:51.4162280Z   Python3_ROOT_DIR: /Users/runner/hostedtoolcache/Python/3.11.9/arm64
2026-10-09T19:53:51.4162600Z ##[endgroup]
2026-10-09T19:53:51.4839630Z Installing dependencies
2026-10-09T19:53:51.4856750Z ##[warning]install-dependencies is only supported on Linux, but current platform is darwin
2026-10-09T19:53:51.4937230Z Setup chrome stable
2026-10-09T19:53:51.4938040Z Attempting to download chrome stable...
2026-10-09T19:53:51.5578820Z Acquiring chrome stable from https://storage.googleapis.com/chrome-for-testing-public/155.0.8059.39/mac-arm64/chrome-mac-arm64.zip
2026-10-09T19:53:54.1616760Z Installing chrome...
2026-10-09T19:53:54.1670170Z [command]/usr/bin/unzip -o -q /Users/runner/work/_temp/755a79f4-3617-4117-8f44-562d363770ea
2026-10-09T19:53:57.5940620Z Successfully Installed chrome to /Users/runner/hostedtoolcache/setup-chrome/chrome/stable/arm64
2026-10-09T19:53:57.5944970Z [command]/Users/runner/hostedtoolcache/setup-chrome/chrome/stable/arm64/Contents/MacOS/Google Chrome for Testing --version
2026-10-09T19:53:57.7657910Z Google Chrome for Testing 155.0.8059.39 
2026-10-09T19:53:57.7670270Z Successfully setup chrome 155.0.8059.39
2026-10-09T19:53:57.7754560Z ##[group]Run browser-actions/setup-firefox@v1
2026-10-09T19:53:57.7754830Z with:
2026-10-09T19:53:57.7754980Z   firefox-version: 157.0.1
2026-10-09T19:53:57.7755230Z env:
2026-10-09T19:53:57.7755410Z   CARGO_TERM_COLOR: always
2026-10-09T19:53:57.7755600Z   RUST_BACKTRACE: 1
2026-10-09T19:53:57.7755790Z   CARGO_HOME: /Users/runner/.cargo
2026-10-09T19:53:57.7756130Z   CARGO_INCREMENTAL: 0
2026-10-09T19:53:57.7756340Z   CACHE_ON_FAILURE: false
2026-10-09T19:53:57.7756780Z   pythonLocation: /Users/runner/hostedtoolcache/Python/3.11.9/arm64
2026-10-09T19:53:57.7757430Z   PKG_CONFIG_PATH: /Users/runner/hostedtoolcache/Python/3.11.9/arm64/lib/pkgconfig
2026-10-09T19:53:57.7757960Z   Python_ROOT_DIR: /Users/runner/hostedtoolcache/Python/3.11.9/arm64
2026-10-09T19:53:57.7758420Z   Python2_ROOT_DIR: /Users/runner/hostedtoolcache/Python/3.11.9/arm64
2026-10-09T19:53:57.7758820Z   Python3_ROOT_DIR: /Users/runner/hostedtoolcache/Python/3.11.9/arm64
2026-10-09T19:53:57.7759200Z ##[endgroup]
2026-10-09T19:53:57.8570760Z Setup firefox 157.0.1 (en-US)
2026-10-09T19:53:57.8574520Z Attempting to download firefox 157.0.1...
2026-10-09T19:53:57.8575710Z This is the version number:157
2026-10-09T19:53:57.8576200Z Acquiring 157.0.1 from https://ftp.mozilla.org/pub/firefox/releases/157.0.1/mac/en-US/Firefox%20157.0.1.dmg
2026-10-09T19:53:58.7189480Z Extracting Firefox...
2026-10-09T19:53:58.7228520Z [command]/usr/bin/hdiutil attach -quiet -noautofsck -noautoopen -mountpoint /Volumes/4a7cfc0b-4cb0-4c77-b908-d131a35930e6 /Users/runner/work/_temp/4a7cfc0b-4cb0-4c77-b908-d131a35930e6
2026-10-09T19:54:06.1638550Z Successfully extracted firefox 157.0.1 to /Volumes/4a7cfc0b-4cb0-4c77-b908-d131a35930e6/Firefox.app
2026-10-09T19:54:06.1764550Z Adding to the cache ...
2026-10-09T19:54:13.6468710Z Successfully cached firefox 157.0.1 to /Users/runner/hostedtoolcache/firefox/157.0.1/arm64
2026-10-09T19:54:13.6474060Z [command]/Users/runner/hostedtoolcache/firefox/157.0.1/arm64/Contents/MacOS/firefox --version
2026-10-09T19:54:14.3783090Z Mozilla Firefox 157.0.1
2026-10-09T19:54:14.3797210Z Successfully setup firefox version 157.0.1
2026-10-09T19:54:14.3897210Z ##[group]Run python - <<'PY'
2026-10-09T19:54:14.3897580Z [36;1mpython - <<'PY'[0m
2026-10-09T19:54:14.3897870Z [36;1mimport hashlib, json, os, pathlib, plistlib, re, subprocess, tempfile[0m
2026-10-09T19:54:14.3898260Z [36;1mversion = os.environ['CHROME_VERSION'][0m
2026-10-09T19:54:14.3898540Z [36;1mif not re.fullmatch(r'\d+\.\d+\.\d+\.\d+', version):[0m
2026-10-09T19:54:14.3898930Z [36;1m    raise ValueError(f'Expected the exact installed Chrome version: {version!r}')[0m
2026-10-09T19:54:14.3899370Z [36;1mplatform = {'ARM64': 'mac-arm64', 'X64': 'mac-x64'}[os.environ['RUNNER_ARCH']][0m
2026-10-09T19:54:14.3899910Z [36;1mwork = pathlib.Path(tempfile.mkdtemp(prefix='rustwright-chrome-', dir=os.environ['RUNNER_TEMP']))[0m
2026-10-09T19:54:14.3900600Z [36;1marchive = work / 'chrome.zip'[0m
2026-10-09T19:54:14.3901040Z [36;1murl = f'https://storage.googleapis.com/chrome-for-testing-public/{version}/{platform}/chrome-{platform}.zip'[0m
2026-10-09T19:54:14.3901750Z [36;1msubprocess.run(['curl', '--fail', '--location', '--silent', '--show-error', '--max-time', '120', '--output', str(archive), url], check=True)[0m
2026-10-09T19:54:14.3902340Z [36;1m# Re-extract the same engine with its original .app and relative links.[0m
2026-10-09T19:54:14.3902780Z [36;1m# Copying only .app contents into a toolcache breaks sandbox identity.[0m
2026-10-09T19:54:14.3903220Z [36;1msubprocess.run(['ditto', '-x', '-k', str(archive), str(work)], check=True)[0m
2026-10-09T19:54:14.3903640Z [36;1mbundle = work / f'chrome-{platform}' / 'Google Chrome for Testing.app'[0m
2026-10-09T19:54:14.3904050Z [36;1mexecutable = bundle / 'Contents/MacOS/Google Chrome for Testing'[0m
2026-10-09T19:54:14.3904380Z [36;1mif not executable.is_file():[0m
2026-10-09T19:54:14.3904630Z [36;1m    raise FileNotFoundError(executable)[0m
2026-10-09T19:54:14.3905100Z [36;1msignature = subprocess.run(['codesign', '--verify', '--deep', '--strict', str(bundle)], capture_output=True, text=True)[0m
2026-10-09T19:54:14.3905630Z [36;1mwith (bundle / 'Contents/Info.plist').open('rb') as stream:[0m
2026-10-09T19:54:14.3906030Z [36;1m    identifier = plistlib.load(stream)['CFBundleIdentifier'][0m
2026-10-09T19:54:14.3906360Z [36;1mwith archive.open('rb') as stream:[0m
2026-10-09T19:54:14.3906650Z [36;1m    digest = hashlib.file_digest(stream, 'sha256').hexdigest()[0m
2026-10-09T19:54:14.3907220Z [36;1mlinks = {str(p.relative_to(bundle)): os.readlink(p) for p in bundle.glob('Contents/Frameworks/*.framework/Versions/Current') if p.is_symlink()}[0m
2026-10-09T19:54:14.3908300Z [36;1mrecord = {'version': version, 'url': url, 'archive_sha256': digest, 'bundle_identifier': identifier, 'framework_links': links, 'executable': str(executable), 'signature_verification': {'exit_code': signature.returncode, 'stdout': signature.stdout, 'stderr': signature.stderr}}[0m
2026-10-09T19:54:14.3909180Z [36;1moutput = pathlib.Path('target/ci/chrome-macos-setup.json')[0m
2026-10-09T19:54:14.3909520Z [36;1moutput.parent.mkdir(parents=True, exist_ok=True)[0m
2026-10-09T19:54:14.3909900Z [36;1moutput.write_text(json.dumps(record, indent=2) + '\n', encoding='utf-8')[0m
2026-10-09T19:54:14.3910240Z [36;1mprint(json.dumps(record, indent=2))[0m
2026-10-09T19:54:14.3910580Z [36;1msubprocess.run([str(executable), '--version'], check=True)[0m
2026-10-09T19:54:14.3911010Z [36;1mwith open(os.environ['GITHUB_OUTPUT'], 'a', encoding='utf-8') as stream:[0m
2026-10-09T19:54:14.3911350Z [36;1m    stream.write(f'chrome-path={executable}\n')[0m
2026-10-09T19:54:14.3911610Z [36;1mPY[0m
2026-10-09T19:54:14.3960530Z shell: /bin/bash --noprofile --norc -e -o pipefail {0}
2026-10-09T19:54:14.3960800Z env:
2026-10-09T19:54:14.3960990Z   CARGO_TERM_COLOR: always
2026-10-09T19:54:14.3961250Z   RUST_BACKTRACE: 1
2026-10-09T19:54:14.3961430Z   CARGO_HOME: /Users/runner/.cargo
2026-10-09T19:54:14.3961640Z   CARGO_INCREMENTAL: 0
2026-10-09T19:54:14.3961820Z   CACHE_ON_FAILURE: false
2026-10-09T19:54:14.3962320Z   pythonLocation: /Users/runner/hostedtoolcache/Python/3.11.9/arm64
2026-10-09T19:54:14.3962790Z   PKG_CONFIG_PATH: /Users/runner/hostedtoolcache/Python/3.11.9/arm64/lib/pkgconfig
2026-10-09T19:54:14.3963200Z   Python_ROOT_DIR: /Users/runner/hostedtoolcache/Python/3.11.9/arm64
2026-10-09T19:54:14.3963560Z   Python2_ROOT_DIR: /Users/runner/hostedtoolcache/Python/3.11.9/arm64
2026-10-09T19:54:14.3963920Z   Python3_ROOT_DIR: /Users/runner/hostedtoolcache/Python/3.11.9/arm64
2026-10-09T19:54:14.3964240Z   CHROME_VERSION: 155.0.8059.39
2026-10-09T19:54:14.3964450Z ##[endgroup]
2026-10-09T19:54:18.4785740Z Google Chrome for Testing 155.0.8059.39 
2026-10-09T19:54:18.4795600Z {
2026-10-09T19:54:18.4795840Z   "version": "155.0.8059.39",
2026-10-09T19:54:18.4798080Z   "url": "https://storage.googleapis.com/chrome-for-testing-public/155.0.8059.39/mac-arm64/chrome-mac-arm64.zip",
2026-10-09T19:54:18.4798790Z   "archive_sha256": "529a71bd61aaa2ef266a4d4bd300ae9572ba6a3468a8d55c3023ffeffb5b6b4e",
2026-10-09T19:54:18.4799310Z   "bundle_identifier": "com.google.chrome.for.testing",
2026-10-09T19:54:18.4799700Z   "framework_links": {
2026-10-09T19:54:18.4800090Z     "Contents/Frameworks/Google Chrome for Testing Framework.framework/Versions/Current": "155.0.8059.39"
2026-10-09T19:54:18.4800490Z   },
2026-10-09T19:54:18.4800990Z   "executable": "/Users/runner/work/_temp/rustwright-chrome-kgvhuttj/chrome-mac-arm64/Google Chrome for Testing.app/Contents/MacOS/Google Chrome for Testing",
2026-10-09T19:54:18.4801630Z   "signature_verification": {
2026-10-09T19:54:18.4801970Z     "exit_code": 1,
2026-10-09T19:54:18.4802160Z     "stdout": "",
2026-10-09T19:54:18.4802820Z     "stderr": "/Users/runner/work/_temp/rustwright-chrome-kgvhuttj/chrome-mac-arm64/Google Chrome for Testing.app: code has no resources but signature indicates they must be present\n"
2026-10-09T19:54:18.4803760Z   }
2026-10-09T19:54:18.4803950Z }
2026-10-09T19:54:18.4900230Z ##[group]Run echo "Chrome: $CHROME_VERSION"
2026-10-09T19:54:18.4900530Z [36;1mecho "Chrome: $CHROME_VERSION"[0m
2026-10-09T19:54:18.4900740Z [36;1mecho "Firefox: $FIREFOX_VERSION"[0m
2026-10-09T19:54:18.4930710Z shell: /bin/bash --noprofile --norc -e -o pipefail {0}
2026-10-09T19:54:18.4930960Z env:
2026-10-09T19:54:18.4931100Z   CARGO_TERM_COLOR: always
2026-10-09T19:54:18.4931280Z   RUST_BACKTRACE: 1
2026-10-09T19:54:18.4931440Z   CARGO_HOME: /Users/runner/.cargo
2026-10-09T19:54:18.4931640Z   CARGO_INCREMENTAL: 0
2026-10-09T19:54:18.4931810Z   CACHE_ON_FAILURE: false
2026-10-09T19:54:18.4932070Z   pythonLocation: /Users/runner/hostedtoolcache/Python/3.11.9/arm64
2026-10-09T19:54:18.4932470Z   PKG_CONFIG_PATH: /Users/runner/hostedtoolcache/Python/3.11.9/arm64/lib/pkgconfig
2026-10-09T19:54:18.4932870Z   Python_ROOT_DIR: /Users/runner/hostedtoolcache/Python/3.11.9/arm64
2026-10-09T19:54:18.4933230Z   Python2_ROOT_DIR: /Users/runner/hostedtoolcache/Python/3.11.9/arm64
2026-10-09T19:54:18.4933620Z   Python3_ROOT_DIR: /Users/runner/hostedtoolcache/Python/3.11.9/arm64
2026-10-09T19:54:18.4933900Z   CHROME_VERSION: 155.0.8059.39
2026-10-09T19:54:18.4934100Z   FIREFOX_VERSION: 157.0.1
2026-10-09T19:54:18.4934270Z ##[endgroup]
2026-10-09T19:54:18.5140540Z Chrome: 155.0.8059.39
2026-10-09T19:54:18.5140790Z Firefox: 157.0.1
2026-10-09T19:54:18.5170580Z ##[group]Run python scripts/ci/browser_checks.py --suite portable
2026-10-09T19:54:18.5170950Z [36;1mpython scripts/ci/browser_checks.py --suite portable[0m
2026-10-09T19:54:18.5198730Z shell: /bin/bash -e {0}
2026-10-09T19:54:18.5198900Z env:
2026-10-09T19:54:18.5199060Z   CARGO_TERM_COLOR: always
2026-10-09T19:54:18.5199230Z   RUST_BACKTRACE: 1
2026-10-09T19:54:18.5199400Z   CARGO_HOME: /Users/runner/.cargo
2026-10-09T19:54:18.5199600Z   CARGO_INCREMENTAL: 0
2026-10-09T19:54:18.5199770Z   CACHE_ON_FAILURE: false
2026-10-09T19:54:18.5200080Z   pythonLocation: /Users/runner/hostedtoolcache/Python/3.11.9/arm64
2026-10-09T19:54:18.5200470Z   PKG_CONFIG_PATH: /Users/runner/hostedtoolcache/Python/3.11.9/arm64/lib/pkgconfig
2026-10-09T19:54:18.5200880Z   Python_ROOT_DIR: /Users/runner/hostedtoolcache/Python/3.11.9/arm64
2026-10-09T19:54:18.5201240Z   Python2_ROOT_DIR: /Users/runner/hostedtoolcache/Python/3.11.9/arm64
2026-10-09T19:54:18.5201630Z   Python3_ROOT_DIR: /Users/runner/hostedtoolcache/Python/3.11.9/arm64
2026-10-09T19:54:18.5202240Z   RUSTWRIGHT_CHROME: /Users/runner/work/_temp/rustwright-chrome-kgvhuttj/chrome-mac-arm64/Google Chrome for Testing.app/Contents/MacOS/Google Chrome for Testing
2026-10-09T19:54:18.5202920Z   RUSTWRIGHT_FIREFOX: /Users/runner/hostedtoolcache/firefox/157.0.1/arm64/Contents/MacOS/firefox
2026-10-09T19:54:18.5203290Z ##[endgroup]
2026-10-09T19:54:18.6683510Z Running http_compat; log: /Users/runner/work/rustwright/rustwright/target/ci/portable/http_compat.log
2026-10-09T19:55:09.4028870Z Running http_actionability; log: /Users/runner/work/rustwright/rustwright/target/ci/portable/http_actionability.log
2026-10-09T19:55:37.7565690Z Running http_clipped_control; log: /Users/runner/work/rustwright/rustwright/target/ci/portable/http_clipped_control.log
2026-10-09T19:55:55.2931640Z Running http_bidi_navigation; log: /Users/runner/work/rustwright/rustwright/target/ci/portable/http_bidi_navigation.log
2026-10-09T19:56:08.3290950Z Running http_network_idle_parity; log: /Users/runner/work/rustwright/rustwright/target/ci/portable/http_network_idle_parity.log
2026-10-09T19:57:37.5972880Z Native HTTP portable: 79 passed, no skips
2026-10-09T19:57:37.6128770Z ##[group]Run actions/upload-artifact@v4
2026-10-09T19:57:37.6129010Z with:
2026-10-09T19:57:37.6129170Z   name: native-http-macos-latest
2026-10-09T19:57:37.6129390Z   path: target/ci/
2026-10-09T19:57:37.6129590Z   if-no-files-found: error
2026-10-09T19:57:37.6129780Z   compression-level: 6
2026-10-09T19:57:37.6129960Z   overwrite: false
2026-10-09T19:57:37.6130180Z   include-hidden-files: false
2026-10-09T19:57:37.6130390Z env:
2026-10-09T19:57:37.6130550Z   CARGO_TERM_COLOR: always
2026-10-09T19:57:37.6130760Z   RUST_BACKTRACE: 1
2026-10-09T19:57:37.6130950Z   CARGO_HOME: /Users/runner/.cargo
2026-10-09T19:57:37.6131180Z   CARGO_INCREMENTAL: 0
2026-10-09T19:57:37.6131390Z   CACHE_ON_FAILURE: false
2026-10-09T19:57:37.6131680Z   pythonLocation: /Users/runner/hostedtoolcache/Python/3.11.9/arm64
2026-10-09T19:57:37.6132130Z   PKG_CONFIG_PATH: /Users/runner/hostedtoolcache/Python/3.11.9/arm64/lib/pkgconfig
2026-10-09T19:57:37.6132660Z   Python_ROOT_DIR: /Users/runner/hostedtoolcache/Python/3.11.9/arm64
2026-10-09T19:57:37.6133060Z   Python2_ROOT_DIR: /Users/runner/hostedtoolcache/Python/3.11.9/arm64
2026-10-09T19:57:37.6133450Z   Python3_ROOT_DIR: /Users/runner/hostedtoolcache/Python/3.11.9/arm64
2026-10-09T19:57:37.6133750Z ##[endgroup]
2026-10-09T19:57:38.0257340Z (node:6539) [DEP0040] DeprecationWarning: The `punycode` module is deprecated. Please use a userland alternative instead.
2026-10-09T19:57:38.0258010Z (Use `node --trace-deprecation ...` to show where the warning was created)
2026-10-09T19:57:38.0307830Z With the provided path, there will be 7 files uploaded
2026-10-09T19:57:38.0310020Z Artifact name is valid!
2026-10-09T19:57:38.0310340Z Root directory input is valid!
2026-10-09T19:57:38.3115730Z Beginning upload of artifact content to blob storage
2026-10-09T19:57:38.3313230Z (node:6539) [DEP0169] DeprecationWarning: `url.parse()` behavior is not standardized and prone to errors that have security implications. Use the WHATWG URL API instead. CVEs are not issued for `url.parse()` vulnerabilities.
2026-10-09T19:57:38.4985580Z Uploaded bytes 7908
2026-10-09T19:57:38.5423280Z Finished uploading artifact content to blob storage!
2026-10-09T19:57:38.5424050Z SHA256 digest of uploaded artifact zip is 508412981cae4001afb9fbb30916cdbcaeee2f25d862dfee442d63c776f40e13
2026-10-09T19:57:38.5424720Z Finalizing artifact upload
2026-10-09T19:57:38.7850580Z Artifact native-http-macos-latest.zip successfully finalized. Artifact ID 11641932797
2026-10-09T19:57:38.7851700Z Artifact native-http-macos-latest has been successfully uploaded! Final size is 7908 bytes. Artifact ID is 11641932797
2026-10-09T19:57:38.7861170Z Artifact download URL: https://github.com/rsasaki0109/rustwright/actions/runs/37983300059/artifacts/11641932797
2026-10-09T19:57:38.8036770Z Post job cleanup.
2026-10-09T19:57:38.9117980Z Post job cleanup.
2026-10-09T19:57:39.0210150Z Cache up-to-date.
2026-10-09T19:57:39.0308190Z Post job cleanup.
2026-10-09T19:57:39.1151380Z [command]/opt/homebrew/bin/git version
2026-10-09T19:57:39.1337990Z git version 2.55.0
2026-10-09T19:57:39.1355430Z Copying '/Users/runner/.gitconfig' to '/Users/runner/work/_temp/86a33488-155a-45c8-b43f-a9dcc866120b/.gitconfig'
2026-10-09T19:57:39.1362080Z Temporarily overriding HOME='/Users/runner/work/_temp/86a33488-155a-45c8-b43f-a9dcc866120b' before making global git config changes
2026-10-09T19:57:39.1366700Z Adding repository directory to the temporary git global config as a safe directory
2026-10-09T19:57:39.1367290Z [command]/opt/homebrew/bin/git config --global --add safe.directory /Users/runner/work/rustwright/rustwright
2026-10-09T19:57:39.1472400Z [command]/opt/homebrew/bin/git config --local --name-only --get-regexp core\.sshCommand
2026-10-09T19:57:39.1534920Z [command]/opt/homebrew/bin/git submodule foreach --recursive sh -c "git config --local --name-only --get-regexp 'core\.sshCommand' && git config --local --unset-all 'core.sshCommand' || :"
2026-10-09T19:57:39.2292740Z [command]/opt/homebrew/bin/git config --local --name-only --get-regexp http\.https\:\/\/github\.com\/\.extraheader
2026-10-09T19:57:39.2345420Z http.https://github.com/.extraheader
2026-10-09T19:57:39.2353770Z [command]/opt/homebrew/bin/git config --local --unset-all http.https://github.com/.extraheader
2026-10-09T19:57:39.2413450Z [command]/opt/homebrew/bin/git submodule foreach --recursive sh -c "git config --local --name-only --get-regexp 'http\.https\:\/\/github\.com\/\.extraheader' && git config --local --unset-all 'http.https://github.com/.extraheader' || :"
2026-10-09T19:57:39.3170360Z [command]/opt/homebrew/bin/git config --local --name-only --get-regexp ^includeIf\.gitdir:
2026-10-09T19:57:39.3220690Z [command]/opt/homebrew/bin/git submodule foreach --recursive git config --local --show-origin --name-only --get-regexp remote.origin.url
2026-10-09T19:57:39.4503230Z Cleaning up orphan processes
2026-10-09T19:57:40.9381940Z Terminate orphan process: pid (1356) (diskimages-help)
2026-10-09T19:57:41.1865700Z ##[warning]Node.js 20 is deprecated. The following actions target Node.js 20 but are being forced to run on Node.js 24: actions/upload-artifact@v4. For more information see: https://github.blog/changelog/2025-09-19-deprecation-of-node-20-on-github-actions-runners/
