2026-10-09T19:53:33.9513621Z Current runner version: '2.337.0'
2026-10-09T19:53:33.9530875Z ##[group]Runner Image Provisioner
2026-10-09T19:53:33.9531397Z Hosted Compute Agent
2026-10-09T19:53:33.9531721Z Version: 20260901.588
2026-10-09T19:53:33.9532069Z Commit: f88ec8081b781fac6c440065ac7ff9e710ce3d0b
2026-10-09T19:53:33.9532501Z Build Date: 2026-09-01T19:56:44Z
2026-10-09T19:53:33.9532913Z Worker ID: {311f44ba-e2ef-4d2a-ab50-344f216ed5fb}
2026-10-09T19:53:33.9533316Z Azure Region: westus3
2026-10-09T19:53:33.9533638Z ##[endgroup]
2026-10-09T19:53:33.9534371Z ##[group]Operating System
2026-10-09T19:53:33.9534731Z Microsoft Windows Server 2025
2026-10-09T19:53:33.9535402Z 10.0.26100
2026-10-09T19:53:33.9535692Z Datacenter
2026-10-09T19:53:33.9536001Z ##[endgroup]
2026-10-09T19:53:33.9536306Z ##[group]Runner Image
2026-10-09T19:53:33.9536670Z Image: windows-2025-vs2026
2026-10-09T19:53:33.9537008Z Version: 20260925.250.1
2026-10-09T19:53:33.9537942Z Included Software: https://github.com/actions/runner-images/blob/win25-vs2026/20260925.250/images/windows/Windows2025-VS2026-Readme.md
2026-10-09T19:53:33.9538821Z Image Release: https://github.com/actions/runner-images/releases/tag/win25-vs2026%2F20260925.250
2026-10-09T19:53:33.9539392Z ##[endgroup]
2026-10-09T19:53:33.9540001Z ##[group]GITHUB_TOKEN Permissions
2026-10-09T19:53:33.9541187Z Contents: read
2026-10-09T19:53:33.9541508Z Metadata: read
2026-10-09T19:53:33.9541815Z ##[endgroup]
2026-10-09T19:53:33.9543187Z Secret source: Actions
2026-10-09T19:53:33.9543686Z Cache mode: write
2026-10-09T19:53:33.9544081Z Prepare workflow directory
2026-10-09T19:53:33.9784628Z Prepare all required actions
2026-10-09T19:53:33.9818934Z Getting action download info
2026-10-09T19:53:34.2773838Z Download action repository 'actions/checkout@v5' (SHA:fbc6f3992d24b796d5a048ff273f7fcc4a7b6c09)
2026-10-09T19:53:34.3557016Z Download action repository 'dtolnay/rust-toolchain@stable' (SHA:686976e191b89faba57d3206551f0f330d8cb249)
2026-10-09T19:53:34.5903996Z Download action repository 'Swatinem/rust-cache@v2' (SHA:6323deb102c322ba6fcbdcafc7e3dddab59af2b6)
2026-10-09T19:53:35.2220949Z Download action repository 'actions/setup-python@v6' (SHA:ece7cb06caefa5fff74198d8649806c4678c61a1)
2026-10-09T19:53:35.3103888Z Download action repository 'browser-actions/setup-chrome@v2' (SHA:48ad923757ca74d66703209fe939badbdf80f2f4)
2026-10-09T19:53:35.7477372Z Download action repository 'browser-actions/setup-firefox@v1' (SHA:0bc507ddf224827e3b1af68e014d5e42ab93e795)
2026-10-09T19:53:36.2324944Z Download action repository 'actions/upload-artifact@v4' (SHA:ea165f8d65b6e75b540449e92b4886f43607fa02)
2026-10-09T19:53:36.4929436Z Complete job name: Required Chrome + Firefox / windows-latest
2026-10-09T19:53:36.6098169Z ##[group]Run actions/checkout@v5
2026-10-09T19:53:36.6098740Z with:
2026-10-09T19:53:36.6098930Z   repository: rsasaki0109/rustwright
2026-10-09T19:53:36.6100450Z   token: ***
2026-10-09T19:53:36.6100615Z   ssh-strict: true
2026-10-09T19:53:36.6100780Z   ssh-user: git
2026-10-09T19:53:36.6100986Z   persist-credentials: true
2026-10-09T19:53:36.6101182Z   clean: true
2026-10-09T19:53:36.6101367Z   sparse-checkout-cone-mode: true
2026-10-09T19:53:36.6101576Z   fetch-depth: 1
2026-10-09T19:53:36.6101754Z   fetch-tags: false
2026-10-09T19:53:36.6101924Z   show-progress: true
2026-10-09T19:53:36.6102096Z   lfs: false
2026-10-09T19:53:36.6102255Z   submodules: false
2026-10-09T19:53:36.6102431Z   set-safe-directory: true
2026-10-09T19:53:36.6102628Z   allow-unsafe-pr-checkout: false
2026-10-09T19:53:36.6102915Z env:
2026-10-09T19:53:36.6103080Z   CARGO_TERM_COLOR: always
2026-10-09T19:53:36.6103263Z   RUST_BACKTRACE: 1
2026-10-09T19:53:36.6103429Z ##[endgroup]
2026-10-09T19:53:36.7067576Z Syncing repository: rsasaki0109/rustwright
2026-10-09T19:53:36.7068491Z ##[group]Getting Git version info
2026-10-09T19:53:36.7068750Z Working directory is 'D:\a\rustwright\rustwright'
2026-10-09T19:53:36.7557643Z [command]"C:\Program Files\Git\bin\git.exe" version
2026-10-09T19:53:37.1203193Z git version 2.55.0.windows.5
2026-10-09T19:53:37.1234268Z ##[endgroup]
2026-10-09T19:53:37.1246765Z Temporarily overriding HOME='D:\a\_temp\f335944c-e16c-42d8-8357-0fb2120f0182' before making global git config changes
2026-10-09T19:53:37.1247183Z Adding repository directory to the temporary git global config as a safe directory
2026-10-09T19:53:37.1253435Z [command]"C:\Program Files\Git\bin\git.exe" config --global --add safe.directory D:\a\rustwright\rustwright
2026-10-09T19:53:37.1835977Z Deleting the contents of 'D:\a\rustwright\rustwright'
2026-10-09T19:53:37.1840022Z ##[group]Initializing the repository
2026-10-09T19:53:37.1846237Z [command]"C:\Program Files\Git\bin\git.exe" init D:\a\rustwright\rustwright
2026-10-09T19:53:37.2558347Z Initialized empty Git repository in D:/a/rustwright/rustwright/.git/
2026-10-09T19:53:37.2587984Z [command]"C:\Program Files\Git\bin\git.exe" remote add origin https://github.com/rsasaki0109/rustwright
2026-10-09T19:53:37.3105067Z ##[endgroup]
2026-10-09T19:53:37.3105393Z ##[group]Disabling automatic garbage collection
2026-10-09T19:53:37.3111462Z [command]"C:\Program Files\Git\bin\git.exe" config --local gc.auto 0
2026-10-09T19:53:37.3293810Z ##[endgroup]
2026-10-09T19:53:37.3294064Z ##[group]Setting up auth
2026-10-09T19:53:37.3302982Z [command]"C:\Program Files\Git\bin\git.exe" config --local --name-only --get-regexp core\.sshCommand
2026-10-09T19:53:37.3487817Z [command]"C:\Program Files\Git\bin\git.exe" submodule foreach --recursive "sh -c \"git config --local --name-only --get-regexp 'core\.sshCommand' && git config --local --unset-all 'core.sshCommand' || :\""
2026-10-09T19:53:38.6296993Z [command]"C:\Program Files\Git\bin\git.exe" config --local --name-only --get-regexp http\.https\:\/\/github\.com\/\.extraheader
2026-10-09T19:53:38.6480012Z [command]"C:\Program Files\Git\bin\git.exe" submodule foreach --recursive "sh -c \"git config --local --name-only --get-regexp 'http\.https\:\/\/github\.com\/\.extraheader' && git config --local --unset-all 'http.https://github.com/.extraheader' || :\""
2026-10-09T19:53:38.9968512Z [command]"C:\Program Files\Git\bin\git.exe" config --local --name-only --get-regexp ^includeIf\.gitdir:
2026-10-09T19:53:39.0150330Z [command]"C:\Program Files\Git\bin\git.exe" submodule foreach --recursive "git config --local --show-origin --name-only --get-regexp remote.origin.url"
2026-10-09T19:53:39.3346898Z [command]"C:\Program Files\Git\bin\git.exe" config --local http.https://github.com/.extraheader "AUTHORIZATION: basic ***"
2026-10-09T19:53:39.3551900Z ##[endgroup]
2026-10-09T19:53:39.3552346Z ##[group]Fetching the repository
2026-10-09T19:53:39.3563375Z [command]"C:\Program Files\Git\bin\git.exe" -c protocol.version=2 fetch --no-tags --prune --no-recurse-submodules --depth=1 origin +58ac49fda4fd9c85cf7711b9dc99aef32acd1f82:refs/remotes/pull/1/merge
2026-10-09T19:53:41.2507499Z From https://github.com/rsasaki0109/rustwright
2026-10-09T19:53:41.2507958Z  * [new ref]         58ac49fda4fd9c85cf7711b9dc99aef32acd1f82 -> pull/1/merge
2026-10-09T19:53:41.2534936Z ##[endgroup]
2026-10-09T19:53:41.2535235Z ##[group]Determining the checkout info
2026-10-09T19:53:41.2536858Z ##[endgroup]
2026-10-09T19:53:41.2544099Z [command]"C:\Program Files\Git\bin\git.exe" sparse-checkout disable
2026-10-09T19:53:41.2859662Z [command]"C:\Program Files\Git\bin\git.exe" config --local --unset-all extensions.worktreeConfig
2026-10-09T19:53:41.3047685Z ##[group]Checking out the ref
2026-10-09T19:53:41.3053234Z [command]"C:\Program Files\Git\bin\git.exe" checkout --progress --force refs/remotes/pull/1/merge
2026-10-09T19:53:41.5943531Z Note: switching to 'refs/remotes/pull/1/merge'.
2026-10-09T19:53:41.5943738Z 
2026-10-09T19:53:41.5943903Z You are in 'detached HEAD' state. You can look around, make experimental
2026-10-09T19:53:41.5944168Z changes and commit them, and you can discard any commits you make in this
2026-10-09T19:53:41.5944412Z state without impacting any branches by switching back to a branch.
2026-10-09T19:53:41.5944559Z 
2026-10-09T19:53:41.5945259Z If you want to create a new branch to retain commits you create, you may
2026-10-09T19:53:41.5945619Z do so (now or later) by using -c with the switch command. Example:
2026-10-09T19:53:41.5945753Z 
2026-10-09T19:53:41.5945831Z   git switch -c <new-branch-name>
2026-10-09T19:53:41.5945922Z 
2026-10-09T19:53:41.5945980Z Or undo this operation with:
2026-10-09T19:53:41.5946101Z 
2026-10-09T19:53:41.5946175Z   git switch -
2026-10-09T19:53:41.5946237Z 
2026-10-09T19:53:41.5946348Z Turn off this advice by setting config variable advice.detachedHead to false
2026-10-09T19:53:41.5946505Z 
2026-10-09T19:53:41.5948841Z HEAD is now at 58ac49f Merge 4cdec571a26c64e123a4dde66d4d9b47e8c64f63 into 91e72af388d000266c9b4e7567a3e1fe4007fc33
2026-10-09T19:53:41.6062836Z ##[endgroup]
2026-10-09T19:53:41.6353960Z [command]"C:\Program Files\Git\bin\git.exe" log -1 --format=%H
2026-10-09T19:53:41.6516479Z 58ac49fda4fd9c85cf7711b9dc99aef32acd1f82
2026-10-09T19:53:41.6865956Z ##[group]Run dtolnay/rust-toolchain@stable
2026-10-09T19:53:41.6866158Z with:
2026-10-09T19:53:41.6866262Z   toolchain: stable
2026-10-09T19:53:41.6866371Z env:
2026-10-09T19:53:41.6866470Z   CARGO_TERM_COLOR: always
2026-10-09T19:53:41.6866583Z   RUST_BACKTRACE: 1
2026-10-09T19:53:41.6866681Z ##[endgroup]
2026-10-09T19:53:41.6909417Z ##[start-action display=Parse toolchain version;id=__dtolnay_rust-toolchain.parse]
2026-10-09T19:53:41.7012911Z ##[group]Run if [[ -z $toolchain ]]; then
2026-10-09T19:53:41.7013126Z [36;1mif [[ -z $toolchain ]]; then[0m
2026-10-09T19:53:41.7013403Z [36;1m  # GitHub does not enforce `required: true` inputs itself. https://github.com/actions/runner/issues/1070[0m
2026-10-09T19:53:41.7013705Z [36;1m  echo "'toolchain' is a required input" >&2[0m
2026-10-09T19:53:41.7013863Z [36;1m  exit 1[0m
2026-10-09T19:53:41.7014036Z [36;1melif [[ $toolchain =~ ^stable' '[0-9]+' '(year|month|week|day)s?' 'ago$ ]]; then[0m
2026-10-09T19:53:41.7014280Z [36;1m  if [[ Windows == macOS ]]; then[0m
2026-10-09T19:53:41.7014575Z [36;1m    echo "toolchain=1.$((($(date -v-$(sed 's/stable \([0-9]*\) \(.\).*/\1\2/' <<< $toolchain) +%s)/60/60/24-16569)/7/6))" >> $GITHUB_OUTPUT[0m
2026-10-09T19:53:41.7014833Z [36;1m  else[0m
2026-10-09T19:53:41.7015039Z [36;1m    echo "toolchain=1.$((($(date --date "${toolchain#stable }" +%s)/60/60/24-16569)/7/6))" >> $GITHUB_OUTPUT[0m
2026-10-09T19:53:41.7015267Z [36;1m  fi[0m
2026-10-09T19:53:41.7015474Z [36;1melif [[ $toolchain =~ ^stable' 'minus' '[0-9]+' 'releases?$ ]]; then[0m
2026-10-09T19:53:41.7016052Z [36;1m  echo "toolchain=1.$((($(date +%s)/60/60/24-16569)/7/6-${toolchain//[^0-9]/}))" >> $GITHUB_OUTPUT[0m
2026-10-09T19:53:41.7016322Z [36;1melif [[ $toolchain =~ ^1\.[0-9]+$ ]]; then[0m
2026-10-09T19:53:41.7016595Z [36;1m  echo "toolchain=1.$((i=${toolchain#1.}, c=($(date +%s)/60/60/24-16569)/7/6, i+9*i*(10*i<=c)+90*i*(100*i<=c)))" >> $GITHUB_OUTPUT[0m
2026-10-09T19:53:41.7016855Z [36;1melse[0m
2026-10-09T19:53:41.7016958Z [36;1m  delimiter=EOF[0m
2026-10-09T19:53:41.7017120Z [36;1m  while [[ $toolchain == *$delimiter* ]]; do delimiter+=_; done[0m
2026-10-09T19:53:41.7017388Z [36;1m  printf 'toolchain<<%s\n%s\n%s\n' "$delimiter" "$toolchain" "$delimiter" >> $GITHUB_OUTPUT[0m
2026-10-09T19:53:41.7017597Z [36;1mfi[0m
2026-10-09T19:53:41.7031537Z shell: C:\Program Files\Git\bin\bash.EXE --noprofile --norc -e -o pipefail {0}
2026-10-09T19:53:41.7031792Z env:
2026-10-09T19:53:41.7031906Z   CARGO_TERM_COLOR: always
2026-10-09T19:53:41.7032029Z   RUST_BACKTRACE: 1
2026-10-09T19:53:41.7032134Z   toolchain: stable
2026-10-09T19:53:41.7032237Z ##[endgroup]
2026-10-09T19:53:42.0013839Z ##[end-action id=__dtolnay_rust-toolchain.parse;outcome=success;conclusion=success;duration_ms=310]
2026-10-09T19:53:42.0017004Z ##[start-action display=Set $CARGO_HOME;id=__dtolnay_rust-toolchain.__run]
2026-10-09T19:53:42.0144979Z ##[group]Run echo CARGO_HOME=${CARGO_HOME:-"$USERPROFILE\.cargo"} >> $GITHUB_ENV
2026-10-09T19:53:42.0145268Z [36;1mecho CARGO_HOME=${CARGO_HOME:-"$USERPROFILE\.cargo"} >> $GITHUB_ENV[0m
2026-10-09T19:53:42.0153128Z shell: C:\Program Files\Git\bin\bash.EXE --noprofile --norc -e -o pipefail {0}
2026-10-09T19:53:42.0153334Z env:
2026-10-09T19:53:42.0153443Z   CARGO_TERM_COLOR: always
2026-10-09T19:53:42.0153565Z   RUST_BACKTRACE: 1
2026-10-09T19:53:42.0153670Z ##[endgroup]
2026-10-09T19:53:42.0411881Z ##[end-action id=__dtolnay_rust-toolchain.__run;outcome=success;conclusion=success;duration_ms=39]
2026-10-09T19:53:42.0413343Z ##[start-action display=Install rustup if needed;id=__dtolnay_rust-toolchain.__run_2]
2026-10-09T19:53:42.0419937Z ##[end-action id=__dtolnay_rust-toolchain.__run_2;outcome=skipped;conclusion=skipped;duration_ms=0]
2026-10-09T19:53:42.0421426Z ##[start-action display=Install rustup if needed on windows;id=__dtolnay_rust-toolchain.__run_3]
2026-10-09T19:53:42.0499639Z ##[group]Run if ! command -v rustup &>/dev/null; then
2026-10-09T19:53:42.0500988Z [36;1mif ! command -v rustup &>/dev/null; then[0m
2026-10-09T19:53:42.0501421Z [36;1m  curl --proto '=https' --tlsv1.2 --retry 10 --retry-connrefused --location --silent --show-error --fail https://win.rustup.rs/x86_64 --output 'D:\a\_temp\rustup-init.exe'[0m
2026-10-09T19:53:42.0501867Z [36;1m  'D:\a\_temp\rustup-init.exe' --default-toolchain none --no-modify-path -y[0m
2026-10-09T19:53:42.0502382Z [36;1m  echo "$CARGO_HOME\bin" >> $GITHUB_PATH[0m
2026-10-09T19:53:42.0502550Z [36;1mfi[0m
2026-10-09T19:53:42.0509264Z shell: C:\Program Files\Git\bin\bash.EXE --noprofile --norc -e -o pipefail {0}
2026-10-09T19:53:42.0509467Z env:
2026-10-09T19:53:42.0509573Z   CARGO_TERM_COLOR: always
2026-10-09T19:53:42.0509695Z   RUST_BACKTRACE: 1
2026-10-09T19:53:42.0509809Z   CARGO_HOME: C:\Users\runneradmin\.cargo
2026-10-09T19:53:42.0509946Z ##[endgroup]
2026-10-09T19:53:42.0850963Z ##[end-action id=__dtolnay_rust-toolchain.__run_3;outcome=success;conclusion=success;duration_ms=42]
2026-10-09T19:53:42.0863606Z ##[start-action display=rustup toolchain install stable;id=__dtolnay_rust-toolchain.__run_4]
2026-10-09T19:53:42.0945724Z ##[group]Run set -f  # split targets and components on commas and whitespace, without glob expansion
2026-10-09T19:53:42.0946094Z [36;1mset -f  # split targets and components on commas and whitespace, without glob expansion[0m
2026-10-09T19:53:42.0946317Z [36;1mflags=()[0m
2026-10-09T19:53:42.0946462Z [36;1mfor t in ${targets//,/ }; do flags+=(--target "$t"); done[0m
2026-10-09T19:53:42.0946674Z [36;1mfor c in ${components//,/ }; do flags+=(--component "$c"); done[0m
2026-10-09T19:53:42.0946932Z [36;1mif [[ $toolchain == nightly && -n $components ]]; then flags+=(--allow-downgrade); fi[0m
2026-10-09T19:53:42.0947144Z [36;1mlog=$(mktemp)[0m
2026-10-09T19:53:42.0947266Z [36;1mtrap 'rm -f "$log"' EXIT[0m
2026-10-09T19:53:42.0947400Z [36;1mfor attempt in 1 2 3 4 5; do[0m
2026-10-09T19:53:42.0947707Z [36;1m  if rustup toolchain install "$toolchain" "${flags[@]}" --profile minimal --no-self-update --force-non-host 2>&1 | tee "$log"; then[0m
2026-10-09T19:53:42.0948001Z [36;1m    break[0m
2026-10-09T19:53:42.0948102Z [36;1m  else[0m
2026-10-09T19:53:42.0948202Z [36;1m    status=$?[0m
2026-10-09T19:53:42.0948310Z [36;1m  fi[0m
2026-10-09T19:53:42.0948457Z [36;1m  if [[ $attempt == 5 ]] || ! grep -Fq 'checksum failed for ' "$log" \[0m
2026-10-09T19:53:42.0948749Z [36;1m      || ! grep -Fq 'this is likely due to an ongoing update of the official release server' "$log"; then[0m
2026-10-09T19:53:42.0948986Z [36;1m    exit "$status"[0m
2026-10-09T19:53:42.0949103Z [36;1m  fi[0m
2026-10-09T19:53:42.0949285Z [36;1m  echo "Retrying rustup toolchain install in 30 seconds (retry $attempt of 4)" >&2[0m
2026-10-09T19:53:42.0949496Z [36;1m  sleep 30[0m
2026-10-09T19:53:42.0949597Z [36;1mdone[0m
2026-10-09T19:53:42.0956774Z shell: C:\Program Files\Git\bin\bash.EXE --noprofile --norc -e -o pipefail {0}
2026-10-09T19:53:42.0956981Z env:
2026-10-09T19:53:42.0957085Z   CARGO_TERM_COLOR: always
2026-10-09T19:53:42.0957630Z   RUST_BACKTRACE: 1
2026-10-09T19:53:42.0957745Z   CARGO_HOME: C:\Users\runneradmin\.cargo
2026-10-09T19:53:42.0957882Z   toolchain: stable
2026-10-09T19:53:42.0957982Z   targets: 
2026-10-09T19:53:42.0958075Z   components: 
2026-10-09T19:53:42.0958184Z   RUSTUP_PERMIT_COPY_RENAME: 1
2026-10-09T19:53:42.0958310Z ##[endgroup]
2026-10-09T19:53:45.4761200Z info: syncing channel updates for stable-x86_64-pc-windows-msvc
2026-10-09T19:53:45.9456614Z info: latest update on 2026-10-01 for version 1.99.0 (b940084d7 2026-09-28)
2026-10-09T19:53:45.9764382Z info: removing previous version of component rustfmt
2026-10-09T19:53:45.9916735Z info: removing previous version of component clippy
2026-10-09T19:53:46.0075444Z info: removing previous version of component rust-std for target x86_64-pc-windows-gnu
2026-10-09T19:53:46.1020136Z info: removing previous version of component rust-std for target i686-pc-windows-msvc
2026-10-09T19:53:46.1961991Z info: removing previous version of component cargo
2026-10-09T19:53:46.2584699Z info: removing previous version of component rust-std
2026-10-09T19:53:46.3371494Z info: removing previous version of component rustc
2026-10-09T19:53:46.4299789Z info: downloading 7 components
2026-10-09T19:53:58.0332817Z 
2026-10-09T19:53:58.0650099Z   stable-x86_64-pc-windows-msvc updated - rustc 1.99.0 (b940084d7 2026-09-28) (from rustc 1.98.1 (48a229cea 2026-09-01))
2026-10-09T19:53:58.0651030Z 
2026-10-09T19:53:58.0925623Z ##[end-action id=__dtolnay_rust-toolchain.__run_4;outcome=success;conclusion=success;duration_ms=16006]
2026-10-09T19:53:58.0931426Z ##[start-action display=rustup default stable;id=__dtolnay_rust-toolchain.__run_5]
2026-10-09T19:53:58.1017742Z ##[group]Run rustup default "$toolchain" --force-non-host
2026-10-09T19:53:58.1017952Z [36;1mrustup default "$toolchain" --force-non-host[0m
2026-10-09T19:53:58.1025699Z shell: C:\Program Files\Git\bin\bash.EXE --noprofile --norc -e -o pipefail {0}
2026-10-09T19:53:58.1025915Z env:
2026-10-09T19:53:58.1026019Z   CARGO_TERM_COLOR: always
2026-10-09T19:53:58.1026136Z   RUST_BACKTRACE: 1
2026-10-09T19:53:58.1026251Z   CARGO_HOME: C:\Users\runneradmin\.cargo
2026-10-09T19:53:58.1026388Z   toolchain: stable
2026-10-09T19:53:58.1026490Z ##[endgroup]
2026-10-09T19:53:58.1465394Z info: using existing install for stable-x86_64-pc-windows-msvc
2026-10-09T19:53:58.1522642Z info: default toolchain set to stable-x86_64-pc-windows-msvc
2026-10-09T19:53:58.1564028Z 
2026-10-09T19:53:58.1730611Z   stable-x86_64-pc-windows-msvc unchanged - rustc 1.99.0 (b940084d7 2026-09-28)
2026-10-09T19:53:58.1730844Z 
2026-10-09T19:53:58.2434535Z ##[end-action id=__dtolnay_rust-toolchain.__run_5;outcome=success;conclusion=success;duration_ms=150]
2026-10-09T19:53:58.2437718Z ##[start-action display=Create cachekey;id=__dtolnay_rust-toolchain.rustc-version]
2026-10-09T19:53:58.2522345Z ##[group]Run DATE=$(rustc +"$toolchain" --version --verbose | sed -ne 's/^commit-date: \(20[0-9][0-9]\)-\([01][0-9]\)-\([0-3][0-9]\)$/\1\2\3/p')
2026-10-09T19:53:58.2522848Z [36;1mDATE=$(rustc +"$toolchain" --version --verbose | sed -ne 's/^commit-date: \(20[0-9][0-9]\)-\([01][0-9]\)-\([0-3][0-9]\)$/\1\2\3/p')[0m
2026-10-09T19:53:58.2523220Z [36;1mHASH=$(rustc +"$toolchain" --version --verbose | sed -ne 's/^commit-hash: //p')[0m
2026-10-09T19:53:58.2523507Z [36;1mecho "cachekey=$(echo $DATE$HASH | head -c12)" >> $GITHUB_OUTPUT[0m
2026-10-09T19:53:58.2530737Z shell: C:\Program Files\Git\bin\bash.EXE --noprofile --norc -e -o pipefail {0}
2026-10-09T19:53:58.2531102Z env:
2026-10-09T19:53:58.2531280Z   CARGO_TERM_COLOR: always
2026-10-09T19:53:58.2531428Z   RUST_BACKTRACE: 1
2026-10-09T19:53:58.2531552Z   CARGO_HOME: C:\Users\runneradmin\.cargo
2026-10-09T19:53:58.2531699Z   toolchain: stable
2026-10-09T19:53:58.2531811Z ##[endgroup]
2026-10-09T19:53:59.0579697Z ##[end-action id=__dtolnay_rust-toolchain.rustc-version;outcome=success;conclusion=success;duration_ms=814]
2026-10-09T19:53:59.0581862Z ##[start-action display=Disable incremental compilation;id=__dtolnay_rust-toolchain.__run_6]
2026-10-09T19:53:59.0662989Z ##[group]Run if [ -z "${CARGO_INCREMENTAL+set}" ]; then
2026-10-09T19:53:59.0663202Z [36;1mif [ -z "${CARGO_INCREMENTAL+set}" ]; then[0m
2026-10-09T19:53:59.0663373Z [36;1m  echo CARGO_INCREMENTAL=0 >> $GITHUB_ENV[0m
2026-10-09T19:53:59.0663521Z [36;1mfi[0m
2026-10-09T19:53:59.0670552Z shell: C:\Program Files\Git\bin\bash.EXE --noprofile --norc -e -o pipefail {0}
2026-10-09T19:53:59.0670794Z env:
2026-10-09T19:53:59.0670898Z   CARGO_TERM_COLOR: always
2026-10-09T19:53:59.0671015Z   RUST_BACKTRACE: 1
2026-10-09T19:53:59.0671135Z   CARGO_HOME: C:\Users\runneradmin\.cargo
2026-10-09T19:53:59.0671282Z ##[endgroup]
2026-10-09T19:53:59.0930161Z ##[end-action id=__dtolnay_rust-toolchain.__run_6;outcome=success;conclusion=success;duration_ms=34]
2026-10-09T19:53:59.0931912Z ##[start-action display=Enable colors in Cargo output;id=__dtolnay_rust-toolchain.__run_7]
2026-10-09T19:53:59.1039745Z ##[group]Run if [ -z "${CARGO_TERM_COLOR+set}" ]; then
2026-10-09T19:53:59.1039943Z [36;1mif [ -z "${CARGO_TERM_COLOR+set}" ]; then[0m
2026-10-09T19:53:59.1040254Z [36;1m  echo CARGO_TERM_COLOR=always >> $GITHUB_ENV[0m
2026-10-09T19:53:59.1040405Z [36;1mfi[0m
2026-10-09T19:53:59.1046794Z shell: C:\Program Files\Git\bin\bash.EXE --noprofile --norc -e -o pipefail {0}
2026-10-09T19:53:59.1046998Z env:
2026-10-09T19:53:59.1047099Z   CARGO_TERM_COLOR: always
2026-10-09T19:53:59.1047215Z   RUST_BACKTRACE: 1
2026-10-09T19:53:59.1047331Z   CARGO_HOME: C:\Users\runneradmin\.cargo
2026-10-09T19:53:59.1047470Z   CARGO_INCREMENTAL: 0
2026-10-09T19:53:59.1047578Z ##[endgroup]
2026-10-09T19:53:59.1294057Z ##[end-action id=__dtolnay_rust-toolchain.__run_7;outcome=success;conclusion=success;duration_ms=36]
2026-10-09T19:53:59.1296711Z ##[start-action display=Enable Cargo sparse registry;id=__dtolnay_rust-toolchain.__run_8]
2026-10-09T19:53:59.1372423Z ##[group]Run # implemented in 1.66, stabilized in 1.68, made default in 1.70
2026-10-09T19:53:59.1372729Z [36;1m# implemented in 1.66, stabilized in 1.68, made default in 1.70[0m
2026-10-09T19:53:59.1373106Z [36;1mif [ -z "${CARGO_REGISTRIES_CRATES_IO_PROTOCOL+set}" -o -f "D:\a\_temp"/.implicit_cargo_registries_crates_io_protocol ]; then[0m
2026-10-09T19:53:59.1373475Z [36;1m  if rustc +"$toolchain" --version --verbose | grep -q '^release: 1\.6[89]\.'; then[0m
2026-10-09T19:53:59.1373755Z [36;1m    touch "D:\a\_temp"/.implicit_cargo_registries_crates_io_protocol || true[0m
2026-10-09T19:53:59.1374011Z [36;1m    echo CARGO_REGISTRIES_CRATES_IO_PROTOCOL=sparse >> $GITHUB_ENV[0m
2026-10-09T19:53:59.1374413Z [36;1m  elif rustc +"$toolchain" --version --verbose | grep -q '^release: 1\.6[67]\.'; then[0m
2026-10-09T19:53:59.1374694Z [36;1m    touch "D:\a\_temp"/.implicit_cargo_registries_crates_io_protocol || true[0m
2026-10-09T19:53:59.1374937Z [36;1m    echo CARGO_REGISTRIES_CRATES_IO_PROTOCOL=git >> $GITHUB_ENV[0m
2026-10-09T19:53:59.1375114Z [36;1m  fi[0m
2026-10-09T19:53:59.1375207Z [36;1mfi[0m
2026-10-09T19:53:59.1381629Z shell: C:\Program Files\Git\bin\bash.EXE --noprofile --norc -e -o pipefail {0}
2026-10-09T19:53:59.1381834Z env:
2026-10-09T19:53:59.1381937Z   CARGO_TERM_COLOR: always
2026-10-09T19:53:59.1382054Z   RUST_BACKTRACE: 1
2026-10-09T19:53:59.1382167Z   CARGO_HOME: C:\Users\runneradmin\.cargo
2026-10-09T19:53:59.1382304Z   CARGO_INCREMENTAL: 0
2026-10-09T19:53:59.1382407Z   toolchain: stable
2026-10-09T19:53:59.1382509Z ##[endgroup]
2026-10-09T19:53:59.2943694Z ##[end-action id=__dtolnay_rust-toolchain.__run_8;outcome=success;conclusion=success;duration_ms=164]
2026-10-09T19:53:59.2946547Z ##[start-action display=Work around spurious network errors in curl 8.0;id=__dtolnay_rust-toolchain.__run_9]
2026-10-09T19:53:59.3028351Z ##[group]Run # https://rust-lang.zulipchat.com/#narrow/stream/246057-t-cargo/topic/timeout.20investigation
2026-10-09T19:53:59.3028771Z [36;1m# https://rust-lang.zulipchat.com/#narrow/stream/246057-t-cargo/topic/timeout.20investigation[0m
2026-10-09T19:53:59.3029226Z [36;1mif rustc +"$toolchain" --version --verbose | grep -q '^release: 1\.7[01]\.'; then[0m
2026-10-09T19:53:59.3029476Z [36;1m  echo CARGO_HTTP_MULTIPLEXING=false >> $GITHUB_ENV[0m
2026-10-09T19:53:59.3029638Z [36;1mfi[0m
2026-10-09T19:53:59.3036637Z shell: C:\Program Files\Git\bin\bash.EXE --noprofile --norc -e -o pipefail {0}
2026-10-09T19:53:59.3036842Z env:
2026-10-09T19:53:59.3036947Z   CARGO_TERM_COLOR: always
2026-10-09T19:53:59.3037065Z   RUST_BACKTRACE: 1
2026-10-09T19:53:59.3037180Z   CARGO_HOME: C:\Users\runneradmin\.cargo
2026-10-09T19:53:59.3037320Z   CARGO_INCREMENTAL: 0
2026-10-09T19:53:59.3037422Z   toolchain: stable
2026-10-09T19:53:59.3037522Z ##[endgroup]
2026-10-09T19:53:59.3759008Z ##[end-action id=__dtolnay_rust-toolchain.__run_9;outcome=success;conclusion=success;duration_ms=81]
2026-10-09T19:53:59.3762859Z ##[start-action display=rustc +stable --version --verbose;id=__dtolnay_rust-toolchain.__run_10]
2026-10-09T19:53:59.3838315Z ##[group]Run rustc +"$toolchain" --version --verbose
2026-10-09T19:53:59.3838511Z [36;1mrustc +"$toolchain" --version --verbose[0m
2026-10-09T19:53:59.3845697Z shell: C:\Program Files\Git\bin\bash.EXE --noprofile --norc -e -o pipefail {0}
2026-10-09T19:53:59.3845903Z env:
2026-10-09T19:53:59.3846009Z   CARGO_TERM_COLOR: always
2026-10-09T19:53:59.3846126Z   RUST_BACKTRACE: 1
2026-10-09T19:53:59.3846243Z   CARGO_HOME: C:\Users\runneradmin\.cargo
2026-10-09T19:53:59.3846382Z   CARGO_INCREMENTAL: 0
2026-10-09T19:53:59.3846484Z   toolchain: stable
2026-10-09T19:53:59.3846586Z ##[endgroup]
2026-10-09T19:53:59.4376989Z rustc 1.99.0 (b940084d7 2026-09-28)
2026-10-09T19:53:59.4377204Z binary: rustc
2026-10-09T19:53:59.4377351Z commit-hash: b940084d7eb6a299eb4bfeb8e34901bc051e7ac4
2026-10-09T19:53:59.4377631Z commit-date: 2026-09-28
2026-10-09T19:53:59.4377757Z host: x86_64-pc-windows-msvc
2026-10-09T19:53:59.4377913Z release: 1.99.0
2026-10-09T19:53:59.4378705Z LLVM version: 23.1.1
2026-10-09T19:53:59.4462068Z ##[end-action id=__dtolnay_rust-toolchain.__run_10;outcome=success;conclusion=success;duration_ms=69]
2026-10-09T19:53:59.4604044Z ##[group]Run Swatinem/rust-cache@v2
2026-10-09T19:53:59.4604216Z with:
2026-10-09T19:53:59.4604320Z   prefix-key: v0-rust
2026-10-09T19:53:59.4604432Z   add-job-id-key: true
2026-10-09T19:53:59.4604552Z   add-rust-environment-hash-key: true
2026-10-09T19:53:59.4604689Z   cache-targets: true
2026-10-09T19:53:59.4604802Z   cache-all-crates: false
2026-10-09T19:53:59.4604926Z   cache-workspace-crates: false
2026-10-09T19:53:59.4605050Z   save-if: true
2026-10-09T19:53:59.4605157Z   cache-provider: github
2026-10-09T19:53:59.4605269Z   cache-bin: true
2026-10-09T19:53:59.4605366Z   lookup-only: false
2026-10-09T19:53:59.4605470Z   cmd-format: {0}
2026-10-09T19:53:59.4605564Z env:
2026-10-09T19:53:59.4605660Z   CARGO_TERM_COLOR: always
2026-10-09T19:53:59.4605775Z   RUST_BACKTRACE: 1
2026-10-09T19:53:59.4605901Z   CARGO_HOME: C:\Users\runneradmin\.cargo
2026-10-09T19:53:59.4606044Z   CARGO_INCREMENTAL: 0
2026-10-09T19:53:59.4606147Z ##[endgroup]
2026-10-09T19:54:00.7148647Z ##[group]Cache Configuration
2026-10-09T19:54:00.7148941Z Cache Provider:
2026-10-09T19:54:00.7149088Z     github
2026-10-09T19:54:00.7149220Z Workspaces:
2026-10-09T19:54:00.7149404Z     D:\a\rustwright\rustwright
2026-10-09T19:54:00.7149584Z Cache Paths:
2026-10-09T19:54:00.7149742Z     C:\Users\runneradmin\.cargo\bin
2026-10-09T19:54:00.7149962Z     C:\Users\runneradmin\.cargo\.crates.toml
2026-10-09T19:54:00.7150184Z     C:\Users\runneradmin\.cargo\.crates2.json
2026-10-09T19:54:00.7150402Z     C:\Users\runneradmin\.cargo\registry
2026-10-09T19:54:00.7150603Z     C:\Users\runneradmin\.cargo\git
2026-10-09T19:54:00.7150807Z     D:\a\rustwright\rustwright\target
2026-10-09T19:54:00.7151003Z Restore Key:
2026-10-09T19:54:00.7151184Z     v0-rust-browser-compat-Windows_NT-x64-878c1c10
2026-10-09T19:54:00.7151422Z Cache Key:
2026-10-09T19:54:00.7151912Z     v0-rust-browser-compat-Windows_NT-x64-878c1c10-72d37f9d
2026-10-09T19:54:00.7152153Z .. Prefix:
2026-10-09T19:54:00.7152331Z   - v0-rust-browser-compat-Windows_NT-x64
2026-10-09T19:54:00.7152556Z .. Environment considered:
2026-10-09T19:54:00.7152734Z   - Rust Versions:
2026-10-09T19:54:00.7152970Z     - 1.99.0 x86_64-pc-windows-msvc b940084d7eb6a299eb4bfeb8e34901bc051e7ac4
2026-10-09T19:54:00.7153253Z   - CARGO_HOME
2026-10-09T19:54:00.7153401Z   - CARGO_INCREMENTAL
2026-10-09T19:54:00.7153587Z   - CARGO_TERM_COLOR
2026-10-09T19:54:00.7153755Z   - RUST_BACKTRACE
2026-10-09T19:54:00.7153914Z .. Lockfiles considered:
2026-10-09T19:54:00.7154109Z   - D:\a\rustwright\rustwright\Cargo.lock
2026-10-09T19:54:00.7154393Z   - D:\a\rustwright\rustwright\crates\rustwright-bidi\Cargo.toml
2026-10-09T19:54:00.7154743Z   - D:\a\rustwright\rustwright\crates\rustwright-browser\Cargo.toml
2026-10-09T19:54:00.7155082Z   - D:\a\rustwright\rustwright\crates\rustwright-cdp\Cargo.toml
2026-10-09T19:54:00.7155928Z   - D:\a\rustwright\rustwright\crates\rustwright-common\Cargo.toml
2026-10-09T19:54:00.7156320Z   - D:\a\rustwright\rustwright\crates\rustwright-core\Cargo.toml
2026-10-09T19:54:00.7156686Z   - D:\a\rustwright\rustwright\crates\rustwright-test-macros\Cargo.toml
2026-10-09T19:54:00.7157048Z   - D:\a\rustwright\rustwright\crates\rustwright-test\Cargo.toml
2026-10-09T19:54:00.7157360Z   - D:\a\rustwright\rustwright\crates\rustwright\Cargo.toml
2026-10-09T19:54:00.7157786Z   - D:\a\rustwright\rustwright\docs\ci\results\firefox-network-idle\local\release\consumer\.cargo\config.toml
2026-10-09T19:54:00.7158359Z   - D:\a\rustwright\rustwright\docs\ci\results\remote-20261009\followup-local\consumer\.cargo\config.toml
2026-10-09T19:54:00.7158871Z   - D:\a\rustwright\rustwright\docs\ci\results\required-browser\release\consumer\.cargo\config.toml
2026-10-09T19:54:00.7159937Z   - D:\a\rustwright\rustwright\docs\release\results\local-package\consumer\.cargo\config.toml
2026-10-09T19:54:00.7160370Z   - D:\a\rustwright\rustwright\examples\Cargo.toml
2026-10-09T19:54:00.7160634Z   - D:\a\rustwright\rustwright\tests\Cargo.toml
2026-10-09T19:54:00.7163176Z ##[endgroup]
2026-10-09T19:54:00.7163300Z 
2026-10-09T19:54:00.7163359Z ... Restoring cache ...
2026-10-09T19:54:00.9989943Z Cache hit for: v0-rust-browser-compat-Windows_NT-x64-878c1c10-72d37f9d
2026-10-09T19:54:02.2186202Z Received 41943040 of 67039532 (62.6%), 39.9 MBs/sec
2026-10-09T19:54:02.5000523Z Received 67039532 of 67039532 (100.0%), 49.8 MBs/sec
2026-10-09T19:54:02.5002568Z Cache Size: ~64 MB (67039532 B)
2026-10-09T19:54:02.5053112Z [command]"C:\Program Files\Git\usr\bin\tar.exe" -xf D:/a/_temp/f9e73b00-44e7-4f1b-a1c0-a9c58ce1e479/cache.tzst -P -C D:/a/rustwright/rustwright --force-local --use-compress-program "zstd -d"
2026-10-09T19:54:03.2410708Z Cache restored successfully
2026-10-09T19:54:03.2461021Z Restored from cache key "v0-rust-browser-compat-Windows_NT-x64-878c1c10-72d37f9d" full match: true.
2026-10-09T19:54:03.2687810Z ##[group]Run actions/setup-python@v6
2026-10-09T19:54:03.2688010Z with:
2026-10-09T19:54:03.2688126Z   python-version: 3.11
2026-10-09T19:54:03.2688248Z   check-latest: false
2026-10-09T19:54:03.2689460Z   token: ***
2026-10-09T19:54:03.2689572Z   update-environment: true
2026-10-09T19:54:03.2689700Z   allow-prereleases: false
2026-10-09T19:54:03.2689822Z   freethreaded: false
2026-10-09T19:54:03.2689928Z env:
2026-10-09T19:54:03.2690032Z   CARGO_TERM_COLOR: always
2026-10-09T19:54:03.2690150Z   RUST_BACKTRACE: 1
2026-10-09T19:54:03.2690271Z   CARGO_HOME: C:\Users\runneradmin\.cargo
2026-10-09T19:54:03.2690418Z   CARGO_INCREMENTAL: 0
2026-10-09T19:54:03.2690532Z   CACHE_ON_FAILURE: false
2026-10-09T19:54:03.2690656Z ##[endgroup]
2026-10-09T19:54:03.3718886Z ##[group]Installed versions
2026-10-09T19:54:03.3905708Z Successfully set up CPython (3.11.9)
2026-10-09T19:54:03.3906341Z ##[endgroup]
2026-10-09T19:54:03.4101802Z ##[group]Run browser-actions/setup-chrome@v2
2026-10-09T19:54:03.4102141Z with:
2026-10-09T19:54:03.4102252Z   chrome-version: stable
2026-10-09T19:54:03.4102377Z   install-dependencies: true
2026-10-09T19:54:03.4102513Z   install-chromedriver: false
2026-10-09T19:54:03.4102636Z   no-sudo: false
2026-10-09T19:54:03.4102736Z env:
2026-10-09T19:54:03.4102831Z   CARGO_TERM_COLOR: always
2026-10-09T19:54:03.4102946Z   RUST_BACKTRACE: 1
2026-10-09T19:54:03.4103068Z   CARGO_HOME: C:\Users\runneradmin\.cargo
2026-10-09T19:54:03.4103211Z   CARGO_INCREMENTAL: 0
2026-10-09T19:54:03.4103325Z   CACHE_ON_FAILURE: false
2026-10-09T19:54:03.4103483Z   pythonLocation: C:\hostedtoolcache\windows\Python\3.11.9\x64
2026-10-09T19:54:03.4103755Z   PKG_CONFIG_PATH: C:\hostedtoolcache\windows\Python\3.11.9\x64/lib/pkgconfig
2026-10-09T19:54:03.4103996Z   Python_ROOT_DIR: C:\hostedtoolcache\windows\Python\3.11.9\x64
2026-10-09T19:54:03.4104231Z   Python2_ROOT_DIR: C:\hostedtoolcache\windows\Python\3.11.9\x64
2026-10-09T19:54:03.4104447Z   Python3_ROOT_DIR: C:\hostedtoolcache\windows\Python\3.11.9\x64
2026-10-09T19:54:03.4104615Z ##[endgroup]
2026-10-09T19:54:03.4742307Z Installing dependencies
2026-10-09T19:54:03.4757660Z ##[warning]install-dependencies is only supported on Linux, but current platform is windows
2026-10-09T19:54:03.4762212Z Setup chrome stable
2026-10-09T19:54:03.4762485Z Attempting to download chrome stable...
2026-10-09T19:54:03.5400565Z Acquiring chrome stable from https://storage.googleapis.com/chrome-for-testing-public/155.0.8059.39/win64/chrome-win64.zip
2026-10-09T19:54:05.0197272Z Installing chrome...
2026-10-09T19:54:05.0722547Z [command]"C:\Program Files\PowerShell\7\pwsh.exe" -NoLogo -NoProfile -NonInteractive -ExecutionPolicy Unrestricted -Command "$ErrorActionPreference = 'Stop' ; try { Add-Type -AssemblyName System.IO.Compression.ZipFile } catch { } ; try { [System.IO.Compression.ZipFile]::ExtractToDirectory('D:\a\_temp\944b04fa-0a63-4731-9336-854c1db9f14a', 'D:\a\_temp\071074d5-7c8a-42a3-897a-96c6f31b4020', $true) } catch { if (($_.Exception.GetType().FullName -eq 'System.Management.Automation.MethodException') -or ($_.Exception.GetType().FullName -eq 'System.Management.Automation.RuntimeException') ){ Expand-Archive -LiteralPath 'D:\a\_temp\944b04fa-0a63-4731-9336-854c1db9f14a' -DestinationPath 'D:\a\_temp\071074d5-7c8a-42a3-897a-96c6f31b4020' -Force } else { throw $_ } } ;"
2026-10-09T19:54:06.6339327Z Successfully Installed chrome to C:\hostedtoolcache\windows\setup-chrome\chrome\stable\x64
2026-10-09T19:54:06.6688755Z [command]C:\Windows\System32\WindowsPowerShell\v1.0\powershell.exe -Command "(Get-Item (Get-Command 'C:\hostedtoolcache\windows\setup-chrome\chrome\stable\x64\chrome.exe').Source).VersionInfo.ProductVersion"
2026-10-09T19:54:09.3092242Z 155.0.8059.39
2026-10-09T19:54:09.3411244Z Successfully setup chrome 155.0.8059.39
2026-10-09T19:54:09.3617944Z ##[group]Run browser-actions/setup-firefox@v1
2026-10-09T19:54:09.3618146Z with:
2026-10-09T19:54:09.3618262Z   firefox-version: 157.0.1
2026-10-09T19:54:09.3618388Z env:
2026-10-09T19:54:09.3618517Z   CARGO_TERM_COLOR: always
2026-10-09T19:54:09.3618638Z   RUST_BACKTRACE: 1
2026-10-09T19:54:09.3618763Z   CARGO_HOME: C:\Users\runneradmin\.cargo
2026-10-09T19:54:09.3618912Z   CARGO_INCREMENTAL: 0
2026-10-09T19:54:09.3619039Z   CACHE_ON_FAILURE: false
2026-10-09T19:54:09.3619204Z   pythonLocation: C:\hostedtoolcache\windows\Python\3.11.9\x64
2026-10-09T19:54:09.3619447Z   PKG_CONFIG_PATH: C:\hostedtoolcache\windows\Python\3.11.9\x64/lib/pkgconfig
2026-10-09T19:54:09.3619694Z   Python_ROOT_DIR: C:\hostedtoolcache\windows\Python\3.11.9\x64
2026-10-09T19:54:09.3619921Z   Python2_ROOT_DIR: C:\hostedtoolcache\windows\Python\3.11.9\x64
2026-10-09T19:54:09.3620138Z   Python3_ROOT_DIR: C:\hostedtoolcache\windows\Python\3.11.9\x64
2026-10-09T19:54:09.3620306Z ##[endgroup]
2026-10-09T19:54:09.4254438Z Setup firefox 157.0.1 (en-US)
2026-10-09T19:54:09.4261497Z Attempting to download firefox 157.0.1...
2026-10-09T19:54:09.4262952Z This is the version number:157
2026-10-09T19:54:09.4271289Z Acquiring 157.0.1 from https://ftp.mozilla.org/pub/firefox/releases/157.0.1/win64/en-US/Firefox%20Setup%20157.0.1.exe
2026-10-09T19:54:10.0238515Z Extracting Firefox...
2026-10-09T19:54:10.0254868Z [command]D:\a\_temp\7b0aafa1-1866-46f3-abcb-f251f8296e0e.exe /S /InstallDirectoryName=Firefox_157.0.1
2026-10-09T19:54:22.8074305Z Successfully installed firefox 157.0.1 to C:\Program Files\Firefox_157.0.1
2026-10-09T19:54:22.8089484Z [command]"C:\Program Files\Firefox_157.0.1\firefox.exe" --version
2026-10-09T19:54:22.8562121Z Mozilla Firefox 157.0.1
2026-10-09T19:54:22.8579034Z Successfully setup firefox version 157.0.1
2026-10-09T19:54:22.8777935Z ##[group]Run $chromeDirectory = Split-Path -Parent $env:CHROME_EXECUTABLE
2026-10-09T19:54:22.8778273Z [36;1m$chromeDirectory = Split-Path -Parent $env:CHROME_EXECUTABLE[0m
2026-10-09T19:54:22.8778519Z [36;1m$setupExecutable = Join-Path $chromeDirectory 'setup.exe'[0m
2026-10-09T19:54:22.8778785Z [36;1mif (-not (Test-Path -LiteralPath $setupExecutable -PathType Leaf)) {[0m
2026-10-09T19:54:22.8779071Z [36;1m  throw "Chrome for Testing sandbox setup executable is missing"[0m
2026-10-09T19:54:22.8779260Z [36;1m}[0m
2026-10-09T19:54:22.8779425Z [36;1m# The Chrome-provided helper grants its installation capabilities[0m
2026-10-09T19:54:22.8779788Z [36;1m# read/execute access. It returns installer status 78 on success.[0m
2026-10-09T19:54:22.8780068Z [36;1m$setupArgument = '--configure-browser-in-directory="{0}"' -f $chromeDirectory[0m
2026-10-09T19:54:22.8780522Z [36;1m$setupProcess = Start-Process -FilePath $setupExecutable -ArgumentList $setupArgument -Wait -PassThru[0m
2026-10-09T19:54:22.8780899Z [36;1mWrite-Host "Chrome sandbox setup exit code: $($setupProcess.ExitCode)"[0m
2026-10-09T19:54:22.8781213Z [36;1mif ($setupProcess.ExitCode -ne 78) { throw "Chrome sandbox permission configuration failed" }[0m
2026-10-09T19:54:22.8781480Z [36;1m& icacls.exe $env:CHROME_EXECUTABLE[0m
2026-10-09T19:54:22.8794365Z [36;1mif ($LASTEXITCODE -ne 0) { throw "Unable to inspect Chrome executable permissions" }[0m
2026-10-09T19:54:22.9157674Z shell: C:\Program Files\PowerShell\7\pwsh.EXE -command ". '{0}'"
2026-10-09T19:54:22.9157879Z env:
2026-10-09T19:54:22.9157998Z   CARGO_TERM_COLOR: always
2026-10-09T19:54:22.9158129Z   RUST_BACKTRACE: 1
2026-10-09T19:54:22.9158255Z   CARGO_HOME: C:\Users\runneradmin\.cargo
2026-10-09T19:54:22.9158416Z   CARGO_INCREMENTAL: 0
2026-10-09T19:54:22.9158544Z   CACHE_ON_FAILURE: false
2026-10-09T19:54:22.9158717Z   pythonLocation: C:\hostedtoolcache\windows\Python\3.11.9\x64
2026-10-09T19:54:22.9158984Z   PKG_CONFIG_PATH: C:\hostedtoolcache\windows\Python\3.11.9\x64/lib/pkgconfig
2026-10-09T19:54:22.9159235Z   Python_ROOT_DIR: C:\hostedtoolcache\windows\Python\3.11.9\x64
2026-10-09T19:54:22.9159464Z   Python2_ROOT_DIR: C:\hostedtoolcache\windows\Python\3.11.9\x64
2026-10-09T19:54:22.9159791Z   Python3_ROOT_DIR: C:\hostedtoolcache\windows\Python\3.11.9\x64
2026-10-09T19:54:22.9160066Z   CHROME_EXECUTABLE: C:\hostedtoolcache\windows\setup-chrome\chrome\stable\x64\chrome.exe
2026-10-09T19:54:22.9160305Z ##[endgroup]
2026-10-09T19:54:23.2352008Z Chrome sandbox setup exit code: 78
2026-10-09T19:54:23.2449312Z C:\hostedtoolcache\windows\setup-chrome\chrome\stable\x64\chrome.exe S-1-15-3-1024-3424233489-972189580-2057154623-747635277-1604371224-316187997-3786583170-1043257646:(I)(RX)
2026-10-09T19:54:23.2450021Z                                                                      S-1-15-3-1024-2302894289-466761758-1166120688-1039016420-2430351297-4240214049-4028510897-3317428798:(I)(RX)
2026-10-09T19:54:23.2450579Z                                                                      NT AUTHORITY\Authenticated Users:(I)(M)
2026-10-09T19:54:23.2451327Z                                                                      NT AUTHORITY\SYSTEM:(I)(F)
2026-10-09T19:54:23.2452902Z                                                                      BUILTIN\Administrators:(I)(F)
2026-10-09T19:54:23.2454164Z                                                                      BUILTIN\Users:(I)(RX)
2026-10-09T19:54:23.2454739Z 
2026-10-09T19:54:23.2455645Z Successfully processed 1 files; Failed processing 0 files
2026-10-09T19:54:23.2895541Z ##[group]Run echo "Chrome: $CHROME_VERSION"
2026-10-09T19:54:23.2895776Z [36;1mecho "Chrome: $CHROME_VERSION"[0m
2026-10-09T19:54:23.2895936Z [36;1mecho "Firefox: $FIREFOX_VERSION"[0m
2026-10-09T19:54:23.2904871Z shell: C:\Program Files\Git\bin\bash.EXE --noprofile --norc -e -o pipefail {0}
2026-10-09T19:54:23.2905099Z env:
2026-10-09T19:54:23.2905208Z   CARGO_TERM_COLOR: always
2026-10-09T19:54:23.2905334Z   RUST_BACKTRACE: 1
2026-10-09T19:54:23.2905459Z   CARGO_HOME: C:\Users\runneradmin\.cargo
2026-10-09T19:54:23.2905606Z   CARGO_INCREMENTAL: 0
2026-10-09T19:54:23.2905728Z   CACHE_ON_FAILURE: false
2026-10-09T19:54:23.2905895Z   pythonLocation: C:\hostedtoolcache\windows\Python\3.11.9\x64
2026-10-09T19:54:23.2906140Z   PKG_CONFIG_PATH: C:\hostedtoolcache\windows\Python\3.11.9\x64/lib/pkgconfig
2026-10-09T19:54:23.2906401Z   Python_ROOT_DIR: C:\hostedtoolcache\windows\Python\3.11.9\x64
2026-10-09T19:54:23.2906653Z   Python2_ROOT_DIR: C:\hostedtoolcache\windows\Python\3.11.9\x64
2026-10-09T19:54:23.2906868Z   Python3_ROOT_DIR: C:\hostedtoolcache\windows\Python\3.11.9\x64
2026-10-09T19:54:23.2907048Z   CHROME_VERSION: 155.0.8059.39
2026-10-09T19:54:23.2907179Z   FIREFOX_VERSION: 157.0.1
2026-10-09T19:54:23.2907303Z ##[endgroup]
2026-10-09T19:54:23.3144549Z Chrome: 155.0.8059.39
2026-10-09T19:54:23.3144942Z Firefox: 157.0.1
2026-10-09T19:54:23.3251317Z ##[group]Run python scripts/ci/browser_checks.py --suite portable
2026-10-09T19:54:23.3251612Z [36;1mpython scripts/ci/browser_checks.py --suite portable[0m
2026-10-09T19:54:23.3296109Z shell: C:\Program Files\PowerShell\7\pwsh.EXE -command ". '{0}'"
2026-10-09T19:54:23.3296298Z env:
2026-10-09T19:54:23.3296413Z   CARGO_TERM_COLOR: always
2026-10-09T19:54:23.3296535Z   RUST_BACKTRACE: 1
2026-10-09T19:54:23.3296689Z   CARGO_HOME: C:\Users\runneradmin\.cargo
2026-10-09T19:54:23.3296837Z   CARGO_INCREMENTAL: 0
2026-10-09T19:54:23.3296958Z   CACHE_ON_FAILURE: false
2026-10-09T19:54:23.3297126Z   pythonLocation: C:\hostedtoolcache\windows\Python\3.11.9\x64
2026-10-09T19:54:23.3297384Z   PKG_CONFIG_PATH: C:\hostedtoolcache\windows\Python\3.11.9\x64/lib/pkgconfig
2026-10-09T19:54:23.3297628Z   Python_ROOT_DIR: C:\hostedtoolcache\windows\Python\3.11.9\x64
2026-10-09T19:54:23.3297849Z   Python2_ROOT_DIR: C:\hostedtoolcache\windows\Python\3.11.9\x64
2026-10-09T19:54:23.3298085Z   Python3_ROOT_DIR: C:\hostedtoolcache\windows\Python\3.11.9\x64
2026-10-09T19:54:23.3298347Z   RUSTWRIGHT_CHROME: C:\hostedtoolcache\windows\setup-chrome\chrome\stable\x64\chrome.exe
2026-10-09T19:54:23.3298618Z   RUSTWRIGHT_FIREFOX: C:\Program Files\Firefox_157.0.1\firefox.exe
2026-10-09T19:54:23.3298797Z ##[endgroup]
2026-10-09T19:54:25.0931288Z Running http_compat; log: D:\a\rustwright\rustwright\target\ci\portable\http_compat.log
2026-10-09T19:55:58.6579091Z Running http_actionability; log: D:\a\rustwright\rustwright\target\ci\portable\http_actionability.log
2026-10-09T19:56:37.8109573Z Running http_clipped_control; log: D:\a\rustwright\rustwright\target\ci\portable\http_clipped_control.log
2026-10-09T19:57:07.5308567Z Running http_bidi_navigation; log: D:\a\rustwright\rustwright\target\ci\portable\http_bidi_navigation.log
2026-10-09T19:57:27.7976273Z Running http_network_idle_parity; log: D:\a\rustwright\rustwright\target\ci\portable\http_network_idle_parity.log
2026-10-09T20:00:08.3752861Z Native HTTP portable: 79 passed, no skips
2026-10-09T20:00:08.4614987Z ##[group]Run actions/upload-artifact@v4
2026-10-09T20:00:08.4615241Z with:
2026-10-09T20:00:08.4615412Z   name: native-http-windows-latest
2026-10-09T20:00:08.4615618Z   path: target/ci/
2026-10-09T20:00:08.4615782Z   if-no-files-found: error
2026-10-09T20:00:08.4615960Z   compression-level: 6
2026-10-09T20:00:08.4616122Z   overwrite: false
2026-10-09T20:00:08.4616519Z   include-hidden-files: false
2026-10-09T20:00:08.4616690Z env:
2026-10-09T20:00:08.4616839Z   CARGO_TERM_COLOR: always
2026-10-09T20:00:08.4617002Z   RUST_BACKTRACE: 1
2026-10-09T20:00:08.4617168Z   CARGO_HOME: C:\Users\runneradmin\.cargo
2026-10-09T20:00:08.4617377Z   CARGO_INCREMENTAL: 0
2026-10-09T20:00:08.4617541Z   CACHE_ON_FAILURE: false
2026-10-09T20:00:08.4617746Z   pythonLocation: C:\hostedtoolcache\windows\Python\3.11.9\x64
2026-10-09T20:00:08.4618028Z   PKG_CONFIG_PATH: C:\hostedtoolcache\windows\Python\3.11.9\x64/lib/pkgconfig
2026-10-09T20:00:08.4618384Z   Python_ROOT_DIR: C:\hostedtoolcache\windows\Python\3.11.9\x64
2026-10-09T20:00:08.4618650Z   Python2_ROOT_DIR: C:\hostedtoolcache\windows\Python\3.11.9\x64
2026-10-09T20:00:08.4618908Z   Python3_ROOT_DIR: C:\hostedtoolcache\windows\Python\3.11.9\x64
2026-10-09T20:00:08.4619123Z ##[endgroup]
2026-10-09T20:00:08.5815609Z (node:1080) [DEP0040] DeprecationWarning: The `punycode` module is deprecated. Please use a userland alternative instead.
2026-10-09T20:00:08.5816247Z (Use `node --trace-deprecation ...` to show where the warning was created)
2026-10-09T20:00:08.5862781Z With the provided path, there will be 6 files uploaded
2026-10-09T20:00:08.5865693Z Artifact name is valid!
2026-10-09T20:00:08.5866608Z Root directory input is valid!
2026-10-09T20:00:08.9168029Z Beginning upload of artifact content to blob storage
2026-10-09T20:00:08.9344784Z (node:1080) [DEP0169] DeprecationWarning: `url.parse()` behavior is not standardized and prone to errors that have security implications. Use the WHATWG URL API instead. CVEs are not issued for `url.parse()` vulnerabilities.
2026-10-09T20:00:09.1598119Z Uploaded bytes 7407
2026-10-09T20:00:09.2204706Z Finished uploading artifact content to blob storage!
2026-10-09T20:00:09.2224270Z SHA256 digest of uploaded artifact zip is 71b32f509c51622eddbc76e27e43c2e9c6863379ca7cfbe6cdfb539f273ecb85
2026-10-09T20:00:09.2224792Z Finalizing artifact upload
2026-10-09T20:00:09.4913583Z Artifact native-http-windows-latest.zip successfully finalized. Artifact ID 11642017746
2026-10-09T20:00:09.4914093Z Artifact native-http-windows-latest has been successfully uploaded! Final size is 7407 bytes. Artifact ID is 11642017746
2026-10-09T20:00:09.4921571Z Artifact download URL: https://github.com/rsasaki0109/rustwright/actions/runs/37983300059/artifacts/11642017746
2026-10-09T20:00:09.5160003Z Post job cleanup.
2026-10-09T20:00:09.6322071Z Post job cleanup.
2026-10-09T20:00:09.7254985Z Cache up-to-date.
2026-10-09T20:00:09.7474729Z Post job cleanup.
2026-10-09T20:00:09.8520665Z [command]"C:\Program Files\Git\bin\git.exe" version
2026-10-09T20:00:09.8703710Z git version 2.55.0.windows.5
2026-10-09T20:00:09.8744459Z Temporarily overriding HOME='D:\a\_temp\adf27947-eb06-409b-a68c-1bf8a05c330f' before making global git config changes
2026-10-09T20:00:09.8744928Z Adding repository directory to the temporary git global config as a safe directory
2026-10-09T20:00:09.8750862Z [command]"C:\Program Files\Git\bin\git.exe" config --global --add safe.directory D:\a\rustwright\rustwright
2026-10-09T20:00:09.8941163Z [command]"C:\Program Files\Git\bin\git.exe" config --local --name-only --get-regexp core\.sshCommand
2026-10-09T20:00:09.9121223Z [command]"C:\Program Files\Git\bin\git.exe" submodule foreach --recursive "sh -c \"git config --local --name-only --get-regexp 'core\.sshCommand' && git config --local --unset-all 'core.sshCommand' || :\""
2026-10-09T20:00:10.2455485Z [command]"C:\Program Files\Git\bin\git.exe" config --local --name-only --get-regexp http\.https\:\/\/github\.com\/\.extraheader
2026-10-09T20:00:10.2611657Z http.https://github.com/.extraheader
2026-10-09T20:00:10.2636988Z [command]"C:\Program Files\Git\bin\git.exe" config --local --unset-all http.https://github.com/.extraheader
2026-10-09T20:00:10.2821728Z [command]"C:\Program Files\Git\bin\git.exe" submodule foreach --recursive "sh -c \"git config --local --name-only --get-regexp 'http\.https\:\/\/github\.com\/\.extraheader' && git config --local --unset-all 'http.https://github.com/.extraheader' || :\""
2026-10-09T20:00:10.6647599Z [command]"C:\Program Files\Git\bin\git.exe" config --local --name-only --get-regexp ^includeIf\.gitdir:
2026-10-09T20:00:10.6829828Z [command]"C:\Program Files\Git\bin\git.exe" submodule foreach --recursive "git config --local --show-origin --name-only --get-regexp remote.origin.url"
2026-10-09T20:00:11.0413882Z Cleaning up orphan processes
2026-10-09T20:00:11.0528960Z Terminate orphan process: pid (5696) (vctip)
2026-10-09T20:00:11.0707653Z ##[warning]Node.js 20 is deprecated. The following actions target Node.js 20 but are being forced to run on Node.js 24: actions/upload-artifact@v4. For more information see: https://github.blog/changelog/2025-09-19-deprecation-of-node-20-on-github-actions-runners/
