   Compiling rustwright-cdp v0.1.0 (/workspace/rustwright/crates/rustwright-cdp)
   Compiling rustwright-browser v0.1.0 (/workspace/rustwright/crates/rustwright-browser)
   Compiling rustwright-bidi v0.1.0 (/workspace/rustwright/crates/rustwright-bidi)
   Compiling rustwright-core v0.1.0 (/workspace/rustwright/crates/rustwright-core)
   Compiling rustwright v0.1.0 (/workspace/rustwright/crates/rustwright)
   Compiling rustwright-integration-tests v0.1.0 (/workspace/rustwright/tests)
    Finished `test` profile [unoptimized + debuginfo] target(s) in 7.68s
     Running http_compat.rs (target/debug/deps/http_compat-eecb5acfebf9d9ed)

running 24 tests
test chrome_cancelled_wait_recovers ... ok
test chrome_closing_page_wakes_wait ... ok
test chrome_delayed_and_absent_elements ... ok
test chrome_disconnect_wakes_wait ... ok
test chrome_frame_click ... ok
test chrome_frame_hover_and_keyboard ... ok
test chrome_frame_reload ... ok
test chrome_isolated_popup_ownership ... ok
test chrome_isolated_storage ... ok
test chrome_javascript_exceptions ... ok
test chrome_navigation_and_forms ... ok
test chrome_wait_deadline ... ok
test firefox_cancelled_wait_recovers ... ok
test firefox_closing_page_wakes_wait ... ok
test firefox_delayed_and_absent_elements ... ok
test firefox_disconnect_wakes_wait ... ok
test firefox_frame_click ... ok
test firefox_frame_hover_and_keyboard ... ok
test firefox_frame_reload ... ok
test firefox_isolated_popup_ownership ... ok
test firefox_isolated_storage ... ok
test firefox_javascript_exceptions ... ok
test firefox_navigation_and_forms ... ok
test firefox_wait_deadline ... ok

test result: ok. 24 passed; 0 failed; 0 ignored; 0 measured; 0 filtered out; finished in 27.55s

     Running http_contexts.rs (target/debug/deps/http_contexts-0ac4f2bd0c404dbe)

running 10 tests
test browser_disconnect_wakes_a_pending_page_wait ... ok
test cancelled_popup_wait_does_not_stop_future_discovery ... ok
test closed_pages_are_removed_from_the_context_list ... ok
test concurrent_refresh_shares_one_page_session_and_route_state ... ok
test concurrent_waiters_adopt_distinct_popups ... ok
test connected_browser_excludes_another_clients_isolated_context ... ok
test context_close_wakes_a_pending_page_wait ... ok
test default_discovery_does_not_adopt_isolated_pages ... ok
test default_popup_wait_ignores_isolated_target_created_events ... ok
test isolated_popup_wait_ignores_default_and_other_isolated_contexts ... ok

test result: ok. 10 passed; 0 failed; 0 ignored; 0 measured; 0 filtered out; finished in 6.04s

     Running http_frames.rs (target/debug/deps/http_frames-fe9d7f0e34e8bf9e)

running 67 tests
test checkbox_actions_wait_for_the_same_click_checks ... ok
test click_accepts_descendants_and_native_fieldset_legend_exceptions ... ok
test click_deadline_bounds_a_stalled_preparation_promise ... ok
test click_deadline_includes_a_missing_frame ... ok
test click_does_not_intercept_an_overlay_above_the_iframe ... ok
test click_handles_a_one_pixel_target ... ok
test click_maps_an_offscreen_iframe_to_root_viewport_coordinates ... ok
test click_preserves_javascript_and_closed_page_errors ... ok
test click_rechecks_overlay_created_on_hover ... ok
test click_reresolves_target_replaced_on_hover ... ok
test click_scrolls_an_offscreen_target_into_view ... ok
test click_timeout_reports_disabled_and_intercepted_targets_without_clicking ... ok
test click_waits_until_aria_disabled_ancestor_is_enabled ... ok
test click_waits_until_button_is_enabled ... ok
test click_waits_until_button_stops_moving ... ok
test click_waits_until_overlay_disappears ... ok
test click_waits_until_parent_fieldset_is_enabled ... ok
test cross_origin_frame_with_another_port_fills_and_submits ... ok
test cross_site_already_loaded_frame_is_initialized_when_connecting ... ok
test cross_site_click_checks_parent_overlays_and_transformed_scrolled_coordinates ... ok
test cross_site_click_retries_when_its_renderer_detaches_during_preparation ... ok
test cross_site_frame_fills_and_submits ... ok
test cross_site_frame_keeps_working_after_reload_and_swaps_back_to_the_parent_site ... ok
test cross_site_frame_removal_cleans_up_and_a_new_frame_can_be_resolved ... ok
test cross_site_frame_wait_survives_a_process_swap ... ok
test cross_site_isolated_worlds_do_not_replace_default_context_and_errors_propagate ... ok
test cross_site_nested_renderer_click_maps_both_frame_boundaries ... ok
test cross_site_network_block_is_inherited_and_clear_restores_requests ... ok
test cross_site_network_diagnostics_capture_initial_request_and_response_body ... ok
test cross_site_network_diagnostics_capture_mocked_responses_and_blocked_failures ... ok
test cross_site_network_diagnostics_capture_nested_renderer_bodies ... ok
test cross_site_network_diagnostics_follow_reloads_and_repeated_process_swaps ... ok
test cross_site_network_diagnostics_keep_concurrent_parent_and_child_bodies_separate ... ok
test cross_site_network_diagnostics_retain_detached_requests_without_reusing_the_parent_session ... ok
test cross_site_network_existing_child_adds_clears_and_readds_mocks ... ok
test cross_site_network_gate_blocks_the_first_request_on_return_to_parent ... ok
test cross_site_network_gate_changes_the_first_response_header_on_return_to_parent ... ok
test cross_site_network_gate_covers_fetch_and_xhr_on_repeated_returns_without_server_access ... ok
test cross_site_network_gate_restores_the_first_request_when_nested_child_returns_to_outer ... ok
test cross_site_network_gate_resumes_application_debugger_statements_and_clears_cleanly ... ok
test cross_site_network_mock_is_inherited_before_child_scripts_run ... ok
test cross_site_network_mock_overrides_previously_cached_responses ... ok
test cross_site_network_nested_child_inherits_routes_and_clear_reaches_every_renderer ... ok
test cross_site_network_request_headers_apply_to_child_without_losing_original_headers ... ok
test cross_site_network_response_stage_upgrades_existing_and_new_children ... ok
test cross_site_network_route_changes_and_child_attachment_are_serialized ... ok
test cross_site_network_rules_cover_first_script_requests_after_process_swaps ... ok
test cross_site_sibling_sessions_do_not_mix_contexts ... ok
test fills_and_clicks_in_a_frame_added_after_the_action_starts ... ok
test frame_wait_deadline_also_bounds_the_child_element_wait ... ok
test frame_wait_includes_iframe_resolution_in_its_deadline ... ok
test frame_wait_preserves_javascript_errors ... ok
test frame_wait_propagates_closed_page_errors_without_waiting_for_timeout ... ok
test geometry_click_finds_an_uncovered_point_away_from_the_center ... ok
test geometry_click_handles_a_clip_path_with_an_occluded_center ... ok
test geometry_click_handles_a_rotated_element_clipped_by_the_viewport ... ok
test geometry_click_handles_a_transformed_iframe ... ok
test geometry_click_handles_overflow_clipping ... ok
test geometry_click_handles_perspective_transforms ... ok
test geometry_click_selects_an_uncovered_point_on_a_rotated_target ... ok
test geometry_click_uses_an_uncovered_inline_fragment ... ok
test geometry_click_waits_for_transform_changes_with_identical_bounding_rects ... ok
test network_gate_cancelled_updates_finish_before_later_cleanup_or_reconfiguration ... ok
test network_gate_is_inert_for_other_debuggers_after_routes_are_cleared ... ok
test network_gate_keeps_cached_resources_mocked_across_navigation_and_frame_returns ... ok
test waiting_locator_survives_frame_navigation ... ok
test waits_for_the_frame_document_to_load ... ok

test result: ok. 67 passed; 0 failed; 0 ignored; 0 measured; 0 filtered out; finished in 39.80s

     Running http_navigation.rs (target/debug/deps/http_navigation-26c4f08053525ed7)

running 14 tests
test another_document_interrupts_an_older_navigation_waiter ... ok
test browser_disconnect_wakes_pending_waiters ... ok
test cancelled_navigation_does_not_corrupt_the_next_navigation ... ok
test click_navigation_does_not_reuse_the_previous_documents_load ... ok
test closing_a_page_wakes_pending_load_waiters ... ok
test closing_a_page_wakes_pending_url_waiters ... ok
test fragment_navigation_preserves_the_document_load_state ... ok
test goto_timeout_covers_headers_and_document_load_together ... ok
test redirected_goto_reports_the_committed_url ... ok
test reload_waits_for_the_new_document_and_its_resources ... ok
test same_document_history_and_full_document_history_finish ... ok
test timeout_before_commit_allows_a_new_navigation_and_ignores_the_old_response ... ok
test url_wait_observes_a_matching_url_even_if_it_changes_again_immediately ... ok
test url_wait_observes_push_state_and_hash_changes ... ok

test result: ok. 14 passed; 0 failed; 0 ignored; 0 measured; 0 filtered out; finished in 6.43s

     Running http_network_idle.rs (target/debug/deps/http_network_idle-9e9c717fca313d40)

running 10 tests
test aborted_fetch_and_cancelled_idle_wait_leave_no_pending_activity ... ok
test closing_during_the_quiet_timer_wakes_the_idle_waiter ... ok
test concurrent_requests_and_a_second_burst_restart_the_quiet_window ... ok
test mocked_blocked_and_redirected_requests_finish_without_stale_counts ... ok
test new_main_document_does_not_wait_for_old_keepalive_or_child_requests ... ok
test remote_frame_fetch_prevents_parent_network_idle ... ok
test remote_frame_reload_and_return_do_not_leave_stale_pending_requests ... ok
test removing_a_same_process_frame_releases_its_pending_requests ... ok
test removing_nested_renderer_frames_releases_the_entire_subtree ... ok
test restarted_fetch_waits_for_the_body_and_a_new_quiet_window ... ok

test result: ok. 10 passed; 0 failed; 0 ignored; 0 measured; 0 filtered out; finished in 16.39s

