   Compiling proc-macro2 v1.0.107
   Compiling quote v1.0.47
   Compiling unicode-ident v1.0.26
   Compiling libc v0.2.189
    Checking typenum v1.20.1
    Checking cfg-if v1.0.5
    Checking itoa v1.0.18
   Compiling serde_core v1.0.229
   Compiling zmij v1.0.23
   Compiling getrandom v0.4.3
   Compiling syn v3.0.6
    Checking hybrid-array v0.4.15
    Checking rand_core v0.10.1
    Checking cpufeatures v0.3.1
   Compiling httparse v1.10.1
    Checking crypto-common v0.2.2
    Checking block-buffer v0.12.1
   Compiling serde_json v1.0.151
    Checking pin-project-lite v0.2.17
   Compiling thiserror v2.0.20
    Checking const-oid v0.10.2
    Checking bytes v1.12.1
    Checking digest v0.11.3
    Checking errno v0.3.14
    Checking chacha20 v0.10.2
   Compiling syn v2.0.119
    Checking memchr v2.8.3
    Checking rand v0.10.2
    Checking http v1.5.0
    Checking signal-hook-registry v1.4.8
    Checking sha1 v0.11.0
    Checking socket2 v0.6.5
    Checking mio v1.2.3
    Checking slab v0.4.12
   Compiling serde v1.0.229
    Checking log v0.4.34
    Checking futures-core v0.3.34
    Checking data-encoding v2.11.1
    Checking futures-task v0.3.34
    Checking futures-sink v0.3.34
    Checking once_cell v1.21.4
    Checking tracing-core v0.1.36
    Checking rustwright-common v0.1.0 (/workspace/rustwright/crates/rustwright-common)
   Compiling thiserror-impl v2.0.20
   Compiling tokio-macros v2.7.2
   Compiling futures-macro v0.3.34
    Checking tokio v1.53.1
    Checking futures-util v0.3.34
    Checking tungstenite v0.30.0
   Compiling serde_derive v1.0.229
   Compiling tracing-attributes v0.1.31
    Checking base64 v0.22.1
   Compiling rustwright-test-macros v0.1.0 (/workspace/rustwright/crates/rustwright-test-macros)
    Checking tracing v0.1.44
    Checking tokio-tungstenite v0.30.0
    Checking rustwright-cdp v0.1.0 (/workspace/rustwright/crates/rustwright-cdp)
    Checking rustwright-browser v0.1.0 (/workspace/rustwright/crates/rustwright-browser)
    Checking rustwright-core v0.1.0 (/workspace/rustwright/crates/rustwright-core)
    Checking rustwright-bidi v0.1.0 (/workspace/rustwright/crates/rustwright-bidi)
    Checking rustwright v0.1.0 (/workspace/rustwright/crates/rustwright)
    Checking rustwright-test v0.1.0 (/workspace/rustwright/crates/rustwright-test)
    Checking rustwright-examples v0.1.0 (/workspace/rustwright/examples)
    Checking rustwright-integration-tests v0.1.0 (/workspace/rustwright/tests)
    Finished `dev` profile [unoptimized + debuginfo] target(s) in 17.93s
