   Compiling rustwright-integration-tests v0.1.0 (/workspace/rustwright/tests)
    Finished `test` profile [unoptimized + debuginfo] target(s) in 2.29s
     Running http_actionability.rs (target/debug/deps/http_actionability-4979319a40142347)

running 12 tests
test chrome_blocked_prepare_timeout ... Chrome version: Chrome/151.0.7922.173
ok
test chrome_disabled_aria_ancestor ... Chrome version: Chrome/151.0.7922.173
ok
test chrome_disabled_fieldset ... Chrome version: Chrome/151.0.7922.173
ok
test chrome_disabled_timeout ... Chrome version: Chrome/151.0.7922.173
ok
test chrome_move_on_hover ... Chrome version: Chrome/151.0.7922.173
ok
test chrome_transient_overlay ... Chrome version: Chrome/151.0.7922.173
ok
test firefox_blocked_prepare_timeout ... Firefox version: Some("157.0.1")
ok
test firefox_disabled_aria_ancestor ... Firefox version: Some("157.0.1")
ok
test firefox_disabled_fieldset ... Firefox version: Some("157.0.1")
ok
test firefox_disabled_timeout ... Firefox version: Some("157.0.1")
ok
test firefox_move_on_hover ... Firefox version: Some("157.0.1")
ok
test firefox_transient_overlay ... Firefox version: Some("157.0.1")
ok

test result: ok. 12 passed; 0 failed; 0 ignored; 0 measured; 0 filtered out; finished in 19.13s

