    Blocking waiting for file lock on package cache
    Blocking waiting for file lock on build directory
   Compiling rustwright-integration-tests v0.1.0 (/workspace/rustwright/tests)
    Finished `test` profile [unoptimized + debuginfo] target(s) in 11.89s
     Running http_compat.rs (target/debug/deps/http_compat-13835e7b87cc4bc8)

running 24 tests
test chrome_cancelled_wait_recovers ... Chrome version: Chrome/151.0.7922.173
ok
test chrome_closing_page_wakes_wait ... Chrome version: Chrome/151.0.7922.173
ok
test chrome_delayed_and_absent_elements ... Chrome version: Chrome/151.0.7922.173
ok
test chrome_disconnect_wakes_wait ... Chrome version: Chrome/151.0.7922.173
ok
test chrome_frame_click ... Chrome version: Chrome/151.0.7922.173
ok
test chrome_frame_hover_and_keyboard ... Chrome version: Chrome/151.0.7922.173
ok
test chrome_frame_reload ... Chrome version: Chrome/151.0.7922.173
ok
test chrome_isolated_popup_ownership ... Chrome version: Chrome/151.0.7922.173
ok
test chrome_isolated_storage ... Chrome version: Chrome/151.0.7922.173
ok
test chrome_javascript_exceptions ... Chrome version: Chrome/151.0.7922.173
ok
test chrome_navigation_and_forms ... Chrome version: Chrome/151.0.7922.173
ok
test chrome_wait_deadline ... Chrome version: Chrome/151.0.7922.173
ok
test firefox_cancelled_wait_recovers ... Firefox version: Some("157.0.1")
ok
test firefox_closing_page_wakes_wait ... Firefox version: Some("157.0.1")
ok
test firefox_delayed_and_absent_elements ... Firefox version: Some("157.0.1")
ok
test firefox_disconnect_wakes_wait ... Firefox version: Some("157.0.1")
ok
test firefox_frame_click ... Firefox version: Some("157.0.1")
ok
test firefox_frame_hover_and_keyboard ... Firefox version: Some("157.0.1")
ok
test firefox_frame_reload ... Firefox version: Some("157.0.1")
ok
test firefox_isolated_popup_ownership ... Firefox version: Some("157.0.1")
ok
test firefox_isolated_storage ... Firefox version: Some("157.0.1")
ok
test firefox_javascript_exceptions ... Firefox version: Some("157.0.1")
ok
test firefox_navigation_and_forms ... Firefox version: Some("157.0.1")
ok
test firefox_wait_deadline ... Firefox version: Some("157.0.1")
ok

test result: ok. 24 passed; 0 failed; 0 ignored; 0 measured; 0 filtered out; finished in 28.30s

