2026-10-09T18:17:13.7498388Z Current runner version: '2.337.0'
2026-10-09T18:17:13.7526484Z ##[group]Runner Image Provisioner
2026-10-09T18:17:13.7527367Z Hosted Compute Agent
2026-10-09T18:17:13.7528090Z Version: 20261002.596
2026-10-09T18:17:13.7528827Z Commit: c3d12f3313a95f25162a1503be624f3b0617f8c0
2026-10-09T18:17:13.7529904Z Build Date: 2026-10-02T22:28:27Z
2026-10-09T18:17:13.7530853Z Worker ID: {357a0fd3-50d6-4c15-85a1-5b7d5a2adbdc}
2026-10-09T18:17:13.7531726Z Region: eastus
2026-10-09T18:17:13.7532428Z Cloud: Azure
2026-10-09T18:17:13.7533104Z ##[endgroup]
2026-10-09T18:17:13.7535772Z ##[group]Operating System
2026-10-09T18:17:13.7536623Z Ubuntu
2026-10-09T18:17:13.7537719Z 24.04.5
2026-10-09T18:17:13.7538374Z LTS
2026-10-09T18:17:13.7538987Z ##[endgroup]
2026-10-09T18:17:13.7539868Z ##[group]Runner Image
2026-10-09T18:17:13.7540709Z Image: ubuntu-24.04
2026-10-09T18:17:13.7541462Z Version: 20261004.327.1
2026-10-09T18:17:13.7542969Z Included Software: https://github.com/actions/runner-images/blob/ubuntu24/20261004.327/images/ubuntu/Ubuntu2404-Readme.md
2026-10-09T18:17:13.7545046Z Image Release: https://github.com/actions/runner-images/releases/tag/ubuntu24%2F20261004.327
2026-10-09T18:17:13.7546251Z ##[endgroup]
2026-10-09T18:17:13.7547512Z ##[group]GITHUB_TOKEN Permissions
2026-10-09T18:17:13.7550053Z Contents: read
2026-10-09T18:17:13.7550752Z Metadata: read
2026-10-09T18:17:13.7551496Z ##[endgroup]
2026-10-09T18:17:13.7553787Z Secret source: Actions
2026-10-09T18:17:13.7554959Z Cache mode: write
2026-10-09T18:17:13.7555769Z Prepare workflow directory
2026-10-09T18:17:13.7972192Z Prepare all required actions
2026-10-09T18:17:13.8026094Z Getting action download info
2026-10-09T18:17:13.9780533Z Download action repository 'actions/checkout@v5' (SHA:fbc6f3992d24b796d5a048ff273f7fcc4a7b6c09)
2026-10-09T18:17:14.0559199Z Download action repository 'dtolnay/rust-toolchain@1.85.0' (SHA:69084b241933c14c2fa24234c4596f11a2655339)
2026-10-09T18:17:14.1328496Z Download action repository 'Swatinem/rust-cache@v2' (SHA:6323deb102c322ba6fcbdcafc7e3dddab59af2b6)
2026-10-09T18:17:14.3875899Z Complete job name: Rust 1.85.0 / locked workspace
2026-10-09T18:17:14.4450974Z ##[group]Run actions/checkout@v5
2026-10-09T18:17:14.4451620Z with:
2026-10-09T18:17:14.4451979Z   repository: rsasaki0109/rustwright
2026-10-09T18:17:14.4454923Z   token: ***
2026-10-09T18:17:14.4455266Z   ssh-strict: true
2026-10-09T18:17:14.4455612Z   ssh-user: git
2026-10-09T18:17:14.4455965Z   persist-credentials: true
2026-10-09T18:17:14.4456341Z   clean: true
2026-10-09T18:17:14.4456702Z   sparse-checkout-cone-mode: true
2026-10-09T18:17:14.4457107Z   fetch-depth: 1
2026-10-09T18:17:14.4457440Z   fetch-tags: false
2026-10-09T18:17:14.4457785Z   show-progress: true
2026-10-09T18:17:14.4458137Z   lfs: false
2026-10-09T18:17:14.4458464Z   submodules: false
2026-10-09T18:17:14.4458819Z   set-safe-directory: true
2026-10-09T18:17:14.4459213Z   allow-unsafe-pr-checkout: false
2026-10-09T18:17:14.4460120Z env:
2026-10-09T18:17:14.4460748Z   CARGO_TERM_COLOR: always
2026-10-09T18:17:14.4461297Z   RUST_BACKTRACE: 1
2026-10-09T18:17:14.4461755Z ##[endgroup]
2026-10-09T18:17:14.5269539Z Syncing repository: rsasaki0109/rustwright
2026-10-09T18:17:14.5272176Z ##[group]Getting Git version info
2026-10-09T18:17:14.5273169Z Working directory is '/home/runner/work/rustwright/rustwright'
2026-10-09T18:17:14.5274739Z [command]/usr/bin/git version
2026-10-09T18:17:14.5392075Z git version 2.55.0
2026-10-09T18:17:14.5409273Z ##[endgroup]
2026-10-09T18:17:14.5422395Z Temporarily overriding HOME='/home/runner/work/_temp/37658f3c-6e1c-4eb6-a5bf-739ff31ea0b6' before making global git config changes
2026-10-09T18:17:14.5423968Z Adding repository directory to the temporary git global config as a safe directory
2026-10-09T18:17:14.5426579Z [command]/usr/bin/git config --global --add safe.directory /home/runner/work/rustwright/rustwright
2026-10-09T18:17:14.5475854Z Deleting the contents of '/home/runner/work/rustwright/rustwright'
2026-10-09T18:17:14.5480142Z ##[group]Initializing the repository
2026-10-09T18:17:14.5484099Z [command]/usr/bin/git init /home/runner/work/rustwright/rustwright
2026-10-09T18:17:14.5556385Z hint: Using 'master' as the name for the initial branch. This default branch name
2026-10-09T18:17:14.5558025Z hint: will change to "main" in Git 3.0. To configure the initial branch name
2026-10-09T18:17:14.5559280Z hint: to use in all of your new repositories, which will suppress this warning,
2026-10-09T18:17:14.5560456Z hint: call:
2026-10-09T18:17:14.5561153Z hint:
2026-10-09T18:17:14.5561919Z hint: 	git config --global init.defaultBranch <name>
2026-10-09T18:17:14.5562806Z hint:
2026-10-09T18:17:14.5563604Z hint: Names commonly chosen instead of 'master' are 'main', 'trunk' and
2026-10-09T18:17:14.5564845Z hint: 'development'. The just-created branch can be renamed via this command:
2026-10-09T18:17:14.5565807Z hint:
2026-10-09T18:17:14.5566295Z hint: 	git branch -m <name>
2026-10-09T18:17:14.5566836Z hint:
2026-10-09T18:17:14.5567461Z hint: Disable this message with "git config set advice.defaultBranchName false"
2026-10-09T18:17:14.5568435Z Initialized empty Git repository in /home/runner/work/rustwright/rustwright/.git/
2026-10-09T18:17:14.5570856Z [command]/usr/bin/git remote add origin https://github.com/rsasaki0109/rustwright
2026-10-09T18:17:14.5620010Z ##[endgroup]
2026-10-09T18:17:14.5621247Z ##[group]Disabling automatic garbage collection
2026-10-09T18:17:14.5623161Z [command]/usr/bin/git config --local gc.auto 0
2026-10-09T18:17:14.5654972Z ##[endgroup]
2026-10-09T18:17:14.5656127Z ##[group]Setting up auth
2026-10-09T18:17:14.5659285Z [command]/usr/bin/git config --local --name-only --get-regexp core\.sshCommand
2026-10-09T18:17:14.5688578Z [command]/usr/bin/git submodule foreach --recursive sh -c "git config --local --name-only --get-regexp 'core\.sshCommand' && git config --local --unset-all 'core.sshCommand' || :"
2026-10-09T18:17:14.5974648Z [command]/usr/bin/git config --local --name-only --get-regexp http\.https\:\/\/github\.com\/\.extraheader
2026-10-09T18:17:14.6005530Z [command]/usr/bin/git submodule foreach --recursive sh -c "git config --local --name-only --get-regexp 'http\.https\:\/\/github\.com\/\.extraheader' && git config --local --unset-all 'http.https://github.com/.extraheader' || :"
2026-10-09T18:17:14.6190213Z [command]/usr/bin/git config --local --name-only --get-regexp ^includeIf\.gitdir:
2026-10-09T18:17:14.6219198Z [command]/usr/bin/git submodule foreach --recursive git config --local --show-origin --name-only --get-regexp remote.origin.url
2026-10-09T18:17:14.6404935Z [command]/usr/bin/git config --local http.https://github.com/.extraheader AUTHORIZATION: basic ***
2026-10-09T18:17:14.6439788Z ##[endgroup]
2026-10-09T18:17:14.6440614Z ##[group]Fetching the repository
2026-10-09T18:17:14.6447266Z [command]/usr/bin/git -c protocol.version=2 fetch --no-tags --prune --no-recurse-submodules --depth=1 origin +09ddeb5e64b097b29e67cdbd8c4192df5a10ddae:refs/remotes/pull/1/merge
2026-10-09T18:17:15.2484788Z From https://github.com/rsasaki0109/rustwright
2026-10-09T18:17:15.2486206Z  * [new ref]         09ddeb5e64b097b29e67cdbd8c4192df5a10ddae -> pull/1/merge
2026-10-09T18:17:15.2488844Z ##[endgroup]
2026-10-09T18:17:15.2490135Z ##[group]Determining the checkout info
2026-10-09T18:17:15.2491408Z ##[endgroup]
2026-10-09T18:17:15.2493841Z [command]/usr/bin/git sparse-checkout disable
2026-10-09T18:17:15.2542605Z [command]/usr/bin/git config --local --unset-all extensions.worktreeConfig
2026-10-09T18:17:15.2578977Z ##[group]Checking out the ref
2026-10-09T18:17:15.2580904Z [command]/usr/bin/git checkout --progress --force refs/remotes/pull/1/merge
2026-10-09T18:17:15.3372817Z Note: switching to 'refs/remotes/pull/1/merge'.
2026-10-09T18:17:15.3373895Z 
2026-10-09T18:17:15.3374708Z You are in 'detached HEAD' state. You can look around, make experimental
2026-10-09T18:17:15.3376727Z changes and commit them, and you can discard any commits you make in this
2026-10-09T18:17:15.3378763Z state without impacting any branches by switching back to a branch.
2026-10-09T18:17:15.3380140Z 
2026-10-09T18:17:15.3381280Z If you want to create a new branch to retain commits you create, you may
2026-10-09T18:17:15.3383075Z do so (now or later) by using -c with the switch command. Example:
2026-10-09T18:17:15.3383859Z 
2026-10-09T18:17:15.3384216Z   git switch -c <new-branch-name>
2026-10-09T18:17:15.3384811Z 
2026-10-09T18:17:15.3385332Z Or undo this operation with:
2026-10-09T18:17:15.3386265Z 
2026-10-09T18:17:15.3386782Z   git switch -
2026-10-09T18:17:15.3447770Z 
2026-10-09T18:17:15.3448973Z Turn off this advice by setting config variable advice.detachedHead to false
2026-10-09T18:17:15.3450523Z 
2026-10-09T18:17:15.3451947Z HEAD is now at 09ddeb5 Merge 4b7226472f3ac4be27e8fcadb536f7019de17894 into 91e72af388d000266c9b4e7567a3e1fe4007fc33
2026-10-09T18:17:15.3457039Z ##[endgroup]
2026-10-09T18:17:15.3460173Z [command]/usr/bin/git log -1 --format=%H
2026-10-09T18:17:15.3461828Z 09ddeb5e64b097b29e67cdbd8c4192df5a10ddae
2026-10-09T18:17:15.3975051Z ##[group]Run dtolnay/rust-toolchain@1.85.0
2026-10-09T18:17:15.3976097Z with:
2026-10-09T18:17:15.3976804Z env:
2026-10-09T18:17:15.3977537Z   CARGO_TERM_COLOR: always
2026-10-09T18:17:15.3978370Z   RUST_BACKTRACE: 1
2026-10-09T18:17:15.3979110Z ##[endgroup]
2026-10-09T18:17:15.4045190Z ##[start-action display=Parse toolchain version;id=__dtolnay_rust-toolchain.parse]
2026-10-09T18:17:15.4116615Z ##[group]Run if [[ -z $toolchain ]]; then
2026-10-09T18:17:15.4117676Z [36;1mif [[ -z $toolchain ]]; then[0m
2026-10-09T18:17:15.4119197Z [36;1m  # GitHub does not enforce `required: true` inputs itself. https://github.com/actions/runner/issues/1070[0m
2026-10-09T18:17:15.4121133Z [36;1m  echo "'toolchain' is a required input" >&2[0m
2026-10-09T18:17:15.4122107Z [36;1m  exit 1[0m
2026-10-09T18:17:15.4123146Z [36;1melif [[ $toolchain =~ ^stable' '[0-9]+' '(year|month|week|day)s?' 'ago$ ]]; then[0m
2026-10-09T18:17:15.4124397Z [36;1m  if [[ Linux == macOS ]]; then[0m
2026-10-09T18:17:15.4125964Z [36;1m    echo "toolchain=1.$((($(date -v-$(sed 's/stable \([0-9]*\) \(.\).*/\1\2/' <<< $toolchain) +%s)/60/60/24-16569)/7/6))" >> $GITHUB_OUTPUT[0m
2026-10-09T18:17:15.4127498Z [36;1m  else[0m
2026-10-09T18:17:15.4128714Z [36;1m    echo "toolchain=1.$((($(date --date "${toolchain#stable }" +%s)/60/60/24-16569)/7/6))" >> $GITHUB_OUTPUT[0m
2026-10-09T18:17:15.4130219Z [36;1m  fi[0m
2026-10-09T18:17:15.4131180Z [36;1melif [[ $toolchain =~ ^stable' 'minus' '[0-9]+' 'releases?$ ]]; then[0m
2026-10-09T18:17:15.4132748Z [36;1m  echo "toolchain=1.$((($(date +%s)/60/60/24-16569)/7/6-${toolchain//[^0-9]/}))" >> $GITHUB_OUTPUT[0m
2026-10-09T18:17:15.4134160Z [36;1melif [[ $toolchain =~ ^1\.[0-9]+$ ]]; then[0m
2026-10-09T18:17:15.4135736Z [36;1m  echo "toolchain=1.$((i=${toolchain#1.}, c=($(date +%s)/60/60/24-16569)/7/6, i+9*i*(10*i<=c)+90*i*(100*i<=c)))" >> $GITHUB_OUTPUT[0m
2026-10-09T18:17:15.4137225Z [36;1melse[0m
2026-10-09T18:17:15.4137928Z [36;1m  delimiter=EOF[0m
2026-10-09T18:17:15.4138925Z [36;1m  while [[ $toolchain == *$delimiter* ]]; do delimiter+=_; done[0m
2026-10-09T18:17:15.4140547Z [36;1m  printf 'toolchain<<%s\n%s\n%s\n' "$delimiter" "$toolchain" "$delimiter" >> $GITHUB_OUTPUT[0m
2026-10-09T18:17:15.4141853Z [36;1mfi[0m
2026-10-09T18:17:15.4340503Z shell: /usr/bin/bash --noprofile --norc -e -o pipefail {0}
2026-10-09T18:17:15.4341580Z env:
2026-10-09T18:17:15.4342260Z   CARGO_TERM_COLOR: always
2026-10-09T18:17:15.4343046Z   RUST_BACKTRACE: 1
2026-10-09T18:17:15.4343763Z   toolchain: 1.85.0
2026-10-09T18:17:15.4344480Z ##[endgroup]
2026-10-09T18:17:15.4477315Z ##[end-action id=__dtolnay_rust-toolchain.parse;outcome=success;conclusion=success;duration_ms=42]
2026-10-09T18:17:15.4484874Z ##[start-action display=Set $CARGO_HOME;id=__dtolnay_rust-toolchain.__run]
2026-10-09T18:17:15.4535870Z ##[group]Run echo CARGO_HOME=${CARGO_HOME:-"$HOME/.cargo"} >> $GITHUB_ENV
2026-10-09T18:17:15.4537272Z [36;1mecho CARGO_HOME=${CARGO_HOME:-"$HOME/.cargo"} >> $GITHUB_ENV[0m
2026-10-09T18:17:15.4590795Z shell: /usr/bin/bash --noprofile --norc -e -o pipefail {0}
2026-10-09T18:17:15.4592008Z env:
2026-10-09T18:17:15.4592684Z   CARGO_TERM_COLOR: always
2026-10-09T18:17:15.4593469Z   RUST_BACKTRACE: 1
2026-10-09T18:17:15.4594177Z ##[endgroup]
2026-10-09T18:17:15.4684038Z ##[end-action id=__dtolnay_rust-toolchain.__run;outcome=success;conclusion=success;duration_ms=19]
2026-10-09T18:17:15.4689320Z ##[start-action display=Install rustup if needed;id=__dtolnay_rust-toolchain.__run_2]
2026-10-09T18:17:15.4774698Z ##[group]Run if ! command -v rustup &>/dev/null; then
2026-10-09T18:17:15.4775817Z [36;1mif ! command -v rustup &>/dev/null; then[0m
2026-10-09T18:17:15.4777933Z [36;1m  curl --proto '=https' --tlsv1.2 --retry 10 --retry-connrefused --location --silent --show-error --fail https://sh.rustup.rs | sh -s -- --default-toolchain none -y[0m
2026-10-09T18:17:15.4780173Z [36;1m  echo "$CARGO_HOME/bin" >> $GITHUB_PATH[0m
2026-10-09T18:17:15.4781105Z [36;1mfi[0m
2026-10-09T18:17:15.4835405Z shell: /usr/bin/bash --noprofile --norc -e -o pipefail {0}
2026-10-09T18:17:15.4836470Z env:
2026-10-09T18:17:15.4837146Z   CARGO_TERM_COLOR: always
2026-10-09T18:17:15.4837942Z   RUST_BACKTRACE: 1
2026-10-09T18:17:15.4838705Z   CARGO_HOME: /home/runner/.cargo
2026-10-09T18:17:15.4839536Z ##[endgroup]
2026-10-09T18:17:15.4929101Z ##[end-action id=__dtolnay_rust-toolchain.__run_2;outcome=success;conclusion=success;duration_ms=23]
2026-10-09T18:17:15.4934763Z ##[start-action display=Install rustup if needed on windows;id=__dtolnay_rust-toolchain.__run_3]
2026-10-09T18:17:15.4947370Z ##[end-action id=__dtolnay_rust-toolchain.__run_3;outcome=skipped;conclusion=skipped;duration_ms=0]
2026-10-09T18:17:15.4963087Z ##[start-action display=rustup toolchain install 1.85.0;id=__dtolnay_rust-toolchain.__run_4]
2026-10-09T18:17:15.5002216Z ##[group]Run set -f  # split targets and components on commas and whitespace, without glob expansion
2026-10-09T18:17:15.5004095Z [36;1mset -f  # split targets and components on commas and whitespace, without glob expansion[0m
2026-10-09T18:17:15.5005426Z [36;1mflags=()[0m
2026-10-09T18:17:15.5006322Z [36;1mfor t in ${targets//,/ }; do flags+=(--target "$t"); done[0m
2026-10-09T18:17:15.5007576Z [36;1mfor c in ${components//,/ }; do flags+=(--component "$c"); done[0m
2026-10-09T18:17:15.5009044Z [36;1mif [[ $toolchain == nightly && -n $components ]]; then flags+=(--allow-downgrade); fi[0m
2026-10-09T18:17:15.5010434Z [36;1mlog=$(mktemp)[0m
2026-10-09T18:17:15.5011204Z [36;1mtrap 'rm -f "$log"' EXIT[0m
2026-10-09T18:17:15.5012045Z [36;1mfor attempt in 1 2 3 4 5; do[0m
2026-10-09T18:17:15.5013692Z [36;1m  if rustup toolchain install "$toolchain" "${flags[@]}" --profile minimal --no-self-update --force-non-host 2>&1 | tee "$log"; then[0m
2026-10-09T18:17:15.5015331Z [36;1m    break[0m
2026-10-09T18:17:15.5016025Z [36;1m  else[0m
2026-10-09T18:17:15.5016708Z [36;1m    status=$?[0m
2026-10-09T18:17:15.5017425Z [36;1m  fi[0m
2026-10-09T18:17:15.5018334Z [36;1m  if [[ $attempt == 5 ]] || ! grep -Fq 'checksum failed for ' "$log" \[0m
2026-10-09T18:17:15.5020069Z [36;1m      || ! grep -Fq 'this is likely due to an ongoing update of the official release server' "$log"; then[0m
2026-10-09T18:17:15.5021456Z [36;1m    exit "$status"[0m
2026-10-09T18:17:15.5022225Z [36;1m  fi[0m
2026-10-09T18:17:15.5023311Z [36;1m  echo "Retrying rustup toolchain install in 30 seconds (retry $attempt of 4)" >&2[0m
2026-10-09T18:17:15.5024578Z [36;1m  sleep 30[0m
2026-10-09T18:17:15.5025277Z [36;1mdone[0m
2026-10-09T18:17:15.5079727Z shell: /usr/bin/bash --noprofile --norc -e -o pipefail {0}
2026-10-09T18:17:15.5080734Z env:
2026-10-09T18:17:15.5081389Z   CARGO_TERM_COLOR: always
2026-10-09T18:17:15.5082148Z   RUST_BACKTRACE: 1
2026-10-09T18:17:15.5082879Z   CARGO_HOME: /home/runner/.cargo
2026-10-09T18:17:15.5083690Z   toolchain: 1.85.0
2026-10-09T18:17:15.5084378Z   targets: 
2026-10-09T18:17:15.5085029Z   components: 
2026-10-09T18:17:15.5085737Z   RUSTUP_PERMIT_COPY_RENAME: 1
2026-10-09T18:17:15.5086522Z ##[endgroup]
2026-10-09T18:17:15.6427528Z info: syncing channel updates for 1.85.0-x86_64-unknown-linux-gnu
2026-10-09T18:17:15.9116588Z info: latest update on 2025-02-20 for version 1.85.0 (4d91de4e4 2025-02-17)
2026-10-09T18:17:15.9117074Z info: downloading 3 components
2026-10-09T18:17:21.5693209Z 
2026-10-09T18:17:21.5758488Z   1.85.0-x86_64-unknown-linux-gnu installed - rustc 1.85.0 (4d91de4e4 2025-02-17)
2026-10-09T18:17:21.5759374Z 
2026-10-09T18:17:21.5841960Z ##[end-action id=__dtolnay_rust-toolchain.__run_4;outcome=success;conclusion=success;duration_ms=6087]
2026-10-09T18:17:21.5849265Z ##[start-action display=rustup default 1.85.0;id=__dtolnay_rust-toolchain.__run_5]
2026-10-09T18:17:21.5872145Z ##[group]Run rustup default "$toolchain" --force-non-host
2026-10-09T18:17:21.5872526Z [36;1mrustup default "$toolchain" --force-non-host[0m
2026-10-09T18:17:21.5930839Z shell: /usr/bin/bash --noprofile --norc -e -o pipefail {0}
2026-10-09T18:17:21.5931164Z env:
2026-10-09T18:17:21.5931584Z   CARGO_TERM_COLOR: always
2026-10-09T18:17:21.5931824Z   RUST_BACKTRACE: 1
2026-10-09T18:17:21.5932077Z   CARGO_HOME: /home/runner/.cargo
2026-10-09T18:17:21.5932319Z   toolchain: 1.85.0
2026-10-09T18:17:21.5932524Z ##[endgroup]
2026-10-09T18:17:21.6038352Z info: using existing install for 1.85.0-x86_64-unknown-linux-gnu
2026-10-09T18:17:21.6043814Z info: default toolchain set to 1.85.0-x86_64-unknown-linux-gnu
2026-10-09T18:17:21.6044067Z 
2026-10-09T18:17:21.6103925Z   1.85.0-x86_64-unknown-linux-gnu unchanged - rustc 1.85.0 (4d91de4e4 2025-02-17)
2026-10-09T18:17:21.6104225Z 
2026-10-09T18:17:21.6119409Z ##[end-action id=__dtolnay_rust-toolchain.__run_5;outcome=success;conclusion=success;duration_ms=26]
2026-10-09T18:17:21.6123365Z ##[start-action display=Create cachekey;id=__dtolnay_rust-toolchain.rustc-version]
2026-10-09T18:17:21.6144816Z ##[group]Run DATE=$(rustc +"$toolchain" --version --verbose | sed -ne 's/^commit-date: \(20[0-9][0-9]\)-\([01][0-9]\)-\([0-3][0-9]\)$/\1\2\3/p')
2026-10-09T18:17:21.6165422Z [36;1mDATE=$(rustc +"$toolchain" --version --verbose | sed -ne 's/^commit-date: \(20[0-9][0-9]\)-\([01][0-9]\)-\([0-3][0-9]\)$/\1\2\3/p')[0m
2026-10-09T18:17:21.6166134Z [36;1mHASH=$(rustc +"$toolchain" --version --verbose | sed -ne 's/^commit-hash: //p')[0m
2026-10-09T18:17:21.6166604Z [36;1mecho "cachekey=$(echo $DATE$HASH | head -c12)" >> $GITHUB_OUTPUT[0m
2026-10-09T18:17:21.6223163Z shell: /usr/bin/bash --noprofile --norc -e -o pipefail {0}
2026-10-09T18:17:21.6223488Z env:
2026-10-09T18:17:21.6223709Z   CARGO_TERM_COLOR: always
2026-10-09T18:17:21.6223935Z   RUST_BACKTRACE: 1
2026-10-09T18:17:21.6224181Z   CARGO_HOME: /home/runner/.cargo
2026-10-09T18:17:21.6224458Z   toolchain: 1.85.0
2026-10-09T18:17:21.6224671Z ##[endgroup]
2026-10-09T18:17:21.6523942Z ##[end-action id=__dtolnay_rust-toolchain.rustc-version;outcome=success;conclusion=success;duration_ms=39]
2026-10-09T18:17:21.6526564Z ##[start-action display=Disable incremental compilation;id=__dtolnay_rust-toolchain.__run_6]
2026-10-09T18:17:21.6549254Z ##[group]Run if [ -z "${CARGO_INCREMENTAL+set}" ]; then
2026-10-09T18:17:21.6549812Z [36;1mif [ -z "${CARGO_INCREMENTAL+set}" ]; then[0m
2026-10-09T18:17:21.6550150Z [36;1m  echo CARGO_INCREMENTAL=0 >> $GITHUB_ENV[0m
2026-10-09T18:17:21.6550419Z [36;1mfi[0m
2026-10-09T18:17:21.6609909Z shell: /usr/bin/bash --noprofile --norc -e -o pipefail {0}
2026-10-09T18:17:21.6610242Z env:
2026-10-09T18:17:21.6610451Z   CARGO_TERM_COLOR: always
2026-10-09T18:17:21.6610688Z   RUST_BACKTRACE: 1
2026-10-09T18:17:21.6610915Z   CARGO_HOME: /home/runner/.cargo
2026-10-09T18:17:21.6611187Z ##[endgroup]
2026-10-09T18:17:21.6688144Z ##[end-action id=__dtolnay_rust-toolchain.__run_6;outcome=success;conclusion=success;duration_ms=16]
2026-10-09T18:17:21.6690350Z ##[start-action display=Enable colors in Cargo output;id=__dtolnay_rust-toolchain.__run_7]
2026-10-09T18:17:21.6711025Z ##[group]Run if [ -z "${CARGO_TERM_COLOR+set}" ]; then
2026-10-09T18:17:21.6711384Z [36;1mif [ -z "${CARGO_TERM_COLOR+set}" ]; then[0m
2026-10-09T18:17:21.6711696Z [36;1m  echo CARGO_TERM_COLOR=always >> $GITHUB_ENV[0m
2026-10-09T18:17:21.6712134Z [36;1mfi[0m
2026-10-09T18:17:21.6763862Z shell: /usr/bin/bash --noprofile --norc -e -o pipefail {0}
2026-10-09T18:17:21.6764187Z env:
2026-10-09T18:17:21.6764415Z   CARGO_TERM_COLOR: always
2026-10-09T18:17:21.6764673Z   RUST_BACKTRACE: 1
2026-10-09T18:17:21.6764905Z   CARGO_HOME: /home/runner/.cargo
2026-10-09T18:17:21.6765157Z   CARGO_INCREMENTAL: 0
2026-10-09T18:17:21.6765375Z ##[endgroup]
2026-10-09T18:17:21.6838979Z ##[end-action id=__dtolnay_rust-toolchain.__run_7;outcome=success;conclusion=success;duration_ms=14]
2026-10-09T18:17:21.6842594Z ##[start-action display=Enable Cargo sparse registry;id=__dtolnay_rust-toolchain.__run_8]
2026-10-09T18:17:21.6864463Z ##[group]Run # implemented in 1.66, stabilized in 1.68, made default in 1.70
2026-10-09T18:17:21.6864939Z [36;1m# implemented in 1.66, stabilized in 1.68, made default in 1.70[0m
2026-10-09T18:17:21.6865712Z [36;1mif [ -z "${CARGO_REGISTRIES_CRATES_IO_PROTOCOL+set}" -o -f "/home/runner/work/_temp"/.implicit_cargo_registries_crates_io_protocol ]; then[0m
2026-10-09T18:17:21.6866341Z [36;1m  if rustc +"$toolchain" --version --verbose | grep -q '^release: 1\.6[89]\.'; then[0m
2026-10-09T18:17:21.6866832Z [36;1m    touch "/home/runner/work/_temp"/.implicit_cargo_registries_crates_io_protocol || true[0m
2026-10-09T18:17:21.6867284Z [36;1m    echo CARGO_REGISTRIES_CRATES_IO_PROTOCOL=sparse >> $GITHUB_ENV[0m
2026-10-09T18:17:21.6867729Z [36;1m  elif rustc +"$toolchain" --version --verbose | grep -q '^release: 1\.6[67]\.'; then[0m
2026-10-09T18:17:21.6868204Z [36;1m    touch "/home/runner/work/_temp"/.implicit_cargo_registries_crates_io_protocol || true[0m
2026-10-09T18:17:21.6868636Z [36;1m    echo CARGO_REGISTRIES_CRATES_IO_PROTOCOL=git >> $GITHUB_ENV[0m
2026-10-09T18:17:21.6868943Z [36;1m  fi[0m
2026-10-09T18:17:21.6869138Z [36;1mfi[0m
2026-10-09T18:17:21.6921544Z shell: /usr/bin/bash --noprofile --norc -e -o pipefail {0}
2026-10-09T18:17:21.6921858Z env:
2026-10-09T18:17:21.6922069Z   CARGO_TERM_COLOR: always
2026-10-09T18:17:21.6922303Z   RUST_BACKTRACE: 1
2026-10-09T18:17:21.6922526Z   CARGO_HOME: /home/runner/.cargo
2026-10-09T18:17:21.6922770Z   CARGO_INCREMENTAL: 0
2026-10-09T18:17:21.6922986Z   toolchain: 1.85.0
2026-10-09T18:17:21.6923192Z ##[endgroup]
2026-10-09T18:17:21.7198703Z ##[end-action id=__dtolnay_rust-toolchain.__run_8;outcome=success;conclusion=success;duration_ms=35]
2026-10-09T18:17:21.7202903Z ##[start-action display=Work around spurious network errors in curl 8.0;id=__dtolnay_rust-toolchain.__run_9]
2026-10-09T18:17:21.7225428Z ##[group]Run # https://rust-lang.zulipchat.com/#narrow/stream/246057-t-cargo/topic/timeout.20investigation
2026-10-09T18:17:21.7226065Z [36;1m# https://rust-lang.zulipchat.com/#narrow/stream/246057-t-cargo/topic/timeout.20investigation[0m
2026-10-09T18:17:21.7226616Z [36;1mif rustc +"$toolchain" --version --verbose | grep -q '^release: 1\.7[01]\.'; then[0m
2026-10-09T18:17:21.7227029Z [36;1m  echo CARGO_HTTP_MULTIPLEXING=false >> $GITHUB_ENV[0m
2026-10-09T18:17:21.7227334Z [36;1mfi[0m
2026-10-09T18:17:21.7288956Z shell: /usr/bin/bash --noprofile --norc -e -o pipefail {0}
2026-10-09T18:17:21.7289290Z env:
2026-10-09T18:17:21.7289515Z   CARGO_TERM_COLOR: always
2026-10-09T18:17:21.7289930Z   RUST_BACKTRACE: 1
2026-10-09T18:17:21.7290158Z   CARGO_HOME: /home/runner/.cargo
2026-10-09T18:17:21.7290410Z   CARGO_INCREMENTAL: 0
2026-10-09T18:17:21.7290628Z   toolchain: 1.85.0
2026-10-09T18:17:21.7290834Z ##[endgroup]
2026-10-09T18:17:21.7469068Z ##[end-action id=__dtolnay_rust-toolchain.__run_9;outcome=success;conclusion=success;duration_ms=26]
2026-10-09T18:17:21.7473592Z ##[start-action display=rustc +1.85.0 --version --verbose;id=__dtolnay_rust-toolchain.__run_10]
2026-10-09T18:17:21.7495005Z ##[group]Run rustc +"$toolchain" --version --verbose
2026-10-09T18:17:21.7495349Z [36;1mrustc +"$toolchain" --version --verbose[0m
2026-10-09T18:17:21.7551419Z shell: /usr/bin/bash --noprofile --norc -e -o pipefail {0}
2026-10-09T18:17:21.7551890Z env:
2026-10-09T18:17:21.7552098Z   CARGO_TERM_COLOR: always
2026-10-09T18:17:21.7552330Z   RUST_BACKTRACE: 1
2026-10-09T18:17:21.7552558Z   CARGO_HOME: /home/runner/.cargo
2026-10-09T18:17:21.7552801Z   CARGO_INCREMENTAL: 0
2026-10-09T18:17:21.7553015Z   toolchain: 1.85.0
2026-10-09T18:17:21.7553220Z ##[endgroup]
2026-10-09T18:17:21.7714968Z rustc 1.85.0 (4d91de4e4 2025-02-17)
2026-10-09T18:17:21.7715382Z binary: rustc
2026-10-09T18:17:21.7715661Z commit-hash: 4d91de4e48198da2e33413efdcd9cd2cc0c46688
2026-10-09T18:17:21.7716032Z commit-date: 2025-02-17
2026-10-09T18:17:21.7716395Z host: x86_64-unknown-linux-gnu
2026-10-09T18:17:21.7716765Z release: 1.85.0
2026-10-09T18:17:21.7717322Z LLVM version: 19.1.7
2026-10-09T18:17:21.7730729Z ##[end-action id=__dtolnay_rust-toolchain.__run_10;outcome=success;conclusion=success;duration_ms=25]
2026-10-09T18:17:21.7836632Z ##[group]Run Swatinem/rust-cache@v2
2026-10-09T18:17:21.7836918Z with:
2026-10-09T18:17:21.7837128Z   prefix-key: v0-rust
2026-10-09T18:17:21.7837376Z   add-job-id-key: true
2026-10-09T18:17:21.7837614Z   add-rust-environment-hash-key: true
2026-10-09T18:17:21.7837873Z   cache-targets: true
2026-10-09T18:17:21.7838092Z   cache-all-crates: false
2026-10-09T18:17:21.7838331Z   cache-workspace-crates: false
2026-10-09T18:17:21.7838579Z   save-if: true
2026-10-09T18:17:21.7838790Z   cache-provider: github
2026-10-09T18:17:21.7839010Z   cache-bin: true
2026-10-09T18:17:21.7839214Z   lookup-only: false
2026-10-09T18:17:21.7839422Z   cmd-format: {0}
2026-10-09T18:17:21.7839718Z env:
2026-10-09T18:17:21.7839914Z   CARGO_TERM_COLOR: always
2026-10-09T18:17:21.7840131Z   RUST_BACKTRACE: 1
2026-10-09T18:17:21.7840347Z   CARGO_HOME: /home/runner/.cargo
2026-10-09T18:17:21.7840585Z   CARGO_INCREMENTAL: 0
2026-10-09T18:17:21.7840799Z ##[endgroup]
2026-10-09T18:17:22.1922509Z ##[group]Cache Configuration
2026-10-09T18:17:22.1922884Z Cache Provider:
2026-10-09T18:17:22.1923283Z     github
2026-10-09T18:17:22.1923517Z Workspaces:
2026-10-09T18:17:22.1923783Z     /home/runner/work/rustwright/rustwright
2026-10-09T18:17:22.1924143Z Cache Paths:
2026-10-09T18:17:22.1924396Z     /home/runner/.cargo/bin
2026-10-09T18:17:22.1924695Z     /home/runner/.cargo/.crates.toml
2026-10-09T18:17:22.1925031Z     /home/runner/.cargo/.crates2.json
2026-10-09T18:17:22.1925372Z     /home/runner/.cargo/registry
2026-10-09T18:17:22.1925685Z     /home/runner/.cargo/git
2026-10-09T18:17:22.1926017Z     /home/runner/work/rustwright/rustwright/target
2026-10-09T18:17:22.1926376Z Restore Key:
2026-10-09T18:17:22.1926638Z     v0-rust-msrv-Linux-x64-7a998008
2026-10-09T18:17:22.1926969Z Cache Key:
2026-10-09T18:17:22.1927236Z     v0-rust-msrv-Linux-x64-7a998008-ed23558d
2026-10-09T18:17:22.1927572Z .. Prefix:
2026-10-09T18:17:22.1927816Z   - v0-rust-msrv-Linux-x64
2026-10-09T18:17:22.1928143Z .. Environment considered:
2026-10-09T18:17:22.1928423Z   - Rust Versions:
2026-10-09T18:17:22.1928890Z     - 1.85.0 x86_64-unknown-linux-gnu 4d91de4e48198da2e33413efdcd9cd2cc0c46688
2026-10-09T18:17:22.1929505Z     - 1.99.0 x86_64-unknown-linux-gnu b940084d7eb6a299eb4bfeb8e34901bc051e7ac4
2026-10-09T18:17:22.1930075Z   - CARGO_HOME
2026-10-09T18:17:22.1930246Z   - CARGO_INCREMENTAL
2026-10-09T18:17:22.1930428Z   - CARGO_TERM_COLOR
2026-10-09T18:17:22.1930603Z   - RUST_BACKTRACE
2026-10-09T18:17:22.1930772Z .. Lockfiles considered:
2026-10-09T18:17:22.1931019Z   - /home/runner/work/rustwright/rustwright/Cargo.lock
2026-10-09T18:17:22.1931424Z   - /home/runner/work/rustwright/rustwright/crates/rustwright-bidi/Cargo.toml
2026-10-09T18:17:22.1931966Z   - /home/runner/work/rustwright/rustwright/crates/rustwright-browser/Cargo.toml
2026-10-09T18:17:22.1932564Z   - /home/runner/work/rustwright/rustwright/crates/rustwright-cdp/Cargo.toml
2026-10-09T18:17:22.1933051Z   - /home/runner/work/rustwright/rustwright/crates/rustwright-common/Cargo.toml
2026-10-09T18:17:22.1933557Z   - /home/runner/work/rustwright/rustwright/crates/rustwright-core/Cargo.toml
2026-10-09T18:17:22.1934157Z   - /home/runner/work/rustwright/rustwright/crates/rustwright-test-macros/Cargo.toml
2026-10-09T18:17:22.1935081Z   - /home/runner/work/rustwright/rustwright/crates/rustwright-test/Cargo.toml
2026-10-09T18:17:22.1935876Z   - /home/runner/work/rustwright/rustwright/crates/rustwright/Cargo.toml
2026-10-09T18:17:22.1936715Z   - /home/runner/work/rustwright/rustwright/docs/ci/results/remote-20261009/followup-local/consumer/.cargo/config.toml
2026-10-09T18:17:22.1937837Z   - /home/runner/work/rustwright/rustwright/docs/ci/results/required-browser/release/consumer/.cargo/config.toml
2026-10-09T18:17:22.1939136Z   - /home/runner/work/rustwright/rustwright/docs/release/results/local-package/consumer/.cargo/config.toml
2026-10-09T18:17:22.1995724Z   - /home/runner/work/rustwright/rustwright/examples/Cargo.toml
2026-10-09T18:17:22.1996721Z   - /home/runner/work/rustwright/rustwright/tests/Cargo.toml
2026-10-09T18:17:22.1997462Z ##[endgroup]
2026-10-09T18:17:22.1997610Z 
2026-10-09T18:17:22.1997725Z ... Restoring cache ...
2026-10-09T18:17:22.2597764Z Cache hit for: v0-rust-msrv-Linux-x64-7a998008-ed23558d
2026-10-09T18:17:22.6728712Z Received 50961506 of 50961506 (100.0%), 133.9 MBs/sec
2026-10-09T18:17:22.6729305Z Cache Size: ~49 MB (50961506 B)
2026-10-09T18:17:22.6748397Z [command]/usr/bin/tar -xf /home/runner/work/_temp/3e7f302e-29a9-42a8-b615-54432b3ce553/cache.tzst -P -C /home/runner/work/rustwright/rustwright --use-compress-program unzstd
2026-10-09T18:17:22.9093843Z Cache restored successfully
2026-10-09T18:17:22.9115829Z Restored from cache key "v0-rust-msrv-Linux-x64-7a998008-ed23558d" full match: true.
2026-10-09T18:17:22.9221156Z ##[group]Run cargo check --locked --workspace --all-targets
2026-10-09T18:17:22.9221529Z [36;1mcargo check --locked --workspace --all-targets[0m
2026-10-09T18:17:22.9278772Z shell: /usr/bin/bash -e {0}
2026-10-09T18:17:22.9278995Z env:
2026-10-09T18:17:22.9279177Z   CARGO_TERM_COLOR: always
2026-10-09T18:17:22.9279387Z   RUST_BACKTRACE: 1
2026-10-09T18:17:22.9279770Z   CARGO_HOME: /home/runner/.cargo
2026-10-09T18:17:22.9280021Z   CARGO_INCREMENTAL: 0
2026-10-09T18:17:22.9280228Z   CACHE_ON_FAILURE: false
2026-10-09T18:17:22.9280424Z ##[endgroup]
2026-10-09T18:17:22.9878343Z [1m[32m    Updating[0m crates.io index
2026-10-09T18:17:23.2872102Z [1m[32m    Checking[0m rustwright-common v0.1.0 (/home/runner/work/rustwright/rustwright/crates/rustwright-common)
2026-10-09T18:17:23.2873213Z [1m[32m    Checking[0m rustwright-cdp v0.1.0 (/home/runner/work/rustwright/rustwright/crates/rustwright-cdp)
2026-10-09T18:17:23.2882569Z [1m[32m   Compiling[0m rustwright-test-macros v0.1.0 (/home/runner/work/rustwright/rustwright/crates/rustwright-test-macros)
2026-10-09T18:17:24.0635219Z [1m[32m    Checking[0m rustwright-browser v0.1.0 (/home/runner/work/rustwright/rustwright/crates/rustwright-browser)
2026-10-09T18:17:24.1768059Z [1m[32m    Checking[0m rustwright-core v0.1.0 (/home/runner/work/rustwright/rustwright/crates/rustwright-core)
2026-10-09T18:17:24.1769956Z [1m[32m    Checking[0m rustwright-bidi v0.1.0 (/home/runner/work/rustwright/rustwright/crates/rustwright-bidi)
2026-10-09T18:17:25.2751777Z [1m[32m    Checking[0m rustwright v0.1.0 (/home/runner/work/rustwright/rustwright/crates/rustwright)
2026-10-09T18:17:25.4045502Z [1m[32m    Checking[0m rustwright-test v0.1.0 (/home/runner/work/rustwright/rustwright/crates/rustwright-test)
2026-10-09T18:17:25.4046705Z [1m[32m    Checking[0m rustwright-examples v0.1.0 (/home/runner/work/rustwright/rustwright/examples)
2026-10-09T18:17:25.4461642Z [1m[32m    Checking[0m rustwright-integration-tests v0.1.0 (/home/runner/work/rustwright/rustwright/tests)
2026-10-09T18:17:26.8618242Z [1m[32m    Finished[0m `dev` profile [unoptimized + debuginfo] target(s) in 3.92s
2026-10-09T18:17:26.8811528Z Post job cleanup.
2026-10-09T18:17:26.9767951Z Cache up-to-date.
2026-10-09T18:17:26.9922768Z Post job cleanup.
2026-10-09T18:17:27.0634024Z [command]/usr/bin/git version
2026-10-09T18:17:27.0669988Z git version 2.55.0
2026-10-09T18:17:27.0701698Z Temporarily overriding HOME='/home/runner/work/_temp/14f7ca8f-7ddd-4e7c-9c94-c371b9de8464' before making global git config changes
2026-10-09T18:17:27.0702855Z Adding repository directory to the temporary git global config as a safe directory
2026-10-09T18:17:27.0706163Z [command]/usr/bin/git config --global --add safe.directory /home/runner/work/rustwright/rustwright
2026-10-09T18:17:27.0738172Z [command]/usr/bin/git config --local --name-only --get-regexp core\.sshCommand
2026-10-09T18:17:27.0766670Z [command]/usr/bin/git submodule foreach --recursive sh -c "git config --local --name-only --get-regexp 'core\.sshCommand' && git config --local --unset-all 'core.sshCommand' || :"
2026-10-09T18:17:27.0980244Z [command]/usr/bin/git config --local --name-only --get-regexp http\.https\:\/\/github\.com\/\.extraheader
2026-10-09T18:17:27.1002747Z http.https://github.com/.extraheader
2026-10-09T18:17:27.1010144Z [command]/usr/bin/git config --local --unset-all http.https://github.com/.extraheader
2026-10-09T18:17:27.1039754Z [command]/usr/bin/git submodule foreach --recursive sh -c "git config --local --name-only --get-regexp 'http\.https\:\/\/github\.com\/\.extraheader' && git config --local --unset-all 'http.https://github.com/.extraheader' || :"
2026-10-09T18:17:27.1243838Z [command]/usr/bin/git config --local --name-only --get-regexp ^includeIf\.gitdir:
2026-10-09T18:17:27.1273770Z [command]/usr/bin/git submodule foreach --recursive git config --local --show-origin --name-only --get-regexp remote.origin.url
2026-10-09T18:17:27.1607136Z Cleaning up orphan processes
