2026-10-09T18:17:16.3009387Z Current runner version: '2.337.0'
2026-10-09T18:17:16.3035863Z ##[group]Runner Image Provisioner
2026-10-09T18:17:16.3036838Z Hosted Compute Agent
2026-10-09T18:17:16.3037417Z Version: 20260901.588
2026-10-09T18:17:16.3038020Z Commit: f88ec8081b781fac6c440065ac7ff9e710ce3d0b
2026-10-09T18:17:16.3038751Z Build Date: 2026-09-01T19:56:44Z
2026-10-09T18:17:16.3039458Z Worker ID: {fd63510f-b56d-4656-b449-b59fdc1e9089}
2026-10-09T18:17:16.3040288Z Azure Region: northcentralus
2026-10-09T18:17:16.3040907Z ##[endgroup]
2026-10-09T18:17:16.3042151Z ##[group]Operating System
2026-10-09T18:17:16.3042778Z Microsoft Windows Server 2025
2026-10-09T18:17:16.3043361Z 10.0.26100
2026-10-09T18:17:16.3043873Z Datacenter
2026-10-09T18:17:16.3044361Z ##[endgroup]
2026-10-09T18:17:16.3044861Z ##[group]Runner Image
2026-10-09T18:17:16.3045448Z Image: windows-2025-vs2026
2026-10-09T18:17:16.3046024Z Version: 20260925.250.1
2026-10-09T18:17:16.3048139Z Included Software: https://github.com/actions/runner-images/blob/win25-vs2026/20260925.250/images/windows/Windows2025-VS2026-Readme.md
2026-10-09T18:17:16.3049738Z Image Release: https://github.com/actions/runner-images/releases/tag/win25-vs2026%2F20260925.250
2026-10-09T18:17:16.3050760Z ##[endgroup]
2026-10-09T18:17:16.3051829Z ##[group]GITHUB_TOKEN Permissions
2026-10-09T18:17:16.3053762Z Contents: read
2026-10-09T18:17:16.3054311Z Metadata: read
2026-10-09T18:17:16.3054855Z ##[endgroup]
2026-10-09T18:17:16.3056922Z Secret source: Actions
2026-10-09T18:17:16.3057771Z Cache mode: write
2026-10-09T18:17:16.3058512Z Prepare workflow directory
2026-10-09T18:17:16.3516938Z Prepare all required actions
2026-10-09T18:17:16.3587890Z Getting action download info
2026-10-09T18:17:16.6259673Z Download action repository 'actions/checkout@v5' (SHA:fbc6f3992d24b796d5a048ff273f7fcc4a7b6c09)
2026-10-09T18:17:16.7559795Z Download action repository 'dtolnay/rust-toolchain@stable' (SHA:686976e191b89faba57d3206551f0f330d8cb249)
2026-10-09T18:17:16.8909188Z Download action repository 'Swatinem/rust-cache@v2' (SHA:6323deb102c322ba6fcbdcafc7e3dddab59af2b6)
2026-10-09T18:17:17.1832991Z Download action repository 'actions/setup-python@v6' (SHA:ece7cb06caefa5fff74198d8649806c4678c61a1)
2026-10-09T18:17:17.3148076Z Download action repository 'browser-actions/setup-chrome@v2' (SHA:48ad923757ca74d66703209fe939badbdf80f2f4)
2026-10-09T18:17:17.4953733Z Download action repository 'browser-actions/setup-firefox@v1' (SHA:0bc507ddf224827e3b1af68e014d5e42ab93e795)
2026-10-09T18:17:17.6682084Z Download action repository 'actions/upload-artifact@v4' (SHA:ea165f8d65b6e75b540449e92b4886f43607fa02)
2026-10-09T18:17:18.0499584Z Complete job name: Required Chrome + Firefox / windows-latest
2026-10-09T18:17:18.2062726Z ##[group]Run actions/checkout@v5
2026-10-09T18:17:18.2063832Z with:
2026-10-09T18:17:18.2064257Z   repository: rsasaki0109/rustwright
2026-10-09T18:17:18.2068472Z   token: ***
2026-10-09T18:17:18.2068891Z   ssh-strict: true
2026-10-09T18:17:18.2069318Z   ssh-user: git
2026-10-09T18:17:18.2069778Z   persist-credentials: true
2026-10-09T18:17:18.2070251Z   clean: true
2026-10-09T18:17:18.2070680Z   sparse-checkout-cone-mode: true
2026-10-09T18:17:18.2071198Z   fetch-depth: 1
2026-10-09T18:17:18.2071609Z   fetch-tags: false
2026-10-09T18:17:18.2072033Z   show-progress: true
2026-10-09T18:17:18.2072452Z   lfs: false
2026-10-09T18:17:18.2072845Z   submodules: false
2026-10-09T18:17:18.2073269Z   set-safe-directory: true
2026-10-09T18:17:18.2073744Z   allow-unsafe-pr-checkout: false
2026-10-09T18:17:18.2074438Z env:
2026-10-09T18:17:18.2074815Z   CARGO_TERM_COLOR: always
2026-10-09T18:17:18.2075276Z   RUST_BACKTRACE: 1
2026-10-09T18:17:18.2075696Z ##[endgroup]
2026-10-09T18:17:18.3576686Z Syncing repository: rsasaki0109/rustwright
2026-10-09T18:17:18.3579334Z ##[group]Getting Git version info
2026-10-09T18:17:18.3580363Z Working directory is 'D:\a\rustwright\rustwright'
2026-10-09T18:17:18.4523617Z [command]"C:\Program Files\Git\bin\git.exe" version
2026-10-09T18:17:18.7484252Z git version 2.55.0.windows.5
2026-10-09T18:17:18.7532546Z ##[endgroup]
2026-10-09T18:17:18.7552477Z Temporarily overriding HOME='D:\a\_temp\0461a6ed-623f-43f4-9278-f8c0064f18bf' before making global git config changes
2026-10-09T18:17:18.7553920Z Adding repository directory to the temporary git global config as a safe directory
2026-10-09T18:17:18.7563195Z [command]"C:\Program Files\Git\bin\git.exe" config --global --add safe.directory D:\a\rustwright\rustwright
2026-10-09T18:17:18.8149183Z Deleting the contents of 'D:\a\rustwright\rustwright'
2026-10-09T18:17:18.8155177Z ##[group]Initializing the repository
2026-10-09T18:17:18.8164919Z [command]"C:\Program Files\Git\bin\git.exe" init D:\a\rustwright\rustwright
2026-10-09T18:17:18.8975445Z Initialized empty Git repository in D:/a/rustwright/rustwright/.git/
2026-10-09T18:17:18.9006982Z [command]"C:\Program Files\Git\bin\git.exe" remote add origin https://github.com/rsasaki0109/rustwright
2026-10-09T18:17:18.9701321Z ##[endgroup]
2026-10-09T18:17:18.9702647Z ##[group]Disabling automatic garbage collection
2026-10-09T18:17:18.9710974Z [command]"C:\Program Files\Git\bin\git.exe" config --local gc.auto 0
2026-10-09T18:17:19.0021621Z ##[endgroup]
2026-10-09T18:17:19.0022787Z ##[group]Setting up auth
2026-10-09T18:17:19.0035945Z [command]"C:\Program Files\Git\bin\git.exe" config --local --name-only --get-regexp core\.sshCommand
2026-10-09T18:17:19.0347466Z [command]"C:\Program Files\Git\bin\git.exe" submodule foreach --recursive "sh -c \"git config --local --name-only --get-regexp 'core\.sshCommand' && git config --local --unset-all 'core.sshCommand' || :\""
2026-10-09T18:17:20.4001197Z [command]"C:\Program Files\Git\bin\git.exe" config --local --name-only --get-regexp http\.https\:\/\/github\.com\/\.extraheader
2026-10-09T18:17:20.4315764Z [command]"C:\Program Files\Git\bin\git.exe" submodule foreach --recursive "sh -c \"git config --local --name-only --get-regexp 'http\.https\:\/\/github\.com\/\.extraheader' && git config --local --unset-all 'http.https://github.com/.extraheader' || :\""
2026-10-09T18:17:20.9664361Z [command]"C:\Program Files\Git\bin\git.exe" config --local --name-only --get-regexp ^includeIf\.gitdir:
2026-10-09T18:17:20.9973718Z [command]"C:\Program Files\Git\bin\git.exe" submodule foreach --recursive "git config --local --show-origin --name-only --get-regexp remote.origin.url"
2026-10-09T18:17:21.5395520Z [command]"C:\Program Files\Git\bin\git.exe" config --local http.https://github.com/.extraheader "AUTHORIZATION: basic ***"
2026-10-09T18:17:21.5713944Z ##[endgroup]
2026-10-09T18:17:21.5714753Z ##[group]Fetching the repository
2026-10-09T18:17:21.5731316Z [command]"C:\Program Files\Git\bin\git.exe" -c protocol.version=2 fetch --no-tags --prune --no-recurse-submodules --depth=1 origin +09ddeb5e64b097b29e67cdbd8c4192df5a10ddae:refs/remotes/pull/1/merge
2026-10-09T18:17:22.9019079Z From https://github.com/rsasaki0109/rustwright
2026-10-09T18:17:22.9020291Z  * [new ref]         09ddeb5e64b097b29e67cdbd8c4192df5a10ddae -> pull/1/merge
2026-10-09T18:17:22.9059447Z ##[endgroup]
2026-10-09T18:17:22.9060122Z ##[group]Determining the checkout info
2026-10-09T18:17:22.9063451Z ##[endgroup]
2026-10-09T18:17:22.9077020Z [command]"C:\Program Files\Git\bin\git.exe" sparse-checkout disable
2026-10-09T18:17:22.9510950Z [command]"C:\Program Files\Git\bin\git.exe" config --local --unset-all extensions.worktreeConfig
2026-10-09T18:17:22.9831522Z ##[group]Checking out the ref
2026-10-09T18:17:22.9845875Z [command]"C:\Program Files\Git\bin\git.exe" checkout --progress --force refs/remotes/pull/1/merge
2026-10-09T18:17:23.3752285Z Note: switching to 'refs/remotes/pull/1/merge'.
2026-10-09T18:17:23.3753108Z 
2026-10-09T18:17:23.3753510Z You are in 'detached HEAD' state. You can look around, make experimental
2026-10-09T18:17:23.3754047Z changes and commit them, and you can discard any commits you make in this
2026-10-09T18:17:23.3754506Z state without impacting any branches by switching back to a branch.
2026-10-09T18:17:23.3756132Z 
2026-10-09T18:17:23.3756320Z If you want to create a new branch to retain commits you create, you may
2026-10-09T18:17:23.3756841Z do so (now or later) by using -c with the switch command. Example:
2026-10-09T18:17:23.3757083Z 
2026-10-09T18:17:23.3757235Z   git switch -c <new-branch-name>
2026-10-09T18:17:23.3757419Z 
2026-10-09T18:17:23.3757527Z Or undo this operation with:
2026-10-09T18:17:23.3757749Z 
2026-10-09T18:17:23.3757905Z   git switch -
2026-10-09T18:17:23.3758037Z 
2026-10-09T18:17:23.3758242Z Turn off this advice by setting config variable advice.detachedHead to false
2026-10-09T18:17:23.3758541Z 
2026-10-09T18:17:23.3758948Z HEAD is now at 09ddeb5 Merge 4b7226472f3ac4be27e8fcadb536f7019de17894 into 91e72af388d000266c9b4e7567a3e1fe4007fc33
2026-10-09T18:17:23.3862878Z ##[endgroup]
2026-10-09T18:17:23.4257509Z [command]"C:\Program Files\Git\bin\git.exe" log -1 --format=%H
2026-10-09T18:17:23.4508521Z 09ddeb5e64b097b29e67cdbd8c4192df5a10ddae
2026-10-09T18:17:23.5227724Z ##[group]Run dtolnay/rust-toolchain@stable
2026-10-09T18:17:23.5228115Z with:
2026-10-09T18:17:23.5228308Z   toolchain: stable
2026-10-09T18:17:23.5228507Z env:
2026-10-09T18:17:23.5228676Z   CARGO_TERM_COLOR: always
2026-10-09T18:17:23.5228881Z   RUST_BACKTRACE: 1
2026-10-09T18:17:23.5229068Z ##[endgroup]
2026-10-09T18:17:23.5295128Z ##[start-action display=Parse toolchain version;id=__dtolnay_rust-toolchain.parse]
2026-10-09T18:17:23.5469193Z ##[group]Run if [[ -z $toolchain ]]; then
2026-10-09T18:17:23.5469585Z [36;1mif [[ -z $toolchain ]]; then[0m
2026-10-09T18:17:23.5470125Z [36;1m  # GitHub does not enforce `required: true` inputs itself. https://github.com/actions/runner/issues/1070[0m
2026-10-09T18:17:23.5470675Z [36;1m  echo "'toolchain' is a required input" >&2[0m
2026-10-09T18:17:23.5470955Z [36;1m  exit 1[0m
2026-10-09T18:17:23.5471271Z [36;1melif [[ $toolchain =~ ^stable' '[0-9]+' '(year|month|week|day)s?' 'ago$ ]]; then[0m
2026-10-09T18:17:23.5471716Z [36;1m  if [[ Windows == macOS ]]; then[0m
2026-10-09T18:17:23.5472240Z [36;1m    echo "toolchain=1.$((($(date -v-$(sed 's/stable \([0-9]*\) \(.\).*/\1\2/' <<< $toolchain) +%s)/60/60/24-16569)/7/6))" >> $GITHUB_OUTPUT[0m
2026-10-09T18:17:23.5472715Z [36;1m  else[0m
2026-10-09T18:17:23.5473115Z [36;1m    echo "toolchain=1.$((($(date --date "${toolchain#stable }" +%s)/60/60/24-16569)/7/6))" >> $GITHUB_OUTPUT[0m
2026-10-09T18:17:23.5473562Z [36;1m  fi[0m
2026-10-09T18:17:23.5473920Z [36;1melif [[ $toolchain =~ ^stable' 'minus' '[0-9]+' 'releases?$ ]]; then[0m
2026-10-09T18:17:23.5474478Z [36;1m  echo "toolchain=1.$((($(date +%s)/60/60/24-16569)/7/6-${toolchain//[^0-9]/}))" >> $GITHUB_OUTPUT[0m
2026-10-09T18:17:23.5474930Z [36;1melif [[ $toolchain =~ ^1\.[0-9]+$ ]]; then[0m
2026-10-09T18:17:23.5475423Z [36;1m  echo "toolchain=1.$((i=${toolchain#1.}, c=($(date +%s)/60/60/24-16569)/7/6, i+9*i*(10*i<=c)+90*i*(100*i<=c)))" >> $GITHUB_OUTPUT[0m
2026-10-09T18:17:23.5475884Z [36;1melse[0m
2026-10-09T18:17:23.5476073Z [36;1m  delimiter=EOF[0m
2026-10-09T18:17:23.5476367Z [36;1m  while [[ $toolchain == *$delimiter* ]]; do delimiter+=_; done[0m
2026-10-09T18:17:23.5476842Z [36;1m  printf 'toolchain<<%s\n%s\n%s\n' "$delimiter" "$toolchain" "$delimiter" >> $GITHUB_OUTPUT[0m
2026-10-09T18:17:23.5477229Z [36;1mfi[0m
2026-10-09T18:17:23.5497388Z shell: C:\Program Files\Git\bin\bash.EXE --noprofile --norc -e -o pipefail {0}
2026-10-09T18:17:23.5497814Z env:
2026-10-09T18:17:23.5498020Z   CARGO_TERM_COLOR: always
2026-10-09T18:17:23.5498249Z   RUST_BACKTRACE: 1
2026-10-09T18:17:23.5498439Z   toolchain: stable
2026-10-09T18:17:23.5498615Z ##[endgroup]
2026-10-09T18:17:23.6996365Z ##[end-action id=__dtolnay_rust-toolchain.parse;outcome=success;conclusion=success;duration_ms=170]
2026-10-09T18:17:23.7001012Z ##[start-action display=Set $CARGO_HOME;id=__dtolnay_rust-toolchain.__run]
2026-10-09T18:17:23.7185048Z ##[group]Run echo CARGO_HOME=${CARGO_HOME:-"$USERPROFILE\.cargo"} >> $GITHUB_ENV
2026-10-09T18:17:23.7185757Z [36;1mecho CARGO_HOME=${CARGO_HOME:-"$USERPROFILE\.cargo"} >> $GITHUB_ENV[0m
2026-10-09T18:17:23.7198999Z shell: C:\Program Files\Git\bin\bash.EXE --noprofile --norc -e -o pipefail {0}
2026-10-09T18:17:23.7199394Z env:
2026-10-09T18:17:23.7199582Z   CARGO_TERM_COLOR: always
2026-10-09T18:17:23.7199819Z   RUST_BACKTRACE: 1
2026-10-09T18:17:23.7200009Z ##[endgroup]
2026-10-09T18:17:23.7605165Z ##[end-action id=__dtolnay_rust-toolchain.__run;outcome=success;conclusion=success;duration_ms=60]
2026-10-09T18:17:23.7608032Z ##[start-action display=Install rustup if needed;id=__dtolnay_rust-toolchain.__run_2]
2026-10-09T18:17:23.7619880Z ##[end-action id=__dtolnay_rust-toolchain.__run_2;outcome=skipped;conclusion=skipped;duration_ms=0]
2026-10-09T18:17:23.7622627Z ##[start-action display=Install rustup if needed on windows;id=__dtolnay_rust-toolchain.__run_3]
2026-10-09T18:17:23.7819656Z ##[group]Run if ! command -v rustup &>/dev/null; then
2026-10-09T18:17:23.7822167Z [36;1mif ! command -v rustup &>/dev/null; then[0m
2026-10-09T18:17:23.7823024Z [36;1m  curl --proto '=https' --tlsv1.2 --retry 10 --retry-connrefused --location --silent --show-error --fail https://win.rustup.rs/x86_64 --output 'D:\a\_temp\rustup-init.exe'[0m
2026-10-09T18:17:23.7823873Z [36;1m  'D:\a\_temp\rustup-init.exe' --default-toolchain none --no-modify-path -y[0m
2026-10-09T18:17:23.7824292Z [36;1m  echo "$CARGO_HOME\bin" >> $GITHUB_PATH[0m
2026-10-09T18:17:23.7824553Z [36;1mfi[0m
2026-10-09T18:17:23.7837053Z shell: C:\Program Files\Git\bin\bash.EXE --noprofile --norc -e -o pipefail {0}
2026-10-09T18:17:23.7837451Z env:
2026-10-09T18:17:23.7837635Z   CARGO_TERM_COLOR: always
2026-10-09T18:17:23.7837864Z   RUST_BACKTRACE: 1
2026-10-09T18:17:23.7838075Z   CARGO_HOME: C:\Users\runneradmin\.cargo
2026-10-09T18:17:23.7838327Z ##[endgroup]
2026-10-09T18:17:23.8333523Z ##[end-action id=__dtolnay_rust-toolchain.__run_3;outcome=success;conclusion=success;duration_ms=70]
2026-10-09T18:17:23.8350820Z ##[start-action display=rustup toolchain install stable;id=__dtolnay_rust-toolchain.__run_4]
2026-10-09T18:17:23.8475835Z ##[group]Run set -f  # split targets and components on commas and whitespace, without glob expansion
2026-10-09T18:17:23.8476489Z [36;1mset -f  # split targets and components on commas and whitespace, without glob expansion[0m
2026-10-09T18:17:23.8476899Z [36;1mflags=()[0m
2026-10-09T18:17:23.8477148Z [36;1mfor t in ${targets//,/ }; do flags+=(--target "$t"); done[0m
2026-10-09T18:17:23.8477528Z [36;1mfor c in ${components//,/ }; do flags+=(--component "$c"); done[0m
2026-10-09T18:17:23.8477997Z [36;1mif [[ $toolchain == nightly && -n $components ]]; then flags+=(--allow-downgrade); fi[0m
2026-10-09T18:17:23.8478389Z [36;1mlog=$(mktemp)[0m
2026-10-09T18:17:23.8478606Z [36;1mtrap 'rm -f "$log"' EXIT[0m
2026-10-09T18:17:23.8478844Z [36;1mfor attempt in 1 2 3 4 5; do[0m
2026-10-09T18:17:23.8479400Z [36;1m  if rustup toolchain install "$toolchain" "${flags[@]}" --profile minimal --no-self-update --force-non-host 2>&1 | tee "$log"; then[0m
2026-10-09T18:17:23.8479976Z [36;1m    break[0m
2026-10-09T18:17:23.8480166Z [36;1m  else[0m
2026-10-09T18:17:23.8480347Z [36;1m    status=$?[0m
2026-10-09T18:17:23.8480541Z [36;1m  fi[0m
2026-10-09T18:17:23.8480821Z [36;1m  if [[ $attempt == 5 ]] || ! grep -Fq 'checksum failed for ' "$log" \[0m
2026-10-09T18:17:23.8481354Z [36;1m      || ! grep -Fq 'this is likely due to an ongoing update of the official release server' "$log"; then[0m
2026-10-09T18:17:23.8481793Z [36;1m    exit "$status"[0m
2026-10-09T18:17:23.8482001Z [36;1m  fi[0m
2026-10-09T18:17:23.8482334Z [36;1m  echo "Retrying rustup toolchain install in 30 seconds (retry $attempt of 4)" >&2[0m
2026-10-09T18:17:23.8483187Z [36;1m  sleep 30[0m
2026-10-09T18:17:23.8483375Z [36;1mdone[0m
2026-10-09T18:17:23.8495674Z shell: C:\Program Files\Git\bin\bash.EXE --noprofile --norc -e -o pipefail {0}
2026-10-09T18:17:23.8496078Z env:
2026-10-09T18:17:23.8496272Z   CARGO_TERM_COLOR: always
2026-10-09T18:17:23.8496663Z   RUST_BACKTRACE: 1
2026-10-09T18:17:23.8496877Z   CARGO_HOME: C:\Users\runneradmin\.cargo
2026-10-09T18:17:23.8497126Z   toolchain: stable
2026-10-09T18:17:23.8497297Z   targets: 
2026-10-09T18:17:23.8497462Z   components: 
2026-10-09T18:17:23.8497651Z   RUSTUP_PERMIT_COPY_RENAME: 1
2026-10-09T18:17:23.8497878Z ##[endgroup]
2026-10-09T18:17:26.6510910Z info: syncing channel updates for stable-x86_64-pc-windows-msvc
2026-10-09T18:17:27.1116718Z info: latest update on 2026-10-01 for version 1.99.0 (b940084d7 2026-09-28)
2026-10-09T18:17:27.1573463Z info: removing previous version of component rustfmt
2026-10-09T18:17:27.1729567Z info: removing previous version of component clippy
2026-10-09T18:17:27.1888558Z info: removing previous version of component rust-std for target x86_64-pc-windows-gnu
2026-10-09T18:17:27.2994487Z info: removing previous version of component rust-std for target i686-pc-windows-msvc
2026-10-09T18:17:27.3628528Z info: removing previous version of component cargo
2026-10-09T18:17:27.4418712Z info: removing previous version of component rust-std
2026-10-09T18:17:27.5209597Z info: removing previous version of component rustc
2026-10-09T18:17:27.6317772Z info: downloading 7 components
2026-10-09T18:17:42.9973444Z 
2026-10-09T18:17:43.0143620Z   stable-x86_64-pc-windows-msvc updated - rustc 1.99.0 (b940084d7 2026-09-28) (from rustc 1.98.1 (48a229cea 2026-09-01))
2026-10-09T18:17:43.0144681Z 
2026-10-09T18:17:43.0761237Z ##[end-action id=__dtolnay_rust-toolchain.__run_4;outcome=success;conclusion=success;duration_ms=19240]
2026-10-09T18:17:43.0768276Z ##[start-action display=rustup default stable;id=__dtolnay_rust-toolchain.__run_5]
2026-10-09T18:17:43.0905684Z ##[group]Run rustup default "$toolchain" --force-non-host
2026-10-09T18:17:43.0906062Z [36;1mrustup default "$toolchain" --force-non-host[0m
2026-10-09T18:17:43.0921930Z shell: C:\Program Files\Git\bin\bash.EXE --noprofile --norc -e -o pipefail {0}
2026-10-09T18:17:43.0922576Z env:
2026-10-09T18:17:43.0922855Z   CARGO_TERM_COLOR: always
2026-10-09T18:17:43.0923201Z   RUST_BACKTRACE: 1
2026-10-09T18:17:43.0923538Z   CARGO_HOME: C:\Users\runneradmin\.cargo
2026-10-09T18:17:43.0923960Z   toolchain: stable
2026-10-09T18:17:43.0924253Z ##[endgroup]
2026-10-09T18:17:43.1734328Z info: using existing install for stable-x86_64-pc-windows-msvc
2026-10-09T18:17:43.1795839Z info: default toolchain set to stable-x86_64-pc-windows-msvc
2026-10-09T18:17:43.1796267Z 
2026-10-09T18:17:43.2025226Z   stable-x86_64-pc-windows-msvc unchanged - rustc 1.99.0 (b940084d7 2026-09-28)
2026-10-09T18:17:43.2025830Z 
2026-10-09T18:17:43.2114510Z ##[end-action id=__dtolnay_rust-toolchain.__run_5;outcome=success;conclusion=success;duration_ms=134]
2026-10-09T18:17:43.2118536Z ##[start-action display=Create cachekey;id=__dtolnay_rust-toolchain.rustc-version]
2026-10-09T18:17:43.2266828Z ##[group]Run DATE=$(rustc +"$toolchain" --version --verbose | sed -ne 's/^commit-date: \(20[0-9][0-9]\)-\([01][0-9]\)-\([0-3][0-9]\)$/\1\2\3/p')
2026-10-09T18:17:43.2267701Z [36;1mDATE=$(rustc +"$toolchain" --version --verbose | sed -ne 's/^commit-date: \(20[0-9][0-9]\)-\([01][0-9]\)-\([0-3][0-9]\)$/\1\2\3/p')[0m
2026-10-09T18:17:43.2268359Z [36;1mHASH=$(rustc +"$toolchain" --version --verbose | sed -ne 's/^commit-hash: //p')[0m
2026-10-09T18:17:43.2268856Z [36;1mecho "cachekey=$(echo $DATE$HASH | head -c12)" >> $GITHUB_OUTPUT[0m
2026-10-09T18:17:43.2282132Z shell: C:\Program Files\Git\bin\bash.EXE --noprofile --norc -e -o pipefail {0}
2026-10-09T18:17:43.2282521Z env:
2026-10-09T18:17:43.2282699Z   CARGO_TERM_COLOR: always
2026-10-09T18:17:43.2282916Z   RUST_BACKTRACE: 1
2026-10-09T18:17:43.2283132Z   CARGO_HOME: C:\Users\runneradmin\.cargo
2026-10-09T18:17:43.2283391Z   toolchain: stable
2026-10-09T18:17:43.2283574Z ##[endgroup]
2026-10-09T18:17:43.9036850Z ##[end-action id=__dtolnay_rust-toolchain.rustc-version;outcome=success;conclusion=success;duration_ms=691]
2026-10-09T18:17:43.9040449Z ##[start-action display=Disable incremental compilation;id=__dtolnay_rust-toolchain.__run_6]
2026-10-09T18:17:43.9174347Z ##[group]Run if [ -z "${CARGO_INCREMENTAL+set}" ]; then
2026-10-09T18:17:43.9174731Z [36;1mif [ -z "${CARGO_INCREMENTAL+set}" ]; then[0m
2026-10-09T18:17:43.9175054Z [36;1m  echo CARGO_INCREMENTAL=0 >> $GITHUB_ENV[0m
2026-10-09T18:17:43.9175333Z [36;1mfi[0m
2026-10-09T18:17:43.9188109Z shell: C:\Program Files\Git\bin\bash.EXE --noprofile --norc -e -o pipefail {0}
2026-10-09T18:17:43.9188508Z env:
2026-10-09T18:17:43.9188700Z   CARGO_TERM_COLOR: always
2026-10-09T18:17:43.9188927Z   RUST_BACKTRACE: 1
2026-10-09T18:17:43.9189148Z   CARGO_HOME: C:\Users\runneradmin\.cargo
2026-10-09T18:17:43.9189416Z ##[endgroup]
2026-10-09T18:17:43.9596623Z ##[end-action id=__dtolnay_rust-toolchain.__run_6;outcome=success;conclusion=success;duration_ms=55]
2026-10-09T18:17:43.9599928Z ##[start-action display=Enable colors in Cargo output;id=__dtolnay_rust-toolchain.__run_7]
2026-10-09T18:17:43.9760776Z ##[group]Run if [ -z "${CARGO_TERM_COLOR+set}" ]; then
2026-10-09T18:17:43.9761151Z [36;1mif [ -z "${CARGO_TERM_COLOR+set}" ]; then[0m
2026-10-09T18:17:43.9761463Z [36;1m  echo CARGO_TERM_COLOR=always >> $GITHUB_ENV[0m
2026-10-09T18:17:43.9761742Z [36;1mfi[0m
2026-10-09T18:17:43.9775884Z shell: C:\Program Files\Git\bin\bash.EXE --noprofile --norc -e -o pipefail {0}
2026-10-09T18:17:43.9776268Z env:
2026-10-09T18:17:43.9776457Z   CARGO_TERM_COLOR: always
2026-10-09T18:17:43.9776693Z   RUST_BACKTRACE: 1
2026-10-09T18:17:43.9776915Z   CARGO_HOME: C:\Users\runneradmin\.cargo
2026-10-09T18:17:43.9777176Z   CARGO_INCREMENTAL: 0
2026-10-09T18:17:43.9777388Z ##[endgroup]
2026-10-09T18:17:44.0182525Z ##[end-action id=__dtolnay_rust-toolchain.__run_7;outcome=success;conclusion=success;duration_ms=58]
2026-10-09T18:17:44.0186567Z ##[start-action display=Enable Cargo sparse registry;id=__dtolnay_rust-toolchain.__run_8]
2026-10-09T18:17:44.0324930Z ##[group]Run # implemented in 1.66, stabilized in 1.68, made default in 1.70
2026-10-09T18:17:44.0325449Z [36;1m# implemented in 1.66, stabilized in 1.68, made default in 1.70[0m
2026-10-09T18:17:44.0326523Z [36;1mif [ -z "${CARGO_REGISTRIES_CRATES_IO_PROTOCOL+set}" -o -f "D:\a\_temp"/.implicit_cargo_registries_crates_io_protocol ]; then[0m
2026-10-09T18:17:44.0327225Z [36;1m  if rustc +"$toolchain" --version --verbose | grep -q '^release: 1\.6[89]\.'; then[0m
2026-10-09T18:17:44.0327757Z [36;1m    touch "D:\a\_temp"/.implicit_cargo_registries_crates_io_protocol || true[0m
2026-10-09T18:17:44.0328224Z [36;1m    echo CARGO_REGISTRIES_CRATES_IO_PROTOCOL=sparse >> $GITHUB_ENV[0m
2026-10-09T18:17:44.0328737Z [36;1m  elif rustc +"$toolchain" --version --verbose | grep -q '^release: 1\.6[67]\.'; then[0m
2026-10-09T18:17:44.0329223Z [36;1m    touch "D:\a\_temp"/.implicit_cargo_registries_crates_io_protocol || true[0m
2026-10-09T18:17:44.0329663Z [36;1m    echo CARGO_REGISTRIES_CRATES_IO_PROTOCOL=git >> $GITHUB_ENV[0m
2026-10-09T18:17:44.0329990Z [36;1m  fi[0m
2026-10-09T18:17:44.0330169Z [36;1mfi[0m
2026-10-09T18:17:44.0342797Z shell: C:\Program Files\Git\bin\bash.EXE --noprofile --norc -e -o pipefail {0}
2026-10-09T18:17:44.0343176Z env:
2026-10-09T18:17:44.0343361Z   CARGO_TERM_COLOR: always
2026-10-09T18:17:44.0343593Z   RUST_BACKTRACE: 1
2026-10-09T18:17:44.0343809Z   CARGO_HOME: C:\Users\runneradmin\.cargo
2026-10-09T18:17:44.0344060Z   CARGO_INCREMENTAL: 0
2026-10-09T18:17:44.0344260Z   toolchain: stable
2026-10-09T18:17:44.0344455Z ##[endgroup]
2026-10-09T18:17:44.2046293Z ##[end-action id=__dtolnay_rust-toolchain.__run_8;outcome=success;conclusion=success;duration_ms=185]
2026-10-09T18:17:44.2051080Z ##[start-action display=Work around spurious network errors in curl 8.0;id=__dtolnay_rust-toolchain.__run_9]
2026-10-09T18:17:44.2183199Z ##[group]Run # https://rust-lang.zulipchat.com/#narrow/stream/246057-t-cargo/topic/timeout.20investigation
2026-10-09T18:17:44.2183937Z [36;1m# https://rust-lang.zulipchat.com/#narrow/stream/246057-t-cargo/topic/timeout.20investigation[0m
2026-10-09T18:17:44.2184732Z [36;1mif rustc +"$toolchain" --version --verbose | grep -q '^release: 1\.7[01]\.'; then[0m
2026-10-09T18:17:44.2185199Z [36;1m  echo CARGO_HTTP_MULTIPLEXING=false >> $GITHUB_ENV[0m
2026-10-09T18:17:44.2185495Z [36;1mfi[0m
2026-10-09T18:17:44.2199139Z shell: C:\Program Files\Git\bin\bash.EXE --noprofile --norc -e -o pipefail {0}
2026-10-09T18:17:44.2199541Z env:
2026-10-09T18:17:44.2199725Z   CARGO_TERM_COLOR: always
2026-10-09T18:17:44.2199949Z   RUST_BACKTRACE: 1
2026-10-09T18:17:44.2200163Z   CARGO_HOME: C:\Users\runneradmin\.cargo
2026-10-09T18:17:44.2200415Z   CARGO_INCREMENTAL: 0
2026-10-09T18:17:44.2200611Z   toolchain: stable
2026-10-09T18:17:44.2200787Z ##[endgroup]
2026-10-09T18:17:44.3330018Z ##[end-action id=__dtolnay_rust-toolchain.__run_9;outcome=success;conclusion=success;duration_ms=127]
2026-10-09T18:17:44.3335619Z ##[start-action display=rustc +stable --version --verbose;id=__dtolnay_rust-toolchain.__run_10]
2026-10-09T18:17:44.3464008Z ##[group]Run rustc +"$toolchain" --version --verbose
2026-10-09T18:17:44.3464361Z [36;1mrustc +"$toolchain" --version --verbose[0m
2026-10-09T18:17:44.3476537Z shell: C:\Program Files\Git\bin\bash.EXE --noprofile --norc -e -o pipefail {0}
2026-10-09T18:17:44.3476924Z env:
2026-10-09T18:17:44.3477109Z   CARGO_TERM_COLOR: always
2026-10-09T18:17:44.3477325Z   RUST_BACKTRACE: 1
2026-10-09T18:17:44.3477533Z   CARGO_HOME: C:\Users\runneradmin\.cargo
2026-10-09T18:17:44.3477788Z   CARGO_INCREMENTAL: 0
2026-10-09T18:17:44.3477979Z   toolchain: stable
2026-10-09T18:17:44.3478164Z ##[endgroup]
2026-10-09T18:17:44.4320110Z rustc 1.99.0 (b940084d7 2026-09-28)
2026-10-09T18:17:44.4320571Z binary: rustc
2026-10-09T18:17:44.4320948Z commit-hash: b940084d7eb6a299eb4bfeb8e34901bc051e7ac4
2026-10-09T18:17:44.4321734Z commit-date: 2026-09-28
2026-10-09T18:17:44.4322085Z host: x86_64-pc-windows-msvc
2026-10-09T18:17:44.4322467Z release: 1.99.0
2026-10-09T18:17:44.4323512Z LLVM version: 23.1.1
2026-10-09T18:17:44.4443944Z ##[end-action id=__dtolnay_rust-toolchain.__run_10;outcome=success;conclusion=success;duration_ms=110]
2026-10-09T18:17:44.4670515Z ##[group]Run Swatinem/rust-cache@v2
2026-10-09T18:17:44.4671266Z with:
2026-10-09T18:17:44.4671457Z   prefix-key: v0-rust
2026-10-09T18:17:44.4671671Z   add-job-id-key: true
2026-10-09T18:17:44.4671893Z   add-rust-environment-hash-key: true
2026-10-09T18:17:44.4672141Z   cache-targets: true
2026-10-09T18:17:44.4672345Z   cache-all-crates: false
2026-10-09T18:17:44.4672563Z   cache-workspace-crates: false
2026-10-09T18:17:44.4672784Z   save-if: true
2026-10-09T18:17:44.4672973Z   cache-provider: github
2026-10-09T18:17:44.4673172Z   cache-bin: true
2026-10-09T18:17:44.4673356Z   lookup-only: false
2026-10-09T18:17:44.4673535Z   cmd-format: {0}
2026-10-09T18:17:44.4673708Z env:
2026-10-09T18:17:44.4673877Z   CARGO_TERM_COLOR: always
2026-10-09T18:17:44.4674091Z   RUST_BACKTRACE: 1
2026-10-09T18:17:44.4674317Z   CARGO_HOME: C:\Users\runneradmin\.cargo
2026-10-09T18:17:44.4674574Z   CARGO_INCREMENTAL: 0
2026-10-09T18:17:44.4674766Z ##[endgroup]
2026-10-09T18:17:45.8881531Z ##[group]Cache Configuration
2026-10-09T18:17:45.8882104Z Cache Provider:
2026-10-09T18:17:45.8882400Z     github
2026-10-09T18:17:45.8882667Z Workspaces:
2026-10-09T18:17:45.8882965Z     D:\a\rustwright\rustwright
2026-10-09T18:17:45.8883326Z Cache Paths:
2026-10-09T18:17:45.8883630Z     C:\Users\runneradmin\.cargo\bin
2026-10-09T18:17:45.8884064Z     C:\Users\runneradmin\.cargo\.crates.toml
2026-10-09T18:17:45.8884568Z     C:\Users\runneradmin\.cargo\.crates2.json
2026-10-09T18:17:45.8889148Z     C:\Users\runneradmin\.cargo\registry
2026-10-09T18:17:45.8889562Z     C:\Users\runneradmin\.cargo\git
2026-10-09T18:17:45.8889976Z     D:\a\rustwright\rustwright\target
2026-10-09T18:17:45.8890354Z Restore Key:
2026-10-09T18:17:45.8890720Z     v0-rust-browser-compat-Windows_NT-x64-878c1c10
2026-10-09T18:17:45.8891147Z Cache Key:
2026-10-09T18:17:45.8891942Z     v0-rust-browser-compat-Windows_NT-x64-878c1c10-b02f8b42
2026-10-09T18:17:45.8892402Z .. Prefix:
2026-10-09T18:17:45.8892734Z   - v0-rust-browser-compat-Windows_NT-x64
2026-10-09T18:17:45.8893156Z .. Environment considered:
2026-10-09T18:17:45.8893479Z   - Rust Versions:
2026-10-09T18:17:45.8893943Z     - 1.99.0 x86_64-pc-windows-msvc b940084d7eb6a299eb4bfeb8e34901bc051e7ac4
2026-10-09T18:17:45.8894488Z   - CARGO_HOME
2026-10-09T18:17:45.8894761Z   - CARGO_INCREMENTAL
2026-10-09T18:17:45.8895081Z   - CARGO_TERM_COLOR
2026-10-09T18:17:45.8895372Z   - RUST_BACKTRACE
2026-10-09T18:17:45.8895666Z .. Lockfiles considered:
2026-10-09T18:17:45.8896005Z   - D:\a\rustwright\rustwright\Cargo.lock
2026-10-09T18:17:45.8896573Z   - D:\a\rustwright\rustwright\crates\rustwright-bidi\Cargo.toml
2026-10-09T18:17:45.8897247Z   - D:\a\rustwright\rustwright\crates\rustwright-browser\Cargo.toml
2026-10-09T18:17:45.8897894Z   - D:\a\rustwright\rustwright\crates\rustwright-cdp\Cargo.toml
2026-10-09T18:17:45.8898513Z   - D:\a\rustwright\rustwright\crates\rustwright-common\Cargo.toml
2026-10-09T18:17:45.8899138Z   - D:\a\rustwright\rustwright\crates\rustwright-core\Cargo.toml
2026-10-09T18:17:45.8899798Z   - D:\a\rustwright\rustwright\crates\rustwright-test-macros\Cargo.toml
2026-10-09T18:17:45.8900464Z   - D:\a\rustwright\rustwright\crates\rustwright-test\Cargo.toml
2026-10-09T18:17:45.8901033Z   - D:\a\rustwright\rustwright\crates\rustwright\Cargo.toml
2026-10-09T18:17:45.8901838Z   - D:\a\rustwright\rustwright\docs\ci\results\remote-20261009\followup-local\consumer\.cargo\config.toml
2026-10-09T18:17:45.8903625Z   - D:\a\rustwright\rustwright\docs\ci\results\required-browser\release\consumer\.cargo\config.toml
2026-10-09T18:17:45.8905345Z   - D:\a\rustwright\rustwright\docs\release\results\local-package\consumer\.cargo\config.toml
2026-10-09T18:17:45.8907313Z   - D:\a\rustwright\rustwright\examples\Cargo.toml
2026-10-09T18:17:45.8908204Z   - D:\a\rustwright\rustwright\tests\Cargo.toml
2026-10-09T18:17:45.8909014Z ##[endgroup]
2026-10-09T18:17:45.8909182Z 
2026-10-09T18:17:45.8909315Z ... Restoring cache ...
2026-10-09T18:17:46.1334580Z Cache hit for: v0-rust-browser-compat-Windows_NT-x64-878c1c10-b02f8b42
2026-10-09T18:17:46.8148544Z Received 67039737 of 67039737 (100.0%), 109.5 MBs/sec
2026-10-09T18:17:46.8151415Z Cache Size: ~64 MB (67039737 B)
2026-10-09T18:17:46.8219908Z [command]"C:\Program Files\Git\usr\bin\tar.exe" -xf D:/a/_temp/fac0b2dc-5bed-431d-ab8c-4fe6e000db79/cache.tzst -P -C D:/a/rustwright/rustwright --force-local --use-compress-program "zstd -d"
2026-10-09T18:17:47.9423769Z Cache restored successfully
2026-10-09T18:17:47.9470514Z Restored from cache key "v0-rust-browser-compat-Windows_NT-x64-878c1c10-b02f8b42" full match: true.
2026-10-09T18:17:47.9787916Z ##[group]Run actions/setup-python@v6
2026-10-09T18:17:47.9788269Z with:
2026-10-09T18:17:47.9788466Z   python-version: 3.11
2026-10-09T18:17:47.9788703Z   check-latest: false
2026-10-09T18:17:47.9791099Z   token: ***
2026-10-09T18:17:47.9791327Z   update-environment: true
2026-10-09T18:17:47.9791569Z   allow-prereleases: false
2026-10-09T18:17:47.9791797Z   freethreaded: false
2026-10-09T18:17:47.9791997Z env:
2026-10-09T18:17:47.9792179Z   CARGO_TERM_COLOR: always
2026-10-09T18:17:47.9792396Z   RUST_BACKTRACE: 1
2026-10-09T18:17:47.9792611Z   CARGO_HOME: C:\Users\runneradmin\.cargo
2026-10-09T18:17:47.9792873Z   CARGO_INCREMENTAL: 0
2026-10-09T18:17:47.9793089Z   CACHE_ON_FAILURE: false
2026-10-09T18:17:47.9793316Z ##[endgroup]
2026-10-09T18:17:48.1463913Z ##[group]Installed versions
2026-10-09T18:17:48.1659666Z Successfully set up CPython (3.11.9)
2026-10-09T18:17:48.1660408Z ##[endgroup]
2026-10-09T18:17:48.1959919Z ##[group]Run browser-actions/setup-chrome@v2
2026-10-09T18:17:48.1960303Z with:
2026-10-09T18:17:48.1960516Z   chrome-version: stable
2026-10-09T18:17:48.1960774Z   install-dependencies: true
2026-10-09T18:17:48.1961045Z   install-chromedriver: false
2026-10-09T18:17:48.1961531Z   no-sudo: false
2026-10-09T18:17:48.1961722Z env:
2026-10-09T18:17:48.1961904Z   CARGO_TERM_COLOR: always
2026-10-09T18:17:48.1962131Z   RUST_BACKTRACE: 1
2026-10-09T18:17:48.1962350Z   CARGO_HOME: C:\Users\runneradmin\.cargo
2026-10-09T18:17:48.1962615Z   CARGO_INCREMENTAL: 0
2026-10-09T18:17:48.1962819Z   CACHE_ON_FAILURE: false
2026-10-09T18:17:48.1963115Z   pythonLocation: C:\hostedtoolcache\windows\Python\3.11.9\x64
2026-10-09T18:17:48.1963617Z   PKG_CONFIG_PATH: C:\hostedtoolcache\windows\Python\3.11.9\x64/lib/pkgconfig
2026-10-09T18:17:48.1964059Z   Python_ROOT_DIR: C:\hostedtoolcache\windows\Python\3.11.9\x64
2026-10-09T18:17:48.1964502Z   Python2_ROOT_DIR: C:\hostedtoolcache\windows\Python\3.11.9\x64
2026-10-09T18:17:48.1964913Z   Python3_ROOT_DIR: C:\hostedtoolcache\windows\Python\3.11.9\x64
2026-10-09T18:17:48.1965221Z ##[endgroup]
2026-10-09T18:17:48.3053937Z Installing dependencies
2026-10-09T18:17:48.3083575Z ##[warning]install-dependencies is only supported on Linux, but current platform is windows
2026-10-09T18:17:48.3093645Z Setup chrome stable
2026-10-09T18:17:48.3094343Z Attempting to download chrome stable...
2026-10-09T18:17:48.3443104Z Acquiring chrome stable from https://storage.googleapis.com/chrome-for-testing-public/155.0.8059.39/win64/chrome-win64.zip
2026-10-09T18:17:49.8554043Z Installing chrome...
2026-10-09T18:17:49.9329131Z [command]"C:\Program Files\PowerShell\7\pwsh.exe" -NoLogo -NoProfile -NonInteractive -ExecutionPolicy Unrestricted -Command "$ErrorActionPreference = 'Stop' ; try { Add-Type -AssemblyName System.IO.Compression.ZipFile } catch { } ; try { [System.IO.Compression.ZipFile]::ExtractToDirectory('D:\a\_temp\ccdd390a-6834-4aa5-be23-934cd181f7dc', 'D:\a\_temp\dedc09b0-913d-4160-89b0-29f28e8f4923', $true) } catch { if (($_.Exception.GetType().FullName -eq 'System.Management.Automation.MethodException') -or ($_.Exception.GetType().FullName -eq 'System.Management.Automation.RuntimeException') ){ Expand-Archive -LiteralPath 'D:\a\_temp\ccdd390a-6834-4aa5-be23-934cd181f7dc' -DestinationPath 'D:\a\_temp\dedc09b0-913d-4160-89b0-29f28e8f4923' -Force } else { throw $_ } } ;"
2026-10-09T18:17:52.3028676Z Successfully Installed chrome to C:\hostedtoolcache\windows\setup-chrome\chrome\stable\x64
2026-10-09T18:17:52.3638573Z [command]C:\Windows\System32\WindowsPowerShell\v1.0\powershell.exe -Command "(Get-Item (Get-Command 'C:\hostedtoolcache\windows\setup-chrome\chrome\stable\x64\chrome.exe').Source).VersionInfo.ProductVersion"
2026-10-09T18:17:54.7444898Z 155.0.8059.39
2026-10-09T18:17:54.7836675Z Successfully setup chrome 155.0.8059.39
2026-10-09T18:17:54.8136380Z ##[group]Run browser-actions/setup-firefox@v1
2026-10-09T18:17:54.8136764Z with:
2026-10-09T18:17:54.8136978Z   firefox-version: 157.0.1
2026-10-09T18:17:54.8137218Z env:
2026-10-09T18:17:54.8137623Z   CARGO_TERM_COLOR: always
2026-10-09T18:17:54.8137930Z   RUST_BACKTRACE: 1
2026-10-09T18:17:54.8138254Z   CARGO_HOME: C:\Users\runneradmin\.cargo
2026-10-09T18:17:54.8138535Z   CARGO_INCREMENTAL: 0
2026-10-09T18:17:54.8138772Z   CACHE_ON_FAILURE: false
2026-10-09T18:17:54.8139080Z   pythonLocation: C:\hostedtoolcache\windows\Python\3.11.9\x64
2026-10-09T18:17:54.8139533Z   PKG_CONFIG_PATH: C:\hostedtoolcache\windows\Python\3.11.9\x64/lib/pkgconfig
2026-10-09T18:17:54.8140003Z   Python_ROOT_DIR: C:\hostedtoolcache\windows\Python\3.11.9\x64
2026-10-09T18:17:54.8140404Z   Python2_ROOT_DIR: C:\hostedtoolcache\windows\Python\3.11.9\x64
2026-10-09T18:17:54.8140802Z   Python3_ROOT_DIR: C:\hostedtoolcache\windows\Python\3.11.9\x64
2026-10-09T18:17:54.8141114Z ##[endgroup]
2026-10-09T18:17:54.9161813Z Setup firefox 157.0.1 (en-US)
2026-10-09T18:17:54.9173538Z Attempting to download firefox 157.0.1...
2026-10-09T18:17:54.9176440Z This is the version number:157
2026-10-09T18:17:54.9177385Z Acquiring 157.0.1 from https://ftp.mozilla.org/pub/firefox/releases/157.0.1/win64/en-US/Firefox%20Setup%20157.0.1.exe
2026-10-09T18:17:55.4054746Z Extracting Firefox...
2026-10-09T18:17:55.4075027Z [command]D:\a\_temp\6ee820bb-2dbe-4487-8f17-8a9815d310fb.exe /S /InstallDirectoryName=Firefox_157.0.1
2026-10-09T18:18:10.5783237Z Successfully installed firefox 157.0.1 to C:\Program Files\Firefox_157.0.1
2026-10-09T18:18:10.5797726Z [command]"C:\Program Files\Firefox_157.0.1\firefox.exe" --version
2026-10-09T18:18:10.6480267Z Mozilla Firefox 157.0.1
2026-10-09T18:18:10.6522814Z Successfully setup firefox version 157.0.1
2026-10-09T18:18:10.6829706Z ##[group]Run $chromeDirectory = Split-Path -Parent $env:CHROME_EXECUTABLE
2026-10-09T18:18:10.6830363Z [36;1m$chromeDirectory = Split-Path -Parent $env:CHROME_EXECUTABLE[0m
2026-10-09T18:18:10.6830835Z [36;1m$setupExecutable = Join-Path $chromeDirectory 'setup.exe'[0m
2026-10-09T18:18:10.6831328Z [36;1mif (-not (Test-Path -LiteralPath $setupExecutable -PathType Leaf)) {[0m
2026-10-09T18:18:10.6831827Z [36;1m  throw "Chrome for Testing sandbox setup executable is missing"[0m
2026-10-09T18:18:10.6832169Z [36;1m}[0m
2026-10-09T18:18:10.6832491Z [36;1m# The Chrome-provided helper grants its installation capabilities[0m
2026-10-09T18:18:10.6833429Z [36;1m# read/execute access. It returns installer status 78 on success.[0m
2026-10-09T18:18:10.6833978Z [36;1m$setupArgument = '--configure-browser-in-directory="{0}"' -f $chromeDirectory[0m
2026-10-09T18:18:10.6834710Z [36;1m$setupProcess = Start-Process -FilePath $setupExecutable -ArgumentList $setupArgument -Wait -PassThru[0m
2026-10-09T18:18:10.6835355Z [36;1mWrite-Host "Chrome sandbox setup exit code: $($setupProcess.ExitCode)"[0m
2026-10-09T18:18:10.6835943Z [36;1mif ($setupProcess.ExitCode -ne 78) { throw "Chrome sandbox permission configuration failed" }[0m
2026-10-09T18:18:10.6836424Z [36;1m& icacls.exe $env:CHROME_EXECUTABLE[0m
2026-10-09T18:18:10.6853896Z [36;1mif ($LASTEXITCODE -ne 0) { throw "Unable to inspect Chrome executable permissions" }[0m
2026-10-09T18:18:11.1051089Z shell: C:\Program Files\PowerShell\7\pwsh.EXE -command ". '{0}'"
2026-10-09T18:18:11.1051494Z env:
2026-10-09T18:18:11.1051711Z   CARGO_TERM_COLOR: always
2026-10-09T18:18:11.1051944Z   RUST_BACKTRACE: 1
2026-10-09T18:18:11.1052163Z   CARGO_HOME: C:\Users\runneradmin\.cargo
2026-10-09T18:18:11.1052427Z   CARGO_INCREMENTAL: 0
2026-10-09T18:18:11.1052646Z   CACHE_ON_FAILURE: false
2026-10-09T18:18:11.1052952Z   pythonLocation: C:\hostedtoolcache\windows\Python\3.11.9\x64
2026-10-09T18:18:11.1053411Z   PKG_CONFIG_PATH: C:\hostedtoolcache\windows\Python\3.11.9\x64/lib/pkgconfig
2026-10-09T18:18:11.1053862Z   Python_ROOT_DIR: C:\hostedtoolcache\windows\Python\3.11.9\x64
2026-10-09T18:18:11.1054282Z   Python2_ROOT_DIR: C:\hostedtoolcache\windows\Python\3.11.9\x64
2026-10-09T18:18:11.1054694Z   Python3_ROOT_DIR: C:\hostedtoolcache\windows\Python\3.11.9\x64
2026-10-09T18:18:11.1055172Z   CHROME_EXECUTABLE: C:\hostedtoolcache\windows\setup-chrome\chrome\stable\x64\chrome.exe
2026-10-09T18:18:11.1055589Z ##[endgroup]
2026-10-09T18:18:11.6219017Z Chrome sandbox setup exit code: 78
2026-10-09T18:18:11.6376428Z C:\hostedtoolcache\windows\setup-chrome\chrome\stable\x64\chrome.exe S-1-15-3-1024-3424233489-972189580-2057154623-747635277-1604371224-316187997-3786583170-1043257646:(I)(RX)
2026-10-09T18:18:11.6378321Z                                                                      S-1-15-3-1024-2302894289-466761758-1166120688-1039016420-2430351297-4240214049-4028510897-3317428798:(I)(RX)
2026-10-09T18:18:11.6379445Z                                                                      NT AUTHORITY\Authenticated Users:(I)(M)
2026-10-09T18:18:11.6380251Z                                                                      NT AUTHORITY\SYSTEM:(I)(F)
2026-10-09T18:18:11.6383980Z                                                                      BUILTIN\Administrators:(I)(F)
2026-10-09T18:18:11.6386678Z                                                                      BUILTIN\Users:(I)(RX)
2026-10-09T18:18:11.6387240Z 
2026-10-09T18:18:11.6389397Z Successfully processed 1 files; Failed processing 0 files
2026-10-09T18:18:11.7052380Z ##[group]Run echo "Chrome: $CHROME_VERSION"
2026-10-09T18:18:11.7052811Z [36;1mecho "Chrome: $CHROME_VERSION"[0m
2026-10-09T18:18:11.7053101Z [36;1mecho "Firefox: $FIREFOX_VERSION"[0m
2026-10-09T18:18:11.7068848Z shell: C:\Program Files\Git\bin\bash.EXE --noprofile --norc -e -o pipefail {0}
2026-10-09T18:18:11.7069262Z env:
2026-10-09T18:18:11.7069449Z   CARGO_TERM_COLOR: always
2026-10-09T18:18:11.7069672Z   RUST_BACKTRACE: 1
2026-10-09T18:18:11.7069887Z   CARGO_HOME: C:\Users\runneradmin\.cargo
2026-10-09T18:18:11.7070143Z   CARGO_INCREMENTAL: 0
2026-10-09T18:18:11.7070353Z   CACHE_ON_FAILURE: false
2026-10-09T18:18:11.7070646Z   pythonLocation: C:\hostedtoolcache\windows\Python\3.11.9\x64
2026-10-09T18:18:11.7071087Z   PKG_CONFIG_PATH: C:\hostedtoolcache\windows\Python\3.11.9\x64/lib/pkgconfig
2026-10-09T18:18:11.7071527Z   Python_ROOT_DIR: C:\hostedtoolcache\windows\Python\3.11.9\x64
2026-10-09T18:18:11.7071958Z   Python2_ROOT_DIR: C:\hostedtoolcache\windows\Python\3.11.9\x64
2026-10-09T18:18:11.7072360Z   Python3_ROOT_DIR: C:\hostedtoolcache\windows\Python\3.11.9\x64
2026-10-09T18:18:11.7072681Z   CHROME_VERSION: 155.0.8059.39
2026-10-09T18:18:11.7072925Z   FIREFOX_VERSION: 157.0.1
2026-10-09T18:18:11.7073156Z ##[endgroup]
2026-10-09T18:18:11.7475033Z Chrome: 155.0.8059.39
2026-10-09T18:18:11.7475784Z Firefox: 157.0.1
2026-10-09T18:18:11.7671342Z ##[group]Run python scripts/ci/browser_checks.py --suite portable
2026-10-09T18:18:11.7671919Z [36;1mpython scripts/ci/browser_checks.py --suite portable[0m
2026-10-09T18:18:11.7744145Z shell: C:\Program Files\PowerShell\7\pwsh.EXE -command ". '{0}'"
2026-10-09T18:18:11.7744496Z env:
2026-10-09T18:18:11.7744692Z   CARGO_TERM_COLOR: always
2026-10-09T18:18:11.7744927Z   RUST_BACKTRACE: 1
2026-10-09T18:18:11.7745153Z   CARGO_HOME: C:\Users\runneradmin\.cargo
2026-10-09T18:18:11.7745424Z   CARGO_INCREMENTAL: 0
2026-10-09T18:18:11.7745633Z   CACHE_ON_FAILURE: false
2026-10-09T18:18:11.7745931Z   pythonLocation: C:\hostedtoolcache\windows\Python\3.11.9\x64
2026-10-09T18:18:11.7746405Z   PKG_CONFIG_PATH: C:\hostedtoolcache\windows\Python\3.11.9\x64/lib/pkgconfig
2026-10-09T18:18:11.7746836Z   Python_ROOT_DIR: C:\hostedtoolcache\windows\Python\3.11.9\x64
2026-10-09T18:18:11.7747227Z   Python2_ROOT_DIR: C:\hostedtoolcache\windows\Python\3.11.9\x64
2026-10-09T18:18:11.7747662Z   Python3_ROOT_DIR: C:\hostedtoolcache\windows\Python\3.11.9\x64
2026-10-09T18:18:11.7748133Z   RUSTWRIGHT_CHROME: C:\hostedtoolcache\windows\setup-chrome\chrome\stable\x64\chrome.exe
2026-10-09T18:18:11.7748625Z   RUSTWRIGHT_FIREFOX: C:\Program Files\Firefox_157.0.1\firefox.exe
2026-10-09T18:18:11.7748948Z ##[endgroup]
2026-10-09T18:18:13.2778529Z Running http_compat; log: D:\a\rustwright\rustwright\target\ci\portable\http_compat.log
2026-10-09T18:19:50.9176699Z Running http_actionability; log: D:\a\rustwright\rustwright\target\ci\portable\http_actionability.log
2026-10-09T18:20:47.0739181Z Running http_clipped_control; log: D:\a\rustwright\rustwright\target\ci\portable\http_clipped_control.log
2026-10-09T18:21:20.1350975Z Running http_bidi_navigation; log: D:\a\rustwright\rustwright\target\ci\portable\http_bidi_navigation.log
2026-10-09T18:22:13.2030258Z Native HTTP portable: 53 passed, no skips
2026-10-09T18:22:13.3894855Z ##[group]Run actions/upload-artifact@v4
2026-10-09T18:22:13.3895294Z with:
2026-10-09T18:22:13.3895594Z   name: native-http-windows-latest
2026-10-09T18:22:13.3895932Z   path: target/ci/
2026-10-09T18:22:13.3896195Z   if-no-files-found: error
2026-10-09T18:22:13.3896532Z   compression-level: 6
2026-10-09T18:22:13.3896826Z   overwrite: false
2026-10-09T18:22:13.3897100Z   include-hidden-files: false
2026-10-09T18:22:13.3897428Z env:
2026-10-09T18:22:13.3897710Z   CARGO_TERM_COLOR: always
2026-10-09T18:22:13.3897989Z   RUST_BACKTRACE: 1
2026-10-09T18:22:13.3898280Z   CARGO_HOME: C:\Users\runneradmin\.cargo
2026-10-09T18:22:13.3898620Z   CARGO_INCREMENTAL: 0
2026-10-09T18:22:13.3898997Z   CACHE_ON_FAILURE: false
2026-10-09T18:22:13.3899695Z   pythonLocation: C:\hostedtoolcache\windows\Python\3.11.9\x64
2026-10-09T18:22:13.3900213Z   PKG_CONFIG_PATH: C:\hostedtoolcache\windows\Python\3.11.9\x64/lib/pkgconfig
2026-10-09T18:22:13.3900800Z   Python_ROOT_DIR: C:\hostedtoolcache\windows\Python\3.11.9\x64
2026-10-09T18:22:13.3901281Z   Python2_ROOT_DIR: C:\hostedtoolcache\windows\Python\3.11.9\x64
2026-10-09T18:22:13.3901742Z   Python3_ROOT_DIR: C:\hostedtoolcache\windows\Python\3.11.9\x64
2026-10-09T18:22:13.3902148Z ##[endgroup]
2026-10-09T18:22:13.6320597Z (node:8024) [DEP0040] DeprecationWarning: The `punycode` module is deprecated. Please use a userland alternative instead.
2026-10-09T18:22:13.6321755Z (Use `node --trace-deprecation ...` to show where the warning was created)
2026-10-09T18:22:13.6411167Z With the provided path, there will be 5 files uploaded
2026-10-09T18:22:13.6417165Z Artifact name is valid!
2026-10-09T18:22:13.6418788Z Root directory input is valid!
2026-10-09T18:22:13.8997592Z Beginning upload of artifact content to blob storage
2026-10-09T18:22:13.9344248Z (node:8024) [DEP0169] DeprecationWarning: `url.parse()` behavior is not standardized and prone to errors that have security implications. Use the WHATWG URL API instead. CVEs are not issued for `url.parse()` vulnerabilities.
2026-10-09T18:22:14.0406563Z Uploaded bytes 6287
2026-10-09T18:22:14.0774637Z Finished uploading artifact content to blob storage!
2026-10-09T18:22:14.0775904Z SHA256 digest of uploaded artifact zip is ea07398391c7f57e9c131829f7989d4de428d6424ff9622b9f765684a194bedd
2026-10-09T18:22:14.0776890Z Finalizing artifact upload
2026-10-09T18:22:14.2978557Z Artifact native-http-windows-latest.zip successfully finalized. Artifact ID 11637316193
2026-10-09T18:22:14.2979871Z Artifact native-http-windows-latest has been successfully uploaded! Final size is 6287 bytes. Artifact ID is 11637316193
2026-10-09T18:22:14.2990160Z Artifact download URL: https://github.com/rsasaki0109/rustwright/actions/runs/37972198887/artifacts/11637316193
2026-10-09T18:22:14.3388381Z Post job cleanup.
2026-10-09T18:22:14.5524145Z Post job cleanup.
2026-10-09T18:22:14.7477013Z Cache up-to-date.
2026-10-09T18:22:14.7958508Z Post job cleanup.
2026-10-09T18:22:15.0505779Z [command]"C:\Program Files\Git\bin\git.exe" version
2026-10-09T18:22:15.0865513Z git version 2.55.0.windows.5
2026-10-09T18:22:15.0932027Z Temporarily overriding HOME='D:\a\_temp\06b42f93-e416-4d4e-8744-b530785d674d' before making global git config changes
2026-10-09T18:22:15.0934703Z Adding repository directory to the temporary git global config as a safe directory
2026-10-09T18:22:15.0947707Z [command]"C:\Program Files\Git\bin\git.exe" config --global --add safe.directory D:\a\rustwright\rustwright
2026-10-09T18:22:15.1365604Z [command]"C:\Program Files\Git\bin\git.exe" config --local --name-only --get-regexp core\.sshCommand
2026-10-09T18:22:15.1716784Z [command]"C:\Program Files\Git\bin\git.exe" submodule foreach --recursive "sh -c \"git config --local --name-only --get-regexp 'core\.sshCommand' && git config --local --unset-all 'core.sshCommand' || :\""
2026-10-09T18:22:15.8590053Z [command]"C:\Program Files\Git\bin\git.exe" config --local --name-only --get-regexp http\.https\:\/\/github\.com\/\.extraheader
2026-10-09T18:22:15.8933946Z http.https://github.com/.extraheader
2026-10-09T18:22:15.8984101Z [command]"C:\Program Files\Git\bin\git.exe" config --local --unset-all http.https://github.com/.extraheader
2026-10-09T18:22:15.9362014Z [command]"C:\Program Files\Git\bin\git.exe" submodule foreach --recursive "sh -c \"git config --local --name-only --get-regexp 'http\.https\:\/\/github\.com\/\.extraheader' && git config --local --unset-all 'http.https://github.com/.extraheader' || :\""
2026-10-09T18:22:16.5590881Z [command]"C:\Program Files\Git\bin\git.exe" config --local --name-only --get-regexp ^includeIf\.gitdir:
2026-10-09T18:22:16.5914301Z [command]"C:\Program Files\Git\bin\git.exe" submodule foreach --recursive "git config --local --show-origin --name-only --get-regexp remote.origin.url"
2026-10-09T18:22:17.2252660Z Cleaning up orphan processes
2026-10-09T18:22:17.2470041Z Terminate orphan process: pid (5600) (vctip)
2026-10-09T18:22:17.2992114Z ##[warning]Node.js 20 is deprecated. The following actions target Node.js 20 but are being forced to run on Node.js 24: actions/upload-artifact@v4. For more information see: https://github.blog/changelog/2025-09-19-deprecation-of-node-20-on-github-actions-runners/
