[1m[92m   Compiling[0m rustwright-integration-tests v0.1.0 (/home/runner/work/rustwright/rustwright/tests)
[1m[92m    Finished[0m `test` profile [unoptimized + debuginfo] target(s) in 2.04s
[1m[92m     Running[0m http_intercept_lifecycle.rs (target/debug/deps/http_intercept_lifecycle-e4f04b177e9dceb5)

running 4 tests
test firefox_intercept_cancellation_preserves_live_requests_and_prior_rules ... {"cycle":1,"known_intercept_ids":["cebdb0cb-a91c-4ecf-9742-3831fc21cb18"],"known_intercepts_absent":true,"mode":"cancel-add-with-blocked-request","pending":0,"version":"157.0.1"}
{"cycle":1,"known_intercept_ids":["a46d707e-2653-44cc-9f96-e7326dd718ef"],"known_intercepts_absent":true,"mode":"cancel-clear","pending":0,"version":"157.0.1"}
{"cycle":1,"known_intercept_ids":["2a98a821-bc39-4e1b-a02d-3d7826d4811b","9ded7706-6bc6-4d23-a012-79bc70de74d6","c14ae9d6-e64c-4b15-9313-6fbce86d6095"],"known_intercepts_absent":true,"mode":"cancel-phase-upgrade","pending":0,"version":"157.0.1"}
{"cycle":2,"known_intercept_ids":["95571cbb-4915-496c-ae0b-2f99637e0d9d"],"known_intercepts_absent":true,"mode":"cancel-add-with-blocked-request","pending":0,"version":"157.0.1"}
{"cycle":2,"known_intercept_ids":["49504611-e988-4a53-a1b4-498382479874"],"known_intercepts_absent":true,"mode":"cancel-clear","pending":0,"version":"157.0.1"}
{"cycle":2,"known_intercept_ids":["a80b241c-3960-4a4d-9ecc-151efe640a47","4f75e58b-ba53-4e42-964c-e6dcc0a0822c","f884b20e-e6fb-4635-b2bb-95d7bd7c8514"],"known_intercepts_absent":true,"mode":"cancel-phase-upgrade","pending":0,"version":"157.0.1"}
{"cycle":3,"known_intercept_ids":["f919682d-1a79-426e-884f-0979db7c0dbe"],"known_intercepts_absent":true,"mode":"cancel-add-with-blocked-request","pending":0,"version":"157.0.1"}
{"cycle":3,"known_intercept_ids":["057ae941-389f-4fc8-ba03-d5d1d0ece95b"],"known_intercepts_absent":true,"mode":"cancel-clear","pending":0,"version":"157.0.1"}
{"cycle":3,"known_intercept_ids":["fdf7f559-fac3-4dde-93b4-cad67323b5df","3e815730-e52b-4b3f-a639-7f99c925b3ca","4c8a8bfd-bb3c-4798-b91c-3aee44007fb5"],"known_intercepts_absent":true,"mode":"cancel-phase-upgrade","pending":0,"version":"157.0.1"}
{"cycle":4,"known_intercept_ids":["83cc0244-7758-4788-a32c-8c982e9623eb"],"known_intercepts_absent":true,"mode":"cancel-add-with-blocked-request","pending":0,"version":"157.0.1"}
{"cycle":4,"known_intercept_ids":["95aaa837-62df-4752-8f9b-7d7025b835ec"],"known_intercepts_absent":true,"mode":"cancel-clear","pending":0,"version":"157.0.1"}
{"cycle":4,"known_intercept_ids":["b4db464c-6574-4108-87f1-a3ee5341ce6e","8098bfd6-6818-41ed-aa0b-bdacfaeef9ec","5af3ec48-5d2d-41ae-817e-293b104e74b7"],"known_intercepts_absent":true,"mode":"cancel-phase-upgrade","pending":0,"version":"157.0.1"}
{"cycle":5,"known_intercept_ids":["5cb0e29a-9ddc-4921-87d2-94771d36b865"],"known_intercepts_absent":true,"mode":"cancel-add-with-blocked-request","pending":0,"version":"157.0.1"}
{"cycle":5,"known_intercept_ids":["3ffbd567-0120-44dd-ae2c-0b76adc1b089"],"known_intercepts_absent":true,"mode":"cancel-clear","pending":0,"version":"157.0.1"}
{"cycle":5,"known_intercept_ids":["c70fdbb0-744e-43c7-b924-cb55edf9b229","5c5bccec-4e9c-443b-bc34-a7f847641e56","f5abb583-5352-4191-a288-8d2c75a568a8"],"known_intercepts_absent":true,"mode":"cancel-phase-upgrade","pending":0,"version":"157.0.1"}
{"cycle":6,"known_intercept_ids":["54689abe-5c44-4c01-ad0e-3a9ec5653454"],"known_intercepts_absent":true,"mode":"cancel-add-with-blocked-request","pending":0,"version":"157.0.1"}
{"cycle":6,"known_intercept_ids":["df1188d6-7f24-40f1-8102-d5635aea043a"],"known_intercepts_absent":true,"mode":"cancel-clear","pending":0,"version":"157.0.1"}
{"cycle":6,"known_intercept_ids":["c3f0447d-7a29-4727-81cd-d953f5a84679","8c4c36ec-3880-4d23-85b5-778eb499aaec","f6f431b6-4abc-4fad-9698-97c874062fb3"],"known_intercepts_absent":true,"mode":"cancel-phase-upgrade","pending":0,"version":"157.0.1"}
{"cycle":7,"known_intercept_ids":["ff258e1b-c6a2-4fdd-84e2-2a60e5a52b5d"],"known_intercepts_absent":true,"mode":"cancel-add-with-blocked-request","pending":0,"version":"157.0.1"}
{"cycle":7,"known_intercept_ids":["bec17166-0db5-48c3-9eb0-82b5876adec4"],"known_intercepts_absent":true,"mode":"cancel-clear","pending":0,"version":"157.0.1"}
{"cycle":7,"known_intercept_ids":["630800e7-3698-40a7-aac6-cfc7eca9ab4c","65b65989-8704-4c4c-a677-6e2194651386","7ba5ae61-a6ac-4cd8-a5fc-8dc99ec83fca"],"known_intercepts_absent":true,"mode":"cancel-phase-upgrade","pending":0,"version":"157.0.1"}
{"cycle":8,"known_intercept_ids":["bb0be927-495b-4387-88a5-f52a32a0e3de"],"known_intercepts_absent":true,"mode":"cancel-add-with-blocked-request","pending":0,"version":"157.0.1"}
{"cycle":8,"known_intercept_ids":["934722ef-e668-4007-983d-fb6700d42f22"],"known_intercepts_absent":true,"mode":"cancel-clear","pending":0,"version":"157.0.1"}
{"cycle":8,"known_intercept_ids":["724a535e-f478-437d-b235-b7cc5549ae2b","10aa0afe-7d23-4ccb-af9f-3cc11001f04b","e07fc7fd-67a4-4da2-b1d6-e7fd99ed22d5"],"known_intercepts_absent":true,"mode":"cancel-phase-upgrade","pending":0,"version":"157.0.1"}
{"cycle":9,"known_intercept_ids":["5d691d34-d44c-435b-8bc0-11983b4b32f3"],"known_intercepts_absent":true,"mode":"cancel-add-with-blocked-request","pending":0,"version":"157.0.1"}
{"cycle":9,"known_intercept_ids":["d17eaaa4-ec65-4077-930f-62e418c32f3a"],"known_intercepts_absent":true,"mode":"cancel-clear","pending":0,"version":"157.0.1"}
{"cycle":9,"known_intercept_ids":["1c123a85-80c7-466f-ad51-405e47e1e503","67852604-c3bb-46d5-b389-77f54aa891f4","32462a90-fa70-44b4-aa7e-7ba39113f0fc"],"known_intercepts_absent":true,"mode":"cancel-phase-upgrade","pending":0,"version":"157.0.1"}
{"cycle":10,"known_intercept_ids":["6af3bdc1-4c1c-404d-8997-70eca28b734a"],"known_intercepts_absent":true,"mode":"cancel-add-with-blocked-request","pending":0,"version":"157.0.1"}
{"cycle":10,"known_intercept_ids":["b546344c-9fd6-498e-8a04-3c35cdb82571"],"known_intercepts_absent":true,"mode":"cancel-clear","pending":0,"version":"157.0.1"}
{"cycle":10,"known_intercept_ids":["5bbcbedb-c520-400e-8802-8ac073840142","bbdf3c96-272b-4826-a918-a3d004037d5d","b9c3a994-e826-4dd3-bcbb-24b7df2e2cd9"],"known_intercepts_absent":true,"mode":"cancel-phase-upgrade","pending":0,"version":"157.0.1"}
ok
test firefox_phase_expansion_keeps_prior_rules_usable_before_acknowledgment ... {"cycle":1,"known_intercept_ids":["3ac42792-008d-4753-8208-7a80b207b20a","337695cb-4385-4c27-83da-07e38d228489"],"known_intercepts_absent":true,"mode":"active-rules-during-phase-upgrade","pending":0,"version":"157.0.1"}
{"cycle":2,"known_intercept_ids":["f674e5b0-b7d7-4a9d-ba4b-dde404b502ee","0914f8ea-7144-4f13-b8c3-d9598e889da9"],"known_intercepts_absent":true,"mode":"active-rules-during-phase-upgrade","pending":0,"version":"157.0.1"}
{"cycle":3,"known_intercept_ids":["ed2eeb3f-3969-4c1e-8fba-97e6fe079ada","afd4c50b-ffbb-46e7-9cf8-5eb990f219db"],"known_intercepts_absent":true,"mode":"active-rules-during-phase-upgrade","pending":0,"version":"157.0.1"}
{"cycle":4,"known_intercept_ids":["6f221369-373b-4933-8418-152e9ad36b9c","b0ba659c-7f4a-40fc-938e-cc08fdf35295"],"known_intercepts_absent":true,"mode":"active-rules-during-phase-upgrade","pending":0,"version":"157.0.1"}
{"cycle":5,"known_intercept_ids":["7127d021-346f-439e-854c-8063655492a6","5ca9493b-035d-45ac-9499-e4e34abec4d0"],"known_intercepts_absent":true,"mode":"active-rules-during-phase-upgrade","pending":0,"version":"157.0.1"}
{"cycle":6,"known_intercept_ids":["317191bb-90af-4297-8ca2-019e70a89161","0b275204-56e4-49cb-964e-9d7f95f2d27e"],"known_intercepts_absent":true,"mode":"active-rules-during-phase-upgrade","pending":0,"version":"157.0.1"}
{"cycle":7,"known_intercept_ids":["cb9a9f2d-5ec6-41cd-ba5d-ce5ed2d11d49","3ad8e9ed-54d1-40d7-8697-88dcadf2df41"],"known_intercepts_absent":true,"mode":"active-rules-during-phase-upgrade","pending":0,"version":"157.0.1"}
{"cycle":8,"known_intercept_ids":["a6e46157-535a-42c8-8c01-5912049cea2c","19cac4a8-c7cf-4778-886c-6523ee31736c"],"known_intercepts_absent":true,"mode":"active-rules-during-phase-upgrade","pending":0,"version":"157.0.1"}
{"cycle":9,"known_intercept_ids":["aa358ce1-cf75-4f02-b2ec-cf7f5b256f87","3bfa72bc-2d2a-4ecf-b73b-2b7bc1588ca7"],"known_intercepts_absent":true,"mode":"active-rules-during-phase-upgrade","pending":0,"version":"157.0.1"}
{"cycle":10,"known_intercept_ids":["1a22060c-57dc-4b9f-85de-e62590314aef","d22eb183-9749-402c-901c-8aaad17023b2"],"known_intercepts_absent":true,"mode":"active-rules-during-phase-upgrade","pending":0,"version":"157.0.1"}
ok
test firefox_routing_phases_and_child_frame_requests_remain_functional ... {"cycle":1,"known_intercept_ids":["d100e4fd-7ccc-4237-ae53-988fbe2e3d5c","1773dc3f-404e-471b-9b0a-85646853c07a"],"known_intercepts_absent":true,"mode":"request-response-child-frame","pending":0,"version":"157.0.1"}
ok
test firefox_shared_handles_drop_and_close_retire_only_owned_intercepts ... {"cycle":1,"known_intercept_ids":["3563ced2-6fad-4ea0-b1d5-5a2ef5ab6859"],"known_intercepts_absent":true,"mode":"shared-handles-final-drop","pending":0,"version":"157.0.1"}
{"cycle":1,"known_intercept_ids":["c524a4df-d9f9-4610-9b73-17fcc8d2f7af"],"known_intercepts_absent":true,"mode":"page-close-retained-handles","pending":0,"version":"157.0.1"}
{"cycle":1,"known_intercept_ids":["20c43287-d516-4b5f-bb43-6fc518deeda6","ee86ba20-c731-4360-9a2f-a5431ee4f84a"],"known_intercepts_absent":true,"mode":"user-context-close-retained-pages","pending":0,"version":"157.0.1"}
{"cycle":2,"known_intercept_ids":["ecbcd55c-74c6-4567-a6d6-4a0a10dbaab3"],"known_intercepts_absent":true,"mode":"shared-handles-final-drop","pending":0,"version":"157.0.1"}
{"cycle":2,"known_intercept_ids":["88ad8494-3954-46ac-82d4-0d8afbbcc483"],"known_intercepts_absent":true,"mode":"page-close-retained-handles","pending":0,"version":"157.0.1"}
{"cycle":2,"known_intercept_ids":["375d9502-d8e4-47b3-94eb-9b854a4ad7d9","5703e11b-05ba-4c30-a5fb-6d553b44f911"],"known_intercepts_absent":true,"mode":"user-context-close-retained-pages","pending":0,"version":"157.0.1"}
{"cycle":3,"known_intercept_ids":["f53dcdb8-f7f0-429d-bb5c-62fe7441780b"],"known_intercepts_absent":true,"mode":"shared-handles-final-drop","pending":0,"version":"157.0.1"}
{"cycle":3,"known_intercept_ids":["88486527-ea75-4256-a639-d41a845e4060"],"known_intercepts_absent":true,"mode":"page-close-retained-handles","pending":0,"version":"157.0.1"}
{"cycle":3,"known_intercept_ids":["66f10f22-e582-4d7c-ae8f-bdaffb01bdea","f9938b8f-20be-4f5f-9011-9db6b7754707"],"known_intercepts_absent":true,"mode":"user-context-close-retained-pages","pending":0,"version":"157.0.1"}
{"cycle":4,"known_intercept_ids":["5291a7ac-08f7-4025-b97a-335cb5fb5efb"],"known_intercepts_absent":true,"mode":"shared-handles-final-drop","pending":0,"version":"157.0.1"}
{"cycle":4,"known_intercept_ids":["7b56bcc6-97a3-4efc-9207-83361527d5ad"],"known_intercepts_absent":true,"mode":"page-close-retained-handles","pending":0,"version":"157.0.1"}
{"cycle":4,"known_intercept_ids":["b85422aa-2f2c-40b6-96fd-3bbb65a78761","269cbec1-e47c-42ff-87cd-be1604cf859a"],"known_intercepts_absent":true,"mode":"user-context-close-retained-pages","pending":0,"version":"157.0.1"}
{"cycle":5,"known_intercept_ids":["7491bdee-0706-462d-966c-f229a8006363"],"known_intercepts_absent":true,"mode":"shared-handles-final-drop","pending":0,"version":"157.0.1"}
{"cycle":5,"known_intercept_ids":["69589236-a513-4e47-8183-380fe2a827d4"],"known_intercepts_absent":true,"mode":"page-close-retained-handles","pending":0,"version":"157.0.1"}
{"cycle":5,"known_intercept_ids":["82414621-90f1-4d71-a17b-3eb88fe67b09","b24e141e-ac43-4540-b2b8-b6a6e3a6877d"],"known_intercepts_absent":true,"mode":"user-context-close-retained-pages","pending":0,"version":"157.0.1"}
{"cycle":6,"known_intercept_ids":["1602a3c8-9369-4cfd-9edc-b6d0835e51c8"],"known_intercepts_absent":true,"mode":"shared-handles-final-drop","pending":0,"version":"157.0.1"}
{"cycle":6,"known_intercept_ids":["a508186e-4f99-483d-ba68-d41851ba834d"],"known_intercepts_absent":true,"mode":"page-close-retained-handles","pending":0,"version":"157.0.1"}
{"cycle":6,"known_intercept_ids":["1822f66f-96a4-4c19-9a7f-55bb89011b36","89783dc0-3c68-4029-8940-0e8338169bb1"],"known_intercepts_absent":true,"mode":"user-context-close-retained-pages","pending":0,"version":"157.0.1"}
{"cycle":7,"known_intercept_ids":["b0651cb8-4707-4b36-9c53-46deda342e6a"],"known_intercepts_absent":true,"mode":"shared-handles-final-drop","pending":0,"version":"157.0.1"}
{"cycle":7,"known_intercept_ids":["fcaedaf6-815f-4858-940e-0e45f2b56647"],"known_intercepts_absent":true,"mode":"page-close-retained-handles","pending":0,"version":"157.0.1"}
{"cycle":7,"known_intercept_ids":["655c4855-ed81-44e5-950b-a1c00ba35cd9","e07d0b2e-39a4-4a4c-8043-2407e13d1a44"],"known_intercepts_absent":true,"mode":"user-context-close-retained-pages","pending":0,"version":"157.0.1"}
{"cycle":8,"known_intercept_ids":["3d7e9ca3-3d9c-4aa4-8119-cebf2a171c05"],"known_intercepts_absent":true,"mode":"shared-handles-final-drop","pending":0,"version":"157.0.1"}
{"cycle":8,"known_intercept_ids":["7bacba41-9967-4085-809e-f198d27584a7"],"known_intercepts_absent":true,"mode":"page-close-retained-handles","pending":0,"version":"157.0.1"}
{"cycle":8,"known_intercept_ids":["f1524b74-1c67-4610-966d-a43cee6fad73","6427f1e8-a525-4c01-895a-7f399e1ba53c"],"known_intercepts_absent":true,"mode":"user-context-close-retained-pages","pending":0,"version":"157.0.1"}
{"cycle":9,"known_intercept_ids":["dde42ddd-e7b3-4da4-a828-ce9adbe739bc"],"known_intercepts_absent":true,"mode":"shared-handles-final-drop","pending":0,"version":"157.0.1"}
{"cycle":9,"known_intercept_ids":["6b569e35-0256-4d69-9ff8-b3a3c53890f6"],"known_intercepts_absent":true,"mode":"page-close-retained-handles","pending":0,"version":"157.0.1"}
{"cycle":9,"known_intercept_ids":["af1b8a4f-1b69-414e-bd1c-e7af642acd9a","08c734de-7026-4178-b8bb-ecc9a6980d84"],"known_intercepts_absent":true,"mode":"user-context-close-retained-pages","pending":0,"version":"157.0.1"}
{"cycle":10,"known_intercept_ids":["9971276f-82fa-43da-bf6d-1599e6776cea"],"known_intercepts_absent":true,"mode":"shared-handles-final-drop","pending":0,"version":"157.0.1"}
{"cycle":10,"known_intercept_ids":["fca51411-94cd-4906-ab2d-bf1af59268aa"],"known_intercepts_absent":true,"mode":"page-close-retained-handles","pending":0,"version":"157.0.1"}
{"cycle":10,"known_intercept_ids":["cf431499-3e90-4f4e-aa7b-71d266c4480e","f587e150-3361-468c-8bc0-dd79416f402f"],"known_intercepts_absent":true,"mode":"user-context-close-retained-pages","pending":0,"version":"157.0.1"}
ok

test result: ok. 4 passed; 0 failed; 0 ignored; 0 measured; 0 filtered out; finished in 28.79s

