[1m[92m   Compiling[0m rustwright-integration-tests v0.1.0 (/home/runner/work/rustwright/rustwright/tests)
[1m[92m    Finished[0m `test` profile [unoptimized + debuginfo] target(s) in 1.53s
[1m[92m     Running[0m http_disconnect.rs (target/debug/deps/http_disconnect-361a0c13e0bab97a)

running 2 tests
test chrome_process_loss_and_manual_restart ... {"cleanup_ms":19.411166,"cycle":1,"engine":"chrome","event_channel_closed":true,"pending_after_loss":0,"pid":42704,"root_exited":true,"version":"Chrome/155.0.8059.39","wake_ms":19.193575}
{"cleanup_ms":19.638876,"cycle":2,"engine":"chrome","event_channel_closed":true,"pending_after_loss":0,"pid":42886,"root_exited":true,"version":"Chrome/155.0.8059.39","wake_ms":19.396628}
{"cleanup_ms":27.064155,"cycle":3,"engine":"chrome","event_channel_closed":true,"pending_after_loss":0,"pid":43064,"root_exited":true,"version":"Chrome/155.0.8059.39","wake_ms":26.320349999999998}
{"cleanup_ms":16.596657,"cycle":4,"engine":"chrome","event_channel_closed":true,"pending_after_loss":0,"pid":43241,"root_exited":true,"version":"Chrome/155.0.8059.39","wake_ms":13.438469999999999}
{"cleanup_ms":25.843128,"cycle":5,"engine":"chrome","event_channel_closed":true,"pending_after_loss":0,"pid":43419,"root_exited":true,"version":"Chrome/155.0.8059.39","wake_ms":25.716679}
{"cleanup_ms":21.516613,"cycle":6,"engine":"chrome","event_channel_closed":true,"pending_after_loss":0,"pid":43596,"root_exited":true,"version":"Chrome/155.0.8059.39","wake_ms":21.387408999999998}
{"cleanup_ms":18.103084,"cycle":7,"engine":"chrome","event_channel_closed":true,"pending_after_loss":0,"pid":43775,"root_exited":true,"version":"Chrome/155.0.8059.39","wake_ms":17.978158}
{"cleanup_ms":22.004689000000003,"cycle":8,"engine":"chrome","event_channel_closed":true,"pending_after_loss":0,"pid":43953,"root_exited":true,"version":"Chrome/155.0.8059.39","wake_ms":21.869403}
{"cleanup_ms":26.665418,"cycle":9,"engine":"chrome","event_channel_closed":true,"pending_after_loss":0,"pid":44129,"root_exited":true,"version":"Chrome/155.0.8059.39","wake_ms":26.520784}
{"cleanup_ms":20.097212,"cycle":10,"engine":"chrome","event_channel_closed":true,"pending_after_loss":0,"pid":44307,"root_exited":true,"version":"Chrome/155.0.8059.39","wake_ms":19.805701}
{"cleanup_ms":20.917454,"cycle":11,"engine":"chrome","event_channel_closed":true,"pending_after_loss":0,"pid":44485,"root_exited":true,"version":"Chrome/155.0.8059.39","wake_ms":20.782188}
{"cleanup_ms":19.066816,"cycle":12,"engine":"chrome","event_channel_closed":true,"pending_after_loss":0,"pid":44662,"root_exited":true,"version":"Chrome/155.0.8059.39","wake_ms":18.92087}
{"cleanup_ms":15.522938,"cycle":13,"engine":"chrome","event_channel_closed":true,"pending_after_loss":0,"pid":44842,"root_exited":true,"version":"Chrome/155.0.8059.39","wake_ms":15.389175}
{"cleanup_ms":26.724059,"cycle":14,"engine":"chrome","event_channel_closed":true,"pending_after_loss":0,"pid":45018,"root_exited":true,"version":"Chrome/155.0.8059.39","wake_ms":26.585146}
{"cleanup_ms":24.576141,"cycle":15,"engine":"chrome","event_channel_closed":true,"pending_after_loss":0,"pid":45195,"root_exited":true,"version":"Chrome/155.0.8059.39","wake_ms":24.437849}
{"cleanup_ms":19.019765,"cycle":16,"engine":"chrome","event_channel_closed":true,"pending_after_loss":0,"pid":45373,"root_exited":true,"version":"Chrome/155.0.8059.39","wake_ms":18.896102000000003}
{"cleanup_ms":21.033233,"cycle":17,"engine":"chrome","event_channel_closed":true,"pending_after_loss":0,"pid":45549,"root_exited":true,"version":"Chrome/155.0.8059.39","wake_ms":20.87808}
{"cleanup_ms":21.759112000000002,"cycle":18,"engine":"chrome","event_channel_closed":true,"pending_after_loss":0,"pid":45726,"root_exited":true,"version":"Chrome/155.0.8059.39","wake_ms":21.633946}
{"cleanup_ms":15.325277,"cycle":19,"engine":"chrome","event_channel_closed":true,"pending_after_loss":0,"pid":45903,"root_exited":true,"version":"Chrome/155.0.8059.39","wake_ms":15.187106}
{"cleanup_ms":23.781198,"cycle":20,"engine":"chrome","event_channel_closed":true,"pending_after_loss":0,"pid":46082,"root_exited":true,"version":"Chrome/155.0.8059.39","wake_ms":22.963172}
{"cleanup_ms":19.242783,"cycle":21,"engine":"chrome","event_channel_closed":true,"pending_after_loss":0,"pid":46261,"root_exited":true,"version":"Chrome/155.0.8059.39","wake_ms":19.111475}
{"cleanup_ms":23.266755,"cycle":22,"engine":"chrome","event_channel_closed":true,"pending_after_loss":0,"pid":46439,"root_exited":true,"version":"Chrome/155.0.8059.39","wake_ms":23.137121}
{"cleanup_ms":17.052455000000002,"cycle":23,"engine":"chrome","event_channel_closed":true,"pending_after_loss":0,"pid":46618,"root_exited":true,"version":"Chrome/155.0.8059.39","wake_ms":16.923009999999998}
{"cleanup_ms":12.613058,"cycle":24,"engine":"chrome","event_channel_closed":true,"pending_after_loss":0,"pid":46797,"root_exited":true,"version":"Chrome/155.0.8059.39","wake_ms":12.4817}
{"cleanup_ms":21.925231,"cycle":25,"engine":"chrome","event_channel_closed":true,"pending_after_loss":0,"pid":46975,"root_exited":true,"version":"Chrome/155.0.8059.39","wake_ms":21.711046}
ok
test firefox_process_loss_and_manual_restart ... {"cleanup_ms":31.827085999999998,"cycle":1,"engine":"firefox","event_channel_closed":true,"pending_after_loss":0,"pid":47155,"root_exited":true,"version":"157.0.1","wake_ms":31.258451}
{"cleanup_ms":27.469244,"cycle":2,"engine":"firefox","event_channel_closed":true,"pending_after_loss":0,"pid":47417,"root_exited":true,"version":"157.0.1","wake_ms":26.891453}
{"cleanup_ms":29.118791,"cycle":3,"engine":"firefox","event_channel_closed":true,"pending_after_loss":0,"pid":47679,"root_exited":true,"version":"157.0.1","wake_ms":28.069332999999997}
{"cleanup_ms":35.129142,"cycle":4,"engine":"firefox","event_channel_closed":true,"pending_after_loss":0,"pid":47978,"root_exited":true,"version":"157.0.1","wake_ms":34.519152}
{"cleanup_ms":32.366825,"cycle":5,"engine":"firefox","event_channel_closed":true,"pending_after_loss":0,"pid":48297,"root_exited":true,"version":"157.0.1","wake_ms":30.976854000000003}
{"cleanup_ms":32.282277,"cycle":6,"engine":"firefox","event_channel_closed":true,"pending_after_loss":0,"pid":48593,"root_exited":true,"version":"157.0.1","wake_ms":31.672485}
{"cleanup_ms":31.338695,"cycle":7,"engine":"firefox","event_channel_closed":true,"pending_after_loss":0,"pid":48934,"root_exited":true,"version":"157.0.1","wake_ms":30.741709}
{"cleanup_ms":26.300978999999998,"cycle":8,"engine":"firefox","event_channel_closed":true,"pending_after_loss":0,"pid":49235,"root_exited":true,"version":"157.0.1","wake_ms":25.712388999999998}
{"cleanup_ms":35.022863,"cycle":9,"engine":"firefox","event_channel_closed":true,"pending_after_loss":0,"pid":49581,"root_exited":true,"version":"157.0.1","wake_ms":34.546172999999996}
{"cleanup_ms":30.307067,"cycle":10,"engine":"firefox","event_channel_closed":true,"pending_after_loss":0,"pid":49836,"root_exited":true,"version":"157.0.1","wake_ms":29.25433}
{"cleanup_ms":27.631508,"cycle":11,"engine":"firefox","event_channel_closed":true,"pending_after_loss":0,"pid":50165,"root_exited":true,"version":"157.0.1","wake_ms":27.013827}
{"cleanup_ms":28.668318000000003,"cycle":12,"engine":"firefox","event_channel_closed":true,"pending_after_loss":0,"pid":50435,"root_exited":true,"version":"157.0.1","wake_ms":28.218873}
{"cleanup_ms":27.671523,"cycle":13,"engine":"firefox","event_channel_closed":true,"pending_after_loss":0,"pid":50764,"root_exited":true,"version":"157.0.1","wake_ms":27.157011}
{"cleanup_ms":27.393951,"cycle":14,"engine":"firefox","event_channel_closed":true,"pending_after_loss":0,"pid":51061,"root_exited":true,"version":"157.0.1","wake_ms":26.851196}
{"cleanup_ms":26.412243,"cycle":15,"engine":"firefox","event_channel_closed":true,"pending_after_loss":0,"pid":51329,"root_exited":true,"version":"157.0.1","wake_ms":25.598688000000003}
{"cleanup_ms":35.472845,"cycle":16,"engine":"firefox","event_channel_closed":true,"pending_after_loss":0,"pid":51634,"root_exited":true,"version":"157.0.1","wake_ms":35.036080999999996}
{"cleanup_ms":31.204279,"cycle":17,"engine":"firefox","event_channel_closed":true,"pending_after_loss":0,"pid":51966,"root_exited":true,"version":"157.0.1","wake_ms":30.44686}
{"cleanup_ms":30.493105999999997,"cycle":18,"engine":"firefox","event_channel_closed":true,"pending_after_loss":0,"pid":52230,"root_exited":true,"version":"157.0.1","wake_ms":29.880881000000002}
{"cleanup_ms":38.07829,"cycle":19,"engine":"firefox","event_channel_closed":true,"pending_after_loss":0,"pid":52478,"root_exited":true,"version":"157.0.1","wake_ms":37.44166}
{"cleanup_ms":34.865370999999996,"cycle":20,"engine":"firefox","event_channel_closed":true,"pending_after_loss":0,"pid":52772,"root_exited":true,"version":"157.0.1","wake_ms":34.179518}
{"cleanup_ms":30.797763999999997,"cycle":21,"engine":"firefox","event_channel_closed":true,"pending_after_loss":0,"pid":53112,"root_exited":true,"version":"157.0.1","wake_ms":30.029846}
{"cleanup_ms":36.055367,"cycle":22,"engine":"firefox","event_channel_closed":true,"pending_after_loss":0,"pid":53388,"root_exited":true,"version":"157.0.1","wake_ms":34.980560000000004}
{"cleanup_ms":30.756815,"cycle":23,"engine":"firefox","event_channel_closed":true,"pending_after_loss":0,"pid":53669,"root_exited":true,"version":"157.0.1","wake_ms":30.035639999999997}
{"cleanup_ms":31.782860000000003,"cycle":24,"engine":"firefox","event_channel_closed":true,"pending_after_loss":0,"pid":53960,"root_exited":true,"version":"157.0.1","wake_ms":31.041396}
{"cleanup_ms":32.546437999999995,"cycle":25,"engine":"firefox","event_channel_closed":true,"pending_after_loss":0,"pid":54238,"root_exited":true,"version":"157.0.1","wake_ms":32.030665}
ok

test result: ok. 2 passed; 0 failed; 0 ignored; 0 measured; 0 filtered out; finished in 66.71s

