[1m[93mwarning[0m[1m[97m: function `find_on_path` is never used[0m
   [1m[96m--> [0mcrates\rustwright-browser\src\discovery.rs:179:8
    [1m[96m|[0m
[1m[96m179[0m [1m[96m|[0m pub fn find_on_path(name: &str) -> Vec<PathBuf> {
    [1m[96m|[0m        [1m[93m^^^^^^^^^^^^[0m
    [1m[96m|[0m
    [1m[96m= [0m[1m[97mnote[0m: `#[warn(dead_code)]` (part of `#[warn(unused)]`) on by default

[1m[93mwarning[0m[1m[97m: function `executable_name` is never used[0m
   [1m[96m--> [0mcrates\rustwright-browser\src\discovery.rs:197:4
    [1m[96m|[0m
[1m[96m197[0m [1m[96m|[0m fn executable_name(name: &str) -> String {
    [1m[96m|[0m    [1m[93m^^^^^^^^^^^^^^^[0m

[1m[93mwarning[0m: `rustwright-browser` (lib) generated 2 warnings
[1m[92m   Compiling[0m rustwright-integration-tests v0.1.0 (D:\a\rustwright\rustwright\tests)
[1m[92m    Finished[0m `test` profile [unoptimized + debuginfo] target(s) in 3.51s
[1m[92m     Running[0m http_actionability.rs (target\debug\deps\http_actionability-3de101d1a26e49b6.exe)

running 12 tests
test chrome_blocked_prepare_timeout ... Chrome version: Chrome/155.0.8059.39
ok
test chrome_disabled_aria_ancestor ... Chrome version: Chrome/155.0.8059.39
ok
test chrome_disabled_fieldset ... Chrome version: Chrome/155.0.8059.39
ok
test chrome_disabled_timeout ... Chrome version: Chrome/155.0.8059.39
ok
test chrome_move_on_hover ... Chrome version: Chrome/155.0.8059.39
ok
test chrome_transient_overlay ... Chrome version: Chrome/155.0.8059.39
ok
test firefox_blocked_prepare_timeout ... Firefox version: Some("157.0.1")
ok
test firefox_disabled_aria_ancestor ... Firefox version: Some("157.0.1")
ok
test firefox_disabled_fieldset ... Firefox version: Some("157.0.1")
ok
test firefox_disabled_timeout ... Firefox version: Some("157.0.1")
ok
test firefox_move_on_hover ... Firefox version: Some("157.0.1")
ok
test firefox_transient_overlay ... Firefox version: Some("157.0.1")
ok

test result: ok. 12 passed; 0 failed; 0 ignored; 0 measured; 0 filtered out; finished in 52.06s

