2026-10-09T16:18:58.1445320Z Current runner version: '2.337.0'
2026-10-09T16:18:58.1466972Z ##[group]Runner Image Provisioner
2026-10-09T16:18:58.1467790Z Hosted Compute Agent
2026-10-09T16:18:58.1468282Z Version: 20261002.596
2026-10-09T16:18:58.1468790Z Commit: c3d12f3313a95f25162a1503be624f3b0617f8c0
2026-10-09T16:18:58.1469467Z Build Date: 2026-10-02T22:28:27Z
2026-10-09T16:18:58.1470103Z Worker ID: {b615f800-fbb2-422d-99d4-be0ab4f18c60}
2026-10-09T16:18:58.1470918Z Region: westus3
2026-10-09T16:18:58.1471379Z Cloud: Azure
2026-10-09T16:18:58.1471816Z ##[endgroup]
2026-10-09T16:18:58.1472973Z ##[group]Operating System
2026-10-09T16:18:58.1473526Z Ubuntu
2026-10-09T16:18:58.1474007Z 24.04.5
2026-10-09T16:18:58.1474456Z LTS
2026-10-09T16:18:58.1474890Z ##[endgroup]
2026-10-09T16:18:58.1475387Z ##[group]Runner Image
2026-10-09T16:18:58.1475947Z Image: ubuntu-24.04
2026-10-09T16:18:58.1476435Z Version: 20261004.327.1
2026-10-09T16:18:58.1477482Z Included Software: https://github.com/actions/runner-images/blob/ubuntu24/20261004.327/images/ubuntu/Ubuntu2404-Readme.md
2026-10-09T16:18:58.1478738Z Image Release: https://github.com/actions/runner-images/releases/tag/ubuntu24%2F20261004.327
2026-10-09T16:18:58.1479671Z ##[endgroup]
2026-10-09T16:18:58.1480738Z ##[group]GITHUB_TOKEN Permissions
2026-10-09T16:18:58.1482324Z Contents: read
2026-10-09T16:18:58.1482892Z Metadata: read
2026-10-09T16:18:58.1483405Z ##[endgroup]
2026-10-09T16:18:58.1485100Z Secret source: Actions
2026-10-09T16:18:58.1485958Z Cache mode: write
2026-10-09T16:18:58.1486734Z Prepare workflow directory
2026-10-09T16:18:58.1800175Z Prepare all required actions
2026-10-09T16:18:58.1838861Z Getting action download info
2026-10-09T16:18:58.5318797Z Download action repository 'actions/checkout@v5' (SHA:fbc6f3992d24b796d5a048ff273f7fcc4a7b6c09)
2026-10-09T16:18:59.3885756Z Download action repository 'dtolnay/rust-toolchain@stable' (SHA:686976e191b89faba57d3206551f0f330d8cb249)
2026-10-09T16:18:59.6241177Z Download action repository 'Swatinem/rust-cache@v2' (SHA:6323deb102c322ba6fcbdcafc7e3dddab59af2b6)
2026-10-09T16:19:00.4991241Z Download action repository 'actions/setup-python@v6' (SHA:ece7cb06caefa5fff74198d8649806c4678c61a1)
2026-10-09T16:19:00.7615508Z Download action repository 'browser-actions/setup-chrome@v2' (SHA:48ad923757ca74d66703209fe939badbdf80f2f4)
2026-10-09T16:19:01.2024023Z Download action repository 'browser-actions/setup-firefox@v1' (SHA:0bc507ddf224827e3b1af68e014d5e42ab93e795)
2026-10-09T16:19:01.6865577Z Download action repository 'actions/upload-artifact@v4' (SHA:ea165f8d65b6e75b540449e92b4886f43607fa02)
2026-10-09T16:19:01.9547042Z Complete job name: Required Chrome + Firefox / ubuntu-latest
2026-10-09T16:19:02.0165824Z ##[group]Run actions/checkout@v5
2026-10-09T16:19:02.0166285Z with:
2026-10-09T16:19:02.0166486Z   repository: rsasaki0109/rustwright
2026-10-09T16:19:02.0168833Z   token: ***
2026-10-09T16:19:02.0169033Z   ssh-strict: true
2026-10-09T16:19:02.0169216Z   ssh-user: git
2026-10-09T16:19:02.0169405Z   persist-credentials: true
2026-10-09T16:19:02.0169628Z   clean: true
2026-10-09T16:19:02.0169839Z   sparse-checkout-cone-mode: true
2026-10-09T16:19:02.0170053Z   fetch-depth: 1
2026-10-09T16:19:02.0170231Z   fetch-tags: false
2026-10-09T16:19:02.0170409Z   show-progress: true
2026-10-09T16:19:02.0170857Z   lfs: false
2026-10-09T16:19:02.0171073Z   submodules: false
2026-10-09T16:19:02.0171251Z   set-safe-directory: true
2026-10-09T16:19:02.0171459Z   allow-unsafe-pr-checkout: false
2026-10-09T16:19:02.0171881Z env:
2026-10-09T16:19:02.0172052Z   CARGO_TERM_COLOR: always
2026-10-09T16:19:02.0172242Z   RUST_BACKTRACE: 1
2026-10-09T16:19:02.0172415Z ##[endgroup]
2026-10-09T16:19:02.1021385Z Syncing repository: rsasaki0109/rustwright
2026-10-09T16:19:02.1023144Z ##[group]Getting Git version info
2026-10-09T16:19:02.1023686Z Working directory is '/home/runner/work/rustwright/rustwright'
2026-10-09T16:19:02.1024546Z [command]/usr/bin/git version
2026-10-09T16:19:02.1059411Z git version 2.55.0
2026-10-09T16:19:02.1077060Z ##[endgroup]
2026-10-09T16:19:02.1089487Z Temporarily overriding HOME='/home/runner/work/_temp/90841328-9115-412e-896e-69dc147a171f' before making global git config changes
2026-10-09T16:19:02.1090787Z Adding repository directory to the temporary git global config as a safe directory
2026-10-09T16:19:02.1094520Z [command]/usr/bin/git config --global --add safe.directory /home/runner/work/rustwright/rustwright
2026-10-09T16:19:02.1151475Z Deleting the contents of '/home/runner/work/rustwright/rustwright'
2026-10-09T16:19:02.1153142Z ##[group]Initializing the repository
2026-10-09T16:19:02.1154502Z [command]/usr/bin/git init /home/runner/work/rustwright/rustwright
2026-10-09T16:19:02.1246973Z hint: Using 'master' as the name for the initial branch. This default branch name
2026-10-09T16:19:02.1247966Z hint: will change to "main" in Git 3.0. To configure the initial branch name
2026-10-09T16:19:02.1248872Z hint: to use in all of your new repositories, which will suppress this warning,
2026-10-09T16:19:02.1249503Z hint: call:
2026-10-09T16:19:02.1249909Z hint:
2026-10-09T16:19:02.1250444Z hint: 	git config --global init.defaultBranch <name>
2026-10-09T16:19:02.1251414Z hint:
2026-10-09T16:19:02.1251861Z hint: Names commonly chosen instead of 'master' are 'main', 'trunk' and
2026-10-09T16:19:02.1252536Z hint: 'development'. The just-created branch can be renamed via this command:
2026-10-09T16:19:02.1253006Z hint:
2026-10-09T16:19:02.1253274Z hint: 	git branch -m <name>
2026-10-09T16:19:02.1253548Z hint:
2026-10-09T16:19:02.1253955Z hint: Disable this message with "git config set advice.defaultBranchName false"
2026-10-09T16:19:02.1255053Z Initialized empty Git repository in /home/runner/work/rustwright/rustwright/.git/
2026-10-09T16:19:02.1262446Z [command]/usr/bin/git remote add origin https://github.com/rsasaki0109/rustwright
2026-10-09T16:19:02.1306158Z ##[endgroup]
2026-10-09T16:19:02.1306657Z ##[group]Disabling automatic garbage collection
2026-10-09T16:19:02.1310910Z [command]/usr/bin/git config --local gc.auto 0
2026-10-09T16:19:02.1340422Z ##[endgroup]
2026-10-09T16:19:02.1341129Z ##[group]Setting up auth
2026-10-09T16:19:02.1347859Z [command]/usr/bin/git config --local --name-only --get-regexp core\.sshCommand
2026-10-09T16:19:02.1379372Z [command]/usr/bin/git submodule foreach --recursive sh -c "git config --local --name-only --get-regexp 'core\.sshCommand' && git config --local --unset-all 'core.sshCommand' || :"
2026-10-09T16:19:02.2167378Z [command]/usr/bin/git config --local --name-only --get-regexp http\.https\:\/\/github\.com\/\.extraheader
2026-10-09T16:19:02.2202047Z [command]/usr/bin/git submodule foreach --recursive sh -c "git config --local --name-only --get-regexp 'http\.https\:\/\/github\.com\/\.extraheader' && git config --local --unset-all 'http.https://github.com/.extraheader' || :"
2026-10-09T16:19:02.2416741Z [command]/usr/bin/git config --local --name-only --get-regexp ^includeIf\.gitdir:
2026-10-09T16:19:02.2448461Z [command]/usr/bin/git submodule foreach --recursive git config --local --show-origin --name-only --get-regexp remote.origin.url
2026-10-09T16:19:02.2646923Z [command]/usr/bin/git config --local http.https://github.com/.extraheader AUTHORIZATION: basic ***
2026-10-09T16:19:02.2684110Z ##[endgroup]
2026-10-09T16:19:02.2684825Z ##[group]Fetching the repository
2026-10-09T16:19:02.2692884Z [command]/usr/bin/git -c protocol.version=2 fetch --no-tags --prune --no-recurse-submodules --depth=1 origin +dd07b64ac2141a71f90457b67e0022aa339f4eee:refs/remotes/pull/1/merge
2026-10-09T16:19:03.6557885Z From https://github.com/rsasaki0109/rustwright
2026-10-09T16:19:03.6558560Z  * [new ref]         dd07b64ac2141a71f90457b67e0022aa339f4eee -> pull/1/merge
2026-10-09T16:19:03.6561030Z ##[endgroup]
2026-10-09T16:19:03.6561727Z ##[group]Determining the checkout info
2026-10-09T16:19:03.6568226Z ##[endgroup]
2026-10-09T16:19:03.6569029Z [command]/usr/bin/git sparse-checkout disable
2026-10-09T16:19:03.6632086Z [command]/usr/bin/git config --local --unset-all extensions.worktreeConfig
2026-10-09T16:19:03.6660003Z ##[group]Checking out the ref
2026-10-09T16:19:03.6664584Z [command]/usr/bin/git checkout --progress --force refs/remotes/pull/1/merge
2026-10-09T16:19:03.7449720Z Note: switching to 'refs/remotes/pull/1/merge'.
2026-10-09T16:19:03.7458305Z 
2026-10-09T16:19:03.7458608Z You are in 'detached HEAD' state. You can look around, make experimental
2026-10-09T16:19:03.7459508Z changes and commit them, and you can discard any commits you make in this
2026-10-09T16:19:03.7460249Z state without impacting any branches by switching back to a branch.
2026-10-09T16:19:03.7460720Z 
2026-10-09T16:19:03.7461016Z If you want to create a new branch to retain commits you create, you may
2026-10-09T16:19:03.7461527Z do so (now or later) by using -c with the switch command. Example:
2026-10-09T16:19:03.7461815Z 
2026-10-09T16:19:03.7461943Z   git switch -c <new-branch-name>
2026-10-09T16:19:03.7462150Z 
2026-10-09T16:19:03.7462289Z Or undo this operation with:
2026-10-09T16:19:03.7462471Z 
2026-10-09T16:19:03.7462580Z   git switch -
2026-10-09T16:19:03.7462758Z 
2026-10-09T16:19:03.7463010Z Turn off this advice by setting config variable advice.detachedHead to false
2026-10-09T16:19:03.7463361Z 
2026-10-09T16:19:03.7463740Z HEAD is now at dd07b64 Merge b8710c968bf0d4f5efbc27843f80fc876aa812d1 into 91e72af388d000266c9b4e7567a3e1fe4007fc33
2026-10-09T16:19:03.7465148Z ##[endgroup]
2026-10-09T16:19:03.7505455Z [command]/usr/bin/git log -1 --format=%H
2026-10-09T16:19:03.7529793Z dd07b64ac2141a71f90457b67e0022aa339f4eee
2026-10-09T16:19:03.8121947Z ##[group]Run dtolnay/rust-toolchain@stable
2026-10-09T16:19:03.8122232Z with:
2026-10-09T16:19:03.8122407Z   toolchain: stable
2026-10-09T16:19:03.8122592Z env:
2026-10-09T16:19:03.8122753Z   CARGO_TERM_COLOR: always
2026-10-09T16:19:03.8122942Z   RUST_BACKTRACE: 1
2026-10-09T16:19:03.8123110Z ##[endgroup]
2026-10-09T16:19:03.8177081Z ##[start-action display=Parse toolchain version;id=__dtolnay_rust-toolchain.parse]
2026-10-09T16:19:03.9024155Z ##[group]Run if [[ -z $toolchain ]]; then
2026-10-09T16:19:03.9024548Z [36;1mif [[ -z $toolchain ]]; then[0m
2026-10-09T16:19:03.9025017Z [36;1m  # GitHub does not enforce `required: true` inputs itself. https://github.com/actions/runner/issues/1070[0m
2026-10-09T16:19:03.9025493Z [36;1m  echo "'toolchain' is a required input" >&2[0m
2026-10-09T16:19:03.9025743Z [36;1m  exit 1[0m
2026-10-09T16:19:03.9026022Z [36;1melif [[ $toolchain =~ ^stable' '[0-9]+' '(year|month|week|day)s?' 'ago$ ]]; then[0m
2026-10-09T16:19:03.9026414Z [36;1m  if [[ Linux == macOS ]]; then[0m
2026-10-09T16:19:03.9026845Z [36;1m    echo "toolchain=1.$((($(date -v-$(sed 's/stable \([0-9]*\) \(.\).*/\1\2/' <<< $toolchain) +%s)/60/60/24-16569)/7/6))" >> $GITHUB_OUTPUT[0m
2026-10-09T16:19:03.9027344Z [36;1m  else[0m
2026-10-09T16:19:03.9027820Z [36;1m    echo "toolchain=1.$((($(date --date "${toolchain#stable }" +%s)/60/60/24-16569)/7/6))" >> $GITHUB_OUTPUT[0m
2026-10-09T16:19:03.9028195Z [36;1m  fi[0m
2026-10-09T16:19:03.9028453Z [36;1melif [[ $toolchain =~ ^stable' 'minus' '[0-9]+' 'releases?$ ]]; then[0m
2026-10-09T16:19:03.9028888Z [36;1m  echo "toolchain=1.$((($(date +%s)/60/60/24-16569)/7/6-${toolchain//[^0-9]/}))" >> $GITHUB_OUTPUT[0m
2026-10-09T16:19:03.9029255Z [36;1melif [[ $toolchain =~ ^1\.[0-9]+$ ]]; then[0m
2026-10-09T16:19:03.9029691Z [36;1m  echo "toolchain=1.$((i=${toolchain#1.}, c=($(date +%s)/60/60/24-16569)/7/6, i+9*i*(10*i<=c)+90*i*(100*i<=c)))" >> $GITHUB_OUTPUT[0m
2026-10-09T16:19:03.9030083Z [36;1melse[0m
2026-10-09T16:19:03.9030262Z [36;1m  delimiter=EOF[0m
2026-10-09T16:19:03.9030632Z [36;1m  while [[ $toolchain == *$delimiter* ]]; do delimiter+=_; done[0m
2026-10-09T16:19:03.9031037Z [36;1m  printf 'toolchain<<%s\n%s\n%s\n' "$delimiter" "$toolchain" "$delimiter" >> $GITHUB_OUTPUT[0m
2026-10-09T16:19:03.9031419Z [36;1mfi[0m
2026-10-09T16:19:03.9808886Z shell: /usr/bin/bash --noprofile --norc -e -o pipefail {0}
2026-10-09T16:19:03.9809377Z env:
2026-10-09T16:19:03.9809583Z   CARGO_TERM_COLOR: always
2026-10-09T16:19:03.9809884Z   RUST_BACKTRACE: 1
2026-10-09T16:19:03.9810380Z   toolchain: stable
2026-10-09T16:19:03.9810765Z ##[endgroup]
2026-10-09T16:19:03.9938401Z ##[end-action id=__dtolnay_rust-toolchain.parse;outcome=success;conclusion=success;duration_ms=176]
2026-10-09T16:19:03.9942613Z ##[start-action display=Set $CARGO_HOME;id=__dtolnay_rust-toolchain.__run]
2026-10-09T16:19:03.9975411Z ##[group]Run echo CARGO_HOME=${CARGO_HOME:-"$HOME/.cargo"} >> $GITHUB_ENV
2026-10-09T16:19:03.9975822Z [36;1mecho CARGO_HOME=${CARGO_HOME:-"$HOME/.cargo"} >> $GITHUB_ENV[0m
2026-10-09T16:19:04.0030496Z shell: /usr/bin/bash --noprofile --norc -e -o pipefail {0}
2026-10-09T16:19:04.0030926Z env:
2026-10-09T16:19:04.0031103Z   CARGO_TERM_COLOR: always
2026-10-09T16:19:04.0031301Z   RUST_BACKTRACE: 1
2026-10-09T16:19:04.0031480Z ##[endgroup]
2026-10-09T16:19:04.0110690Z ##[end-action id=__dtolnay_rust-toolchain.__run;outcome=success;conclusion=success;duration_ms=16]
2026-10-09T16:19:04.0113007Z ##[start-action display=Install rustup if needed;id=__dtolnay_rust-toolchain.__run_2]
2026-10-09T16:19:04.0184121Z ##[group]Run if ! command -v rustup &>/dev/null; then
2026-10-09T16:19:04.0184466Z [36;1mif ! command -v rustup &>/dev/null; then[0m
2026-10-09T16:19:04.0185083Z [36;1m  curl --proto '=https' --tlsv1.2 --retry 10 --retry-connrefused --location --silent --show-error --fail https://sh.rustup.rs | sh -s -- --default-toolchain none -y[0m
2026-10-09T16:19:04.0185675Z [36;1m  echo "$CARGO_HOME/bin" >> $GITHUB_PATH[0m
2026-10-09T16:19:04.0186113Z [36;1mfi[0m
2026-10-09T16:19:04.0239965Z shell: /usr/bin/bash --noprofile --norc -e -o pipefail {0}
2026-10-09T16:19:04.0240251Z env:
2026-10-09T16:19:04.0240438Z   CARGO_TERM_COLOR: always
2026-10-09T16:19:04.0240823Z   RUST_BACKTRACE: 1
2026-10-09T16:19:04.0241010Z   CARGO_HOME: /home/runner/.cargo
2026-10-09T16:19:04.0241224Z ##[endgroup]
2026-10-09T16:19:04.0347286Z ##[end-action id=__dtolnay_rust-toolchain.__run_2;outcome=success;conclusion=success;duration_ms=20]
2026-10-09T16:19:04.0351732Z ##[start-action display=Install rustup if needed on windows;id=__dtolnay_rust-toolchain.__run_3]
2026-10-09T16:19:04.0361410Z ##[end-action id=__dtolnay_rust-toolchain.__run_3;outcome=skipped;conclusion=skipped;duration_ms=0]
2026-10-09T16:19:04.0373914Z ##[start-action display=rustup toolchain install stable;id=__dtolnay_rust-toolchain.__run_4]
2026-10-09T16:19:04.0396778Z ##[group]Run set -f  # split targets and components on commas and whitespace, without glob expansion
2026-10-09T16:19:04.0397367Z [36;1mset -f  # split targets and components on commas and whitespace, without glob expansion[0m
2026-10-09T16:19:04.0397730Z [36;1mflags=()[0m
2026-10-09T16:19:04.0397967Z [36;1mfor t in ${targets//,/ }; do flags+=(--target "$t"); done[0m
2026-10-09T16:19:04.0398296Z [36;1mfor c in ${components//,/ }; do flags+=(--component "$c"); done[0m
2026-10-09T16:19:04.0398699Z [36;1mif [[ $toolchain == nightly && -n $components ]]; then flags+=(--allow-downgrade); fi[0m
2026-10-09T16:19:04.0399034Z [36;1mlog=$(mktemp)[0m
2026-10-09T16:19:04.0399242Z [36;1mtrap 'rm -f "$log"' EXIT[0m
2026-10-09T16:19:04.0399459Z [36;1mfor attempt in 1 2 3 4 5; do[0m
2026-10-09T16:19:04.0399906Z [36;1m  if rustup toolchain install "$toolchain" "${flags[@]}" --profile minimal --no-self-update --force-non-host 2>&1 | tee "$log"; then[0m
2026-10-09T16:19:04.0400343Z [36;1m    break[0m
2026-10-09T16:19:04.0400678Z [36;1m  else[0m
2026-10-09T16:19:04.0400928Z [36;1m    status=$?[0m
2026-10-09T16:19:04.0401199Z [36;1m  fi[0m
2026-10-09T16:19:04.0401447Z [36;1m  if [[ $attempt == 5 ]] || ! grep -Fq 'checksum failed for ' "$log" \[0m
2026-10-09T16:19:04.0401879Z [36;1m      || ! grep -Fq 'this is likely due to an ongoing update of the official release server' "$log"; then[0m
2026-10-09T16:19:04.0402240Z [36;1m    exit "$status"[0m
2026-10-09T16:19:04.0402431Z [36;1m  fi[0m
2026-10-09T16:19:04.0402727Z [36;1m  echo "Retrying rustup toolchain install in 30 seconds (retry $attempt of 4)" >&2[0m
2026-10-09T16:19:04.0403075Z [36;1m  sleep 30[0m
2026-10-09T16:19:04.0403420Z [36;1mdone[0m
2026-10-09T16:19:04.0458253Z shell: /usr/bin/bash --noprofile --norc -e -o pipefail {0}
2026-10-09T16:19:04.0458619Z env:
2026-10-09T16:19:04.0458819Z   CARGO_TERM_COLOR: always
2026-10-09T16:19:04.0459015Z   RUST_BACKTRACE: 1
2026-10-09T16:19:04.0459204Z   CARGO_HOME: /home/runner/.cargo
2026-10-09T16:19:04.0459409Z   toolchain: stable
2026-10-09T16:19:04.0459583Z   targets: 
2026-10-09T16:19:04.0459744Z   components: 
2026-10-09T16:19:04.0459929Z   RUSTUP_PERMIT_COPY_RENAME: 1
2026-10-09T16:19:04.0460132Z ##[endgroup]
2026-10-09T16:19:04.2641876Z info: syncing channel updates for stable-x86_64-unknown-linux-gnu
2026-10-09T16:19:04.3727292Z 
2026-10-09T16:19:04.3800453Z   stable-x86_64-unknown-linux-gnu unchanged - rustc 1.99.0 (b940084d7 2026-09-28)
2026-10-09T16:19:04.3800932Z 
2026-10-09T16:19:04.3840126Z ##[end-action id=__dtolnay_rust-toolchain.__run_4;outcome=success;conclusion=success;duration_ms=346]
2026-10-09T16:19:04.3846006Z ##[start-action display=rustup default stable;id=__dtolnay_rust-toolchain.__run_5]
2026-10-09T16:19:04.3863804Z ##[group]Run rustup default "$toolchain" --force-non-host
2026-10-09T16:19:04.3864177Z [36;1mrustup default "$toolchain" --force-non-host[0m
2026-10-09T16:19:04.3919330Z shell: /usr/bin/bash --noprofile --norc -e -o pipefail {0}
2026-10-09T16:19:04.3919619Z env:
2026-10-09T16:19:04.3919796Z   CARGO_TERM_COLOR: always
2026-10-09T16:19:04.3919985Z   RUST_BACKTRACE: 1
2026-10-09T16:19:04.3920344Z   CARGO_HOME: /home/runner/.cargo
2026-10-09T16:19:04.3920712Z   toolchain: stable
2026-10-09T16:19:04.3920896Z ##[endgroup]
2026-10-09T16:19:04.4030681Z info: using existing install for stable-x86_64-unknown-linux-gnu
2026-10-09T16:19:04.4038748Z info: default toolchain set to stable-x86_64-unknown-linux-gnu
2026-10-09T16:19:04.4038981Z 
2026-10-09T16:19:04.4108557Z   stable-x86_64-unknown-linux-gnu unchanged - rustc 1.99.0 (b940084d7 2026-09-28)
2026-10-09T16:19:04.4108847Z 
2026-10-09T16:19:04.4716691Z ##[end-action id=__dtolnay_rust-toolchain.__run_5;outcome=success;conclusion=success;duration_ms=87]
2026-10-09T16:19:04.4720326Z ##[start-action display=Create cachekey;id=__dtolnay_rust-toolchain.rustc-version]
2026-10-09T16:19:04.4738033Z ##[group]Run DATE=$(rustc +"$toolchain" --version --verbose | sed -ne 's/^commit-date: \(20[0-9][0-9]\)-\([01][0-9]\)-\([0-3][0-9]\)$/\1\2\3/p')
2026-10-09T16:19:04.4738710Z [36;1mDATE=$(rustc +"$toolchain" --version --verbose | sed -ne 's/^commit-date: \(20[0-9][0-9]\)-\([01][0-9]\)-\([0-3][0-9]\)$/\1\2\3/p')[0m
2026-10-09T16:19:04.4739221Z [36;1mHASH=$(rustc +"$toolchain" --version --verbose | sed -ne 's/^commit-hash: //p')[0m
2026-10-09T16:19:04.4739617Z [36;1mecho "cachekey=$(echo $DATE$HASH | head -c12)" >> $GITHUB_OUTPUT[0m
2026-10-09T16:19:04.4794239Z shell: /usr/bin/bash --noprofile --norc -e -o pipefail {0}
2026-10-09T16:19:04.4794519Z env:
2026-10-09T16:19:04.4794691Z   CARGO_TERM_COLOR: always
2026-10-09T16:19:04.4794887Z   RUST_BACKTRACE: 1
2026-10-09T16:19:04.4795068Z   CARGO_HOME: /home/runner/.cargo
2026-10-09T16:19:04.4795282Z   toolchain: stable
2026-10-09T16:19:04.4795455Z ##[endgroup]
2026-10-09T16:19:04.5123618Z ##[end-action id=__dtolnay_rust-toolchain.rustc-version;outcome=success;conclusion=success;duration_ms=40]
2026-10-09T16:19:04.5125972Z ##[start-action display=Disable incremental compilation;id=__dtolnay_rust-toolchain.__run_6]
2026-10-09T16:19:04.5144058Z ##[group]Run if [ -z "${CARGO_INCREMENTAL+set}" ]; then
2026-10-09T16:19:04.5144389Z [36;1mif [ -z "${CARGO_INCREMENTAL+set}" ]; then[0m
2026-10-09T16:19:04.5144661Z [36;1m  echo CARGO_INCREMENTAL=0 >> $GITHUB_ENV[0m
2026-10-09T16:19:04.5144889Z [36;1mfi[0m
2026-10-09T16:19:04.5200708Z shell: /usr/bin/bash --noprofile --norc -e -o pipefail {0}
2026-10-09T16:19:04.5201048Z env:
2026-10-09T16:19:04.5201217Z   CARGO_TERM_COLOR: always
2026-10-09T16:19:04.5201415Z   RUST_BACKTRACE: 1
2026-10-09T16:19:04.5201598Z   CARGO_HOME: /home/runner/.cargo
2026-10-09T16:19:04.5201821Z ##[endgroup]
2026-10-09T16:19:04.5283087Z ##[end-action id=__dtolnay_rust-toolchain.__run_6;outcome=success;conclusion=success;duration_ms=15]
2026-10-09T16:19:04.5285276Z ##[start-action display=Enable colors in Cargo output;id=__dtolnay_rust-toolchain.__run_7]
2026-10-09T16:19:04.5302105Z ##[group]Run if [ -z "${CARGO_TERM_COLOR+set}" ]; then
2026-10-09T16:19:04.5302401Z [36;1mif [ -z "${CARGO_TERM_COLOR+set}" ]; then[0m
2026-10-09T16:19:04.5302676Z [36;1m  echo CARGO_TERM_COLOR=always >> $GITHUB_ENV[0m
2026-10-09T16:19:04.5302925Z [36;1mfi[0m
2026-10-09T16:19:04.5355252Z shell: /usr/bin/bash --noprofile --norc -e -o pipefail {0}
2026-10-09T16:19:04.5355529Z env:
2026-10-09T16:19:04.5355705Z   CARGO_TERM_COLOR: always
2026-10-09T16:19:04.5355898Z   RUST_BACKTRACE: 1
2026-10-09T16:19:04.5356083Z   CARGO_HOME: /home/runner/.cargo
2026-10-09T16:19:04.5356290Z   CARGO_INCREMENTAL: 0
2026-10-09T16:19:04.5356469Z ##[endgroup]
2026-10-09T16:19:04.5428170Z ##[end-action id=__dtolnay_rust-toolchain.__run_7;outcome=success;conclusion=success;duration_ms=14]
2026-10-09T16:19:04.5431475Z ##[start-action display=Enable Cargo sparse registry;id=__dtolnay_rust-toolchain.__run_8]
2026-10-09T16:19:04.5448899Z ##[group]Run # implemented in 1.66, stabilized in 1.68, made default in 1.70
2026-10-09T16:19:04.5449323Z [36;1m# implemented in 1.66, stabilized in 1.68, made default in 1.70[0m
2026-10-09T16:19:04.5450041Z [36;1mif [ -z "${CARGO_REGISTRIES_CRATES_IO_PROTOCOL+set}" -o -f "/home/runner/work/_temp"/.implicit_cargo_registries_crates_io_protocol ]; then[0m
2026-10-09T16:19:04.5450835Z [36;1m  if rustc +"$toolchain" --version --verbose | grep -q '^release: 1\.6[89]\.'; then[0m
2026-10-09T16:19:04.5451316Z [36;1m    touch "/home/runner/work/_temp"/.implicit_cargo_registries_crates_io_protocol || true[0m
2026-10-09T16:19:04.5451778Z [36;1m    echo CARGO_REGISTRIES_CRATES_IO_PROTOCOL=sparse >> $GITHUB_ENV[0m
2026-10-09T16:19:04.5452197Z [36;1m  elif rustc +"$toolchain" --version --verbose | grep -q '^release: 1\.6[67]\.'; then[0m
2026-10-09T16:19:04.5452651Z [36;1m    touch "/home/runner/work/_temp"/.implicit_cargo_registries_crates_io_protocol || true[0m
2026-10-09T16:19:04.5453058Z [36;1m    echo CARGO_REGISTRIES_CRATES_IO_PROTOCOL=git >> $GITHUB_ENV[0m
2026-10-09T16:19:04.5453334Z [36;1m  fi[0m
2026-10-09T16:19:04.5453503Z [36;1mfi[0m
2026-10-09T16:19:04.5502541Z shell: /usr/bin/bash --noprofile --norc -e -o pipefail {0}
2026-10-09T16:19:04.5502809Z env:
2026-10-09T16:19:04.5502974Z   CARGO_TERM_COLOR: always
2026-10-09T16:19:04.5503170Z   RUST_BACKTRACE: 1
2026-10-09T16:19:04.5503353Z   CARGO_HOME: /home/runner/.cargo
2026-10-09T16:19:04.5503565Z   CARGO_INCREMENTAL: 0
2026-10-09T16:19:04.5503740Z   toolchain: stable
2026-10-09T16:19:04.5503903Z ##[endgroup]
2026-10-09T16:19:04.5799552Z ##[end-action id=__dtolnay_rust-toolchain.__run_8;outcome=success;conclusion=success;duration_ms=36]
2026-10-09T16:19:04.5803325Z ##[start-action display=Work around spurious network errors in curl 8.0;id=__dtolnay_rust-toolchain.__run_9]
2026-10-09T16:19:04.5920145Z ##[group]Run # https://rust-lang.zulipchat.com/#narrow/stream/246057-t-cargo/topic/timeout.20investigation
2026-10-09T16:19:04.5920999Z [36;1m# https://rust-lang.zulipchat.com/#narrow/stream/246057-t-cargo/topic/timeout.20investigation[0m
2026-10-09T16:19:04.5921517Z [36;1mif rustc +"$toolchain" --version --verbose | grep -q '^release: 1\.7[01]\.'; then[0m
2026-10-09T16:19:04.5921908Z [36;1m  echo CARGO_HTTP_MULTIPLEXING=false >> $GITHUB_ENV[0m
2026-10-09T16:19:04.5922177Z [36;1mfi[0m
2026-10-09T16:19:04.5987688Z shell: /usr/bin/bash --noprofile --norc -e -o pipefail {0}
2026-10-09T16:19:04.5987968Z env:
2026-10-09T16:19:04.5988141Z   CARGO_TERM_COLOR: always
2026-10-09T16:19:04.5988339Z   RUST_BACKTRACE: 1
2026-10-09T16:19:04.5988523Z   CARGO_HOME: /home/runner/.cargo
2026-10-09T16:19:04.5988731Z   CARGO_INCREMENTAL: 0
2026-10-09T16:19:04.5988904Z   toolchain: stable
2026-10-09T16:19:04.5989068Z ##[endgroup]
2026-10-09T16:19:04.6179067Z ##[end-action id=__dtolnay_rust-toolchain.__run_9;outcome=success;conclusion=success;duration_ms=37]
2026-10-09T16:19:04.6184134Z ##[start-action display=rustc +stable --version --verbose;id=__dtolnay_rust-toolchain.__run_10]
2026-10-09T16:19:04.6201360Z ##[group]Run rustc +"$toolchain" --version --verbose
2026-10-09T16:19:04.6201680Z [36;1mrustc +"$toolchain" --version --verbose[0m
2026-10-09T16:19:04.6256313Z shell: /usr/bin/bash --noprofile --norc -e -o pipefail {0}
2026-10-09T16:19:04.6256591Z env:
2026-10-09T16:19:04.6256769Z   CARGO_TERM_COLOR: always
2026-10-09T16:19:04.6256964Z   RUST_BACKTRACE: 1
2026-10-09T16:19:04.6257148Z   CARGO_HOME: /home/runner/.cargo
2026-10-09T16:19:04.6257363Z   CARGO_INCREMENTAL: 0
2026-10-09T16:19:04.6257542Z   toolchain: stable
2026-10-09T16:19:04.6257712Z ##[endgroup]
2026-10-09T16:19:04.6436127Z rustc 1.99.0 (b940084d7 2026-09-28)
2026-10-09T16:19:04.6436457Z binary: rustc
2026-10-09T16:19:04.6436683Z commit-hash: b940084d7eb6a299eb4bfeb8e34901bc051e7ac4
2026-10-09T16:19:04.6436952Z commit-date: 2026-09-28
2026-10-09T16:19:04.6437163Z host: x86_64-unknown-linux-gnu
2026-10-09T16:19:04.6437399Z release: 1.99.0
2026-10-09T16:19:04.6438211Z LLVM version: 23.1.1
2026-10-09T16:19:04.6454145Z ##[end-action id=__dtolnay_rust-toolchain.__run_10;outcome=success;conclusion=success;duration_ms=26]
2026-10-09T16:19:04.6548482Z ##[group]Run Swatinem/rust-cache@v2
2026-10-09T16:19:04.6548708Z with:
2026-10-09T16:19:04.6548880Z   prefix-key: v0-rust
2026-10-09T16:19:04.6549068Z   add-job-id-key: true
2026-10-09T16:19:04.6549277Z   add-rust-environment-hash-key: true
2026-10-09T16:19:04.6549500Z   cache-targets: true
2026-10-09T16:19:04.6549678Z   cache-all-crates: false
2026-10-09T16:19:04.6549879Z   cache-workspace-crates: false
2026-10-09T16:19:04.6550079Z   save-if: true
2026-10-09T16:19:04.6550254Z   cache-provider: github
2026-10-09T16:19:04.6550435Z   cache-bin: true
2026-10-09T16:19:04.6550816Z   lookup-only: false
2026-10-09T16:19:04.6550995Z   cmd-format: {0}
2026-10-09T16:19:04.6551224Z env:
2026-10-09T16:19:04.6551444Z   CARGO_TERM_COLOR: always
2026-10-09T16:19:04.6551660Z   RUST_BACKTRACE: 1
2026-10-09T16:19:04.6551838Z   CARGO_HOME: /home/runner/.cargo
2026-10-09T16:19:04.6552049Z   CARGO_INCREMENTAL: 0
2026-10-09T16:19:04.6552221Z ##[endgroup]
2026-10-09T16:19:05.0532388Z ##[group]Cache Configuration
2026-10-09T16:19:05.0532761Z Cache Provider:
2026-10-09T16:19:05.0533026Z     github
2026-10-09T16:19:05.0533193Z Workspaces:
2026-10-09T16:19:05.0533379Z     /home/runner/work/rustwright/rustwright
2026-10-09T16:19:05.0533699Z Cache Paths:
2026-10-09T16:19:05.0533991Z     /home/runner/.cargo/bin
2026-10-09T16:19:05.0534318Z     /home/runner/.cargo/.crates.toml
2026-10-09T16:19:05.0534664Z     /home/runner/.cargo/.crates2.json
2026-10-09T16:19:05.0535005Z     /home/runner/.cargo/registry
2026-10-09T16:19:05.0535324Z     /home/runner/.cargo/git
2026-10-09T16:19:05.0535669Z     /home/runner/work/rustwright/rustwright/target
2026-10-09T16:19:05.0536035Z Restore Key:
2026-10-09T16:19:05.0536328Z     v0-rust-browser-compat-Linux-x64-2c4d122c
2026-10-09T16:19:05.0536699Z Cache Key:
2026-10-09T16:19:05.0537007Z     v0-rust-browser-compat-Linux-x64-2c4d122c-ed23558d
2026-10-09T16:19:05.0537396Z .. Prefix:
2026-10-09T16:19:05.0537661Z   - v0-rust-browser-compat-Linux-x64
2026-10-09T16:19:05.0538017Z .. Environment considered:
2026-10-09T16:19:05.0538304Z   - Rust Versions:
2026-10-09T16:19:05.0538703Z     - 1.99.0 x86_64-unknown-linux-gnu b940084d7eb6a299eb4bfeb8e34901bc051e7ac4
2026-10-09T16:19:05.0539163Z   - CARGO_HOME
2026-10-09T16:19:05.0539408Z   - CARGO_INCREMENTAL
2026-10-09T16:19:05.0539649Z   - CARGO_TERM_COLOR
2026-10-09T16:19:05.0539820Z   - RUST_BACKTRACE
2026-10-09T16:19:05.0539991Z .. Lockfiles considered:
2026-10-09T16:19:05.0540218Z   - /home/runner/work/rustwright/rustwright/Cargo.lock
2026-10-09T16:19:05.0540745Z   - /home/runner/work/rustwright/rustwright/crates/rustwright-bidi/Cargo.toml
2026-10-09T16:19:05.0541410Z   - /home/runner/work/rustwright/rustwright/crates/rustwright-browser/Cargo.toml
2026-10-09T16:19:05.0541911Z   - /home/runner/work/rustwright/rustwright/crates/rustwright-cdp/Cargo.toml
2026-10-09T16:19:05.0542690Z   - /home/runner/work/rustwright/rustwright/crates/rustwright-common/Cargo.toml
2026-10-09T16:19:05.0543098Z   - /home/runner/work/rustwright/rustwright/crates/rustwright-core/Cargo.toml
2026-10-09T16:19:05.0543511Z   - /home/runner/work/rustwright/rustwright/crates/rustwright-test-macros/Cargo.toml
2026-10-09T16:19:05.0544030Z   - /home/runner/work/rustwright/rustwright/crates/rustwright-test/Cargo.toml
2026-10-09T16:19:05.0544406Z   - /home/runner/work/rustwright/rustwright/crates/rustwright/Cargo.toml
2026-10-09T16:19:05.0544937Z   - /home/runner/work/rustwright/rustwright/docs/ci/results/remote-20261009/followup-local/consumer/.cargo/config.toml
2026-10-09T16:19:05.0545608Z   - /home/runner/work/rustwright/rustwright/docs/ci/results/required-browser/release/consumer/.cargo/config.toml
2026-10-09T16:19:05.0546513Z   - /home/runner/work/rustwright/rustwright/docs/release/results/local-package/consumer/.cargo/config.toml
2026-10-09T16:19:05.0547174Z   - /home/runner/work/rustwright/rustwright/examples/Cargo.toml
2026-10-09T16:19:05.0547501Z   - /home/runner/work/rustwright/rustwright/tests/Cargo.toml
2026-10-09T16:19:05.0547957Z ##[endgroup]
2026-10-09T16:19:05.0548259Z 
2026-10-09T16:19:05.0548346Z ... Restoring cache ...
2026-10-09T16:19:05.2478337Z No cache found.
2026-10-09T16:19:05.2605255Z ##[group]Run actions/setup-python@v6
2026-10-09T16:19:05.2605493Z with:
2026-10-09T16:19:05.2605676Z   python-version: 3.11
2026-10-09T16:19:05.2605865Z   check-latest: false
2026-10-09T16:19:05.2608094Z   token: ***
2026-10-09T16:19:05.2608284Z   update-environment: true
2026-10-09T16:19:05.2608496Z   allow-prereleases: false
2026-10-09T16:19:05.2608689Z   freethreaded: false
2026-10-09T16:19:05.2608870Z env:
2026-10-09T16:19:05.2609031Z   CARGO_TERM_COLOR: always
2026-10-09T16:19:05.2609219Z   RUST_BACKTRACE: 1
2026-10-09T16:19:05.2609403Z   CARGO_HOME: /home/runner/.cargo
2026-10-09T16:19:05.2609621Z   CARGO_INCREMENTAL: 0
2026-10-09T16:19:05.2609820Z   CACHE_ON_FAILURE: false
2026-10-09T16:19:05.2610006Z ##[endgroup]
2026-10-09T16:19:05.3728611Z ##[group]Installed versions
2026-10-09T16:19:05.3820657Z Successfully set up CPython (3.11.17)
2026-10-09T16:19:05.3821290Z ##[endgroup]
2026-10-09T16:19:05.3952596Z ##[group]Run browser-actions/setup-chrome@v2
2026-10-09T16:19:05.3952864Z with:
2026-10-09T16:19:05.3953050Z   chrome-version: stable
2026-10-09T16:19:05.3953262Z   install-dependencies: true
2026-10-09T16:19:05.3953476Z   install-chromedriver: false
2026-10-09T16:19:05.3953683Z   no-sudo: false
2026-10-09T16:19:05.3953853Z env:
2026-10-09T16:19:05.3954023Z   CARGO_TERM_COLOR: always
2026-10-09T16:19:05.3954221Z   RUST_BACKTRACE: 1
2026-10-09T16:19:05.3954435Z   CARGO_HOME: /home/runner/.cargo
2026-10-09T16:19:05.3954655Z   CARGO_INCREMENTAL: 0
2026-10-09T16:19:05.3954852Z   CACHE_ON_FAILURE: false
2026-10-09T16:19:05.3955103Z   pythonLocation: /opt/hostedtoolcache/Python/3.11.17/x64
2026-10-09T16:19:05.3955495Z   PKG_CONFIG_PATH: /opt/hostedtoolcache/Python/3.11.17/x64/lib/pkgconfig
2026-10-09T16:19:05.3955860Z   Python_ROOT_DIR: /opt/hostedtoolcache/Python/3.11.17/x64
2026-10-09T16:19:05.3956175Z   Python2_ROOT_DIR: /opt/hostedtoolcache/Python/3.11.17/x64
2026-10-09T16:19:05.3956508Z   Python3_ROOT_DIR: /opt/hostedtoolcache/Python/3.11.17/x64
2026-10-09T16:19:05.3956821Z   LD_LIBRARY_PATH: /opt/hostedtoolcache/Python/3.11.17/x64/lib
2026-10-09T16:19:05.3957085Z ##[endgroup]
2026-10-09T16:19:05.4578038Z Installing dependencies
2026-10-09T16:19:05.4634860Z [command]/usr/bin/sudo apt-get update
2026-10-09T16:19:05.5472553Z Get:1 file:/etc/apt/apt-mirrors.txt Mirrorlist [144 B]
2026-10-09T16:19:05.5838468Z Hit:2 http://azure.archive.ubuntu.com/ubuntu noble InRelease
2026-10-09T16:19:05.5841983Z Get:6 https://packages.microsoft.com/ubuntu/24.04/prod noble InRelease [3600 B]
2026-10-09T16:19:05.5873899Z Get:3 http://azure.archive.ubuntu.com/ubuntu noble-updates InRelease [126 kB]
2026-10-09T16:19:05.5979604Z Get:4 http://azure.archive.ubuntu.com/ubuntu noble-backports InRelease [126 kB]
2026-10-09T16:19:05.6013612Z Get:5 http://azure.archive.ubuntu.com/ubuntu noble-security InRelease [126 kB]
2026-10-09T16:19:05.7079283Z Get:7 https://packages.microsoft.com/ubuntu/24.04/prod noble/main armhf Packages [12.3 kB]
2026-10-09T16:19:05.7186512Z Get:8 https://packages.microsoft.com/ubuntu/24.04/prod noble/main amd64 Packages [531 kB]
2026-10-09T16:19:05.7261841Z Get:9 https://packages.microsoft.com/ubuntu/24.04/prod noble/main arm64 Packages [475 kB]
2026-10-09T16:19:05.7432881Z Get:10 https://packages.microsoft.com/ubuntu/24.04/prod noble/main all Packages [640 B]
2026-10-09T16:19:05.7471689Z Get:11 http://azure.archive.ubuntu.com/ubuntu noble-updates/main amd64 Packages [1375 kB]
2026-10-09T16:19:05.7528491Z Get:12 http://azure.archive.ubuntu.com/ubuntu noble-updates/main Translation-en [306 kB]
2026-10-09T16:19:05.7553582Z Get:13 http://azure.archive.ubuntu.com/ubuntu noble-updates/universe amd64 Packages [1702 kB]
2026-10-09T16:19:05.7678278Z Get:14 http://azure.archive.ubuntu.com/ubuntu noble-updates/universe Translation-en [342 kB]
2026-10-09T16:19:05.7725412Z Get:15 http://azure.archive.ubuntu.com/ubuntu noble-updates/restricted amd64 Packages [1761 kB]
2026-10-09T16:19:05.7782205Z Get:16 http://azure.archive.ubuntu.com/ubuntu noble-updates/restricted Translation-en [401 kB]
2026-10-09T16:19:05.7812549Z Get:17 http://azure.archive.ubuntu.com/ubuntu noble-updates/multiverse amd64 Packages [55.0 kB]
2026-10-09T16:19:05.7839885Z Get:18 http://azure.archive.ubuntu.com/ubuntu noble-updates/multiverse Translation-en [14.3 kB]
2026-10-09T16:19:05.8544033Z Get:19 http://azure.archive.ubuntu.com/ubuntu noble-security/main amd64 Packages [1121 kB]
2026-10-09T16:19:05.8594796Z Get:20 http://azure.archive.ubuntu.com/ubuntu noble-security/main Translation-en [228 kB]
2026-10-09T16:19:05.9032081Z Get:21 http://azure.archive.ubuntu.com/ubuntu noble-security/universe amd64 Packages [1220 kB]
2026-10-09T16:19:05.9087221Z Get:22 http://azure.archive.ubuntu.com/ubuntu noble-security/universe Translation-en [245 kB]
2026-10-09T16:19:05.9105719Z Get:23 http://azure.archive.ubuntu.com/ubuntu noble-security/restricted amd64 Packages [1669 kB]
2026-10-09T16:19:05.9180478Z Get:24 http://azure.archive.ubuntu.com/ubuntu noble-security/restricted Translation-en [383 kB]
2026-10-09T16:19:05.9201378Z Get:25 http://azure.archive.ubuntu.com/ubuntu noble-security/multiverse amd64 Packages [49.8 kB]
2026-10-09T16:19:05.9211212Z Get:26 http://azure.archive.ubuntu.com/ubuntu noble-security/multiverse Translation-en [12.4 kB]
2026-10-09T16:19:13.7578805Z Fetched 12.3 MB in 1s (11.2 MB/s)
2026-10-09T16:19:14.5312991Z Reading package lists...
2026-10-09T16:19:14.5435380Z [command]/usr/bin/sudo apt-get install --yes --no-install-recommends libasound2t64 libatk-bridge2.0-0t64 libatk1.0-0t64 libcairo2 libcups2t64 libdbus-1-3 libexpat1 libgbm1 libglib2.0-0t64 libnss3 libpango-1.0-0 libxcomposite1 libxdamage1 libxfixes3 libxkbcommon0 libxrandr2
2026-10-09T16:19:14.5614058Z Reading package lists...
2026-10-09T16:19:14.7731303Z Building dependency tree...
2026-10-09T16:19:14.7737502Z Reading state information...
2026-10-09T16:19:15.1246302Z libasound2t64 is already the newest version (1.2.11-1ubuntu0.3).
2026-10-09T16:19:15.1246880Z libasound2t64 set to manually installed.
2026-10-09T16:19:15.1247351Z libatk-bridge2.0-0t64 is already the newest version (2.52.0-1build1).
2026-10-09T16:19:15.1247677Z libatk-bridge2.0-0t64 set to manually installed.
2026-10-09T16:19:15.1247975Z libatk1.0-0t64 is already the newest version (2.52.0-1build1).
2026-10-09T16:19:15.1248254Z libatk1.0-0t64 set to manually installed.
2026-10-09T16:19:15.1248518Z libcairo2 is already the newest version (1.18.0-3build1).
2026-10-09T16:19:15.1248798Z libcairo2 set to manually installed.
2026-10-09T16:19:15.1249303Z libcups2t64 is already the newest version (2.4.7-1.2ubuntu7.14).
2026-10-09T16:19:15.1249710Z libcups2t64 set to manually installed.
2026-10-09T16:19:15.1250086Z libdbus-1-3 is already the newest version (1.14.10-4ubuntu4.1).
2026-10-09T16:19:15.1251182Z libdbus-1-3 set to manually installed.
2026-10-09T16:19:15.1251579Z libexpat1 is already the newest version (2.6.1-2ubuntu0.6).
2026-10-09T16:19:15.1252011Z libexpat1 set to manually installed.
2026-10-09T16:19:15.1252443Z libgbm1 is already the newest version (25.2.8-0ubuntu0.24.04.4).
2026-10-09T16:19:15.1252861Z libgbm1 set to manually installed.
2026-10-09T16:19:15.1253278Z libglib2.0-0t64 is already the newest version (2.80.0-6ubuntu3.9).
2026-10-09T16:19:15.1253733Z libglib2.0-0t64 set to manually installed.
2026-10-09T16:19:15.1254149Z libnss3 is already the newest version (2:3.98-1ubuntu0.2).
2026-10-09T16:19:15.1254565Z libnss3 set to manually installed.
2026-10-09T16:19:15.1254973Z libpango-1.0-0 is already the newest version (1.52.1+ds-1build1).
2026-10-09T16:19:15.1255408Z libpango-1.0-0 set to manually installed.
2026-10-09T16:19:15.1255873Z libxcomposite1 is already the newest version (1:0.4.5-1build3).
2026-10-09T16:19:15.1256342Z libxcomposite1 set to manually installed.
2026-10-09T16:19:15.1256782Z libxdamage1 is already the newest version (1:1.1.6-1build1).
2026-10-09T16:19:15.1257230Z libxdamage1 set to manually installed.
2026-10-09T16:19:15.1257659Z libxfixes3 is already the newest version (1:6.0.0-2build1).
2026-10-09T16:19:15.1258088Z libxfixes3 set to manually installed.
2026-10-09T16:19:15.1258533Z libxkbcommon0 is already the newest version (1.6.0-1build1).
2026-10-09T16:19:15.1258955Z libxkbcommon0 set to manually installed.
2026-10-09T16:19:15.1259379Z libxrandr2 is already the newest version (2:1.5.2-2build1).
2026-10-09T16:19:15.1259804Z libxrandr2 set to manually installed.
2026-10-09T16:19:15.1260191Z 0 upgraded, 0 newly installed, 0 to remove and 23 not upgraded.
2026-10-09T16:19:15.1263742Z Setup chrome stable
2026-10-09T16:19:15.1273707Z Attempting to download chrome stable...
2026-10-09T16:19:15.1801136Z Acquiring chrome stable from https://storage.googleapis.com/chrome-for-testing-public/155.0.8059.39/linux64/chrome-linux64.zip
2026-10-09T16:19:16.2256599Z Installing chrome...
2026-10-09T16:19:16.2285623Z [command]/usr/bin/unzip -o -q /home/runner/work/_temp/4b6c76f6-2f7a-44f4-adfd-212a0952054f
2026-10-09T16:19:21.0015938Z Successfully Installed chrome to /opt/hostedtoolcache/setup-chrome/chrome/stable/x64
2026-10-09T16:19:21.0017686Z [command]/opt/hostedtoolcache/setup-chrome/chrome/stable/x64/chrome --version
2026-10-09T16:19:21.1396560Z Google Chrome for Testing 155.0.8059.39 
2026-10-09T16:19:21.1471232Z Successfully setup chrome 155.0.8059.39
2026-10-09T16:19:21.1606503Z ##[group]Run browser-actions/setup-firefox@v1
2026-10-09T16:19:21.1606754Z with:
2026-10-09T16:19:21.1606926Z   firefox-version: 157.0.1
2026-10-09T16:19:21.1607110Z env:
2026-10-09T16:19:21.1607277Z   CARGO_TERM_COLOR: always
2026-10-09T16:19:21.1607464Z   RUST_BACKTRACE: 1
2026-10-09T16:19:21.1607645Z   CARGO_HOME: /home/runner/.cargo
2026-10-09T16:19:21.1607852Z   CARGO_INCREMENTAL: 0
2026-10-09T16:19:21.1608031Z   CACHE_ON_FAILURE: false
2026-10-09T16:19:21.1608271Z   pythonLocation: /opt/hostedtoolcache/Python/3.11.17/x64
2026-10-09T16:19:21.1608617Z   PKG_CONFIG_PATH: /opt/hostedtoolcache/Python/3.11.17/x64/lib/pkgconfig
2026-10-09T16:19:21.1608947Z   Python_ROOT_DIR: /opt/hostedtoolcache/Python/3.11.17/x64
2026-10-09T16:19:21.1609253Z   Python2_ROOT_DIR: /opt/hostedtoolcache/Python/3.11.17/x64
2026-10-09T16:19:21.1609553Z   Python3_ROOT_DIR: /opt/hostedtoolcache/Python/3.11.17/x64
2026-10-09T16:19:21.1609848Z   LD_LIBRARY_PATH: /opt/hostedtoolcache/Python/3.11.17/x64/lib
2026-10-09T16:19:21.1610137Z ##[endgroup]
2026-10-09T16:19:21.2155409Z Setup firefox 157.0.1 (en-US)
2026-10-09T16:19:21.2161012Z Attempting to download firefox 157.0.1...
2026-10-09T16:19:21.2162944Z This is the version number:157
2026-10-09T16:19:21.2163823Z Acquiring 157.0.1 from https://ftp.mozilla.org/pub/firefox/releases/157.0.1/linux-x86_64/en-US/firefox-157.0.1.tar.xz
2026-10-09T16:19:21.6611091Z Extracting Firefox...
2026-10-09T16:19:21.6709643Z [command]/usr/bin/tar xJ --strip-components=1 --warning=no-unknown-keyword --overwrite -C /home/runner/work/_temp/7436e305-0752-483e-a7aa-578304db91fe -f /home/runner/work/_temp/b904df4a-b7b7-48aa-ad21-f9eebf8720d6
2026-10-09T16:19:26.0358269Z Successfully extracted firefox 157.0.1 to /home/runner/work/_temp/7436e305-0752-483e-a7aa-578304db91fe
2026-10-09T16:19:26.0358705Z Adding to the cache ...
2026-10-09T16:19:26.5119946Z (node:2580) Warning: Closing file descriptor 21 on garbage collection
2026-10-09T16:19:26.5120952Z (Use `node --trace-warnings ...` to show where the warning was created)
2026-10-09T16:19:26.5122335Z (node:2580) [DEP0137] DeprecationWarning: Closing a FileHandle object on garbage collection is deprecated. Please close FileHandle objects explicitly using FileHandle.prototype.close(). In the future, an error will be thrown if a file descriptor is closed during garbage collection.
2026-10-09T16:19:28.1052859Z Successfully cached firefox 157.0.1 to /opt/hostedtoolcache/firefox/157.0.1/x64
2026-10-09T16:19:28.1053543Z [command]/opt/hostedtoolcache/firefox/157.0.1/x64/firefox --version
2026-10-09T16:19:28.1090960Z [2598] Sandbox: CanCreateUserNamespace() unshare(CLONE_NEWPID): EPERM
2026-10-09T16:19:28.3641294Z Mozilla Firefox 157.0.1
2026-10-09T16:19:28.3656623Z Successfully setup firefox version 157.0.1
2026-10-09T16:19:28.3767957Z ##[group]Run echo "Chrome: $CHROME_VERSION"
2026-10-09T16:19:28.3768242Z [36;1mecho "Chrome: $CHROME_VERSION"[0m
2026-10-09T16:19:28.3768476Z [36;1mecho "Firefox: $FIREFOX_VERSION"[0m
2026-10-09T16:19:28.3827928Z shell: /usr/bin/bash --noprofile --norc -e -o pipefail {0}
2026-10-09T16:19:28.3828214Z env:
2026-10-09T16:19:28.3828388Z   CARGO_TERM_COLOR: always
2026-10-09T16:19:28.3828584Z   RUST_BACKTRACE: 1
2026-10-09T16:19:28.3828767Z   CARGO_HOME: /home/runner/.cargo
2026-10-09T16:19:28.3828974Z   CARGO_INCREMENTAL: 0
2026-10-09T16:19:28.3829153Z   CACHE_ON_FAILURE: false
2026-10-09T16:19:28.3829389Z   pythonLocation: /opt/hostedtoolcache/Python/3.11.17/x64
2026-10-09T16:19:28.3829734Z   PKG_CONFIG_PATH: /opt/hostedtoolcache/Python/3.11.17/x64/lib/pkgconfig
2026-10-09T16:19:28.3830087Z   Python_ROOT_DIR: /opt/hostedtoolcache/Python/3.11.17/x64
2026-10-09T16:19:28.3830388Z   Python2_ROOT_DIR: /opt/hostedtoolcache/Python/3.11.17/x64
2026-10-09T16:19:28.3830905Z   Python3_ROOT_DIR: /opt/hostedtoolcache/Python/3.11.17/x64
2026-10-09T16:19:28.3831210Z   LD_LIBRARY_PATH: /opt/hostedtoolcache/Python/3.11.17/x64/lib
2026-10-09T16:19:28.3831476Z   CHROME_VERSION: 155.0.8059.39
2026-10-09T16:19:28.3831675Z   FIREFOX_VERSION: 157.0.1
2026-10-09T16:19:28.3831859Z ##[endgroup]
2026-10-09T16:19:28.3907683Z Chrome: 155.0.8059.39
2026-10-09T16:19:28.3908004Z Firefox: 157.0.1
2026-10-09T16:19:28.3934841Z ##[group]Run python scripts/ci/browser_checks.py --suite portable
2026-10-09T16:19:28.3935241Z [36;1mpython scripts/ci/browser_checks.py --suite portable[0m
2026-10-09T16:19:28.3988655Z shell: /usr/bin/bash -e {0}
2026-10-09T16:19:28.3988867Z env:
2026-10-09T16:19:28.3989038Z   CARGO_TERM_COLOR: always
2026-10-09T16:19:28.3989253Z   RUST_BACKTRACE: 1
2026-10-09T16:19:28.3989442Z   CARGO_HOME: /home/runner/.cargo
2026-10-09T16:19:28.3989663Z   CARGO_INCREMENTAL: 0
2026-10-09T16:19:28.3989857Z   CACHE_ON_FAILURE: false
2026-10-09T16:19:28.3990102Z   pythonLocation: /opt/hostedtoolcache/Python/3.11.17/x64
2026-10-09T16:19:28.3990451Z   PKG_CONFIG_PATH: /opt/hostedtoolcache/Python/3.11.17/x64/lib/pkgconfig
2026-10-09T16:19:28.3990889Z   Python_ROOT_DIR: /opt/hostedtoolcache/Python/3.11.17/x64
2026-10-09T16:19:28.3991205Z   Python2_ROOT_DIR: /opt/hostedtoolcache/Python/3.11.17/x64
2026-10-09T16:19:28.3991507Z   Python3_ROOT_DIR: /opt/hostedtoolcache/Python/3.11.17/x64
2026-10-09T16:19:28.3991853Z   LD_LIBRARY_PATH: /opt/hostedtoolcache/Python/3.11.17/x64/lib
2026-10-09T16:19:28.3992222Z   RUSTWRIGHT_CHROME: /opt/hostedtoolcache/setup-chrome/chrome/stable/x64/chrome
2026-10-09T16:19:28.3992614Z   RUSTWRIGHT_FIREFOX: /opt/hostedtoolcache/firefox/157.0.1/x64/firefox
2026-10-09T16:19:28.3992906Z ##[endgroup]
2026-10-09T16:19:28.5935700Z Running http_compat; log: /home/runner/work/rustwright/rustwright/target/ci/portable/http_compat.log
2026-10-09T16:20:11.0567641Z http_compat failed or did not finish one native suite; see /home/runner/work/rustwright/rustwright/target/ci/portable/http_compat.log
2026-10-09T16:20:11.0646697Z ##[error]Process completed with exit code 1.
2026-10-09T16:20:11.0709765Z ##[group]Run actions/upload-artifact@v4
2026-10-09T16:20:11.0710014Z with:
2026-10-09T16:20:11.0710200Z   name: native-http-ubuntu-latest
2026-10-09T16:20:11.0710422Z   path: target/ci/
2026-10-09T16:20:11.0710774Z   if-no-files-found: error
2026-10-09T16:20:11.0710978Z   compression-level: 6
2026-10-09T16:20:11.0711157Z   overwrite: false
2026-10-09T16:20:11.0711334Z   include-hidden-files: false
2026-10-09T16:20:11.0711527Z env:
2026-10-09T16:20:11.0711689Z   CARGO_TERM_COLOR: always
2026-10-09T16:20:11.0711873Z   RUST_BACKTRACE: 1
2026-10-09T16:20:11.0712054Z   CARGO_HOME: /home/runner/.cargo
2026-10-09T16:20:11.0712263Z   CARGO_INCREMENTAL: 0
2026-10-09T16:20:11.0712464Z   CACHE_ON_FAILURE: false
2026-10-09T16:20:11.0712702Z   pythonLocation: /opt/hostedtoolcache/Python/3.11.17/x64
2026-10-09T16:20:11.0713040Z   PKG_CONFIG_PATH: /opt/hostedtoolcache/Python/3.11.17/x64/lib/pkgconfig
2026-10-09T16:20:11.0713369Z   Python_ROOT_DIR: /opt/hostedtoolcache/Python/3.11.17/x64
2026-10-09T16:20:11.0713713Z   Python2_ROOT_DIR: /opt/hostedtoolcache/Python/3.11.17/x64
2026-10-09T16:20:11.0714007Z   Python3_ROOT_DIR: /opt/hostedtoolcache/Python/3.11.17/x64
2026-10-09T16:20:11.0714301Z   LD_LIBRARY_PATH: /opt/hostedtoolcache/Python/3.11.17/x64/lib
2026-10-09T16:20:11.0714554Z ##[endgroup]
2026-10-09T16:20:11.2042185Z (node:7915) [DEP0040] DeprecationWarning: The `punycode` module is deprecated. Please use a userland alternative instead.
2026-10-09T16:20:11.2042759Z (Use `node --trace-deprecation ...` to show where the warning was created)
2026-10-09T16:20:11.2090428Z With the provided path, there will be 2 files uploaded
2026-10-09T16:20:11.2095244Z Artifact name is valid!
2026-10-09T16:20:11.2095944Z Root directory input is valid!
2026-10-09T16:20:11.5469594Z Beginning upload of artifact content to blob storage
2026-10-09T16:20:11.5638219Z (node:7915) [DEP0169] DeprecationWarning: `url.parse()` behavior is not standardized and prone to errors that have security implications. Use the WHATWG URL API instead. CVEs are not issued for `url.parse()` vulnerabilities.
2026-10-09T16:20:11.7603352Z Uploaded bytes 6328
2026-10-09T16:20:11.8167339Z Finished uploading artifact content to blob storage!
2026-10-09T16:20:11.8167885Z SHA256 digest of uploaded artifact zip is 1cb982ac8094282b523677e21ebd961d4bf314dbfdf49fb2e86b7d55490b73ad
2026-10-09T16:20:11.8169420Z Finalizing artifact upload
2026-10-09T16:20:12.0985004Z Artifact native-http-ubuntu-latest.zip successfully finalized. Artifact ID 11631125428
2026-10-09T16:20:12.0985955Z Artifact native-http-ubuntu-latest has been successfully uploaded! Final size is 6328 bytes. Artifact ID is 11631125428
2026-10-09T16:20:12.0990967Z Artifact download URL: https://github.com/rsasaki0109/rustwright/actions/runs/37953023827/artifacts/11631125428
2026-10-09T16:20:12.1171917Z Post job cleanup.
2026-10-09T16:20:12.1882177Z [command]/usr/bin/git version
2026-10-09T16:20:12.1918692Z git version 2.55.0
2026-10-09T16:20:12.1948373Z Temporarily overriding HOME='/home/runner/work/_temp/72e7b1d0-71ba-417e-bc0e-96df1340447c' before making global git config changes
2026-10-09T16:20:12.1949386Z Adding repository directory to the temporary git global config as a safe directory
2026-10-09T16:20:12.1953852Z [command]/usr/bin/git config --global --add safe.directory /home/runner/work/rustwright/rustwright
2026-10-09T16:20:12.1989193Z [command]/usr/bin/git config --local --name-only --get-regexp core\.sshCommand
2026-10-09T16:20:12.2032346Z [command]/usr/bin/git submodule foreach --recursive sh -c "git config --local --name-only --get-regexp 'core\.sshCommand' && git config --local --unset-all 'core.sshCommand' || :"
2026-10-09T16:20:12.2255624Z [command]/usr/bin/git config --local --name-only --get-regexp http\.https\:\/\/github\.com\/\.extraheader
2026-10-09T16:20:12.2279396Z http.https://github.com/.extraheader
2026-10-09T16:20:12.2289606Z [command]/usr/bin/git config --local --unset-all http.https://github.com/.extraheader
2026-10-09T16:20:12.2320731Z [command]/usr/bin/git submodule foreach --recursive sh -c "git config --local --name-only --get-regexp 'http\.https\:\/\/github\.com\/\.extraheader' && git config --local --unset-all 'http.https://github.com/.extraheader' || :"
2026-10-09T16:20:12.2539398Z [command]/usr/bin/git config --local --name-only --get-regexp ^includeIf\.gitdir:
2026-10-09T16:20:12.2573829Z [command]/usr/bin/git submodule foreach --recursive git config --local --show-origin --name-only --get-regexp remote.origin.url
2026-10-09T16:20:12.2928351Z Cleaning up orphan processes
2026-10-09T16:20:12.3175352Z ##[warning]Node.js 20 is deprecated. The following actions target Node.js 20 but are being forced to run on Node.js 24: actions/upload-artifact@v4. For more information see: https://github.blog/changelog/2025-09-19-deprecation-of-node-20-on-github-actions-runners/
