2026-10-09T16:07:22.8649268Z Current runner version: '2.337.0'
2026-10-09T16:07:22.8674063Z ##[group]Runner Image Provisioner
2026-10-09T16:07:22.8674904Z Hosted Compute Agent
2026-10-09T16:07:22.8676020Z Version: 20261002.596
2026-10-09T16:07:22.8676791Z Commit: c3d12f3313a95f25162a1503be624f3b0617f8c0
2026-10-09T16:07:22.8677582Z Build Date: 2026-10-02T22:28:27Z
2026-10-09T16:07:22.8678262Z Worker ID: {5c6b6b3e-b325-4086-92f7-e7199bddf798}
2026-10-09T16:07:22.8678944Z Region: westus
2026-10-09T16:07:22.8679537Z Cloud: Azure
2026-10-09T16:07:22.8680097Z ##[endgroup]
2026-10-09T16:07:22.8681765Z ##[group]Operating System
2026-10-09T16:07:22.8682411Z Ubuntu
2026-10-09T16:07:22.8682930Z 24.04.5
2026-10-09T16:07:22.8683481Z LTS
2026-10-09T16:07:22.8684021Z ##[endgroup]
2026-10-09T16:07:22.8684760Z ##[group]Runner Image
2026-10-09T16:07:22.8685374Z Image: ubuntu-24.04
2026-10-09T16:07:22.8686176Z Version: 20261004.327.1
2026-10-09T16:07:22.8687508Z Included Software: https://github.com/actions/runner-images/blob/ubuntu24/20261004.327/images/ubuntu/Ubuntu2404-Readme.md
2026-10-09T16:07:22.8689117Z Image Release: https://github.com/actions/runner-images/releases/tag/ubuntu24%2F20261004.327
2026-10-09T16:07:22.8690108Z ##[endgroup]
2026-10-09T16:07:22.8691155Z ##[group]GITHUB_TOKEN Permissions
2026-10-09T16:07:22.8693137Z Contents: read
2026-10-09T16:07:22.8693741Z Metadata: read
2026-10-09T16:07:22.8694378Z ##[endgroup]
2026-10-09T16:07:22.8697121Z Secret source: Actions
2026-10-09T16:07:22.8698198Z Cache mode: write
2026-10-09T16:07:22.8698909Z Prepare workflow directory
2026-10-09T16:07:22.9158615Z Prepare all required actions
2026-10-09T16:07:22.9208028Z Getting action download info
2026-10-09T16:07:23.2832084Z Download action repository 'actions/checkout@v5' (SHA:fbc6f3992d24b796d5a048ff273f7fcc4a7b6c09)
2026-10-09T16:07:23.4108802Z Download action repository 'dtolnay/rust-toolchain@1.85.0' (SHA:69084b241933c14c2fa24234c4596f11a2655339)
2026-10-09T16:07:23.6066820Z Download action repository 'Swatinem/rust-cache@v2' (SHA:6323deb102c322ba6fcbdcafc7e3dddab59af2b6)
2026-10-09T16:07:24.2997764Z Complete job name: Rust 1.85.0 / locked workspace
2026-10-09T16:07:24.3819594Z ##[group]Run actions/checkout@v5
2026-10-09T16:07:24.3820613Z with:
2026-10-09T16:07:24.3821133Z   repository: rsasaki0109/rustwright
2026-10-09T16:07:24.3825219Z   token: ***
2026-10-09T16:07:24.3825909Z   ssh-strict: true
2026-10-09T16:07:24.3826403Z   ssh-user: git
2026-10-09T16:07:24.3826891Z   persist-credentials: true
2026-10-09T16:07:24.3827424Z   clean: true
2026-10-09T16:07:24.3827904Z   sparse-checkout-cone-mode: true
2026-10-09T16:07:24.3828458Z   fetch-depth: 1
2026-10-09T16:07:24.3828928Z   fetch-tags: false
2026-10-09T16:07:24.3829413Z   show-progress: true
2026-10-09T16:07:24.3829917Z   lfs: false
2026-10-09T16:07:24.3830403Z   submodules: false
2026-10-09T16:07:24.3830945Z   set-safe-directory: true
2026-10-09T16:07:24.3831490Z   allow-unsafe-pr-checkout: false
2026-10-09T16:07:24.3832332Z env:
2026-10-09T16:07:24.3832788Z   CARGO_TERM_COLOR: always
2026-10-09T16:07:24.3833344Z   RUST_BACKTRACE: 1
2026-10-09T16:07:24.3833821Z ##[endgroup]
2026-10-09T16:07:24.4886127Z Syncing repository: rsasaki0109/rustwright
2026-10-09T16:07:24.4889208Z ##[group]Getting Git version info
2026-10-09T16:07:24.4890584Z Working directory is '/home/runner/work/rustwright/rustwright'
2026-10-09T16:07:24.4892469Z [command]/usr/bin/git version
2026-10-09T16:07:24.4968978Z git version 2.55.0
2026-10-09T16:07:24.5000055Z ##[endgroup]
2026-10-09T16:07:24.5012289Z Temporarily overriding HOME='/home/runner/work/_temp/9bbd7957-7035-44be-958e-a87cc0607776' before making global git config changes
2026-10-09T16:07:24.5015083Z Adding repository directory to the temporary git global config as a safe directory
2026-10-09T16:07:24.5018875Z [command]/usr/bin/git config --global --add safe.directory /home/runner/work/rustwright/rustwright
2026-10-09T16:07:24.5089890Z Deleting the contents of '/home/runner/work/rustwright/rustwright'
2026-10-09T16:07:24.5094111Z ##[group]Initializing the repository
2026-10-09T16:07:24.5098981Z [command]/usr/bin/git init /home/runner/work/rustwright/rustwright
2026-10-09T16:07:24.5238666Z hint: Using 'master' as the name for the initial branch. This default branch name
2026-10-09T16:07:24.5240241Z hint: will change to "main" in Git 3.0. To configure the initial branch name
2026-10-09T16:07:24.5241910Z hint: to use in all of your new repositories, which will suppress this warning,
2026-10-09T16:07:24.5243145Z hint: call:
2026-10-09T16:07:24.5244106Z hint:
2026-10-09T16:07:24.5245289Z hint: 	git config --global init.defaultBranch <name>
2026-10-09T16:07:24.5246881Z hint:
2026-10-09T16:07:24.5248086Z hint: Names commonly chosen instead of 'master' are 'main', 'trunk' and
2026-10-09T16:07:24.5249991Z hint: 'development'. The just-created branch can be renamed via this command:
2026-10-09T16:07:24.5251470Z hint:
2026-10-09T16:07:24.5252276Z hint: 	git branch -m <name>
2026-10-09T16:07:24.5253189Z hint:
2026-10-09T16:07:24.5254530Z hint: Disable this message with "git config set advice.defaultBranchName false"
2026-10-09T16:07:24.5257105Z Initialized empty Git repository in /home/runner/work/rustwright/rustwright/.git/
2026-10-09T16:07:24.5260630Z [command]/usr/bin/git remote add origin https://github.com/rsasaki0109/rustwright
2026-10-09T16:07:24.5317987Z ##[endgroup]
2026-10-09T16:07:24.5319497Z ##[group]Disabling automatic garbage collection
2026-10-09T16:07:24.5323256Z [command]/usr/bin/git config --local gc.auto 0
2026-10-09T16:07:24.5360414Z ##[endgroup]
2026-10-09T16:07:24.5362504Z ##[group]Setting up auth
2026-10-09T16:07:24.5368340Z [command]/usr/bin/git config --local --name-only --get-regexp core\.sshCommand
2026-10-09T16:07:24.5411241Z [command]/usr/bin/git submodule foreach --recursive sh -c "git config --local --name-only --get-regexp 'core\.sshCommand' && git config --local --unset-all 'core.sshCommand' || :"
2026-10-09T16:07:24.5870322Z [command]/usr/bin/git config --local --name-only --get-regexp http\.https\:\/\/github\.com\/\.extraheader
2026-10-09T16:07:24.5907793Z [command]/usr/bin/git submodule foreach --recursive sh -c "git config --local --name-only --get-regexp 'http\.https\:\/\/github\.com\/\.extraheader' && git config --local --unset-all 'http.https://github.com/.extraheader' || :"
2026-10-09T16:07:24.6143330Z [command]/usr/bin/git config --local --name-only --get-regexp ^includeIf\.gitdir:
2026-10-09T16:07:24.6184814Z [command]/usr/bin/git submodule foreach --recursive git config --local --show-origin --name-only --get-regexp remote.origin.url
2026-10-09T16:07:24.6418438Z [command]/usr/bin/git config --local http.https://github.com/.extraheader AUTHORIZATION: basic ***
2026-10-09T16:07:24.6463520Z ##[endgroup]
2026-10-09T16:07:24.6465364Z ##[group]Fetching the repository
2026-10-09T16:07:24.6476541Z [command]/usr/bin/git -c protocol.version=2 fetch --no-tags --prune --no-recurse-submodules --depth=1 origin +dd07b64ac2141a71f90457b67e0022aa339f4eee:refs/remotes/pull/1/merge
2026-10-09T16:07:25.7075788Z From https://github.com/rsasaki0109/rustwright
2026-10-09T16:07:25.7078750Z  * [new ref]         dd07b64ac2141a71f90457b67e0022aa339f4eee -> pull/1/merge
2026-10-09T16:07:25.7084571Z ##[endgroup]
2026-10-09T16:07:25.7087227Z ##[group]Determining the checkout info
2026-10-09T16:07:25.7089923Z ##[endgroup]
2026-10-09T16:07:25.7092574Z [command]/usr/bin/git sparse-checkout disable
2026-10-09T16:07:25.7165854Z [command]/usr/bin/git config --local --unset-all extensions.worktreeConfig
2026-10-09T16:07:25.7202946Z ##[group]Checking out the ref
2026-10-09T16:07:25.7206681Z [command]/usr/bin/git checkout --progress --force refs/remotes/pull/1/merge
2026-10-09T16:07:25.8168865Z Note: switching to 'refs/remotes/pull/1/merge'.
2026-10-09T16:07:25.8169796Z 
2026-10-09T16:07:25.8170508Z You are in 'detached HEAD' state. You can look around, make experimental
2026-10-09T16:07:25.8172302Z changes and commit them, and you can discard any commits you make in this
2026-10-09T16:07:25.8174055Z state without impacting any branches by switching back to a branch.
2026-10-09T16:07:25.8175110Z 
2026-10-09T16:07:25.8176447Z If you want to create a new branch to retain commits you create, you may
2026-10-09T16:07:25.8178055Z do so (now or later) by using -c with the switch command. Example:
2026-10-09T16:07:25.8178997Z 
2026-10-09T16:07:25.8179374Z   git switch -c <new-branch-name>
2026-10-09T16:07:25.8179996Z 
2026-10-09T16:07:25.8180386Z Or undo this operation with:
2026-10-09T16:07:25.8181042Z 
2026-10-09T16:07:25.8181441Z   git switch -
2026-10-09T16:07:25.8181969Z 
2026-10-09T16:07:25.8182851Z Turn off this advice by setting config variable advice.detachedHead to false
2026-10-09T16:07:25.8184113Z 
2026-10-09T16:07:25.8185550Z HEAD is now at dd07b64 Merge b8710c968bf0d4f5efbc27843f80fc876aa812d1 into 91e72af388d000266c9b4e7567a3e1fe4007fc33
2026-10-09T16:07:25.8203038Z ##[endgroup]
2026-10-09T16:07:25.8249997Z [command]/usr/bin/git log -1 --format=%H
2026-10-09T16:07:25.8277047Z dd07b64ac2141a71f90457b67e0022aa339f4eee
2026-10-09T16:07:25.9024934Z ##[group]Run dtolnay/rust-toolchain@1.85.0
2026-10-09T16:07:25.9026588Z with:
2026-10-09T16:07:25.9027377Z env:
2026-10-09T16:07:25.9028179Z   CARGO_TERM_COLOR: always
2026-10-09T16:07:25.9029153Z   RUST_BACKTRACE: 1
2026-10-09T16:07:25.9030003Z ##[endgroup]
2026-10-09T16:07:25.9111694Z ##[start-action display=Parse toolchain version;id=__dtolnay_rust-toolchain.parse]
2026-10-09T16:07:25.9202677Z ##[group]Run if [[ -z $toolchain ]]; then
2026-10-09T16:07:25.9203958Z [36;1mif [[ -z $toolchain ]]; then[0m
2026-10-09T16:07:25.9206123Z [36;1m  # GitHub does not enforce `required: true` inputs itself. https://github.com/actions/runner/issues/1070[0m
2026-10-09T16:07:25.9208233Z [36;1m  echo "'toolchain' is a required input" >&2[0m
2026-10-09T16:07:25.9209433Z [36;1m  exit 1[0m
2026-10-09T16:07:25.9210710Z [36;1melif [[ $toolchain =~ ^stable' '[0-9]+' '(year|month|week|day)s?' 'ago$ ]]; then[0m
2026-10-09T16:07:25.9212310Z [36;1m  if [[ Linux == macOS ]]; then[0m
2026-10-09T16:07:25.9214365Z [36;1m    echo "toolchain=1.$((($(date -v-$(sed 's/stable \([0-9]*\) \(.\).*/\1\2/' <<< $toolchain) +%s)/60/60/24-16569)/7/6))" >> $GITHUB_OUTPUT[0m
2026-10-09T16:07:25.9216484Z [36;1m  else[0m
2026-10-09T16:07:25.9218051Z [36;1m    echo "toolchain=1.$((($(date --date "${toolchain#stable }" +%s)/60/60/24-16569)/7/6))" >> $GITHUB_OUTPUT[0m
2026-10-09T16:07:25.9219843Z [36;1m  fi[0m
2026-10-09T16:07:25.9221005Z [36;1melif [[ $toolchain =~ ^stable' 'minus' '[0-9]+' 'releases?$ ]]; then[0m
2026-10-09T16:07:25.9223055Z [36;1m  echo "toolchain=1.$((($(date +%s)/60/60/24-16569)/7/6-${toolchain//[^0-9]/}))" >> $GITHUB_OUTPUT[0m
2026-10-09T16:07:25.9224849Z [36;1melif [[ $toolchain =~ ^1\.[0-9]+$ ]]; then[0m
2026-10-09T16:07:25.9227249Z [36;1m  echo "toolchain=1.$((i=${toolchain#1.}, c=($(date +%s)/60/60/24-16569)/7/6, i+9*i*(10*i<=c)+90*i*(100*i<=c)))" >> $GITHUB_OUTPUT[0m
2026-10-09T16:07:25.9229189Z [36;1melse[0m
2026-10-09T16:07:25.9230002Z [36;1m  delimiter=EOF[0m
2026-10-09T16:07:25.9231220Z [36;1m  while [[ $toolchain == *$delimiter* ]]; do delimiter+=_; done[0m
2026-10-09T16:07:25.9233184Z [36;1m  printf 'toolchain<<%s\n%s\n%s\n' "$delimiter" "$toolchain" "$delimiter" >> $GITHUB_OUTPUT[0m
2026-10-09T16:07:25.9234819Z [36;1mfi[0m
2026-10-09T16:07:25.9570847Z shell: /usr/bin/bash --noprofile --norc -e -o pipefail {0}
2026-10-09T16:07:25.9572255Z env:
2026-10-09T16:07:25.9573062Z   CARGO_TERM_COLOR: always
2026-10-09T16:07:25.9574022Z   RUST_BACKTRACE: 1
2026-10-09T16:07:25.9574891Z   toolchain: 1.85.0
2026-10-09T16:07:25.9575966Z ##[endgroup]
2026-10-09T16:07:25.9743571Z ##[end-action id=__dtolnay_rust-toolchain.parse;outcome=success;conclusion=success;duration_ms=62]
2026-10-09T16:07:25.9752966Z ##[start-action display=Set $CARGO_HOME;id=__dtolnay_rust-toolchain.__run]
2026-10-09T16:07:25.9815390Z ##[group]Run echo CARGO_HOME=${CARGO_HOME:-"$HOME/.cargo"} >> $GITHUB_ENV
2026-10-09T16:07:25.9817415Z [36;1mecho CARGO_HOME=${CARGO_HOME:-"$HOME/.cargo"} >> $GITHUB_ENV[0m
2026-10-09T16:07:25.9886685Z shell: /usr/bin/bash --noprofile --norc -e -o pipefail {0}
2026-10-09T16:07:25.9888157Z env:
2026-10-09T16:07:25.9888923Z   CARGO_TERM_COLOR: always
2026-10-09T16:07:25.9889828Z   RUST_BACKTRACE: 1
2026-10-09T16:07:25.9890635Z ##[endgroup]
2026-10-09T16:07:26.0006872Z ##[end-action id=__dtolnay_rust-toolchain.__run;outcome=success;conclusion=success;duration_ms=25]
2026-10-09T16:07:26.0013488Z ##[start-action display=Install rustup if needed;id=__dtolnay_rust-toolchain.__run_2]
2026-10-09T16:07:26.0072215Z ##[group]Run if ! command -v rustup &>/dev/null; then
2026-10-09T16:07:26.0073560Z [36;1mif ! command -v rustup &>/dev/null; then[0m
2026-10-09T16:07:26.0076517Z [36;1m  curl --proto '=https' --tlsv1.2 --retry 10 --retry-connrefused --location --silent --show-error --fail https://sh.rustup.rs | sh -s -- --default-toolchain none -y[0m
2026-10-09T16:07:26.0079217Z [36;1m  echo "$CARGO_HOME/bin" >> $GITHUB_PATH[0m
2026-10-09T16:07:26.0080326Z [36;1mfi[0m
2026-10-09T16:07:26.0151514Z shell: /usr/bin/bash --noprofile --norc -e -o pipefail {0}
2026-10-09T16:07:26.0152800Z env:
2026-10-09T16:07:26.0153567Z   CARGO_TERM_COLOR: always
2026-10-09T16:07:26.0154484Z   RUST_BACKTRACE: 1
2026-10-09T16:07:26.0155366Z   CARGO_HOME: /home/runner/.cargo
2026-10-09T16:07:26.0156598Z ##[endgroup]
2026-10-09T16:07:26.0269737Z ##[end-action id=__dtolnay_rust-toolchain.__run_2;outcome=success;conclusion=success;duration_ms=25]
2026-10-09T16:07:26.0277113Z ##[start-action display=Install rustup if needed on windows;id=__dtolnay_rust-toolchain.__run_3]
2026-10-09T16:07:26.0293728Z ##[end-action id=__dtolnay_rust-toolchain.__run_3;outcome=skipped;conclusion=skipped;duration_ms=0]
2026-10-09T16:07:26.0313255Z ##[start-action display=rustup toolchain install 1.85.0;id=__dtolnay_rust-toolchain.__run_4]
2026-10-09T16:07:26.0360867Z ##[group]Run set -f  # split targets and components on commas and whitespace, without glob expansion
2026-10-09T16:07:26.0363277Z [36;1mset -f  # split targets and components on commas and whitespace, without glob expansion[0m
2026-10-09T16:07:26.0364952Z [36;1mflags=()[0m
2026-10-09T16:07:26.0366264Z [36;1mfor t in ${targets//,/ }; do flags+=(--target "$t"); done[0m
2026-10-09T16:07:26.0367830Z [36;1mfor c in ${components//,/ }; do flags+=(--component "$c"); done[0m
2026-10-09T16:07:26.0369689Z [36;1mif [[ $toolchain == nightly && -n $components ]]; then flags+=(--allow-downgrade); fi[0m
2026-10-09T16:07:26.0371278Z [36;1mlog=$(mktemp)[0m
2026-10-09T16:07:26.0372158Z [36;1mtrap 'rm -f "$log"' EXIT[0m
2026-10-09T16:07:26.0373149Z [36;1mfor attempt in 1 2 3 4 5; do[0m
2026-10-09T16:07:26.0375243Z [36;1m  if rustup toolchain install "$toolchain" "${flags[@]}" --profile minimal --no-self-update --force-non-host 2>&1 | tee "$log"; then[0m
2026-10-09T16:07:26.0377601Z [36;1m    break[0m
2026-10-09T16:07:26.0378396Z [36;1m  else[0m
2026-10-09T16:07:26.0379189Z [36;1m    status=$?[0m
2026-10-09T16:07:26.0380025Z [36;1m  fi[0m
2026-10-09T16:07:26.0381122Z [36;1m  if [[ $attempt == 5 ]] || ! grep -Fq 'checksum failed for ' "$log" \[0m
2026-10-09T16:07:26.0383188Z [36;1m      || ! grep -Fq 'this is likely due to an ongoing update of the official release server' "$log"; then[0m
2026-10-09T16:07:26.0384925Z [36;1m    exit "$status"[0m
2026-10-09T16:07:26.0385933Z [36;1m  fi[0m
2026-10-09T16:07:26.0387252Z [36;1m  echo "Retrying rustup toolchain install in 30 seconds (retry $attempt of 4)" >&2[0m
2026-10-09T16:07:26.0388826Z [36;1m  sleep 30[0m
2026-10-09T16:07:26.0389623Z [36;1mdone[0m
2026-10-09T16:07:26.0461592Z shell: /usr/bin/bash --noprofile --norc -e -o pipefail {0}
2026-10-09T16:07:26.0462809Z env:
2026-10-09T16:07:26.0463553Z   CARGO_TERM_COLOR: always
2026-10-09T16:07:26.0464441Z   RUST_BACKTRACE: 1
2026-10-09T16:07:26.0465276Z   CARGO_HOME: /home/runner/.cargo
2026-10-09T16:07:26.0466414Z   toolchain: 1.85.0
2026-10-09T16:07:26.0467194Z   targets: 
2026-10-09T16:07:26.0467922Z   components: 
2026-10-09T16:07:26.0468734Z   RUSTUP_PERMIT_COPY_RENAME: 1
2026-10-09T16:07:26.0469647Z ##[endgroup]
2026-10-09T16:07:26.1196685Z info: syncing channel updates for 1.85.0-x86_64-unknown-linux-gnu
2026-10-09T16:07:26.2407356Z info: latest update on 2025-02-20 for version 1.85.0 (4d91de4e4 2025-02-17)
2026-10-09T16:07:26.2409973Z info: downloading 3 components
2026-10-09T16:07:33.0491757Z 
2026-10-09T16:07:33.0566721Z   1.85.0-x86_64-unknown-linux-gnu installed - rustc 1.85.0 (4d91de4e4 2025-02-17)
2026-10-09T16:07:33.0567618Z 
2026-10-09T16:07:33.0645393Z ##[end-action id=__dtolnay_rust-toolchain.__run_4;outcome=success;conclusion=success;duration_ms=7033]
2026-10-09T16:07:33.0656606Z ##[start-action display=rustup default 1.85.0;id=__dtolnay_rust-toolchain.__run_5]
2026-10-09T16:07:33.0689532Z ##[group]Run rustup default "$toolchain" --force-non-host
2026-10-09T16:07:33.0690008Z [36;1mrustup default "$toolchain" --force-non-host[0m
2026-10-09T16:07:33.0752072Z shell: /usr/bin/bash --noprofile --norc -e -o pipefail {0}
2026-10-09T16:07:33.0752473Z env:
2026-10-09T16:07:33.0752934Z   CARGO_TERM_COLOR: always
2026-10-09T16:07:33.0753232Z   RUST_BACKTRACE: 1
2026-10-09T16:07:33.0753521Z   CARGO_HOME: /home/runner/.cargo
2026-10-09T16:07:33.0753819Z   toolchain: 1.85.0
2026-10-09T16:07:33.0754078Z ##[endgroup]
2026-10-09T16:07:33.0877779Z info: using existing install for 1.85.0-x86_64-unknown-linux-gnu
2026-10-09T16:07:33.0884932Z info: default toolchain set to 1.85.0-x86_64-unknown-linux-gnu
2026-10-09T16:07:33.0885472Z 
2026-10-09T16:07:33.0956965Z   1.85.0-x86_64-unknown-linux-gnu unchanged - rustc 1.85.0 (4d91de4e4 2025-02-17)
2026-10-09T16:07:33.0957636Z 
2026-10-09T16:07:33.0977486Z ##[end-action id=__dtolnay_rust-toolchain.__run_5;outcome=success;conclusion=success;duration_ms=31]
2026-10-09T16:07:33.0982182Z ##[start-action display=Create cachekey;id=__dtolnay_rust-toolchain.rustc-version]
2026-10-09T16:07:33.1037909Z ##[group]Run DATE=$(rustc +"$toolchain" --version --verbose | sed -ne 's/^commit-date: \(20[0-9][0-9]\)-\([01][0-9]\)-\([0-3][0-9]\)$/\1\2\3/p')
2026-10-09T16:07:33.1038844Z [36;1mDATE=$(rustc +"$toolchain" --version --verbose | sed -ne 's/^commit-date: \(20[0-9][0-9]\)-\([01][0-9]\)-\([0-3][0-9]\)$/\1\2\3/p')[0m
2026-10-09T16:07:33.1039612Z [36;1mHASH=$(rustc +"$toolchain" --version --verbose | sed -ne 's/^commit-hash: //p')[0m
2026-10-09T16:07:33.1040202Z [36;1mecho "cachekey=$(echo $DATE$HASH | head -c12)" >> $GITHUB_OUTPUT[0m
2026-10-09T16:07:33.1102362Z shell: /usr/bin/bash --noprofile --norc -e -o pipefail {0}
2026-10-09T16:07:33.1102773Z env:
2026-10-09T16:07:33.1103029Z   CARGO_TERM_COLOR: always
2026-10-09T16:07:33.1103314Z   RUST_BACKTRACE: 1
2026-10-09T16:07:33.1103612Z   CARGO_HOME: /home/runner/.cargo
2026-10-09T16:07:33.1103947Z   toolchain: 1.85.0
2026-10-09T16:07:33.1104214Z ##[endgroup]
2026-10-09T16:07:33.1456531Z ##[end-action id=__dtolnay_rust-toolchain.rustc-version;outcome=success;conclusion=success;duration_ms=47]
2026-10-09T16:07:33.1459630Z ##[start-action display=Disable incremental compilation;id=__dtolnay_rust-toolchain.__run_6]
2026-10-09T16:07:33.1492553Z ##[group]Run if [ -z "${CARGO_INCREMENTAL+set}" ]; then
2026-10-09T16:07:33.1493017Z [36;1mif [ -z "${CARGO_INCREMENTAL+set}" ]; then[0m
2026-10-09T16:07:33.1493411Z [36;1m  echo CARGO_INCREMENTAL=0 >> $GITHUB_ENV[0m
2026-10-09T16:07:33.1493756Z [36;1mfi[0m
2026-10-09T16:07:33.1555544Z shell: /usr/bin/bash --noprofile --norc -e -o pipefail {0}
2026-10-09T16:07:33.1556218Z env:
2026-10-09T16:07:33.1556487Z   CARGO_TERM_COLOR: always
2026-10-09T16:07:33.1556787Z   RUST_BACKTRACE: 1
2026-10-09T16:07:33.1557069Z   CARGO_HOME: /home/runner/.cargo
2026-10-09T16:07:33.1557373Z ##[endgroup]
2026-10-09T16:07:33.1641715Z ##[end-action id=__dtolnay_rust-toolchain.__run_6;outcome=success;conclusion=success;duration_ms=18]
2026-10-09T16:07:33.1644281Z ##[start-action display=Enable colors in Cargo output;id=__dtolnay_rust-toolchain.__run_7]
2026-10-09T16:07:33.1674475Z ##[group]Run if [ -z "${CARGO_TERM_COLOR+set}" ]; then
2026-10-09T16:07:33.1674923Z [36;1mif [ -z "${CARGO_TERM_COLOR+set}" ]; then[0m
2026-10-09T16:07:33.1675328Z [36;1m  echo CARGO_TERM_COLOR=always >> $GITHUB_ENV[0m
2026-10-09T16:07:33.1676206Z [36;1mfi[0m
2026-10-09T16:07:33.1732053Z shell: /usr/bin/bash --noprofile --norc -e -o pipefail {0}
2026-10-09T16:07:33.1732465Z env:
2026-10-09T16:07:33.1732720Z   CARGO_TERM_COLOR: always
2026-10-09T16:07:33.1733008Z   RUST_BACKTRACE: 1
2026-10-09T16:07:33.1733281Z   CARGO_HOME: /home/runner/.cargo
2026-10-09T16:07:33.1733598Z   CARGO_INCREMENTAL: 0
2026-10-09T16:07:33.1733865Z ##[endgroup]
2026-10-09T16:07:33.1816725Z ##[end-action id=__dtolnay_rust-toolchain.__run_7;outcome=success;conclusion=success;duration_ms=17]
2026-10-09T16:07:33.1820959Z ##[start-action display=Enable Cargo sparse registry;id=__dtolnay_rust-toolchain.__run_8]
2026-10-09T16:07:33.1904675Z ##[group]Run # implemented in 1.66, stabilized in 1.68, made default in 1.70
2026-10-09T16:07:33.1905278Z [36;1m# implemented in 1.66, stabilized in 1.68, made default in 1.70[0m
2026-10-09T16:07:33.1906611Z [36;1mif [ -z "${CARGO_REGISTRIES_CRATES_IO_PROTOCOL+set}" -o -f "/home/runner/work/_temp"/.implicit_cargo_registries_crates_io_protocol ]; then[0m
2026-10-09T16:07:33.1907490Z [36;1m  if rustc +"$toolchain" --version --verbose | grep -q '^release: 1\.6[89]\.'; then[0m
2026-10-09T16:07:33.1908174Z [36;1m    touch "/home/runner/work/_temp"/.implicit_cargo_registries_crates_io_protocol || true[0m
2026-10-09T16:07:33.1908811Z [36;1m    echo CARGO_REGISTRIES_CRATES_IO_PROTOCOL=sparse >> $GITHUB_ENV[0m
2026-10-09T16:07:33.1909416Z [36;1m  elif rustc +"$toolchain" --version --verbose | grep -q '^release: 1\.6[67]\.'; then[0m
2026-10-09T16:07:33.1910076Z [36;1m    touch "/home/runner/work/_temp"/.implicit_cargo_registries_crates_io_protocol || true[0m
2026-10-09T16:07:33.1910666Z [36;1m    echo CARGO_REGISTRIES_CRATES_IO_PROTOCOL=git >> $GITHUB_ENV[0m
2026-10-09T16:07:33.1911070Z [36;1m  fi[0m
2026-10-09T16:07:33.1911331Z [36;1mfi[0m
2026-10-09T16:07:33.1968947Z shell: /usr/bin/bash --noprofile --norc -e -o pipefail {0}
2026-10-09T16:07:33.1969361Z env:
2026-10-09T16:07:33.1969621Z   CARGO_TERM_COLOR: always
2026-10-09T16:07:33.1969916Z   RUST_BACKTRACE: 1
2026-10-09T16:07:33.1970191Z   CARGO_HOME: /home/runner/.cargo
2026-10-09T16:07:33.1970506Z   CARGO_INCREMENTAL: 0
2026-10-09T16:07:33.1970775Z   toolchain: 1.85.0
2026-10-09T16:07:33.1971029Z ##[endgroup]
2026-10-09T16:07:33.2297687Z ##[end-action id=__dtolnay_rust-toolchain.__run_8;outcome=success;conclusion=success;duration_ms=47]
2026-10-09T16:07:33.2302348Z ##[start-action display=Work around spurious network errors in curl 8.0;id=__dtolnay_rust-toolchain.__run_9]
2026-10-09T16:07:33.2333001Z ##[group]Run # https://rust-lang.zulipchat.com/#narrow/stream/246057-t-cargo/topic/timeout.20investigation
2026-10-09T16:07:33.2333871Z [36;1m# https://rust-lang.zulipchat.com/#narrow/stream/246057-t-cargo/topic/timeout.20investigation[0m
2026-10-09T16:07:33.2334602Z [36;1mif rustc +"$toolchain" --version --verbose | grep -q '^release: 1\.7[01]\.'; then[0m
2026-10-09T16:07:33.2335157Z [36;1m  echo CARGO_HTTP_MULTIPLEXING=false >> $GITHUB_ENV[0m
2026-10-09T16:07:33.2335534Z [36;1mfi[0m
2026-10-09T16:07:33.2397939Z shell: /usr/bin/bash --noprofile --norc -e -o pipefail {0}
2026-10-09T16:07:33.2398348Z env:
2026-10-09T16:07:33.2398616Z   CARGO_TERM_COLOR: always
2026-10-09T16:07:33.2398902Z   RUST_BACKTRACE: 1
2026-10-09T16:07:33.2399173Z   CARGO_HOME: /home/runner/.cargo
2026-10-09T16:07:33.2399478Z   CARGO_INCREMENTAL: 0
2026-10-09T16:07:33.2399738Z   toolchain: 1.85.0
2026-10-09T16:07:33.2399986Z ##[endgroup]
2026-10-09T16:07:33.2607463Z ##[end-action id=__dtolnay_rust-toolchain.__run_9;outcome=success;conclusion=success;duration_ms=30]
2026-10-09T16:07:33.2613385Z ##[start-action display=rustc +1.85.0 --version --verbose;id=__dtolnay_rust-toolchain.__run_10]
2026-10-09T16:07:33.2646694Z ##[group]Run rustc +"$toolchain" --version --verbose
2026-10-09T16:07:33.2647142Z [36;1mrustc +"$toolchain" --version --verbose[0m
2026-10-09T16:07:33.2709239Z shell: /usr/bin/bash --noprofile --norc -e -o pipefail {0}
2026-10-09T16:07:33.2709819Z env:
2026-10-09T16:07:33.2710072Z   CARGO_TERM_COLOR: always
2026-10-09T16:07:33.2710358Z   RUST_BACKTRACE: 1
2026-10-09T16:07:33.2710636Z   CARGO_HOME: /home/runner/.cargo
2026-10-09T16:07:33.2710944Z   CARGO_INCREMENTAL: 0
2026-10-09T16:07:33.2711205Z   toolchain: 1.85.0
2026-10-09T16:07:33.2711459Z ##[endgroup]
2026-10-09T16:07:33.2892802Z rustc 1.85.0 (4d91de4e4 2025-02-17)
2026-10-09T16:07:33.2893479Z binary: rustc
2026-10-09T16:07:33.2894116Z commit-hash: 4d91de4e48198da2e33413efdcd9cd2cc0c46688
2026-10-09T16:07:33.2894794Z commit-date: 2025-02-17
2026-10-09T16:07:33.2895304Z host: x86_64-unknown-linux-gnu
2026-10-09T16:07:33.2895884Z release: 1.85.0
2026-10-09T16:07:33.2896252Z LLVM version: 19.1.7
2026-10-09T16:07:33.2910560Z ##[end-action id=__dtolnay_rust-toolchain.__run_10;outcome=success;conclusion=success;duration_ms=29]
2026-10-09T16:07:33.3048858Z ##[group]Run Swatinem/rust-cache@v2
2026-10-09T16:07:33.3049211Z with:
2026-10-09T16:07:33.3049459Z   prefix-key: v0-rust
2026-10-09T16:07:33.3049748Z   add-job-id-key: true
2026-10-09T16:07:33.3050039Z   add-rust-environment-hash-key: true
2026-10-09T16:07:33.3050365Z   cache-targets: true
2026-10-09T16:07:33.3050634Z   cache-all-crates: false
2026-10-09T16:07:33.3050927Z   cache-workspace-crates: false
2026-10-09T16:07:33.3051225Z   save-if: true
2026-10-09T16:07:33.3051484Z   cache-provider: github
2026-10-09T16:07:33.3051758Z   cache-bin: true
2026-10-09T16:07:33.3052009Z   lookup-only: false
2026-10-09T16:07:33.3052264Z   cmd-format: {0}
2026-10-09T16:07:33.3052503Z env:
2026-10-09T16:07:33.3052738Z   CARGO_TERM_COLOR: always
2026-10-09T16:07:33.3053015Z   RUST_BACKTRACE: 1
2026-10-09T16:07:33.3053282Z   CARGO_HOME: /home/runner/.cargo
2026-10-09T16:07:33.3053585Z   CARGO_INCREMENTAL: 0
2026-10-09T16:07:33.3053840Z ##[endgroup]
2026-10-09T16:07:35.4786477Z ##[group]Cache Configuration
2026-10-09T16:07:35.4787157Z Cache Provider:
2026-10-09T16:07:35.4787880Z     github
2026-10-09T16:07:35.4788242Z Workspaces:
2026-10-09T16:07:35.4788728Z     /home/runner/work/rustwright/rustwright
2026-10-09T16:07:35.4789147Z Cache Paths:
2026-10-09T16:07:35.4789443Z     /home/runner/.cargo/bin
2026-10-09T16:07:35.4800275Z     /home/runner/.cargo/.crates.toml
2026-10-09T16:07:35.4800793Z     /home/runner/.cargo/.crates2.json
2026-10-09T16:07:35.4801244Z     /home/runner/.cargo/registry
2026-10-09T16:07:35.4801655Z     /home/runner/.cargo/git
2026-10-09T16:07:35.4802158Z     /home/runner/work/rustwright/rustwright/target
2026-10-09T16:07:35.4802667Z Restore Key:
2026-10-09T16:07:35.4803029Z     v0-rust-msrv-Linux-x64-7a998008
2026-10-09T16:07:35.4803486Z Cache Key:
2026-10-09T16:07:35.4803731Z     v0-rust-msrv-Linux-x64-7a998008-ed23558d
2026-10-09T16:07:35.4804020Z .. Prefix:
2026-10-09T16:07:35.4804224Z   - v0-rust-msrv-Linux-x64
2026-10-09T16:07:35.4804479Z .. Environment considered:
2026-10-09T16:07:35.4804719Z   - Rust Versions:
2026-10-09T16:07:35.4805068Z     - 1.85.0 x86_64-unknown-linux-gnu 4d91de4e48198da2e33413efdcd9cd2cc0c46688
2026-10-09T16:07:35.4805568Z     - 1.99.0 x86_64-unknown-linux-gnu b940084d7eb6a299eb4bfeb8e34901bc051e7ac4
2026-10-09T16:07:35.4806538Z   - CARGO_HOME
2026-10-09T16:07:35.4806749Z   - CARGO_INCREMENTAL
2026-10-09T16:07:35.4806961Z   - CARGO_TERM_COLOR
2026-10-09T16:07:35.4807237Z   - RUST_BACKTRACE
2026-10-09T16:07:35.4807501Z .. Lockfiles considered:
2026-10-09T16:07:35.4807785Z   - /home/runner/work/rustwright/rustwright/Cargo.lock
2026-10-09T16:07:35.4808404Z   - /home/runner/work/rustwright/rustwright/crates/rustwright-bidi/Cargo.toml
2026-10-09T16:07:35.4809194Z   - /home/runner/work/rustwright/rustwright/crates/rustwright-browser/Cargo.toml
2026-10-09T16:07:35.4809800Z   - /home/runner/work/rustwright/rustwright/crates/rustwright-cdp/Cargo.toml
2026-10-09T16:07:35.4810365Z   - /home/runner/work/rustwright/rustwright/crates/rustwright-common/Cargo.toml
2026-10-09T16:07:35.4811055Z   - /home/runner/work/rustwright/rustwright/crates/rustwright-core/Cargo.toml
2026-10-09T16:07:35.4811718Z   - /home/runner/work/rustwright/rustwright/crates/rustwright-test-macros/Cargo.toml
2026-10-09T16:07:35.4812745Z   - /home/runner/work/rustwright/rustwright/crates/rustwright-test/Cargo.toml
2026-10-09T16:07:35.4813356Z   - /home/runner/work/rustwright/rustwright/crates/rustwright/Cargo.toml
2026-10-09T16:07:35.4814195Z   - /home/runner/work/rustwright/rustwright/docs/ci/results/remote-20261009/followup-local/consumer/.cargo/config.toml
2026-10-09T16:07:35.4815193Z   - /home/runner/work/rustwright/rustwright/docs/ci/results/required-browser/release/consumer/.cargo/config.toml
2026-10-09T16:07:35.4816327Z   - /home/runner/work/rustwright/rustwright/docs/release/results/local-package/consumer/.cargo/config.toml
2026-10-09T16:07:35.4817089Z   - /home/runner/work/rustwright/rustwright/examples/Cargo.toml
2026-10-09T16:07:35.4817823Z   - /home/runner/work/rustwright/rustwright/tests/Cargo.toml
2026-10-09T16:07:35.4818460Z ##[endgroup]
2026-10-09T16:07:35.4818628Z 
2026-10-09T16:07:35.4818778Z ... Restoring cache ...
2026-10-09T16:07:35.7336907Z No cache found.
2026-10-09T16:07:35.7441239Z ##[group]Run cargo check --locked --workspace --all-targets
2026-10-09T16:07:35.7441711Z [36;1mcargo check --locked --workspace --all-targets[0m
2026-10-09T16:07:35.7505053Z shell: /usr/bin/bash -e {0}
2026-10-09T16:07:35.7505316Z env:
2026-10-09T16:07:35.7505522Z   CARGO_TERM_COLOR: always
2026-10-09T16:07:35.7506060Z   RUST_BACKTRACE: 1
2026-10-09T16:07:35.7506308Z   CARGO_HOME: /home/runner/.cargo
2026-10-09T16:07:35.7506572Z   CARGO_INCREMENTAL: 0
2026-10-09T16:07:35.7506796Z   CACHE_ON_FAILURE: false
2026-10-09T16:07:35.7507013Z ##[endgroup]
2026-10-09T16:07:35.7926216Z [1m[32m    Updating[0m crates.io index
2026-10-09T16:07:35.9610986Z [1m[32m Downloading[0m crates ...
2026-10-09T16:07:35.9953649Z [1m[32m  Downloaded[0m const-oid v0.10.2
2026-10-09T16:07:35.9987721Z [1m[32m  Downloaded[0m tracing-attributes v0.1.31
2026-10-09T16:07:36.0044709Z [1m[32m  Downloaded[0m signal-hook-registry v1.4.8
2026-10-09T16:07:36.0061239Z [1m[32m  Downloaded[0m rand_core v0.10.1
2026-10-09T16:07:36.0082731Z [1m[32m  Downloaded[0m socket2 v0.6.5
2026-10-09T16:07:36.0109625Z [1m[32m  Downloaded[0m getrandom v0.4.3
2026-10-09T16:07:36.0156147Z [1m[32m  Downloaded[0m serde v1.0.229
2026-10-09T16:07:36.0202556Z [1m[32m  Downloaded[0m itoa v1.0.18
2026-10-09T16:07:36.0226258Z [1m[32m  Downloaded[0m sha1 v0.11.0
2026-10-09T16:07:36.0251556Z [1m[32m  Downloaded[0m quote v1.0.47
2026-10-09T16:07:36.0286324Z [1m[32m  Downloaded[0m zmij v1.0.23
2026-10-09T16:07:36.0310959Z [1m[32m  Downloaded[0m pin-project-lite v0.2.17
2026-10-09T16:07:36.0378071Z [1m[32m  Downloaded[0m slab v0.4.12
2026-10-09T16:07:36.0397804Z [1m[32m  Downloaded[0m unicode-ident v1.0.26
2026-10-09T16:07:36.0434499Z [1m[32m  Downloaded[0m serde_core v1.0.229
2026-10-09T16:07:36.0471683Z [1m[32m  Downloaded[0m tracing-core v0.1.36
2026-10-09T16:07:36.0506143Z [1m[32m  Downloaded[0m tungstenite v0.30.0
2026-10-09T16:07:36.0549756Z [1m[32m  Downloaded[0m typenum v1.20.1
2026-10-09T16:07:36.0594638Z [1m[32m  Downloaded[0m rand v0.10.2
2026-10-09T16:07:36.0641889Z [1m[32m  Downloaded[0m memchr v2.8.3
2026-10-09T16:07:36.0705902Z [1m[32m  Downloaded[0m futures-util v0.3.34
2026-10-09T16:07:36.0854731Z [1m[32m  Downloaded[0m serde_json v1.0.151
2026-10-09T16:07:36.0941583Z [1m[32m  Downloaded[0m http v1.5.0
2026-10-09T16:07:36.0990173Z [1m[32m  Downloaded[0m chacha20 v0.10.2
2026-10-09T16:07:36.1018650Z [1m[32m  Downloaded[0m data-encoding v2.11.1
2026-10-09T16:07:36.1032615Z [1m[32m  Downloaded[0m thiserror-impl v2.0.20
2026-10-09T16:07:36.1052702Z [1m[32m  Downloaded[0m thiserror v2.0.20
2026-10-09T16:07:36.1123322Z [1m[32m  Downloaded[0m serde_derive v1.0.229
2026-10-09T16:07:36.1162390Z [1m[32m  Downloaded[0m log v0.4.34
2026-10-09T16:07:36.1193182Z [1m[32m  Downloaded[0m syn v3.0.6
2026-10-09T16:07:36.1321091Z [1m[32m  Downloaded[0m syn v2.0.119
2026-10-09T16:07:36.1448471Z [1m[32m  Downloaded[0m hybrid-array v0.4.15
2026-10-09T16:07:36.1473232Z [1m[32m  Downloaded[0m errno v0.3.14
2026-10-09T16:07:36.1490060Z [1m[32m  Downloaded[0m once_cell v1.21.4
2026-10-09T16:07:36.1517970Z [1m[32m  Downloaded[0m tokio-tungstenite v0.30.0
2026-10-09T16:07:36.1542986Z [1m[32m  Downloaded[0m tokio-macros v2.7.2
2026-10-09T16:07:36.1555620Z [1m[32m  Downloaded[0m futures-macro v0.3.34
2026-10-09T16:07:36.1568284Z [1m[32m  Downloaded[0m cpufeatures v0.3.1
2026-10-09T16:07:36.1584444Z [1m[32m  Downloaded[0m tracing v0.1.44
2026-10-09T16:07:36.1811547Z [1m[32m  Downloaded[0m block-buffer v0.12.1
2026-10-09T16:07:36.1825421Z [1m[32m  Downloaded[0m cfg-if v1.0.5
2026-10-09T16:07:36.1840171Z [1m[32m  Downloaded[0m futures-sink v0.3.34
2026-10-09T16:07:36.1849714Z [1m[32m  Downloaded[0m libc v0.2.189
2026-10-09T16:07:36.2403092Z [1m[32m  Downloaded[0m futures-core v0.3.34
2026-10-09T16:07:36.2420884Z [1m[32m  Downloaded[0m futures-task v0.3.34
2026-10-09T16:07:36.2436892Z [1m[32m  Downloaded[0m crypto-common v0.2.2
2026-10-09T16:07:36.2450668Z [1m[32m  Downloaded[0m proc-macro2 v1.0.107
2026-10-09T16:07:36.2484822Z [1m[32m  Downloaded[0m bytes v1.12.1
2026-10-09T16:07:36.2526229Z [1m[32m  Downloaded[0m mio v1.2.3
2026-10-09T16:07:36.2594801Z [1m[32m  Downloaded[0m httparse v1.10.1
2026-10-09T16:07:36.2624490Z [1m[32m  Downloaded[0m digest v0.11.3
2026-10-09T16:07:36.2651337Z [1m[32m  Downloaded[0m base64 v0.22.1
2026-10-09T16:07:36.2697591Z [1m[32m  Downloaded[0m tokio v1.53.1
2026-10-09T16:07:36.3577114Z [1m[32m   Compiling[0m proc-macro2 v1.0.107
2026-10-09T16:07:36.3578002Z [1m[32m   Compiling[0m quote v1.0.47
2026-10-09T16:07:36.3579513Z [1m[32m   Compiling[0m unicode-ident v1.0.26
2026-10-09T16:07:36.3580165Z [1m[32m   Compiling[0m libc v0.2.189
2026-10-09T16:07:36.4217000Z [1m[32m    Checking[0m typenum v1.20.1
2026-10-09T16:07:36.7132791Z [1m[32m   Compiling[0m serde_core v1.0.229
2026-10-09T16:07:36.9677291Z [1m[32m    Checking[0m cfg-if v1.0.5
2026-10-09T16:07:36.9887251Z [1m[32m    Checking[0m itoa v1.0.18
2026-10-09T16:07:37.0917167Z [1m[32m    Checking[0m cpufeatures v0.3.1
2026-10-09T16:07:37.1134615Z [1m[32m    Checking[0m rand_core v0.10.1
2026-10-09T16:07:37.3097116Z [1m[32m    Checking[0m hybrid-array v0.4.15
2026-10-09T16:07:37.3797007Z [1m[32m   Compiling[0m syn v3.0.6
2026-10-09T16:07:37.4192523Z [1m[32m   Compiling[0m getrandom v0.4.3
2026-10-09T16:07:37.6047245Z [1m[32m   Compiling[0m zmij v1.0.23
2026-10-09T16:07:37.8257155Z [1m[32m   Compiling[0m serde_json v1.0.151
2026-10-09T16:07:37.8877047Z [1m[32m    Checking[0m crypto-common v0.2.2
2026-10-09T16:07:37.9803937Z [1m[32m    Checking[0m block-buffer v0.12.1
2026-10-09T16:07:38.0657439Z [1m[32m   Compiling[0m httparse v1.10.1
2026-10-09T16:07:38.3707661Z [1m[32m    Checking[0m pin-project-lite v0.2.17
2026-10-09T16:07:38.4088156Z [1m[32m    Checking[0m bytes v1.12.1
2026-10-09T16:07:38.7740250Z [1m[32m    Checking[0m const-oid v0.10.2
2026-10-09T16:07:38.8705578Z [1m[32m   Compiling[0m thiserror v2.0.20
2026-10-09T16:07:38.8867065Z [1m[32m    Checking[0m digest v0.11.3
2026-10-09T16:07:39.2304796Z [1m[32m    Checking[0m errno v0.3.14
2026-10-09T16:07:39.2877034Z [1m[32m   Compiling[0m syn v2.0.119
2026-10-09T16:07:39.2997049Z [1m[32m    Checking[0m chacha20 v0.10.2
2026-10-09T16:07:39.4477285Z [1m[32m    Checking[0m memchr v2.8.3
2026-10-09T16:07:39.8007121Z [1m[32m    Checking[0m rand v0.10.2
2026-10-09T16:07:40.2797022Z [1m[32m    Checking[0m signal-hook-registry v1.4.8
2026-10-09T16:07:40.5302201Z [1m[32m    Checking[0m sha1 v0.11.0
2026-10-09T16:07:40.5616919Z [1m[32m    Checking[0m http v1.5.0
2026-10-09T16:07:40.6467410Z [1m[32m    Checking[0m socket2 v0.6.5
2026-10-09T16:07:40.8974500Z [1m[32m    Checking[0m mio v1.2.3
2026-10-09T16:07:41.1627176Z [1m[32m    Checking[0m futures-task v0.3.34
2026-10-09T16:07:41.2067558Z [1m[32m    Checking[0m slab v0.4.12
2026-10-09T16:07:41.2356891Z [1m[32m    Checking[0m data-encoding v2.11.1
2026-10-09T16:07:41.2905417Z [1m[32m    Checking[0m once_cell v1.21.4
2026-10-09T16:07:41.4016996Z [1m[32m    Checking[0m log v0.4.34
2026-10-09T16:07:41.4846959Z [1m[32m    Checking[0m futures-sink v0.3.34
2026-10-09T16:07:41.4977602Z [1m[32m    Checking[0m futures-core v0.3.34
2026-10-09T16:07:41.5153767Z [1m[32m   Compiling[0m serde v1.0.229
2026-10-09T16:07:41.5577041Z [1m[32m    Checking[0m tracing-core v0.1.36
2026-10-09T16:07:41.6037148Z [1m[32m   Compiling[0m thiserror-impl v2.0.20
2026-10-09T16:07:41.7581879Z [1m[32m   Compiling[0m futures-macro v0.3.34
2026-10-09T16:07:41.8407391Z [1m[32m   Compiling[0m tokio-macros v2.7.2
2026-10-09T16:07:42.6393633Z [1m[32m    Checking[0m tokio v1.53.1
2026-10-09T16:07:42.6721297Z [1m[32m    Checking[0m futures-util v0.3.34
2026-10-09T16:07:43.1487240Z [1m[32m    Checking[0m tungstenite v0.30.0
2026-10-09T16:07:43.5978652Z [1m[32m   Compiling[0m serde_derive v1.0.229
2026-10-09T16:07:44.4697856Z [1m[32m   Compiling[0m tracing-attributes v0.1.31
2026-10-09T16:07:44.6957743Z [1m[32m    Checking[0m rustwright-common v0.1.0 (/home/runner/work/rustwright/rustwright/crates/rustwright-common)
2026-10-09T16:07:44.7797014Z [1m[32m    Checking[0m base64 v0.22.1
2026-10-09T16:07:44.9777588Z [1m[32m   Compiling[0m rustwright-test-macros v0.1.0 (/home/runner/work/rustwright/rustwright/crates/rustwright-test-macros)
2026-10-09T16:07:45.9377090Z [1m[32m    Checking[0m tracing v0.1.44
2026-10-09T16:07:46.3411258Z [1m[32m    Checking[0m tokio-tungstenite v0.30.0
2026-10-09T16:07:47.0213511Z [1m[32m    Checking[0m rustwright-cdp v0.1.0 (/home/runner/work/rustwright/rustwright/crates/rustwright-cdp)
2026-10-09T16:07:48.2863894Z [1m[32m    Checking[0m rustwright-browser v0.1.0 (/home/runner/work/rustwright/rustwright/crates/rustwright-browser)
2026-10-09T16:07:48.4198694Z [1m[32m    Checking[0m rustwright-bidi v0.1.0 (/home/runner/work/rustwright/rustwright/crates/rustwright-bidi)
2026-10-09T16:07:48.4200043Z [1m[32m    Checking[0m rustwright-core v0.1.0 (/home/runner/work/rustwright/rustwright/crates/rustwright-core)
2026-10-09T16:07:49.8277855Z [1m[32m    Checking[0m rustwright v0.1.0 (/home/runner/work/rustwright/rustwright/crates/rustwright)
2026-10-09T16:07:49.9853541Z [1m[32m    Checking[0m rustwright-test v0.1.0 (/home/runner/work/rustwright/rustwright/crates/rustwright-test)
2026-10-09T16:07:49.9855449Z [1m[32m    Checking[0m rustwright-integration-tests v0.1.0 (/home/runner/work/rustwright/rustwright/tests)
2026-10-09T16:07:50.3947553Z [1m[32m    Checking[0m rustwright-examples v0.1.0 (/home/runner/work/rustwright/rustwright/examples)
2026-10-09T16:07:52.0767573Z [1m[32m    Finished[0m `dev` profile [unoptimized + debuginfo] target(s) in 16.31s
2026-10-09T16:07:52.1096284Z Post job cleanup.
2026-10-09T16:07:52.2296436Z ##[group]Cache Configuration
2026-10-09T16:07:52.2297179Z Cache Provider:
2026-10-09T16:07:52.2297562Z     github
2026-10-09T16:07:52.2297903Z Workspaces:
2026-10-09T16:07:52.2298297Z     /home/runner/work/rustwright/rustwright
2026-10-09T16:07:52.2298873Z Cache Paths:
2026-10-09T16:07:52.2299249Z     /home/runner/.cargo/bin
2026-10-09T16:07:52.2299695Z     /home/runner/.cargo/.crates.toml
2026-10-09T16:07:52.2300193Z     /home/runner/.cargo/.crates2.json
2026-10-09T16:07:52.2300684Z     /home/runner/.cargo/registry
2026-10-09T16:07:52.2301160Z     /home/runner/.cargo/git
2026-10-09T16:07:52.2301667Z     /home/runner/work/rustwright/rustwright/target
2026-10-09T16:07:52.2302203Z Restore Key:
2026-10-09T16:07:52.2302578Z     v0-rust-msrv-Linux-x64-7a998008
2026-10-09T16:07:52.2303050Z Cache Key:
2026-10-09T16:07:52.2303465Z     v0-rust-msrv-Linux-x64-7a998008-ed23558d
2026-10-09T16:07:52.2303958Z .. Prefix:
2026-10-09T16:07:52.2304401Z   - v0-rust-msrv-Linux-x64
2026-10-09T16:07:52.2304850Z .. Environment considered:
2026-10-09T16:07:52.2305250Z   - Rust Versions:
2026-10-09T16:07:52.2306088Z     - 1.85.0 x86_64-unknown-linux-gnu 4d91de4e48198da2e33413efdcd9cd2cc0c46688
2026-10-09T16:07:52.2307420Z     - 1.99.0 x86_64-unknown-linux-gnu b940084d7eb6a299eb4bfeb8e34901bc051e7ac4
2026-10-09T16:07:52.2308077Z   - CARGO_HOME
2026-10-09T16:07:52.2308412Z   - CARGO_INCREMENTAL
2026-10-09T16:07:52.2308773Z   - CARGO_TERM_COLOR
2026-10-09T16:07:52.2309123Z   - RUST_BACKTRACE
2026-10-09T16:07:52.2309498Z .. Lockfiles considered:
2026-10-09T16:07:52.2310018Z   - /home/runner/work/rustwright/rustwright/Cargo.lock
2026-10-09T16:07:52.2310845Z   - /home/runner/work/rustwright/rustwright/crates/rustwright-bidi/Cargo.toml
2026-10-09T16:07:52.2311882Z   - /home/runner/work/rustwright/rustwright/crates/rustwright-browser/Cargo.toml
2026-10-09T16:07:52.2312904Z   - /home/runner/work/rustwright/rustwright/crates/rustwright-cdp/Cargo.toml
2026-10-09T16:07:52.2313938Z   - /home/runner/work/rustwright/rustwright/crates/rustwright-common/Cargo.toml
2026-10-09T16:07:52.2314964Z   - /home/runner/work/rustwright/rustwright/crates/rustwright-core/Cargo.toml
2026-10-09T16:07:52.2316276Z   - /home/runner/work/rustwright/rustwright/crates/rustwright-test-macros/Cargo.toml
2026-10-09T16:07:52.2317348Z   - /home/runner/work/rustwright/rustwright/crates/rustwright-test/Cargo.toml
2026-10-09T16:07:52.2318316Z   - /home/runner/work/rustwright/rustwright/crates/rustwright/Cargo.toml
2026-10-09T16:07:52.2319553Z   - /home/runner/work/rustwright/rustwright/docs/ci/results/remote-20261009/followup-local/consumer/.cargo/config.toml
2026-10-09T16:07:52.2321056Z   - /home/runner/work/rustwright/rustwright/docs/ci/results/required-browser/release/consumer/.cargo/config.toml
2026-10-09T16:07:52.2322487Z   - /home/runner/work/rustwright/rustwright/docs/release/results/local-package/consumer/.cargo/config.toml
2026-10-09T16:07:52.2323630Z   - /home/runner/work/rustwright/rustwright/examples/Cargo.toml
2026-10-09T16:07:52.2324341Z   - /home/runner/work/rustwright/rustwright/tests/Cargo.toml
2026-10-09T16:07:52.2325264Z ##[endgroup]
2026-10-09T16:07:52.2325476Z 
2026-10-09T16:07:52.4353584Z ... Cleaning /home/runner/work/rustwright/rustwright/target ...
2026-10-09T16:07:52.4837277Z ... Cleaning cargo registry (cache-all-crates: false) ...
2026-10-09T16:07:52.7139767Z ... Cleaning cargo/bin ...
2026-10-09T16:07:52.7177328Z ... Cleaning cargo git cache ...
2026-10-09T16:07:52.7182833Z ... Saving cache ...
2026-10-09T16:07:52.7356165Z [command]/usr/bin/tar --posix -cf cache.tzst --exclude cache.tzst -P -C /home/runner/work/rustwright/rustwright --files-from manifest.txt --use-compress-program zstdmt
2026-10-09T16:07:54.4734338Z Sent 15925248 of 50961506 (31.2%), 15.2 MBs/sec
2026-10-09T16:07:55.4734770Z Sent 32768000 of 50961506 (64.3%), 15.6 MBs/sec
2026-10-09T16:07:56.4744886Z Sent 38600704 of 50961506 (75.7%), 12.3 MBs/sec
2026-10-09T16:07:57.4754165Z Sent 42860544 of 50961506 (84.1%), 10.2 MBs/sec
2026-10-09T16:07:58.4768204Z Sent 47316992 of 50961506 (92.8%), 9.0 MBs/sec
2026-10-09T16:07:59.4765078Z Sent 50961506 of 50961506 (100.0%), 8.1 MBs/sec
2026-10-09T16:08:01.1271164Z Post job cleanup.
2026-10-09T16:08:01.2182047Z [command]/usr/bin/git version
2026-10-09T16:08:01.2228071Z git version 2.55.0
2026-10-09T16:08:01.2276584Z Temporarily overriding HOME='/home/runner/work/_temp/af23c66e-26ff-4046-b970-0b6fe1e413b4' before making global git config changes
2026-10-09T16:08:01.2278572Z Adding repository directory to the temporary git global config as a safe directory
2026-10-09T16:08:01.2283479Z [command]/usr/bin/git config --global --add safe.directory /home/runner/work/rustwright/rustwright
2026-10-09T16:08:01.2330734Z [command]/usr/bin/git config --local --name-only --get-regexp core\.sshCommand
2026-10-09T16:08:01.2370088Z [command]/usr/bin/git submodule foreach --recursive sh -c "git config --local --name-only --get-regexp 'core\.sshCommand' && git config --local --unset-all 'core.sshCommand' || :"
2026-10-09T16:08:01.2631295Z [command]/usr/bin/git config --local --name-only --get-regexp http\.https\:\/\/github\.com\/\.extraheader
2026-10-09T16:08:01.2661869Z http.https://github.com/.extraheader
2026-10-09T16:08:01.2674119Z [command]/usr/bin/git config --local --unset-all http.https://github.com/.extraheader
2026-10-09T16:08:01.2717981Z [command]/usr/bin/git submodule foreach --recursive sh -c "git config --local --name-only --get-regexp 'http\.https\:\/\/github\.com\/\.extraheader' && git config --local --unset-all 'http.https://github.com/.extraheader' || :"
2026-10-09T16:08:01.3003931Z [command]/usr/bin/git config --local --name-only --get-regexp ^includeIf\.gitdir:
2026-10-09T16:08:01.3049420Z [command]/usr/bin/git submodule foreach --recursive git config --local --show-origin --name-only --get-regexp remote.origin.url
2026-10-09T16:08:01.3491504Z Cleaning up orphan processes
