2026-10-09T20:45:35.8309010Z Current runner version: '2.337.0'
2026-10-09T20:45:35.8332670Z ##[group]Runner Image Provisioner
2026-10-09T20:45:35.8333410Z Hosted Compute Agent
2026-10-09T20:45:35.8333930Z Version: 20260828.587
2026-10-09T20:45:35.8334430Z Commit: abac92662cab4cc7352de4f9f9d2e2419aad9c29
2026-10-09T20:45:35.8335210Z Build Date: 2026-08-28T16:44:25Z
2026-10-09T20:45:35.8335750Z Worker ID: {1bccb3e9-9bdf-40f9-bd09-48ff8788c715}
2026-10-09T20:45:35.8336390Z Azure Region: westus
2026-10-09T20:45:35.8338750Z ##[endgroup]
2026-10-09T20:45:35.8339790Z ##[group]Operating System
2026-10-09T20:45:35.8340320Z macOS
2026-10-09T20:45:35.8341140Z 26.6.2
2026-10-09T20:45:35.8341500Z 25G83
2026-10-09T20:45:35.8342770Z ##[endgroup]
2026-10-09T20:45:35.8343420Z ##[group]Runner Image
2026-10-09T20:45:35.8344630Z Image: macos-26-arm64
2026-10-09T20:45:35.8345570Z Version: 20260907.0351.1
2026-10-09T20:45:35.8346950Z Included Software: https://github.com/actions/runner-images/blob/macos-26-arm64/20260907.0351/images/macos/macos-26-arm64-Readme.md
2026-10-09T20:45:35.8348520Z Image Release: https://github.com/actions/runner-images/releases/tag/macos-26-arm64%2F20260907.0351
2026-10-09T20:45:35.8350390Z ##[endgroup]
2026-10-09T20:45:35.8353020Z ##[group]GITHUB_TOKEN Permissions
2026-10-09T20:45:35.8355660Z Contents: read
2026-10-09T20:45:35.8356200Z Metadata: read
2026-10-09T20:45:35.8356750Z ##[endgroup]
2026-10-09T20:45:35.8359840Z Secret source: Actions
2026-10-09T20:45:35.8362680Z Cache mode: write
2026-10-09T20:45:35.8363450Z Prepare workflow directory
2026-10-09T20:45:35.8670100Z Prepare all required actions
2026-10-09T20:45:35.8721290Z Getting action download info
2026-10-09T20:45:36.1850510Z Download action repository 'actions/checkout@v5' (SHA:fbc6f3992d24b796d5a048ff273f7fcc4a7b6c09)
2026-10-09T20:45:36.4286890Z Download action repository 'dtolnay/rust-toolchain@stable' (SHA:686976e191b89faba57d3206551f0f330d8cb249)
2026-10-09T20:45:36.8700680Z Download action repository 'Swatinem/rust-cache@v2' (SHA:6323deb102c322ba6fcbdcafc7e3dddab59af2b6)
2026-10-09T20:45:37.6439340Z Download action repository 'actions/setup-python@v6' (SHA:ece7cb06caefa5fff74198d8649806c4678c61a1)
2026-10-09T20:45:37.7375250Z Download action repository 'browser-actions/setup-chrome@v2' (SHA:48ad923757ca74d66703209fe939badbdf80f2f4)
2026-10-09T20:45:38.3410520Z Download action repository 'browser-actions/setup-firefox@v1' (SHA:0bc507ddf224827e3b1af68e014d5e42ab93e795)
2026-10-09T20:45:38.9147090Z Download action repository 'actions/upload-artifact@v4' (SHA:ea165f8d65b6e75b540449e92b4886f43607fa02)
2026-10-09T20:45:39.1458850Z Complete job name: Required Chrome + Firefox / macos-latest
2026-10-09T20:45:39.2082420Z ##[group]Run actions/checkout@v5
2026-10-09T20:45:39.2082930Z with:
2026-10-09T20:45:39.2083140Z   repository: rsasaki0109/rustwright
2026-10-09T20:45:39.2085520Z   token: ***
2026-10-09T20:45:39.2085700Z   ssh-strict: true
2026-10-09T20:45:39.2085870Z   ssh-user: git
2026-10-09T20:45:39.2086060Z   persist-credentials: true
2026-10-09T20:45:39.2086280Z   clean: true
2026-10-09T20:45:39.2086600Z   sparse-checkout-cone-mode: true
2026-10-09T20:45:39.2086840Z   fetch-depth: 1
2026-10-09T20:45:39.2087030Z   fetch-tags: false
2026-10-09T20:45:39.2087220Z   show-progress: true
2026-10-09T20:45:39.2087410Z   lfs: false
2026-10-09T20:45:39.2087570Z   submodules: false
2026-10-09T20:45:39.2087760Z   set-safe-directory: true
2026-10-09T20:45:39.2088000Z   allow-unsafe-pr-checkout: false
2026-10-09T20:45:39.2088600Z env:
2026-10-09T20:45:39.2088780Z   CARGO_TERM_COLOR: always
2026-10-09T20:45:39.2088980Z   RUST_BACKTRACE: 1
2026-10-09T20:45:39.2089160Z ##[endgroup]
2026-10-09T20:45:39.6353370Z Syncing repository: rsasaki0109/rustwright
2026-10-09T20:45:39.6354410Z ##[group]Getting Git version info
2026-10-09T20:45:39.6354690Z Working directory is '/Users/runner/work/rustwright/rustwright'
2026-10-09T20:45:39.6355130Z [command]/opt/homebrew/bin/git version
2026-10-09T20:45:39.6869330Z git version 2.55.0
2026-10-09T20:45:39.6881810Z ##[endgroup]
2026-10-09T20:45:39.6891370Z Copying '/Users/runner/.gitconfig' to '/Users/runner/work/_temp/13f699b3-661b-407c-9d91-c89d27f416cc/.gitconfig'
2026-10-09T20:45:39.6901480Z Temporarily overriding HOME='/Users/runner/work/_temp/13f699b3-661b-407c-9d91-c89d27f416cc' before making global git config changes
2026-10-09T20:45:39.6902260Z Adding repository directory to the temporary git global config as a safe directory
2026-10-09T20:45:39.6905090Z [command]/opt/homebrew/bin/git config --global --add safe.directory /Users/runner/work/rustwright/rustwright
2026-10-09T20:45:39.7026720Z Deleting the contents of '/Users/runner/work/rustwright/rustwright'
2026-10-09T20:45:39.7032940Z ##[group]Initializing the repository
2026-10-09T20:45:39.7034570Z [command]/opt/homebrew/bin/git init /Users/runner/work/rustwright/rustwright
2026-10-09T20:45:39.7242780Z hint: Using 'master' as the name for the initial branch. This default branch name
2026-10-09T20:45:39.7243490Z hint: will change to "main" in Git 3.0. To configure the initial branch name
2026-10-09T20:45:39.7244150Z hint: to use in all of your new repositories, which will suppress this warning,
2026-10-09T20:45:39.7244570Z hint: call:
2026-10-09T20:45:39.7244720Z hint:
2026-10-09T20:45:39.7244980Z hint: 	git config --global init.defaultBranch <name>
2026-10-09T20:45:39.7245270Z hint:
2026-10-09T20:45:39.7245540Z hint: Names commonly chosen instead of 'master' are 'main', 'trunk' and
2026-10-09T20:45:39.7246040Z hint: 'development'. The just-created branch can be renamed via this command:
2026-10-09T20:45:39.7246420Z hint:
2026-10-09T20:45:39.7246590Z hint: 	git branch -m <name>
2026-10-09T20:45:39.7246770Z hint:
2026-10-09T20:45:39.7247140Z hint: Disable this message with "git config set advice.defaultBranchName false"
2026-10-09T20:45:39.7247700Z Initialized empty Git repository in /Users/runner/work/rustwright/rustwright/.git/
2026-10-09T20:45:39.7251700Z [command]/opt/homebrew/bin/git remote add origin https://github.com/rsasaki0109/rustwright
2026-10-09T20:45:39.7326570Z ##[endgroup]
2026-10-09T20:45:39.7326950Z ##[group]Disabling automatic garbage collection
2026-10-09T20:45:39.7329850Z [command]/opt/homebrew/bin/git config --local gc.auto 0
2026-10-09T20:45:39.7399910Z ##[endgroup]
2026-10-09T20:45:39.7400340Z ##[group]Setting up auth
2026-10-09T20:45:39.7405200Z [command]/opt/homebrew/bin/git config --local --name-only --get-regexp core\.sshCommand
2026-10-09T20:45:39.7471800Z [command]/opt/homebrew/bin/git submodule foreach --recursive sh -c "git config --local --name-only --get-regexp 'core\.sshCommand' && git config --local --unset-all 'core.sshCommand' || :"
2026-10-09T20:45:39.8540610Z [command]/opt/homebrew/bin/git config --local --name-only --get-regexp http\.https\:\/\/github\.com\/\.extraheader
2026-10-09T20:45:39.8607520Z [command]/opt/homebrew/bin/git submodule foreach --recursive sh -c "git config --local --name-only --get-regexp 'http\.https\:\/\/github\.com\/\.extraheader' && git config --local --unset-all 'http.https://github.com/.extraheader' || :"
2026-10-09T20:45:39.9386630Z [command]/opt/homebrew/bin/git config --local --name-only --get-regexp ^includeIf\.gitdir:
2026-10-09T20:45:39.9451810Z [command]/opt/homebrew/bin/git submodule foreach --recursive git config --local --show-origin --name-only --get-regexp remote.origin.url
2026-10-09T20:45:40.1097660Z [command]/opt/homebrew/bin/git config --local http.https://github.com/.extraheader AUTHORIZATION: basic ***
2026-10-09T20:45:40.1098930Z ##[endgroup]
2026-10-09T20:45:40.1099270Z ##[group]Fetching the repository
2026-10-09T20:45:40.1100190Z [command]/opt/homebrew/bin/git -c protocol.version=2 fetch --no-tags --prune --no-recurse-submodules --depth=1 origin +81864cc233628753cc97cdbb19a70cc30a1d4128:refs/remotes/pull/1/merge
2026-10-09T20:45:41.6533840Z From https://github.com/rsasaki0109/rustwright
2026-10-09T20:45:41.6534420Z  * [new ref]         81864cc233628753cc97cdbb19a70cc30a1d4128 -> pull/1/merge
2026-10-09T20:45:41.6537300Z ##[endgroup]
2026-10-09T20:45:41.6537780Z ##[group]Determining the checkout info
2026-10-09T20:45:41.6538620Z ##[endgroup]
2026-10-09T20:45:41.6543210Z [command]/opt/homebrew/bin/git sparse-checkout disable
2026-10-09T20:45:41.6630760Z [command]/opt/homebrew/bin/git config --local --unset-all extensions.worktreeConfig
2026-10-09T20:45:41.6705050Z ##[group]Checking out the ref
2026-10-09T20:45:41.6708760Z [command]/opt/homebrew/bin/git checkout --progress --force refs/remotes/pull/1/merge
2026-10-09T20:45:41.8862580Z HEAD is now at 81864cc Merge be1b065aeff87e5c19e53492a19f4465ba4436f4 into 91e72af388d000266c9b4e7567a3e1fe4007fc33
2026-10-09T20:45:41.8874580Z ##[endgroup]
2026-10-09T20:45:41.8966290Z [command]/opt/homebrew/bin/git log -1 --format=%H
2026-10-09T20:45:41.9038790Z 81864cc233628753cc97cdbb19a70cc30a1d4128
2026-10-09T20:45:41.9348640Z ##[group]Run dtolnay/rust-toolchain@stable
2026-10-09T20:45:41.9348890Z with:
2026-10-09T20:45:41.9349040Z   toolchain: stable
2026-10-09T20:45:41.9349180Z env:
2026-10-09T20:45:41.9349310Z   CARGO_TERM_COLOR: always
2026-10-09T20:45:41.9349470Z   RUST_BACKTRACE: 1
2026-10-09T20:45:41.9349620Z ##[endgroup]
2026-10-09T20:45:41.9397820Z ##[start-action display=Parse toolchain version;id=__dtolnay_rust-toolchain.parse]
2026-10-09T20:45:41.9444120Z ##[group]Run if [[ -z $toolchain ]]; then
2026-10-09T20:45:41.9444400Z [36;1mif [[ -z $toolchain ]]; then[0m
2026-10-09T20:45:41.9444830Z [36;1m  # GitHub does not enforce `required: true` inputs itself. https://github.com/actions/runner/issues/1070[0m
2026-10-09T20:45:41.9445270Z [36;1m  echo "'toolchain' is a required input" >&2[0m
2026-10-09T20:45:41.9445500Z [36;1m  exit 1[0m
2026-10-09T20:45:41.9445760Z [36;1melif [[ $toolchain =~ ^stable' '[0-9]+' '(year|month|week|day)s?' 'ago$ ]]; then[0m
2026-10-09T20:45:41.9446120Z [36;1m  if [[ macOS == macOS ]]; then[0m
2026-10-09T20:45:41.9446540Z [36;1m    echo "toolchain=1.$((($(date -v-$(sed 's/stable \([0-9]*\) \(.\).*/\1\2/' <<< $toolchain) +%s)/60/60/24-16569)/7/6))" >> $GITHUB_OUTPUT[0m
2026-10-09T20:45:41.9446950Z [36;1m  else[0m
2026-10-09T20:45:41.9447270Z [36;1m    echo "toolchain=1.$((($(date --date "${toolchain#stable }" +%s)/60/60/24-16569)/7/6))" >> $GITHUB_OUTPUT[0m
2026-10-09T20:45:41.9447620Z [36;1m  fi[0m
2026-10-09T20:45:41.9447830Z [36;1melif [[ $toolchain =~ ^stable' 'minus' '[0-9]+' 'releases?$ ]]; then[0m
2026-10-09T20:45:41.9448240Z [36;1m  echo "toolchain=1.$((($(date +%s)/60/60/24-16569)/7/6-${toolchain//[^0-9]/}))" >> $GITHUB_OUTPUT[0m
2026-10-09T20:45:41.9448590Z [36;1melif [[ $toolchain =~ ^1\.[0-9]+$ ]]; then[0m
2026-10-09T20:45:41.9448980Z [36;1m  echo "toolchain=1.$((i=${toolchain#1.}, c=($(date +%s)/60/60/24-16569)/7/6, i+9*i*(10*i<=c)+90*i*(100*i<=c)))" >> $GITHUB_OUTPUT[0m
2026-10-09T20:45:41.9449350Z [36;1melse[0m
2026-10-09T20:45:41.9449490Z [36;1m  delimiter=EOF[0m
2026-10-09T20:45:41.9449710Z [36;1m  while [[ $toolchain == *$delimiter* ]]; do delimiter+=_; done[0m
2026-10-09T20:45:41.9450100Z [36;1m  printf 'toolchain<<%s\n%s\n%s\n' "$delimiter" "$toolchain" "$delimiter" >> $GITHUB_OUTPUT[0m
2026-10-09T20:45:41.9450410Z [36;1mfi[0m
2026-10-09T20:45:41.9488090Z shell: /bin/bash --noprofile --norc -e -o pipefail {0}
2026-10-09T20:45:41.9488350Z env:
2026-10-09T20:45:41.9488490Z   CARGO_TERM_COLOR: always
2026-10-09T20:45:41.9488650Z   RUST_BACKTRACE: 1
2026-10-09T20:45:41.9488790Z   toolchain: stable
2026-10-09T20:45:41.9488940Z ##[endgroup]
2026-10-09T20:45:42.0028770Z ##[end-action id=__dtolnay_rust-toolchain.parse;outcome=success;conclusion=success;duration_ms=62]
2026-10-09T20:45:42.0032440Z ##[start-action display=Set $CARGO_HOME;id=__dtolnay_rust-toolchain.__run]
2026-10-09T20:45:42.0109430Z ##[group]Run echo CARGO_HOME=${CARGO_HOME:-"$HOME/.cargo"} >> $GITHUB_ENV
2026-10-09T20:45:42.0109970Z [36;1mecho CARGO_HOME=${CARGO_HOME:-"$HOME/.cargo"} >> $GITHUB_ENV[0m
2026-10-09T20:45:42.0140430Z shell: /bin/bash --noprofile --norc -e -o pipefail {0}
2026-10-09T20:45:42.0140700Z env:
2026-10-09T20:45:42.0140840Z   CARGO_TERM_COLOR: always
2026-10-09T20:45:42.0141020Z   RUST_BACKTRACE: 1
2026-10-09T20:45:42.0141180Z ##[endgroup]
2026-10-09T20:45:42.0503440Z ##[end-action id=__dtolnay_rust-toolchain.__run;outcome=success;conclusion=success;duration_ms=47]
2026-10-09T20:45:42.0505480Z ##[start-action display=Install rustup if needed;id=__dtolnay_rust-toolchain.__run_2]
2026-10-09T20:45:42.0544970Z ##[group]Run if ! command -v rustup &>/dev/null; then
2026-10-09T20:45:42.0545250Z [36;1mif ! command -v rustup &>/dev/null; then[0m
2026-10-09T20:45:42.0545820Z [36;1m  curl --proto '=https' --tlsv1.2 --retry 10 --retry-connrefused --location --silent --show-error --fail https://sh.rustup.rs | sh -s -- --default-toolchain none -y[0m
2026-10-09T20:45:42.0546370Z [36;1m  echo "$CARGO_HOME/bin" >> $GITHUB_PATH[0m
2026-10-09T20:45:42.0546870Z [36;1mfi[0m
2026-10-09T20:45:42.0574200Z shell: /bin/bash --noprofile --norc -e -o pipefail {0}
2026-10-09T20:45:42.0574420Z env:
2026-10-09T20:45:42.0574560Z   CARGO_TERM_COLOR: always
2026-10-09T20:45:42.0574720Z   RUST_BACKTRACE: 1
2026-10-09T20:45:42.0574870Z   CARGO_HOME: /Users/runner/.cargo
2026-10-09T20:45:42.0575090Z ##[endgroup]
2026-10-09T20:45:42.0908780Z ##[end-action id=__dtolnay_rust-toolchain.__run_2;outcome=success;conclusion=success;duration_ms=40]
2026-10-09T20:45:42.0911080Z ##[start-action display=Install rustup if needed on windows;id=__dtolnay_rust-toolchain.__run_3]
2026-10-09T20:45:42.0918050Z ##[end-action id=__dtolnay_rust-toolchain.__run_3;outcome=skipped;conclusion=skipped;duration_ms=0]
2026-10-09T20:45:42.0927150Z ##[start-action display=rustup toolchain install stable;id=__dtolnay_rust-toolchain.__run_4]
2026-10-09T20:45:42.0948470Z ##[group]Run set -f  # split targets and components on commas and whitespace, without glob expansion
2026-10-09T20:45:42.0949080Z [36;1mset -f  # split targets and components on commas and whitespace, without glob expansion[0m
2026-10-09T20:45:42.0949470Z [36;1mflags=()[0m
2026-10-09T20:45:42.0949720Z [36;1mfor t in ${targets//,/ }; do flags+=(--target "$t"); done[0m
2026-10-09T20:45:42.0950060Z [36;1mfor c in ${components//,/ }; do flags+=(--component "$c"); done[0m
2026-10-09T20:45:42.0950550Z [36;1mif [[ $toolchain == nightly && -n $components ]]; then flags+=(--allow-downgrade); fi[0m
2026-10-09T20:45:42.0950870Z [36;1mlog=$(mktemp)[0m
2026-10-09T20:45:42.0951070Z [36;1mtrap 'rm -f "$log"' EXIT[0m
2026-10-09T20:45:42.0951270Z [36;1mfor attempt in 1 2 3 4 5; do[0m
2026-10-09T20:45:42.0951710Z [36;1m  if rustup toolchain install "$toolchain" "${flags[@]}" --profile minimal --no-self-update --force-non-host 2>&1 | tee "$log"; then[0m
2026-10-09T20:45:42.0952140Z [36;1m    break[0m
2026-10-09T20:45:42.0952290Z [36;1m  else[0m
2026-10-09T20:45:42.0952450Z [36;1m    status=$?[0m
2026-10-09T20:45:42.0952600Z [36;1m  fi[0m
2026-10-09T20:45:42.0952840Z [36;1m  if [[ $attempt == 5 ]] || ! grep -Fq 'checksum failed for ' "$log" \[0m
2026-10-09T20:45:42.0953280Z [36;1m      || ! grep -Fq 'this is likely due to an ongoing update of the official release server' "$log"; then[0m
2026-10-09T20:45:42.0953640Z [36;1m    exit "$status"[0m
2026-10-09T20:45:42.0953810Z [36;1m  fi[0m
2026-10-09T20:45:42.0954090Z [36;1m  echo "Retrying rustup toolchain install in 30 seconds (retry $attempt of 4)" >&2[0m
2026-10-09T20:45:42.0954410Z [36;1m  sleep 30[0m
2026-10-09T20:45:42.0954570Z [36;1mdone[0m
2026-10-09T20:45:42.0981410Z shell: /bin/bash --noprofile --norc -e -o pipefail {0}
2026-10-09T20:45:42.0981660Z env:
2026-10-09T20:45:42.0981800Z   CARGO_TERM_COLOR: always
2026-10-09T20:45:42.0981990Z   RUST_BACKTRACE: 1
2026-10-09T20:45:42.0982160Z   CARGO_HOME: /Users/runner/.cargo
2026-10-09T20:45:42.0982350Z   toolchain: stable
2026-10-09T20:45:42.0982510Z   targets: 
2026-10-09T20:45:42.0982640Z   components: 
2026-10-09T20:45:42.0982880Z   RUSTUP_PERMIT_COPY_RENAME: 1
2026-10-09T20:45:42.0983080Z ##[endgroup]
2026-10-09T20:45:42.5648350Z info: syncing channel updates for stable-aarch64-apple-darwin
2026-10-09T20:45:42.8119790Z info: latest update on 2026-10-01 for version 1.99.0 (b940084d7 2026-09-28)
2026-10-09T20:45:42.8237080Z info: removing previous version of component clippy
2026-10-09T20:45:42.8260940Z info: removing previous version of component rustfmt
2026-10-09T20:45:42.8277110Z info: removing previous version of component cargo
2026-10-09T20:45:42.8342450Z info: removing previous version of component rust-std
2026-10-09T20:45:42.8482070Z info: removing previous version of component rustc
2026-10-09T20:45:42.8547920Z info: downloading 5 components
2026-10-09T20:45:49.9692280Z 
2026-10-09T20:45:50.1274310Z   stable-aarch64-apple-darwin updated - rustc 1.99.0 (b940084d7 2026-09-28) (from rustc 1.98.1 (48a229cea 2026-09-01))
2026-10-09T20:45:50.1279120Z 
2026-10-09T20:45:50.1372830Z info: self-update is disabled for this build of rustup
2026-10-09T20:45:50.1375590Z info: any updates to rustup will need to be fetched with your system package manager
2026-10-09T20:45:50.1728180Z ##[end-action id=__dtolnay_rust-toolchain.__run_4;outcome=success;conclusion=success;duration_ms=8075]
2026-10-09T20:45:50.1745520Z ##[start-action display=rustup default stable;id=__dtolnay_rust-toolchain.__run_5]
2026-10-09T20:45:50.1832660Z ##[group]Run rustup default "$toolchain" --force-non-host
2026-10-09T20:45:50.1833240Z [36;1mrustup default "$toolchain" --force-non-host[0m
2026-10-09T20:45:50.1910240Z shell: /bin/bash --noprofile --norc -e -o pipefail {0}
2026-10-09T20:45:50.1916420Z env:
2026-10-09T20:45:50.1916820Z   CARGO_TERM_COLOR: always
2026-10-09T20:45:50.1917090Z   RUST_BACKTRACE: 1
2026-10-09T20:45:50.1917380Z   CARGO_HOME: /Users/runner/.cargo
2026-10-09T20:45:50.1917590Z   toolchain: stable
2026-10-09T20:45:50.1917860Z ##[endgroup]
2026-10-09T20:45:50.3028430Z info: using existing install for stable-aarch64-apple-darwin
2026-10-09T20:45:50.3051240Z info: default toolchain set to stable-aarch64-apple-darwin
2026-10-09T20:45:50.3051470Z 
2026-10-09T20:45:50.3237250Z   stable-aarch64-apple-darwin unchanged - rustc 1.99.0 (b940084d7 2026-09-28)
2026-10-09T20:45:50.3238150Z 
2026-10-09T20:45:50.3256980Z ##[end-action id=__dtolnay_rust-toolchain.__run_5;outcome=success;conclusion=success;duration_ms=150]
2026-10-09T20:45:50.3262390Z ##[start-action display=Create cachekey;id=__dtolnay_rust-toolchain.rustc-version]
2026-10-09T20:45:50.3293690Z ##[group]Run DATE=$(rustc +"$toolchain" --version --verbose | sed -ne 's/^commit-date: \(20[0-9][0-9]\)-\([01][0-9]\)-\([0-3][0-9]\)$/\1\2\3/p')
2026-10-09T20:45:50.3294530Z [36;1mDATE=$(rustc +"$toolchain" --version --verbose | sed -ne 's/^commit-date: \(20[0-9][0-9]\)-\([01][0-9]\)-\([0-3][0-9]\)$/\1\2\3/p')[0m
2026-10-09T20:45:50.3295380Z [36;1mHASH=$(rustc +"$toolchain" --version --verbose | sed -ne 's/^commit-hash: //p')[0m
2026-10-09T20:45:50.3295990Z [36;1mecho "cachekey=$(echo $DATE$HASH | head -c12)" >> $GITHUB_OUTPUT[0m
2026-10-09T20:45:50.3328710Z shell: /bin/bash --noprofile --norc -e -o pipefail {0}
2026-10-09T20:45:50.3329060Z env:
2026-10-09T20:45:50.3329380Z   CARGO_TERM_COLOR: always
2026-10-09T20:45:50.3329590Z   RUST_BACKTRACE: 1
2026-10-09T20:45:50.3329850Z   CARGO_HOME: /Users/runner/.cargo
2026-10-09T20:45:50.3330120Z   toolchain: stable
2026-10-09T20:45:50.3330320Z ##[endgroup]
2026-10-09T20:45:50.4517330Z ##[end-action id=__dtolnay_rust-toolchain.rustc-version;outcome=success;conclusion=success;duration_ms=125]
2026-10-09T20:45:50.4519930Z ##[start-action display=Disable incremental compilation;id=__dtolnay_rust-toolchain.__run_6]
2026-10-09T20:45:50.4568670Z ##[group]Run if [ -z "${CARGO_INCREMENTAL+set}" ]; then
2026-10-09T20:45:50.4569220Z [36;1mif [ -z "${CARGO_INCREMENTAL+set}" ]; then[0m
2026-10-09T20:45:50.4569610Z [36;1m  echo CARGO_INCREMENTAL=0 >> $GITHUB_ENV[0m
2026-10-09T20:45:50.4569940Z [36;1mfi[0m
2026-10-09T20:45:50.4605590Z shell: /bin/bash --noprofile --norc -e -o pipefail {0}
2026-10-09T20:45:50.4605920Z env:
2026-10-09T20:45:50.4606090Z   CARGO_TERM_COLOR: always
2026-10-09T20:45:50.4606280Z   RUST_BACKTRACE: 1
2026-10-09T20:45:50.4606880Z   CARGO_HOME: /Users/runner/.cargo
2026-10-09T20:45:50.4607120Z ##[endgroup]
2026-10-09T20:45:50.4980760Z ##[end-action id=__dtolnay_rust-toolchain.__run_6;outcome=success;conclusion=success;duration_ms=45]
2026-10-09T20:45:50.4983520Z ##[start-action display=Enable colors in Cargo output;id=__dtolnay_rust-toolchain.__run_7]
2026-10-09T20:45:50.5012690Z ##[group]Run if [ -z "${CARGO_TERM_COLOR+set}" ]; then
2026-10-09T20:45:50.5013040Z [36;1mif [ -z "${CARGO_TERM_COLOR+set}" ]; then[0m
2026-10-09T20:45:50.5013350Z [36;1m  echo CARGO_TERM_COLOR=always >> $GITHUB_ENV[0m
2026-10-09T20:45:50.5013590Z [36;1mfi[0m
2026-10-09T20:45:50.5043800Z shell: /bin/bash --noprofile --norc -e -o pipefail {0}
2026-10-09T20:45:50.5044060Z env:
2026-10-09T20:45:50.5044220Z   CARGO_TERM_COLOR: always
2026-10-09T20:45:50.5044600Z   RUST_BACKTRACE: 1
2026-10-09T20:45:50.5044790Z   CARGO_HOME: /Users/runner/.cargo
2026-10-09T20:45:50.5044990Z   CARGO_INCREMENTAL: 0
2026-10-09T20:45:50.5045160Z ##[endgroup]
2026-10-09T20:45:50.5394430Z ##[end-action id=__dtolnay_rust-toolchain.__run_7;outcome=success;conclusion=success;duration_ms=40]
2026-10-09T20:45:50.5397850Z ##[start-action display=Enable Cargo sparse registry;id=__dtolnay_rust-toolchain.__run_8]
2026-10-09T20:45:50.5420910Z ##[group]Run # implemented in 1.66, stabilized in 1.68, made default in 1.70
2026-10-09T20:45:50.5421380Z [36;1m# implemented in 1.66, stabilized in 1.68, made default in 1.70[0m
2026-10-09T20:45:50.5422040Z [36;1mif [ -z "${CARGO_REGISTRIES_CRATES_IO_PROTOCOL+set}" -o -f "/Users/runner/work/_temp"/.implicit_cargo_registries_crates_io_protocol ]; then[0m
2026-10-09T20:45:50.5422680Z [36;1m  if rustc +"$toolchain" --version --verbose | grep -q '^release: 1\.6[89]\.'; then[0m
2026-10-09T20:45:50.5423200Z [36;1m    touch "/Users/runner/work/_temp"/.implicit_cargo_registries_crates_io_protocol || true[0m
2026-10-09T20:45:50.5423680Z [36;1m    echo CARGO_REGISTRIES_CRATES_IO_PROTOCOL=sparse >> $GITHUB_ENV[0m
2026-10-09T20:45:50.5424190Z [36;1m  elif rustc +"$toolchain" --version --verbose | grep -q '^release: 1\.6[67]\.'; then[0m
2026-10-09T20:45:50.5424730Z [36;1m    touch "/Users/runner/work/_temp"/.implicit_cargo_registries_crates_io_protocol || true[0m
2026-10-09T20:45:50.5425240Z [36;1m    echo CARGO_REGISTRIES_CRATES_IO_PROTOCOL=git >> $GITHUB_ENV[0m
2026-10-09T20:45:50.5425540Z [36;1m  fi[0m
2026-10-09T20:45:50.5425690Z [36;1mfi[0m
2026-10-09T20:45:50.5457510Z shell: /bin/bash --noprofile --norc -e -o pipefail {0}
2026-10-09T20:45:50.5457800Z env:
2026-10-09T20:45:50.5457970Z   CARGO_TERM_COLOR: always
2026-10-09T20:45:50.5458150Z   RUST_BACKTRACE: 1
2026-10-09T20:45:50.5458380Z   CARGO_HOME: /Users/runner/.cargo
2026-10-09T20:45:50.5458580Z   CARGO_INCREMENTAL: 0
2026-10-09T20:45:50.5458750Z   toolchain: stable
2026-10-09T20:45:50.5458910Z ##[endgroup]
2026-10-09T20:45:50.6550690Z ##[end-action id=__dtolnay_rust-toolchain.__run_8;outcome=success;conclusion=success;duration_ms=115]
2026-10-09T20:45:50.6553740Z ##[start-action display=Work around spurious network errors in curl 8.0;id=__dtolnay_rust-toolchain.__run_9]
2026-10-09T20:45:50.6572500Z ##[group]Run # https://rust-lang.zulipchat.com/#narrow/stream/246057-t-cargo/topic/timeout.20investigation
2026-10-09T20:45:50.6573140Z [36;1m# https://rust-lang.zulipchat.com/#narrow/stream/246057-t-cargo/topic/timeout.20investigation[0m
2026-10-09T20:45:50.6573670Z [36;1mif rustc +"$toolchain" --version --verbose | grep -q '^release: 1\.7[01]\.'; then[0m
2026-10-09T20:45:50.6574070Z [36;1m  echo CARGO_HTTP_MULTIPLEXING=false >> $GITHUB_ENV[0m
2026-10-09T20:45:50.6574320Z [36;1mfi[0m
2026-10-09T20:45:50.6603230Z shell: /bin/bash --noprofile --norc -e -o pipefail {0}
2026-10-09T20:45:50.6603480Z env:
2026-10-09T20:45:50.6603650Z   CARGO_TERM_COLOR: always
2026-10-09T20:45:50.6603870Z   RUST_BACKTRACE: 1
2026-10-09T20:45:50.6604100Z   CARGO_HOME: /Users/runner/.cargo
2026-10-09T20:45:50.6604470Z   CARGO_INCREMENTAL: 0
2026-10-09T20:45:50.6604660Z   toolchain: stable
2026-10-09T20:45:50.6604820Z ##[endgroup]
2026-10-09T20:45:50.7170000Z ##[end-action id=__dtolnay_rust-toolchain.__run_9;outcome=success;conclusion=success;duration_ms=61]
2026-10-09T20:45:50.7173520Z ##[start-action display=rustc +stable --version --verbose;id=__dtolnay_rust-toolchain.__run_10]
2026-10-09T20:45:50.7198900Z ##[group]Run rustc +"$toolchain" --version --verbose
2026-10-09T20:45:50.7199220Z [36;1mrustc +"$toolchain" --version --verbose[0m
2026-10-09T20:45:50.7227660Z shell: /bin/bash --noprofile --norc -e -o pipefail {0}
2026-10-09T20:45:50.7227900Z env:
2026-10-09T20:45:50.7228050Z   CARGO_TERM_COLOR: always
2026-10-09T20:45:50.7228230Z   RUST_BACKTRACE: 1
2026-10-09T20:45:50.7228450Z   CARGO_HOME: /Users/runner/.cargo
2026-10-09T20:45:50.7228690Z   CARGO_INCREMENTAL: 0
2026-10-09T20:45:50.7228850Z   toolchain: stable
2026-10-09T20:45:50.7229200Z ##[endgroup]
2026-10-09T20:45:50.7796350Z rustc 1.99.0 (b940084d7 2026-09-28)
2026-10-09T20:45:50.7796830Z binary: rustc
2026-10-09T20:45:50.7797380Z commit-hash: b940084d7eb6a299eb4bfeb8e34901bc051e7ac4
2026-10-09T20:45:50.7797700Z commit-date: 2026-09-28
2026-10-09T20:45:50.7797960Z host: aarch64-apple-darwin
2026-10-09T20:45:50.7798200Z release: 1.99.0
2026-10-09T20:45:50.7799170Z LLVM version: 23.1.1
2026-10-09T20:45:50.7812890Z ##[end-action id=__dtolnay_rust-toolchain.__run_10;outcome=success;conclusion=success;duration_ms=63]
2026-10-09T20:45:50.7907340Z ##[group]Run Swatinem/rust-cache@v2
2026-10-09T20:45:50.7907590Z with:
2026-10-09T20:45:50.7907740Z   prefix-key: v0-rust
2026-10-09T20:45:50.7907910Z   add-job-id-key: true
2026-10-09T20:45:50.7908110Z   add-rust-environment-hash-key: true
2026-10-09T20:45:50.7908320Z   cache-targets: true
2026-10-09T20:45:50.7908500Z   cache-all-crates: false
2026-10-09T20:45:50.7908690Z   cache-workspace-crates: false
2026-10-09T20:45:50.7908890Z   save-if: true
2026-10-09T20:45:50.7909040Z   cache-provider: github
2026-10-09T20:45:50.7909220Z   cache-bin: true
2026-10-09T20:45:50.7909370Z   lookup-only: false
2026-10-09T20:45:50.7909540Z   cmd-format: {0}
2026-10-09T20:45:50.7909680Z env:
2026-10-09T20:45:50.7909830Z   CARGO_TERM_COLOR: always
2026-10-09T20:45:50.7910030Z   RUST_BACKTRACE: 1
2026-10-09T20:45:50.7910200Z   CARGO_HOME: /Users/runner/.cargo
2026-10-09T20:45:50.7910410Z   CARGO_INCREMENTAL: 0
2026-10-09T20:45:50.7910560Z ##[endgroup]
2026-10-09T20:45:51.2785290Z ##[group]Cache Configuration
2026-10-09T20:45:51.2812020Z Cache Provider:
2026-10-09T20:45:51.2812220Z     github
2026-10-09T20:45:51.2812360Z Workspaces:
2026-10-09T20:45:51.2812550Z     /Users/runner/work/rustwright/rustwright
2026-10-09T20:45:51.2812800Z Cache Paths:
2026-10-09T20:45:51.2813010Z     /Users/runner/.cargo/bin
2026-10-09T20:45:51.2813250Z     /Users/runner/.cargo/.crates.toml
2026-10-09T20:45:51.2813540Z     /Users/runner/.cargo/.crates2.json
2026-10-09T20:45:51.2813850Z     /Users/runner/.cargo/registry
2026-10-09T20:45:51.2814050Z     /Users/runner/.cargo/git
2026-10-09T20:45:51.2814290Z     /Users/runner/work/rustwright/rustwright/target
2026-10-09T20:45:51.2814580Z Restore Key:
2026-10-09T20:45:51.2814810Z     v0-rust-browser-compat-Darwin-arm64-22602039
2026-10-09T20:45:51.2815100Z Cache Key:
2026-10-09T20:45:51.2815310Z     v0-rust-browser-compat-Darwin-arm64-22602039-5e13362d
2026-10-09T20:45:51.2815640Z .. Prefix:
2026-10-09T20:45:51.2815860Z   - v0-rust-browser-compat-Darwin-arm64
2026-10-09T20:45:51.2816110Z .. Environment considered:
2026-10-09T20:45:51.2816430Z   - Rust Versions:
2026-10-09T20:45:51.2816820Z     - 1.99.0 aarch64-apple-darwin b940084d7eb6a299eb4bfeb8e34901bc051e7ac4
2026-10-09T20:45:51.2817170Z   - CARGO_HOME
2026-10-09T20:45:51.2817390Z   - CARGO_INCREMENTAL
2026-10-09T20:45:51.2817580Z   - CARGO_TERM_COLOR
2026-10-09T20:45:51.2817790Z   - RUST_BACKTRACE
2026-10-09T20:45:51.2817980Z .. Lockfiles considered:
2026-10-09T20:45:51.2828280Z   - /Users/runner/work/rustwright/rustwright/Cargo.lock
2026-10-09T20:45:51.2828780Z   - /Users/runner/work/rustwright/rustwright/crates/rustwright-bidi/Cargo.toml
2026-10-09T20:45:51.2829310Z   - /Users/runner/work/rustwright/rustwright/crates/rustwright-browser/Cargo.toml
2026-10-09T20:45:51.2829830Z   - /Users/runner/work/rustwright/rustwright/crates/rustwright-cdp/Cargo.toml
2026-10-09T20:45:51.2830790Z   - /Users/runner/work/rustwright/rustwright/crates/rustwright-common/Cargo.toml
2026-10-09T20:45:51.2831240Z   - /Users/runner/work/rustwright/rustwright/crates/rustwright-core/Cargo.toml
2026-10-09T20:45:51.2831870Z   - /Users/runner/work/rustwright/rustwright/crates/rustwright-test-macros/Cargo.toml
2026-10-09T20:45:51.2832350Z   - /Users/runner/work/rustwright/rustwright/crates/rustwright-test/Cargo.toml
2026-10-09T20:45:51.2843010Z   - /Users/runner/work/rustwright/rustwright/crates/rustwright/Cargo.toml
2026-10-09T20:45:51.2900240Z   - /Users/runner/work/rustwright/rustwright/docs/ci/results/firefox-network-idle/local/release/consumer/.cargo/config.toml
2026-10-09T20:45:51.2927680Z   - /Users/runner/work/rustwright/rustwright/docs/ci/results/remote-20261009/followup-local/consumer/.cargo/config.toml
2026-10-09T20:45:51.2928490Z   - /Users/runner/work/rustwright/rustwright/docs/ci/results/required-browser/release/consumer/.cargo/config.toml
2026-10-09T20:45:51.2929840Z   - /Users/runner/work/rustwright/rustwright/docs/release/results/local-package/consumer/.cargo/config.toml
2026-10-09T20:45:51.2930990Z   - /Users/runner/work/rustwright/rustwright/examples/Cargo.toml
2026-10-09T20:45:51.2932000Z   - /Users/runner/work/rustwright/rustwright/tests/Cargo.toml
2026-10-09T20:45:51.2932640Z ##[endgroup]
2026-10-09T20:45:51.2932780Z 
2026-10-09T20:45:51.2932880Z ... Restoring cache ...
2026-10-09T20:45:51.4564990Z Cache hit for: v0-rust-browser-compat-Darwin-arm64-22602039-5e13362d
2026-10-09T20:45:52.5830490Z Received 56831950 of 56831950 (100.0%), 57.1 MBs/sec
2026-10-09T20:45:52.5856460Z Cache Size: ~54 MB (56831950 B)
2026-10-09T20:45:52.5937460Z [command]/opt/homebrew/bin/gtar -xf /Users/runner/work/_temp/87c7a33e-bff1-44e0-8e9a-1dd6c33d59ec/cache.tzst -P -C /Users/runner/work/rustwright/rustwright --delay-directory-restore --use-compress-program unzstd
2026-10-09T20:45:53.0338360Z Cache restored successfully
2026-10-09T20:45:53.0351850Z Restored from cache key "v0-rust-browser-compat-Darwin-arm64-22602039-5e13362d" full match: true.
2026-10-09T20:45:53.0462940Z ##[group]Run actions/setup-python@v6
2026-10-09T20:45:53.0463280Z with:
2026-10-09T20:45:53.0463470Z   python-version: 3.11
2026-10-09T20:45:53.0463650Z   check-latest: false
2026-10-09T20:45:53.0465710Z   token: ***
2026-10-09T20:45:53.0465880Z   update-environment: true
2026-10-09T20:45:53.0466080Z   allow-prereleases: false
2026-10-09T20:45:53.0466250Z   freethreaded: false
2026-10-09T20:45:53.0466410Z env:
2026-10-09T20:45:53.0466550Z   CARGO_TERM_COLOR: always
2026-10-09T20:45:53.0466720Z   RUST_BACKTRACE: 1
2026-10-09T20:45:53.0466900Z   CARGO_HOME: /Users/runner/.cargo
2026-10-09T20:45:53.0467090Z   CARGO_INCREMENTAL: 0
2026-10-09T20:45:53.0467270Z   CACHE_ON_FAILURE: false
2026-10-09T20:45:53.0467450Z ##[endgroup]
2026-10-09T20:45:53.1680650Z ##[group]Installed versions
2026-10-09T20:45:53.1758730Z Successfully set up CPython (3.11.9)
2026-10-09T20:45:53.1759370Z ##[endgroup]
2026-10-09T20:45:53.1844440Z ##[group]Run browser-actions/setup-chrome@v2
2026-10-09T20:45:53.1844820Z with:
2026-10-09T20:45:53.1845030Z   chrome-version: stable
2026-10-09T20:45:53.1845290Z   install-dependencies: true
2026-10-09T20:45:53.1845530Z   install-chromedriver: false
2026-10-09T20:45:53.1845750Z   no-sudo: false
2026-10-09T20:45:53.1845980Z env:
2026-10-09T20:45:53.1846120Z   CARGO_TERM_COLOR: always
2026-10-09T20:45:53.1846300Z   RUST_BACKTRACE: 1
2026-10-09T20:45:53.1846460Z   CARGO_HOME: /Users/runner/.cargo
2026-10-09T20:45:53.1846650Z   CARGO_INCREMENTAL: 0
2026-10-09T20:45:53.1846820Z   CACHE_ON_FAILURE: false
2026-10-09T20:45:53.1847070Z   pythonLocation: /Users/runner/hostedtoolcache/Python/3.11.9/arm64
2026-10-09T20:45:53.1847490Z   PKG_CONFIG_PATH: /Users/runner/hostedtoolcache/Python/3.11.9/arm64/lib/pkgconfig
2026-10-09T20:45:53.1847900Z   Python_ROOT_DIR: /Users/runner/hostedtoolcache/Python/3.11.9/arm64
2026-10-09T20:45:53.1848370Z   Python2_ROOT_DIR: /Users/runner/hostedtoolcache/Python/3.11.9/arm64
2026-10-09T20:45:53.1849230Z   Python3_ROOT_DIR: /Users/runner/hostedtoolcache/Python/3.11.9/arm64
2026-10-09T20:45:53.1849500Z ##[endgroup]
2026-10-09T20:45:53.2649640Z Installing dependencies
2026-10-09T20:45:53.2667550Z ##[warning]install-dependencies is only supported on Linux, but current platform is darwin
2026-10-09T20:45:53.2671970Z Setup chrome stable
2026-10-09T20:45:53.2672340Z Attempting to download chrome stable...
2026-10-09T20:45:53.3472530Z Acquiring chrome stable from https://storage.googleapis.com/chrome-for-testing-public/155.0.8059.39/mac-arm64/chrome-mac-arm64.zip
2026-10-09T20:45:56.1695600Z Installing chrome...
2026-10-09T20:45:56.1908300Z [command]/usr/bin/unzip -o -q /Users/runner/work/_temp/916c84ce-0402-4046-91c2-bc75b0353566
2026-10-09T20:46:00.5050350Z Successfully Installed chrome to /Users/runner/hostedtoolcache/setup-chrome/chrome/stable/arm64
2026-10-09T20:46:00.5055760Z [command]/Users/runner/hostedtoolcache/setup-chrome/chrome/stable/arm64/Contents/MacOS/Google Chrome for Testing --version
2026-10-09T20:46:00.7719270Z Google Chrome for Testing 155.0.8059.39 
2026-10-09T20:46:00.7747710Z Successfully setup chrome 155.0.8059.39
2026-10-09T20:46:00.8008100Z ##[group]Run browser-actions/setup-firefox@v1
2026-10-09T20:46:00.8008570Z with:
2026-10-09T20:46:00.8008790Z   firefox-version: 157.0.1
2026-10-09T20:46:00.8009100Z env:
2026-10-09T20:46:00.8009340Z   CARGO_TERM_COLOR: always
2026-10-09T20:46:00.8009570Z   RUST_BACKTRACE: 1
2026-10-09T20:46:00.8010880Z   CARGO_HOME: /Users/runner/.cargo
2026-10-09T20:46:00.8011310Z   CARGO_INCREMENTAL: 0
2026-10-09T20:46:00.8011680Z   CACHE_ON_FAILURE: false
2026-10-09T20:46:00.8012100Z   pythonLocation: /Users/runner/hostedtoolcache/Python/3.11.9/arm64
2026-10-09T20:46:00.8012590Z   PKG_CONFIG_PATH: /Users/runner/hostedtoolcache/Python/3.11.9/arm64/lib/pkgconfig
2026-10-09T20:46:00.8013180Z   Python_ROOT_DIR: /Users/runner/hostedtoolcache/Python/3.11.9/arm64
2026-10-09T20:46:00.8013680Z   Python2_ROOT_DIR: /Users/runner/hostedtoolcache/Python/3.11.9/arm64
2026-10-09T20:46:00.8014380Z   Python3_ROOT_DIR: /Users/runner/hostedtoolcache/Python/3.11.9/arm64
2026-10-09T20:46:00.8014760Z ##[endgroup]
2026-10-09T20:46:00.9467440Z Setup firefox 157.0.1 (en-US)
2026-10-09T20:46:00.9471470Z Attempting to download firefox 157.0.1...
2026-10-09T20:46:00.9472570Z This is the version number:157
2026-10-09T20:46:00.9473260Z Acquiring 157.0.1 from https://ftp.mozilla.org/pub/firefox/releases/157.0.1/mac/en-US/Firefox%20157.0.1.dmg
2026-10-09T20:46:02.0168600Z Extracting Firefox...
2026-10-09T20:46:02.0270860Z [command]/usr/bin/hdiutil attach -quiet -noautofsck -noautoopen -mountpoint /Volumes/0947b104-3b10-4f0e-ad81-7cdfcd967712 /Users/runner/work/_temp/0947b104-3b10-4f0e-ad81-7cdfcd967712
2026-10-09T20:46:11.3064990Z Successfully extracted firefox 157.0.1 to /Volumes/0947b104-3b10-4f0e-ad81-7cdfcd967712/Firefox.app
2026-10-09T20:46:11.3175910Z Adding to the cache ...
2026-10-09T20:46:19.8081360Z Successfully cached firefox 157.0.1 to /Users/runner/hostedtoolcache/firefox/157.0.1/arm64
2026-10-09T20:46:19.8093080Z [command]/Users/runner/hostedtoolcache/firefox/157.0.1/arm64/Contents/MacOS/firefox --version
2026-10-09T20:46:21.4511330Z Mozilla Firefox 157.0.1
2026-10-09T20:46:21.4531510Z Successfully setup firefox version 157.0.1
2026-10-09T20:46:21.4736190Z ##[group]Run python - <<'PY'
2026-10-09T20:46:21.4736750Z [36;1mpython - <<'PY'[0m
2026-10-09T20:46:21.4737200Z [36;1mimport hashlib, json, os, pathlib, plistlib, re, subprocess, tempfile[0m
2026-10-09T20:46:21.4737690Z [36;1mversion = os.environ['CHROME_VERSION'][0m
2026-10-09T20:46:21.4738040Z [36;1mif not re.fullmatch(r'\d+\.\d+\.\d+\.\d+', version):[0m
2026-10-09T20:46:21.4738570Z [36;1m    raise ValueError(f'Expected the exact installed Chrome version: {version!r}')[0m
2026-10-09T20:46:21.4739080Z [36;1mplatform = {'ARM64': 'mac-arm64', 'X64': 'mac-x64'}[os.environ['RUNNER_ARCH']][0m
2026-10-09T20:46:21.4739720Z [36;1mwork = pathlib.Path(tempfile.mkdtemp(prefix='rustwright-chrome-', dir=os.environ['RUNNER_TEMP']))[0m
2026-10-09T20:46:21.4740850Z [36;1marchive = work / 'chrome.zip'[0m
2026-10-09T20:46:21.4741400Z [36;1murl = f'https://storage.googleapis.com/chrome-for-testing-public/{version}/{platform}/chrome-{platform}.zip'[0m
2026-10-09T20:46:21.4742350Z [36;1msubprocess.run(['curl', '--fail', '--location', '--silent', '--show-error', '--max-time', '120', '--output', str(archive), url], check=True)[0m
2026-10-09T20:46:21.4743050Z [36;1m# Re-extract the same engine with its original .app and relative links.[0m
2026-10-09T20:46:21.4743780Z [36;1m# Copying only .app contents into a toolcache breaks sandbox identity.[0m
2026-10-09T20:46:21.4744590Z [36;1msubprocess.run(['ditto', '-x', '-k', str(archive), str(work)], check=True)[0m
2026-10-09T20:46:21.4745240Z [36;1mbundle = work / f'chrome-{platform}' / 'Google Chrome for Testing.app'[0m
2026-10-09T20:46:21.4747380Z [36;1mexecutable = bundle / 'Contents/MacOS/Google Chrome for Testing'[0m
2026-10-09T20:46:21.4748590Z [36;1mif not executable.is_file():[0m
2026-10-09T20:46:21.4749690Z [36;1m    raise FileNotFoundError(executable)[0m
2026-10-09T20:46:21.4750450Z [36;1msignature = subprocess.run(['codesign', '--verify', '--deep', '--strict', str(bundle)], capture_output=True, text=True)[0m
2026-10-09T20:46:21.4751030Z [36;1mwith (bundle / 'Contents/Info.plist').open('rb') as stream:[0m
2026-10-09T20:46:21.4751560Z [36;1m    identifier = plistlib.load(stream)['CFBundleIdentifier'][0m
2026-10-09T20:46:21.4752070Z [36;1mwith archive.open('rb') as stream:[0m
2026-10-09T20:46:21.4752430Z [36;1m    digest = hashlib.file_digest(stream, 'sha256').hexdigest()[0m
2026-10-09T20:46:21.4753160Z [36;1mlinks = {str(p.relative_to(bundle)): os.readlink(p) for p in bundle.glob('Contents/Frameworks/*.framework/Versions/Current') if p.is_symlink()}[0m
2026-10-09T20:46:21.4754420Z [36;1mrecord = {'version': version, 'url': url, 'archive_sha256': digest, 'bundle_identifier': identifier, 'framework_links': links, 'executable': str(executable), 'signature_verification': {'exit_code': signature.returncode, 'stdout': signature.stdout, 'stderr': signature.stderr}}[0m
2026-10-09T20:46:21.4755420Z [36;1moutput = pathlib.Path('target/ci/chrome-macos-setup.json')[0m
2026-10-09T20:46:21.4755950Z [36;1moutput.parent.mkdir(parents=True, exist_ok=True)[0m
2026-10-09T20:46:21.4756390Z [36;1moutput.write_text(json.dumps(record, indent=2) + '\n', encoding='utf-8')[0m
2026-10-09T20:46:21.4756880Z [36;1mprint(json.dumps(record, indent=2))[0m
2026-10-09T20:46:21.4757410Z [36;1msubprocess.run([str(executable), '--version'], check=True)[0m
2026-10-09T20:46:21.4757860Z [36;1mwith open(os.environ['GITHUB_OUTPUT'], 'a', encoding='utf-8') as stream:[0m
2026-10-09T20:46:21.4758380Z [36;1m    stream.write(f'chrome-path={executable}\n')[0m
2026-10-09T20:46:21.4758730Z [36;1mPY[0m
2026-10-09T20:46:21.4998780Z shell: /bin/bash --noprofile --norc -e -o pipefail {0}
2026-10-09T20:46:21.4999180Z env:
2026-10-09T20:46:21.4999510Z   CARGO_TERM_COLOR: always
2026-10-09T20:46:21.4999840Z   RUST_BACKTRACE: 1
2026-10-09T20:46:21.5000080Z   CARGO_HOME: /Users/runner/.cargo
2026-10-09T20:46:21.5000440Z   CARGO_INCREMENTAL: 0
2026-10-09T20:46:21.5000710Z   CACHE_ON_FAILURE: false
2026-10-09T20:46:21.5001670Z   pythonLocation: /Users/runner/hostedtoolcache/Python/3.11.9/arm64
2026-10-09T20:46:21.5002380Z   PKG_CONFIG_PATH: /Users/runner/hostedtoolcache/Python/3.11.9/arm64/lib/pkgconfig
2026-10-09T20:46:21.5002960Z   Python_ROOT_DIR: /Users/runner/hostedtoolcache/Python/3.11.9/arm64
2026-10-09T20:46:21.5003580Z   Python2_ROOT_DIR: /Users/runner/hostedtoolcache/Python/3.11.9/arm64
2026-10-09T20:46:21.5004190Z   Python3_ROOT_DIR: /Users/runner/hostedtoolcache/Python/3.11.9/arm64
2026-10-09T20:46:21.5004570Z   CHROME_VERSION: 155.0.8059.39
2026-10-09T20:46:21.5004870Z ##[endgroup]
2026-10-09T20:46:27.2832990Z Google Chrome for Testing 155.0.8059.39 
2026-10-09T20:46:27.2856910Z {
2026-10-09T20:46:27.2857610Z   "version": "155.0.8059.39",
2026-10-09T20:46:27.2865860Z   "url": "https://storage.googleapis.com/chrome-for-testing-public/155.0.8059.39/mac-arm64/chrome-mac-arm64.zip",
2026-10-09T20:46:27.2867900Z   "archive_sha256": "529a71bd61aaa2ef266a4d4bd300ae9572ba6a3468a8d55c3023ffeffb5b6b4e",
2026-10-09T20:46:27.2869170Z   "bundle_identifier": "com.google.chrome.for.testing",
2026-10-09T20:46:27.2870220Z   "framework_links": {
2026-10-09T20:46:27.2871460Z     "Contents/Frameworks/Google Chrome for Testing Framework.framework/Versions/Current": "155.0.8059.39"
2026-10-09T20:46:27.2872810Z   },
2026-10-09T20:46:27.2874610Z   "executable": "/Users/runner/work/_temp/rustwright-chrome-2olqvej7/chrome-mac-arm64/Google Chrome for Testing.app/Contents/MacOS/Google Chrome for Testing",
2026-10-09T20:46:27.2876390Z   "signature_verification": {
2026-10-09T20:46:27.2877180Z     "exit_code": 1,
2026-10-09T20:46:27.2877740Z     "stdout": "",
2026-10-09T20:46:27.2879490Z     "stderr": "/Users/runner/work/_temp/rustwright-chrome-2olqvej7/chrome-mac-arm64/Google Chrome for Testing.app: code has no resources but signature indicates they must be present\n"
2026-10-09T20:46:27.2881250Z   }
2026-10-09T20:46:27.2881980Z }
2026-10-09T20:46:27.3133480Z ##[group]Run echo "Chrome: $CHROME_VERSION"
2026-10-09T20:46:27.3133860Z [36;1mecho "Chrome: $CHROME_VERSION"[0m
2026-10-09T20:46:27.3134100Z [36;1mecho "Firefox: $FIREFOX_VERSION"[0m
2026-10-09T20:46:27.3186790Z shell: /bin/bash --noprofile --norc -e -o pipefail {0}
2026-10-09T20:46:27.3187070Z env:
2026-10-09T20:46:27.3187250Z   CARGO_TERM_COLOR: always
2026-10-09T20:46:27.3187470Z   RUST_BACKTRACE: 1
2026-10-09T20:46:27.3187700Z   CARGO_HOME: /Users/runner/.cargo
2026-10-09T20:46:27.3187950Z   CARGO_INCREMENTAL: 0
2026-10-09T20:46:27.3188140Z   CACHE_ON_FAILURE: false
2026-10-09T20:46:27.3188450Z   pythonLocation: /Users/runner/hostedtoolcache/Python/3.11.9/arm64
2026-10-09T20:46:27.3188900Z   PKG_CONFIG_PATH: /Users/runner/hostedtoolcache/Python/3.11.9/arm64/lib/pkgconfig
2026-10-09T20:46:27.3189340Z   Python_ROOT_DIR: /Users/runner/hostedtoolcache/Python/3.11.9/arm64
2026-10-09T20:46:27.3189760Z   Python2_ROOT_DIR: /Users/runner/hostedtoolcache/Python/3.11.9/arm64
2026-10-09T20:46:27.3190210Z   Python3_ROOT_DIR: /Users/runner/hostedtoolcache/Python/3.11.9/arm64
2026-10-09T20:46:27.3190550Z   CHROME_VERSION: 155.0.8059.39
2026-10-09T20:46:27.3190750Z   FIREFOX_VERSION: 157.0.1
2026-10-09T20:46:27.3190960Z ##[endgroup]
2026-10-09T20:46:27.3689500Z Chrome: 155.0.8059.39
2026-10-09T20:46:27.3690130Z Firefox: 157.0.1
2026-10-09T20:46:27.3722790Z ##[group]Run python scripts/ci/browser_checks.py --suite portable
2026-10-09T20:46:27.3723240Z [36;1mpython scripts/ci/browser_checks.py --suite portable[0m
2026-10-09T20:46:27.3756560Z shell: /bin/bash -e {0}
2026-10-09T20:46:27.3756770Z env:
2026-10-09T20:46:27.3757080Z   CARGO_TERM_COLOR: always
2026-10-09T20:46:27.3757330Z   RUST_BACKTRACE: 1
2026-10-09T20:46:27.3757510Z   CARGO_HOME: /Users/runner/.cargo
2026-10-09T20:46:27.3757740Z   CARGO_INCREMENTAL: 0
2026-10-09T20:46:27.3757950Z   CACHE_ON_FAILURE: false
2026-10-09T20:46:27.3758280Z   pythonLocation: /Users/runner/hostedtoolcache/Python/3.11.9/arm64
2026-10-09T20:46:27.3758710Z   PKG_CONFIG_PATH: /Users/runner/hostedtoolcache/Python/3.11.9/arm64/lib/pkgconfig
2026-10-09T20:46:27.3759150Z   Python_ROOT_DIR: /Users/runner/hostedtoolcache/Python/3.11.9/arm64
2026-10-09T20:46:27.3759520Z   Python2_ROOT_DIR: /Users/runner/hostedtoolcache/Python/3.11.9/arm64
2026-10-09T20:46:27.3759980Z   Python3_ROOT_DIR: /Users/runner/hostedtoolcache/Python/3.11.9/arm64
2026-10-09T20:46:27.3760700Z   RUSTWRIGHT_CHROME: /Users/runner/work/_temp/rustwright-chrome-2olqvej7/chrome-mac-arm64/Google Chrome for Testing.app/Contents/MacOS/Google Chrome for Testing
2026-10-09T20:46:27.3761420Z   RUSTWRIGHT_FIREFOX: /Users/runner/hostedtoolcache/firefox/157.0.1/arm64/Contents/MacOS/firefox
2026-10-09T20:46:27.3761790Z ##[endgroup]
2026-10-09T20:46:27.6169090Z Running http_compat; log: /Users/runner/work/rustwright/rustwright/target/ci/portable/http_compat.log
2026-10-09T20:48:10.1079390Z Running http_actionability; log: /Users/runner/work/rustwright/rustwright/target/ci/portable/http_actionability.log
2026-10-09T20:48:53.1167240Z Running http_clipped_control; log: /Users/runner/work/rustwright/rustwright/target/ci/portable/http_clipped_control.log
2026-10-09T20:49:27.9061410Z Running http_bidi_navigation; log: /Users/runner/work/rustwright/rustwright/target/ci/portable/http_bidi_navigation.log
2026-10-09T20:49:54.8504590Z Running http_network_idle_parity; log: /Users/runner/work/rustwright/rustwright/target/ci/portable/http_network_idle_parity.log
2026-10-09T20:52:00.3206190Z Native HTTP portable: 79 passed, no skips
2026-10-09T20:52:00.3650800Z ##[group]Run actions/upload-artifact@v4
2026-10-09T20:52:00.3651270Z with:
2026-10-09T20:52:00.3651540Z   name: native-http-macos-latest
2026-10-09T20:52:00.3651880Z   path: target/ci/
2026-10-09T20:52:00.3652230Z   if-no-files-found: error
2026-10-09T20:52:00.3652750Z   compression-level: 6
2026-10-09T20:52:00.3653090Z   overwrite: false
2026-10-09T20:52:00.3653510Z   include-hidden-files: false
2026-10-09T20:52:00.3654060Z env:
2026-10-09T20:52:00.3654540Z   CARGO_TERM_COLOR: always
2026-10-09T20:52:00.3654760Z   RUST_BACKTRACE: 1
2026-10-09T20:52:00.3655250Z   CARGO_HOME: /Users/runner/.cargo
2026-10-09T20:52:00.3655590Z   CARGO_INCREMENTAL: 0
2026-10-09T20:52:00.3656750Z   CACHE_ON_FAILURE: false
2026-10-09T20:52:00.3657950Z   pythonLocation: /Users/runner/hostedtoolcache/Python/3.11.9/arm64
2026-10-09T20:52:00.3659370Z   PKG_CONFIG_PATH: /Users/runner/hostedtoolcache/Python/3.11.9/arm64/lib/pkgconfig
2026-10-09T20:52:00.3661210Z   Python_ROOT_DIR: /Users/runner/hostedtoolcache/Python/3.11.9/arm64
2026-10-09T20:52:00.3661700Z   Python2_ROOT_DIR: /Users/runner/hostedtoolcache/Python/3.11.9/arm64
2026-10-09T20:52:00.3662220Z   Python3_ROOT_DIR: /Users/runner/hostedtoolcache/Python/3.11.9/arm64
2026-10-09T20:52:00.3662820Z ##[endgroup]
2026-10-09T20:52:00.8268530Z (node:14359) [DEP0040] DeprecationWarning: The `punycode` module is deprecated. Please use a userland alternative instead.
2026-10-09T20:52:00.8269470Z (Use `node --trace-deprecation ...` to show where the warning was created)
2026-10-09T20:52:00.8327920Z With the provided path, there will be 7 files uploaded
2026-10-09T20:52:00.8330580Z Artifact name is valid!
2026-10-09T20:52:00.8331110Z Root directory input is valid!
2026-10-09T20:52:01.2018790Z (node:14359) [DEP0169] DeprecationWarning: `url.parse()` behavior is not standardized and prone to errors that have security implications. Use the WHATWG URL API instead. CVEs are not issued for `url.parse()` vulnerabilities.
2026-10-09T20:52:01.2026160Z Beginning upload of artifact content to blob storage
2026-10-09T20:52:01.3268270Z Uploaded bytes 7914
2026-10-09T20:52:01.3653400Z Finished uploading artifact content to blob storage!
2026-10-09T20:52:01.3654230Z SHA256 digest of uploaded artifact zip is bef4714ffd295c14403fae5588048ef774596a6319361b56c601ccc1847bde46
2026-10-09T20:52:01.3654890Z Finalizing artifact upload
2026-10-09T20:52:01.6155910Z Artifact native-http-macos-latest.zip successfully finalized. Artifact ID 11643909817
2026-10-09T20:52:01.6156940Z Artifact native-http-macos-latest has been successfully uploaded! Final size is 7914 bytes. Artifact ID is 11643909817
2026-10-09T20:52:01.6163160Z Artifact download URL: https://github.com/rsasaki0109/rustwright/actions/runs/37987315249/artifacts/11643909817
2026-10-09T20:52:01.6296180Z Post job cleanup.
2026-10-09T20:52:01.7525250Z Post job cleanup.
2026-10-09T20:52:01.8799600Z Cache up-to-date.
2026-10-09T20:52:01.8889480Z Post job cleanup.
2026-10-09T20:52:01.9885060Z [command]/opt/homebrew/bin/git version
2026-10-09T20:52:02.0097040Z git version 2.55.0
2026-10-09T20:52:02.0116370Z Copying '/Users/runner/.gitconfig' to '/Users/runner/work/_temp/687dd1bf-b166-4dd1-b2cb-1b9af6b92f41/.gitconfig'
2026-10-09T20:52:02.0123860Z Temporarily overriding HOME='/Users/runner/work/_temp/687dd1bf-b166-4dd1-b2cb-1b9af6b92f41' before making global git config changes
2026-10-09T20:52:02.0132040Z Adding repository directory to the temporary git global config as a safe directory
2026-10-09T20:52:02.0132610Z [command]/opt/homebrew/bin/git config --global --add safe.directory /Users/runner/work/rustwright/rustwright
2026-10-09T20:52:02.0246090Z [command]/opt/homebrew/bin/git config --local --name-only --get-regexp core\.sshCommand
2026-10-09T20:52:02.0329810Z [command]/opt/homebrew/bin/git submodule foreach --recursive sh -c "git config --local --name-only --get-regexp 'core\.sshCommand' && git config --local --unset-all 'core.sshCommand' || :"
2026-10-09T20:52:02.1268230Z [command]/opt/homebrew/bin/git config --local --name-only --get-regexp http\.https\:\/\/github\.com\/\.extraheader
2026-10-09T20:52:02.1330810Z http.https://github.com/.extraheader
2026-10-09T20:52:02.1338270Z [command]/opt/homebrew/bin/git config --local --unset-all http.https://github.com/.extraheader
2026-10-09T20:52:02.1411650Z [command]/opt/homebrew/bin/git submodule foreach --recursive sh -c "git config --local --name-only --get-regexp 'http\.https\:\/\/github\.com\/\.extraheader' && git config --local --unset-all 'http.https://github.com/.extraheader' || :"
2026-10-09T20:52:02.2220290Z [command]/opt/homebrew/bin/git config --local --name-only --get-regexp ^includeIf\.gitdir:
2026-10-09T20:52:02.2288090Z [command]/opt/homebrew/bin/git submodule foreach --recursive git config --local --show-origin --name-only --get-regexp remote.origin.url
2026-10-09T20:52:02.3673430Z Cleaning up orphan processes
2026-10-09T20:52:04.0905700Z Terminate orphan process: pid (3867) (diskimages-help)
2026-10-09T20:52:04.1151730Z ##[warning]Node.js 20 is deprecated. The following actions target Node.js 20 but are being forced to run on Node.js 24: actions/upload-artifact@v4. For more information see: https://github.blog/changelog/2025-09-19-deprecation-of-node-20-on-github-actions-runners/
