2026-10-09T20:44:31.2058489Z Current runner version: '2.337.0'
2026-10-09T20:44:31.2084335Z ##[group]Runner Image Provisioner
2026-10-09T20:44:31.2085439Z Hosted Compute Agent
2026-10-09T20:44:31.2086210Z Version: 20261002.596
2026-10-09T20:44:31.2086911Z Commit: c3d12f3313a95f25162a1503be624f3b0617f8c0
2026-10-09T20:44:31.2087715Z Build Date: 2026-10-02T22:28:27Z
2026-10-09T20:44:31.2088430Z Worker ID: {484e6bb5-79a0-444d-b81d-71b69b0d2c2a}
2026-10-09T20:44:31.2089188Z Region: westus
2026-10-09T20:44:31.2089839Z Cloud: Azure
2026-10-09T20:44:31.2090409Z ##[endgroup]
2026-10-09T20:44:31.2091828Z ##[group]Operating System
2026-10-09T20:44:31.2092493Z Ubuntu
2026-10-09T20:44:31.2093085Z 24.04.5
2026-10-09T20:44:31.2093677Z LTS
2026-10-09T20:44:31.2094365Z ##[endgroup]
2026-10-09T20:44:31.2095031Z ##[group]Runner Image
2026-10-09T20:44:31.2095676Z Image: ubuntu-24.04
2026-10-09T20:44:31.2096314Z Version: 20261004.327.1
2026-10-09T20:44:31.2097650Z Included Software: https://github.com/actions/runner-images/blob/ubuntu24/20261004.327/images/ubuntu/Ubuntu2404-Readme.md
2026-10-09T20:44:31.2099425Z Image Release: https://github.com/actions/runner-images/releases/tag/ubuntu24%2F20261004.327
2026-10-09T20:44:31.2100462Z ##[endgroup]
2026-10-09T20:44:31.2101630Z ##[group]GITHUB_TOKEN Permissions
2026-10-09T20:44:31.2103672Z Contents: read
2026-10-09T20:44:31.2104451Z Metadata: read
2026-10-09T20:44:31.2105140Z ##[endgroup]
2026-10-09T20:44:31.2107407Z Secret source: Actions
2026-10-09T20:44:31.2109048Z Cache mode: write
2026-10-09T20:44:31.2110018Z Prepare workflow directory
2026-10-09T20:44:31.2900662Z Prepare all required actions
2026-10-09T20:44:31.2947954Z Getting action download info
2026-10-09T20:44:31.6637113Z Download action repository 'actions/checkout@v5' (SHA:fbc6f3992d24b796d5a048ff273f7fcc4a7b6c09)
2026-10-09T20:44:31.7637872Z Download action repository 'dtolnay/rust-toolchain@stable' (SHA:686976e191b89faba57d3206551f0f330d8cb249)
2026-10-09T20:44:31.9879178Z Download action repository 'Swatinem/rust-cache@v2' (SHA:6323deb102c322ba6fcbdcafc7e3dddab59af2b6)
2026-10-09T20:44:32.4357824Z Download action repository 'actions/setup-python@v6' (SHA:ece7cb06caefa5fff74198d8649806c4678c61a1)
2026-10-09T20:44:32.5109088Z Download action repository 'browser-actions/setup-chrome@v2' (SHA:48ad923757ca74d66703209fe939badbdf80f2f4)
2026-10-09T20:44:32.8017105Z Download action repository 'browser-actions/setup-firefox@v1' (SHA:0bc507ddf224827e3b1af68e014d5e42ab93e795)
2026-10-09T20:44:33.0939085Z Download action repository 'actions/upload-artifact@v4' (SHA:ea165f8d65b6e75b540449e92b4886f43607fa02)
2026-10-09T20:44:33.4044685Z Complete job name: Required Chrome + Firefox / ubuntu-latest
2026-10-09T20:44:33.5102552Z ##[group]Run actions/checkout@v5
2026-10-09T20:44:33.5103869Z with:
2026-10-09T20:44:33.5104941Z   repository: rsasaki0109/rustwright
2026-10-09T20:44:33.5113427Z   token: ***
2026-10-09T20:44:33.5114442Z   ssh-strict: true
2026-10-09T20:44:33.5115312Z   ssh-user: git
2026-10-09T20:44:33.5116187Z   persist-credentials: true
2026-10-09T20:44:33.5117193Z   clean: true
2026-10-09T20:44:33.5118082Z   sparse-checkout-cone-mode: true
2026-10-09T20:44:33.5119100Z   fetch-depth: 1
2026-10-09T20:44:33.5119960Z   fetch-tags: false
2026-10-09T20:44:33.5120824Z   show-progress: true
2026-10-09T20:44:33.5121693Z   lfs: false
2026-10-09T20:44:33.5122497Z   submodules: false
2026-10-09T20:44:33.5123381Z   set-safe-directory: true
2026-10-09T20:44:33.5124542Z   allow-unsafe-pr-checkout: false
2026-10-09T20:44:33.5125795Z env:
2026-10-09T20:44:33.5126615Z   CARGO_TERM_COLOR: always
2026-10-09T20:44:33.5127565Z   RUST_BACKTRACE: 1
2026-10-09T20:44:33.5128413Z ##[endgroup]
2026-10-09T20:44:33.6217665Z Syncing repository: rsasaki0109/rustwright
2026-10-09T20:44:33.6221686Z ##[group]Getting Git version info
2026-10-09T20:44:33.6223777Z Working directory is '/home/runner/work/rustwright/rustwright'
2026-10-09T20:44:33.6227198Z [command]/usr/bin/git version
2026-10-09T20:44:33.6232262Z git version 2.55.0
2026-10-09T20:44:33.6260411Z ##[endgroup]
2026-10-09T20:44:33.6272314Z Temporarily overriding HOME='/home/runner/work/_temp/ce0a1854-9bc1-4ccb-baf6-bd6a4a8c325a' before making global git config changes
2026-10-09T20:44:33.6276668Z Adding repository directory to the temporary git global config as a safe directory
2026-10-09T20:44:33.6280407Z [command]/usr/bin/git config --global --add safe.directory /home/runner/work/rustwright/rustwright
2026-10-09T20:44:33.6327433Z Deleting the contents of '/home/runner/work/rustwright/rustwright'
2026-10-09T20:44:33.6333641Z ##[group]Initializing the repository
2026-10-09T20:44:33.6337530Z [command]/usr/bin/git init /home/runner/work/rustwright/rustwright
2026-10-09T20:44:33.6424854Z hint: Using 'master' as the name for the initial branch. This default branch name
2026-10-09T20:44:33.6428699Z hint: will change to "main" in Git 3.0. To configure the initial branch name
2026-10-09T20:44:33.6431496Z hint: to use in all of your new repositories, which will suppress this warning,
2026-10-09T20:44:33.6433713Z hint: call:
2026-10-09T20:44:33.6435791Z hint:
2026-10-09T20:44:33.6437296Z hint: 	git config --global init.defaultBranch <name>
2026-10-09T20:44:33.6439099Z hint:
2026-10-09T20:44:33.6440805Z hint: Names commonly chosen instead of 'master' are 'main', 'trunk' and
2026-10-09T20:44:33.6443653Z hint: 'development'. The just-created branch can be renamed via this command:
2026-10-09T20:44:33.6446388Z hint:
2026-10-09T20:44:33.6447627Z hint: 	git branch -m <name>
2026-10-09T20:44:33.6449063Z hint:
2026-10-09T20:44:33.6450915Z hint: Disable this message with "git config set advice.defaultBranchName false"
2026-10-09T20:44:33.6454048Z Initialized empty Git repository in /home/runner/work/rustwright/rustwright/.git/
2026-10-09T20:44:33.6459289Z [command]/usr/bin/git remote add origin https://github.com/rsasaki0109/rustwright
2026-10-09T20:44:33.6486903Z ##[endgroup]
2026-10-09T20:44:33.6489091Z ##[group]Disabling automatic garbage collection
2026-10-09T20:44:33.6491130Z [command]/usr/bin/git config --local gc.auto 0
2026-10-09T20:44:33.6524373Z ##[endgroup]
2026-10-09T20:44:33.6526699Z ##[group]Setting up auth
2026-10-09T20:44:33.6530762Z [command]/usr/bin/git config --local --name-only --get-regexp core\.sshCommand
2026-10-09T20:44:33.6568371Z [command]/usr/bin/git submodule foreach --recursive sh -c "git config --local --name-only --get-regexp 'core\.sshCommand' && git config --local --unset-all 'core.sshCommand' || :"
2026-10-09T20:44:33.6914682Z [command]/usr/bin/git config --local --name-only --get-regexp http\.https\:\/\/github\.com\/\.extraheader
2026-10-09T20:44:33.6969691Z [command]/usr/bin/git submodule foreach --recursive sh -c "git config --local --name-only --get-regexp 'http\.https\:\/\/github\.com\/\.extraheader' && git config --local --unset-all 'http.https://github.com/.extraheader' || :"
2026-10-09T20:44:33.7217824Z [command]/usr/bin/git config --local --name-only --get-regexp ^includeIf\.gitdir:
2026-10-09T20:44:33.7256829Z [command]/usr/bin/git submodule foreach --recursive git config --local --show-origin --name-only --get-regexp remote.origin.url
2026-10-09T20:44:33.7499307Z [command]/usr/bin/git config --local http.https://github.com/.extraheader AUTHORIZATION: basic ***
2026-10-09T20:44:33.7542414Z ##[endgroup]
2026-10-09T20:44:33.7543887Z ##[group]Fetching the repository
2026-10-09T20:44:33.7552650Z [command]/usr/bin/git -c protocol.version=2 fetch --no-tags --prune --no-recurse-submodules --depth=1 origin +81864cc233628753cc97cdbb19a70cc30a1d4128:refs/remotes/pull/1/merge
2026-10-09T20:44:35.0386992Z From https://github.com/rsasaki0109/rustwright
2026-10-09T20:44:35.0388378Z  * [new ref]         81864cc233628753cc97cdbb19a70cc30a1d4128 -> pull/1/merge
2026-10-09T20:44:35.0393934Z ##[endgroup]
2026-10-09T20:44:35.0395065Z ##[group]Determining the checkout info
2026-10-09T20:44:35.0396235Z ##[endgroup]
2026-10-09T20:44:35.0411785Z [command]/usr/bin/git sparse-checkout disable
2026-10-09T20:44:35.0462012Z [command]/usr/bin/git config --local --unset-all extensions.worktreeConfig
2026-10-09T20:44:35.0496709Z ##[group]Checking out the ref
2026-10-09T20:44:35.0499934Z [command]/usr/bin/git checkout --progress --force refs/remotes/pull/1/merge
2026-10-09T20:44:35.1853894Z Note: switching to 'refs/remotes/pull/1/merge'.
2026-10-09T20:44:35.1868109Z 
2026-10-09T20:44:35.1868716Z You are in 'detached HEAD' state. You can look around, make experimental
2026-10-09T20:44:35.1869664Z changes and commit them, and you can discard any commits you make in this
2026-10-09T20:44:35.1870574Z state without impacting any branches by switching back to a branch.
2026-10-09T20:44:35.1871078Z 
2026-10-09T20:44:35.1871682Z If you want to create a new branch to retain commits you create, you may
2026-10-09T20:44:35.1872688Z do so (now or later) by using -c with the switch command. Example:
2026-10-09T20:44:35.1873372Z 
2026-10-09T20:44:35.1873917Z   git switch -c <new-branch-name>
2026-10-09T20:44:35.1874477Z 
2026-10-09T20:44:35.1874688Z Or undo this operation with:
2026-10-09T20:44:35.1875001Z 
2026-10-09T20:44:35.1875191Z   git switch -
2026-10-09T20:44:35.1875485Z 
2026-10-09T20:44:35.1875912Z Turn off this advice by setting config variable advice.detachedHead to false
2026-10-09T20:44:35.1876455Z 
2026-10-09T20:44:35.1877096Z HEAD is now at 81864cc Merge be1b065aeff87e5c19e53492a19f4465ba4436f4 into 91e72af388d000266c9b4e7567a3e1fe4007fc33
2026-10-09T20:44:35.1879357Z ##[endgroup]
2026-10-09T20:44:35.1925378Z [command]/usr/bin/git log -1 --format=%H
2026-10-09T20:44:35.1956188Z 81864cc233628753cc97cdbb19a70cc30a1d4128
2026-10-09T20:44:35.2321677Z ##[group]Run dtolnay/rust-toolchain@stable
2026-10-09T20:44:35.2322072Z with:
2026-10-09T20:44:35.2322337Z   toolchain: stable
2026-10-09T20:44:35.2322604Z env:
2026-10-09T20:44:35.2322851Z   CARGO_TERM_COLOR: always
2026-10-09T20:44:35.2323147Z   RUST_BACKTRACE: 1
2026-10-09T20:44:35.2323411Z ##[endgroup]
2026-10-09T20:44:35.2388917Z ##[start-action display=Parse toolchain version;id=__dtolnay_rust-toolchain.parse]
2026-10-09T20:44:35.2456548Z ##[group]Run if [[ -z $toolchain ]]; then
2026-10-09T20:44:35.2457030Z [36;1mif [[ -z $toolchain ]]; then[0m
2026-10-09T20:44:35.2457685Z [36;1m  # GitHub does not enforce `required: true` inputs itself. https://github.com/actions/runner/issues/1070[0m
2026-10-09T20:44:35.2458337Z [36;1m  echo "'toolchain' is a required input" >&2[0m
2026-10-09T20:44:35.2458707Z [36;1m  exit 1[0m
2026-10-09T20:44:35.2459111Z [36;1melif [[ $toolchain =~ ^stable' '[0-9]+' '(year|month|week|day)s?' 'ago$ ]]; then[0m
2026-10-09T20:44:35.2459630Z [36;1m  if [[ Linux == macOS ]]; then[0m
2026-10-09T20:44:35.2460217Z [36;1m    echo "toolchain=1.$((($(date -v-$(sed 's/stable \([0-9]*\) \(.\).*/\1\2/' <<< $toolchain) +%s)/60/60/24-16569)/7/6))" >> $GITHUB_OUTPUT[0m
2026-10-09T20:44:35.2460783Z [36;1m  else[0m
2026-10-09T20:44:35.2461266Z [36;1m    echo "toolchain=1.$((($(date --date "${toolchain#stable }" +%s)/60/60/24-16569)/7/6))" >> $GITHUB_OUTPUT[0m
2026-10-09T20:44:35.2461783Z [36;1m  fi[0m
2026-10-09T20:44:35.2462146Z [36;1melif [[ $toolchain =~ ^stable' 'minus' '[0-9]+' 'releases?$ ]]; then[0m
2026-10-09T20:44:35.2462750Z [36;1m  echo "toolchain=1.$((($(date +%s)/60/60/24-16569)/7/6-${toolchain//[^0-9]/}))" >> $GITHUB_OUTPUT[0m
2026-10-09T20:44:35.2463293Z [36;1melif [[ $toolchain =~ ^1\.[0-9]+$ ]]; then[0m
2026-10-09T20:44:35.2463879Z [36;1m  echo "toolchain=1.$((i=${toolchain#1.}, c=($(date +%s)/60/60/24-16569)/7/6, i+9*i*(10*i<=c)+90*i*(100*i<=c)))" >> $GITHUB_OUTPUT[0m
2026-10-09T20:44:35.2464555Z [36;1melse[0m
2026-10-09T20:44:35.2464825Z [36;1m  delimiter=EOF[0m
2026-10-09T20:44:35.2465197Z [36;1m  while [[ $toolchain == *$delimiter* ]]; do delimiter+=_; done[0m
2026-10-09T20:44:35.2465762Z [36;1m  printf 'toolchain<<%s\n%s\n%s\n' "$delimiter" "$toolchain" "$delimiter" >> $GITHUB_OUTPUT[0m
2026-10-09T20:44:35.2466232Z [36;1mfi[0m
2026-10-09T20:44:35.2686999Z shell: /usr/bin/bash --noprofile --norc -e -o pipefail {0}
2026-10-09T20:44:35.2687460Z env:
2026-10-09T20:44:35.2687729Z   CARGO_TERM_COLOR: always
2026-10-09T20:44:35.2688028Z   RUST_BACKTRACE: 1
2026-10-09T20:44:35.2688568Z   toolchain: stable
2026-10-09T20:44:35.2688826Z ##[endgroup]
2026-10-09T20:44:35.2832491Z ##[end-action id=__dtolnay_rust-toolchain.parse;outcome=success;conclusion=success;duration_ms=44]
2026-10-09T20:44:35.2837600Z ##[start-action display=Set $CARGO_HOME;id=__dtolnay_rust-toolchain.__run]
2026-10-09T20:44:35.2935426Z ##[group]Run echo CARGO_HOME=${CARGO_HOME:-"$HOME/.cargo"} >> $GITHUB_ENV
2026-10-09T20:44:35.2936001Z [36;1mecho CARGO_HOME=${CARGO_HOME:-"$HOME/.cargo"} >> $GITHUB_ENV[0m
2026-10-09T20:44:35.2998039Z shell: /usr/bin/bash --noprofile --norc -e -o pipefail {0}
2026-10-09T20:44:35.2998444Z env:
2026-10-09T20:44:35.2998705Z   CARGO_TERM_COLOR: always
2026-10-09T20:44:35.2998996Z   RUST_BACKTRACE: 1
2026-10-09T20:44:35.2999262Z ##[endgroup]
2026-10-09T20:44:35.3090481Z ##[end-action id=__dtolnay_rust-toolchain.__run;outcome=success;conclusion=success;duration_ms=25]
2026-10-09T20:44:35.3092973Z ##[start-action display=Install rustup if needed;id=__dtolnay_rust-toolchain.__run_2]
2026-10-09T20:44:35.3128983Z ##[group]Run if ! command -v rustup &>/dev/null; then
2026-10-09T20:44:35.3129441Z [36;1mif ! command -v rustup &>/dev/null; then[0m
2026-10-09T20:44:35.3130257Z [36;1m  curl --proto '=https' --tlsv1.2 --retry 10 --retry-connrefused --location --silent --show-error --fail https://sh.rustup.rs | sh -s -- --default-toolchain none -y[0m
2026-10-09T20:44:35.3131023Z [36;1m  echo "$CARGO_HOME/bin" >> $GITHUB_PATH[0m
2026-10-09T20:44:35.3131576Z [36;1mfi[0m
2026-10-09T20:44:35.3192109Z shell: /usr/bin/bash --noprofile --norc -e -o pipefail {0}
2026-10-09T20:44:35.3192511Z env:
2026-10-09T20:44:35.3192780Z   CARGO_TERM_COLOR: always
2026-10-09T20:44:35.3193074Z   RUST_BACKTRACE: 1
2026-10-09T20:44:35.3193352Z   CARGO_HOME: /home/runner/.cargo
2026-10-09T20:44:35.3193656Z ##[endgroup]
2026-10-09T20:44:35.3301920Z ##[end-action id=__dtolnay_rust-toolchain.__run_2;outcome=success;conclusion=success;duration_ms=20]
2026-10-09T20:44:35.3304871Z ##[start-action display=Install rustup if needed on windows;id=__dtolnay_rust-toolchain.__run_3]
2026-10-09T20:44:35.3312132Z ##[end-action id=__dtolnay_rust-toolchain.__run_3;outcome=skipped;conclusion=skipped;duration_ms=0]
2026-10-09T20:44:35.3326606Z ##[start-action display=rustup toolchain install stable;id=__dtolnay_rust-toolchain.__run_4]
2026-10-09T20:44:35.3354847Z ##[group]Run set -f  # split targets and components on commas and whitespace, without glob expansion
2026-10-09T20:44:35.3355630Z [36;1mset -f  # split targets and components on commas and whitespace, without glob expansion[0m
2026-10-09T20:44:35.3356141Z [36;1mflags=()[0m
2026-10-09T20:44:35.3356490Z [36;1mfor t in ${targets//,/ }; do flags+=(--target "$t"); done[0m
2026-10-09T20:44:35.3356962Z [36;1mfor c in ${components//,/ }; do flags+=(--component "$c"); done[0m
2026-10-09T20:44:35.3357521Z [36;1mif [[ $toolchain == nightly && -n $components ]]; then flags+=(--allow-downgrade); fi[0m
2026-10-09T20:44:35.3357990Z [36;1mlog=$(mktemp)[0m
2026-10-09T20:44:35.3358294Z [36;1mtrap 'rm -f "$log"' EXIT[0m
2026-10-09T20:44:35.3358614Z [36;1mfor attempt in 1 2 3 4 5; do[0m
2026-10-09T20:44:35.3359256Z [36;1m  if rustup toolchain install "$toolchain" "${flags[@]}" --profile minimal --no-self-update --force-non-host 2>&1 | tee "$log"; then[0m
2026-10-09T20:44:35.3359862Z [36;1m    break[0m
2026-10-09T20:44:35.3360128Z [36;1m  else[0m
2026-10-09T20:44:35.3360389Z [36;1m    status=$?[0m
2026-10-09T20:44:35.3360674Z [36;1m  fi[0m
2026-10-09T20:44:35.3361034Z [36;1m  if [[ $attempt == 5 ]] || ! grep -Fq 'checksum failed for ' "$log" \[0m
2026-10-09T20:44:35.3361642Z [36;1m      || ! grep -Fq 'this is likely due to an ongoing update of the official release server' "$log"; then[0m
2026-10-09T20:44:35.3362162Z [36;1m    exit "$status"[0m
2026-10-09T20:44:35.3362458Z [36;1m  fi[0m
2026-10-09T20:44:35.3362871Z [36;1m  echo "Retrying rustup toolchain install in 30 seconds (retry $attempt of 4)" >&2[0m
2026-10-09T20:44:35.3363344Z [36;1m  sleep 30[0m
2026-10-09T20:44:35.3363774Z [36;1mdone[0m
2026-10-09T20:44:35.3424588Z shell: /usr/bin/bash --noprofile --norc -e -o pipefail {0}
2026-10-09T20:44:35.3424991Z env:
2026-10-09T20:44:35.3425253Z   CARGO_TERM_COLOR: always
2026-10-09T20:44:35.3425547Z   RUST_BACKTRACE: 1
2026-10-09T20:44:35.3425828Z   CARGO_HOME: /home/runner/.cargo
2026-10-09T20:44:35.3426129Z   toolchain: stable
2026-10-09T20:44:35.3426383Z   targets: 
2026-10-09T20:44:35.3426627Z   components: 
2026-10-09T20:44:35.3426902Z   RUSTUP_PERMIT_COPY_RENAME: 1
2026-10-09T20:44:35.3427200Z ##[endgroup]
2026-10-09T20:44:35.5543993Z info: syncing channel updates for stable-x86_64-unknown-linux-gnu
2026-10-09T20:44:35.6276409Z 
2026-10-09T20:44:35.6359529Z   stable-x86_64-unknown-linux-gnu unchanged - rustc 1.99.0 (b940084d7 2026-09-28)
2026-10-09T20:44:35.6359980Z 
2026-10-09T20:44:35.6404973Z ##[end-action id=__dtolnay_rust-toolchain.__run_4;outcome=success;conclusion=success;duration_ms=307]
2026-10-09T20:44:35.6411652Z ##[start-action display=rustup default stable;id=__dtolnay_rust-toolchain.__run_5]
2026-10-09T20:44:35.6440052Z ##[group]Run rustup default "$toolchain" --force-non-host
2026-10-09T20:44:35.6440536Z [36;1mrustup default "$toolchain" --force-non-host[0m
2026-10-09T20:44:35.6508742Z shell: /usr/bin/bash --noprofile --norc -e -o pipefail {0}
2026-10-09T20:44:35.6509156Z env:
2026-10-09T20:44:35.6509416Z   CARGO_TERM_COLOR: always
2026-10-09T20:44:35.6509713Z   RUST_BACKTRACE: 1
2026-10-09T20:44:35.6510237Z   CARGO_HOME: /home/runner/.cargo
2026-10-09T20:44:35.6510553Z   toolchain: stable
2026-10-09T20:44:35.6510817Z ##[endgroup]
2026-10-09T20:44:35.6641833Z info: using existing install for stable-x86_64-unknown-linux-gnu
2026-10-09T20:44:35.6649083Z info: default toolchain set to stable-x86_64-unknown-linux-gnu
2026-10-09T20:44:35.6649418Z 
2026-10-09T20:44:35.6728699Z   stable-x86_64-unknown-linux-gnu unchanged - rustc 1.99.0 (b940084d7 2026-09-28)
2026-10-09T20:44:35.6729111Z 
2026-10-09T20:44:35.6749117Z ##[end-action id=__dtolnay_rust-toolchain.__run_5;outcome=success;conclusion=success;duration_ms=33]
2026-10-09T20:44:35.6753005Z ##[start-action display=Create cachekey;id=__dtolnay_rust-toolchain.rustc-version]
2026-10-09T20:44:35.6781603Z ##[group]Run DATE=$(rustc +"$toolchain" --version --verbose | sed -ne 's/^commit-date: \(20[0-9][0-9]\)-\([01][0-9]\)-\([0-3][0-9]\)$/\1\2\3/p')
2026-10-09T20:44:35.6782513Z [36;1mDATE=$(rustc +"$toolchain" --version --verbose | sed -ne 's/^commit-date: \(20[0-9][0-9]\)-\([01][0-9]\)-\([0-3][0-9]\)$/\1\2\3/p')[0m
2026-10-09T20:44:35.6783241Z [36;1mHASH=$(rustc +"$toolchain" --version --verbose | sed -ne 's/^commit-hash: //p')[0m
2026-10-09T20:44:35.6783812Z [36;1mecho "cachekey=$(echo $DATE$HASH | head -c12)" >> $GITHUB_OUTPUT[0m
2026-10-09T20:44:35.6847169Z shell: /usr/bin/bash --noprofile --norc -e -o pipefail {0}
2026-10-09T20:44:35.6847583Z env:
2026-10-09T20:44:35.6847842Z   CARGO_TERM_COLOR: always
2026-10-09T20:44:35.6848131Z   RUST_BACKTRACE: 1
2026-10-09T20:44:35.6848412Z   CARGO_HOME: /home/runner/.cargo
2026-10-09T20:44:35.6848730Z   toolchain: stable
2026-10-09T20:44:35.6848991Z ##[endgroup]
2026-10-09T20:44:35.7232744Z ##[end-action id=__dtolnay_rust-toolchain.rustc-version;outcome=success;conclusion=success;duration_ms=47]
2026-10-09T20:44:35.7236189Z ##[start-action display=Disable incremental compilation;id=__dtolnay_rust-toolchain.__run_6]
2026-10-09T20:44:35.7266065Z ##[group]Run if [ -z "${CARGO_INCREMENTAL+set}" ]; then
2026-10-09T20:44:35.7266533Z [36;1mif [ -z "${CARGO_INCREMENTAL+set}" ]; then[0m
2026-10-09T20:44:35.7266937Z [36;1m  echo CARGO_INCREMENTAL=0 >> $GITHUB_ENV[0m
2026-10-09T20:44:35.7267271Z [36;1mfi[0m
2026-10-09T20:44:35.7332446Z shell: /usr/bin/bash --noprofile --norc -e -o pipefail {0}
2026-10-09T20:44:35.7332860Z env:
2026-10-09T20:44:35.7333120Z   CARGO_TERM_COLOR: always
2026-10-09T20:44:35.7333415Z   RUST_BACKTRACE: 1
2026-10-09T20:44:35.7333699Z   CARGO_HOME: /home/runner/.cargo
2026-10-09T20:44:35.7334005Z ##[endgroup]
2026-10-09T20:44:35.7425226Z ##[end-action id=__dtolnay_rust-toolchain.__run_6;outcome=success;conclusion=success;duration_ms=18]
2026-10-09T20:44:35.7427980Z ##[start-action display=Enable colors in Cargo output;id=__dtolnay_rust-toolchain.__run_7]
2026-10-09T20:44:35.7456382Z ##[group]Run if [ -z "${CARGO_TERM_COLOR+set}" ]; then
2026-10-09T20:44:35.7456819Z [36;1mif [ -z "${CARGO_TERM_COLOR+set}" ]; then[0m
2026-10-09T20:44:35.7457216Z [36;1m  echo CARGO_TERM_COLOR=always >> $GITHUB_ENV[0m
2026-10-09T20:44:35.7457576Z [36;1mfi[0m
2026-10-09T20:44:35.7518371Z shell: /usr/bin/bash --noprofile --norc -e -o pipefail {0}
2026-10-09T20:44:35.7518771Z env:
2026-10-09T20:44:35.7519030Z   CARGO_TERM_COLOR: always
2026-10-09T20:44:35.7519314Z   RUST_BACKTRACE: 1
2026-10-09T20:44:35.7519593Z   CARGO_HOME: /home/runner/.cargo
2026-10-09T20:44:35.7519899Z   CARGO_INCREMENTAL: 0
2026-10-09T20:44:35.7520166Z ##[endgroup]
2026-10-09T20:44:35.7610501Z ##[end-action id=__dtolnay_rust-toolchain.__run_7;outcome=success;conclusion=success;duration_ms=18]
2026-10-09T20:44:35.7614330Z ##[start-action display=Enable Cargo sparse registry;id=__dtolnay_rust-toolchain.__run_8]
2026-10-09T20:44:35.7644655Z ##[group]Run # implemented in 1.66, stabilized in 1.68, made default in 1.70
2026-10-09T20:44:35.7645214Z [36;1m# implemented in 1.66, stabilized in 1.68, made default in 1.70[0m
2026-10-09T20:44:35.7646150Z [36;1mif [ -z "${CARGO_REGISTRIES_CRATES_IO_PROTOCOL+set}" -o -f "/home/runner/work/_temp"/.implicit_cargo_registries_crates_io_protocol ]; then[0m
2026-10-09T20:44:35.7646956Z [36;1m  if rustc +"$toolchain" --version --verbose | grep -q '^release: 1\.6[89]\.'; then[0m
2026-10-09T20:44:35.7647613Z [36;1m    touch "/home/runner/work/_temp"/.implicit_cargo_registries_crates_io_protocol || true[0m
2026-10-09T20:44:35.7648211Z [36;1m    echo CARGO_REGISTRIES_CRATES_IO_PROTOCOL=sparse >> $GITHUB_ENV[0m
2026-10-09T20:44:35.7648779Z [36;1m  elif rustc +"$toolchain" --version --verbose | grep -q '^release: 1\.6[67]\.'; then[0m
2026-10-09T20:44:35.7649396Z [36;1m    touch "/home/runner/work/_temp"/.implicit_cargo_registries_crates_io_protocol || true[0m
2026-10-09T20:44:35.7649967Z [36;1m    echo CARGO_REGISTRIES_CRATES_IO_PROTOCOL=git >> $GITHUB_ENV[0m
2026-10-09T20:44:35.7650491Z [36;1m  fi[0m
2026-10-09T20:44:35.7650742Z [36;1mfi[0m
2026-10-09T20:44:35.7710666Z shell: /usr/bin/bash --noprofile --norc -e -o pipefail {0}
2026-10-09T20:44:35.7711073Z env:
2026-10-09T20:44:35.7711335Z   CARGO_TERM_COLOR: always
2026-10-09T20:44:35.7711630Z   RUST_BACKTRACE: 1
2026-10-09T20:44:35.7711910Z   CARGO_HOME: /home/runner/.cargo
2026-10-09T20:44:35.7712216Z   CARGO_INCREMENTAL: 0
2026-10-09T20:44:35.7712485Z   toolchain: stable
2026-10-09T20:44:35.7712740Z ##[endgroup]
2026-10-09T20:44:35.8065235Z ##[end-action id=__dtolnay_rust-toolchain.__run_8;outcome=success;conclusion=success;duration_ms=45]
2026-10-09T20:44:35.8070265Z ##[start-action display=Work around spurious network errors in curl 8.0;id=__dtolnay_rust-toolchain.__run_9]
2026-10-09T20:44:35.8099983Z ##[group]Run # https://rust-lang.zulipchat.com/#narrow/stream/246057-t-cargo/topic/timeout.20investigation
2026-10-09T20:44:35.8100841Z [36;1m# https://rust-lang.zulipchat.com/#narrow/stream/246057-t-cargo/topic/timeout.20investigation[0m
2026-10-09T20:44:35.8101528Z [36;1mif rustc +"$toolchain" --version --verbose | grep -q '^release: 1\.7[01]\.'; then[0m
2026-10-09T20:44:35.8102059Z [36;1m  echo CARGO_HTTP_MULTIPLEXING=false >> $GITHUB_ENV[0m
2026-10-09T20:44:35.8102439Z [36;1mfi[0m
2026-10-09T20:44:35.8168096Z shell: /usr/bin/bash --noprofile --norc -e -o pipefail {0}
2026-10-09T20:44:35.8168504Z env:
2026-10-09T20:44:35.8168767Z   CARGO_TERM_COLOR: always
2026-10-09T20:44:35.8169056Z   RUST_BACKTRACE: 1
2026-10-09T20:44:35.8169331Z   CARGO_HOME: /home/runner/.cargo
2026-10-09T20:44:35.8169643Z   CARGO_INCREMENTAL: 0
2026-10-09T20:44:35.8169922Z   toolchain: stable
2026-10-09T20:44:35.8170181Z ##[endgroup]
2026-10-09T20:44:35.8395389Z ##[end-action id=__dtolnay_rust-toolchain.__run_9;outcome=success;conclusion=success;duration_ms=32]
2026-10-09T20:44:35.8400945Z ##[start-action display=rustc +stable --version --verbose;id=__dtolnay_rust-toolchain.__run_10]
2026-10-09T20:44:35.8453920Z ##[group]Run rustc +"$toolchain" --version --verbose
2026-10-09T20:44:35.8454621Z [36;1mrustc +"$toolchain" --version --verbose[0m
2026-10-09T20:44:35.8517837Z shell: /usr/bin/bash --noprofile --norc -e -o pipefail {0}
2026-10-09T20:44:35.8518238Z env:
2026-10-09T20:44:35.8518508Z   CARGO_TERM_COLOR: always
2026-10-09T20:44:35.8518797Z   RUST_BACKTRACE: 1
2026-10-09T20:44:35.8519088Z   CARGO_HOME: /home/runner/.cargo
2026-10-09T20:44:35.8519399Z   CARGO_INCREMENTAL: 0
2026-10-09T20:44:35.8519664Z   toolchain: stable
2026-10-09T20:44:35.8519917Z ##[endgroup]
2026-10-09T20:44:35.8717575Z rustc 1.99.0 (b940084d7 2026-09-28)
2026-10-09T20:44:35.8718136Z binary: rustc
2026-10-09T20:44:35.8718620Z commit-hash: b940084d7eb6a299eb4bfeb8e34901bc051e7ac4
2026-10-09T20:44:35.8719177Z commit-date: 2026-09-28
2026-10-09T20:44:35.8719606Z host: x86_64-unknown-linux-gnu
2026-10-09T20:44:35.8720083Z release: 1.99.0
2026-10-09T20:44:35.8720732Z LLVM version: 23.1.1
2026-10-09T20:44:35.8740529Z ##[end-action id=__dtolnay_rust-toolchain.__run_10;outcome=success;conclusion=success;duration_ms=33]
2026-10-09T20:44:35.8862219Z ##[group]Run Swatinem/rust-cache@v2
2026-10-09T20:44:35.8862566Z with:
2026-10-09T20:44:35.8862823Z   prefix-key: v0-rust
2026-10-09T20:44:35.8863104Z   add-job-id-key: true
2026-10-09T20:44:35.8863401Z   add-rust-environment-hash-key: true
2026-10-09T20:44:35.8863761Z   cache-targets: true
2026-10-09T20:44:35.8864039Z   cache-all-crates: false
2026-10-09T20:44:35.8864648Z   cache-workspace-crates: false
2026-10-09T20:44:35.8864950Z   save-if: true
2026-10-09T20:44:35.8865215Z   cache-provider: github
2026-10-09T20:44:35.8865492Z   cache-bin: true
2026-10-09T20:44:35.8865752Z   lookup-only: false
2026-10-09T20:44:35.8866058Z   cmd-format: {0}
2026-10-09T20:44:35.8866306Z env:
2026-10-09T20:44:35.8866551Z   CARGO_TERM_COLOR: always
2026-10-09T20:44:35.8866851Z   RUST_BACKTRACE: 1
2026-10-09T20:44:35.8867127Z   CARGO_HOME: /home/runner/.cargo
2026-10-09T20:44:35.8867432Z   CARGO_INCREMENTAL: 0
2026-10-09T20:44:35.8867696Z ##[endgroup]
2026-10-09T20:44:37.0275632Z ##[group]Cache Configuration
2026-10-09T20:44:37.0276127Z Cache Provider:
2026-10-09T20:44:37.0276440Z     github
2026-10-09T20:44:37.0276751Z Workspaces:
2026-10-09T20:44:37.0277094Z     /home/runner/work/rustwright/rustwright
2026-10-09T20:44:37.0277643Z Cache Paths:
2026-10-09T20:44:37.0277948Z     /home/runner/.cargo/bin
2026-10-09T20:44:37.0278210Z     /home/runner/.cargo/.crates.toml
2026-10-09T20:44:37.0278498Z     /home/runner/.cargo/.crates2.json
2026-10-09T20:44:37.0278776Z     /home/runner/.cargo/registry
2026-10-09T20:44:37.0279188Z     /home/runner/.cargo/git
2026-10-09T20:44:37.0279605Z     /home/runner/work/rustwright/rustwright/target
2026-10-09T20:44:37.0280065Z Restore Key:
2026-10-09T20:44:37.0280365Z     v0-rust-browser-compat-Linux-x64-2c4d122c
2026-10-09T20:44:37.0280692Z Cache Key:
2026-10-09T20:44:37.0280983Z     v0-rust-browser-compat-Linux-x64-2c4d122c-5e13362d
2026-10-09T20:44:37.0281298Z .. Prefix:
2026-10-09T20:44:37.0281529Z   - v0-rust-browser-compat-Linux-x64
2026-10-09T20:44:37.0281841Z .. Environment considered:
2026-10-09T20:44:37.0282092Z   - Rust Versions:
2026-10-09T20:44:37.0282444Z     - 1.99.0 x86_64-unknown-linux-gnu b940084d7eb6a299eb4bfeb8e34901bc051e7ac4
2026-10-09T20:44:37.0282916Z   - CARGO_HOME
2026-10-09T20:44:37.0283235Z   - CARGO_INCREMENTAL
2026-10-09T20:44:37.0283572Z   - CARGO_TERM_COLOR
2026-10-09T20:44:37.0283892Z   - RUST_BACKTRACE
2026-10-09T20:44:37.0284363Z .. Lockfiles considered:
2026-10-09T20:44:37.0284730Z   - /home/runner/work/rustwright/rustwright/Cargo.lock
2026-10-09T20:44:37.0285179Z   - /home/runner/work/rustwright/rustwright/crates/rustwright-bidi/Cargo.toml
2026-10-09T20:44:37.0285733Z   - /home/runner/work/rustwright/rustwright/crates/rustwright-browser/Cargo.toml
2026-10-09T20:44:37.0286301Z   - /home/runner/work/rustwright/rustwright/crates/rustwright-cdp/Cargo.toml
2026-10-09T20:44:37.0287205Z   - /home/runner/work/rustwright/rustwright/crates/rustwright-common/Cargo.toml
2026-10-09T20:44:37.0287743Z   - /home/runner/work/rustwright/rustwright/crates/rustwright-core/Cargo.toml
2026-10-09T20:44:37.0288287Z   - /home/runner/work/rustwright/rustwright/crates/rustwright-test-macros/Cargo.toml
2026-10-09T20:44:37.0288823Z   - /home/runner/work/rustwright/rustwright/crates/rustwright-test/Cargo.toml
2026-10-09T20:44:37.0289313Z   - /home/runner/work/rustwright/rustwright/crates/rustwright/Cargo.toml
2026-10-09T20:44:37.0289961Z   - /home/runner/work/rustwright/rustwright/docs/ci/results/firefox-network-idle/local/release/consumer/.cargo/config.toml
2026-10-09T20:44:37.0290776Z   - /home/runner/work/rustwright/rustwright/docs/ci/results/remote-20261009/followup-local/consumer/.cargo/config.toml
2026-10-09T20:44:37.0291532Z   - /home/runner/work/rustwright/rustwright/docs/ci/results/required-browser/release/consumer/.cargo/config.toml
2026-10-09T20:44:37.0292262Z   - /home/runner/work/rustwright/rustwright/docs/release/results/local-package/consumer/.cargo/config.toml
2026-10-09T20:44:37.0293159Z   - /home/runner/work/rustwright/rustwright/examples/Cargo.toml
2026-10-09T20:44:37.0294096Z   - /home/runner/work/rustwright/rustwright/tests/Cargo.toml
2026-10-09T20:44:37.0294860Z ##[endgroup]
2026-10-09T20:44:37.0294992Z 
2026-10-09T20:44:37.0295099Z ... Restoring cache ...
2026-10-09T20:44:37.2753198Z Cache hit for: v0-rust-browser-compat-Linux-x64-2c4d122c-5e13362d
2026-10-09T20:44:38.5716764Z Received 0 of 73762924 (0.0%), 0.0 MBs/sec
2026-10-09T20:44:39.3712717Z Received 73762924 of 73762924 (100.0%), 39.1 MBs/sec
2026-10-09T20:44:39.3713412Z Cache Size: ~70 MB (73762924 B)
2026-10-09T20:44:39.3821461Z [command]/usr/bin/tar -xf /home/runner/work/_temp/a10545ab-ce64-4bac-8460-f2dae2097d74/cache.tzst -P -C /home/runner/work/rustwright/rustwright --use-compress-program unzstd
2026-10-09T20:44:39.8406403Z Cache restored successfully
2026-10-09T20:44:39.8444090Z Restored from cache key "v0-rust-browser-compat-Linux-x64-2c4d122c-5e13362d" full match: true.
2026-10-09T20:44:39.8633606Z ##[group]Run actions/setup-python@v6
2026-10-09T20:44:39.8633906Z with:
2026-10-09T20:44:39.8634277Z   python-version: 3.11
2026-10-09T20:44:39.8634521Z   check-latest: false
2026-10-09T20:44:39.8637041Z   token: ***
2026-10-09T20:44:39.8637272Z   update-environment: true
2026-10-09T20:44:39.8637538Z   allow-prereleases: false
2026-10-09T20:44:39.8637797Z   freethreaded: false
2026-10-09T20:44:39.8638022Z env:
2026-10-09T20:44:39.8638227Z   CARGO_TERM_COLOR: always
2026-10-09T20:44:39.8638463Z   RUST_BACKTRACE: 1
2026-10-09T20:44:39.8638701Z   CARGO_HOME: /home/runner/.cargo
2026-10-09T20:44:39.8638967Z   CARGO_INCREMENTAL: 0
2026-10-09T20:44:39.8639202Z   CACHE_ON_FAILURE: false
2026-10-09T20:44:39.8639439Z ##[endgroup]
2026-10-09T20:44:39.9903963Z ##[group]Installed versions
2026-10-09T20:44:39.9993181Z Successfully set up CPython (3.11.17)
2026-10-09T20:44:39.9993884Z ##[endgroup]
2026-10-09T20:44:40.0167814Z ##[group]Run browser-actions/setup-chrome@v2
2026-10-09T20:44:40.0168289Z with:
2026-10-09T20:44:40.0168606Z   chrome-version: stable
2026-10-09T20:44:40.0168994Z   install-dependencies: true
2026-10-09T20:44:40.0169413Z   install-chromedriver: false
2026-10-09T20:44:40.0169797Z   no-sudo: false
2026-10-09T20:44:40.0170109Z env:
2026-10-09T20:44:40.0170404Z   CARGO_TERM_COLOR: always
2026-10-09T20:44:40.0170780Z   RUST_BACKTRACE: 1
2026-10-09T20:44:40.0171127Z   CARGO_HOME: /home/runner/.cargo
2026-10-09T20:44:40.0171534Z   CARGO_INCREMENTAL: 0
2026-10-09T20:44:40.0171882Z   CACHE_ON_FAILURE: false
2026-10-09T20:44:40.0172356Z   pythonLocation: /opt/hostedtoolcache/Python/3.11.17/x64
2026-10-09T20:44:40.0173072Z   PKG_CONFIG_PATH: /opt/hostedtoolcache/Python/3.11.17/x64/lib/pkgconfig
2026-10-09T20:44:40.0173776Z   Python_ROOT_DIR: /opt/hostedtoolcache/Python/3.11.17/x64
2026-10-09T20:44:40.0174598Z   Python2_ROOT_DIR: /opt/hostedtoolcache/Python/3.11.17/x64
2026-10-09T20:44:40.0175510Z   Python3_ROOT_DIR: /opt/hostedtoolcache/Python/3.11.17/x64
2026-10-09T20:44:40.0176141Z   LD_LIBRARY_PATH: /opt/hostedtoolcache/Python/3.11.17/x64/lib
2026-10-09T20:44:40.0176667Z ##[endgroup]
2026-10-09T20:44:40.0927173Z Installing dependencies
2026-10-09T20:44:40.0983759Z [command]/usr/bin/sudo apt-get update
2026-10-09T20:44:40.2305439Z Get:1 file:/etc/apt/apt-mirrors.txt Mirrorlist [144 B]
2026-10-09T20:44:40.2583474Z Get:6 https://packages.microsoft.com/ubuntu/24.04/prod noble InRelease [3600 B]
2026-10-09T20:44:40.2720304Z Hit:2 http://azure.archive.ubuntu.com/ubuntu noble InRelease
2026-10-09T20:44:40.2736779Z Get:3 http://azure.archive.ubuntu.com/ubuntu noble-updates InRelease [126 kB]
2026-10-09T20:44:40.2770952Z Get:4 http://azure.archive.ubuntu.com/ubuntu noble-backports InRelease [126 kB]
2026-10-09T20:44:40.2821832Z Get:5 http://azure.archive.ubuntu.com/ubuntu noble-security InRelease [126 kB]
2026-10-09T20:44:40.3365520Z Get:7 https://packages.microsoft.com/ubuntu/24.04/prod noble/main armhf Packages [12.3 kB]
2026-10-09T20:44:40.3485657Z Get:8 https://packages.microsoft.com/ubuntu/24.04/prod noble/main arm64 Packages [475 kB]
2026-10-09T20:44:40.3563935Z Get:9 https://packages.microsoft.com/ubuntu/24.04/prod noble/main amd64 Packages [531 kB]
2026-10-09T20:44:40.3588170Z Get:10 https://packages.microsoft.com/ubuntu/24.04/prod noble/main all Packages [640 B]
2026-10-09T20:44:40.4491908Z Get:11 http://azure.archive.ubuntu.com/ubuntu noble-updates/main amd64 Packages [1375 kB]
2026-10-09T20:44:40.4579490Z Get:12 http://azure.archive.ubuntu.com/ubuntu noble-updates/main Translation-en [306 kB]
2026-10-09T20:44:40.4589180Z Get:13 http://azure.archive.ubuntu.com/ubuntu noble-updates/universe amd64 Packages [1702 kB]
2026-10-09T20:44:40.4693046Z Get:14 http://azure.archive.ubuntu.com/ubuntu noble-updates/universe Translation-en [342 kB]
2026-10-09T20:44:40.4719977Z Get:15 http://azure.archive.ubuntu.com/ubuntu noble-updates/restricted amd64 Packages [1761 kB]
2026-10-09T20:44:40.4851778Z Get:16 http://azure.archive.ubuntu.com/ubuntu noble-updates/restricted Translation-en [401 kB]
2026-10-09T20:44:40.4861778Z Get:17 http://azure.archive.ubuntu.com/ubuntu noble-updates/multiverse amd64 Packages [55.0 kB]
2026-10-09T20:44:40.4869035Z Get:18 http://azure.archive.ubuntu.com/ubuntu noble-updates/multiverse Translation-en [14.3 kB]
2026-10-09T20:44:40.5685422Z Get:19 http://azure.archive.ubuntu.com/ubuntu noble-security/main amd64 Packages [1121 kB]
2026-10-09T20:44:40.5727167Z Get:20 http://azure.archive.ubuntu.com/ubuntu noble-security/main Translation-en [228 kB]
2026-10-09T20:44:40.6170259Z Get:21 http://azure.archive.ubuntu.com/ubuntu noble-security/universe amd64 Packages [1220 kB]
2026-10-09T20:44:40.6230126Z Get:22 http://azure.archive.ubuntu.com/ubuntu noble-security/universe Translation-en [245 kB]
2026-10-09T20:44:40.6248044Z Get:23 http://azure.archive.ubuntu.com/ubuntu noble-security/restricted amd64 Packages [1669 kB]
2026-10-09T20:44:40.6328539Z Get:24 http://azure.archive.ubuntu.com/ubuntu noble-security/restricted Translation-en [383 kB]
2026-10-09T20:44:40.6352182Z Get:25 http://azure.archive.ubuntu.com/ubuntu noble-security/multiverse amd64 Packages [49.8 kB]
2026-10-09T20:44:40.6361248Z Get:26 http://azure.archive.ubuntu.com/ubuntu noble-security/multiverse Translation-en [12.4 kB]
2026-10-09T20:44:43.5054769Z Fetched 12.3 MB in 1s (8888 kB/s)
2026-10-09T20:44:44.3195603Z Reading package lists...
2026-10-09T20:44:44.3343761Z [command]/usr/bin/sudo apt-get install --yes --no-install-recommends libasound2t64 libatk-bridge2.0-0t64 libatk1.0-0t64 libcairo2 libcups2t64 libdbus-1-3 libexpat1 libgbm1 libglib2.0-0t64 libnss3 libpango-1.0-0 libxcomposite1 libxdamage1 libxfixes3 libxkbcommon0 libxrandr2
2026-10-09T20:44:44.3558721Z Reading package lists...
2026-10-09T20:44:44.5459604Z Building dependency tree...
2026-10-09T20:44:44.5466607Z Reading state information...
2026-10-09T20:44:44.7333287Z libasound2t64 is already the newest version (1.2.11-1ubuntu0.3).
2026-10-09T20:44:44.7334918Z libasound2t64 set to manually installed.
2026-10-09T20:44:44.7335454Z libatk-bridge2.0-0t64 is already the newest version (2.52.0-1build1).
2026-10-09T20:44:44.7336027Z libatk-bridge2.0-0t64 set to manually installed.
2026-10-09T20:44:44.7336536Z libatk1.0-0t64 is already the newest version (2.52.0-1build1).
2026-10-09T20:44:44.7337014Z libatk1.0-0t64 set to manually installed.
2026-10-09T20:44:44.7337491Z libcairo2 is already the newest version (1.18.0-3build1).
2026-10-09T20:44:44.7338060Z libcairo2 set to manually installed.
2026-10-09T20:44:44.7338585Z libcups2t64 is already the newest version (2.4.7-1.2ubuntu7.14).
2026-10-09T20:44:44.7339163Z libcups2t64 set to manually installed.
2026-10-09T20:44:44.7339709Z libdbus-1-3 is already the newest version (1.14.10-4ubuntu4.1).
2026-10-09T20:44:44.7340275Z libdbus-1-3 set to manually installed.
2026-10-09T20:44:44.7340796Z libexpat1 is already the newest version (2.6.1-2ubuntu0.6).
2026-10-09T20:44:44.7341372Z libexpat1 set to manually installed.
2026-10-09T20:44:44.7342311Z libgbm1 is already the newest version (25.2.8-0ubuntu0.24.04.4).
2026-10-09T20:44:44.7359045Z libgbm1 set to manually installed.
2026-10-09T20:44:44.7359649Z libglib2.0-0t64 is already the newest version (2.80.0-6ubuntu3.9).
2026-10-09T20:44:44.7360227Z libglib2.0-0t64 set to manually installed.
2026-10-09T20:44:44.7360735Z libnss3 is already the newest version (2:3.98-1ubuntu0.2).
2026-10-09T20:44:44.7361225Z libnss3 set to manually installed.
2026-10-09T20:44:44.7361764Z libpango-1.0-0 is already the newest version (1.52.1+ds-1build1).
2026-10-09T20:44:44.7362390Z libpango-1.0-0 set to manually installed.
2026-10-09T20:44:44.7362944Z libxcomposite1 is already the newest version (1:0.4.5-1build3).
2026-10-09T20:44:44.7363583Z libxcomposite1 set to manually installed.
2026-10-09T20:44:44.7364368Z libxdamage1 is already the newest version (1:1.1.6-1build1).
2026-10-09T20:44:44.7364966Z libxdamage1 set to manually installed.
2026-10-09T20:44:44.7365476Z libxfixes3 is already the newest version (1:6.0.0-2build1).
2026-10-09T20:44:44.7366032Z libxfixes3 set to manually installed.
2026-10-09T20:44:44.7366545Z libxkbcommon0 is already the newest version (1.6.0-1build1).
2026-10-09T20:44:44.7367024Z libxkbcommon0 set to manually installed.
2026-10-09T20:44:44.7367363Z libxrandr2 is already the newest version (2:1.5.2-2build1).
2026-10-09T20:44:44.7367697Z libxrandr2 set to manually installed.
2026-10-09T20:44:44.7368051Z 0 upgraded, 0 newly installed, 0 to remove and 23 not upgraded.
2026-10-09T20:44:44.7368439Z Setup chrome stable
2026-10-09T20:44:44.7369004Z Attempting to download chrome stable...
2026-10-09T20:44:44.7607802Z Acquiring chrome stable from https://storage.googleapis.com/chrome-for-testing-public/155.0.8059.39/linux64/chrome-linux64.zip
2026-10-09T20:44:46.2513226Z Installing chrome...
2026-10-09T20:44:46.2546372Z [command]/usr/bin/unzip -o -q /home/runner/work/_temp/ed990c74-67b1-4800-bc14-dd7360c2a1ea
2026-10-09T20:44:50.4686896Z Successfully Installed chrome to /opt/hostedtoolcache/setup-chrome/chrome/stable/x64
2026-10-09T20:44:50.4699503Z [command]/opt/hostedtoolcache/setup-chrome/chrome/stable/x64/chrome --version
2026-10-09T20:44:50.5965045Z Google Chrome for Testing 155.0.8059.39 
2026-10-09T20:44:50.6048445Z Successfully setup chrome 155.0.8059.39
2026-10-09T20:44:50.6205256Z ##[group]Run browser-actions/setup-firefox@v1
2026-10-09T20:44:50.6205609Z with:
2026-10-09T20:44:50.6205832Z   firefox-version: 157.0.1
2026-10-09T20:44:50.6206078Z env:
2026-10-09T20:44:50.6206289Z   CARGO_TERM_COLOR: always
2026-10-09T20:44:50.6206538Z   RUST_BACKTRACE: 1
2026-10-09T20:44:50.6206770Z   CARGO_HOME: /home/runner/.cargo
2026-10-09T20:44:50.6207036Z   CARGO_INCREMENTAL: 0
2026-10-09T20:44:50.6207263Z   CACHE_ON_FAILURE: false
2026-10-09T20:44:50.6207569Z   pythonLocation: /opt/hostedtoolcache/Python/3.11.17/x64
2026-10-09T20:44:50.6208026Z   PKG_CONFIG_PATH: /opt/hostedtoolcache/Python/3.11.17/x64/lib/pkgconfig
2026-10-09T20:44:50.6208454Z   Python_ROOT_DIR: /opt/hostedtoolcache/Python/3.11.17/x64
2026-10-09T20:44:50.6209065Z   Python2_ROOT_DIR: /opt/hostedtoolcache/Python/3.11.17/x64
2026-10-09T20:44:50.6209451Z   Python3_ROOT_DIR: /opt/hostedtoolcache/Python/3.11.17/x64
2026-10-09T20:44:50.6209824Z   LD_LIBRARY_PATH: /opt/hostedtoolcache/Python/3.11.17/x64/lib
2026-10-09T20:44:50.6210187Z ##[endgroup]
2026-10-09T20:44:50.6912186Z Setup firefox 157.0.1 (en-US)
2026-10-09T20:44:50.6919041Z Attempting to download firefox 157.0.1...
2026-10-09T20:44:50.6921320Z This is the version number:157
2026-10-09T20:44:50.6922190Z Acquiring 157.0.1 from https://ftp.mozilla.org/pub/firefox/releases/157.0.1/linux-x86_64/en-US/firefox-157.0.1.tar.xz
2026-10-09T20:44:51.1159488Z Extracting Firefox...
2026-10-09T20:44:51.1281119Z [command]/usr/bin/tar xJ --strip-components=1 --warning=no-unknown-keyword --overwrite -C /home/runner/work/_temp/0e225003-b30b-4ad9-b798-2818359c1795 -f /home/runner/work/_temp/bf18419f-0cad-4a0e-aab6-963a11abdeeb
2026-10-09T20:44:56.6041353Z Successfully extracted firefox 157.0.1 to /home/runner/work/_temp/0e225003-b30b-4ad9-b798-2818359c1795
2026-10-09T20:44:56.6041963Z Adding to the cache ...
2026-10-09T20:44:56.9302562Z Successfully cached firefox 157.0.1 to /opt/hostedtoolcache/firefox/157.0.1/x64
2026-10-09T20:44:56.9315086Z [command]/opt/hostedtoolcache/firefox/157.0.1/x64/firefox --version
2026-10-09T20:44:56.9353847Z (node:2786) Warning: Closing file descriptor 21 on garbage collection
2026-10-09T20:44:56.9354933Z (Use `node --trace-warnings ...` to show where the warning was created)
2026-10-09T20:44:56.9356764Z (node:2786) [DEP0137] DeprecationWarning: Closing a FileHandle object on garbage collection is deprecated. Please close FileHandle objects explicitly using FileHandle.prototype.close(). In the future, an error will be thrown if a file descriptor is closed during garbage collection.
2026-10-09T20:44:56.9376900Z [2804] Sandbox: CanCreateUserNamespace() unshare(CLONE_NEWPID): EPERM
2026-10-09T20:44:57.1879570Z Mozilla Firefox 157.0.1
2026-10-09T20:44:57.1896567Z Successfully setup firefox version 157.0.1
2026-10-09T20:44:57.2025316Z ##[group]Run python3 scripts/ci/chrome_linux_sandbox.py
2026-10-09T20:44:57.2025765Z [36;1mpython3 scripts/ci/chrome_linux_sandbox.py[0m
2026-10-09T20:44:57.2099517Z shell: /usr/bin/bash -e {0}
2026-10-09T20:44:57.2099786Z env:
2026-10-09T20:44:57.2100002Z   CARGO_TERM_COLOR: always
2026-10-09T20:44:57.2100253Z   RUST_BACKTRACE: 1
2026-10-09T20:44:57.2100486Z   CARGO_HOME: /home/runner/.cargo
2026-10-09T20:44:57.2100757Z   CARGO_INCREMENTAL: 0
2026-10-09T20:44:57.2100983Z   CACHE_ON_FAILURE: false
2026-10-09T20:44:57.2101286Z   pythonLocation: /opt/hostedtoolcache/Python/3.11.17/x64
2026-10-09T20:44:57.2101718Z   PKG_CONFIG_PATH: /opt/hostedtoolcache/Python/3.11.17/x64/lib/pkgconfig
2026-10-09T20:44:57.2102153Z   Python_ROOT_DIR: /opt/hostedtoolcache/Python/3.11.17/x64
2026-10-09T20:44:57.2102541Z   Python2_ROOT_DIR: /opt/hostedtoolcache/Python/3.11.17/x64
2026-10-09T20:44:57.2102914Z   Python3_ROOT_DIR: /opt/hostedtoolcache/Python/3.11.17/x64
2026-10-09T20:44:57.2103370Z   LD_LIBRARY_PATH: /opt/hostedtoolcache/Python/3.11.17/x64/lib
2026-10-09T20:44:57.2103841Z   RUSTWRIGHT_CHROME: /opt/hostedtoolcache/setup-chrome/chrome/stable/x64/chrome
2026-10-09T20:44:57.2104517Z ##[endgroup]
2026-10-09T20:44:58.1006264Z Chrome before: {"phase": "before", "command": ["/opt/hostedtoolcache/setup-chrome/chrome/stable/x64/chrome", "--no-first-run", "--no-default-browser-check", "--user-data-dir=/home/runner/work/rustwright/rustwright/target/ci/linux-sandbox/before-profile-zodmuwxk", "--headless=new", "--disable-gpu", "--hide-scrollbars", "--mute-audio", "--dump-dom", "http://127.0.0.1:41973/"], "exit_code": -6, "timed_out": false, "stdout": "/home/runner/work/rustwright/rustwright/target/ci/linux-sandbox/before-stdout.log", "stderr": "/home/runner/work/rustwright/rustwright/target/ci/linux-sandbox/before-stderr.log", "document_rendered": false, "passed": false}
2026-10-09T20:44:58.1011936Z [2811:2811:1009/204457.642467:FATAL:content/browser/zygote_host/zygote_host_impl_linux.cc:130] No usable sandbox! If you are running on Ubuntu 23.10+ or another Linux distro that has disabled unprivileged user namespaces with AppArmor, see https://chromium.googlesource.com/chromium/src/+/main/docs/security/apparmor-userns-restrictions.md. Otherwise see https://chromium.googlesource.com/chromium/src/+/main/docs/linux/suid_sandbox_development.md for more information on developing with the (older) SUID sandbox. If you want to live dangerously and need an immediate workaround, you can try using --no-sandbox.
2026-10-09T20:44:58.1015270Z [1009/204457.652526:ERROR:third_party/crashpad/crashpad/util/file/file_io_posix.cc:145] open /sys/devices/system/cpu/cpu0/cpufreq/scaling_cur_freq: No such file or directory (2)
2026-10-09T20:44:58.1016371Z [1009/204457.652572:ERROR:third_party/crashpad/crashpad/util/file/file_io_posix.cc:145] open /sys/devices/system/cpu/cpu0/cpufreq/scaling_max_freq: No such file or directory (2)
2026-10-09T20:44:58.1017046Z Received signal 6
2026-10-09T20:44:58.1017467Z #0 0x55a2d0efdfc3 (/opt/hostedtoolcache/setup-chrome/chrome/stable/x64/chrome+0x6aecfc2)
2026-10-09T20:44:58.1018054Z #1 0x55a2d5ecc174 (/opt/hostedtoolcache/setup-chrome/chrome/stable/x64/chrome+0xbabb173)
2026-10-09T20:44:58.1018544Z #2 0x7febe4445330 (/usr/lib/x86_64-linux-gnu/libc.so.6+0x4532f)
2026-10-09T20:44:58.1018941Z #3 0x7febe444527e (/usr/lib/x86_64-linux-gnu/libc.so.6+0x4527d)
2026-10-09T20:44:58.1019329Z #4 0x7febe44288ff (/usr/lib/x86_64-linux-gnu/libc.so.6+0x288fe)
2026-10-09T20:44:58.1019804Z #5 0x55a2d5ec2ed5 (/opt/hostedtoolcache/setup-chrome/chrome/stable/x64/chrome+0xbab1ed4)
2026-10-09T20:44:58.1020377Z #6 0x55a2d5e82b8d (/opt/hostedtoolcache/setup-chrome/chrome/stable/x64/chrome+0xba71b8c)
2026-10-09T20:44:58.1020923Z #7 0x55a2d5e82add (/opt/hostedtoolcache/setup-chrome/chrome/stable/x64/chrome+0xba71adc)
2026-10-09T20:44:58.1021476Z #8 0x55a2d0bc7c12 (/opt/hostedtoolcache/setup-chrome/chrome/stable/x64/chrome+0x67b6c11)
2026-10-09T20:44:58.1022213Z #9 0x55a2d02ee829 (/opt/hostedtoolcache/setup-chrome/chrome/stable/x64/chrome+0x5edd828)
2026-10-09T20:44:58.1022792Z #10 0x55a2cfe26f58 (/opt/hostedtoolcache/setup-chrome/chrome/stable/x64/chrome+0x5a15f57)
2026-10-09T20:44:58.1023553Z #11 0x55a2d539574f (/opt/hostedtoolcache/setup-chrome/chrome/stable/x64/chrome+0xaf8474e)
2026-10-09T20:44:58.1024333Z #12 0x55a2d033790c (/opt/hostedtoolcache/setup-chrome/chrome/stable/x64/chrome+0x5f2690b)
2026-10-09T20:44:58.1024927Z #13 0x55a2d0337060 (/opt/hostedtoolcache/setup-chrome/chrome/stable/x64/chrome+0x5f2605f)
2026-10-09T20:44:58.1025420Z #14 0x7febe442a1ca (/usr/lib/x86_64-linux-gnu/libc.so.6+0x2a1c9)
2026-10-09T20:44:58.1025831Z #15 0x7febe442a28b (/usr/lib/x86_64-linux-gnu/libc.so.6+0x2a28a)
2026-10-09T20:44:58.1026297Z #16 0x55a2d11b736a (/opt/hostedtoolcache/setup-chrome/chrome/stable/x64/chrome+0x6da6369)
2026-10-09T20:44:58.1026824Z   r8: 000023180013c263  r9: 0000000000000001 r10: 0000000000000008 r11: 0000000000000246
2026-10-09T20:44:58.1027546Z  r12: 0000000000000006 r13: 000023180013c000 r14: 0000000000000016 r15: 00007fffb6f57f08
2026-10-09T20:44:58.1028162Z   di: 0000000000000afb  si: 0000000000000afb  bp: 00007fffb6f57880  bx: 0000000000000afb
2026-10-09T20:44:58.1028654Z   dx: 0000000000000006  ax: 0000000000000000  cx: 00007febe449ec0c  sp: 00007fffb6f57840
2026-10-09T20:44:58.1029304Z   ip: 00007febe449ec0c efl: 0000000000000246 cgf: 002b000000000033 erf: 0000000000000000
2026-10-09T20:44:58.1029849Z  trp: 0000000000000000 msk: 0000000000000000 cr2: 0000000000000000
2026-10-09T20:44:58.1030194Z [end of stack trace]
2026-10-09T20:44:58.1030337Z 
2026-10-09T20:44:59.3620346Z Chrome after-configuration: {"phase": "after-configuration", "command": ["/opt/hostedtoolcache/setup-chrome/chrome/stable/x64/chrome", "--no-first-run", "--no-default-browser-check", "--user-data-dir=/home/runner/work/rustwright/rustwright/target/ci/linux-sandbox/after-configuration-profile-tr_kdbe0", "--headless=new", "--disable-gpu", "--hide-scrollbars", "--mute-audio", "--dump-dom", "http://127.0.0.1:38023/"], "exit_code": 0, "timed_out": false, "stdout": "/home/runner/work/rustwright/rustwright/target/ci/linux-sandbox/after-configuration-stdout.log", "stderr": "/home/runner/work/rustwright/rustwright/target/ci/linux-sandbox/after-configuration-stderr.log", "document_rendered": true, "passed": true}
2026-10-09T20:44:59.3625140Z [2839:2860:1009/204458.368513:ERROR:dbus/bus.cc:405] Failed to connect to the bus: Could not parse server address: Unknown address type (examples of valid types are "tcp" and on UNIX "unix")
2026-10-09T20:44:59.3626833Z [2839:2860:1009/204458.370006:ERROR:dbus/bus.cc:405] Failed to connect to the bus: Could not parse server address: Unknown address type (examples of valid types are "tcp" and on UNIX "unix")
2026-10-09T20:44:59.3628625Z [2839:2860:1009/204458.370333:ERROR:dbus/bus.cc:405] Failed to connect to the bus: Could not parse server address: Unknown address type (examples of valid types are "tcp" and on UNIX "unix")
2026-10-09T20:44:59.3630514Z [2839:2860:1009/204458.376256:ERROR:dbus/bus.cc:405] Failed to connect to the bus: Could not parse server address: Unknown address type (examples of valid types are "tcp" and on UNIX "unix")
2026-10-09T20:44:59.3632319Z [2839:2860:1009/204458.404853:ERROR:dbus/bus.cc:405] Failed to connect to the bus: Could not parse server address: Unknown address type (examples of valid types are "tcp" and on UNIX "unix")
2026-10-09T20:44:59.3644578Z [2839:2839:1009/204458.555884:ERROR:dbus/object_proxy.cc:572] Failed to call method: org.freedesktop.DBus.NameHasOwner: object_path= /org/freedesktop/DBus: unknown error type: 
2026-10-09T20:44:59.3646618Z [2839:2860:1009/204458.556021:ERROR:dbus/bus.cc:405] Failed to connect to the bus: Could not parse server address: Unknown address type (examples of valid types are "tcp" and on UNIX "unix")
2026-10-09T20:44:59.3648584Z [2839:2839:1009/204458.556123:ERROR:dbus/object_proxy.cc:572] Failed to call method: org.freedesktop.DBus.NameHasOwner: object_path= /org/freedesktop/DBus: unknown error type: 
2026-10-09T20:44:59.3650789Z [2839:2860:1009/204458.556252:ERROR:dbus/bus.cc:405] Failed to connect to the bus: Could not parse server address: Unknown address type (examples of valid types are "tcp" and on UNIX "unix")
2026-10-09T20:44:59.3652684Z [2839:2839:1009/204458.563140:ERROR:dbus/object_proxy.cc:572] Failed to call method: org.freedesktop.DBus.NameHasOwner: object_path= /org/freedesktop/DBus: unknown error type: 
2026-10-09T20:44:59.3655069Z [2839:2839:1009/204458.580268:ERROR:dbus/object_proxy.cc:572] Failed to call method: org.freedesktop.DBus.NameHasOwner: object_path= /org/freedesktop/DBus: unknown error type: 
2026-10-09T20:44:59.3656937Z [2839:2860:1009/204458.580396:ERROR:dbus/bus.cc:405] Failed to connect to the bus: Could not parse server address: Unknown address type (examples of valid types are "tcp" and on UNIX "unix")
2026-10-09T20:44:59.3658792Z [2839:2839:1009/204458.613696:ERROR:dbus/object_proxy.cc:572] Failed to call method: org.freedesktop.DBus.NameHasOwner: object_path= /org/freedesktop/DBus: unknown error type: 
2026-10-09T20:44:59.3660643Z [2839:2839:1009/204458.613979:ERROR:dbus/object_proxy.cc:572] Failed to call method: org.freedesktop.DBus.NameHasOwner: object_path= /org/freedesktop/DBus: unknown error type: 
2026-10-09T20:44:59.3662484Z [2839:2860:1009/204458.614646:ERROR:dbus/bus.cc:405] Failed to connect to the bus: Could not parse server address: Unknown address type (examples of valid types are "tcp" and on UNIX "unix")
2026-10-09T20:44:59.3664464Z [2839:2839:1009/204458.616828:ERROR:dbus/object_proxy.cc:572] Failed to call method: org.freedesktop.DBus.NameHasOwner: object_path= /org/freedesktop/DBus: unknown error type: 
2026-10-09T20:44:59.3666286Z [2839:2839:1009/204458.634535:ERROR:dbus/object_proxy.cc:572] Failed to call method: org.freedesktop.DBus.NameHasOwner: object_path= /org/freedesktop/DBus: unknown error type: 
2026-10-09T20:44:59.3668919Z [2839:2839:1009/204458.634596:ERROR:dbus/object_proxy.cc:572] Failed to call method: org.freedesktop.DBus.Properties.GetAll: object_path= /org/freedesktop/UPower/devices/DisplayDevice: org.freedesktop.DBus.Error.ServiceUnknown: The name org.freedesktop.UPower was not provided by any .service files
2026-10-09T20:44:59.3671766Z [2839:2860:1009/204458.636047:ERROR:dbus/bus.cc:405] Failed to connect to the bus: Could not parse server address: Unknown address type (examples of valid types are "tcp" and on UNIX "unix")
2026-10-09T20:44:59.3673686Z [2839:2839:1009/204458.666643:ERROR:dbus/object_proxy.cc:572] Failed to call method: org.freedesktop.DBus.NameHasOwner: object_path= /org/freedesktop/DBus: unknown error type: 
2026-10-09T20:44:59.3675791Z [2839:2860:1009/204458.666729:ERROR:dbus/bus.cc:405] Failed to connect to the bus: Could not parse server address: Unknown address type (examples of valid types are "tcp" and on UNIX "unix")
2026-10-09T20:44:59.3677697Z [2839:2839:1009/204458.682281:ERROR:dbus/object_proxy.cc:572] Failed to call method: org.freedesktop.DBus.NameHasOwner: object_path= /org/freedesktop/DBus: unknown error type: 
2026-10-09T20:44:59.3680177Z [2839:2839:1009/204458.690696:ERROR:dbus/object_proxy.cc:572] Failed to call method: org.freedesktop.NetworkManager.GetDevices: object_path= /org/freedesktop/NetworkManager: org.freedesktop.DBus.Error.ServiceUnknown: The name org.freedesktop.NetworkManager was not provided by any .service files
2026-10-09T20:44:59.3681852Z 
2026-10-09T20:44:59.3786345Z ##[group]Run echo "Chrome: $CHROME_VERSION"
2026-10-09T20:44:59.3786903Z [36;1mecho "Chrome: $CHROME_VERSION"[0m
2026-10-09T20:44:59.3787378Z [36;1mecho "Firefox: $FIREFOX_VERSION"[0m
2026-10-09T20:44:59.3879408Z shell: /usr/bin/bash --noprofile --norc -e -o pipefail {0}
2026-10-09T20:44:59.3879950Z env:
2026-10-09T20:44:59.3880255Z   CARGO_TERM_COLOR: always
2026-10-09T20:44:59.3880627Z   RUST_BACKTRACE: 1
2026-10-09T20:44:59.3880982Z   CARGO_HOME: /home/runner/.cargo
2026-10-09T20:44:59.3881411Z   CARGO_INCREMENTAL: 0
2026-10-09T20:44:59.3881847Z   CACHE_ON_FAILURE: false
2026-10-09T20:44:59.3882375Z   pythonLocation: /opt/hostedtoolcache/Python/3.11.17/x64
2026-10-09T20:44:59.3883000Z   PKG_CONFIG_PATH: /opt/hostedtoolcache/Python/3.11.17/x64/lib/pkgconfig
2026-10-09T20:44:59.3883617Z   Python_ROOT_DIR: /opt/hostedtoolcache/Python/3.11.17/x64
2026-10-09T20:44:59.3884454Z   Python2_ROOT_DIR: /opt/hostedtoolcache/Python/3.11.17/x64
2026-10-09T20:44:59.3885003Z   Python3_ROOT_DIR: /opt/hostedtoolcache/Python/3.11.17/x64
2026-10-09T20:44:59.3885388Z   LD_LIBRARY_PATH: /opt/hostedtoolcache/Python/3.11.17/x64/lib
2026-10-09T20:44:59.3885849Z   CHROME_DEVEL_SANDBOX: /usr/local/lib/rustwright-ci/155.0.8059.39/chrome-sandbox
2026-10-09T20:44:59.3886255Z   CHROME_VERSION: 155.0.8059.39
2026-10-09T20:44:59.3886507Z   FIREFOX_VERSION: 157.0.1
2026-10-09T20:44:59.3886740Z ##[endgroup]
2026-10-09T20:44:59.3984735Z Chrome: 155.0.8059.39
2026-10-09T20:44:59.3985120Z Firefox: 157.0.1
2026-10-09T20:44:59.4017519Z ##[group]Run python scripts/ci/browser_checks.py --suite portable
2026-10-09T20:44:59.4017998Z [36;1mpython scripts/ci/browser_checks.py --suite portable[0m
2026-10-09T20:44:59.4081289Z shell: /usr/bin/bash -e {0}
2026-10-09T20:44:59.4081542Z env:
2026-10-09T20:44:59.4081761Z   CARGO_TERM_COLOR: always
2026-10-09T20:44:59.4081999Z   RUST_BACKTRACE: 1
2026-10-09T20:44:59.4082228Z   CARGO_HOME: /home/runner/.cargo
2026-10-09T20:44:59.4082487Z   CARGO_INCREMENTAL: 0
2026-10-09T20:44:59.4082717Z   CACHE_ON_FAILURE: false
2026-10-09T20:44:59.4083014Z   pythonLocation: /opt/hostedtoolcache/Python/3.11.17/x64
2026-10-09T20:44:59.4083454Z   PKG_CONFIG_PATH: /opt/hostedtoolcache/Python/3.11.17/x64/lib/pkgconfig
2026-10-09T20:44:59.4083873Z   Python_ROOT_DIR: /opt/hostedtoolcache/Python/3.11.17/x64
2026-10-09T20:44:59.4084471Z   Python2_ROOT_DIR: /opt/hostedtoolcache/Python/3.11.17/x64
2026-10-09T20:44:59.4084847Z   Python3_ROOT_DIR: /opt/hostedtoolcache/Python/3.11.17/x64
2026-10-09T20:44:59.4085257Z   LD_LIBRARY_PATH: /opt/hostedtoolcache/Python/3.11.17/x64/lib
2026-10-09T20:44:59.4085728Z   CHROME_DEVEL_SANDBOX: /usr/local/lib/rustwright-ci/155.0.8059.39/chrome-sandbox
2026-10-09T20:44:59.4086471Z   RUSTWRIGHT_CHROME: /opt/hostedtoolcache/setup-chrome/chrome/stable/x64/chrome
2026-10-09T20:44:59.4086966Z   RUSTWRIGHT_FIREFOX: /opt/hostedtoolcache/firefox/157.0.1/x64/firefox
2026-10-09T20:44:59.4087324Z ##[endgroup]
2026-10-09T20:44:59.4799259Z Running http_compat; log: /home/runner/work/rustwright/rustwright/target/ci/portable/http_compat.log
2026-10-09T20:45:48.0815029Z Running http_actionability; log: /home/runner/work/rustwright/rustwright/target/ci/portable/http_actionability.log
2026-10-09T20:46:11.6161208Z Running http_clipped_control; log: /home/runner/work/rustwright/rustwright/target/ci/portable/http_clipped_control.log
2026-10-09T20:46:27.3278512Z Running http_bidi_navigation; log: /home/runner/work/rustwright/rustwright/target/ci/portable/http_bidi_navigation.log
2026-10-09T20:46:40.3762500Z Running http_network_idle_parity; log: /home/runner/work/rustwright/rustwright/target/ci/portable/http_network_idle_parity.log
2026-10-09T20:48:03.8318664Z Native HTTP portable: 79 passed, no skips
2026-10-09T20:48:03.8451032Z ##[group]Run python scripts/ci/browser_checks.py --suite linux-extra
2026-10-09T20:48:03.8451877Z [36;1mpython scripts/ci/browser_checks.py --suite linux-extra[0m
2026-10-09T20:48:03.8537863Z shell: /usr/bin/bash -e {0}
2026-10-09T20:48:03.8538243Z env:
2026-10-09T20:48:03.8538464Z   CARGO_TERM_COLOR: always
2026-10-09T20:48:03.8538726Z   RUST_BACKTRACE: 1
2026-10-09T20:48:03.8539056Z   CARGO_HOME: /home/runner/.cargo
2026-10-09T20:48:03.8539331Z   CARGO_INCREMENTAL: 0
2026-10-09T20:48:03.8539558Z   CACHE_ON_FAILURE: false
2026-10-09T20:48:03.8539948Z   pythonLocation: /opt/hostedtoolcache/Python/3.11.17/x64
2026-10-09T20:48:03.8540386Z   PKG_CONFIG_PATH: /opt/hostedtoolcache/Python/3.11.17/x64/lib/pkgconfig
2026-10-09T20:48:03.8540940Z   Python_ROOT_DIR: /opt/hostedtoolcache/Python/3.11.17/x64
2026-10-09T20:48:03.8541415Z   Python2_ROOT_DIR: /opt/hostedtoolcache/Python/3.11.17/x64
2026-10-09T20:48:03.8541813Z   Python3_ROOT_DIR: /opt/hostedtoolcache/Python/3.11.17/x64
2026-10-09T20:48:03.8542363Z   LD_LIBRARY_PATH: /opt/hostedtoolcache/Python/3.11.17/x64/lib
2026-10-09T20:48:03.8542830Z   CHROME_DEVEL_SANDBOX: /usr/local/lib/rustwright-ci/155.0.8059.39/chrome-sandbox
2026-10-09T20:48:03.8543492Z   RUSTWRIGHT_CHROME: /opt/hostedtoolcache/setup-chrome/chrome/stable/x64/chrome
2026-10-09T20:48:03.8544094Z   RUSTWRIGHT_FIREFOX: /opt/hostedtoolcache/firefox/157.0.1/x64/firefox
2026-10-09T20:48:03.8544687Z ##[endgroup]
2026-10-09T20:48:03.9183753Z Running http_frames; log: /home/runner/work/rustwright/rustwright/target/ci/linux-extra/http_frames.log
2026-10-09T20:49:04.6415912Z Running http_navigation; log: /home/runner/work/rustwright/rustwright/target/ci/linux-extra/http_navigation.log
2026-10-09T20:49:17.9090714Z Running http_network_idle; log: /home/runner/work/rustwright/rustwright/target/ci/linux-extra/http_network_idle.log
2026-10-09T20:49:38.2279690Z Running http_contexts; log: /home/runner/work/rustwright/rustwright/target/ci/linux-extra/http_contexts.log
2026-10-09T20:49:49.5244997Z Running http_disconnect; log: /home/runner/work/rustwright/rustwright/target/ci/linux-extra/http_disconnect.log
2026-10-09T20:51:00.6779396Z Running http_creation; log: /home/runner/work/rustwright/rustwright/target/ci/linux-extra/http_creation.log
2026-10-09T20:51:43.4820747Z Running http_shutdown; log: /home/runner/work/rustwright/rustwright/target/ci/linux-extra/http_shutdown.log
2026-10-09T20:52:34.4623493Z Running http_frame_helpers; log: /home/runner/work/rustwright/rustwright/target/ci/linux-extra/http_frame_helpers.log
2026-10-09T20:54:01.6845956Z Running http_intercept_lifecycle; log: /home/runner/work/rustwright/rustwright/target/ci/linux-extra/http_intercept_lifecycle.log
2026-10-09T20:54:32.0287498Z Native HTTP linux-extra: 114 passed, no skips
2026-10-09T20:54:32.0427327Z ##[group]Run actions/upload-artifact@v4
2026-10-09T20:54:32.0427640Z with:
2026-10-09T20:54:32.0427875Z   name: native-http-ubuntu-latest
2026-10-09T20:54:32.0428155Z   path: target/ci/
2026-10-09T20:54:32.0428617Z   if-no-files-found: error
2026-10-09T20:54:32.0428862Z   compression-level: 6
2026-10-09T20:54:32.0429091Z   overwrite: false
2026-10-09T20:54:32.0429318Z   include-hidden-files: false
2026-10-09T20:54:32.0429562Z env:
2026-10-09T20:54:32.0429758Z   CARGO_TERM_COLOR: always
2026-10-09T20:54:32.0429986Z   RUST_BACKTRACE: 1
2026-10-09T20:54:32.0430206Z   CARGO_HOME: /home/runner/.cargo
2026-10-09T20:54:32.0430478Z   CARGO_INCREMENTAL: 0
2026-10-09T20:54:32.0430713Z   CACHE_ON_FAILURE: false
2026-10-09T20:54:32.0431010Z   pythonLocation: /opt/hostedtoolcache/Python/3.11.17/x64
2026-10-09T20:54:32.0431443Z   PKG_CONFIG_PATH: /opt/hostedtoolcache/Python/3.11.17/x64/lib/pkgconfig
2026-10-09T20:54:32.0431871Z   Python_ROOT_DIR: /opt/hostedtoolcache/Python/3.11.17/x64
2026-10-09T20:54:32.0432301Z   Python2_ROOT_DIR: /opt/hostedtoolcache/Python/3.11.17/x64
2026-10-09T20:54:32.0432676Z   Python3_ROOT_DIR: /opt/hostedtoolcache/Python/3.11.17/x64
2026-10-09T20:54:32.0433048Z   LD_LIBRARY_PATH: /opt/hostedtoolcache/Python/3.11.17/x64/lib
2026-10-09T20:54:32.0433523Z   CHROME_DEVEL_SANDBOX: /usr/local/lib/rustwright-ci/155.0.8059.39/chrome-sandbox
2026-10-09T20:54:32.0433926Z ##[endgroup]
2026-10-09T20:54:32.2116034Z (node:82589) [DEP0040] DeprecationWarning: The `punycode` module is deprecated. Please use a userland alternative instead.
2026-10-09T20:54:32.2116772Z (Use `node --trace-deprecation ...` to show where the warning was created)
2026-10-09T20:54:32.2210382Z With the provided path, there will be 22 files uploaded
2026-10-09T20:54:32.2216240Z Artifact name is valid!
2026-10-09T20:54:32.2216947Z Root directory input is valid!
2026-10-09T20:54:32.6207907Z Beginning upload of artifact content to blob storage
2026-10-09T20:54:32.6631122Z (node:82589) [DEP0169] DeprecationWarning: `url.parse()` behavior is not standardized and prone to errors that have security implications. Use the WHATWG URL API instead. CVEs are not issued for `url.parse()` vulnerabilities.
2026-10-09T20:54:32.9840589Z Uploaded bytes 23542
2026-10-09T20:54:33.0564714Z Finished uploading artifact content to blob storage!
2026-10-09T20:54:33.0565723Z SHA256 digest of uploaded artifact zip is b34e32836a50d782a9ec806009dafe3fb8cd07309e9750fd4b3a5ba3f5a026ee
2026-10-09T20:54:33.0567430Z Finalizing artifact upload
2026-10-09T20:54:33.3410884Z Artifact native-http-ubuntu-latest.zip successfully finalized. Artifact ID 11644094716
2026-10-09T20:54:33.3412237Z Artifact native-http-ubuntu-latest has been successfully uploaded! Final size is 23542 bytes. Artifact ID is 11644094716
2026-10-09T20:54:33.3419521Z Artifact download URL: https://github.com/rsasaki0109/rustwright/actions/runs/37987315249/artifacts/11644094716
2026-10-09T20:54:33.3601895Z Post job cleanup.
2026-10-09T20:54:33.5052531Z Post job cleanup.
2026-10-09T20:54:33.6461046Z Cache up-to-date.
2026-10-09T20:54:33.6657530Z Post job cleanup.
2026-10-09T20:54:33.7653940Z [command]/usr/bin/git version
2026-10-09T20:54:33.7700584Z git version 2.55.0
2026-10-09T20:54:33.7737374Z Temporarily overriding HOME='/home/runner/work/_temp/14965789-eed5-48fe-b7fe-21c3a571b6bc' before making global git config changes
2026-10-09T20:54:33.7738646Z Adding repository directory to the temporary git global config as a safe directory
2026-10-09T20:54:33.7743953Z [command]/usr/bin/git config --global --add safe.directory /home/runner/work/rustwright/rustwright
2026-10-09T20:54:33.7784312Z [command]/usr/bin/git config --local --name-only --get-regexp core\.sshCommand
2026-10-09T20:54:33.7819782Z [command]/usr/bin/git submodule foreach --recursive sh -c "git config --local --name-only --get-regexp 'core\.sshCommand' && git config --local --unset-all 'core.sshCommand' || :"
2026-10-09T20:54:33.8083792Z [command]/usr/bin/git config --local --name-only --get-regexp http\.https\:\/\/github\.com\/\.extraheader
2026-10-09T20:54:33.8122918Z http.https://github.com/.extraheader
2026-10-09T20:54:33.8135639Z [command]/usr/bin/git config --local --unset-all http.https://github.com/.extraheader
2026-10-09T20:54:33.8173127Z [command]/usr/bin/git submodule foreach --recursive sh -c "git config --local --name-only --get-regexp 'http\.https\:\/\/github\.com\/\.extraheader' && git config --local --unset-all 'http.https://github.com/.extraheader' || :"
2026-10-09T20:54:33.8439119Z [command]/usr/bin/git config --local --name-only --get-regexp ^includeIf\.gitdir:
2026-10-09T20:54:33.8480239Z [command]/usr/bin/git submodule foreach --recursive git config --local --show-origin --name-only --get-regexp remote.origin.url
2026-10-09T20:54:33.8899808Z Cleaning up orphan processes
2026-10-09T20:54:33.9228742Z ##[warning]Node.js 20 is deprecated. The following actions target Node.js 20 but are being forced to run on Node.js 24: actions/upload-artifact@v4. For more information see: https://github.blog/changelog/2025-09-19-deprecation-of-node-20-on-github-actions-runners/
