   Compiling rustwright-integration-tests v0.1.0 (/workspace/rustwright/tests)
    Finished `test` profile [unoptimized + debuginfo] target(s) in 1.62s
     Running http_disconnect.rs (target/debug/deps/http_disconnect-c07d6c39e224a143)

running 2 tests
test chrome_process_loss_and_manual_restart ... {"cleanup_ms":24.565446,"cycle":1,"engine":"chrome","event_channel_closed":true,"pending_after_loss":0,"pid":1359042,"root_exited":true,"version":"Chrome/151.0.7922.173","wake_ms":24.42977}
{"cleanup_ms":5.960411,"cycle":2,"engine":"chrome","event_channel_closed":true,"pending_after_loss":0,"pid":1359171,"root_exited":true,"version":"Chrome/151.0.7922.173","wake_ms":5.836205}
{"cleanup_ms":23.60547,"cycle":3,"engine":"chrome","event_channel_closed":true,"pending_after_loss":0,"pid":1359301,"root_exited":true,"version":"Chrome/151.0.7922.173","wake_ms":23.474294}
{"cleanup_ms":8.305705999999999,"cycle":4,"engine":"chrome","event_channel_closed":true,"pending_after_loss":0,"pid":1359434,"root_exited":true,"version":"Chrome/151.0.7922.173","wake_ms":8.155766999999999}
{"cleanup_ms":18.639014999999997,"cycle":5,"engine":"chrome","event_channel_closed":true,"pending_after_loss":0,"pid":1359566,"root_exited":true,"version":"Chrome/151.0.7922.173","wake_ms":18.186324}
{"cleanup_ms":14.455839999999998,"cycle":6,"engine":"chrome","event_channel_closed":true,"pending_after_loss":0,"pid":1359696,"root_exited":true,"version":"Chrome/151.0.7922.173","wake_ms":14.351654}
{"cleanup_ms":17.804009,"cycle":7,"engine":"chrome","event_channel_closed":true,"pending_after_loss":0,"pid":1359825,"root_exited":true,"version":"Chrome/151.0.7922.173","wake_ms":17.694598}
{"cleanup_ms":27.90716,"cycle":8,"engine":"chrome","event_channel_closed":true,"pending_after_loss":0,"pid":1359954,"root_exited":true,"version":"Chrome/151.0.7922.173","wake_ms":27.802481}
{"cleanup_ms":19.484639,"cycle":9,"engine":"chrome","event_channel_closed":true,"pending_after_loss":0,"pid":1360084,"root_exited":true,"version":"Chrome/151.0.7922.173","wake_ms":18.338947}
{"cleanup_ms":4.710103,"cycle":10,"engine":"chrome","event_channel_closed":true,"pending_after_loss":0,"pid":1360215,"root_exited":true,"version":"Chrome/151.0.7922.173","wake_ms":4.584064}
{"cleanup_ms":8.865619,"cycle":11,"engine":"chrome","event_channel_closed":true,"pending_after_loss":0,"pid":1360346,"root_exited":true,"version":"Chrome/151.0.7922.173","wake_ms":8.713158}
{"cleanup_ms":7.795174,"cycle":12,"engine":"chrome","event_channel_closed":true,"pending_after_loss":0,"pid":1360474,"root_exited":true,"version":"Chrome/151.0.7922.173","wake_ms":7.692994}
{"cleanup_ms":10.72174,"cycle":13,"engine":"chrome","event_channel_closed":true,"pending_after_loss":0,"pid":1360604,"root_exited":true,"version":"Chrome/151.0.7922.173","wake_ms":10.576348}
{"cleanup_ms":7.649482,"cycle":14,"engine":"chrome","event_channel_closed":true,"pending_after_loss":0,"pid":1360734,"root_exited":true,"version":"Chrome/151.0.7922.173","wake_ms":7.50709}
{"cleanup_ms":6.014984,"cycle":15,"engine":"chrome","event_channel_closed":true,"pending_after_loss":0,"pid":1360862,"root_exited":true,"version":"Chrome/151.0.7922.173","wake_ms":5.865364}
{"cleanup_ms":7.82982,"cycle":16,"engine":"chrome","event_channel_closed":true,"pending_after_loss":0,"pid":1360994,"root_exited":true,"version":"Chrome/151.0.7922.173","wake_ms":7.719808}
{"cleanup_ms":17.766629,"cycle":17,"engine":"chrome","event_channel_closed":true,"pending_after_loss":0,"pid":1361124,"root_exited":true,"version":"Chrome/151.0.7922.173","wake_ms":17.654333}
{"cleanup_ms":6.647191,"cycle":18,"engine":"chrome","event_channel_closed":true,"pending_after_loss":0,"pid":1361256,"root_exited":true,"version":"Chrome/151.0.7922.173","wake_ms":6.170756}
{"cleanup_ms":12.661775,"cycle":19,"engine":"chrome","event_channel_closed":true,"pending_after_loss":0,"pid":1361388,"root_exited":true,"version":"Chrome/151.0.7922.173","wake_ms":12.508184}
{"cleanup_ms":8.603306,"cycle":20,"engine":"chrome","event_channel_closed":true,"pending_after_loss":0,"pid":1361520,"root_exited":true,"version":"Chrome/151.0.7922.173","wake_ms":8.445193}
{"cleanup_ms":9.773769,"cycle":21,"engine":"chrome","event_channel_closed":true,"pending_after_loss":0,"pid":1361652,"root_exited":true,"version":"Chrome/151.0.7922.173","wake_ms":9.618688}
{"cleanup_ms":17.560205999999997,"cycle":22,"engine":"chrome","event_channel_closed":true,"pending_after_loss":0,"pid":1361784,"root_exited":true,"version":"Chrome/151.0.7922.173","wake_ms":17.445448}
{"cleanup_ms":16.065829,"cycle":23,"engine":"chrome","event_channel_closed":true,"pending_after_loss":0,"pid":1361916,"root_exited":true,"version":"Chrome/151.0.7922.173","wake_ms":15.937893}
{"cleanup_ms":24.755381,"cycle":24,"engine":"chrome","event_channel_closed":true,"pending_after_loss":0,"pid":1362046,"root_exited":true,"version":"Chrome/151.0.7922.173","wake_ms":24.609547}
{"cleanup_ms":11.027144,"cycle":25,"engine":"chrome","event_channel_closed":true,"pending_after_loss":0,"pid":1362175,"root_exited":true,"version":"Chrome/151.0.7922.173","wake_ms":10.806823999999999}
ok
test firefox_process_loss_and_manual_restart ... {"cleanup_ms":26.855308,"cycle":1,"engine":"firefox","event_channel_closed":true,"pending_after_loss":0,"pid":1362306,"root_exited":true,"version":"157.0.1","wake_ms":26.713651000000002}
{"cleanup_ms":19.096117999999997,"cycle":2,"engine":"firefox","event_channel_closed":true,"pending_after_loss":0,"pid":1362599,"root_exited":true,"version":"157.0.1","wake_ms":18.974}
{"cleanup_ms":15.662460999999999,"cycle":3,"engine":"firefox","event_channel_closed":true,"pending_after_loss":0,"pid":1362896,"root_exited":true,"version":"157.0.1","wake_ms":15.441408000000001}
{"cleanup_ms":32.774527,"cycle":4,"engine":"firefox","event_channel_closed":true,"pending_after_loss":0,"pid":1363202,"root_exited":true,"version":"157.0.1","wake_ms":32.386500999999996}
{"cleanup_ms":34.005796999999994,"cycle":5,"engine":"firefox","event_channel_closed":true,"pending_after_loss":0,"pid":1363511,"root_exited":true,"version":"157.0.1","wake_ms":33.882926}
{"cleanup_ms":31.886325,"cycle":6,"engine":"firefox","event_channel_closed":true,"pending_after_loss":0,"pid":1363782,"root_exited":true,"version":"157.0.1","wake_ms":31.739866}
{"cleanup_ms":28.258259000000002,"cycle":7,"engine":"firefox","event_channel_closed":true,"pending_after_loss":0,"pid":1364099,"root_exited":true,"version":"157.0.1","wake_ms":28.069241}
{"cleanup_ms":27.103248,"cycle":8,"engine":"firefox","event_channel_closed":true,"pending_after_loss":0,"pid":1364410,"root_exited":true,"version":"157.0.1","wake_ms":26.948683000000003}
{"cleanup_ms":15.050263,"cycle":9,"engine":"firefox","event_channel_closed":true,"pending_after_loss":0,"pid":1364720,"root_exited":true,"version":"157.0.1","wake_ms":14.923199}
{"cleanup_ms":12.338448999999999,"cycle":10,"engine":"firefox","event_channel_closed":true,"pending_after_loss":0,"pid":1365037,"root_exited":true,"version":"157.0.1","wake_ms":12.190401999999999}
{"cleanup_ms":23.210949000000003,"cycle":11,"engine":"firefox","event_channel_closed":true,"pending_after_loss":0,"pid":1365292,"root_exited":true,"version":"157.0.1","wake_ms":23.072796}
{"cleanup_ms":37.759036,"cycle":12,"engine":"firefox","event_channel_closed":true,"pending_after_loss":0,"pid":1365606,"root_exited":true,"version":"157.0.1","wake_ms":37.614943}
{"cleanup_ms":17.264079000000002,"cycle":13,"engine":"firefox","event_channel_closed":true,"pending_after_loss":0,"pid":1365915,"root_exited":true,"version":"157.0.1","wake_ms":17.065537}
{"cleanup_ms":65.75425999999999,"cycle":14,"engine":"firefox","event_channel_closed":true,"pending_after_loss":0,"pid":1366158,"root_exited":true,"version":"157.0.1","wake_ms":65.542826}
{"cleanup_ms":34.419612,"cycle":15,"engine":"firefox","event_channel_closed":true,"pending_after_loss":0,"pid":1366453,"root_exited":true,"version":"157.0.1","wake_ms":34.292366}
{"cleanup_ms":27.88419,"cycle":16,"engine":"firefox","event_channel_closed":true,"pending_after_loss":0,"pid":1366763,"root_exited":true,"version":"157.0.1","wake_ms":27.757211}
{"cleanup_ms":33.002377,"cycle":17,"engine":"firefox","event_channel_closed":true,"pending_after_loss":0,"pid":1367007,"root_exited":true,"version":"157.0.1","wake_ms":32.821459}
{"cleanup_ms":15.849578,"cycle":18,"engine":"firefox","event_channel_closed":true,"pending_after_loss":0,"pid":1367322,"root_exited":true,"version":"157.0.1","wake_ms":15.687264999999998}
{"cleanup_ms":18.688487,"cycle":19,"engine":"firefox","event_channel_closed":true,"pending_after_loss":0,"pid":1367624,"root_exited":true,"version":"157.0.1","wake_ms":18.495054}
{"cleanup_ms":16.779111,"cycle":20,"engine":"firefox","event_channel_closed":true,"pending_after_loss":0,"pid":1367933,"root_exited":true,"version":"157.0.1","wake_ms":16.621876}
{"cleanup_ms":17.175253,"cycle":21,"engine":"firefox","event_channel_closed":true,"pending_after_loss":0,"pid":1368238,"root_exited":true,"version":"157.0.1","wake_ms":16.990419}
{"cleanup_ms":33.770759,"cycle":22,"engine":"firefox","event_channel_closed":true,"pending_after_loss":0,"pid":1368548,"root_exited":true,"version":"157.0.1","wake_ms":33.542139}
{"cleanup_ms":30.767003000000003,"cycle":23,"engine":"firefox","event_channel_closed":true,"pending_after_loss":0,"pid":1368867,"root_exited":true,"version":"157.0.1","wake_ms":30.571449}
{"cleanup_ms":14.487748,"cycle":24,"engine":"firefox","event_channel_closed":true,"pending_after_loss":0,"pid":1369115,"root_exited":true,"version":"157.0.1","wake_ms":14.332301000000001}
{"cleanup_ms":14.427351,"cycle":25,"engine":"firefox","event_channel_closed":true,"pending_after_loss":0,"pid":1369426,"root_exited":true,"version":"157.0.1","wake_ms":14.198327}
ok

test result: ok. 2 passed; 0 failed; 0 ignored; 0 measured; 0 filtered out; finished in 52.34s

