   Compiling rustwright-integration-tests v0.1.0 (/workspace/rustwright/tests)
    Finished `test` profile [unoptimized + debuginfo] target(s) in 2.51s
     Running http_intercept_lifecycle.rs (target/debug/deps/http_intercept_lifecycle-f9239ae13a2862ff)

running 4 tests
test firefox_intercept_cancellation_preserves_live_requests_and_prior_rules ... {"cycle":1,"known_intercept_ids":["3a5cad13-d7b5-4e53-a109-8415567a537a"],"known_intercepts_absent":true,"mode":"cancel-add-with-blocked-request","pending":0,"version":"157.0.1"}
{"cycle":1,"known_intercept_ids":["36dcc359-9eb9-4d40-bd7e-591d858ee02a"],"known_intercepts_absent":true,"mode":"cancel-clear","pending":0,"version":"157.0.1"}
{"cycle":1,"known_intercept_ids":["7db85c9f-1401-4cc1-bc70-e97d758b6c48","89c92bea-a82d-4d12-9aaf-5925f82142c4","912d9812-7973-4983-91db-d3c6e42d4d53"],"known_intercepts_absent":true,"mode":"cancel-phase-upgrade","pending":0,"version":"157.0.1"}
{"cycle":2,"known_intercept_ids":["f39e793f-05b3-41e1-aba5-c0e6ab4d3c0e"],"known_intercepts_absent":true,"mode":"cancel-add-with-blocked-request","pending":0,"version":"157.0.1"}
{"cycle":2,"known_intercept_ids":["918a9d57-682a-4425-9155-43ebc01b3df4"],"known_intercepts_absent":true,"mode":"cancel-clear","pending":0,"version":"157.0.1"}
{"cycle":2,"known_intercept_ids":["8f048be3-fe26-4d3e-be70-9a62e70a2945","a3d52fac-fba6-4526-bd83-5cbef16707c5","171acd2c-5746-47c3-b744-283d0b11d0ca"],"known_intercepts_absent":true,"mode":"cancel-phase-upgrade","pending":0,"version":"157.0.1"}
{"cycle":3,"known_intercept_ids":["1213b03e-ec92-460a-a410-52605b38b2f3"],"known_intercepts_absent":true,"mode":"cancel-add-with-blocked-request","pending":0,"version":"157.0.1"}
{"cycle":3,"known_intercept_ids":["234e53fb-0df1-4e5f-a133-96217de73387"],"known_intercepts_absent":true,"mode":"cancel-clear","pending":0,"version":"157.0.1"}
{"cycle":3,"known_intercept_ids":["de8e7ec1-d76a-4c70-a821-f8e64d04ac39","4697ddcd-b171-417a-829c-aaa6927bbd5a","b98be174-e7ae-4ae7-9cbf-1a166121a06c"],"known_intercepts_absent":true,"mode":"cancel-phase-upgrade","pending":0,"version":"157.0.1"}
{"cycle":4,"known_intercept_ids":["1bec1f9c-1b1b-448e-b0fb-10db096497c0"],"known_intercepts_absent":true,"mode":"cancel-add-with-blocked-request","pending":0,"version":"157.0.1"}
{"cycle":4,"known_intercept_ids":["1bff048a-fbdf-4cc1-96ac-8967d668719e"],"known_intercepts_absent":true,"mode":"cancel-clear","pending":0,"version":"157.0.1"}
{"cycle":4,"known_intercept_ids":["7118355c-23b6-4d27-a098-6e4c77c42b19","564e0b48-89b3-468a-a60d-2d6332a92009","e3975a04-c478-4135-b3d4-fe1e0d93705f"],"known_intercepts_absent":true,"mode":"cancel-phase-upgrade","pending":0,"version":"157.0.1"}
{"cycle":5,"known_intercept_ids":["31da7541-9e7a-4528-a4cb-765ab1fc1310"],"known_intercepts_absent":true,"mode":"cancel-add-with-blocked-request","pending":0,"version":"157.0.1"}
{"cycle":5,"known_intercept_ids":["478848b2-ba83-4fde-bd96-e21d6ea19dab"],"known_intercepts_absent":true,"mode":"cancel-clear","pending":0,"version":"157.0.1"}
{"cycle":5,"known_intercept_ids":["ea8a30d1-69ed-4b4b-a9c7-351900f0848f","46fc5ee9-523e-4075-b8db-239b34570239","d24534db-18d1-462f-a4c3-ee21cf6d6fd1"],"known_intercepts_absent":true,"mode":"cancel-phase-upgrade","pending":0,"version":"157.0.1"}
{"cycle":6,"known_intercept_ids":["0b3e7f0e-31f2-49d3-8380-aca045a9ad02"],"known_intercepts_absent":true,"mode":"cancel-add-with-blocked-request","pending":0,"version":"157.0.1"}
{"cycle":6,"known_intercept_ids":["c3ffc1fc-5e5a-4cf5-a570-be8f2f25d541"],"known_intercepts_absent":true,"mode":"cancel-clear","pending":0,"version":"157.0.1"}
{"cycle":6,"known_intercept_ids":["412af5f3-4695-4858-b409-bf5cee8da616","e1bdcd36-22cf-4de1-94a0-12129a6fba04","507624cb-2186-47d4-b078-52691756dcb5"],"known_intercepts_absent":true,"mode":"cancel-phase-upgrade","pending":0,"version":"157.0.1"}
{"cycle":7,"known_intercept_ids":["32fbdb22-02aa-4479-ae91-6e84e37e44ba"],"known_intercepts_absent":true,"mode":"cancel-add-with-blocked-request","pending":0,"version":"157.0.1"}
{"cycle":7,"known_intercept_ids":["cd5d8a39-32ec-4284-b1ac-b2201787b8ea"],"known_intercepts_absent":true,"mode":"cancel-clear","pending":0,"version":"157.0.1"}
{"cycle":7,"known_intercept_ids":["c12916d5-4237-4cd0-b7b2-b80b9675f380","f53e4bfd-685e-40de-af8f-54ad3676057c","70b00a3e-4f5a-4a1c-a575-35cb2a9decb4"],"known_intercepts_absent":true,"mode":"cancel-phase-upgrade","pending":0,"version":"157.0.1"}
{"cycle":8,"known_intercept_ids":["a51cb70d-3f61-4396-a461-18125facc3ca"],"known_intercepts_absent":true,"mode":"cancel-add-with-blocked-request","pending":0,"version":"157.0.1"}
{"cycle":8,"known_intercept_ids":["c7d93c11-104b-422d-967e-9cf648d7bdee"],"known_intercepts_absent":true,"mode":"cancel-clear","pending":0,"version":"157.0.1"}
{"cycle":8,"known_intercept_ids":["d7f137de-9f31-463c-8469-2cd735f958d5","0c41c02a-72ce-46e8-a715-8c7bc971c4c1","246511d9-7e96-4f7c-9f3f-85e8c43f66fd"],"known_intercepts_absent":true,"mode":"cancel-phase-upgrade","pending":0,"version":"157.0.1"}
{"cycle":9,"known_intercept_ids":["df8c5047-c17f-4ba3-b0f1-703874489647"],"known_intercepts_absent":true,"mode":"cancel-add-with-blocked-request","pending":0,"version":"157.0.1"}
{"cycle":9,"known_intercept_ids":["12057b2b-e950-4a17-8091-fdd23415f35c"],"known_intercepts_absent":true,"mode":"cancel-clear","pending":0,"version":"157.0.1"}
{"cycle":9,"known_intercept_ids":["8ff98118-e900-442b-824a-602e899ec801","d3429e16-b846-4573-8811-a949edb525be","2431710a-f415-4c4d-9c09-a5f49ed55106"],"known_intercepts_absent":true,"mode":"cancel-phase-upgrade","pending":0,"version":"157.0.1"}
{"cycle":10,"known_intercept_ids":["2df2427f-8331-4dd2-a75c-b78ddc749e44"],"known_intercepts_absent":true,"mode":"cancel-add-with-blocked-request","pending":0,"version":"157.0.1"}
{"cycle":10,"known_intercept_ids":["4c24c883-a43d-43b4-896b-383c8dc8090a"],"known_intercepts_absent":true,"mode":"cancel-clear","pending":0,"version":"157.0.1"}
{"cycle":10,"known_intercept_ids":["f4ecbc55-17a4-49a0-9498-bad7f83abf67","9d74c399-53d1-46e0-b839-69aa793473ed","abffff74-a535-421a-a1b6-79f8c07c9b7a"],"known_intercepts_absent":true,"mode":"cancel-phase-upgrade","pending":0,"version":"157.0.1"}
ok
test firefox_phase_expansion_keeps_prior_rules_usable_before_acknowledgment ... {"cycle":1,"known_intercept_ids":["c43e5381-d144-482f-beff-8fe2f297fcac","72e736a4-e54e-4161-a1f4-1ff74465bb4c"],"known_intercepts_absent":true,"mode":"active-rules-during-phase-upgrade","pending":0,"version":"157.0.1"}
{"cycle":2,"known_intercept_ids":["1c8cca81-1519-4c1c-a36d-b578e8dcdfb0","bc23e31f-a86d-414d-8f9b-2c3f72ee323f"],"known_intercepts_absent":true,"mode":"active-rules-during-phase-upgrade","pending":0,"version":"157.0.1"}
{"cycle":3,"known_intercept_ids":["9ae3d9bf-00a7-433d-b25f-6010a8d73607","28918b21-b219-476e-8a06-a17a214311e7"],"known_intercepts_absent":true,"mode":"active-rules-during-phase-upgrade","pending":0,"version":"157.0.1"}
{"cycle":4,"known_intercept_ids":["cf1065f9-fdc0-47ba-8a87-022a80e96d5c","41e2f777-7f4e-4a3b-9441-95afa8ea56d6"],"known_intercepts_absent":true,"mode":"active-rules-during-phase-upgrade","pending":0,"version":"157.0.1"}
{"cycle":5,"known_intercept_ids":["a660fcc4-667d-4c5c-a0b0-78792d2c742e","dcc05c93-f583-4e53-8220-d36d41706a6c"],"known_intercepts_absent":true,"mode":"active-rules-during-phase-upgrade","pending":0,"version":"157.0.1"}
{"cycle":6,"known_intercept_ids":["6a5eba9b-fe8b-4f35-87f7-da7af6c0906b","37670f3e-6eae-4070-9242-32c54df3c132"],"known_intercepts_absent":true,"mode":"active-rules-during-phase-upgrade","pending":0,"version":"157.0.1"}
{"cycle":7,"known_intercept_ids":["7bfc8362-8fdb-4a8d-9964-251feab18dea","51ed582b-85e5-4570-a519-7cc2074d2fd6"],"known_intercepts_absent":true,"mode":"active-rules-during-phase-upgrade","pending":0,"version":"157.0.1"}
{"cycle":8,"known_intercept_ids":["9820aabf-48db-485d-b538-64492dc5468e","cf9ac891-afbc-4422-b683-06a832d13539"],"known_intercepts_absent":true,"mode":"active-rules-during-phase-upgrade","pending":0,"version":"157.0.1"}
{"cycle":9,"known_intercept_ids":["26f3cd0a-3969-40f3-9a4b-2b092290fff6","9d8f71db-b869-4d18-910b-9464092b94a6"],"known_intercepts_absent":true,"mode":"active-rules-during-phase-upgrade","pending":0,"version":"157.0.1"}
{"cycle":10,"known_intercept_ids":["35decf0a-0e4e-4543-a430-db420c3be5a4","728065f3-8c20-4be9-addd-f3d2b3f754e6"],"known_intercepts_absent":true,"mode":"active-rules-during-phase-upgrade","pending":0,"version":"157.0.1"}
ok
test firefox_routing_phases_and_child_frame_requests_remain_functional ... {"cycle":1,"known_intercept_ids":["71a5686a-9952-4542-957a-309d137c935d","bf035bc3-c21e-4e0f-8fc0-3231f565f4d9"],"known_intercepts_absent":true,"mode":"request-response-child-frame","pending":0,"version":"157.0.1"}
ok
test firefox_shared_handles_drop_and_close_retire_only_owned_intercepts ... {"cycle":1,"known_intercept_ids":["80b4ebe4-f90f-44a2-91c7-525645e50fe7"],"known_intercepts_absent":true,"mode":"shared-handles-final-drop","pending":0,"version":"157.0.1"}
{"cycle":1,"known_intercept_ids":["dd47d97e-1294-4b6a-9560-a04be9852b54"],"known_intercepts_absent":true,"mode":"page-close-retained-handles","pending":0,"version":"157.0.1"}
{"cycle":1,"known_intercept_ids":["54055e26-cade-40e5-a93d-e5fb6eba0836","d8bdce79-c024-4065-a7d1-7dfff3f8b486"],"known_intercepts_absent":true,"mode":"user-context-close-retained-pages","pending":0,"version":"157.0.1"}
{"cycle":2,"known_intercept_ids":["b62cc578-810d-4952-a130-1db26369a88e"],"known_intercepts_absent":true,"mode":"shared-handles-final-drop","pending":0,"version":"157.0.1"}
{"cycle":2,"known_intercept_ids":["786ae4e8-f068-4206-986d-17bd1cb4e459"],"known_intercepts_absent":true,"mode":"page-close-retained-handles","pending":0,"version":"157.0.1"}
{"cycle":2,"known_intercept_ids":["c9f4a017-6124-4ae6-852c-cc2ad51b3d6c","1e883577-bd2f-48ad-8af8-b2b3c192f101"],"known_intercepts_absent":true,"mode":"user-context-close-retained-pages","pending":0,"version":"157.0.1"}
{"cycle":3,"known_intercept_ids":["6249af42-12eb-4bad-80c2-5aadb7a6cc02"],"known_intercepts_absent":true,"mode":"shared-handles-final-drop","pending":0,"version":"157.0.1"}
{"cycle":3,"known_intercept_ids":["b31092bd-13d0-475a-8761-f7356a38a7a7"],"known_intercepts_absent":true,"mode":"page-close-retained-handles","pending":0,"version":"157.0.1"}
{"cycle":3,"known_intercept_ids":["dfcab8a9-e65b-4ace-be40-3a47351f15ff","16578120-c1b7-4eac-b5ba-b61784372414"],"known_intercepts_absent":true,"mode":"user-context-close-retained-pages","pending":0,"version":"157.0.1"}
{"cycle":4,"known_intercept_ids":["23e43349-0e88-481f-9fa6-21054fc27c90"],"known_intercepts_absent":true,"mode":"shared-handles-final-drop","pending":0,"version":"157.0.1"}
{"cycle":4,"known_intercept_ids":["c591b1c4-94ab-44d5-a86f-03ad3162fe64"],"known_intercepts_absent":true,"mode":"page-close-retained-handles","pending":0,"version":"157.0.1"}
{"cycle":4,"known_intercept_ids":["d5dedacc-f75c-451d-bdb4-c418060820de","d437b344-4cd3-44a8-8558-7bd925b141fc"],"known_intercepts_absent":true,"mode":"user-context-close-retained-pages","pending":0,"version":"157.0.1"}
{"cycle":5,"known_intercept_ids":["d1bbb1f2-041a-4920-a0b6-ab3b46f84f97"],"known_intercepts_absent":true,"mode":"shared-handles-final-drop","pending":0,"version":"157.0.1"}
{"cycle":5,"known_intercept_ids":["8964c873-283d-419c-a210-ab170fe7fe14"],"known_intercepts_absent":true,"mode":"page-close-retained-handles","pending":0,"version":"157.0.1"}
{"cycle":5,"known_intercept_ids":["7ebfa523-d9e6-47fc-85d6-6f8dca2905d4","666c3877-94cb-4806-8800-e18cb1de00dc"],"known_intercepts_absent":true,"mode":"user-context-close-retained-pages","pending":0,"version":"157.0.1"}
{"cycle":6,"known_intercept_ids":["6d049ec3-4073-4629-b7c3-41be798bb0e4"],"known_intercepts_absent":true,"mode":"shared-handles-final-drop","pending":0,"version":"157.0.1"}
{"cycle":6,"known_intercept_ids":["29b9aaaa-929c-475a-a90d-2c6e516ab4dd"],"known_intercepts_absent":true,"mode":"page-close-retained-handles","pending":0,"version":"157.0.1"}
{"cycle":6,"known_intercept_ids":["4d5235d2-aa1b-4426-b882-a8d56b0a7df2","9351f729-c67c-4f1b-9e59-3d90522fc4c5"],"known_intercepts_absent":true,"mode":"user-context-close-retained-pages","pending":0,"version":"157.0.1"}
{"cycle":7,"known_intercept_ids":["71cd526d-748a-4625-9fa6-1bb286826b01"],"known_intercepts_absent":true,"mode":"shared-handles-final-drop","pending":0,"version":"157.0.1"}
{"cycle":7,"known_intercept_ids":["277415e2-10fd-4622-94f8-171016da6e98"],"known_intercepts_absent":true,"mode":"page-close-retained-handles","pending":0,"version":"157.0.1"}
{"cycle":7,"known_intercept_ids":["680ad26b-6b04-4f9e-8dd0-627e3519aa3a","d939bfb6-98fd-495c-877a-bc501eb0b57f"],"known_intercepts_absent":true,"mode":"user-context-close-retained-pages","pending":0,"version":"157.0.1"}
{"cycle":8,"known_intercept_ids":["6bd0dcff-cd94-4381-b21e-2563621728c3"],"known_intercepts_absent":true,"mode":"shared-handles-final-drop","pending":0,"version":"157.0.1"}
{"cycle":8,"known_intercept_ids":["49beed4f-ade4-4cfc-a836-149032ef4a1e"],"known_intercepts_absent":true,"mode":"page-close-retained-handles","pending":0,"version":"157.0.1"}
{"cycle":8,"known_intercept_ids":["cbc7c940-d959-487c-82e3-8aecc7211d28","bf30179f-38e7-428c-b9bc-d0927a299b82"],"known_intercepts_absent":true,"mode":"user-context-close-retained-pages","pending":0,"version":"157.0.1"}
{"cycle":9,"known_intercept_ids":["0f635af3-31ff-4ffd-a482-34dc174b2376"],"known_intercepts_absent":true,"mode":"shared-handles-final-drop","pending":0,"version":"157.0.1"}
{"cycle":9,"known_intercept_ids":["cc8da500-83b9-4ff9-bf59-1c57f84911c3"],"known_intercepts_absent":true,"mode":"page-close-retained-handles","pending":0,"version":"157.0.1"}
{"cycle":9,"known_intercept_ids":["43090468-fa3b-44ec-a4e6-d412cf12c150","0e3e2403-a9e2-461c-a77c-de7f708ef0ea"],"known_intercepts_absent":true,"mode":"user-context-close-retained-pages","pending":0,"version":"157.0.1"}
{"cycle":10,"known_intercept_ids":["29a5353e-870a-4f3e-8a81-c7c53c03af1c"],"known_intercepts_absent":true,"mode":"shared-handles-final-drop","pending":0,"version":"157.0.1"}
{"cycle":10,"known_intercept_ids":["5035df83-91b0-40bc-a35d-9f84f5ad78a3"],"known_intercepts_absent":true,"mode":"page-close-retained-handles","pending":0,"version":"157.0.1"}
{"cycle":10,"known_intercept_ids":["7f5ba890-0f19-4036-9fff-bdf77bc0e942","7268de75-ce90-4b69-8bd6-9827e30dc56d"],"known_intercepts_absent":true,"mode":"user-context-close-retained-pages","pending":0,"version":"157.0.1"}
ok

test result: ok. 4 passed; 0 failed; 0 ignored; 0 measured; 0 filtered out; finished in 23.35s

