     Locking 63 packages to highest compatible versions
   Compiling proc-macro2 v1.0.107
   Compiling unicode-ident v1.0.26
   Compiling quote v1.0.47
   Compiling libc v0.2.190
   Compiling typenum v1.20.1
   Compiling cfg-if v1.0.5
   Compiling getrandom v0.4.3
   Compiling serde_core v1.0.229
   Compiling rand_core v0.10.1
   Compiling hybrid-array v0.4.15
   Compiling cpufeatures v0.3.1
   Compiling syn v3.0.6
   Compiling itoa v1.0.18
   Compiling block-buffer v0.12.1
   Compiling crypto-common v0.2.2
   Compiling httparse v1.10.1
   Compiling const-oid v0.10.2
   Compiling thiserror v2.0.21
   Compiling pin-project-lite v0.2.17
   Compiling bytes v1.12.1
   Compiling zmij v1.0.23
   Compiling digest v0.11.3
   Compiling errno v0.3.14
   Compiling chacha20 v0.10.2
   Compiling serde_json v1.0.151
   Compiling rand v0.10.3
   Compiling signal-hook-registry v1.4.8
   Compiling sha1 v0.11.0
   Compiling http v1.5.0
   Compiling mio v1.2.4
   Compiling socket2 v0.6.5
   Compiling syn v2.0.119
   Compiling thiserror-impl v2.0.21
   Compiling tokio-macros v2.7.2
   Compiling futures-macro v0.3.34
   Compiling serde v1.0.229
   Compiling memchr v2.8.3
   Compiling futures-core v0.3.34
   Compiling once_cell v1.21.4
   Compiling slab v0.4.12
   Compiling futures-task v0.3.34
   Compiling data-encoding v2.11.1
   Compiling futures-sink v0.3.34
   Compiling log v0.4.34
   Compiling futures-util v0.3.34
   Compiling tungstenite v0.30.0
   Compiling tracing-core v0.1.36
   Compiling tokio v1.53.2
   Compiling serde_derive v1.0.229
   Compiling rustwright-common v0.1.0 (/workspace/rustwright/crates/rustwright-common)
   Compiling base64 v0.22.1
   Compiling tracing-attributes v0.1.31
   Compiling tracing v0.1.44
   Compiling tokio-tungstenite v0.30.0
   Compiling rustwright-cdp v0.1.0 (/workspace/rustwright/crates/rustwright-cdp)
   Compiling rustwright-browser v0.1.0 (/workspace/rustwright/crates/rustwright-browser)
   Compiling rustwright-bidi v0.1.0 (/workspace/rustwright/crates/rustwright-bidi)
   Compiling rustwright-core v0.1.0 (/workspace/rustwright/crates/rustwright-core)
   Compiling rustwright v0.1.0 (/workspace/rustwright/crates/rustwright)
   Compiling rustwright-native-startup-observer v0.0.0 (/workspace/rustwright/target/reliability95/native-startup/consumer)
error[E0432]: unresolved import `rustwright::firefox`
 --> src/main.rs:9:17
  |
9 | use rustwright::firefox::{BidiBrowser, Firefox};
  |                 ^^^^^^^ could not find `firefox` in `rustwright`

For more information about this error, try `rustc --explain E0432`.
error: could not compile `rustwright-native-startup-observer` (bin "rustwright-native-startup-observer") due to 1 previous error
