2026-10-09T20:45:47.2012456Z Current runner version: '2.337.0'
2026-10-09T20:45:47.2034043Z ##[group]Runner Image Provisioner
2026-10-09T20:45:47.2034805Z Hosted Compute Agent
2026-10-09T20:45:47.2035272Z Version: 20261002.596
2026-10-09T20:45:47.2035873Z Commit: c3d12f3313a95f25162a1503be624f3b0617f8c0
2026-10-09T20:45:47.2036468Z Build Date: 2026-10-02T22:28:27Z
2026-10-09T20:45:47.2037049Z Worker ID: {0e2eb7f4-0c28-4ba4-aa3f-ba348af555ab}
2026-10-09T20:45:47.2037644Z Region: westus3
2026-10-09T20:45:47.2038084Z Cloud: Azure
2026-10-09T20:45:47.2038945Z ##[endgroup]
2026-10-09T20:45:47.2040176Z ##[group]Operating System
2026-10-09T20:45:47.2040696Z Ubuntu
2026-10-09T20:45:47.2041158Z 24.04.5
2026-10-09T20:45:47.2041575Z LTS
2026-10-09T20:45:47.2042033Z ##[endgroup]
2026-10-09T20:45:47.2042479Z ##[group]Runner Image
2026-10-09T20:45:47.2042973Z Image: ubuntu-24.04
2026-10-09T20:45:47.2043469Z Version: 20261004.327.1
2026-10-09T20:45:47.2044495Z Included Software: https://github.com/actions/runner-images/blob/ubuntu24/20261004.327/images/ubuntu/Ubuntu2404-Readme.md
2026-10-09T20:45:47.2045746Z Image Release: https://github.com/actions/runner-images/releases/tag/ubuntu24%2F20261004.327
2026-10-09T20:45:47.2046515Z ##[endgroup]
2026-10-09T20:45:47.2047423Z ##[group]GITHUB_TOKEN Permissions
2026-10-09T20:45:47.2049462Z Contents: read
2026-10-09T20:45:47.2049963Z Metadata: read
2026-10-09T20:45:47.2050423Z ##[endgroup]
2026-10-09T20:45:47.2052217Z Secret source: Actions
2026-10-09T20:45:47.2052997Z Cache mode: write
2026-10-09T20:45:47.2053584Z Prepare workflow directory
2026-10-09T20:45:47.2804811Z Prepare all required actions
2026-10-09T20:45:47.2845899Z Getting action download info
2026-10-09T20:45:47.6389827Z Download action repository 'actions/checkout@v5' (SHA:fbc6f3992d24b796d5a048ff273f7fcc4a7b6c09)
2026-10-09T20:45:47.7555675Z Download action repository 'dtolnay/rust-toolchain@stable' (SHA:686976e191b89faba57d3206551f0f330d8cb249)
2026-10-09T20:45:48.0036579Z Download action repository 'Swatinem/rust-cache@v2' (SHA:6323deb102c322ba6fcbdcafc7e3dddab59af2b6)
2026-10-09T20:45:48.8854038Z Download action repository 'actions/setup-python@v6' (SHA:ece7cb06caefa5fff74198d8649806c4678c61a1)
2026-10-09T20:45:49.0070185Z Download action repository 'browser-actions/setup-chrome@v2' (SHA:48ad923757ca74d66703209fe939badbdf80f2f4)
2026-10-09T20:45:49.4914870Z Download action repository 'browser-actions/setup-firefox@v1' (SHA:0bc507ddf224827e3b1af68e014d5e42ab93e795)
2026-10-09T20:45:49.9941235Z Download action repository 'actions/upload-artifact@v4' (SHA:ea165f8d65b6e75b540449e92b4886f43607fa02)
2026-10-09T20:45:50.2386873Z Complete job name: Required headed / alternate versions / public sites
2026-10-09T20:45:50.2931156Z ##[group]Run actions/checkout@v5
2026-10-09T20:45:50.2931621Z with:
2026-10-09T20:45:50.2931987Z   repository: rsasaki0109/rustwright
2026-10-09T20:45:50.2934355Z   token: ***
2026-10-09T20:45:50.2934722Z   ssh-strict: true
2026-10-09T20:45:50.2934988Z   ssh-user: git
2026-10-09T20:45:50.2935248Z   persist-credentials: true
2026-10-09T20:45:50.2935593Z   clean: true
2026-10-09T20:45:50.2935873Z   sparse-checkout-cone-mode: true
2026-10-09T20:45:50.2936193Z   fetch-depth: 1
2026-10-09T20:45:50.2936470Z   fetch-tags: false
2026-10-09T20:45:50.2936729Z   show-progress: true
2026-10-09T20:45:50.2937002Z   lfs: false
2026-10-09T20:45:50.2937252Z   submodules: false
2026-10-09T20:45:50.2937572Z   set-safe-directory: true
2026-10-09T20:45:50.2937878Z   allow-unsafe-pr-checkout: false
2026-10-09T20:45:50.2938424Z env:
2026-10-09T20:45:50.2938700Z   CARGO_TERM_COLOR: always
2026-10-09T20:45:50.2938977Z   RUST_BACKTRACE: 1
2026-10-09T20:45:50.2939243Z ##[endgroup]
2026-10-09T20:45:50.3792258Z Syncing repository: rsasaki0109/rustwright
2026-10-09T20:45:50.3794020Z ##[group]Getting Git version info
2026-10-09T20:45:50.3794678Z Working directory is '/home/runner/work/rustwright/rustwright'
2026-10-09T20:45:50.3795615Z [command]/usr/bin/git version
2026-10-09T20:45:50.3875139Z git version 2.55.0
2026-10-09T20:45:50.3891484Z ##[endgroup]
2026-10-09T20:45:50.3902302Z Temporarily overriding HOME='/home/runner/work/_temp/77529e40-d3d8-4ff8-8769-51af8e0ff73f' before making global git config changes
2026-10-09T20:45:50.3903985Z Adding repository directory to the temporary git global config as a safe directory
2026-10-09T20:45:50.3905216Z [command]/usr/bin/git config --global --add safe.directory /home/runner/work/rustwright/rustwright
2026-10-09T20:45:50.3948842Z Deleting the contents of '/home/runner/work/rustwright/rustwright'
2026-10-09T20:45:50.3952444Z ##[group]Initializing the repository
2026-10-09T20:45:50.3955787Z [command]/usr/bin/git init /home/runner/work/rustwright/rustwright
2026-10-09T20:45:50.4069588Z hint: Using 'master' as the name for the initial branch. This default branch name
2026-10-09T20:45:50.4070466Z hint: will change to "main" in Git 3.0. To configure the initial branch name
2026-10-09T20:45:50.4071187Z hint: to use in all of your new repositories, which will suppress this warning,
2026-10-09T20:45:50.4071593Z hint: call:
2026-10-09T20:45:50.4071862Z hint:
2026-10-09T20:45:50.4072259Z hint: 	git config --global init.defaultBranch <name>
2026-10-09T20:45:50.4072587Z hint:
2026-10-09T20:45:50.4072901Z hint: Names commonly chosen instead of 'master' are 'main', 'trunk' and
2026-10-09T20:45:50.4073403Z hint: 'development'. The just-created branch can be renamed via this command:
2026-10-09T20:45:50.4073790Z hint:
2026-10-09T20:45:50.4074112Z hint: 	git branch -m <name>
2026-10-09T20:45:50.4074388Z hint:
2026-10-09T20:45:50.4074715Z hint: Disable this message with "git config set advice.defaultBranchName false"
2026-10-09T20:45:50.4077939Z Initialized empty Git repository in /home/runner/work/rustwright/rustwright/.git/
2026-10-09T20:45:50.4086663Z [command]/usr/bin/git remote add origin https://github.com/rsasaki0109/rustwright
2026-10-09T20:45:50.4129930Z ##[endgroup]
2026-10-09T20:45:50.4130468Z ##[group]Disabling automatic garbage collection
2026-10-09T20:45:50.4135066Z [command]/usr/bin/git config --local gc.auto 0
2026-10-09T20:45:50.4163488Z ##[endgroup]
2026-10-09T20:45:50.4164198Z ##[group]Setting up auth
2026-10-09T20:45:50.4169270Z [command]/usr/bin/git config --local --name-only --get-regexp core\.sshCommand
2026-10-09T20:45:50.4220785Z [command]/usr/bin/git submodule foreach --recursive sh -c "git config --local --name-only --get-regexp 'core\.sshCommand' && git config --local --unset-all 'core.sshCommand' || :"
2026-10-09T20:45:50.4523551Z [command]/usr/bin/git config --local --name-only --get-regexp http\.https\:\/\/github\.com\/\.extraheader
2026-10-09T20:45:50.4551206Z [command]/usr/bin/git submodule foreach --recursive sh -c "git config --local --name-only --get-regexp 'http\.https\:\/\/github\.com\/\.extraheader' && git config --local --unset-all 'http.https://github.com/.extraheader' || :"
2026-10-09T20:45:50.4710456Z [command]/usr/bin/git config --local --name-only --get-regexp ^includeIf\.gitdir:
2026-10-09T20:45:50.4735860Z [command]/usr/bin/git submodule foreach --recursive git config --local --show-origin --name-only --get-regexp remote.origin.url
2026-10-09T20:45:50.4894069Z [command]/usr/bin/git config --local http.https://github.com/.extraheader AUTHORIZATION: basic ***
2026-10-09T20:45:50.4950746Z ##[endgroup]
2026-10-09T20:45:50.4951205Z ##[group]Fetching the repository
2026-10-09T20:45:50.4958528Z [command]/usr/bin/git -c protocol.version=2 fetch --no-tags --prune --no-recurse-submodules --depth=1 origin +81864cc233628753cc97cdbb19a70cc30a1d4128:refs/remotes/pull/1/merge
2026-10-09T20:45:52.2368234Z From https://github.com/rsasaki0109/rustwright
2026-10-09T20:45:52.2369274Z  * [new ref]         81864cc233628753cc97cdbb19a70cc30a1d4128 -> pull/1/merge
2026-10-09T20:45:52.2372067Z ##[endgroup]
2026-10-09T20:45:52.2372769Z ##[group]Determining the checkout info
2026-10-09T20:45:52.2400065Z ##[endgroup]
2026-10-09T20:45:52.2401161Z [command]/usr/bin/git sparse-checkout disable
2026-10-09T20:45:52.2498564Z [command]/usr/bin/git config --local --unset-all extensions.worktreeConfig
2026-10-09T20:45:52.2524283Z ##[group]Checking out the ref
2026-10-09T20:45:52.2528093Z [command]/usr/bin/git checkout --progress --force refs/remotes/pull/1/merge
2026-10-09T20:45:52.3454226Z Note: switching to 'refs/remotes/pull/1/merge'.
2026-10-09T20:45:52.3454706Z 
2026-10-09T20:45:52.3455089Z You are in 'detached HEAD' state. You can look around, make experimental
2026-10-09T20:45:52.3455959Z changes and commit them, and you can discard any commits you make in this
2026-10-09T20:45:52.3456550Z state without impacting any branches by switching back to a branch.
2026-10-09T20:45:52.3456868Z 
2026-10-09T20:45:52.3457101Z If you want to create a new branch to retain commits you create, you may
2026-10-09T20:45:52.3457644Z do so (now or later) by using -c with the switch command. Example:
2026-10-09T20:45:52.3457902Z 
2026-10-09T20:45:52.3458066Z   git switch -c <new-branch-name>
2026-10-09T20:45:52.3458560Z 
2026-10-09T20:45:52.3458732Z Or undo this operation with:
2026-10-09T20:45:52.3458912Z 
2026-10-09T20:45:52.3459089Z   git switch -
2026-10-09T20:45:52.3459318Z 
2026-10-09T20:45:52.3459529Z Turn off this advice by setting config variable advice.detachedHead to false
2026-10-09T20:45:52.3459826Z 
2026-10-09T20:45:52.3460147Z HEAD is now at 81864cc Merge be1b065aeff87e5c19e53492a19f4465ba4436f4 into 91e72af388d000266c9b4e7567a3e1fe4007fc33
2026-10-09T20:45:52.3468701Z ##[endgroup]
2026-10-09T20:45:52.3505979Z [command]/usr/bin/git log -1 --format=%H
2026-10-09T20:45:52.3526222Z 81864cc233628753cc97cdbb19a70cc30a1d4128
2026-10-09T20:45:52.3813453Z ##[group]Run dtolnay/rust-toolchain@stable
2026-10-09T20:45:52.3813811Z with:
2026-10-09T20:45:52.3814103Z   toolchain: stable
2026-10-09T20:45:52.3814385Z env:
2026-10-09T20:45:52.3814630Z   CARGO_TERM_COLOR: always
2026-10-09T20:45:52.3814896Z   RUST_BACKTRACE: 1
2026-10-09T20:45:52.3815194Z ##[endgroup]
2026-10-09T20:45:52.3876237Z ##[start-action display=Parse toolchain version;id=__dtolnay_rust-toolchain.parse]
2026-10-09T20:45:52.3938817Z ##[group]Run if [[ -z $toolchain ]]; then
2026-10-09T20:45:52.3939308Z [36;1mif [[ -z $toolchain ]]; then[0m
2026-10-09T20:45:52.3939833Z [36;1m  # GitHub does not enforce `required: true` inputs itself. https://github.com/actions/runner/issues/1070[0m
2026-10-09T20:45:52.3940421Z [36;1m  echo "'toolchain' is a required input" >&2[0m
2026-10-09T20:45:52.3940762Z [36;1m  exit 1[0m
2026-10-09T20:45:52.3941174Z [36;1melif [[ $toolchain =~ ^stable' '[0-9]+' '(year|month|week|day)s?' 'ago$ ]]; then[0m
2026-10-09T20:45:52.3941670Z [36;1m  if [[ Linux == macOS ]]; then[0m
2026-10-09T20:45:52.3942265Z [36;1m    echo "toolchain=1.$((($(date -v-$(sed 's/stable \([0-9]*\) \(.\).*/\1\2/' <<< $toolchain) +%s)/60/60/24-16569)/7/6))" >> $GITHUB_OUTPUT[0m
2026-10-09T20:45:52.3942761Z [36;1m  else[0m
2026-10-09T20:45:52.3943165Z [36;1m    echo "toolchain=1.$((($(date --date "${toolchain#stable }" +%s)/60/60/24-16569)/7/6))" >> $GITHUB_OUTPUT[0m
2026-10-09T20:45:52.3943642Z [36;1m  fi[0m
2026-10-09T20:45:52.3943977Z [36;1melif [[ $toolchain =~ ^stable' 'minus' '[0-9]+' 'releases?$ ]]; then[0m
2026-10-09T20:45:52.3944487Z [36;1m  echo "toolchain=1.$((($(date +%s)/60/60/24-16569)/7/6-${toolchain//[^0-9]/}))" >> $GITHUB_OUTPUT[0m
2026-10-09T20:45:52.3945003Z [36;1melif [[ $toolchain =~ ^1\.[0-9]+$ ]]; then[0m
2026-10-09T20:45:52.3945491Z [36;1m  echo "toolchain=1.$((i=${toolchain#1.}, c=($(date +%s)/60/60/24-16569)/7/6, i+9*i*(10*i<=c)+90*i*(100*i<=c)))" >> $GITHUB_OUTPUT[0m
2026-10-09T20:45:52.3945990Z [36;1melse[0m
2026-10-09T20:45:52.3946253Z [36;1m  delimiter=EOF[0m
2026-10-09T20:45:52.3946632Z [36;1m  while [[ $toolchain == *$delimiter* ]]; do delimiter+=_; done[0m
2026-10-09T20:45:52.3947136Z [36;1m  printf 'toolchain<<%s\n%s\n%s\n' "$delimiter" "$toolchain" "$delimiter" >> $GITHUB_OUTPUT[0m
2026-10-09T20:45:52.3947551Z [36;1mfi[0m
2026-10-09T20:45:52.4119839Z shell: /usr/bin/bash --noprofile --norc -e -o pipefail {0}
2026-10-09T20:45:52.4120377Z env:
2026-10-09T20:45:52.4120638Z   CARGO_TERM_COLOR: always
2026-10-09T20:45:52.4120911Z   RUST_BACKTRACE: 1
2026-10-09T20:45:52.4121362Z   toolchain: stable
2026-10-09T20:45:52.4121618Z ##[endgroup]
2026-10-09T20:45:52.4223677Z ##[end-action id=__dtolnay_rust-toolchain.parse;outcome=success;conclusion=success;duration_ms=34]
2026-10-09T20:45:52.4227579Z ##[start-action display=Set $CARGO_HOME;id=__dtolnay_rust-toolchain.__run]
2026-10-09T20:45:52.4309057Z ##[group]Run echo CARGO_HOME=${CARGO_HOME:-"$HOME/.cargo"} >> $GITHUB_ENV
2026-10-09T20:45:52.4309567Z [36;1mecho CARGO_HOME=${CARGO_HOME:-"$HOME/.cargo"} >> $GITHUB_ENV[0m
2026-10-09T20:45:52.4340823Z shell: /usr/bin/bash --noprofile --norc -e -o pipefail {0}
2026-10-09T20:45:52.4341270Z env:
2026-10-09T20:45:52.4341534Z   CARGO_TERM_COLOR: always
2026-10-09T20:45:52.4341829Z   RUST_BACKTRACE: 1
2026-10-09T20:45:52.4342189Z ##[endgroup]
2026-10-09T20:45:52.4397798Z ##[end-action id=__dtolnay_rust-toolchain.__run;outcome=success;conclusion=success;duration_ms=16]
2026-10-09T20:45:52.4400549Z ##[start-action display=Install rustup if needed;id=__dtolnay_rust-toolchain.__run_2]
2026-10-09T20:45:52.4432135Z ##[group]Run if ! command -v rustup &>/dev/null; then
2026-10-09T20:45:52.4432520Z [36;1mif ! command -v rustup &>/dev/null; then[0m
2026-10-09T20:45:52.4433247Z [36;1m  curl --proto '=https' --tlsv1.2 --retry 10 --retry-connrefused --location --silent --show-error --fail https://sh.rustup.rs | sh -s -- --default-toolchain none -y[0m
2026-10-09T20:45:52.4433959Z [36;1m  echo "$CARGO_HOME/bin" >> $GITHUB_PATH[0m
2026-10-09T20:45:52.4434402Z [36;1mfi[0m
2026-10-09T20:45:52.4461736Z shell: /usr/bin/bash --noprofile --norc -e -o pipefail {0}
2026-10-09T20:45:52.4462157Z env:
2026-10-09T20:45:52.4462425Z   CARGO_TERM_COLOR: always
2026-10-09T20:45:52.4462728Z   RUST_BACKTRACE: 1
2026-10-09T20:45:52.4463005Z   CARGO_HOME: /home/runner/.cargo
2026-10-09T20:45:52.4463285Z ##[endgroup]
2026-10-09T20:45:52.4513400Z ##[end-action id=__dtolnay_rust-toolchain.__run_2;outcome=success;conclusion=success;duration_ms=11]
2026-10-09T20:45:52.4515705Z ##[start-action display=Install rustup if needed on windows;id=__dtolnay_rust-toolchain.__run_3]
2026-10-09T20:45:52.4522486Z ##[end-action id=__dtolnay_rust-toolchain.__run_3;outcome=skipped;conclusion=skipped;duration_ms=0]
2026-10-09T20:45:52.4534771Z ##[start-action display=rustup toolchain install stable;id=__dtolnay_rust-toolchain.__run_4]
2026-10-09T20:45:52.4559663Z ##[group]Run set -f  # split targets and components on commas and whitespace, without glob expansion
2026-10-09T20:45:52.4560310Z [36;1mset -f  # split targets and components on commas and whitespace, without glob expansion[0m
2026-10-09T20:45:52.4560746Z [36;1mflags=()[0m
2026-10-09T20:45:52.4561113Z [36;1mfor t in ${targets//,/ }; do flags+=(--target "$t"); done[0m
2026-10-09T20:45:52.4561531Z [36;1mfor c in ${components//,/ }; do flags+=(--component "$c"); done[0m
2026-10-09T20:45:52.4562010Z [36;1mif [[ $toolchain == nightly && -n $components ]]; then flags+=(--allow-downgrade); fi[0m
2026-10-09T20:45:52.4562443Z [36;1mlog=$(mktemp)[0m
2026-10-09T20:45:52.4562752Z [36;1mtrap 'rm -f "$log"' EXIT[0m
2026-10-09T20:45:52.4563041Z [36;1mfor attempt in 1 2 3 4 5; do[0m
2026-10-09T20:45:52.4563597Z [36;1m  if rustup toolchain install "$toolchain" "${flags[@]}" --profile minimal --no-self-update --force-non-host 2>&1 | tee "$log"; then[0m
2026-10-09T20:45:52.4564142Z [36;1m    break[0m
2026-10-09T20:45:52.4564410Z [36;1m  else[0m
2026-10-09T20:45:52.4564679Z [36;1m    status=$?[0m
2026-10-09T20:45:52.4564930Z [36;1m  fi[0m
2026-10-09T20:45:52.4565278Z [36;1m  if [[ $attempt == 5 ]] || ! grep -Fq 'checksum failed for ' "$log" \[0m
2026-10-09T20:45:52.4565800Z [36;1m      || ! grep -Fq 'this is likely due to an ongoing update of the official release server' "$log"; then[0m
2026-10-09T20:45:52.4566252Z [36;1m    exit "$status"[0m
2026-10-09T20:45:52.4566560Z [36;1m  fi[0m
2026-10-09T20:45:52.4566950Z [36;1m  echo "Retrying rustup toolchain install in 30 seconds (retry $attempt of 4)" >&2[0m
2026-10-09T20:45:52.4567383Z [36;1m  sleep 30[0m
2026-10-09T20:45:52.4567717Z [36;1mdone[0m
2026-10-09T20:45:52.4593314Z shell: /usr/bin/bash --noprofile --norc -e -o pipefail {0}
2026-10-09T20:45:52.4593684Z env:
2026-10-09T20:45:52.4594018Z   CARGO_TERM_COLOR: always
2026-10-09T20:45:52.4594309Z   RUST_BACKTRACE: 1
2026-10-09T20:45:52.4594600Z   CARGO_HOME: /home/runner/.cargo
2026-10-09T20:45:52.4594924Z   toolchain: stable
2026-10-09T20:45:52.4595183Z   targets: 
2026-10-09T20:45:52.4595454Z   components: 
2026-10-09T20:45:52.4595731Z   RUSTUP_PERMIT_COPY_RENAME: 1
2026-10-09T20:45:52.4596049Z ##[endgroup]
2026-10-09T20:45:52.8105635Z info: syncing channel updates for stable-x86_64-unknown-linux-gnu
2026-10-09T20:45:53.0409802Z 
2026-10-09T20:45:53.0484484Z   stable-x86_64-unknown-linux-gnu unchanged - rustc 1.99.0 (b940084d7 2026-09-28)
2026-10-09T20:45:53.0485418Z 
2026-10-09T20:45:53.0523480Z ##[end-action id=__dtolnay_rust-toolchain.__run_4;outcome=success;conclusion=success;duration_ms=598]
2026-10-09T20:45:53.0532469Z ##[start-action display=rustup default stable;id=__dtolnay_rust-toolchain.__run_5]
2026-10-09T20:45:53.0561962Z ##[group]Run rustup default "$toolchain" --force-non-host
2026-10-09T20:45:53.0562574Z [36;1mrustup default "$toolchain" --force-non-host[0m
2026-10-09T20:45:53.0599707Z shell: /usr/bin/bash --noprofile --norc -e -o pipefail {0}
2026-10-09T20:45:53.0600155Z env:
2026-10-09T20:45:53.0600454Z   CARGO_TERM_COLOR: always
2026-10-09T20:45:53.0600737Z   RUST_BACKTRACE: 1
2026-10-09T20:45:53.0601189Z   CARGO_HOME: /home/runner/.cargo
2026-10-09T20:45:53.0601482Z   toolchain: stable
2026-10-09T20:45:53.0601758Z ##[endgroup]
2026-10-09T20:45:53.0688787Z info: using existing install for stable-x86_64-unknown-linux-gnu
2026-10-09T20:45:53.0699605Z info: default toolchain set to stable-x86_64-unknown-linux-gnu
2026-10-09T20:45:53.0699892Z 
2026-10-09T20:45:53.0766824Z   stable-x86_64-unknown-linux-gnu unchanged - rustc 1.99.0 (b940084d7 2026-09-28)
2026-10-09T20:45:53.0767205Z 
2026-10-09T20:45:53.0826068Z ##[end-action id=__dtolnay_rust-toolchain.__run_5;outcome=success;conclusion=success;duration_ms=29]
2026-10-09T20:45:53.0829787Z ##[start-action display=Create cachekey;id=__dtolnay_rust-toolchain.rustc-version]
2026-10-09T20:45:53.0848867Z ##[group]Run DATE=$(rustc +"$toolchain" --version --verbose | sed -ne 's/^commit-date: \(20[0-9][0-9]\)-\([01][0-9]\)-\([0-3][0-9]\)$/\1\2\3/p')
2026-10-09T20:45:53.0849668Z [36;1mDATE=$(rustc +"$toolchain" --version --verbose | sed -ne 's/^commit-date: \(20[0-9][0-9]\)-\([01][0-9]\)-\([0-3][0-9]\)$/\1\2\3/p')[0m
2026-10-09T20:45:53.0850258Z [36;1mHASH=$(rustc +"$toolchain" --version --verbose | sed -ne 's/^commit-hash: //p')[0m
2026-10-09T20:45:53.0850744Z [36;1mecho "cachekey=$(echo $DATE$HASH | head -c12)" >> $GITHUB_OUTPUT[0m
2026-10-09T20:45:53.0881019Z shell: /usr/bin/bash --noprofile --norc -e -o pipefail {0}
2026-10-09T20:45:53.0881460Z env:
2026-10-09T20:45:53.0881719Z   CARGO_TERM_COLOR: always
2026-10-09T20:45:53.0881989Z   RUST_BACKTRACE: 1
2026-10-09T20:45:53.0882293Z   CARGO_HOME: /home/runner/.cargo
2026-10-09T20:45:53.0882595Z   toolchain: stable
2026-10-09T20:45:53.0882911Z ##[endgroup]
2026-10-09T20:45:53.1379612Z ##[end-action id=__dtolnay_rust-toolchain.rustc-version;outcome=success;conclusion=success;duration_ms=54]
2026-10-09T20:45:53.1381961Z ##[start-action display=Disable incremental compilation;id=__dtolnay_rust-toolchain.__run_6]
2026-10-09T20:45:53.1400856Z ##[group]Run if [ -z "${CARGO_INCREMENTAL+set}" ]; then
2026-10-09T20:45:53.1401253Z [36;1mif [ -z "${CARGO_INCREMENTAL+set}" ]; then[0m
2026-10-09T20:45:53.1401665Z [36;1m  echo CARGO_INCREMENTAL=0 >> $GITHUB_ENV[0m
2026-10-09T20:45:53.1401998Z [36;1mfi[0m
2026-10-09T20:45:53.1430477Z shell: /usr/bin/bash --noprofile --norc -e -o pipefail {0}
2026-10-09T20:45:53.1430884Z env:
2026-10-09T20:45:53.1431157Z   CARGO_TERM_COLOR: always
2026-10-09T20:45:53.1431469Z   RUST_BACKTRACE: 1
2026-10-09T20:45:53.1431769Z   CARGO_HOME: /home/runner/.cargo
2026-10-09T20:45:53.1432061Z ##[endgroup]
2026-10-09T20:45:53.1482392Z ##[end-action id=__dtolnay_rust-toolchain.__run_6;outcome=success;conclusion=success;duration_ms=9]
2026-10-09T20:45:53.1484800Z ##[start-action display=Enable colors in Cargo output;id=__dtolnay_rust-toolchain.__run_7]
2026-10-09T20:45:53.1503779Z ##[group]Run if [ -z "${CARGO_TERM_COLOR+set}" ]; then
2026-10-09T20:45:53.1504211Z [36;1mif [ -z "${CARGO_TERM_COLOR+set}" ]; then[0m
2026-10-09T20:45:53.1504566Z [36;1m  echo CARGO_TERM_COLOR=always >> $GITHUB_ENV[0m
2026-10-09T20:45:53.1504917Z [36;1mfi[0m
2026-10-09T20:45:53.1530572Z shell: /usr/bin/bash --noprofile --norc -e -o pipefail {0}
2026-10-09T20:45:53.1531004Z env:
2026-10-09T20:45:53.1531266Z   CARGO_TERM_COLOR: always
2026-10-09T20:45:53.1531580Z   RUST_BACKTRACE: 1
2026-10-09T20:45:53.1531865Z   CARGO_HOME: /home/runner/.cargo
2026-10-09T20:45:53.1532159Z   CARGO_INCREMENTAL: 0
2026-10-09T20:45:53.1532438Z ##[endgroup]
2026-10-09T20:45:53.1593847Z ##[end-action id=__dtolnay_rust-toolchain.__run_7;outcome=success;conclusion=success;duration_ms=10]
2026-10-09T20:45:53.1597216Z ##[start-action display=Enable Cargo sparse registry;id=__dtolnay_rust-toolchain.__run_8]
2026-10-09T20:45:53.1618497Z ##[group]Run # implemented in 1.66, stabilized in 1.68, made default in 1.70
2026-10-09T20:45:53.1619079Z [36;1m# implemented in 1.66, stabilized in 1.68, made default in 1.70[0m
2026-10-09T20:45:53.1619813Z [36;1mif [ -z "${CARGO_REGISTRIES_CRATES_IO_PROTOCOL+set}" -o -f "/home/runner/work/_temp"/.implicit_cargo_registries_crates_io_protocol ]; then[0m
2026-10-09T20:45:53.1620479Z [36;1m  if rustc +"$toolchain" --version --verbose | grep -q '^release: 1\.6[89]\.'; then[0m
2026-10-09T20:45:53.1621016Z [36;1m    touch "/home/runner/work/_temp"/.implicit_cargo_registries_crates_io_protocol || true[0m
2026-10-09T20:45:53.1621532Z [36;1m    echo CARGO_REGISTRIES_CRATES_IO_PROTOCOL=sparse >> $GITHUB_ENV[0m
2026-10-09T20:45:53.1622073Z [36;1m  elif rustc +"$toolchain" --version --verbose | grep -q '^release: 1\.6[67]\.'; then[0m
2026-10-09T20:45:53.1622613Z [36;1m    touch "/home/runner/work/_temp"/.implicit_cargo_registries_crates_io_protocol || true[0m
2026-10-09T20:45:53.1623106Z [36;1m    echo CARGO_REGISTRIES_CRATES_IO_PROTOCOL=git >> $GITHUB_ENV[0m
2026-10-09T20:45:53.1623456Z [36;1m  fi[0m
2026-10-09T20:45:53.1623705Z [36;1mfi[0m
2026-10-09T20:45:53.1649113Z shell: /usr/bin/bash --noprofile --norc -e -o pipefail {0}
2026-10-09T20:45:53.1649528Z env:
2026-10-09T20:45:53.1649791Z   CARGO_TERM_COLOR: always
2026-10-09T20:45:53.1650103Z   RUST_BACKTRACE: 1
2026-10-09T20:45:53.1650442Z   CARGO_HOME: /home/runner/.cargo
2026-10-09T20:45:53.1650741Z   CARGO_INCREMENTAL: 0
2026-10-09T20:45:53.1651020Z   toolchain: stable
2026-10-09T20:45:53.1651273Z ##[endgroup]
2026-10-09T20:45:53.1905440Z ##[end-action id=__dtolnay_rust-toolchain.__run_8;outcome=success;conclusion=success;duration_ms=30]
2026-10-09T20:45:53.1909516Z ##[start-action display=Work around spurious network errors in curl 8.0;id=__dtolnay_rust-toolchain.__run_9]
2026-10-09T20:45:53.1931033Z ##[group]Run # https://rust-lang.zulipchat.com/#narrow/stream/246057-t-cargo/topic/timeout.20investigation
2026-10-09T20:45:53.1931826Z [36;1m# https://rust-lang.zulipchat.com/#narrow/stream/246057-t-cargo/topic/timeout.20investigation[0m
2026-10-09T20:45:53.1932511Z [36;1mif rustc +"$toolchain" --version --verbose | grep -q '^release: 1\.7[01]\.'; then[0m
2026-10-09T20:45:53.1933076Z [36;1m  echo CARGO_HTTP_MULTIPLEXING=false >> $GITHUB_ENV[0m
2026-10-09T20:45:53.1933460Z [36;1mfi[0m
2026-10-09T20:45:53.1963545Z shell: /usr/bin/bash --noprofile --norc -e -o pipefail {0}
2026-10-09T20:45:53.1964001Z env:
2026-10-09T20:45:53.1964311Z   CARGO_TERM_COLOR: always
2026-10-09T20:45:53.1964613Z   RUST_BACKTRACE: 1
2026-10-09T20:45:53.1964977Z   CARGO_HOME: /home/runner/.cargo
2026-10-09T20:45:53.1965308Z   CARGO_INCREMENTAL: 0
2026-10-09T20:45:53.1965613Z   toolchain: stable
2026-10-09T20:45:53.1965921Z ##[endgroup]
2026-10-09T20:45:53.2118827Z ##[end-action id=__dtolnay_rust-toolchain.__run_9;outcome=success;conclusion=success;duration_ms=20]
2026-10-09T20:45:53.2122875Z ##[start-action display=rustc +stable --version --verbose;id=__dtolnay_rust-toolchain.__run_10]
2026-10-09T20:45:53.2140993Z ##[group]Run rustc +"$toolchain" --version --verbose
2026-10-09T20:45:53.2141404Z [36;1mrustc +"$toolchain" --version --verbose[0m
2026-10-09T20:45:53.2166157Z shell: /usr/bin/bash --noprofile --norc -e -o pipefail {0}
2026-10-09T20:45:53.2166605Z env:
2026-10-09T20:45:53.2166877Z   CARGO_TERM_COLOR: always
2026-10-09T20:45:53.2167164Z   RUST_BACKTRACE: 1
2026-10-09T20:45:53.2167445Z   CARGO_HOME: /home/runner/.cargo
2026-10-09T20:45:53.2167760Z   CARGO_INCREMENTAL: 0
2026-10-09T20:45:53.2168034Z   toolchain: stable
2026-10-09T20:45:53.2168424Z ##[endgroup]
2026-10-09T20:45:53.2296724Z rustc 1.99.0 (b940084d7 2026-09-28)
2026-10-09T20:45:53.2297395Z binary: rustc
2026-10-09T20:45:53.2298338Z commit-hash: b940084d7eb6a299eb4bfeb8e34901bc051e7ac4
2026-10-09T20:45:53.2299192Z commit-date: 2026-09-28
2026-10-09T20:45:53.2299724Z host: x86_64-unknown-linux-gnu
2026-10-09T20:45:53.2300312Z release: 1.99.0
2026-10-09T20:45:53.2300824Z LLVM version: 23.1.1
2026-10-09T20:45:53.2313359Z ##[end-action id=__dtolnay_rust-toolchain.__run_10;outcome=success;conclusion=success;duration_ms=18]
2026-10-09T20:45:53.2413229Z ##[group]Run Swatinem/rust-cache@v2
2026-10-09T20:45:53.2413530Z with:
2026-10-09T20:45:53.2413813Z   prefix-key: v0-rust
2026-10-09T20:45:53.2414078Z   add-job-id-key: true
2026-10-09T20:45:53.2414414Z   add-rust-environment-hash-key: true
2026-10-09T20:45:53.2414756Z   cache-targets: true
2026-10-09T20:45:53.2415009Z   cache-all-crates: false
2026-10-09T20:45:53.2415283Z   cache-workspace-crates: false
2026-10-09T20:45:53.2415574Z   save-if: true
2026-10-09T20:45:53.2415823Z   cache-provider: github
2026-10-09T20:45:53.2416098Z   cache-bin: true
2026-10-09T20:45:53.2416357Z   lookup-only: false
2026-10-09T20:45:53.2416604Z   cmd-format: {0}
2026-10-09T20:45:53.2416844Z env:
2026-10-09T20:45:53.2417073Z   CARGO_TERM_COLOR: always
2026-10-09T20:45:53.2417378Z   RUST_BACKTRACE: 1
2026-10-09T20:45:53.2417637Z   CARGO_HOME: /home/runner/.cargo
2026-10-09T20:45:53.2417910Z   CARGO_INCREMENTAL: 0
2026-10-09T20:45:53.2418371Z ##[endgroup]
2026-10-09T20:45:54.3637749Z ##[group]Cache Configuration
2026-10-09T20:45:54.3638490Z Cache Provider:
2026-10-09T20:45:54.3638832Z     github
2026-10-09T20:45:54.3639214Z Workspaces:
2026-10-09T20:45:54.3639550Z     /home/runner/work/rustwright/rustwright
2026-10-09T20:45:54.3640108Z Cache Paths:
2026-10-09T20:45:54.3640459Z     /home/runner/.cargo/bin
2026-10-09T20:45:54.3640863Z     /home/runner/.cargo/.crates.toml
2026-10-09T20:45:54.3641348Z     /home/runner/.cargo/.crates2.json
2026-10-09T20:45:54.3641777Z     /home/runner/.cargo/registry
2026-10-09T20:45:54.3642201Z     /home/runner/.cargo/git
2026-10-09T20:45:54.3642652Z     /home/runner/work/rustwright/rustwright/target
2026-10-09T20:45:54.3643103Z Restore Key:
2026-10-09T20:45:54.3643524Z     v0-rust-headed-versions-sites-Linux-x64-2c4d122c
2026-10-09T20:45:54.3644074Z Cache Key:
2026-10-09T20:45:54.3644607Z     v0-rust-headed-versions-sites-Linux-x64-2c4d122c-5e13362d
2026-10-09T20:45:54.3645135Z .. Prefix:
2026-10-09T20:45:54.3645516Z   - v0-rust-headed-versions-sites-Linux-x64
2026-10-09T20:45:54.3646017Z .. Environment considered:
2026-10-09T20:45:54.3646380Z   - Rust Versions:
2026-10-09T20:45:54.3646881Z     - 1.99.0 x86_64-unknown-linux-gnu b940084d7eb6a299eb4bfeb8e34901bc051e7ac4
2026-10-09T20:45:54.3647511Z   - CARGO_HOME
2026-10-09T20:45:54.3647849Z   - CARGO_INCREMENTAL
2026-10-09T20:45:54.3648472Z   - CARGO_TERM_COLOR
2026-10-09T20:45:54.3648895Z   - RUST_BACKTRACE
2026-10-09T20:45:54.3649306Z .. Lockfiles considered:
2026-10-09T20:45:54.3649787Z   - /home/runner/work/rustwright/rustwright/Cargo.lock
2026-10-09T20:45:54.3650378Z   - /home/runner/work/rustwright/rustwright/crates/rustwright-bidi/Cargo.toml
2026-10-09T20:45:54.3651077Z   - /home/runner/work/rustwright/rustwright/crates/rustwright-browser/Cargo.toml
2026-10-09T20:45:54.3652162Z   - /home/runner/work/rustwright/rustwright/crates/rustwright-cdp/Cargo.toml
2026-10-09T20:45:54.3652881Z   - /home/runner/work/rustwright/rustwright/crates/rustwright-common/Cargo.toml
2026-10-09T20:45:54.3653738Z   - /home/runner/work/rustwright/rustwright/crates/rustwright-core/Cargo.toml
2026-10-09T20:45:54.3654732Z   - /home/runner/work/rustwright/rustwright/crates/rustwright-test-macros/Cargo.toml
2026-10-09T20:45:54.3655548Z   - /home/runner/work/rustwright/rustwright/crates/rustwright-test/Cargo.toml
2026-10-09T20:45:54.3656197Z   - /home/runner/work/rustwright/rustwright/crates/rustwright/Cargo.toml
2026-10-09T20:45:54.3657192Z   - /home/runner/work/rustwright/rustwright/docs/ci/results/firefox-network-idle/local/release/consumer/.cargo/config.toml
2026-10-09T20:45:54.3657931Z   - /home/runner/work/rustwright/rustwright/docs/ci/results/remote-20261009/followup-local/consumer/.cargo/config.toml
2026-10-09T20:45:54.3658938Z   - /home/runner/work/rustwright/rustwright/docs/ci/results/required-browser/release/consumer/.cargo/config.toml
2026-10-09T20:45:54.3659637Z   - /home/runner/work/rustwright/rustwright/docs/release/results/local-package/consumer/.cargo/config.toml
2026-10-09T20:45:54.3660424Z   - /home/runner/work/rustwright/rustwright/examples/Cargo.toml
2026-10-09T20:45:54.3660835Z   - /home/runner/work/rustwright/rustwright/tests/Cargo.toml
2026-10-09T20:45:54.3661452Z ##[endgroup]
2026-10-09T20:45:54.3661609Z 
2026-10-09T20:45:54.3661744Z ... Restoring cache ...
2026-10-09T20:45:54.5690246Z No cache found.
2026-10-09T20:45:54.5790406Z ##[group]Run actions/setup-python@v6
2026-10-09T20:45:54.5790712Z with:
2026-10-09T20:45:54.5790995Z   python-version: 3.11
2026-10-09T20:45:54.5791265Z   check-latest: false
2026-10-09T20:45:54.5793500Z   token: ***
2026-10-09T20:45:54.5793785Z   update-environment: true
2026-10-09T20:45:54.5794051Z   allow-prereleases: false
2026-10-09T20:45:54.5794356Z   freethreaded: false
2026-10-09T20:45:54.5794619Z env:
2026-10-09T20:45:54.5794864Z   CARGO_TERM_COLOR: always
2026-10-09T20:45:54.5795179Z   RUST_BACKTRACE: 1
2026-10-09T20:45:54.5795447Z   CARGO_HOME: /home/runner/.cargo
2026-10-09T20:45:54.5795749Z   CARGO_INCREMENTAL: 0
2026-10-09T20:45:54.5796030Z   CACHE_ON_FAILURE: false
2026-10-09T20:45:54.5796322Z ##[endgroup]
2026-10-09T20:45:54.6885694Z ##[group]Installed versions
2026-10-09T20:45:54.7386998Z Successfully set up CPython (3.11.17)
2026-10-09T20:45:54.7387777Z ##[endgroup]
2026-10-09T20:45:54.7475479Z ##[group]Run sudo apt-get update
2026-10-09T20:45:54.7475998Z [36;1msudo apt-get update[0m
2026-10-09T20:45:54.7476492Z [36;1msudo apt-get install --yes xvfb xauth x11-utils[0m
2026-10-09T20:45:54.7477096Z [36;1mcommand -v Xvfb xvfb-run xauth xwininfo xprop[0m
2026-10-09T20:45:54.7635135Z shell: /usr/bin/bash -e {0}
2026-10-09T20:45:54.7635704Z env:
2026-10-09T20:45:54.7636084Z   CARGO_TERM_COLOR: always
2026-10-09T20:45:54.7636485Z   RUST_BACKTRACE: 1
2026-10-09T20:45:54.7636867Z   CARGO_HOME: /home/runner/.cargo
2026-10-09T20:45:54.7637277Z   CARGO_INCREMENTAL: 0
2026-10-09T20:45:54.7637687Z   CACHE_ON_FAILURE: false
2026-10-09T20:45:54.7638334Z   pythonLocation: /opt/hostedtoolcache/Python/3.11.17/x64
2026-10-09T20:45:54.7638967Z   PKG_CONFIG_PATH: /opt/hostedtoolcache/Python/3.11.17/x64/lib/pkgconfig
2026-10-09T20:45:54.7639585Z   Python_ROOT_DIR: /opt/hostedtoolcache/Python/3.11.17/x64
2026-10-09T20:45:54.7640220Z   Python2_ROOT_DIR: /opt/hostedtoolcache/Python/3.11.17/x64
2026-10-09T20:45:54.7640825Z   Python3_ROOT_DIR: /opt/hostedtoolcache/Python/3.11.17/x64
2026-10-09T20:45:54.7641511Z   LD_LIBRARY_PATH: /opt/hostedtoolcache/Python/3.11.17/x64/lib
2026-10-09T20:45:54.7641877Z ##[endgroup]
2026-10-09T20:45:54.9019527Z Get:1 file:/etc/apt/apt-mirrors.txt Mirrorlist [144 B]
2026-10-09T20:45:54.9315626Z Get:6 https://packages.microsoft.com/ubuntu/24.04/prod noble InRelease [3600 B]
2026-10-09T20:45:54.9527516Z Hit:2 http://azure.archive.ubuntu.com/ubuntu noble InRelease
2026-10-09T20:45:54.9567818Z Get:3 http://azure.archive.ubuntu.com/ubuntu noble-updates InRelease [126 kB]
2026-10-09T20:45:54.9658739Z Get:4 http://azure.archive.ubuntu.com/ubuntu noble-backports InRelease [126 kB]
2026-10-09T20:45:54.9714154Z Get:5 http://azure.archive.ubuntu.com/ubuntu noble-security InRelease [126 kB]
2026-10-09T20:45:55.0411779Z Get:7 https://packages.microsoft.com/ubuntu/24.04/prod noble/main amd64 Packages [531 kB]
2026-10-09T20:45:55.0610356Z Get:8 https://packages.microsoft.com/ubuntu/24.04/prod noble/main arm64 Packages [475 kB]
2026-10-09T20:45:55.0714244Z Get:9 https://packages.microsoft.com/ubuntu/24.04/prod noble/main armhf Packages [12.3 kB]
2026-10-09T20:45:55.0771462Z Get:10 https://packages.microsoft.com/ubuntu/24.04/prod noble/main all Packages [640 B]
2026-10-09T20:45:55.1327672Z Get:11 http://azure.archive.ubuntu.com/ubuntu noble-updates/main amd64 Packages [1375 kB]
2026-10-09T20:45:55.1395174Z Get:12 http://azure.archive.ubuntu.com/ubuntu noble-updates/main Translation-en [306 kB]
2026-10-09T20:45:55.1417081Z Get:13 http://azure.archive.ubuntu.com/ubuntu noble-updates/universe amd64 Packages [1702 kB]
2026-10-09T20:45:55.1495263Z Get:14 http://azure.archive.ubuntu.com/ubuntu noble-updates/universe Translation-en [342 kB]
2026-10-09T20:45:55.1517978Z Get:15 http://azure.archive.ubuntu.com/ubuntu noble-updates/restricted amd64 Packages [1761 kB]
2026-10-09T20:45:55.1609637Z Get:16 http://azure.archive.ubuntu.com/ubuntu noble-updates/restricted Translation-en [401 kB]
2026-10-09T20:45:55.1623653Z Get:17 http://azure.archive.ubuntu.com/ubuntu noble-updates/multiverse amd64 Packages [55.0 kB]
2026-10-09T20:45:55.1637186Z Get:18 http://azure.archive.ubuntu.com/ubuntu noble-updates/multiverse Translation-en [14.3 kB]
2026-10-09T20:45:55.2059182Z Get:19 http://azure.archive.ubuntu.com/ubuntu noble-security/main amd64 Packages [1121 kB]
2026-10-09T20:45:55.2111222Z Get:20 http://azure.archive.ubuntu.com/ubuntu noble-security/main Translation-en [228 kB]
2026-10-09T20:45:55.2554697Z Get:21 http://azure.archive.ubuntu.com/ubuntu noble-security/universe amd64 Packages [1220 kB]
2026-10-09T20:45:55.2607797Z Get:22 http://azure.archive.ubuntu.com/ubuntu noble-security/universe Translation-en [245 kB]
2026-10-09T20:45:55.2626491Z Get:23 http://azure.archive.ubuntu.com/ubuntu noble-security/restricted amd64 Packages [1669 kB]
2026-10-09T20:45:55.2690716Z Get:24 http://azure.archive.ubuntu.com/ubuntu noble-security/restricted Translation-en [383 kB]
2026-10-09T20:45:55.2715161Z Get:25 http://azure.archive.ubuntu.com/ubuntu noble-security/multiverse amd64 Packages [49.8 kB]
2026-10-09T20:45:55.2725687Z Get:26 http://azure.archive.ubuntu.com/ubuntu noble-security/multiverse Translation-en [12.4 kB]
2026-10-09T20:46:03.5595392Z Fetched 12.3 MB in 1s (10.1 MB/s)
2026-10-09T20:46:04.3075594Z Reading package lists...
2026-10-09T20:46:04.3365029Z Reading package lists...
2026-10-09T20:46:04.4826763Z Building dependency tree...
2026-10-09T20:46:04.4833043Z Reading state information...
2026-10-09T20:46:04.6281062Z xvfb is already the newest version (2:21.1.12-1ubuntu1.8).
2026-10-09T20:46:04.6282490Z xauth is already the newest version (1:1.1.2-1build1).
2026-10-09T20:46:04.6283218Z xauth set to manually installed.
2026-10-09T20:46:04.6283958Z The following additional packages will be installed:
2026-10-09T20:46:04.6284939Z   libxcb-shape0 libxv1 libxxf86dga1
2026-10-09T20:46:04.6288465Z Suggested packages:
2026-10-09T20:46:04.6289332Z   mesa-utils
2026-10-09T20:46:04.6289838Z Recommended packages:
2026-10-09T20:46:04.6290459Z   luit
2026-10-09T20:46:04.6621761Z The following NEW packages will be installed:
2026-10-09T20:46:04.6623534Z   libxcb-shape0 libxv1 libxxf86dga1 x11-utils
2026-10-09T20:46:04.6767705Z 0 upgraded, 4 newly installed, 0 to remove and 23 not upgraded.
2026-10-09T20:46:04.6768456Z Need to get 217 kB of archives.
2026-10-09T20:46:04.6769026Z After this operation, 779 kB of additional disk space will be used.
2026-10-09T20:46:04.6769796Z Get:1 file:/etc/apt/apt-mirrors.txt Mirrorlist [144 B]
2026-10-09T20:46:04.7794992Z Get:2 http://azure.archive.ubuntu.com/ubuntu noble/main amd64 libxcb-shape0 amd64 1.15-1ubuntu2 [6100 B]
2026-10-09T20:46:04.8456451Z Get:3 http://azure.archive.ubuntu.com/ubuntu noble/main amd64 libxv1 amd64 2:1.0.11-1.1build1 [10.7 kB]
2026-10-09T20:46:04.9120903Z Get:4 http://azure.archive.ubuntu.com/ubuntu noble/main amd64 libxxf86dga1 amd64 2:1.1.5-1build1 [11.6 kB]
2026-10-09T20:46:04.9790458Z Get:5 http://azure.archive.ubuntu.com/ubuntu noble/main amd64 x11-utils amd64 7.7+6build2 [189 kB]
2026-10-09T20:46:05.2830667Z Fetched 217 kB in 0s (565 kB/s)
2026-10-09T20:46:05.3204779Z Selecting previously unselected package libxcb-shape0:amd64.
2026-10-09T20:46:05.3715405Z (Reading database ... 
2026-10-09T20:46:05.3716175Z (Reading database ... 5%
2026-10-09T20:46:05.3716650Z (Reading database ... 10%
2026-10-09T20:46:05.3717940Z (Reading database ... 15%
2026-10-09T20:46:05.3718697Z (Reading database ... 20%
2026-10-09T20:46:05.3719084Z (Reading database ... 25%
2026-10-09T20:46:05.3719429Z (Reading database ... 30%
2026-10-09T20:46:05.3719828Z (Reading database ... 35%
2026-10-09T20:46:05.3720195Z (Reading database ... 40%
2026-10-09T20:46:05.3720537Z (Reading database ... 45%
2026-10-09T20:46:05.3720859Z (Reading database ... 50%
2026-10-09T20:46:05.4185783Z (Reading database ... 55%
2026-10-09T20:46:05.7906439Z (Reading database ... 60%
2026-10-09T20:46:06.0688708Z (Reading database ... 65%
2026-10-09T20:46:06.3606076Z (Reading database ... 70%
2026-10-09T20:46:06.7155809Z (Reading database ... 75%
2026-10-09T20:46:07.1109620Z (Reading database ... 80%
2026-10-09T20:46:07.8059933Z (Reading database ... 85%
2026-10-09T20:46:08.4754453Z (Reading database ... 90%
2026-10-09T20:46:09.2091528Z (Reading database ... 95%
2026-10-09T20:46:09.2091986Z (Reading database ... 100%
2026-10-09T20:46:09.2092697Z (Reading database ... 203191 files and directories currently installed.)
2026-10-09T20:46:09.2132396Z Preparing to unpack .../libxcb-shape0_1.15-1ubuntu2_amd64.deb ...
2026-10-09T20:46:09.2251980Z Unpacking libxcb-shape0:amd64 (1.15-1ubuntu2) ...
2026-10-09T20:46:09.2458345Z Selecting previously unselected package libxv1:amd64.
2026-10-09T20:46:09.2565839Z Preparing to unpack .../libxv1_2%3a1.0.11-1.1build1_amd64.deb ...
2026-10-09T20:46:09.2576303Z Unpacking libxv1:amd64 (2:1.0.11-1.1build1) ...
2026-10-09T20:46:09.2732358Z Selecting previously unselected package libxxf86dga1:amd64.
2026-10-09T20:46:09.2837346Z Preparing to unpack .../libxxf86dga1_2%3a1.1.5-1build1_amd64.deb ...
2026-10-09T20:46:09.2847255Z Unpacking libxxf86dga1:amd64 (2:1.1.5-1build1) ...
2026-10-09T20:46:09.3002707Z Selecting previously unselected package x11-utils.
2026-10-09T20:46:09.3099680Z Preparing to unpack .../x11-utils_7.7+6build2_amd64.deb ...
2026-10-09T20:46:09.3110149Z Unpacking x11-utils (7.7+6build2) ...
2026-10-09T20:46:09.3642388Z Setting up libxcb-shape0:amd64 (1.15-1ubuntu2) ...
2026-10-09T20:46:09.3666453Z Setting up libxxf86dga1:amd64 (2:1.1.5-1build1) ...
2026-10-09T20:46:09.3688234Z Setting up libxv1:amd64 (2:1.0.11-1.1build1) ...
2026-10-09T20:46:09.3708927Z Setting up x11-utils (7.7+6build2) ...
2026-10-09T20:46:09.3797674Z Processing triggers for man-db (2.12.0-4build2) ...
2026-10-09T20:46:09.3817807Z Not building database; man-db/auto-update is not 'true'.
2026-10-09T20:46:09.3831937Z Processing triggers for libc-bin (2.39-0ubuntu8.9) ...
2026-10-09T20:46:12.1378396Z 
2026-10-09T20:46:12.1379480Z Running kernel seems to be up-to-date.
2026-10-09T20:46:12.1379899Z 
2026-10-09T20:46:12.1380106Z No services need to be restarted.
2026-10-09T20:46:12.1380498Z 
2026-10-09T20:46:12.1380700Z No containers need to be restarted.
2026-10-09T20:46:12.1380944Z 
2026-10-09T20:46:12.1381193Z No user sessions are running outdated binaries.
2026-10-09T20:46:12.1381475Z 
2026-10-09T20:46:12.1381784Z No VM guests are running outdated hypervisor (qemu) binaries on this host.
2026-10-09T20:46:12.8636440Z /usr/bin/Xvfb
2026-10-09T20:46:12.8637057Z /usr/bin/xvfb-run
2026-10-09T20:46:12.8637371Z /usr/bin/xauth
2026-10-09T20:46:12.8637632Z /usr/bin/xwininfo
2026-10-09T20:46:12.8638359Z /usr/bin/xprop
2026-10-09T20:46:12.8701440Z ##[group]Run browser-actions/setup-chrome@v2
2026-10-09T20:46:12.8701768Z with:
2026-10-09T20:46:12.8702014Z   chrome-version: 155.0.8059.39
2026-10-09T20:46:12.8702367Z   install-dependencies: true
2026-10-09T20:46:12.8702654Z   install-chromedriver: false
2026-10-09T20:46:12.8702935Z   no-sudo: false
2026-10-09T20:46:12.8703193Z env:
2026-10-09T20:46:12.8703437Z   CARGO_TERM_COLOR: always
2026-10-09T20:46:12.8703776Z   RUST_BACKTRACE: 1
2026-10-09T20:46:12.8704041Z   CARGO_HOME: /home/runner/.cargo
2026-10-09T20:46:12.8704331Z   CARGO_INCREMENTAL: 0
2026-10-09T20:46:12.8704603Z   CACHE_ON_FAILURE: false
2026-10-09T20:46:12.8704928Z   pythonLocation: /opt/hostedtoolcache/Python/3.11.17/x64
2026-10-09T20:46:12.8705403Z   PKG_CONFIG_PATH: /opt/hostedtoolcache/Python/3.11.17/x64/lib/pkgconfig
2026-10-09T20:46:12.8705822Z   Python_ROOT_DIR: /opt/hostedtoolcache/Python/3.11.17/x64
2026-10-09T20:46:12.8706196Z   Python2_ROOT_DIR: /opt/hostedtoolcache/Python/3.11.17/x64
2026-10-09T20:46:12.8706737Z   Python3_ROOT_DIR: /opt/hostedtoolcache/Python/3.11.17/x64
2026-10-09T20:46:12.8707155Z   LD_LIBRARY_PATH: /opt/hostedtoolcache/Python/3.11.17/x64/lib
2026-10-09T20:46:12.8707540Z ##[endgroup]
2026-10-09T20:46:12.9284793Z Installing dependencies
2026-10-09T20:46:12.9329087Z [command]/usr/bin/sudo apt-get update
2026-10-09T20:46:12.9920730Z Get:1 file:/etc/apt/apt-mirrors.txt Mirrorlist [144 B]
2026-10-09T20:46:13.0424171Z Hit:6 https://packages.microsoft.com/ubuntu/24.04/prod noble InRelease
2026-10-09T20:46:13.0461558Z Hit:2 http://azure.archive.ubuntu.com/ubuntu noble InRelease
2026-10-09T20:46:13.0483274Z Hit:3 http://azure.archive.ubuntu.com/ubuntu noble-updates InRelease
2026-10-09T20:46:13.0504116Z Hit:4 http://azure.archive.ubuntu.com/ubuntu noble-backports InRelease
2026-10-09T20:46:13.0532310Z Hit:5 http://azure.archive.ubuntu.com/ubuntu noble-security InRelease
2026-10-09T20:46:14.0554069Z Reading package lists...
2026-10-09T20:46:14.0660947Z [command]/usr/bin/sudo apt-get install --yes --no-install-recommends libasound2t64 libatk-bridge2.0-0t64 libatk1.0-0t64 libcairo2 libcups2t64 libdbus-1-3 libexpat1 libgbm1 libglib2.0-0t64 libnss3 libpango-1.0-0 libxcomposite1 libxdamage1 libxfixes3 libxkbcommon0 libxrandr2
2026-10-09T20:46:14.0840629Z Reading package lists...
2026-10-09T20:46:14.2236804Z Building dependency tree...
2026-10-09T20:46:14.2241334Z Reading state information...
2026-10-09T20:46:14.3930045Z libasound2t64 is already the newest version (1.2.11-1ubuntu0.3).
2026-10-09T20:46:14.3930667Z libasound2t64 set to manually installed.
2026-10-09T20:46:14.3931268Z libatk-bridge2.0-0t64 is already the newest version (2.52.0-1build1).
2026-10-09T20:46:14.3931909Z libatk-bridge2.0-0t64 set to manually installed.
2026-10-09T20:46:14.3932431Z libatk1.0-0t64 is already the newest version (2.52.0-1build1).
2026-10-09T20:46:14.3932992Z libatk1.0-0t64 set to manually installed.
2026-10-09T20:46:14.3933481Z libcairo2 is already the newest version (1.18.0-3build1).
2026-10-09T20:46:14.3934097Z libcairo2 set to manually installed.
2026-10-09T20:46:14.3935079Z libcups2t64 is already the newest version (2.4.7-1.2ubuntu7.14).
2026-10-09T20:46:14.3935879Z libcups2t64 set to manually installed.
2026-10-09T20:46:14.3936685Z libdbus-1-3 is already the newest version (1.14.10-4ubuntu4.1).
2026-10-09T20:46:14.3937515Z libdbus-1-3 set to manually installed.
2026-10-09T20:46:14.3938407Z libexpat1 is already the newest version (2.6.1-2ubuntu0.6).
2026-10-09T20:46:14.3939130Z libexpat1 set to manually installed.
2026-10-09T20:46:14.3939793Z libgbm1 is already the newest version (25.2.8-0ubuntu0.24.04.4).
2026-10-09T20:46:14.3940537Z libgbm1 set to manually installed.
2026-10-09T20:46:14.3941209Z libglib2.0-0t64 is already the newest version (2.80.0-6ubuntu3.9).
2026-10-09T20:46:14.3941930Z libglib2.0-0t64 set to manually installed.
2026-10-09T20:46:14.3942653Z libnss3 is already the newest version (2:3.98-1ubuntu0.2).
2026-10-09T20:46:14.3943245Z libnss3 set to manually installed.
2026-10-09T20:46:14.3944256Z libpango-1.0-0 is already the newest version (1.52.1+ds-1build1).
2026-10-09T20:46:14.3944864Z libpango-1.0-0 set to manually installed.
2026-10-09T20:46:14.3945462Z libxcomposite1 is already the newest version (1:0.4.5-1build3).
2026-10-09T20:46:14.3945936Z libxcomposite1 set to manually installed.
2026-10-09T20:46:14.3946381Z libxdamage1 is already the newest version (1:1.1.6-1build1).
2026-10-09T20:46:14.3946792Z libxdamage1 set to manually installed.
2026-10-09T20:46:14.3947222Z libxfixes3 is already the newest version (1:6.0.0-2build1).
2026-10-09T20:46:14.3947636Z libxfixes3 set to manually installed.
2026-10-09T20:46:14.3948045Z libxkbcommon0 is already the newest version (1.6.0-1build1).
2026-10-09T20:46:14.3948817Z libxkbcommon0 set to manually installed.
2026-10-09T20:46:14.3949415Z libxrandr2 is already the newest version (2:1.5.2-2build1).
2026-10-09T20:46:14.3949947Z libxrandr2 set to manually installed.
2026-10-09T20:46:14.3950372Z 0 upgraded, 0 newly installed, 0 to remove and 23 not upgraded.
2026-10-09T20:46:14.3950818Z Setup chrome 155.0.8059.39
2026-10-09T20:46:14.3961363Z Attempting to download chrome 155.0.8059.39...
2026-10-09T20:46:14.7525686Z Acquiring chrome 155.0.8059.39 from https://storage.googleapis.com/chrome-for-testing-public/155.0.8059.39/linux64/chrome-linux64.zip
2026-10-09T20:46:15.4853544Z Installing chrome...
2026-10-09T20:46:15.4880352Z [command]/usr/bin/unzip -o -q /home/runner/work/_temp/a9f9e8b5-8859-4142-aeba-e02404d8c28d
2026-10-09T20:46:20.7061433Z Successfully Installed chrome to /opt/hostedtoolcache/setup-chrome/chrome/155.0.8059.39/x64
2026-10-09T20:46:20.7067895Z [command]/opt/hostedtoolcache/setup-chrome/chrome/155.0.8059.39/x64/chrome --version
2026-10-09T20:46:20.7366713Z Google Chrome for Testing 155.0.8059.39 
2026-10-09T20:46:20.7671949Z Successfully setup chrome 155.0.8059.39
2026-10-09T20:46:20.7776818Z ##[group]Run python scripts/ci/chrome_linux_sandbox.py --output target/ci/extended/sandbox-current
2026-10-09T20:46:20.7777457Z [36;1mpython scripts/ci/chrome_linux_sandbox.py --output target/ci/extended/sandbox-current[0m
2026-10-09T20:46:20.7813076Z shell: /usr/bin/bash -e {0}
2026-10-09T20:46:20.7813407Z env:
2026-10-09T20:46:20.7813729Z   CARGO_TERM_COLOR: always
2026-10-09T20:46:20.7814010Z   RUST_BACKTRACE: 1
2026-10-09T20:46:20.7814312Z   CARGO_HOME: /home/runner/.cargo
2026-10-09T20:46:20.7814621Z   CARGO_INCREMENTAL: 0
2026-10-09T20:46:20.7814891Z   CACHE_ON_FAILURE: false
2026-10-09T20:46:20.7815254Z   pythonLocation: /opt/hostedtoolcache/Python/3.11.17/x64
2026-10-09T20:46:20.7815694Z   PKG_CONFIG_PATH: /opt/hostedtoolcache/Python/3.11.17/x64/lib/pkgconfig
2026-10-09T20:46:20.7816169Z   Python_ROOT_DIR: /opt/hostedtoolcache/Python/3.11.17/x64
2026-10-09T20:46:20.7816572Z   Python2_ROOT_DIR: /opt/hostedtoolcache/Python/3.11.17/x64
2026-10-09T20:46:20.7817124Z   Python3_ROOT_DIR: /opt/hostedtoolcache/Python/3.11.17/x64
2026-10-09T20:46:20.7817521Z   LD_LIBRARY_PATH: /opt/hostedtoolcache/Python/3.11.17/x64/lib
2026-10-09T20:46:20.7817998Z   RUSTWRIGHT_CHROME: /opt/hostedtoolcache/setup-chrome/chrome/155.0.8059.39/x64/chrome
2026-10-09T20:46:20.7818694Z   CHROME_DEVEL_SANDBOX: 
2026-10-09T20:46:20.7818965Z ##[endgroup]
2026-10-09T20:46:22.7128558Z Chrome before: {"phase": "before", "command": ["/opt/hostedtoolcache/setup-chrome/chrome/155.0.8059.39/x64/chrome", "--no-first-run", "--no-default-browser-check", "--user-data-dir=/home/runner/work/rustwright/rustwright/target/ci/extended/sandbox-current/before-profile-6jxmrogw", "--headless=new", "--disable-gpu", "--hide-scrollbars", "--mute-audio", "--dump-dom", "http://127.0.0.1:41329/"], "exit_code": -6, "timed_out": false, "stdout": "/home/runner/work/rustwright/rustwright/target/ci/extended/sandbox-current/before-stdout.log", "stderr": "/home/runner/work/rustwright/rustwright/target/ci/extended/sandbox-current/before-stderr.log", "document_rendered": false, "passed": false}
2026-10-09T20:46:22.7133722Z [3013:3013:1009/204622.307645:FATAL:content/browser/zygote_host/zygote_host_impl_linux.cc:130] No usable sandbox! If you are running on Ubuntu 23.10+ or another Linux distro that has disabled unprivileged user namespaces with AppArmor, see https://chromium.googlesource.com/chromium/src/+/main/docs/security/apparmor-userns-restrictions.md. Otherwise see https://chromium.googlesource.com/chromium/src/+/main/docs/linux/suid_sandbox_development.md for more information on developing with the (older) SUID sandbox. If you want to live dangerously and need an immediate workaround, you can try using --no-sandbox.
2026-10-09T20:46:22.7136619Z Received signal 6
2026-10-09T20:46:22.7137237Z #0 0x55dc2fe17fc3 (/opt/hostedtoolcache/setup-chrome/chrome/155.0.8059.39/x64/chrome+0x6aecfc2)
2026-10-09T20:46:22.7138098Z #1 0x55dc34de6174 (/opt/hostedtoolcache/setup-chrome/chrome/155.0.8059.39/x64/chrome+0xbabb173)
2026-10-09T20:46:22.7139029Z #2 0x7f4a5ea45330 (/usr/lib/x86_64-linux-gnu/libc.so.6+0x4532f)
2026-10-09T20:46:22.7139632Z #3 0x7f4a5ea4527e (/usr/lib/x86_64-linux-gnu/libc.so.6+0x4527d)
2026-10-09T20:46:22.7140153Z #4 0x7f4a5ea288ff (/usr/lib/x86_64-linux-gnu/libc.so.6+0x288fe)
2026-10-09T20:46:22.7140789Z #5 0x55dc34ddced5 (/opt/hostedtoolcache/setup-chrome/chrome/155.0.8059.39/x64/chrome+0xbab1ed4)
2026-10-09T20:46:22.7141607Z #6 0x55dc34d9cb8d (/opt/hostedtoolcache/setup-chrome/chrome/155.0.8059.39/x64/chrome+0xba71b8c)
2026-10-09T20:46:22.7142541Z #7 0x55dc34d9cadd (/opt/hostedtoolcache/setup-chrome/chrome/155.0.8059.39/x64/chrome+0xba71adc)
2026-10-09T20:46:22.7143335Z #8 0x55dc2fae1c12 (/opt/hostedtoolcache/setup-chrome/chrome/155.0.8059.39/x64/chrome+0x67b6c11)
2026-10-09T20:46:22.7144025Z #9 0x55dc2f208829 (/opt/hostedtoolcache/setup-chrome/chrome/155.0.8059.39/x64/chrome+0x5edd828)
2026-10-09T20:46:22.7144596Z #10 0x55dc2ed40f58 (/opt/hostedtoolcache/setup-chrome/chrome/155.0.8059.39/x64/chrome+0x5a15f57)
2026-10-09T20:46:22.7145398Z #11 0x55dc342af74f (/opt/hostedtoolcache/setup-chrome/chrome/155.0.8059.39/x64/chrome+0xaf8474e)
2026-10-09T20:46:22.7145989Z #12 0x55dc2f25190c (/opt/hostedtoolcache/setup-chrome/chrome/155.0.8059.39/x64/chrome+0x5f2690b)
2026-10-09T20:46:22.7146569Z #13 0x55dc2f251060 (/opt/hostedtoolcache/setup-chrome/chrome/155.0.8059.39/x64/chrome+0x5f2605f)
2026-10-09T20:46:22.7147049Z #14 0x7f4a5ea2a1ca (/usr/lib/x86_64-linux-gnu/libc.so.6+0x2a1c9)
2026-10-09T20:46:22.7147594Z #15 0x7f4a5ea2a28b (/usr/lib/x86_64-linux-gnu/libc.so.6+0x2a28a)
2026-10-09T20:46:22.7148094Z #16 0x55dc300d136a (/opt/hostedtoolcache/setup-chrome/chrome/155.0.8059.39/x64/chrome+0x6da6369)
2026-10-09T20:46:22.7148940Z   r8: 00003208000a8263  r9: 0000000000000001 r10: 0000000000000008 r11: 0000000000000246
2026-10-09T20:46:22.7149422Z  r12: 0000000000000006 r13: 00003208000a8000 r14: 0000000000000016 r15: 00007ffdb1d58ba8
2026-10-09T20:46:22.7149940Z   di: 0000000000000bc5  si: 0000000000000bc5  bp: 00007ffdb1d58520  bx: 0000000000000bc5
2026-10-09T20:46:22.7150430Z   dx: 0000000000000006  ax: 0000000000000000  cx: 00007f4a5ea9ec0c  sp: 00007ffdb1d584e0
2026-10-09T20:46:22.7150904Z   ip: 00007f4a5ea9ec0c efl: 0000000000000246 cgf: 002b000000000033 erf: 0000000000000000
2026-10-09T20:46:22.7151382Z  trp: 0000000000000000 msk: 0000000000000000 cr2: 0000000000000000
2026-10-09T20:46:22.7151725Z [end of stack trace]
2026-10-09T20:46:22.7151893Z 
2026-10-09T20:46:24.7062923Z Chrome after-configuration: {"phase": "after-configuration", "command": ["/opt/hostedtoolcache/setup-chrome/chrome/155.0.8059.39/x64/chrome", "--no-first-run", "--no-default-browser-check", "--user-data-dir=/home/runner/work/rustwright/rustwright/target/ci/extended/sandbox-current/after-configuration-profile-lzdyo_xl", "--headless=new", "--disable-gpu", "--hide-scrollbars", "--mute-audio", "--dump-dom", "http://127.0.0.1:36283/"], "exit_code": 0, "timed_out": false, "stdout": "/home/runner/work/rustwright/rustwright/target/ci/extended/sandbox-current/after-configuration-stdout.log", "stderr": "/home/runner/work/rustwright/rustwright/target/ci/extended/sandbox-current/after-configuration-stderr.log", "document_rendered": true, "passed": true}
2026-10-09T20:46:24.7067195Z [3055:3076:1009/204623.853571:ERROR:dbus/bus.cc:405] Failed to connect to the bus: Could not parse server address: Unknown address type (examples of valid types are "tcp" and on UNIX "unix")
2026-10-09T20:46:24.7068537Z [3055:3076:1009/204623.854257:ERROR:dbus/bus.cc:405] Failed to connect to the bus: Could not parse server address: Unknown address type (examples of valid types are "tcp" and on UNIX "unix")
2026-10-09T20:46:24.7069545Z [3055:3076:1009/204623.854281:ERROR:dbus/bus.cc:405] Failed to connect to the bus: Could not parse server address: Unknown address type (examples of valid types are "tcp" and on UNIX "unix")
2026-10-09T20:46:24.7070683Z [3055:3076:1009/204623.856218:ERROR:dbus/bus.cc:405] Failed to connect to the bus: Could not parse server address: Unknown address type (examples of valid types are "tcp" and on UNIX "unix")
2026-10-09T20:46:24.7071671Z [3055:3076:1009/204623.876650:ERROR:dbus/bus.cc:405] Failed to connect to the bus: Could not parse server address: Unknown address type (examples of valid types are "tcp" and on UNIX "unix")
2026-10-09T20:46:24.7072623Z [3055:3055:1009/204623.977465:ERROR:dbus/object_proxy.cc:572] Failed to call method: org.freedesktop.DBus.NameHasOwner: object_path= /org/freedesktop/DBus: unknown error type: 
2026-10-09T20:46:24.7073576Z [3055:3055:1009/204623.977593:ERROR:dbus/object_proxy.cc:572] Failed to call method: org.freedesktop.DBus.NameHasOwner: object_path= /org/freedesktop/DBus: unknown error type: 
2026-10-09T20:46:24.7074576Z [3055:3076:1009/204623.977596:ERROR:dbus/bus.cc:405] Failed to connect to the bus: Could not parse server address: Unknown address type (examples of valid types are "tcp" and on UNIX "unix")
2026-10-09T20:46:24.7075683Z [3055:3076:1009/204623.977653:ERROR:dbus/bus.cc:405] Failed to connect to the bus: Could not parse server address: Unknown address type (examples of valid types are "tcp" and on UNIX "unix")
2026-10-09T20:46:24.7076650Z [3055:3055:1009/204623.977740:ERROR:dbus/object_proxy.cc:572] Failed to call method: org.freedesktop.DBus.NameHasOwner: object_path= /org/freedesktop/DBus: unknown error type: 
2026-10-09T20:46:24.7077592Z [3055:3055:1009/204623.995168:ERROR:dbus/object_proxy.cc:572] Failed to call method: org.freedesktop.DBus.NameHasOwner: object_path= /org/freedesktop/DBus: unknown error type: 
2026-10-09T20:46:24.7078962Z [3055:3076:1009/204623.995259:ERROR:dbus/bus.cc:405] Failed to connect to the bus: Could not parse server address: Unknown address type (examples of valid types are "tcp" and on UNIX "unix")
2026-10-09T20:46:24.7079948Z [3055:3055:1009/204624.011656:ERROR:dbus/object_proxy.cc:572] Failed to call method: org.freedesktop.DBus.NameHasOwner: object_path= /org/freedesktop/DBus: unknown error type: 
2026-10-09T20:46:24.7080886Z [3055:3055:1009/204624.012910:ERROR:dbus/object_proxy.cc:572] Failed to call method: org.freedesktop.DBus.NameHasOwner: object_path= /org/freedesktop/DBus: unknown error type: 
2026-10-09T20:46:24.7081828Z [3055:3076:1009/204624.013064:ERROR:dbus/bus.cc:405] Failed to connect to the bus: Could not parse server address: Unknown address type (examples of valid types are "tcp" and on UNIX "unix")
2026-10-09T20:46:24.7082773Z [3055:3055:1009/204624.015470:ERROR:dbus/object_proxy.cc:572] Failed to call method: org.freedesktop.DBus.NameHasOwner: object_path= /org/freedesktop/DBus: unknown error type: 
2026-10-09T20:46:24.7083729Z [3055:3055:1009/204624.025062:ERROR:dbus/object_proxy.cc:572] Failed to call method: org.freedesktop.DBus.NameHasOwner: object_path= /org/freedesktop/DBus: unknown error type: 
2026-10-09T20:46:24.7084702Z [3055:3076:1009/204624.025117:ERROR:dbus/bus.cc:405] Failed to connect to the bus: Could not parse server address: Unknown address type (examples of valid types are "tcp" and on UNIX "unix")
2026-10-09T20:46:24.7086008Z [3055:3055:1009/204624.025125:ERROR:dbus/object_proxy.cc:572] Failed to call method: org.freedesktop.DBus.Properties.GetAll: object_path= /org/freedesktop/UPower/devices/DisplayDevice: org.freedesktop.DBus.Error.ServiceUnknown: The name org.freedesktop.UPower was not provided by any .service files
2026-10-09T20:46:24.7087356Z [3055:3055:1009/204624.033224:ERROR:dbus/object_proxy.cc:572] Failed to call method: org.freedesktop.DBus.NameHasOwner: object_path= /org/freedesktop/DBus: unknown error type: 
2026-10-09T20:46:24.7088556Z [3055:3076:1009/204624.033645:ERROR:dbus/bus.cc:405] Failed to connect to the bus: Could not parse server address: Unknown address type (examples of valid types are "tcp" and on UNIX "unix")
2026-10-09T20:46:24.7089541Z [3055:3055:1009/204624.039050:ERROR:dbus/object_proxy.cc:572] Failed to call method: org.freedesktop.DBus.NameHasOwner: object_path= /org/freedesktop/DBus: unknown error type: 
2026-10-09T20:46:24.7090865Z [3055:3055:1009/204624.042510:ERROR:dbus/object_proxy.cc:572] Failed to call method: org.freedesktop.NetworkManager.GetDevices: object_path= /org/freedesktop/NetworkManager: org.freedesktop.DBus.Error.ServiceUnknown: The name org.freedesktop.NetworkManager was not provided by any .service files
2026-10-09T20:46:24.7091717Z 
2026-10-09T20:46:24.7200905Z ##[group]Run browser-actions/setup-firefox@v1
2026-10-09T20:46:24.7201271Z with:
2026-10-09T20:46:24.7201550Z   firefox-version: 157.0.1
2026-10-09T20:46:24.7201852Z env:
2026-10-09T20:46:24.7202096Z   CARGO_TERM_COLOR: always
2026-10-09T20:46:24.7202383Z   RUST_BACKTRACE: 1
2026-10-09T20:46:24.7202685Z   CARGO_HOME: /home/runner/.cargo
2026-10-09T20:46:24.7202974Z   CARGO_INCREMENTAL: 0
2026-10-09T20:46:24.7203317Z   CACHE_ON_FAILURE: false
2026-10-09T20:46:24.7203637Z   pythonLocation: /opt/hostedtoolcache/Python/3.11.17/x64
2026-10-09T20:46:24.7204048Z   PKG_CONFIG_PATH: /opt/hostedtoolcache/Python/3.11.17/x64/lib/pkgconfig
2026-10-09T20:46:24.7204542Z   Python_ROOT_DIR: /opt/hostedtoolcache/Python/3.11.17/x64
2026-10-09T20:46:24.7204930Z   Python2_ROOT_DIR: /opt/hostedtoolcache/Python/3.11.17/x64
2026-10-09T20:46:24.7205331Z   Python3_ROOT_DIR: /opt/hostedtoolcache/Python/3.11.17/x64
2026-10-09T20:46:24.7205720Z   LD_LIBRARY_PATH: /opt/hostedtoolcache/Python/3.11.17/x64/lib
2026-10-09T20:46:24.7206300Z   CHROME_DEVEL_SANDBOX: /usr/local/lib/rustwright-ci/155.0.8059.39/chrome-sandbox
2026-10-09T20:46:24.7206701Z ##[endgroup]
2026-10-09T20:46:24.7860271Z Setup firefox 157.0.1 (en-US)
2026-10-09T20:46:24.7867025Z Attempting to download firefox 157.0.1...
2026-10-09T20:46:24.7867557Z This is the version number:157
2026-10-09T20:46:24.7868423Z Acquiring 157.0.1 from https://ftp.mozilla.org/pub/firefox/releases/157.0.1/linux-x86_64/en-US/firefox-157.0.1.tar.xz
2026-10-09T20:46:25.1695792Z Extracting Firefox...
2026-10-09T20:46:25.1789479Z [command]/usr/bin/tar xJ --strip-components=1 --warning=no-unknown-keyword --overwrite -C /home/runner/work/_temp/cde6b4bd-9ac7-4840-abb1-daa34302c7e7 -f /home/runner/work/_temp/3fdfcfea-6875-4cfd-8259-30f85a77fe0e
2026-10-09T20:46:30.1114476Z Successfully extracted firefox 157.0.1 to /home/runner/work/_temp/cde6b4bd-9ac7-4840-abb1-daa34302c7e7
2026-10-09T20:46:30.1115296Z Adding to the cache ...
2026-10-09T20:46:30.4865249Z (node:3246) Warning: Closing file descriptor 21 on garbage collection
2026-10-09T20:46:30.4865974Z (Use `node --trace-warnings ...` to show where the warning was created)
2026-10-09T20:46:30.4868631Z (node:3246) [DEP0137] DeprecationWarning: Closing a FileHandle object on garbage collection is deprecated. Please close FileHandle objects explicitly using FileHandle.prototype.close(). In the future, an error will be thrown if a file descriptor is closed during garbage collection.
2026-10-09T20:46:31.7577996Z Successfully cached firefox 157.0.1 to /opt/hostedtoolcache/firefox/157.0.1/x64
2026-10-09T20:46:31.7579286Z [command]/opt/hostedtoolcache/firefox/157.0.1/x64/firefox --version
2026-10-09T20:46:31.7627132Z [3264] Sandbox: CanCreateUserNamespace() unshare(CLONE_NEWPID): EPERM
2026-10-09T20:46:31.8184604Z Mozilla Firefox 157.0.1
2026-10-09T20:46:31.8195356Z Successfully setup firefox version 157.0.1
2026-10-09T20:46:31.8526518Z ##[group]Run browser-actions/setup-chrome@v2
2026-10-09T20:46:31.8526850Z with:
2026-10-09T20:46:31.8527242Z   chrome-version: 151.0.7922.138
2026-10-09T20:46:31.8527558Z   install-dependencies: true
2026-10-09T20:46:31.8527832Z   install-chromedriver: false
2026-10-09T20:46:31.8528293Z   no-sudo: false
2026-10-09T20:46:31.8528552Z env:
2026-10-09T20:46:31.8528797Z   CARGO_TERM_COLOR: always
2026-10-09T20:46:31.8529129Z   RUST_BACKTRACE: 1
2026-10-09T20:46:31.8529382Z   CARGO_HOME: /home/runner/.cargo
2026-10-09T20:46:31.8529696Z   CARGO_INCREMENTAL: 0
2026-10-09T20:46:31.8529960Z   CACHE_ON_FAILURE: false
2026-10-09T20:46:31.8530303Z   pythonLocation: /opt/hostedtoolcache/Python/3.11.17/x64
2026-10-09T20:46:31.8530757Z   PKG_CONFIG_PATH: /opt/hostedtoolcache/Python/3.11.17/x64/lib/pkgconfig
2026-10-09T20:46:31.8531174Z   Python_ROOT_DIR: /opt/hostedtoolcache/Python/3.11.17/x64
2026-10-09T20:46:31.8531577Z   Python2_ROOT_DIR: /opt/hostedtoolcache/Python/3.11.17/x64
2026-10-09T20:46:31.8532037Z   Python3_ROOT_DIR: /opt/hostedtoolcache/Python/3.11.17/x64
2026-10-09T20:46:31.8532627Z   LD_LIBRARY_PATH: /opt/hostedtoolcache/Python/3.11.17/x64/lib
2026-10-09T20:46:31.8715649Z   CHROME_DEVEL_SANDBOX: /usr/local/lib/rustwright-ci/155.0.8059.39/chrome-sandbox
2026-10-09T20:46:31.8715986Z ##[endgroup]
2026-10-09T20:46:31.9317271Z Installing dependencies
2026-10-09T20:46:31.9361567Z [command]/usr/bin/sudo apt-get update
2026-10-09T20:46:31.9949095Z Get:1 file:/etc/apt/apt-mirrors.txt Mirrorlist [144 B]
2026-10-09T20:46:32.0258903Z Hit:6 https://packages.microsoft.com/ubuntu/24.04/prod noble InRelease
2026-10-09T20:46:32.0356875Z Hit:2 http://azure.archive.ubuntu.com/ubuntu noble InRelease
2026-10-09T20:46:32.0357736Z Hit:3 http://azure.archive.ubuntu.com/ubuntu noble-updates InRelease
2026-10-09T20:46:32.0358591Z Hit:4 http://azure.archive.ubuntu.com/ubuntu noble-backports InRelease
2026-10-09T20:46:32.0382495Z Hit:5 http://azure.archive.ubuntu.com/ubuntu noble-security InRelease
2026-10-09T20:46:33.0669950Z Reading package lists...
2026-10-09T20:46:33.0786936Z [command]/usr/bin/sudo apt-get install --yes --no-install-recommends libasound2t64 libatk-bridge2.0-0t64 libatk1.0-0t64 libcairo2 libcups2t64 libdbus-1-3 libexpat1 libgbm1 libglib2.0-0t64 libnss3 libpango-1.0-0 libxcomposite1 libxdamage1 libxfixes3 libxkbcommon0 libxrandr2
2026-10-09T20:46:33.0970539Z Reading package lists...
2026-10-09T20:46:33.2487894Z Building dependency tree...
2026-10-09T20:46:33.2495682Z Reading state information...
2026-10-09T20:46:33.4153339Z libasound2t64 is already the newest version (1.2.11-1ubuntu0.3).
2026-10-09T20:46:33.4154178Z libatk-bridge2.0-0t64 is already the newest version (2.52.0-1build1).
2026-10-09T20:46:33.4154734Z libatk1.0-0t64 is already the newest version (2.52.0-1build1).
2026-10-09T20:46:33.4155168Z libcairo2 is already the newest version (1.18.0-3build1).
2026-10-09T20:46:33.4155557Z libcups2t64 is already the newest version (2.4.7-1.2ubuntu7.14).
2026-10-09T20:46:33.4155985Z libdbus-1-3 is already the newest version (1.14.10-4ubuntu4.1).
2026-10-09T20:46:33.4156362Z libexpat1 is already the newest version (2.6.1-2ubuntu0.6).
2026-10-09T20:46:33.4156740Z libgbm1 is already the newest version (25.2.8-0ubuntu0.24.04.4).
2026-10-09T20:46:33.4157185Z libglib2.0-0t64 is already the newest version (2.80.0-6ubuntu3.9).
2026-10-09T20:46:33.4157622Z libnss3 is already the newest version (2:3.98-1ubuntu0.2).
2026-10-09T20:46:33.4158085Z libpango-1.0-0 is already the newest version (1.52.1+ds-1build1).
2026-10-09T20:46:33.4158619Z libxcomposite1 is already the newest version (1:0.4.5-1build3).
2026-10-09T20:46:33.4159007Z libxdamage1 is already the newest version (1:1.1.6-1build1).
2026-10-09T20:46:33.4159363Z libxfixes3 is already the newest version (1:6.0.0-2build1).
2026-10-09T20:46:33.4159711Z libxkbcommon0 is already the newest version (1.6.0-1build1).
2026-10-09T20:46:33.4160054Z libxrandr2 is already the newest version (2:1.5.2-2build1).
2026-10-09T20:46:33.4160745Z 0 upgraded, 0 newly installed, 0 to remove and 23 not upgraded.
2026-10-09T20:46:33.4166602Z Setup chrome 151.0.7922.138
2026-10-09T20:46:33.4180034Z Attempting to download chrome 151.0.7922.138...
2026-10-09T20:46:33.7426263Z Acquiring chrome 151.0.7922.138 from https://storage.googleapis.com/chrome-for-testing-public/151.0.7922.138/linux64/chrome-linux64.zip
2026-10-09T20:46:34.5887951Z Installing chrome...
2026-10-09T20:46:34.5936168Z [command]/usr/bin/unzip -o -q /home/runner/work/_temp/844edaac-8f3a-4ffa-bd2f-059a735aeed6
2026-10-09T20:46:40.4243135Z Successfully Installed chrome to /opt/hostedtoolcache/setup-chrome/chrome/151.0.7922.138/x64
2026-10-09T20:46:40.4249947Z [command]/opt/hostedtoolcache/setup-chrome/chrome/151.0.7922.138/x64/chrome --version
2026-10-09T20:46:40.4449700Z Google Chrome for Testing 151.0.7922.138 
2026-10-09T20:46:40.4474789Z Successfully setup chrome 151.0.7922.138
2026-10-09T20:46:40.4585998Z ##[group]Run python scripts/ci/chrome_linux_sandbox.py --output target/ci/extended/sandbox-previous
2026-10-09T20:46:40.4586571Z [36;1mpython scripts/ci/chrome_linux_sandbox.py --output target/ci/extended/sandbox-previous[0m
2026-10-09T20:46:40.4622140Z shell: /usr/bin/bash -e {0}
2026-10-09T20:46:40.4622379Z env:
2026-10-09T20:46:40.4622568Z   CARGO_TERM_COLOR: always
2026-10-09T20:46:40.4622799Z   RUST_BACKTRACE: 1
2026-10-09T20:46:40.4623047Z   CARGO_HOME: /home/runner/.cargo
2026-10-09T20:46:40.4623444Z   CARGO_INCREMENTAL: 0
2026-10-09T20:46:40.4623650Z   CACHE_ON_FAILURE: false
2026-10-09T20:46:40.4624043Z   pythonLocation: /opt/hostedtoolcache/Python/3.11.17/x64
2026-10-09T20:46:40.4624417Z   PKG_CONFIG_PATH: /opt/hostedtoolcache/Python/3.11.17/x64/lib/pkgconfig
2026-10-09T20:46:40.4624764Z   Python_ROOT_DIR: /opt/hostedtoolcache/Python/3.11.17/x64
2026-10-09T20:46:40.4625077Z   Python2_ROOT_DIR: /opt/hostedtoolcache/Python/3.11.17/x64
2026-10-09T20:46:40.4625429Z   Python3_ROOT_DIR: /opt/hostedtoolcache/Python/3.11.17/x64
2026-10-09T20:46:40.4625772Z   LD_LIBRARY_PATH: /opt/hostedtoolcache/Python/3.11.17/x64/lib
2026-10-09T20:46:40.4626045Z   CHROME_DEVEL_SANDBOX: 
2026-10-09T20:46:40.4626362Z   RUSTWRIGHT_CHROME: /opt/hostedtoolcache/setup-chrome/chrome/151.0.7922.138/x64/chrome
2026-10-09T20:46:40.4626716Z ##[endgroup]
2026-10-09T20:46:41.2347061Z Chrome before: {"phase": "before", "command": ["/opt/hostedtoolcache/setup-chrome/chrome/151.0.7922.138/x64/chrome", "--no-first-run", "--no-default-browser-check", "--user-data-dir=/home/runner/work/rustwright/rustwright/target/ci/extended/sandbox-previous/before-profile-tjulnbdr", "--headless=new", "--disable-gpu", "--hide-scrollbars", "--mute-audio", "--dump-dom", "http://127.0.0.1:46327/"], "exit_code": -6, "timed_out": false, "stdout": "/home/runner/work/rustwright/rustwright/target/ci/extended/sandbox-previous/before-stdout.log", "stderr": "/home/runner/work/rustwright/rustwright/target/ci/extended/sandbox-previous/before-stderr.log", "document_rendered": false, "passed": false}
2026-10-09T20:46:41.2350981Z [3593:3593:1009/204640.756960:FATAL:content/browser/zygote_host/zygote_host_impl_linux.cc:128] No usable sandbox! If you are running on Ubuntu 23.10+ or another Linux distro that has disabled unprivileged user namespaces with AppArmor, see https://chromium.googlesource.com/chromium/src/+/main/docs/security/apparmor-userns-restrictions.md. Otherwise see https://chromium.googlesource.com/chromium/src/+/main/docs/linux/suid_sandbox_development.md for more information on developing with the (older) SUID sandbox. If you want to live dangerously and need an immediate workaround, you can try using --no-sandbox.
2026-10-09T20:46:41.2352700Z Received signal 6
2026-10-09T20:46:41.2353042Z #0 0x55c8b719ee33 (/opt/hostedtoolcache/setup-chrome/chrome/151.0.7922.138/x64/chrome+0x6a7fe32)
2026-10-09T20:46:41.2353540Z #1 0x55c8bbc37964 (/opt/hostedtoolcache/setup-chrome/chrome/151.0.7922.138/x64/chrome+0xb518963)
2026-10-09T20:46:41.2353968Z #2 0x7fdaf4045330 (/usr/lib/x86_64-linux-gnu/libc.so.6+0x4532f)
2026-10-09T20:46:41.2354295Z #3 0x7fdaf404527e (/usr/lib/x86_64-linux-gnu/libc.so.6+0x4527d)
2026-10-09T20:46:41.2354620Z #4 0x7fdaf40288ff (/usr/lib/x86_64-linux-gnu/libc.so.6+0x288fe)
2026-10-09T20:46:41.2355222Z #5 0x55c8bbc2f875 (/opt/hostedtoolcache/setup-chrome/chrome/151.0.7922.138/x64/chrome+0xb510874)
2026-10-09T20:46:41.2355697Z #6 0x55c8bbbf317d (/opt/hostedtoolcache/setup-chrome/chrome/151.0.7922.138/x64/chrome+0xb4d417c)
2026-10-09T20:46:41.2356174Z #7 0x55c8bbbf310e (/opt/hostedtoolcache/setup-chrome/chrome/151.0.7922.138/x64/chrome+0xb4d410d)
2026-10-09T20:46:41.2356636Z #8 0x55c8b6e830d8 (/opt/hostedtoolcache/setup-chrome/chrome/151.0.7922.138/x64/chrome+0x67640d7)
2026-10-09T20:46:41.2357235Z #9 0x55c8b5909b29 (/opt/hostedtoolcache/setup-chrome/chrome/151.0.7922.138/x64/chrome+0x51eab28)
2026-10-09T20:46:41.2357719Z #10 0x55c8b56df3fb (/opt/hostedtoolcache/setup-chrome/chrome/151.0.7922.138/x64/chrome+0x4fc03fa)
2026-10-09T20:46:41.2358559Z #11 0x55c8bb0278fc (/opt/hostedtoolcache/setup-chrome/chrome/151.0.7922.138/x64/chrome+0xa9088fb)
2026-10-09T20:46:41.2359048Z #12 0x55c8b5e9090c (/opt/hostedtoolcache/setup-chrome/chrome/151.0.7922.138/x64/chrome+0x577190b)
2026-10-09T20:46:41.2359518Z #13 0x55c8b5e91375 (/opt/hostedtoolcache/setup-chrome/chrome/151.0.7922.138/x64/chrome+0x5772374)
2026-10-09T20:46:41.2359926Z #14 0x7fdaf402a1ca (/usr/lib/x86_64-linux-gnu/libc.so.6+0x2a1c9)
2026-10-09T20:46:41.2360244Z #15 0x7fdaf402a28b (/usr/lib/x86_64-linux-gnu/libc.so.6+0x2a28a)
2026-10-09T20:46:41.2360634Z #16 0x55c8b73ded9a (/opt/hostedtoolcache/setup-chrome/chrome/151.0.7922.138/x64/chrome+0x6cbfd99)
2026-10-09T20:46:41.2361078Z   r8: 00003740000b4263  r9: 0000000000000001 r10: 0000000000000008 r11: 0000000000000246
2026-10-09T20:46:41.2361477Z  r12: 0000000000000006 r13: 0000000000000264 r14: 0000000000000016 r15: 00007ffcf3799fb8
2026-10-09T20:46:41.2361876Z   di: 0000000000000e09  si: 0000000000000e09  bp: 00007ffcf3799930  bx: 0000000000000e09
2026-10-09T20:46:41.2362274Z   dx: 0000000000000006  ax: 0000000000000000  cx: 00007fdaf409ec0c  sp: 00007ffcf37998f0
2026-10-09T20:46:41.2362675Z   ip: 00007fdaf409ec0c efl: 0000000000000246 cgf: 002b000000000033 erf: 0000000000000000
2026-10-09T20:46:41.2363035Z  trp: 0000000000000000 msk: 0000000000000000 cr2: 0000000000000000
2026-10-09T20:46:41.2363308Z [end of stack trace]
2026-10-09T20:46:41.2363431Z 
2026-10-09T20:47:06.6440951Z Chrome after-configuration: {"phase": "after-configuration", "command": ["/opt/hostedtoolcache/setup-chrome/chrome/151.0.7922.138/x64/chrome", "--no-first-run", "--no-default-browser-check", "--user-data-dir=/home/runner/work/rustwright/rustwright/target/ci/extended/sandbox-previous/after-configuration-profile-0d4baer0", "--headless=new", "--disable-gpu", "--hide-scrollbars", "--mute-audio", "--dump-dom", "http://127.0.0.1:46411/"], "exit_code": 0, "timed_out": true, "stdout": "/home/runner/work/rustwright/rustwright/target/ci/extended/sandbox-previous/after-configuration-stdout.log", "stderr": "/home/runner/work/rustwright/rustwright/target/ci/extended/sandbox-previous/after-configuration-stderr.log", "document_rendered": false, "passed": false}
2026-10-09T20:47:06.6444296Z Configured sandbox preflight failed; see preserved stderr
2026-10-09T20:47:06.6445741Z [3635:3655:1009/204641.315979:ERROR:dbus/bus.cc:405] Failed to connect to the bus: Could not parse server address: Unknown address type (examples of valid types are "tcp" and on UNIX "unix")
2026-10-09T20:47:06.6447846Z [3635:3655:1009/204641.318871:ERROR:dbus/bus.cc:405] Failed to connect to the bus: Could not parse server address: Unknown address type (examples of valid types are "tcp" and on UNIX "unix")
2026-10-09T20:47:06.6450094Z [3635:3655:1009/204641.358136:ERROR:dbus/bus.cc:405] Failed to connect to the bus: Could not parse server address: Unknown address type (examples of valid types are "tcp" and on UNIX "unix")
2026-10-09T20:47:06.6451743Z [3635:3655:1009/204641.382022:ERROR:dbus/bus.cc:405] Failed to connect to the bus: Could not parse server address: Unknown address type (examples of valid types are "tcp" and on UNIX "unix")
2026-10-09T20:47:06.6453067Z [3635:3635:1009/204641.412689:ERROR:dbus/object_proxy.cc:572] Failed to call method: org.freedesktop.DBus.NameHasOwner: object_path= /org/freedesktop/DBus: unknown error type: 
2026-10-09T20:47:06.6454571Z [3635:3635:1009/204641.412735:ERROR:dbus/object_proxy.cc:572] Failed to call method: org.freedesktop.DBus.NameHasOwner: object_path= /org/freedesktop/DBus: unknown error type: 
2026-10-09T20:47:06.6455781Z [3635:3655:1009/204641.412827:ERROR:dbus/bus.cc:405] Failed to connect to the bus: Could not parse server address: Unknown address type (examples of valid types are "tcp" and on UNIX "unix")
2026-10-09T20:47:06.6456993Z [3635:3655:1009/204641.412836:ERROR:dbus/bus.cc:405] Failed to connect to the bus: Could not parse server address: Unknown address type (examples of valid types are "tcp" and on UNIX "unix")
2026-10-09T20:47:06.6458509Z [3635:3635:1009/204641.413510:ERROR:dbus/object_proxy.cc:572] Failed to call method: org.freedesktop.DBus.NameHasOwner: object_path= /org/freedesktop/DBus: unknown error type: 
2026-10-09T20:47:06.6459721Z [3635:3635:1009/204641.419899:ERROR:dbus/object_proxy.cc:572] Failed to call method: org.freedesktop.DBus.NameHasOwner: object_path= /org/freedesktop/DBus: unknown error type: 
2026-10-09T20:47:06.6460922Z [3635:3635:1009/204641.421489:ERROR:dbus/object_proxy.cc:572] Failed to call method: org.freedesktop.DBus.NameHasOwner: object_path= /org/freedesktop/DBus: unknown error type: 
2026-10-09T20:47:06.6462069Z [3635:3635:1009/204641.423596:ERROR:dbus/object_proxy.cc:572] Failed to call method: org.freedesktop.DBus.NameHasOwner: object_path= /org/freedesktop/DBus: unknown error type: 
2026-10-09T20:47:06.6463348Z [3635:3655:1009/204641.423645:ERROR:dbus/bus.cc:405] Failed to connect to the bus: Could not parse server address: Unknown address type (examples of valid types are "tcp" and on UNIX "unix")
2026-10-09T20:47:06.6465160Z [3635:3635:1009/204641.517986:ERROR:dbus/object_proxy.cc:572] Failed to call method: org.freedesktop.DBus.Properties.GetAll: object_path= /org/freedesktop/UPower/devices/DisplayDevice: org.freedesktop.DBus.Error.ServiceUnknown: The name org.freedesktop.UPower was not provided by any .service files
2026-10-09T20:47:06.6466939Z [3635:3635:1009/204641.518045:ERROR:dbus/object_proxy.cc:572] Failed to call method: org.freedesktop.DBus.NameHasOwner: object_path= /org/freedesktop/DBus: unknown error type: 
2026-10-09T20:47:06.6468403Z [3635:3655:1009/204641.518098:ERROR:dbus/bus.cc:405] Failed to connect to the bus: Could not parse server address: Unknown address type (examples of valid types are "tcp" and on UNIX "unix")
2026-10-09T20:47:06.6469789Z [3635:3635:1009/204641.536760:ERROR:dbus/object_proxy.cc:572] Failed to call method: org.freedesktop.DBus.NameHasOwner: object_path= /org/freedesktop/DBus: unknown error type: 
2026-10-09T20:47:06.6471639Z [3635:3655:1009/204641.536834:ERROR:dbus/bus.cc:405] Failed to connect to the bus: Could not parse server address: Unknown address type (examples of valid types are "tcp" and on UNIX "unix")
2026-10-09T20:47:06.6473339Z [3635:3635:1009/204641.551658:ERROR:dbus/object_proxy.cc:572] Failed to call method: org.freedesktop.DBus.NameHasOwner: object_path= /org/freedesktop/DBus: unknown error type: 
2026-10-09T20:47:06.6474980Z [3635:3655:1009/204643.811891:ERROR:google_apis/gcm/engine/registration_request.cc:291] Registration response error message: DEPRECATED_ENDPOINT
2026-10-09T20:47:06.6476168Z [3635:3655:1009/204643.890279:ERROR:google_apis/gcm/engine/mcs_client.cc:702]   Error code: 401  Error message: Authentication Failed: wrong_secret
2026-10-09T20:47:06.6477454Z [3635:3655:1009/204643.890301:ERROR:google_apis/gcm/engine/mcs_client.cc:704] Failed to log in to GCM, resetting connection.
2026-10-09T20:47:06.6478667Z [3635:3635:1009/204706.257128:ERROR:content/common/zygote/zygote_communication_linux.cc:291] Failed to send GetTerminationStatus message to zygote
2026-10-09T20:47:06.6479326Z 
2026-10-09T20:47:06.6552268Z ##[error]Process completed with exit code 1.
2026-10-09T20:47:06.6616332Z ##[group]Run actions/upload-artifact@v4
2026-10-09T20:47:06.6616593Z with:
2026-10-09T20:47:06.6616791Z   name: headed-versions-sites
2026-10-09T20:47:06.6617147Z   path: target/ci/extended/
2026-10-09T20:47:06.6617371Z   if-no-files-found: warn
2026-10-09T20:47:06.6617583Z   compression-level: 6
2026-10-09T20:47:06.6617786Z   overwrite: false
2026-10-09T20:47:06.6617978Z   include-hidden-files: false
2026-10-09T20:47:06.6618392Z env:
2026-10-09T20:47:06.6618672Z   CARGO_TERM_COLOR: always
2026-10-09T20:47:06.6618873Z   RUST_BACKTRACE: 1
2026-10-09T20:47:06.6619064Z   CARGO_HOME: /home/runner/.cargo
2026-10-09T20:47:06.6619284Z   CARGO_INCREMENTAL: 0
2026-10-09T20:47:06.6619474Z   CACHE_ON_FAILURE: false
2026-10-09T20:47:06.6619722Z   pythonLocation: /opt/hostedtoolcache/Python/3.11.17/x64
2026-10-09T20:47:06.6620069Z   PKG_CONFIG_PATH: /opt/hostedtoolcache/Python/3.11.17/x64/lib/pkgconfig
2026-10-09T20:47:06.6620409Z   Python_ROOT_DIR: /opt/hostedtoolcache/Python/3.11.17/x64
2026-10-09T20:47:06.6620757Z   Python2_ROOT_DIR: /opt/hostedtoolcache/Python/3.11.17/x64
2026-10-09T20:47:06.6621067Z   Python3_ROOT_DIR: /opt/hostedtoolcache/Python/3.11.17/x64
2026-10-09T20:47:06.6621381Z   LD_LIBRARY_PATH: /opt/hostedtoolcache/Python/3.11.17/x64/lib
2026-10-09T20:47:06.6621746Z   CHROME_DEVEL_SANDBOX: /usr/local/lib/rustwright-ci/155.0.8059.39/chrome-sandbox
2026-10-09T20:47:06.6622067Z ##[endgroup]
2026-10-09T20:47:06.7965313Z (node:3883) [DEP0040] DeprecationWarning: The `punycode` module is deprecated. Please use a userland alternative instead.
2026-10-09T20:47:06.7965872Z (Use `node --trace-deprecation ...` to show where the warning was created)
2026-10-09T20:47:06.8059590Z With the provided path, there will be 12 files uploaded
2026-10-09T20:47:06.8060244Z Artifact name is valid!
2026-10-09T20:47:06.8061928Z Root directory input is valid!
2026-10-09T20:47:07.1712728Z Beginning upload of artifact content to blob storage
2026-10-09T20:47:07.1987919Z (node:3883) [DEP0169] DeprecationWarning: `url.parse()` behavior is not standardized and prone to errors that have security implications. Use the WHATWG URL API instead. CVEs are not issued for `url.parse()` vulnerabilities.
2026-10-09T20:47:07.4356726Z Uploaded bytes 7303
2026-10-09T20:47:07.4984260Z Finished uploading artifact content to blob storage!
2026-10-09T20:47:07.4985431Z SHA256 digest of uploaded artifact zip is 8cdbbe4c00695b992e03745a959ac5ec8939986e65f42b467734a21c3efb79cc
2026-10-09T20:47:07.4986295Z Finalizing artifact upload
2026-10-09T20:47:07.7766552Z Artifact headed-versions-sites.zip successfully finalized. Artifact ID 11643849037
2026-10-09T20:47:07.7767504Z Artifact headed-versions-sites has been successfully uploaded! Final size is 7303 bytes. Artifact ID is 11643849037
2026-10-09T20:47:07.7768275Z Artifact download URL: https://github.com/rsasaki0109/rustwright/actions/runs/37987315249/artifacts/11643849037
2026-10-09T20:47:07.7914021Z Post job cleanup.
2026-10-09T20:47:07.8625294Z [command]/usr/bin/git version
2026-10-09T20:47:07.8658640Z git version 2.55.0
2026-10-09T20:47:07.8687927Z Temporarily overriding HOME='/home/runner/work/_temp/d43d96b0-3e31-4f27-985b-7111e2051535' before making global git config changes
2026-10-09T20:47:07.8689263Z Adding repository directory to the temporary git global config as a safe directory
2026-10-09T20:47:07.8690621Z [command]/usr/bin/git config --global --add safe.directory /home/runner/work/rustwright/rustwright
2026-10-09T20:47:07.8721694Z [command]/usr/bin/git config --local --name-only --get-regexp core\.sshCommand
2026-10-09T20:47:07.8749045Z [command]/usr/bin/git submodule foreach --recursive sh -c "git config --local --name-only --get-regexp 'core\.sshCommand' && git config --local --unset-all 'core.sshCommand' || :"
2026-10-09T20:47:07.8938819Z [command]/usr/bin/git config --local --name-only --get-regexp http\.https\:\/\/github\.com\/\.extraheader
2026-10-09T20:47:07.8960496Z http.https://github.com/.extraheader
2026-10-09T20:47:07.8970381Z [command]/usr/bin/git config --local --unset-all http.https://github.com/.extraheader
2026-10-09T20:47:07.8999191Z [command]/usr/bin/git submodule foreach --recursive sh -c "git config --local --name-only --get-regexp 'http\.https\:\/\/github\.com\/\.extraheader' && git config --local --unset-all 'http.https://github.com/.extraheader' || :"
2026-10-09T20:47:07.9185426Z [command]/usr/bin/git config --local --name-only --get-regexp ^includeIf\.gitdir:
2026-10-09T20:47:07.9211447Z [command]/usr/bin/git submodule foreach --recursive git config --local --show-origin --name-only --get-regexp remote.origin.url
2026-10-09T20:47:07.9519065Z Cleaning up orphan processes
2026-10-09T20:47:07.9715773Z ##[warning]Node.js 20 is deprecated. The following actions target Node.js 20 but are being forced to run on Node.js 24: actions/upload-artifact@v4. For more information see: https://github.blog/changelog/2025-09-19-deprecation-of-node-20-on-github-actions-runners/
