2026-10-09T20:45:15.0971666Z Current runner version: '2.337.0'
2026-10-09T20:45:15.0995140Z ##[group]Runner Image Provisioner
2026-10-09T20:45:15.0996189Z Hosted Compute Agent
2026-10-09T20:45:15.0996761Z Version: 20261002.596
2026-10-09T20:45:15.0997346Z Commit: c3d12f3313a95f25162a1503be624f3b0617f8c0
2026-10-09T20:45:15.0998048Z Build Date: 2026-10-02T22:28:27Z
2026-10-09T20:45:15.0998717Z Worker ID: {46998194-50c1-4084-84e7-608cd470a909}
2026-10-09T20:45:15.0999411Z Region: westus3
2026-10-09T20:45:15.0999931Z Cloud: Azure
2026-10-09T20:45:15.1000452Z ##[endgroup]
2026-10-09T20:45:15.1001816Z ##[group]Operating System
2026-10-09T20:45:15.1002416Z Ubuntu
2026-10-09T20:45:15.1002979Z 24.04.5
2026-10-09T20:45:15.1003545Z LTS
2026-10-09T20:45:15.1004049Z ##[endgroup]
2026-10-09T20:45:15.1004578Z ##[group]Runner Image
2026-10-09T20:45:15.1005224Z Image: ubuntu-24.04
2026-10-09T20:45:15.1006027Z Version: 20261004.327.1
2026-10-09T20:45:15.1007260Z Included Software: https://github.com/actions/runner-images/blob/ubuntu24/20261004.327/images/ubuntu/Ubuntu2404-Readme.md
2026-10-09T20:45:15.1008708Z Image Release: https://github.com/actions/runner-images/releases/tag/ubuntu24%2F20261004.327
2026-10-09T20:45:15.1009613Z ##[endgroup]
2026-10-09T20:45:15.1010619Z ##[group]GITHUB_TOKEN Permissions
2026-10-09T20:45:15.1012588Z Contents: read
2026-10-09T20:45:15.1013136Z Metadata: read
2026-10-09T20:45:15.1013724Z ##[endgroup]
2026-10-09T20:45:15.1016349Z Secret source: Actions
2026-10-09T20:45:15.1017329Z Cache mode: write
2026-10-09T20:45:15.1017979Z Prepare workflow directory
2026-10-09T20:45:15.1435789Z Prepare all required actions
2026-10-09T20:45:15.1484162Z Getting action download info
2026-10-09T20:45:15.4364206Z Download action repository 'actions/checkout@v5' (SHA:fbc6f3992d24b796d5a048ff273f7fcc4a7b6c09)
2026-10-09T20:45:15.5131327Z Download action repository 'dtolnay/rust-toolchain@1.85.0' (SHA:69084b241933c14c2fa24234c4596f11a2655339)
2026-10-09T20:45:15.7463179Z Download action repository 'Swatinem/rust-cache@v2' (SHA:6323deb102c322ba6fcbdcafc7e3dddab59af2b6)
2026-10-09T20:45:16.6632625Z Complete job name: Rust 1.85.0 / locked workspace
2026-10-09T20:45:16.7562404Z ##[group]Run actions/checkout@v5
2026-10-09T20:45:16.7563336Z with:
2026-10-09T20:45:16.7563873Z   repository: rsasaki0109/rustwright
2026-10-09T20:45:16.7568545Z   token: ***
2026-10-09T20:45:16.7569059Z   ssh-strict: true
2026-10-09T20:45:16.7569593Z   ssh-user: git
2026-10-09T20:45:16.7570128Z   persist-credentials: true
2026-10-09T20:45:16.7570706Z   clean: true
2026-10-09T20:45:16.7571256Z   sparse-checkout-cone-mode: true
2026-10-09T20:45:16.7571868Z   fetch-depth: 1
2026-10-09T20:45:16.7572394Z   fetch-tags: false
2026-10-09T20:45:16.7572920Z   show-progress: true
2026-10-09T20:45:16.7573455Z   lfs: false
2026-10-09T20:45:16.7573961Z   submodules: false
2026-10-09T20:45:16.7574507Z   set-safe-directory: true
2026-10-09T20:45:16.7575113Z   allow-unsafe-pr-checkout: false
2026-10-09T20:45:16.7576097Z env:
2026-10-09T20:45:16.7576600Z   CARGO_TERM_COLOR: always
2026-10-09T20:45:16.7577203Z   RUST_BACKTRACE: 1
2026-10-09T20:45:16.7577727Z ##[endgroup]
2026-10-09T20:45:16.8620734Z Syncing repository: rsasaki0109/rustwright
2026-10-09T20:45:16.8624429Z ##[group]Getting Git version info
2026-10-09T20:45:16.8626425Z Working directory is '/home/runner/work/rustwright/rustwright'
2026-10-09T20:45:16.8628913Z [command]/usr/bin/git version
2026-10-09T20:45:16.8684253Z git version 2.55.0
2026-10-09T20:45:16.8707286Z ##[endgroup]
2026-10-09T20:45:16.8724580Z Temporarily overriding HOME='/home/runner/work/_temp/6a9cefb0-f88c-4975-95eb-6551f67eed3b' before making global git config changes
2026-10-09T20:45:16.8726277Z Adding repository directory to the temporary git global config as a safe directory
2026-10-09T20:45:16.8732513Z [command]/usr/bin/git config --global --add safe.directory /home/runner/work/rustwright/rustwright
2026-10-09T20:45:16.8795998Z Deleting the contents of '/home/runner/work/rustwright/rustwright'
2026-10-09T20:45:16.8801120Z ##[group]Initializing the repository
2026-10-09T20:45:16.8806302Z [command]/usr/bin/git init /home/runner/work/rustwright/rustwright
2026-10-09T20:45:16.8918026Z hint: Using 'master' as the name for the initial branch. This default branch name
2026-10-09T20:45:16.8920467Z hint: will change to "main" in Git 3.0. To configure the initial branch name
2026-10-09T20:45:16.8922615Z hint: to use in all of your new repositories, which will suppress this warning,
2026-10-09T20:45:16.8924433Z hint: call:
2026-10-09T20:45:16.8925675Z hint:
2026-10-09T20:45:16.8926942Z hint: 	git config --global init.defaultBranch <name>
2026-10-09T20:45:16.8928379Z hint:
2026-10-09T20:45:16.8929817Z hint: Names commonly chosen instead of 'master' are 'main', 'trunk' and
2026-10-09T20:45:16.8932062Z hint: 'development'. The just-created branch can be renamed via this command:
2026-10-09T20:45:16.8933297Z hint:
2026-10-09T20:45:16.8933798Z hint: 	git branch -m <name>
2026-10-09T20:45:16.8934364Z hint:
2026-10-09T20:45:16.8936053Z hint: Disable this message with "git config set advice.defaultBranchName false"
2026-10-09T20:45:16.8938444Z Initialized empty Git repository in /home/runner/work/rustwright/rustwright/.git/
2026-10-09T20:45:16.8942464Z [command]/usr/bin/git remote add origin https://github.com/rsasaki0109/rustwright
2026-10-09T20:45:16.8977103Z ##[endgroup]
2026-10-09T20:45:16.8979198Z ##[group]Disabling automatic garbage collection
2026-10-09T20:45:16.8980853Z [command]/usr/bin/git config --local gc.auto 0
2026-10-09T20:45:16.9008388Z ##[endgroup]
2026-10-09T20:45:16.9010234Z ##[group]Setting up auth
2026-10-09T20:45:16.9013817Z [command]/usr/bin/git config --local --name-only --get-regexp core\.sshCommand
2026-10-09T20:45:16.9042757Z [command]/usr/bin/git submodule foreach --recursive sh -c "git config --local --name-only --get-regexp 'core\.sshCommand' && git config --local --unset-all 'core.sshCommand' || :"
2026-10-09T20:45:16.9399058Z [command]/usr/bin/git config --local --name-only --get-regexp http\.https\:\/\/github\.com\/\.extraheader
2026-10-09T20:45:16.9429247Z [command]/usr/bin/git submodule foreach --recursive sh -c "git config --local --name-only --get-regexp 'http\.https\:\/\/github\.com\/\.extraheader' && git config --local --unset-all 'http.https://github.com/.extraheader' || :"
2026-10-09T20:45:16.9624661Z [command]/usr/bin/git config --local --name-only --get-regexp ^includeIf\.gitdir:
2026-10-09T20:45:16.9653860Z [command]/usr/bin/git submodule foreach --recursive git config --local --show-origin --name-only --get-regexp remote.origin.url
2026-10-09T20:45:16.9828469Z [command]/usr/bin/git config --local http.https://github.com/.extraheader AUTHORIZATION: basic ***
2026-10-09T20:45:16.9860507Z ##[endgroup]
2026-10-09T20:45:16.9861477Z ##[group]Fetching the repository
2026-10-09T20:45:16.9869746Z [command]/usr/bin/git -c protocol.version=2 fetch --no-tags --prune --no-recurse-submodules --depth=1 origin +81864cc233628753cc97cdbb19a70cc30a1d4128:refs/remotes/pull/1/merge
2026-10-09T20:45:18.6956225Z From https://github.com/rsasaki0109/rustwright
2026-10-09T20:45:18.6959336Z  * [new ref]         81864cc233628753cc97cdbb19a70cc30a1d4128 -> pull/1/merge
2026-10-09T20:45:18.6963623Z ##[endgroup]
2026-10-09T20:45:18.6965452Z ##[group]Determining the checkout info
2026-10-09T20:45:18.6967533Z ##[endgroup]
2026-10-09T20:45:18.6969155Z [command]/usr/bin/git sparse-checkout disable
2026-10-09T20:45:18.7022262Z [command]/usr/bin/git config --local --unset-all extensions.worktreeConfig
2026-10-09T20:45:18.7046218Z ##[group]Checking out the ref
2026-10-09T20:45:18.7049031Z [command]/usr/bin/git checkout --progress --force refs/remotes/pull/1/merge
2026-10-09T20:45:18.8054283Z Note: switching to 'refs/remotes/pull/1/merge'.
2026-10-09T20:45:18.8055953Z 
2026-10-09T20:45:18.8057173Z You are in 'detached HEAD' state. You can look around, make experimental
2026-10-09T20:45:18.8060398Z changes and commit them, and you can discard any commits you make in this
2026-10-09T20:45:18.8063582Z state without impacting any branches by switching back to a branch.
2026-10-09T20:45:18.8065643Z 
2026-10-09T20:45:18.8066913Z If you want to create a new branch to retain commits you create, you may
2026-10-09T20:45:18.8068613Z do so (now or later) by using -c with the switch command. Example:
2026-10-09T20:45:18.8069862Z 
2026-10-09T20:45:18.8070278Z   git switch -c <new-branch-name>
2026-10-09T20:45:18.8070926Z 
2026-10-09T20:45:18.8071349Z Or undo this operation with:
2026-10-09T20:45:18.8072096Z 
2026-10-09T20:45:18.8072514Z   git switch -
2026-10-09T20:45:18.8073076Z 
2026-10-09T20:45:18.8073959Z Turn off this advice by setting config variable advice.detachedHead to false
2026-10-09T20:45:18.8075242Z 
2026-10-09T20:45:18.8076920Z HEAD is now at 81864cc Merge be1b065aeff87e5c19e53492a19f4465ba4436f4 into 91e72af388d000266c9b4e7567a3e1fe4007fc33
2026-10-09T20:45:18.8081492Z ##[endgroup]
2026-10-09T20:45:18.8116674Z [command]/usr/bin/git log -1 --format=%H
2026-10-09T20:45:18.8139075Z 81864cc233628753cc97cdbb19a70cc30a1d4128
2026-10-09T20:45:18.8760469Z ##[group]Run dtolnay/rust-toolchain@1.85.0
2026-10-09T20:45:18.8761632Z with:
2026-10-09T20:45:18.8762421Z env:
2026-10-09T20:45:18.8763236Z   CARGO_TERM_COLOR: always
2026-10-09T20:45:18.8764148Z   RUST_BACKTRACE: 1
2026-10-09T20:45:18.8764955Z ##[endgroup]
2026-10-09T20:45:18.8848448Z ##[start-action display=Parse toolchain version;id=__dtolnay_rust-toolchain.parse]
2026-10-09T20:45:18.8936806Z ##[group]Run if [[ -z $toolchain ]]; then
2026-10-09T20:45:18.8938075Z [36;1mif [[ -z $toolchain ]]; then[0m
2026-10-09T20:45:18.8939861Z [36;1m  # GitHub does not enforce `required: true` inputs itself. https://github.com/actions/runner/issues/1070[0m
2026-10-09T20:45:18.8941736Z [36;1m  echo "'toolchain' is a required input" >&2[0m
2026-10-09T20:45:18.8942856Z [36;1m  exit 1[0m
2026-10-09T20:45:18.8944056Z [36;1melif [[ $toolchain =~ ^stable' '[0-9]+' '(year|month|week|day)s?' 'ago$ ]]; then[0m
2026-10-09T20:45:18.8945687Z [36;1m  if [[ Linux == macOS ]]; then[0m
2026-10-09T20:45:18.8947569Z [36;1m    echo "toolchain=1.$((($(date -v-$(sed 's/stable \([0-9]*\) \(.\).*/\1\2/' <<< $toolchain) +%s)/60/60/24-16569)/7/6))" >> $GITHUB_OUTPUT[0m
2026-10-09T20:45:18.8949354Z [36;1m  else[0m
2026-10-09T20:45:18.8950791Z [36;1m    echo "toolchain=1.$((($(date --date "${toolchain#stable }" +%s)/60/60/24-16569)/7/6))" >> $GITHUB_OUTPUT[0m
2026-10-09T20:45:18.8952430Z [36;1m  fi[0m
2026-10-09T20:45:18.8953531Z [36;1melif [[ $toolchain =~ ^stable' 'minus' '[0-9]+' 'releases?$ ]]; then[0m
2026-10-09T20:45:18.8955477Z [36;1m  echo "toolchain=1.$((($(date +%s)/60/60/24-16569)/7/6-${toolchain//[^0-9]/}))" >> $GITHUB_OUTPUT[0m
2026-10-09T20:45:18.8957121Z [36;1melif [[ $toolchain =~ ^1\.[0-9]+$ ]]; then[0m
2026-10-09T20:45:18.8958954Z [36;1m  echo "toolchain=1.$((i=${toolchain#1.}, c=($(date +%s)/60/60/24-16569)/7/6, i+9*i*(10*i<=c)+90*i*(100*i<=c)))" >> $GITHUB_OUTPUT[0m
2026-10-09T20:45:18.8960802Z [36;1melse[0m
2026-10-09T20:45:18.8961771Z [36;1m  delimiter=EOF[0m
2026-10-09T20:45:18.8962945Z [36;1m  while [[ $toolchain == *$delimiter* ]]; do delimiter+=_; done[0m
2026-10-09T20:45:18.8964753Z [36;1m  printf 'toolchain<<%s\n%s\n%s\n' "$delimiter" "$toolchain" "$delimiter" >> $GITHUB_OUTPUT[0m
2026-10-09T20:45:18.8966336Z [36;1mfi[0m
2026-10-09T20:45:18.9162511Z shell: /usr/bin/bash --noprofile --norc -e -o pipefail {0}
2026-10-09T20:45:18.9163738Z env:
2026-10-09T20:45:18.9164503Z   CARGO_TERM_COLOR: always
2026-10-09T20:45:18.9165579Z   RUST_BACKTRACE: 1
2026-10-09T20:45:18.9166383Z   toolchain: 1.85.0
2026-10-09T20:45:18.9167188Z ##[endgroup]
2026-10-09T20:45:18.9304715Z ##[end-action id=__dtolnay_rust-toolchain.parse;outcome=success;conclusion=success;duration_ms=45]
2026-10-09T20:45:18.9313723Z ##[start-action display=Set $CARGO_HOME;id=__dtolnay_rust-toolchain.__run]
2026-10-09T20:45:18.9421828Z ##[group]Run echo CARGO_HOME=${CARGO_HOME:-"$HOME/.cargo"} >> $GITHUB_ENV
2026-10-09T20:45:18.9423485Z [36;1mecho CARGO_HOME=${CARGO_HOME:-"$HOME/.cargo"} >> $GITHUB_ENV[0m
2026-10-09T20:45:18.9467319Z shell: /usr/bin/bash --noprofile --norc -e -o pipefail {0}
2026-10-09T20:45:18.9468664Z env:
2026-10-09T20:45:18.9469418Z   CARGO_TERM_COLOR: always
2026-10-09T20:45:18.9470298Z   RUST_BACKTRACE: 1
2026-10-09T20:45:18.9471091Z ##[endgroup]
2026-10-09T20:45:18.9558589Z ##[end-action id=__dtolnay_rust-toolchain.__run;outcome=success;conclusion=success;duration_ms=24]
2026-10-09T20:45:18.9564753Z ##[start-action display=Install rustup if needed;id=__dtolnay_rust-toolchain.__run_2]
2026-10-09T20:45:18.9623571Z ##[group]Run if ! command -v rustup &>/dev/null; then
2026-10-09T20:45:18.9624842Z [36;1mif ! command -v rustup &>/dev/null; then[0m
2026-10-09T20:45:18.9627555Z [36;1m  curl --proto '=https' --tlsv1.2 --retry 10 --retry-connrefused --location --silent --show-error --fail https://sh.rustup.rs | sh -s -- --default-toolchain none -y[0m
2026-10-09T20:45:18.9629995Z [36;1m  echo "$CARGO_HOME/bin" >> $GITHUB_PATH[0m
2026-10-09T20:45:18.9631073Z [36;1mfi[0m
2026-10-09T20:45:18.9675557Z shell: /usr/bin/bash --noprofile --norc -e -o pipefail {0}
2026-10-09T20:45:18.9676767Z env:
2026-10-09T20:45:18.9677532Z   CARGO_TERM_COLOR: always
2026-10-09T20:45:18.9678411Z   RUST_BACKTRACE: 1
2026-10-09T20:45:18.9679268Z   CARGO_HOME: /home/runner/.cargo
2026-10-09T20:45:18.9680195Z ##[endgroup]
2026-10-09T20:45:18.9762171Z ##[end-action id=__dtolnay_rust-toolchain.__run_2;outcome=success;conclusion=success;duration_ms=19]
2026-10-09T20:45:18.9768668Z ##[start-action display=Install rustup if needed on windows;id=__dtolnay_rust-toolchain.__run_3]
2026-10-09T20:45:18.9782963Z ##[end-action id=__dtolnay_rust-toolchain.__run_3;outcome=skipped;conclusion=skipped;duration_ms=0]
2026-10-09T20:45:18.9803212Z ##[start-action display=rustup toolchain install 1.85.0;id=__dtolnay_rust-toolchain.__run_4]
2026-10-09T20:45:18.9855597Z ##[group]Run set -f  # split targets and components on commas and whitespace, without glob expansion
2026-10-09T20:45:18.9857786Z [36;1mset -f  # split targets and components on commas and whitespace, without glob expansion[0m
2026-10-09T20:45:18.9859307Z [36;1mflags=()[0m
2026-10-09T20:45:18.9860315Z [36;1mfor t in ${targets//,/ }; do flags+=(--target "$t"); done[0m
2026-10-09T20:45:18.9861749Z [36;1mfor c in ${components//,/ }; do flags+=(--component "$c"); done[0m
2026-10-09T20:45:18.9863469Z [36;1mif [[ $toolchain == nightly && -n $components ]]; then flags+=(--allow-downgrade); fi[0m
2026-10-09T20:45:18.9864939Z [36;1mlog=$(mktemp)[0m
2026-10-09T20:45:18.9866091Z [36;1mtrap 'rm -f "$log"' EXIT[0m
2026-10-09T20:45:18.9867046Z [36;1mfor attempt in 1 2 3 4 5; do[0m
2026-10-09T20:45:18.9868943Z [36;1m  if rustup toolchain install "$toolchain" "${flags[@]}" --profile minimal --no-self-update --force-non-host 2>&1 | tee "$log"; then[0m
2026-10-09T20:45:18.9870858Z [36;1m    break[0m
2026-10-09T20:45:18.9871623Z [36;1m  else[0m
2026-10-09T20:45:18.9872501Z [36;1m    status=$?[0m
2026-10-09T20:45:18.9873397Z [36;1m  fi[0m
2026-10-09T20:45:18.9874646Z [36;1m  if [[ $attempt == 5 ]] || ! grep -Fq 'checksum failed for ' "$log" \[0m
2026-10-09T20:45:18.9876878Z [36;1m      || ! grep -Fq 'this is likely due to an ongoing update of the official release server' "$log"; then[0m
2026-10-09T20:45:18.9878581Z [36;1m    exit "$status"[0m
2026-10-09T20:45:18.9879569Z [36;1m  fi[0m
2026-10-09T20:45:18.9880895Z [36;1m  echo "Retrying rustup toolchain install in 30 seconds (retry $attempt of 4)" >&2[0m
2026-10-09T20:45:18.9882442Z [36;1m  sleep 30[0m
2026-10-09T20:45:18.9883345Z [36;1mdone[0m
2026-10-09T20:45:18.9928457Z shell: /usr/bin/bash --noprofile --norc -e -o pipefail {0}
2026-10-09T20:45:18.9929692Z env:
2026-10-09T20:45:18.9930481Z   CARGO_TERM_COLOR: always
2026-10-09T20:45:18.9931496Z   RUST_BACKTRACE: 1
2026-10-09T20:45:18.9932423Z   CARGO_HOME: /home/runner/.cargo
2026-10-09T20:45:18.9933455Z   toolchain: 1.85.0
2026-10-09T20:45:18.9934292Z   targets: 
2026-10-09T20:45:18.9935067Z   components: 
2026-10-09T20:45:18.9936259Z   RUSTUP_PERMIT_COPY_RENAME: 1
2026-10-09T20:45:18.9937237Z ##[endgroup]
2026-10-09T20:45:19.0567170Z info: syncing channel updates for 1.85.0-x86_64-unknown-linux-gnu
2026-10-09T20:45:19.2535004Z info: latest update on 2025-02-20 for version 1.85.0 (4d91de4e4 2025-02-17)
2026-10-09T20:45:19.2536008Z info: downloading 3 components
2026-10-09T20:45:27.8798523Z 
2026-10-09T20:45:27.8876330Z   1.85.0-x86_64-unknown-linux-gnu installed - rustc 1.85.0 (4d91de4e4 2025-02-17)
2026-10-09T20:45:27.8877067Z 
2026-10-09T20:45:28.2717329Z ##[end-action id=__dtolnay_rust-toolchain.__run_4;outcome=success;conclusion=success;duration_ms=9291]
2026-10-09T20:45:28.2725510Z ##[start-action display=rustup default 1.85.0;id=__dtolnay_rust-toolchain.__run_5]
2026-10-09T20:45:28.3860064Z ##[group]Run rustup default "$toolchain" --force-non-host
2026-10-09T20:45:28.3860695Z [36;1mrustup default "$toolchain" --force-non-host[0m
2026-10-09T20:45:28.3901845Z shell: /usr/bin/bash --noprofile --norc -e -o pipefail {0}
2026-10-09T20:45:28.3902265Z env:
2026-10-09T20:45:28.3902688Z   CARGO_TERM_COLOR: always
2026-10-09T20:45:28.3903072Z   RUST_BACKTRACE: 1
2026-10-09T20:45:28.3903420Z   CARGO_HOME: /home/runner/.cargo
2026-10-09T20:45:28.3903762Z   toolchain: 1.85.0
2026-10-09T20:45:28.3904051Z ##[endgroup]
2026-10-09T20:45:28.4000582Z info: using existing install for 1.85.0-x86_64-unknown-linux-gnu
2026-10-09T20:45:28.5729659Z info: default toolchain set to 1.85.0-x86_64-unknown-linux-gnu
2026-10-09T20:45:28.5730232Z 
2026-10-09T20:45:28.5805908Z   1.85.0-x86_64-unknown-linux-gnu unchanged - rustc 1.85.0 (4d91de4e4 2025-02-17)
2026-10-09T20:45:28.5806494Z 
2026-10-09T20:45:28.5825908Z ##[end-action id=__dtolnay_rust-toolchain.__run_5;outcome=success;conclusion=success;duration_ms=309]
2026-10-09T20:45:28.5830041Z ##[start-action display=Create cachekey;id=__dtolnay_rust-toolchain.rustc-version]
2026-10-09T20:45:28.5952094Z ##[group]Run DATE=$(rustc +"$toolchain" --version --verbose | sed -ne 's/^commit-date: \(20[0-9][0-9]\)-\([01][0-9]\)-\([0-3][0-9]\)$/\1\2\3/p')
2026-10-09T20:45:28.5952936Z [36;1mDATE=$(rustc +"$toolchain" --version --verbose | sed -ne 's/^commit-date: \(20[0-9][0-9]\)-\([01][0-9]\)-\([0-3][0-9]\)$/\1\2\3/p')[0m
2026-10-09T20:45:28.5953588Z [36;1mHASH=$(rustc +"$toolchain" --version --verbose | sed -ne 's/^commit-hash: //p')[0m
2026-10-09T20:45:28.5954079Z [36;1mecho "cachekey=$(echo $DATE$HASH | head -c12)" >> $GITHUB_OUTPUT[0m
2026-10-09T20:45:28.5989569Z shell: /usr/bin/bash --noprofile --norc -e -o pipefail {0}
2026-10-09T20:45:28.5989901Z env:
2026-10-09T20:45:28.5990120Z   CARGO_TERM_COLOR: always
2026-10-09T20:45:28.5990361Z   RUST_BACKTRACE: 1
2026-10-09T20:45:28.5990596Z   CARGO_HOME: /home/runner/.cargo
2026-10-09T20:45:28.5990850Z   toolchain: 1.85.0
2026-10-09T20:45:28.5991060Z ##[endgroup]
2026-10-09T20:45:28.6283457Z ##[end-action id=__dtolnay_rust-toolchain.rustc-version;outcome=success;conclusion=success;duration_ms=45]
2026-10-09T20:45:28.6286130Z ##[start-action display=Disable incremental compilation;id=__dtolnay_rust-toolchain.__run_6]
2026-10-09T20:45:28.6303840Z ##[group]Run if [ -z "${CARGO_INCREMENTAL+set}" ]; then
2026-10-09T20:45:28.6304245Z [36;1mif [ -z "${CARGO_INCREMENTAL+set}" ]; then[0m
2026-10-09T20:45:28.6304569Z [36;1m  echo CARGO_INCREMENTAL=0 >> $GITHUB_ENV[0m
2026-10-09T20:45:28.6304857Z [36;1mfi[0m
2026-10-09T20:45:28.6339933Z shell: /usr/bin/bash --noprofile --norc -e -o pipefail {0}
2026-10-09T20:45:28.6340267Z env:
2026-10-09T20:45:28.6340480Z   CARGO_TERM_COLOR: always
2026-10-09T20:45:28.6340717Z   RUST_BACKTRACE: 1
2026-10-09T20:45:28.6340947Z   CARGO_HOME: /home/runner/.cargo
2026-10-09T20:45:28.6341192Z ##[endgroup]
2026-10-09T20:45:28.6396477Z ##[end-action id=__dtolnay_rust-toolchain.__run_6;outcome=success;conclusion=success;duration_ms=10]
2026-10-09T20:45:28.6398577Z ##[start-action display=Enable colors in Cargo output;id=__dtolnay_rust-toolchain.__run_7]
2026-10-09T20:45:28.6415063Z ##[group]Run if [ -z "${CARGO_TERM_COLOR+set}" ]; then
2026-10-09T20:45:28.6415699Z [36;1mif [ -z "${CARGO_TERM_COLOR+set}" ]; then[0m
2026-10-09T20:45:28.6416037Z [36;1m  echo CARGO_TERM_COLOR=always >> $GITHUB_ENV[0m
2026-10-09T20:45:28.6416463Z [36;1mfi[0m
2026-10-09T20:45:28.6446407Z shell: /usr/bin/bash --noprofile --norc -e -o pipefail {0}
2026-10-09T20:45:28.6446738Z env:
2026-10-09T20:45:28.6446943Z   CARGO_TERM_COLOR: always
2026-10-09T20:45:28.6447178Z   RUST_BACKTRACE: 1
2026-10-09T20:45:28.6447410Z   CARGO_HOME: /home/runner/.cargo
2026-10-09T20:45:28.6447663Z   CARGO_INCREMENTAL: 0
2026-10-09T20:45:28.6447882Z ##[endgroup]
2026-10-09T20:45:28.6498413Z ##[end-action id=__dtolnay_rust-toolchain.__run_7;outcome=success;conclusion=success;duration_ms=9]
2026-10-09T20:45:28.6501674Z ##[start-action display=Enable Cargo sparse registry;id=__dtolnay_rust-toolchain.__run_8]
2026-10-09T20:45:28.6519290Z ##[group]Run # implemented in 1.66, stabilized in 1.68, made default in 1.70
2026-10-09T20:45:28.6519793Z [36;1m# implemented in 1.66, stabilized in 1.68, made default in 1.70[0m
2026-10-09T20:45:28.6520557Z [36;1mif [ -z "${CARGO_REGISTRIES_CRATES_IO_PROTOCOL+set}" -o -f "/home/runner/work/_temp"/.implicit_cargo_registries_crates_io_protocol ]; then[0m
2026-10-09T20:45:28.6521284Z [36;1m  if rustc +"$toolchain" --version --verbose | grep -q '^release: 1\.6[89]\.'; then[0m
2026-10-09T20:45:28.6521843Z [36;1m    touch "/home/runner/work/_temp"/.implicit_cargo_registries_crates_io_protocol || true[0m
2026-10-09T20:45:28.6522367Z [36;1m    echo CARGO_REGISTRIES_CRATES_IO_PROTOCOL=sparse >> $GITHUB_ENV[0m
2026-10-09T20:45:28.6522884Z [36;1m  elif rustc +"$toolchain" --version --verbose | grep -q '^release: 1\.6[67]\.'; then[0m
2026-10-09T20:45:28.6523440Z [36;1m    touch "/home/runner/work/_temp"/.implicit_cargo_registries_crates_io_protocol || true[0m
2026-10-09T20:45:28.6523933Z [36;1m    echo CARGO_REGISTRIES_CRATES_IO_PROTOCOL=git >> $GITHUB_ENV[0m
2026-10-09T20:45:28.6524271Z [36;1m  fi[0m
2026-10-09T20:45:28.6524465Z [36;1mfi[0m
2026-10-09T20:45:28.6553410Z shell: /usr/bin/bash --noprofile --norc -e -o pipefail {0}
2026-10-09T20:45:28.6553736Z env:
2026-10-09T20:45:28.6553951Z   CARGO_TERM_COLOR: always
2026-10-09T20:45:28.6554181Z   RUST_BACKTRACE: 1
2026-10-09T20:45:28.6554406Z   CARGO_HOME: /home/runner/.cargo
2026-10-09T20:45:28.6554658Z   CARGO_INCREMENTAL: 0
2026-10-09T20:45:28.6554879Z   toolchain: 1.85.0
2026-10-09T20:45:28.6555084Z ##[endgroup]
2026-10-09T20:45:28.6815648Z ##[end-action id=__dtolnay_rust-toolchain.__run_8;outcome=success;conclusion=success;duration_ms=31]
2026-10-09T20:45:28.6819197Z ##[start-action display=Work around spurious network errors in curl 8.0;id=__dtolnay_rust-toolchain.__run_9]
2026-10-09T20:45:28.6836838Z ##[group]Run # https://rust-lang.zulipchat.com/#narrow/stream/246057-t-cargo/topic/timeout.20investigation
2026-10-09T20:45:28.6837560Z [36;1m# https://rust-lang.zulipchat.com/#narrow/stream/246057-t-cargo/topic/timeout.20investigation[0m
2026-10-09T20:45:28.6838176Z [36;1mif rustc +"$toolchain" --version --verbose | grep -q '^release: 1\.7[01]\.'; then[0m
2026-10-09T20:45:28.6838641Z [36;1m  echo CARGO_HTTP_MULTIPLEXING=false >> $GITHUB_ENV[0m
2026-10-09T20:45:28.6838967Z [36;1mfi[0m
2026-10-09T20:45:28.6873372Z shell: /usr/bin/bash --noprofile --norc -e -o pipefail {0}
2026-10-09T20:45:28.6873714Z env:
2026-10-09T20:45:28.6873920Z   CARGO_TERM_COLOR: always
2026-10-09T20:45:28.6874152Z   RUST_BACKTRACE: 1
2026-10-09T20:45:28.6874376Z   CARGO_HOME: /home/runner/.cargo
2026-10-09T20:45:28.6874630Z   CARGO_INCREMENTAL: 0
2026-10-09T20:45:28.6874847Z   toolchain: 1.85.0
2026-10-09T20:45:28.6875048Z ##[endgroup]
2026-10-09T20:45:28.7035070Z ##[end-action id=__dtolnay_rust-toolchain.__run_9;outcome=success;conclusion=success;duration_ms=21]
2026-10-09T20:45:28.7039708Z ##[start-action display=rustc +1.85.0 --version --verbose;id=__dtolnay_rust-toolchain.__run_10]
2026-10-09T20:45:28.7056736Z ##[group]Run rustc +"$toolchain" --version --verbose
2026-10-09T20:45:28.7057110Z [36;1mrustc +"$toolchain" --version --verbose[0m
2026-10-09T20:45:28.7091394Z shell: /usr/bin/bash --noprofile --norc -e -o pipefail {0}
2026-10-09T20:45:28.7091857Z env:
2026-10-09T20:45:28.7092072Z   CARGO_TERM_COLOR: always
2026-10-09T20:45:28.7092312Z   RUST_BACKTRACE: 1
2026-10-09T20:45:28.7092556Z   CARGO_HOME: /home/runner/.cargo
2026-10-09T20:45:28.7092808Z   CARGO_INCREMENTAL: 0
2026-10-09T20:45:28.7093023Z   toolchain: 1.85.0
2026-10-09T20:45:28.7093228Z ##[endgroup]
2026-10-09T20:45:28.7239338Z rustc 1.85.0 (4d91de4e4 2025-02-17)
2026-10-09T20:45:28.7240330Z binary: rustc
2026-10-09T20:45:28.7240859Z commit-hash: 4d91de4e48198da2e33413efdcd9cd2cc0c46688
2026-10-09T20:45:28.7241439Z commit-date: 2025-02-17
2026-10-09T20:45:28.7241924Z host: x86_64-unknown-linux-gnu
2026-10-09T20:45:28.7242429Z release: 1.85.0
2026-10-09T20:45:28.7242855Z LLVM version: 19.1.7
2026-10-09T20:45:28.7254994Z ##[end-action id=__dtolnay_rust-toolchain.__run_10;outcome=success;conclusion=success;duration_ms=21]
2026-10-09T20:45:28.7362233Z ##[group]Run Swatinem/rust-cache@v2
2026-10-09T20:45:28.7362503Z with:
2026-10-09T20:45:28.7362706Z   prefix-key: v0-rust
2026-10-09T20:45:28.7362955Z   add-job-id-key: true
2026-10-09T20:45:28.7363203Z   add-rust-environment-hash-key: true
2026-10-09T20:45:28.7363474Z   cache-targets: true
2026-10-09T20:45:28.7363702Z   cache-all-crates: false
2026-10-09T20:45:28.7363946Z   cache-workspace-crates: false
2026-10-09T20:45:28.7364202Z   save-if: true
2026-10-09T20:45:28.7364414Z   cache-provider: github
2026-10-09T20:45:28.7364641Z   cache-bin: true
2026-10-09T20:45:28.7364851Z   lookup-only: false
2026-10-09T20:45:28.7365063Z   cmd-format: {0}
2026-10-09T20:45:28.7365260Z env:
2026-10-09T20:45:28.7365760Z   CARGO_TERM_COLOR: always
2026-10-09T20:45:28.7366061Z   RUST_BACKTRACE: 1
2026-10-09T20:45:28.7366283Z   CARGO_HOME: /home/runner/.cargo
2026-10-09T20:45:28.7366532Z   CARGO_INCREMENTAL: 0
2026-10-09T20:45:28.7366745Z ##[endgroup]
2026-10-09T20:45:29.1963540Z ##[group]Cache Configuration
2026-10-09T20:45:29.1963947Z Cache Provider:
2026-10-09T20:45:29.1964207Z     github
2026-10-09T20:45:29.1964499Z Workspaces:
2026-10-09T20:45:29.1964864Z     /home/runner/work/rustwright/rustwright
2026-10-09T20:45:29.1965485Z Cache Paths:
2026-10-09T20:45:29.1965808Z     /home/runner/.cargo/bin
2026-10-09T20:45:29.1966077Z     /home/runner/.cargo/.crates.toml
2026-10-09T20:45:29.1966383Z     /home/runner/.cargo/.crates2.json
2026-10-09T20:45:29.1966686Z     /home/runner/.cargo/registry
2026-10-09T20:45:29.1966939Z     /home/runner/.cargo/git
2026-10-09T20:45:29.1967219Z     /home/runner/work/rustwright/rustwright/target
2026-10-09T20:45:29.1967601Z Restore Key:
2026-10-09T20:45:29.1967859Z     v0-rust-msrv-Linux-x64-7a998008
2026-10-09T20:45:29.1968168Z Cache Key:
2026-10-09T20:45:29.1968483Z     v0-rust-msrv-Linux-x64-7a998008-5e13362d
2026-10-09T20:45:29.1969248Z .. Prefix:
2026-10-09T20:45:29.1969471Z   - v0-rust-msrv-Linux-x64
2026-10-09T20:45:29.1969794Z .. Environment considered:
2026-10-09T20:45:29.1970140Z   - Rust Versions:
2026-10-09T20:45:29.1970617Z     - 1.85.0 x86_64-unknown-linux-gnu 4d91de4e48198da2e33413efdcd9cd2cc0c46688
2026-10-09T20:45:29.1971152Z     - 1.99.0 x86_64-unknown-linux-gnu b940084d7eb6a299eb4bfeb8e34901bc051e7ac4
2026-10-09T20:45:29.1971598Z   - CARGO_HOME
2026-10-09T20:45:29.1971836Z   - CARGO_INCREMENTAL
2026-10-09T20:45:29.1972143Z   - CARGO_TERM_COLOR
2026-10-09T20:45:29.1972354Z   - RUST_BACKTRACE
2026-10-09T20:45:29.1972624Z .. Lockfiles considered:
2026-10-09T20:45:29.1972936Z   - /home/runner/work/rustwright/rustwright/Cargo.lock
2026-10-09T20:45:29.1973496Z   - /home/runner/work/rustwright/rustwright/crates/rustwright-bidi/Cargo.toml
2026-10-09T20:45:29.1974117Z   - /home/runner/work/rustwright/rustwright/crates/rustwright-browser/Cargo.toml
2026-10-09T20:45:29.1974760Z   - /home/runner/work/rustwright/rustwright/crates/rustwright-cdp/Cargo.toml
2026-10-09T20:45:29.1975533Z   - /home/runner/work/rustwright/rustwright/crates/rustwright-common/Cargo.toml
2026-10-09T20:45:29.1976194Z   - /home/runner/work/rustwright/rustwright/crates/rustwright-core/Cargo.toml
2026-10-09T20:45:29.1976885Z   - /home/runner/work/rustwright/rustwright/crates/rustwright-test-macros/Cargo.toml
2026-10-09T20:45:29.1977760Z   - /home/runner/work/rustwright/rustwright/crates/rustwright-test/Cargo.toml
2026-10-09T20:45:29.1978225Z   - /home/runner/work/rustwright/rustwright/crates/rustwright/Cargo.toml
2026-10-09T20:45:29.1978847Z   - /home/runner/work/rustwright/rustwright/docs/ci/results/firefox-network-idle/local/release/consumer/.cargo/config.toml
2026-10-09T20:45:29.1979633Z   - /home/runner/work/rustwright/rustwright/docs/ci/results/remote-20261009/followup-local/consumer/.cargo/config.toml
2026-10-09T20:45:29.1980373Z   - /home/runner/work/rustwright/rustwright/docs/ci/results/required-browser/release/consumer/.cargo/config.toml
2026-10-09T20:45:29.1981074Z   - /home/runner/work/rustwright/rustwright/docs/release/results/local-package/consumer/.cargo/config.toml
2026-10-09T20:45:29.1981769Z   - /home/runner/work/rustwright/rustwright/examples/Cargo.toml
2026-10-09T20:45:29.1982162Z   - /home/runner/work/rustwright/rustwright/tests/Cargo.toml
2026-10-09T20:45:29.1982712Z ##[endgroup]
2026-10-09T20:45:29.1982835Z 
2026-10-09T20:45:29.1982940Z ... Restoring cache ...
2026-10-09T20:45:29.4024642Z Cache hit for: v0-rust-msrv-Linux-x64-7a998008-5e13362d
2026-10-09T20:45:30.6354782Z Received 25165824 of 50956878 (49.4%), 24.0 MBs/sec
2026-10-09T20:45:30.8804564Z Received 50956878 of 50956878 (100.0%), 39.0 MBs/sec
2026-10-09T20:45:30.8804936Z Cache Size: ~49 MB (50956878 B)
2026-10-09T20:45:30.8836857Z [command]/usr/bin/tar -xf /home/runner/work/_temp/2482d249-64e5-4cfb-aec2-cdafe295d3ee/cache.tzst -P -C /home/runner/work/rustwright/rustwright --use-compress-program unzstd
2026-10-09T20:45:31.1320549Z Cache restored successfully
2026-10-09T20:45:31.1341278Z Restored from cache key "v0-rust-msrv-Linux-x64-7a998008-5e13362d" full match: true.
2026-10-09T20:45:31.1423015Z ##[group]Run cargo check --locked --workspace --all-targets
2026-10-09T20:45:31.1423457Z [36;1mcargo check --locked --workspace --all-targets[0m
2026-10-09T20:45:31.1461099Z shell: /usr/bin/bash -e {0}
2026-10-09T20:45:31.1461396Z env:
2026-10-09T20:45:31.1461606Z   CARGO_TERM_COLOR: always
2026-10-09T20:45:31.1461848Z   RUST_BACKTRACE: 1
2026-10-09T20:45:31.1462076Z   CARGO_HOME: /home/runner/.cargo
2026-10-09T20:45:31.1462351Z   CARGO_INCREMENTAL: 0
2026-10-09T20:45:31.1462583Z   CACHE_ON_FAILURE: false
2026-10-09T20:45:31.1462816Z ##[endgroup]
2026-10-09T20:45:31.1975543Z [1m[32m    Updating[0m crates.io index
2026-10-09T20:45:31.4531135Z [1m[32m    Checking[0m rustwright-common v0.1.0 (/home/runner/work/rustwright/rustwright/crates/rustwright-common)
2026-10-09T20:45:31.4532852Z [1m[32m    Checking[0m rustwright-cdp v0.1.0 (/home/runner/work/rustwright/rustwright/crates/rustwright-cdp)
2026-10-09T20:45:31.4535126Z [1m[32m   Compiling[0m rustwright-test-macros v0.1.0 (/home/runner/work/rustwright/rustwright/crates/rustwright-test-macros)
2026-10-09T20:45:32.4269031Z [1m[32m    Checking[0m rustwright-browser v0.1.0 (/home/runner/work/rustwright/rustwright/crates/rustwright-browser)
2026-10-09T20:45:32.6165159Z [1m[32m    Checking[0m rustwright-bidi v0.1.0 (/home/runner/work/rustwright/rustwright/crates/rustwright-bidi)
2026-10-09T20:45:32.6167044Z [1m[32m    Checking[0m rustwright-core v0.1.0 (/home/runner/work/rustwright/rustwright/crates/rustwright-core)
2026-10-09T20:45:34.0223159Z [1m[32m    Checking[0m rustwright v0.1.0 (/home/runner/work/rustwright/rustwright/crates/rustwright)
2026-10-09T20:45:34.1903145Z [1m[32m    Checking[0m rustwright-test v0.1.0 (/home/runner/work/rustwright/rustwright/crates/rustwright-test)
2026-10-09T20:45:34.1938671Z [1m[32m    Checking[0m rustwright-integration-tests v0.1.0 (/home/runner/work/rustwright/rustwright/tests)
2026-10-09T20:45:34.4987568Z [1m[32m    Checking[0m rustwright-examples v0.1.0 (/home/runner/work/rustwright/rustwright/examples)
2026-10-09T20:45:36.4044889Z [1m[32m    Finished[0m `dev` profile [unoptimized + debuginfo] target(s) in 5.24s
2026-10-09T20:45:36.4237014Z Post job cleanup.
2026-10-09T20:45:36.5401198Z Cache up-to-date.
2026-10-09T20:45:36.5536262Z Post job cleanup.
2026-10-09T20:45:36.6426382Z [command]/usr/bin/git version
2026-10-09T20:45:36.6486188Z git version 2.55.0
2026-10-09T20:45:36.6508669Z Temporarily overriding HOME='/home/runner/work/_temp/87e0b7b1-24fc-41a7-a00e-02a3e6baa37e' before making global git config changes
2026-10-09T20:45:36.6509966Z Adding repository directory to the temporary git global config as a safe directory
2026-10-09T20:45:36.6515413Z [command]/usr/bin/git config --global --add safe.directory /home/runner/work/rustwright/rustwright
2026-10-09T20:45:36.6555260Z [command]/usr/bin/git config --local --name-only --get-regexp core\.sshCommand
2026-10-09T20:45:36.6587493Z [command]/usr/bin/git submodule foreach --recursive sh -c "git config --local --name-only --get-regexp 'core\.sshCommand' && git config --local --unset-all 'core.sshCommand' || :"
2026-10-09T20:45:36.6795092Z [command]/usr/bin/git config --local --name-only --get-regexp http\.https\:\/\/github\.com\/\.extraheader
2026-10-09T20:45:36.6821121Z http.https://github.com/.extraheader
2026-10-09T20:45:36.6832609Z [command]/usr/bin/git config --local --unset-all http.https://github.com/.extraheader
2026-10-09T20:45:36.6864500Z [command]/usr/bin/git submodule foreach --recursive sh -c "git config --local --name-only --get-regexp 'http\.https\:\/\/github\.com\/\.extraheader' && git config --local --unset-all 'http.https://github.com/.extraheader' || :"
2026-10-09T20:45:36.7057795Z [command]/usr/bin/git config --local --name-only --get-regexp ^includeIf\.gitdir:
2026-10-09T20:45:36.7092440Z [command]/usr/bin/git submodule foreach --recursive git config --local --show-origin --name-only --get-regexp remote.origin.url
2026-10-09T20:45:36.7441071Z Cleaning up orphan processes
